 BattleSpellsPanel

 Timestamp is 656c4334 (Sun Dec 03 11:58:28 2023)

 Preferred load address is 10000000

 Start         Length     Name                   Class
 0001:00000000 0000a5b4H .text                   CODE
 0001:0000a5c0 00000000H .text$x                 CODE
 0001:0000a5c0 00000000H .text$yd                CODE
 0002:00000000 0000011cH .idata$5                DATA
 0002:0000011c 00000004H .CRT$XCA                DATA
 0002:00000120 00000004H .CRT$XCZ                DATA
 0002:00000124 00000004H .CRT$XIA                DATA
 0002:00000128 00000010H .CRT$XIC                DATA
 0002:00000138 00000004H .CRT$XIZ                DATA
 0002:0000013c 00000004H .CRT$XPA                DATA
 0002:00000140 00000004H .CRT$XPX                DATA
 0002:00000144 00000004H .CRT$XPXA               DATA
 0002:00000148 00000004H .CRT$XPZ                DATA
 0002:0000014c 00000004H .CRT$XTA                DATA
 0002:00000150 00000004H .CRT$XTZ                DATA
 0002:00000160 00001d90H .rdata                  DATA
 0002:00001ef0 00000065H .rdata$debug            DATA
 0002:00001f58 00000000H .rdata$r                DATA
 0002:00001f60 0000000cH .rdata$sxdata           DATA
 0002:00001f6c 00000004H .rtc$IAA                DATA
 0002:00001f70 00000004H .rtc$IZZ                DATA
 0002:00001f74 00000004H .rtc$TAA                DATA
 0002:00001f78 00000004H .rtc$TZZ                DATA
 0002:00001f80 000003b4H .xdata$x                DATA
 0002:00002334 00000028H .idata$2                DATA
 0002:0000235c 00000014H .idata$3                DATA
 0002:00002370 0000011cH .idata$4                DATA
 0002:0000248c 00000500H .idata$6                DATA
 0002:0000298c 00000000H .edata                  DATA
 0003:00000000 00000f5cH .data                   DATA
 0003:00000f60 00002238H .bss                    DATA

  Address         Publics by Value              Rva+Base       Lib:Object

 0000:00000000       __except_list              00000000     <absolute>
 0000:00000003       ___safe_se_handler_count   00000003     <absolute>
 0000:00000000       ___ImageBase               10000000     <linker-defined>
 0001:00000000       ?Create@_DlgStaticDef_@@SAPAU1@HHHPADHHH@Z 10001000 f i BattleSpellsPanel.obj
 0001:00000050       ?b_MsgBox@@YAHPADH@Z       10001050 f i BattleSpellsPanel.obj
 0001:00000090       ?b_MsgBoxD@@YAHPADHHH@Z    10001090 f i BattleSpellsPanel.obj
 0001:000000d0       ?b_YellowFrame_Create@@YAXPAU_Dlg_@@HHHHHHH@Z 100010d0 f i BattleSpellsPanel.obj
 0001:00000150       ?Set_DlgBackground_RK@@YAHPAU_Dlg_@@HH@Z 10001150 f   BattleSpellsPanel.obj
 0001:00000620       ?Dlg_SetBackgroundWithHDFrame@@YAHPAU_Dlg_@@HHHHHPAD@Z 10001620 f   BattleSpellsPanel.obj
 0001:00000770       ?ConnectEra@Era@@YAXXZ     10001770 f   BattleSpellsPanel.obj
 0001:00000aa0       ?Y_MsgBox_ShowSpellDescription@@YIXHHPAU_Hero_@@HH@Z 10001aa0 f   BattleSpellsPanel.obj
 0001:00000b50       ?Y_Dlg_ShowHeroSpells_Proc@@YGHPAV_CustomDlg_@@PAU_DlgMsg_@@@Z 10001b50 f   BattleSpellsPanel.obj
 0001:00000c90       ?Y_Dlg_ShowHeroSpells@@YAHPAU_Hero_@@HH@Z 10001c90 f   BattleSpellsPanel.obj
 0001:00000ed0       ?Y_Battle_Proc_UserActions@@YGHPAVHiHook@@PAU_BattleMgr_@@PAU_DlgMsg_@@@Z 10001ed0 f   BattleSpellsPanel.obj
 0001:000011f0       ?Y_BattleMgr_CreateSpellsMenu@@YGHPAVLoHook@@PAUHookContext@@@Z 100021f0 f   BattleSpellsPanel.obj
 0001:00001410       ?BattleMgr_Dlg_HeroPreviewDlg_OffSet@@YGHPAVLoHook@@PAUHookContext@@@Z 10002410 f   BattleSpellsPanel.obj
 0001:00001450       ?Y_Battle_SpellsMenu_SetShadow@@YGHPAVHiHook@@IHHHH@Z 10002450 f   BattleSpellsPanel.obj
 0001:000014c0       ?OnAfterErmInstructions@@YGXPAUTEvent@Era@@@Z 100024c0 f   BattleSpellsPanel.obj
 0001:000014e0       ?OnSavegameRead@@YGXPAUTEvent@Era@@@Z 100024e0 f   BattleSpellsPanel.obj
 0001:00001520       ?OnSavegameWrite@@YGXPAUTEvent@Era@@@Z 10002520 f   BattleSpellsPanel.obj
 0001:00001560       ?HooksInit@@YGHPAVLoHook@@PAUHookContext@@@Z 10002560 f   BattleSpellsPanel.obj
 0001:00001690       _DllMain@12                10002690 f   BattleSpellsPanel.obj
 0001:00001730       ?RedrawScreen@_DlgItem_@@QAEXXZ 10002730 f   HoMM3_GUI.obj
 0001:00001760       ?DlgProcBridge@_CustomDlg_@@SIHPAV1@IPAU_DlgMsg_@@@Z 10002760 f   HoMM3_GUI.obj
 0001:00001780       ?CreateSimpleFrame@@YAPAU_Pcx8_@@HH@Z 10002780 f   HoMM3_GUI.obj
 0001:00001a10       ?CreateNew@_Pcx8_@@SAPAU1@PADHH@Z 10002a10 f   HoMM3_Res.obj
 0001:00001ad0       ?DrawPcx8@_Pcx8_@@QAEXPAU1@HH@Z 10002ad0 f   HoMM3_Res.obj
 0001:00001bdd       @__security_check_cookie@4 10002bdd f   LIBCMT:secchk.obj
 0001:00001bec       _sprintf                   10002bec f   LIBCMT:sprintf.obj
 0001:00001c69       _free                      10002c69 f   LIBCMT:free.obj
 0001:00001cf7       __CRT_INIT@12              10002cf7 f   LIBCMT:dllcrt0.obj
 0001:00001f22       __DllMainCRTStartup@12     10002f22 f   LIBCMT:dllcrt0.obj
 0001:00001f50       _strlen                    10002f50 f   LIBCMT:strlen.obj
 0001:00001fdb       ?_CallMemberFunction0@@YGXPAX0@Z 10002fdb f   LIBCMT:_trnsctrl_.obj
 0001:00001fe2       ___report_gsfailure        10002fe2 f   LIBCMT:gs_report.obj
 0001:000020f0       _memmove                   100030f0 f   LIBCMT:memmove.obj
 0001:00002455       __initp_misc_invarg        10003455 f   LIBCMT:invarg.obj
 0001:00002464       __invoke_watson            10003464 f   LIBCMT:invarg.obj
 0001:0000258c       __invalid_parameter        1000358c f   LIBCMT:invarg.obj
 0001:000025b2       __get_errno_from_oserr     100035b2 f   LIBCMT:dosmap.obj
 0001:000025f4       __errno                    100035f4 f   LIBCMT:dosmap.obj
 0001:00002607       ___doserrno                10003607 f   LIBCMT:dosmap.obj
 0001:0000261a       __dosmaperr                1000361a f   LIBCMT:dosmap.obj
 0001:0000263d       __flsbuf                   1000363d f   LIBCMT:_flsbuf.obj
 0001:000027a1       ??0_LocaleUpdate@@QAE@PAUlocaleinfo_struct@@@Z 100037a1 f i LIBCMT:output.obj
 0001:000028ce       __output_l                 100038ce f   LIBCMT:output.obj
 0001:00003466       _strcpy_s                  10004466 f   LIBCMT:strcpy_s.obj
 0001:000034ce       _V6_HeapAlloc              100044ce f   LIBCMT:malloc.obj
 0001:0000351d       _malloc                    1000451d f   LIBCMT:malloc.obj
 0001:000035e7       __heap_init                100045e7 f   LIBCMT:heapinit.obj
 0001:00003617       __heap_term                10004617 f   LIBCMT:heapinit.obj
 0001:0000368b       __mtinitlocks              1000468b f   LIBCMT:mlock.obj
 0001:000036d6       __mtdeletelocks            100046d6 f   LIBCMT:mlock.obj
 0001:0000372d       __unlock                   1000472d f   LIBCMT:mlock.obj
 0001:00003744       __mtinitlocknum            10004744 f   LIBCMT:mlock.obj
 0001:00003807       __lock                     10004807 f   LIBCMT:mlock.obj
 0001:0000383a       ___sbh_find_block          1000483a f   LIBCMT:sbheap.obj
 0001:0000386a       ___sbh_free_block          1000486a f   LIBCMT:sbheap.obj
 0001:00003b80       ___sbh_alloc_new_region    10004b80 f   LIBCMT:sbheap.obj
 0001:00003c30       ___sbh_alloc_new_group     10004c30 f   LIBCMT:sbheap.obj
 0001:00003d38       ___sbh_resize_block        10004d38 f   LIBCMT:sbheap.obj
 0001:00004019       ___sbh_alloc_block         10005019 f   LIBCMT:sbheap.obj
 0001:00004300       __SEH_prolog4              10005300 f   LIBCMT:sehprolg4.obj
 0001:00004345       __SEH_epilog4              10005345 f   LIBCMT:sehprolg4.obj
 0001:00004360       __except_handler4          10005360 f   LIBCMT:chandler4.obj
 0001:000044f0       _memset                    100054f0 f   LIBCMT:memset.obj
 0001:00004570       _memcpy                    10005570 f   LIBCMT:memcpy.obj
 0001:000048e0       _strcmp                    100058e0 f   LIBCMT:strcmp.obj
 0001:00004a22       ___onexitinit              10005a22 f   LIBCMT:onexit.obj
 0001:00004a53       __onexit                   10005a53 f   LIBCMT:onexit.obj
 0001:00004a8f       _atexit                    10005a8f f   LIBCMT:onexit.obj
 0001:00004aa6       __initp_heap_handler       10005aa6 f   LIBCMT:handler.obj
 0001:00004ab5       __callnewh                 10005ab5 f   LIBCMT:handler.obj
 0001:00004add       __encode_pointer           10005add f   LIBCMT:tidtable.obj
 0001:00004b4f       __encoded_null             10005b4f f   LIBCMT:tidtable.obj
 0001:00004b58       __decode_pointer           10005b58 f   LIBCMT:tidtable.obj
 0001:00004bca       ___crtTlsAlloc@4           10005bca f   LIBCMT:tidtable.obj
 0001:00004bd3       ___set_flsgetvalue         10005bd3 f   LIBCMT:tidtable.obj
 0001:00004c07       __mtterm                   10005c07 f   LIBCMT:tidtable.obj
 0001:00004c44       __initptd                  10005c44 f   LIBCMT:tidtable.obj
 0001:00004d2b       __getptd_noexit            10005d2b f   LIBCMT:tidtable.obj
 0001:00004da4       __getptd                   10005da4 f   LIBCMT:tidtable.obj
 0001:00004dbe       __freefls@4                10005dbe f   LIBCMT:tidtable.obj
 0001:00004eed       __freeptd                  10005eed f   LIBCMT:tidtable.obj
 0001:00004f5c       __mtinit                   10005f5c f   LIBCMT:tidtable.obj
 0001:000050e9       __malloc_crt               100060e9 f   LIBCMT:crtheap.obj
 0001:0000512e       __calloc_crt               1000612e f   LIBCMT:crtheap.obj
 0001:0000517a       __realloc_crt              1000617a f   LIBCMT:crtheap.obj
 0001:000051c8       __crt_waiting_on_module_handle 100061c8 f   LIBCMT:crt0dat.obj
 0001:000051f8       __amsg_exit                100061f8 f   LIBCMT:crt0dat.obj
 0001:00005221       ___crtCorExitProcess       10006221 f   LIBCMT:crt0dat.obj
 0001:0000524c       ___crtExitProcess          1000624c f   LIBCMT:crt0dat.obj
 0001:00005264       __lockexit                 10006264 f   LIBCMT:crt0dat.obj
 0001:0000526d       __unlockexit               1000626d f   LIBCMT:crt0dat.obj
 0001:00005293       __initterm_e               10006293 f   LIBCMT:crt0dat.obj
 0001:000052b7       __cinit                    100062b7 f   LIBCMT:crt0dat.obj
 0001:00005468       __exit                     10006468 f   LIBCMT:crt0dat.obj
 0001:0000547e       __cexit                    1000647e f   LIBCMT:crt0dat.obj
 0001:0000548d       __init_pointers            1000648d f   LIBCMT:crt0dat.obj
 0001:000054db       __ioinit                   100064db f   LIBCMT:ioinit.obj
 0001:0000572f       __ioterm                   1000672f f   LIBCMT:ioinit.obj
 0001:0000577d       __setenvp                  1000677d f   LIBCMT:stdenvp.obj
 0001:000059f5       __setargv                  100069f5 f   LIBCMT:stdargv.obj
 0001:00005ab0       ___crtGetEnvironmentStringsA 10006ab0 f   LIBCMT:a_env.obj
 0001:00005be7       __RTC_Initialize           10006be7 f   LIBCMT:_initsect_.obj
 0001:00005c0d       __RTC_Terminate            10006c0d f   LIBCMT:_initsect_.obj
 0001:00005c33       __initp_misc_winxfltr      10006c33 f   LIBCMT:winxfltr.obj
 0001:00005c34       __XcptFilter               10006c34 f   LIBCMT:winxfltr.obj
 0001:00005d94       ___CppXcptFilter           10006d94 f   LIBCMT:winxfltr.obj
 0001:00005db4       ___security_init_cookie    10006db4 f   LIBCMT:gs_support.obj
 0001:00005e4a       ___DestructExceptionObject 10006e4a f   LIBCMT:frame.obj
 0001:00005e9f       ?terminate@@YAXXZ          10006e9f f   LIBCMT:hooks.obj
 0001:00005ed8       __initp_eh_hooks           10006ed8 f   LIBCMT:hooks.obj
 0001:00005ef0       __CallSettingFrame@12      10006ef0 f   LIBCMT:lowhelpr.obj
 0001:00005f17       __NLG_Return               10006f17     LIBCMT:lowhelpr.obj
 0001:00005f3c       __crt_debugger_hook        10006f3c f   LIBCMT:dbghook.obj
 0001:00005fcb       __VEC_memcpy               10006fcb f   LIBCMT:p4_memcpy.obj
 0001:000060fe       __get_sse2_info            100070fe f   LIBCMT:cpu_disp.obj
 0001:00006160       ___sse2_available_init     10007160 f   LIBCMT:cpu_disp.obj
 0001:0000616d       __lseeki64_nolock          1000716d f   LIBCMT:lseeki64.obj
 0001:000061f2       __lseeki64                 100071f2 f   LIBCMT:lseeki64.obj
 0001:0000630b       __write_nolock             1000730b f   LIBCMT:write.obj
 0001:00006a3e       __write                    10007a3e f   LIBCMT:write.obj
 0001:00006b1a       __getbuf                   10007b1a f   LIBCMT:_getbuf.obj
 0001:00006b63       __isatty                   10007b63 f   LIBCMT:isatty.obj
 0001:00006bc7       ___iob_func                10007bc7 f   LIBCMT:_file.obj
 0001:00006bcd       ___initstdio               10007bcd f   LIBCMT:_file.obj
 0001:00006c7e       ___endstdio                10007c7e f   LIBCMT:_file.obj
 0001:00006c9e       __lock_file                10007c9e f   LIBCMT:_file.obj
 0001:00006cdf       __lock_file2               10007cdf f   LIBCMT:_file.obj
 0001:00006d11       __unlock_file              10007d11 f   LIBCMT:_file.obj
 0001:00006d4d       __unlock_file2             10007d4d f   LIBCMT:_file.obj
 0001:00006d7c       __fileno                   10007d7c f   LIBCMT:fileno.obj
 0001:00006fd4       ___updatetmbcinfo          10007fd4 f   LIBCMT:mbctype.obj
 0001:000070f4       __setmbcp_nolock           100080f4 f   LIBCMT:mbctype.obj
 0001:000072d9       __setmbcp                  100082d9 f   LIBCMT:mbctype.obj
 0001:00007473       ___initmbctable            10008473 f   LIBCMT:mbctype.obj
 0001:00007491       ___freetlocinfo            10008491 f   LIBCMT:setlocal.obj
 0001:000075da       ___addlocaleref            100085da f   LIBCMT:setlocal.obj
 0001:00007669       ___removelocaleref         10008669 f   LIBCMT:setlocal.obj
 0001:00007740       ___updatetlocinfo          10008740 f   LIBCMT:setlocal.obj
 0001:000077b6       __initp_misc_cfltcvt_tab   100087b6 f   LIBCMT:cmiscdat.obj
 0001:000077d7       __get_printf_count_output  100087d7 f   LIBCMT:printf.obj
 0001:000077ed       __wctomb_s_l               100087ed f   LIBCMT:wctomb.obj
 0001:00007959       _wctomb_s                  10008959 f   LIBCMT:wctomb.obj
 0001:00007976       __isleadbyte_l             10008976 f i LIBCMT:_wctype.obj
 0001:000079ae       _isleadbyte                100089ae f i LIBCMT:_wctype.obj
 0001:000079d0       __aulldvrm                 100089d0 f   LIBCMT:ulldvrm.obj
 0001:00007a65       __NMSG_WRITE               10008a65 f   LIBCMT:crt0msg.obj
 0001:00007c10       __FF_MSGBANNER             10008c10 f   LIBCMT:crt0msg.obj
 0001:00007c49       __initp_misc_initcrit      10008c49 f   LIBCMT:initcrit.obj
 0001:00007c58       ___crtInitCritSecAndSpinCount 10008c58 f   LIBCMT:initcrit.obj
 0001:00007cb8       __local_unwind4            10008cb8 f   LIBCMT:exsup4.obj
 0001:00007d8e       __seh_longjmp_unwind4@4    10008d8e f   LIBCMT:exsup4.obj
 0001:00007daa       @_EH4_CallFilterFunc@8     10008daa f   LIBCMT:exsup4.obj
 0001:00007dc1       @_EH4_TransferToHandler@8  10008dc1 f   LIBCMT:exsup4.obj
 0001:00007dda       @_EH4_GlobalUnwind@4       10008dda f   LIBCMT:exsup4.obj
 0001:00007df4       @_EH4_LocalUnwind@16       10008df4 f   LIBCMT:exsup4.obj
 0001:00007e10       __ValidateImageBase        10008e10 f   LIBCMT:pesect.obj
 0001:00007e50       __FindPESection            10008e50 f   LIBCMT:pesect.obj
 0001:00007ea0       __IsNonwritableInCurrentImage 10008ea0 f   LIBCMT:pesect.obj
 0001:00007fb4       __VEC_memzero              10008fb4 f   LIBCMT:p4_memset.obj
 0001:00008043       __msize                    10009043 f   LIBCMT:msize.obj
 0001:000080e6       __calloc_impl              100090e6 f   LIBCMT:calloc_impl.obj
 0001:00008204       _realloc                   10009204 f   LIBCMT:realloc.obj
 0001:0000841f       __initp_misc_winsig        1000941f f   LIBCMT:winsig.obj
 0001:00008474       ___get_sigabrt             10009474 f   LIBCMT:winsig.obj
 0001:00008481       _raise                     10009481 f   LIBCMT:winsig.obj
 0001:00008631       __initp_misc_rand_s        10009631 f   LIBCMT:rand_s.obj
 0001:00008640       __initp_misc_purevirt      10009640 f   LIBCMT:inithelp.obj
 0001:000086a2       __ismbblead                100096a2 f   LIBCMT:ismbbyte.obj
 0001:000086ba       _abort                     100096ba f   LIBCMT:abort.obj
 0001:000087d4       __global_unwind2           100097d4 f   LIBCMT:exsup.obj
 0001:00008839       __local_unwind2            10009839 f   LIBCMT:exsup.obj
 0001:000088bd       __abnormal_termination     100098bd f   LIBCMT:exsup.obj
 0001:000088e0       __NLG_Notify1              100098e0 f   LIBCMT:exsup.obj
 0001:000088e9       __NLG_Notify               100098e9 f   LIBCMT:exsup.obj
 0001:00008900       __NLG_Dispatch             10009900     LIBCMT:exsup.obj
 0001:00008900       __NLG_Dispatch2            10009900     LIBCMT:exsup.obj
 0001:00008908       __NLG_Call                 10009908 f   LIBCMT:exsup.obj
 0001:0000890a       __NLG_Return2              1000990a     LIBCMT:exsup.obj
 0001:0000890b       __free_osfhnd              1000990b f   LIBCMT:osfinfo.obj
 0001:00008991       __get_osfhandle            10009991 f   LIBCMT:osfinfo.obj
 0001:00008a08       ___lock_fhandle            10009a08 f   LIBCMT:osfinfo.obj
 0001:00008aa8       __unlock_fhandle           10009aa8 f   LIBCMT:osfinfo.obj
 0001:00008acf       __putwch_nolock            10009acf f   LIBCMT:putwch.obj
 0001:00008b94       __mbtowc_l                 10009b94 f   LIBCMT:mbtowc.obj
 0001:00008cab       _mbtowc                    10009cab f   LIBCMT:mbtowc.obj
 0001:00008cd0       __chkstk                   10009cd0 f   LIBCMT:chkstk.obj
 0001:00008cd0       __alloca_probe             10009cd0     LIBCMT:chkstk.obj
 0001:00008cfb       __fcloseall                10009cfb f   LIBCMT:closeall.obj
 0001:00008d9a       __flush                    10009d9a f   LIBCMT:fflush.obj
 0001:00008e02       __fflush_nolock            10009e02 f   LIBCMT:fflush.obj
 0001:00008f24       __flushall                 10009f24 f   LIBCMT:fflush.obj
 0001:00008f2d       __freea                    10009f2d f i LIBCMT:a_map.obj
 0001:000092f4       ___crtLCMapStringA         1000a2f4 f   LIBCMT:a_map.obj
 0001:000094f3       ___crtGetStringTypeA       1000a4f3 f   LIBCMT:a_str.obj
 0001:00009535       ___free_lc_time            1000a535 f   LIBCMT:inittime.obj
 0001:000096ca       ___free_lconv_num          1000a6ca f   LIBCMT:initnum.obj
 0001:0000970f       ___free_lconv_mon          1000a70f f   LIBCMT:initmon.obj
 0001:0000979d       _strcat_s                  1000a79d f   LIBCMT:strcat_s.obj
 0001:00009820       _strcspn                   1000a820 f   LIBCMT:strcspn.obj
 0001:00009866       _strncpy_s                 1000a866 f   LIBCMT:strncpy_s.obj
 0001:00009920       _strpbrk                   1000a920 f   LIBCMT:strpbrk.obj
 0001:00009960       __fptrap                   1000a960 f   LIBCMT:crt0fp.obj
 0001:00009b98       _strtol                    1000ab98 f   LIBCMT:strtol.obj
 0001:00009bc3       ___crtMessageBoxA          1000abc3 f   LIBCMT:crtmbox.obj
 0001:00009d2c       __set_error_mode           1000ad2c f   LIBCMT:errmode.obj
 0001:00009d80       __allmul                   1000ad80 f   LIBCMT:llmul.obj
 0001:00009db4       _atol                      1000adb4 f   LIBCMT:atox.obj
 0001:00009dca       ___initconout              1000adca f   LIBCMT:initcon.obj
 0001:00009de9       ___termcon                 1000ade9 f   LIBCMT:initcon.obj
 0001:00009e16       __fclose_nolock            1000ae16 f   LIBCMT:fclose.obj
 0001:00009e8d       _fclose                    1000ae8d f   LIBCMT:fclose.obj
 0001:00009f09       __commit                   1000af09 f   LIBCMT:commit.obj
 0001:00009fea       ___ansicp                  1000afea f   LIBCMT:convrtcp.obj
 0001:0000a033       ___convertcp               1000b033 f   LIBCMT:convrtcp.obj
 0001:0000a1f0       __alloca_probe_16          1000b1f0 f   LIBCMT:alloca16.obj
 0001:0000a206       __alloca_probe_8           1000b206     LIBCMT:alloca16.obj
 0001:0000a21c       __isctype_l                1000b21c f   LIBCMT:isctype.obj
 0001:0000a2d4       __close_nolock             1000b2d4 f   LIBCMT:close.obj
 0001:0000a370       __close                    1000b370 f   LIBCMT:close.obj
 0001:0000a43d       __freebuf                  1000b43d f   LIBCMT:_freebuf.obj
 0001:0000a470       ___ascii_strnicmp          1000b470 f   LIBCMT:_strnicm.obj
 0001:0000a4f0       _strchr                    1000b4f0 f   LIBCMT:strchr.obj
 0001:0000a4f6       ___from_strstr_to_strchr   1000b4f6     LIBCMT:strchr.obj
 0001:0000a5ae       _RtlUnwind@16              1000b5ae f   kernel32:KERNEL32.dll
 0002:00000000       __imp__GetProcAddress@8    1000c000     kernel32:KERNEL32.dll
 0002:00000004       __imp__LoadLibraryA@4      1000c004     kernel32:KERNEL32.dll
 0002:00000008       __imp__CreateFileA@28      1000c008     kernel32:KERNEL32.dll
 0002:0000000c       __imp__SetFilePointer@16   1000c00c     kernel32:KERNEL32.dll
 0002:00000010       __imp__CloseHandle@4       1000c010     kernel32:KERNEL32.dll
 0002:00000014       __imp__GetLastError@0      1000c014     kernel32:KERNEL32.dll
 0002:00000018       __imp__HeapFree@12         1000c018     kernel32:KERNEL32.dll
 0002:0000001c       __imp__GetCurrentThreadId@0 1000c01c     kernel32:KERNEL32.dll
 0002:00000020       __imp__GetCommandLineA@0   1000c020     kernel32:KERNEL32.dll
 0002:00000024       __imp__RtlUnwind@16        1000c024     kernel32:KERNEL32.dll
 0002:00000028       __imp__TerminateProcess@8  1000c028     kernel32:KERNEL32.dll
 0002:0000002c       __imp__GetCurrentProcess@0 1000c02c     kernel32:KERNEL32.dll
 0002:00000030       __imp__UnhandledExceptionFilter@4 1000c030     kernel32:KERNEL32.dll
 0002:00000034       __imp__SetUnhandledExceptionFilter@4 1000c034     kernel32:KERNEL32.dll
 0002:00000038       __imp__IsDebuggerPresent@0 1000c038     kernel32:KERNEL32.dll
 0002:0000003c       __imp__HeapAlloc@12        1000c03c     kernel32:KERNEL32.dll
 0002:00000040       __imp__HeapCreate@12       1000c040     kernel32:KERNEL32.dll
 0002:00000044       __imp__HeapDestroy@4       1000c044     kernel32:KERNEL32.dll
 0002:00000048       __imp__VirtualFree@12      1000c048     kernel32:KERNEL32.dll
 0002:0000004c       __imp__DeleteCriticalSection@4 1000c04c     kernel32:KERNEL32.dll
 0002:00000050       __imp__LeaveCriticalSection@4 1000c050     kernel32:KERNEL32.dll
 0002:00000054       __imp__EnterCriticalSection@4 1000c054     kernel32:KERNEL32.dll
 0002:00000058       __imp__VirtualAlloc@16     1000c058     kernel32:KERNEL32.dll
 0002:0000005c       __imp__HeapReAlloc@16      1000c05c     kernel32:KERNEL32.dll
 0002:00000060       __imp__GetModuleHandleW@4  1000c060     kernel32:KERNEL32.dll
 0002:00000064       __imp__TlsGetValue@4       1000c064     kernel32:KERNEL32.dll
 0002:00000068       __imp__TlsAlloc@0          1000c068     kernel32:KERNEL32.dll
 0002:0000006c       __imp__TlsSetValue@8       1000c06c     kernel32:KERNEL32.dll
 0002:00000070       __imp__TlsFree@4           1000c070     kernel32:KERNEL32.dll
 0002:00000074       __imp__InterlockedIncrement@4 1000c074     kernel32:KERNEL32.dll
 0002:00000078       __imp__SetLastError@4      1000c078     kernel32:KERNEL32.dll
 0002:0000007c       __imp__InterlockedDecrement@4 1000c07c     kernel32:KERNEL32.dll
 0002:00000080       __imp__Sleep@4             1000c080     kernel32:KERNEL32.dll
 0002:00000084       __imp__ExitProcess@4       1000c084     kernel32:KERNEL32.dll
 0002:00000088       __imp__SetHandleCount@4    1000c088     kernel32:KERNEL32.dll
 0002:0000008c       __imp__GetStdHandle@4      1000c08c     kernel32:KERNEL32.dll
 0002:00000090       __imp__GetFileType@4       1000c090     kernel32:KERNEL32.dll
 0002:00000094       __imp__GetStartupInfoA@4   1000c094     kernel32:KERNEL32.dll
 0002:00000098       __imp__GetModuleFileNameA@12 1000c098     kernel32:KERNEL32.dll
 0002:0000009c       __imp__FreeEnvironmentStringsA@4 1000c09c     kernel32:KERNEL32.dll
 0002:000000a0       __imp__GetEnvironmentStrings@0 1000c0a0     kernel32:KERNEL32.dll
 0002:000000a4       __imp__FreeEnvironmentStringsW@4 1000c0a4     kernel32:KERNEL32.dll
 0002:000000a8       __imp__WideCharToMultiByte@32 1000c0a8     kernel32:KERNEL32.dll
 0002:000000ac       __imp__GetEnvironmentStringsW@0 1000c0ac     kernel32:KERNEL32.dll
 0002:000000b0       __imp__QueryPerformanceCounter@4 1000c0b0     kernel32:KERNEL32.dll
 0002:000000b4       __imp__GetTickCount@0      1000c0b4     kernel32:KERNEL32.dll
 0002:000000b8       __imp__GetCurrentProcessId@0 1000c0b8     kernel32:KERNEL32.dll
 0002:000000bc       __imp__GetSystemTimeAsFileTime@4 1000c0bc     kernel32:KERNEL32.dll
 0002:000000c0       __imp__WriteFile@20        1000c0c0     kernel32:KERNEL32.dll
 0002:000000c4       __imp__GetConsoleCP@0      1000c0c4     kernel32:KERNEL32.dll
 0002:000000c8       __imp__GetConsoleMode@8    1000c0c8     kernel32:KERNEL32.dll
 0002:000000cc       __imp__GetCPInfo@8         1000c0cc     kernel32:KERNEL32.dll
 0002:000000d0       __imp__GetACP@0            1000c0d0     kernel32:KERNEL32.dll
 0002:000000d4       __imp__GetOEMCP@0          1000c0d4     kernel32:KERNEL32.dll
 0002:000000d8       __imp__IsValidCodePage@4   1000c0d8     kernel32:KERNEL32.dll
 0002:000000dc       __imp__InitializeCriticalSectionAndSpinCount@8 1000c0dc     kernel32:KERNEL32.dll
 0002:000000e0       __imp__HeapSize@12         1000c0e0     kernel32:KERNEL32.dll
 0002:000000e4       __imp__SetStdHandle@8      1000c0e4     kernel32:KERNEL32.dll
 0002:000000e8       __imp__WriteConsoleA@20    1000c0e8     kernel32:KERNEL32.dll
 0002:000000ec       __imp__GetConsoleOutputCP@0 1000c0ec     kernel32:KERNEL32.dll
 0002:000000f0       __imp__WriteConsoleW@20    1000c0f0     kernel32:KERNEL32.dll
 0002:000000f4       __imp__MultiByteToWideChar@24 1000c0f4     kernel32:KERNEL32.dll
 0002:000000f8       __imp__LCMapStringA@24     1000c0f8     kernel32:KERNEL32.dll
 0002:000000fc       __imp__LCMapStringW@24     1000c0fc     kernel32:KERNEL32.dll
 0002:00000100       __imp__GetStringTypeA@20   1000c100     kernel32:KERNEL32.dll
 0002:00000104       __imp__GetStringTypeW@16   1000c104     kernel32:KERNEL32.dll
 0002:00000108       __imp__GetLocaleInfoA@16   1000c108     kernel32:KERNEL32.dll
 0002:0000010c       __imp__FlushFileBuffers@4  1000c10c     kernel32:KERNEL32.dll
 0002:00000110       \177KERNEL32_NULL_THUNK_DATA 1000c110     kernel32:KERNEL32.dll
 0002:00000114       __imp__GetKeyState@4       1000c114     user32:USER32.dll
 0002:00000118       \177USER32_NULL_THUNK_DATA 1000c118     user32:USER32.dll
 0002:0000011c       ___xc_a                    1000c11c     LIBCMT:crt0init.obj
 0002:00000120       ___xc_z                    1000c120     LIBCMT:crt0init.obj
 0002:00000124       ___xi_a                    1000c124     LIBCMT:crt0init.obj
 0002:00000138       ___xi_z                    1000c138     LIBCMT:crt0init.obj
 0002:0000013c       ___xp_a                    1000c13c     LIBCMT:crt0init.obj
 0002:00000148       ___xp_z                    1000c148     LIBCMT:crt0init.obj
 0002:0000014c       ___xt_a                    1000c14c     LIBCMT:crt0init.obj
 0002:00000150       ___xt_z                    1000c150     LIBCMT:crt0init.obj
 0002:0000017c       __pDefaultRawDllMain       1000c17c     LIBCMT:dllcrt0.obj
 0002:0000017c       __pRawDllMain              1000c17c     LIBCMT:dllcrt0.obj
 0002:00000188       ??_C@_1O@CEDCILHN@?$AA?$CI?$AAn?$AAu?$AAl?$AAl?$AA?$CJ?$AA?$AA@ 1000c188     LIBCMT:output.obj
 0002:00000198       ??_C@_06OJHGLDPL@?$CInull?$CJ?$AA@ 1000c198     LIBCMT:output.obj
 0002:000001a0       ___lookuptable             1000c1a0     LIBCMT:output.obj
 0002:000001fc       ??_C@_0O@NLDKAIKN@EncodePointer?$AA@ 1000c1fc     LIBCMT:tidtable.obj
 0002:0000020c       ??_C@_1BK@DBDEIDLH@?$AAK?$AAE?$AAR?$AAN?$AAE?$AAL?$AA3?$AA2?$AA?4?$AAD?$AAL?$AAL?$AA?$AA@ 1000c20c     LIBCMT:tidtable.obj
 0002:00000228       ??_C@_0O@KBPMFGHI@DecodePointer?$AA@ 1000c228     LIBCMT:tidtable.obj
 0002:00000238       ??_C@_07PEJMOBNF@FlsFree?$AA@ 1000c238     LIBCMT:tidtable.obj
 0002:00000240       ??_C@_0M@JCPCPOEF@FlsSetValue?$AA@ 1000c240     LIBCMT:tidtable.obj
 0002:0000024c       ??_C@_0M@GDNOONDI@FlsGetValue?$AA@ 1000c24c     LIBCMT:tidtable.obj
 0002:00000258       ??_C@_08KNHFBNJ@FlsAlloc?$AA@ 1000c258     LIBCMT:tidtable.obj
 0002:00000264       ??_C@_0P@MIGLKIOC@CorExitProcess?$AA@ 1000c264     LIBCMT:crt0dat.obj
 0002:00000274       ??_C@_1BI@BGOHAHKC@?$AAm?$AAs?$AAc?$AAo?$AAr?$AAe?$AAe?$AA?4?$AAd?$AAl?$AAl?$AA?$AA@ 1000c274     LIBCMT:crt0dat.obj
 0002:00000290       __XcptActTab               1000c290     LIBCMT:winxfltr.obj
 0002:00000308       __pDestructExceptionObject 1000c308     LIBCMT:frame.obj
 0002:00000390       ??_C@_01NEMOKFLO@?$DN?$AA@ 1000c390     LIBCMT:setlocal.obj
 0002:00000398       ___lookuptable_s           1000c398     LIBCMT:outputs.obj
 0002:000003f4       ??_C@_0P@GGKDKEEG@runtime?5error?5?$AA@ 1000c3f4     LIBCMT:crt0msg.obj
 0002:00000404       ??_C@_02PCIJFNDE@?$AN?6?$AA@ 1000c404     LIBCMT:crt0msg.obj
 0002:00000408       ??_C@_0O@MJNIPGOH@TLOSS?5error?$AN?6?$AA@ 1000c408     LIBCMT:crt0msg.obj
 0002:00000418       ??_C@_0N@BONNPDHF@SING?5error?$AN?6?$AA@ 1000c418     LIBCMT:crt0msg.obj
 0002:00000428       ??_C@_0P@MBDAJNE@DOMAIN?5error?$AN?6?$AA@ 1000c428     LIBCMT:crt0msg.obj
 0002:00000438       ??_C@_0JL@DFDOOABL@R6034?$AN?6An?5application?5has?5made?5a@ 1000c438     LIBCMT:crt0msg.obj
 0002:000004d8       ??_C@_0PH@EPAFIJ@R6033?$AN?6?9?5Attempt?5to?5use?5MSIL?5cod@ 1000c4d8     LIBCMT:crt0msg.obj
 0002:000005d0       ??_C@_0DD@BKEEABMM@R6032?$AN?6?9?5not?5enough?5space?5for?5lo@ 1000c5d0     LIBCMT:crt0msg.obj
 0002:00000608       ??_C@_0GD@OFKILIED@R6031?$AN?6?9?5Attempt?5to?5initialize?5t@ 1000c608     LIBCMT:crt0msg.obj
 0002:0000066c       ??_C@_0BP@LPMHJOKI@R6030?$AN?6?9?5CRT?5not?5initialized?$AN?6?$AA@ 1000c66c     LIBCMT:crt0msg.obj
 0002:0000068c       ??_C@_0CF@KJDAIALP@R6028?$AN?6?9?5unable?5to?5initialize?5he@ 1000c68c     LIBCMT:crt0msg.obj
 0002:000006b4       ??_C@_0DF@GAKBPDFP@R6027?$AN?6?9?5not?5enough?5space?5for?5lo@ 1000c6b4     LIBCMT:crt0msg.obj
 0002:000006ec       ??_C@_0DF@IBLNNAIG@R6026?$AN?6?9?5not?5enough?5space?5for?5st@ 1000c6ec     LIBCMT:crt0msg.obj
 0002:00000724       ??_C@_0CG@IOHKGFNJ@R6025?$AN?6?9?5pure?5virtual?5function?5c@ 1000c724     LIBCMT:crt0msg.obj
 0002:0000074c       ??_C@_0DF@JIJJFJDC@R6024?$AN?6?9?5not?5enough?5space?5for?5_o@ 1000c74c     LIBCMT:crt0msg.obj
 0002:00000784       ??_C@_0CJ@EGEJHFME@R6019?$AN?6?9?5unable?5to?5open?5console?5@ 1000c784     LIBCMT:crt0msg.obj
 0002:000007b0       ??_C@_0CB@GNHNIELH@R6018?$AN?6?9?5unexpected?5heap?5error?$AN?6@ 1000c7b0     LIBCMT:crt0msg.obj
 0002:000007d4       ??_C@_0CN@FOLDKNG@R6017?$AN?6?9?5unexpected?5multithread?5@ 1000c7d4     LIBCMT:crt0msg.obj
 0002:00000804       ??_C@_0CM@FAHFJNHO@R6016?$AN?6?9?5not?5enough?5space?5for?5th@ 1000c804     LIBCMT:crt0msg.obj
 0002:00000830       ??_C@_0JG@LBKMGKLD@?$AN?6This?5application?5has?5requested@ 1000c830     LIBCMT:crt0msg.obj
 0002:000008c8       ??_C@_0CM@FLCNIPKK@R6009?$AN?6?9?5not?5enough?5space?5for?5en@ 1000c8c8     LIBCMT:crt0msg.obj
 0002:000008f4       ??_C@_0CK@KMMJOAPP@R6008?$AN?6?9?5not?5enough?5space?5for?5ar@ 1000c8f4     LIBCMT:crt0msg.obj
 0002:00000920       ??_C@_0CN@LEKKICBM@R6002?$AN?6?9?5floating?5point?5support?5@ 1000c920     LIBCMT:crt0msg.obj
 0002:00000950       ??_C@_0CF@GOGNBNAK@Microsoft?5Visual?5C?$CL?$CL?5Runtime?5Lib@ 1000c950     LIBCMT:crt0msg.obj
 0002:00000978       ??_C@_02PHMGELLB@?6?6?$AA@ 1000c978     LIBCMT:crt0msg.obj
 0002:0000097c       ??_C@_03KHICJKCI@?4?4?4?$AA@ 1000c97c     LIBCMT:crt0msg.obj
 0002:00000980       ??_C@_0BH@DNAGHKFM@?$DMprogram?5name?5unknown?$DO?$AA@ 1000c980     LIBCMT:crt0msg.obj
 0002:00000998       ??_C@_0BK@OFGJDLJJ@Runtime?5Error?$CB?6?6Program?3?5?$AA@ 1000c998     LIBCMT:crt0msg.obj
 0002:000009b4       ??_C@_0BK@CFCOFLF@?5Complete?5Object?5Locator?8?$AA@ 1000c9b4     LIBCMT:undname.obj
 0002:000009d0       ??_C@_0BN@MECKDCOJ@?5Class?5Hierarchy?5Descriptor?8?$AA@ 1000c9d0     LIBCMT:undname.obj
 0002:000009f0       ??_C@_0BD@LGICGFMM@?5Base?5Class?5Array?8?$AA@ 1000c9f0     LIBCMT:undname.obj
 0002:00000a04       ??_C@_0BM@LDKODKLH@?5Base?5Class?5Descriptor?5at?5?$CI?$AA@ 1000ca04     LIBCMT:undname.obj
 0002:00000a20       ??_C@_0BC@DAFEJGAK@?5Type?5Descriptor?8?$AA@ 1000ca20     LIBCMT:undname.obj
 0002:00000a34       ??_C@_0BM@PMGGMLDN@?$GAlocal?5static?5thread?5guard?8?$AA@ 1000ca34     LIBCMT:undname.obj
 0002:00000a50       ??_C@_0CL@FGIJHLCE@?$GAmanaged?5vector?5copy?5constructor@ 1000ca50     LIBCMT:undname.obj
 0002:00000a7c       ??_C@_0CJ@GJELGAMM@?$GAvector?5vbase?5copy?5constructor?5i@ 1000ca7c     LIBCMT:undname.obj
 0002:00000aa8       ??_C@_0CD@CGAJBKEJ@?$GAvector?5copy?5constructor?5iterato@ 1000caa8     LIBCMT:undname.obj
 0002:00000acc       ??_C@_0CB@PDBIFEP@?$GAdynamic?5atexit?5destructor?5for?5?8@ 1000cacc     LIBCMT:undname.obj
 0002:00000af0       ??_C@_0BL@CLIPGLGB@?$GAdynamic?5initializer?5for?5?8?$AA@ 1000caf0     LIBCMT:undname.obj
 0002:00000b0c       ??_C@_0CM@FCBBDIGB@?$GAeh?5vector?5vbase?5copy?5constructo@ 1000cb0c     LIBCMT:undname.obj
 0002:00000b38       ??_C@_0CG@HLDDJMAG@?$GAeh?5vector?5copy?5constructor?5iter@ 1000cb38     LIBCMT:undname.obj
 0002:00000b60       ??_C@_0CF@IMGKMJNO@?$GAmanaged?5vector?5destructor?5itera@ 1000cb60     LIBCMT:undname.obj
 0002:00000b88       ??_C@_0CG@CFDHKGGD@?$GAmanaged?5vector?5constructor?5iter@ 1000cb88     LIBCMT:undname.obj
 0002:00000bb0       ??_C@_0BN@CKNJLHMB@?$GAplacement?5delete?$FL?$FN?5closure?8?$AA@ 1000cbb0     LIBCMT:undname.obj
 0002:00000bd0       ??_C@_0BL@CNOONJFP@?$GAplacement?5delete?5closure?8?$AA@ 1000cbd0     LIBCMT:undname.obj
 0002:00000bec       ??_C@_0P@HJKNJFNN@?$GAomni?5callsig?8?$AA@ 1000cbec     LIBCMT:undname.obj
 0002:00000bfc       ??_C@_09LBNFPBCA@?5delete?$FL?$FN?$AA@ 1000cbfc     LIBCMT:undname.obj
 0002:00000c08       ??_C@_06FHBGPFGH@?5new?$FL?$FN?$AA@ 1000cc08     LIBCMT:undname.obj
 0002:00000c10       ??_C@_0CE@IIHCMGGL@?$GAlocal?5vftable?5constructor?5closu@ 1000cc10     LIBCMT:undname.obj
 0002:00000c34       ??_C@_0BA@KKLDJDLB@?$GAlocal?5vftable?8?$AA@ 1000cc34     LIBCMT:undname.obj
 0002:00000c44       ??_C@_05KHLCHHI@?$GARTTI?$AA@ 1000cc44     LIBCMT:undname.obj
 0002:00000c4c       ??_C@_03KLGMFNMG@?$GAEH?$AA@ 1000cc4c     LIBCMT:undname.obj
 0002:00000c50       ??_C@_0BA@KBCDOMBN@?$GAudt?5returning?8?$AA@ 1000cc50     LIBCMT:undname.obj
 0002:00000c60       ??_C@_0BL@LLKPOHJI@?$GAcopy?5constructor?5closure?8?$AA@ 1000cc60     LIBCMT:undname.obj
 0002:00000c7c       ??_C@_0CH@OOJPLCPH@?$GAeh?5vector?5vbase?5constructor?5ite@ 1000cc7c     LIBCMT:undname.obj
 0002:00000ca4       ??_C@_0CA@GCEOPDGL@?$GAeh?5vector?5destructor?5iterator?8?$AA@ 1000cca4     LIBCMT:undname.obj
 0002:00000cc4       ??_C@_0CB@JONCMFFK@?$GAeh?5vector?5constructor?5iterator?8@ 1000ccc4     LIBCMT:undname.obj
 0002:00000ce8       ??_C@_0BL@NILFHHPC@?$GAvirtual?5displacement?5map?8?$AA@ 1000cce8     LIBCMT:undname.obj
 0002:00000d04       ??_C@_0CE@IKBNEHA@?$GAvector?5vbase?5constructor?5iterat@ 1000cd04     LIBCMT:undname.obj
 0002:00000d28       ??_C@_0BN@LFPFMEDL@?$GAvector?5destructor?5iterator?8?$AA@ 1000cd28     LIBCMT:undname.obj
 0002:00000d48       ??_C@_0BO@PFGOCPJJ@?$GAvector?5constructor?5iterator?8?$AA@ 1000cd48     LIBCMT:undname.obj
 0002:00000d68       ??_C@_0BN@IMDCHIKM@?$GAscalar?5deleting?5destructor?8?$AA@ 1000cd68     LIBCMT:undname.obj
 0002:00000d88       ??_C@_0BO@OBMKPJIG@?$GAdefault?5constructor?5closure?8?$AA@ 1000cd88     LIBCMT:undname.obj
 0002:00000da8       ??_C@_0BN@DEGPLNFK@?$GAvector?5deleting?5destructor?8?$AA@ 1000cda8     LIBCMT:undname.obj
 0002:00000dc8       ??_C@_0BD@JDLKDPAB@?$GAvbase?5destructor?8?$AA@ 1000cdc8     LIBCMT:undname.obj
 0002:00000ddc       ??_C@_08OBABFOLI@?$GAstring?8?$AA@ 1000cddc     LIBCMT:undname.obj
 0002:00000de8       ??_C@_0BF@KDPPACIK@?$GAlocal?5static?5guard?8?$AA@ 1000cde8     LIBCMT:undname.obj
 0002:00000e00       ??_C@_08LLFFHHDJ@?$GAtypeof?8?$AA@ 1000ce00     LIBCMT:undname.obj
 0002:00000e0c       ??_C@_07FEEIOKP@?$GAvcall?8?$AA@ 1000ce0c     LIBCMT:undname.obj
 0002:00000e14       ??_C@_09BLBHBJP@?$GAvbtable?8?$AA@ 1000ce14     LIBCMT:undname.obj
 0002:00000e20       ??_C@_09IFPLHPGF@?$GAvftable?8?$AA@ 1000ce20     LIBCMT:undname.obj
 0002:00000e2c       ??_C@_02MHEGNOJ@?$FO?$DN?$AA@ 1000ce2c     LIBCMT:undname.obj
 0002:00000e30       ??_C@_02DHLNPPGH@?$HM?$DN?$AA@ 1000ce30     LIBCMT:undname.obj
 0002:00000e34       ??_C@_02FGJGFEAB@?$CG?$DN?$AA@ 1000ce34     LIBCMT:undname.obj
 0002:00000e38       ??_C@_03CDNPDDLA@?$DM?$DM?$DN?$AA@ 1000ce38     LIBCMT:undname.obj
 0002:00000e3c       ??_C@_03IKFCCPFF@?$DO?$DO?$DN?$AA@ 1000ce3c     LIBCMT:undname.obj
 0002:00000e40       ??_C@_02FENAOKFI@?$CF?$DN?$AA@ 1000ce40     LIBCMT:undname.obj
 0002:00000e44       ??_C@_02FJEHGPIO@?1?$DN?$AA@ 1000ce44     LIBCMT:undname.obj
 0002:00000e48       ??_C@_02FKMDLLOA@?9?$DN?$AA@ 1000ce48     LIBCMT:undname.obj
 0002:00000e4c       ??_C@_02FOEOMHFC@?$CL?$DN?$AA@ 1000ce4c     LIBCMT:undname.obj
 0002:00000e50       ??_C@_02FPIMKNGF@?$CK?$DN?$AA@ 1000ce50     LIBCMT:undname.obj
 0002:00000e54       ??_C@_02NONPIBCD@?$HM?$HM?$AA@ 1000ce54     LIBCMT:undname.obj
 0002:00000e58       ??_C@_02PPKAJPJL@?$CG?$CG?$AA@ 1000ce58     LIBCMT:undname.obj
 0002:00000e5c       ??_C@_01DNKMNLPK@?$HM?$AA@ 1000ce5c     LIBCMT:undname.obj
 0002:00000e60       ??_C@_01JKBOJNNK@?$FO?$AA@ 1000ce60     LIBCMT:undname.obj
 0002:00000e64       ??_C@_01PJKLJHI@?$HO?$AA@  1000ce64     LIBCMT:undname.obj
 0002:00000e68       ??_C@_02HCKGKOFO@?$CI?$CJ?$AA@ 1000ce68     LIBCMT:undname.obj
 0002:00000e6c       ??_C@_01IHBHIGKO@?0?$AA@   1000ce6c     LIBCMT:undname.obj
 0002:00000e70       ??_C@_02EEKDKGMJ@?$DO?$DN?$AA@ 1000ce70     LIBCMT:undname.obj
 0002:00000e74       ??_C@_01PPODPGHN@?$DO?$AA@ 1000ce74     LIBCMT:undname.obj
 0002:00000e78       ??_C@_02EHCHHCKH@?$DM?$DN?$AA@ 1000ce78     LIBCMT:undname.obj
 0002:00000e7c       ??_C@_01MNNFJEPP@?$DM?$AA@ 1000ce7c     LIBCMT:undname.obj
 0002:00000e80       ??_C@_01FGNFDNOH@?$CF?$AA@ 1000ce80     LIBCMT:undname.obj
 0002:00000e84       ??_C@_01KMDKNFGN@?1?$AA@   1000ce84     LIBCMT:undname.obj
 0002:00000e88       ??_C@_03MNHNFDLC@?9?$DO?$CK?$AA@ 1000ce88     LIBCMT:undname.obj
 0002:00000e8c       ??_C@_01HNPIGOCE@?$CG?$AA@ 1000ce8c     LIBCMT:undname.obj
 0002:00000e90       ??_C@_01MIFGBAGJ@?$CL?$AA@ 1000ce90     LIBCMT:undname.obj
 0002:00000e94       ??_C@_01JOAMLHOP@?9?$AA@   1000ce94     LIBCMT:undname.obj
 0002:00000e98       ??_C@_02BAABKJLB@?9?9?$AA@ 1000ce98     LIBCMT:undname.obj
 0002:00000e9c       ??_C@_02ECNGHCIF@?$CL?$CL?$AA@ 1000ce9c     LIBCMT:undname.obj
 0002:00000ea0       ??_C@_01NBENCBCI@?$CK?$AA@ 1000cea0     LIBCMT:undname.obj
 0002:00000ea4       ??_C@_02HBOOOICD@?9?$DO?$AA@ 1000cea4     LIBCMT:undname.obj
 0002:00000ea8       ??_C@_08LHJFAFGD@operator?$AA@ 1000cea8     LIBCMT:undname.obj
 0002:00000eb4       ??_C@_02GPECMEKF@?$FL?$FN?$AA@ 1000ceb4     LIBCMT:undname.obj
 0002:00000eb8       ??_C@_02FDNJECIE@?$CB?$DN?$AA@ 1000ceb8     LIBCMT:undname.obj
 0002:00000ebc       ??_C@_02EGOFBIJA@?$DN?$DN?$AA@ 1000cebc     LIBCMT:undname.obj
 0002:00000ec0       ??_C@_01DCLJPIOD@?$CB?$AA@ 1000cec0     LIBCMT:undname.obj
 0002:00000ec4       ??_C@_02FODMEDOG@?$DM?$DM?$AA@ 1000cec4     LIBCMT:undname.obj
 0002:00000ec8       ??_C@_02GPIOPFAK@?$DO?$DO?$AA@ 1000cec8     LIBCMT:undname.obj
 0002:00000ecc       ??_C@_07FPCDHGMM@?5delete?$AA@ 1000cecc     LIBCMT:undname.obj
 0002:00000ed4       ??_C@_04NIHEBCM@?5new?$AA@ 1000ced4     LIBCMT:undname.obj
 0002:00000edc       ??_C@_0M@GFIIJFMG@__unaligned?$AA@ 1000cedc     LIBCMT:undname.obj
 0002:00000ee8       ??_C@_0L@PILCLIHE@__restrict?$AA@ 1000cee8     LIBCMT:undname.obj
 0002:00000ef4       ??_C@_07JOMMBBKO@__ptr64?$AA@ 1000cef4     LIBCMT:undname.obj
 0002:00000efc       ??_C@_09HIJEGCPM@__clrcall?$AA@ 1000cefc     LIBCMT:undname.obj
 0002:00000f08       ??_C@_0L@JMKHOMEK@__fastcall?$AA@ 1000cf08     LIBCMT:undname.obj
 0002:00000f14       ??_C@_0L@NPHFGOKO@__thiscall?$AA@ 1000cf14     LIBCMT:undname.obj
 0002:00000f20       ??_C@_09IFJBGAPI@__stdcall?$AA@ 1000cf20     LIBCMT:undname.obj
 0002:00000f2c       ??_C@_08GHMPAG@__pascal?$AA@ 1000cf2c     LIBCMT:undname.obj
 0002:00000f38       ??_C@_07KOLFKCDI@__cdecl?$AA@ 1000cf38     LIBCMT:undname.obj
 0002:00000f40       ??_C@_08EHJDFFNH@__based?$CI?$AA@ 1000cf40     LIBCMT:undname.obj
 0002:000010d0       ??_C@_13NOLLCAOD@?$AA?$AA?$AA?$AA@ 1000d0d0     LIBCMT:a_map.obj
 0002:000010d8       ___newctype                1000d0d8     LIBCMT:ctype.obj
 0002:000013d8       __wctype                   1000d3d8     LIBCMT:ctype.obj
 0002:000015e0       ___newclmap                1000d5e0     LIBCMT:ctype.obj
 0002:00001760       ___newcumap                1000d760     LIBCMT:ctype.obj
 0002:000018e0       ??_C@_08JCCMCCIL@HH?3mm?3ss?$AA@ 1000d8e0     LIBCMT:strftime.obj
 0002:000018ec       ??_C@_0BE@CKGJFCPC@dddd?0?5MMMM?5dd?0?5yyyy?$AA@ 1000d8ec     LIBCMT:strftime.obj
 0002:00001900       ??_C@_08BPBNCDIB@MM?1dd?1yy?$AA@ 1000d900     LIBCMT:strftime.obj
 0002:0000190c       ??_C@_02CJNFDJBF@PM?$AA@   1000d90c     LIBCMT:strftime.obj
 0002:00001910       ??_C@_02DEDBPAFC@AM?$AA@   1000d910     LIBCMT:strftime.obj
 0002:00001914       ??_C@_08EDHMEBNP@December?$AA@ 1000d914     LIBCMT:strftime.obj
 0002:00001920       ??_C@_08HCHEGEOA@November?$AA@ 1000d920     LIBCMT:strftime.obj
 0002:0000192c       ??_C@_07JJNFCEND@October?$AA@ 1000d92c     LIBCMT:strftime.obj
 0002:00001934       ??_C@_09BHHEALKD@September?$AA@ 1000d934     LIBCMT:strftime.obj
 0002:00001940       ??_C@_06LBBHFDDG@August?$AA@ 1000d940     LIBCMT:strftime.obj
 0002:00001948       ??_C@_04MIEPOIFP@July?$AA@ 1000d948     LIBCMT:strftime.obj
 0002:00001950       ??_C@_04CNLMGBGM@June?$AA@ 1000d950     LIBCMT:strftime.obj
 0002:00001958       ??_C@_05DMJDNLEJ@April?$AA@ 1000d958     LIBCMT:strftime.obj
 0002:00001960       ??_C@_05HPCKOFNC@March?$AA@ 1000d960     LIBCMT:strftime.obj
 0002:00001968       ??_C@_08GNJGEPFN@February?$AA@ 1000d968     LIBCMT:strftime.obj
 0002:00001974       ??_C@_07CGJPFGJA@January?$AA@ 1000d974     LIBCMT:strftime.obj
 0002:0000197c       ??_C@_03MKABNOCG@Dec?$AA@  1000d97c     LIBCMT:strftime.obj
 0002:00001980       ??_C@_03JPJOFNIA@Nov?$AA@  1000d980     LIBCMT:strftime.obj
 0002:00001984       ??_C@_03BMAOKBAD@Oct?$AA@  1000d984     LIBCMT:strftime.obj
 0002:00001988       ??_C@_03GGCAPAJC@Sep?$AA@  1000d988     LIBCMT:strftime.obj
 0002:0000198c       ??_C@_03IFJFEIGA@Aug?$AA@  1000d98c     LIBCMT:strftime.obj
 0002:00001990       ??_C@_03LBGABGKK@Jul?$AA@  1000d990     LIBCMT:strftime.obj
 0002:00001994       ??_C@_03IDFGHECI@Jun?$AA@  1000d994     LIBCMT:strftime.obj
 0002:00001998       ??_C@_03CNMDKL@May?$AA@    1000d998     LIBCMT:strftime.obj
 0002:0000199c       ??_C@_03LEOLGMJP@Apr?$AA@  1000d99c     LIBCMT:strftime.obj
 0002:000019a0       ??_C@_03ODNJBKGA@Mar?$AA@  1000d9a0     LIBCMT:strftime.obj
 0002:000019a4       ??_C@_03HJBDCHOM@Feb?$AA@  1000d9a4     LIBCMT:strftime.obj
 0002:000019a8       ??_C@_03JIHJHPIE@Jan?$AA@  1000d9a8     LIBCMT:strftime.obj
 0002:000019ac       ??_C@_08INBOOONO@Saturday?$AA@ 1000d9ac     LIBCMT:strftime.obj
 0002:000019b8       ??_C@_06JECMNKMI@Friday?$AA@ 1000d9b8     LIBCMT:strftime.obj
 0002:000019c0       ??_C@_08HACCIKIA@Thursday?$AA@ 1000d9c0     LIBCMT:strftime.obj
 0002:000019cc       ??_C@_09DLIGFAKA@Wednesday?$AA@ 1000d9cc     LIBCMT:strftime.obj
 0002:000019d8       ??_C@_07BAAGCFCM@Tuesday?$AA@ 1000d9d8     LIBCMT:strftime.obj
 0002:000019e0       ??_C@_06JLEDEDGH@Monday?$AA@ 1000d9e0     LIBCMT:strftime.obj
 0002:000019e8       ??_C@_06OOPIFAJ@Sunday?$AA@ 1000d9e8     LIBCMT:strftime.obj
 0002:000019f0       ??_C@_03FEFJNEK@Sat?$AA@   1000d9f0     LIBCMT:strftime.obj
 0002:000019f4       ??_C@_03IDIOELNC@Fri?$AA@  1000d9f4     LIBCMT:strftime.obj
 0002:000019f8       ??_C@_03IOFIKPDN@Thu?$AA@  1000d9f8     LIBCMT:strftime.obj
 0002:000019fc       ??_C@_03MHOMLAJA@Wed?$AA@  1000d9fc     LIBCMT:strftime.obj
 0002:00001a00       ??_C@_03NAGEINEP@Tue?$AA@  1000da00     LIBCMT:strftime.obj
 0002:00001a04       ??_C@_03PDAGKDH@Mon?$AA@   1000da04     LIBCMT:strftime.obj
 0002:00001a08       ??_C@_03KOEHGMDN@Sun?$AA@  1000da08     LIBCMT:strftime.obj
 0002:00001a0c       ??_C@_0BI@DFKBFLJE@GetProcessWindowStation?$AA@ 1000da0c     LIBCMT:crtmbox.obj
 0002:00001a24       ??_C@_0BK@CIDNPOGP@GetUserObjectInformationA?$AA@ 1000da24     LIBCMT:crtmbox.obj
 0002:00001a40       ??_C@_0BD@HHGDFDBJ@GetLastActivePopup?$AA@ 1000da40     LIBCMT:crtmbox.obj
 0002:00001a54       ??_C@_0BA@HNOPNCHB@GetActiveWindow?$AA@ 1000da54     LIBCMT:crtmbox.obj
 0002:00001a64       ??_C@_0M@CHKKJDAI@MessageBoxA?$AA@ 1000da64     LIBCMT:crtmbox.obj
 0002:00001a70       ??_C@_0L@NDEGIDAG@USER32?4DLL?$AA@ 1000da70     LIBCMT:crtmbox.obj
 0002:00001a7c       ??_C@_07GPDNMNG@CONOUT$?$AA@ 1000da7c     LIBCMT:initcon.obj
 0002:00001a84       ___dnames                  1000da84     LIBCMT:timeset.obj
 0002:00001a9c       ___mnames                  1000da9c     LIBCMT:timeset.obj
 0002:00001ac4       ??_C@_0BI@PKAAGNEJ@igrik?4BattleSpellsPanel?$AA@ 1000dac4     BattleSpellsPanel.obj
 0002:00001adc       ??_C@_0P@GHFPNOJB@bad?5allocation?$AA@ 1000dadc     BattleSpellsPanel.obj
 0002:00001aec       ??_C@_0BA@FDLNIKIG@patcher_x86?4dll?$AA@ 1000daec     BattleSpellsPanel.obj
 0002:00001afc       ??_C@_0BB@CKHJKIEB@_GetPatcherX86?$EA0?$AA@ 1000dafc     BattleSpellsPanel.obj
 0002:00001b10       ??_C@_02DPKJAMEF@?$CFd?$AA@ 1000db10     BattleSpellsPanel.obj
 0002:00001b14       ??_C@_0N@NGJLFBMI@DiBoxBck?4pcx?$AA@ 1000db14     BattleSpellsPanel.obj
 0002:00001b24       ??_C@_0N@FGPGDOPK@dialgbox?4def?$AA@ 1000db24     BattleSpellsPanel.obj
 0002:00001b34       ??_C@_09IIFHEAOO@angel?4dll?$AA@ 1000db34     BattleSpellsPanel.obj
 0002:00001b40       ??_C@_0M@BFOAAPGP@EventParams?$AA@ 1000db40     BattleSpellsPanel.obj
 0002:00001b4c       ??_C@_0BD@KPOAIKLJ@RestoreEventParams?$AA@ 1000db4c     BattleSpellsPanel.obj
 0002:00001b60       ??_C@_0BA@JJKLPBHG@SaveEventParams?$AA@ 1000db60     BattleSpellsPanel.obj
 0002:00001b70       ??_C@_07PILJHEGK@era?4dll?$AA@ 1000db70     BattleSpellsPanel.obj
 0002:00001b78       ??_C@_02EOEPPNBF@tr?$AA@   1000db78     BattleSpellsPanel.obj
 0002:00001b7c       ??_C@_07HCDNKGPA@ApiHook?$AA@ 1000db7c     BattleSpellsPanel.obj
 0002:00001b84       ??_C@_0BB@NFICFMFA@ClearAllIniCache?$AA@ 1000db84     BattleSpellsPanel.obj
 0002:00001b98       ??_C@_0O@KHPPEFLJ@ClearIniCache?$AA@ 1000db98     BattleSpellsPanel.obj
 0002:00001ba8       ??_C@_0L@GHCNBJIK@ExecErmCmd?$AA@ 1000dba8     BattleSpellsPanel.obj
 0002:00001bb4       ??_C@_0L@BBNMEHJH@ExtractErm?$AA@ 1000dbb4     BattleSpellsPanel.obj
 0002:00001bc0       ??_C@_0L@CKILDBJC@FatalError?$AA@ 1000dbc0     BattleSpellsPanel.obj
 0002:00001bcc       ??_C@_0N@HFGMKLEN@FireErmEvent?$AA@ 1000dbcc     BattleSpellsPanel.obj
 0002:00001bdc       ??_C@_09GEAPPBGH@FireEvent?$AA@ 1000dbdc     BattleSpellsPanel.obj
 0002:00001be8       ??_C@_0M@KJHFCLAP@GetButtonID?$AA@ 1000dbe8     BattleSpellsPanel.obj
 0002:00001bf4       ??_C@_0L@LNAOMCPJ@GetVersion?$AA@ 1000dbf4     BattleSpellsPanel.obj
 0002:00001c00       ??_C@_0O@FNMDEAHG@GetVersionNum?$AA@ 1000dc00     BattleSpellsPanel.obj
 0002:00001c10       ??_C@_0N@CFMBLIKP@GetGameState?$AA@ 1000dc10     BattleSpellsPanel.obj
 0002:00001c20       ??_C@_0M@LKIFOAN@GetRealAddr?$AA@ 1000dc20     BattleSpellsPanel.obj
 0002:00001c2c       ??_C@_0BD@DPCJBLFO@GlobalRedirectFile?$AA@ 1000dc2c     BattleSpellsPanel.obj
 0002:00001c40       ??_C@_04PHJJMCEO@Hook?$AA@ 1000dc40     BattleSpellsPanel.obj
 0002:00001c48       ??_C@_08EBPIACBO@HookCode?$AA@ 1000dc48     BattleSpellsPanel.obj
 0002:00001c54       ??_C@_0BB@PHLEIINC@LoadImageAsPcx16?$AA@ 1000dc54     BattleSpellsPanel.obj
 0002:00001c68       ??_C@_07GDNFNLKF@LoadTxt?$AA@ 1000dc68     BattleSpellsPanel.obj
 0002:00001c70       ??_C@_07FLCNLLL@MemFree?$AA@ 1000dc70     BattleSpellsPanel.obj
 0002:00001c78       ??_C@_09PIKCKENJ@NameColor?$AA@ 1000dc78     BattleSpellsPanel.obj
 0002:00001c84       ??_C@_0M@LNHBMGFH@NotifyError?$AA@ 1000dc84     BattleSpellsPanel.obj
 0002:00001c90       ??_C@_0M@PLEJCMGM@PatchExists?$AA@ 1000dc90     BattleSpellsPanel.obj
 0002:00001c9c       ??_C@_0N@BGLGOOMO@PluginExists?$AA@ 1000dc9c     BattleSpellsPanel.obj
 0002:00001cac       ??_C@_0BE@CIDOCKGN@ReadSavegameSection?$AA@ 1000dcac     BattleSpellsPanel.obj
 0002:00001cc0       ??_C@_0P@CCLIEMKP@ReadStrFromIni?$AA@ 1000dcc0     BattleSpellsPanel.obj
 0002:00001cd0       ??_C@_09IJJOFFNH@RecallAPI?$AA@ 1000dcd0     BattleSpellsPanel.obj
 0002:00001cdc       ??_C@_0N@EADKAOLK@RedirectFile?$AA@ 1000dcdc     BattleSpellsPanel.obj
 0002:00001cec       ??_C@_0BE@OJOEEMJD@RedirectMemoryBlock?$AA@ 1000dcec     BattleSpellsPanel.obj
 0002:00001d00       ??_C@_0BA@BCNGHKCC@RegisterHandler?$AA@ 1000dd00     BattleSpellsPanel.obj
 0002:00001d10       ??_C@_09MJCMIAEG@ReloadErm?$AA@ 1000dd10     BattleSpellsPanel.obj
 0002:00001d1c       ??_C@_0BE@JBKGKCON@ReportPluginVersion?$AA@ 1000dd1c     BattleSpellsPanel.obj
 0002:00001d30       ??_C@_07PAHGKEHA@SaveIni?$AA@ 1000dd30     BattleSpellsPanel.obj
 0002:00001d38       ??_C@_06DDHLBGDE@Splice?$AA@ 1000dd38     BattleSpellsPanel.obj
 0002:00001d40       ??_C@_0M@CLLMHKFF@WriteAtCode?$AA@ 1000dd40     BattleSpellsPanel.obj
 0002:00001d4c       ??_C@_0BF@HMHBLPO@WriteSavegameSection?$AA@ 1000dd4c     BattleSpellsPanel.obj
 0002:00001d64       ??_C@_0O@POMBDOKD@WriteStrToIni?$AA@ 1000dd64     BattleSpellsPanel.obj
 0002:00001d74       ??_C@_0BN@DPBDBLAF@_GetPreselectedDialog8ItemId?$AA@ 1000dd74     BattleSpellsPanel.obj
 0002:00001d94       ??_C@_0BO@NKNJIFPC@_GetDialog8SelectablePicsMask?$AA@ 1000dd94     BattleSpellsPanel.obj
 0002:00001db4       ??_C@_0N@BJNHCFMF@HD_TStat?4pcx?$AA@ 1000ddb4     BattleSpellsPanel.obj
 0002:00001dc4       ??_C@_08JLGKLDCI@?$HL?$CFd?3?$HN?5?$CFs?$AA@ 1000ddc4     BattleSpellsPanel.obj
 0002:00001dd0       ??_C@_0L@KAEECLDK@?$HL?$CFs?$HN?5?6?6?5?$CFs?$AA@ 1000ddd0     BattleSpellsPanel.obj
 0002:00001ddc       ??_C@_0M@FAHDJJHB@verd10b?4fnt?$AA@ 1000dddc     BattleSpellsPanel.obj
 0002:00001de8       ??_C@_0BH@JGACPFGP@OnAfterErmInstructions?$AA@ 1000dde8     BattleSpellsPanel.obj
 0002:00001e00       ??_C@_0P@EHEDNJKH@OnSavegameRead?$AA@ 1000de00     BattleSpellsPanel.obj
 0002:00001e10       ??_C@_0BA@LOALLMO@OnSavegameWrite?$AA@ 1000de10     BattleSpellsPanel.obj
 0002:00001e20       ??_C@_0BA@FNPBMLI@ERA?4BattleQueue?$AA@ 1000de20     BattleSpellsPanel.obj
 0002:00001e30       ??_C@_00CNPNBAHC@?$AA@     1000de30     HoMM3_GUI.obj
 0002:00001e34       ??_C@_0N@EFIDLNEI@hd_fr_lu?4pcx?$AA@ 1000de34     HoMM3_GUI.obj
 0002:00001e44       ??_C@_0N@HCGCFKNL@hd_fr_ru?4pcx?$AA@ 1000de44     HoMM3_GUI.obj
 0002:00001e54       ??_C@_0N@LKOIILOF@hd_fr_rd?4pcx?$AA@ 1000de54     HoMM3_GUI.obj
 0002:00001e64       ??_C@_0N@INAJGMHG@hd_fr_ld?4pcx?$AA@ 1000de64     HoMM3_GUI.obj
 0002:00001e74       ??_C@_0M@NBHIJENL@hd_fr_l?4pcx?$AA@ 1000de74     HoMM3_GUI.obj
 0002:00001e80       ??_C@_0M@OIKEPHDA@hd_fr_r?4pcx?$AA@ 1000de80     HoMM3_GUI.obj
 0002:00001e8c       ??_C@_0M@PFKBMHII@hd_fr_u?4pcx?$AA@ 1000de8c     HoMM3_GUI.obj
 0002:00001e98       ??_C@_0M@DNCLBGLG@hd_fr_d?4pcx?$AA@ 1000de98     HoMM3_GUI.obj
 0002:00001ea8       __load_config_used         1000dea8     LIBCMT:loadcfg.obj
 0002:00001f60       ___safe_se_handler_table   1000df60     <linker-defined>
 0002:00001f6c       ___rtc_iaa                 1000df6c     LIBCMT:_initsect_.obj
 0002:00001f70       ___rtc_izz                 1000df70     LIBCMT:_initsect_.obj
 0002:00001f74       ___rtc_taa                 1000df74     LIBCMT:_initsect_.obj
 0002:00001f78       ___rtc_tzz                 1000df78     LIBCMT:_initsect_.obj
 0002:00002334       __IMPORT_DESCRIPTOR_KERNEL32 1000e334     kernel32:KERNEL32.dll
 0002:00002348       __IMPORT_DESCRIPTOR_USER32 1000e348     user32:USER32.dll
 0002:0000235c       __NULL_IMPORT_DESCRIPTOR   1000e35c     kernel32:KERNEL32.dll
 0003:00000010       ___security_cookie         1000f010     LIBCMT:gs_cookie.obj
 0003:00000014       ___security_cookie_complement 1000f014     LIBCMT:gs_cookie.obj
 0003:00000190       ___nullstring              1000f190     LIBCMT:output.obj
 0003:00000194       ___wnullstring             1000f194     LIBCMT:output.obj
 0003:00000198       __amblksiz                 1000f198     LIBCMT:heapinit.obj
 0003:000002d0       ___flsindex                1000f2d0     LIBCMT:tidtable.obj
 0003:000002d4       ___getvalueindex           1000f2d4     LIBCMT:tidtable.obj
 0003:000002d8       __aexit_rtn                1000f2d8     LIBCMT:crt0dat.obj
 0003:000002e0       ___badioinfo               1000f2e0     LIBCMT:ioinit.obj
 0003:00000320       __First_FPE_Indx           1000f320     LIBCMT:winxfltr.obj
 0003:00000324       __Num_FPE                  1000f324     LIBCMT:winxfltr.obj
 0003:00000328       __XcptActTabSize           1000f328     LIBCMT:winxfltr.obj
 0003:0000032c       __XcptActTabCount          1000f32c     LIBCMT:winxfltr.obj
 0003:00000340       __iob                      1000f340     LIBCMT:_file.obj
 0003:000005c0       ___initialmbcinfo          1000f5c0     LIBCMT:mbctype.obj
 0003:000007e0       __mbctype                  1000f7e0     LIBCMT:mbctype.obj
 0003:000008e8       __mbcasemap                1000f8e8     LIBCMT:mbctype.obj
 0003:000009e8       ___ptmbcinfo               1000f9e8     LIBCMT:mbctype.obj
 0003:00000ae4       ___globallocalestatus      1000fae4     LIBCMT:glstatus.obj
 0003:00000ae8       ___clocalestr              1000fae8     LIBCMT:nlsdata2.obj
 0003:00000af0       ___initiallocinfo          1000faf0     LIBCMT:nlsdata2.obj
 0003:00000bc8       ___ptlocinfo               1000fbc8     LIBCMT:nlsdata2.obj
 0003:00000bcc       ___lc_clike                1000fbcc     LIBCMT:nlsdata2.obj
 0003:00000bd0       ___initiallocalestructinfo 1000fbd0     LIBCMT:nlsdata2.obj
 0003:00000bd8       __cfltcvt_tab              1000fbd8     LIBCMT:cmiscdat.obj
 0003:00000cb8       ___abort_behavior          1000fcb8     LIBCMT:abort.obj
 0003:00000cbc       __NLG_Destination          1000fcbc     LIBCMT:exsup.obj
 0003:00000cd0       __pctype                   1000fcd0     LIBCMT:ctype.obj
 0003:00000cd4       __pwctype                  1000fcd4     LIBCMT:ctype.obj
 0003:00000cd8       ___lc_time_c               1000fcd8     LIBCMT:strftime.obj
 0003:00000d90       ___lc_time_curr            1000fd90     LIBCMT:strftime.obj
 0003:00000d94       ___lconv_static_decimal    1000fd94     LIBCMT:lconv.obj
 0003:00000d98       ___lconv_c                 1000fd98     LIBCMT:lconv.obj
 0003:00000dc8       ___lconv                   1000fdc8     LIBCMT:lconv.obj
 0003:00000dcc       ___mb_cur_max              1000fdcc     LIBCMT:nlsdata1.obj
 0003:00000dd0       ___decimal_point           1000fdd0     LIBCMT:nlsdata1.obj
 0003:00000dd4       ___decimal_point_length    1000fdd4     LIBCMT:nlsdata1.obj
 0003:00000de0       __coninpfh                 1000fde0     LIBCMT:initcon.obj
 0003:00000de4       __confh                    1000fde4     LIBCMT:initcon.obj
 0003:00000df0       __timezone                 1000fdf0     LIBCMT:timeset.obj
 0003:00000df4       __daylight                 1000fdf4     LIBCMT:timeset.obj
 0003:00000df8       __dstbias                  1000fdf8     LIBCMT:timeset.obj
 0003:00000e80       __tzname                   1000fe80     LIBCMT:timeset.obj
 0003:00000ea0       __lpdays                   1000fea0     LIBCMT:days.obj
 0003:00000ed4       __days                     1000fed4     LIBCMT:days.obj
 0003:00000f18       ?v_table_funcs@_CustomDlg_@@2PAIA 1000ff18     HoMM3_GUI.obj
 0003:00000f58       ?SAVEGAME_SECTION@@3PADA   1000ff58     BattleSpellsPanel.obj
 0003:00000f64       __aenvptr                  1000ff64     LIBCMT:dllcrt0.obj
 0003:00000f68       __wenvptr                  1000ff68     LIBCMT:dllcrt0.obj
 0003:00000f6c       ___error_mode              1000ff6c     LIBCMT:dllcrt0.obj
 0003:00000f70       ___app_type                1000ff70     LIBCMT:dllcrt0.obj
 0003:0000129c       ___pInvalidArgHandler      1001029c     LIBCMT:invarg.obj
 0003:000012a0       __crtheap                  100102a0     LIBCMT:heapinit.obj
 0003:000013f8       ___sbh_pHeaderDefer        100103f8     LIBCMT:sbheap.obj
 0003:00001404       ?_pnhHeap@@3P6AHI@ZA       10010404     LIBCMT:handler.obj
 0003:00001408       _gpFlsAlloc                10010408     LIBCMT:tidtable.obj
 0003:0000140c       _gpFlsGetValue             1001040c     LIBCMT:tidtable.obj
 0003:00001410       _gpFlsSetValue             10010410     LIBCMT:tidtable.obj
 0003:00001414       _gpFlsFree                 10010414     LIBCMT:tidtable.obj
 0003:00001418       __maxwait                  10010418     LIBCMT:crtheap.obj
 0003:0000141c       __umaskval                 1001041c     LIBCMT:crt0dat.obj
 0003:00001420       ___argc                    10010420     LIBCMT:crt0dat.obj
 0003:00001424       ___argv                    10010424     LIBCMT:crt0dat.obj
 0003:00001428       ___wargv                   10010428     LIBCMT:crt0dat.obj
 0003:0000142c       __environ                  1001042c     LIBCMT:crt0dat.obj
 0003:00001430       ___initenv                 10010430     LIBCMT:crt0dat.obj
 0003:00001434       __wenviron                 10010434     LIBCMT:crt0dat.obj
 0003:00001438       ___winitenv                10010438     LIBCMT:crt0dat.obj
 0003:0000143c       __pgmptr                   1001043c     LIBCMT:crt0dat.obj
 0003:00001440       __wpgmptr                  10010440     LIBCMT:crt0dat.obj
 0003:00001444       __exitflag                 10010444     LIBCMT:crt0dat.obj
 0003:00001448       __C_Termination_Done       10010448     LIBCMT:crt0dat.obj
 0003:0000144c       __C_Exit_Done              1001044c     LIBCMT:crt0dat.obj
 0003:0000155c       ?__pInconsistency@@3P6AXXZA 1001055c     LIBCMT:hooks.obj
 0003:00001560       __cflush                   10010560     LIBCMT:_file.obj
 0003:00001568       ___mbulinfo                10010568     LIBCMT:mbctype.obj
 0003:00001574       ___mbcodepage              10010574     LIBCMT:mbctype.obj
 0003:00001578       ___ismbcodepage            10010578     LIBCMT:mbctype.obj
 0003:0000157c       ___mblcid                  1001057c     LIBCMT:mbctype.obj
 0003:00001580       ___locale_changed          10010580     LIBCMT:setlocal.obj
 0003:00001584       ___lc_handle               10010584     LIBCMT:nlsdata2.obj
 0003:0000159c       ___lc_codepage             1001059c     LIBCMT:nlsdata2.obj
 0003:000015a0       ___lc_collate_cp           100105a0     LIBCMT:nlsdata2.obj
 0003:000018bc       __newmode                  100108bc     LIBCMT:_newmode.obj
 0003:000018d8       ?pArgList@UnDecorator@@0PAVReplicator@@A 100108d8     LIBCMT:undname.obj
 0003:000018dc       ?pZNameList@UnDecorator@@0PAVReplicator@@A 100108dc     LIBCMT:undname.obj
 0003:000018e0       ?pTemplateArgList@UnDecorator@@0PAVReplicator@@A 100108e0     LIBCMT:undname.obj
 0003:000018e4       ?gName@UnDecorator@@0PBDB  100108e4     LIBCMT:undname.obj
 0003:000018e8       ?name@UnDecorator@@0PBDB   100108e8     LIBCMT:undname.obj
 0003:000018ec       ?outputString@UnDecorator@@0PADA 100108ec     LIBCMT:undname.obj
 0003:000018f0       ?maxStringLength@UnDecorator@@0HA 100108f0     LIBCMT:undname.obj
 0003:000018f4       ?disableFlags@UnDecorator@@0KA 100108f4     LIBCMT:undname.obj
 0003:000018f8       ?m_pGetParameter@UnDecorator@@0P6APADJ@ZA 100108f8     LIBCMT:undname.obj
 0003:000018fc       ?fExplicitTemplateParams@UnDecorator@@0_NA 100108fc     LIBCMT:undname.obj
 0003:000018fd       ?fGetTemplateArgumentList@UnDecorator@@0_NA 100108fd     LIBCMT:undname.obj
 0003:00001920       ___pPurecall               10010920     LIBCMT:inithelp.obj
 0003:0000192c       ___lconv_static_null       1001092c     LIBCMT:lconv.obj
 0003:00001930       __stdbuf                   10010930     LIBCMT:_sftbuf.obj
 0003:00001a08       ?SpellMenu@@3HA            10010a08     BattleSpellsPanel.obj
 0003:00001a0c       ?OwnerMenu@@3HA            10010a0c     BattleSpellsPanel.obj
 0003:00001a10       ?_PI@@3PAVPatcherInstance@@A 10010a10     BattleSpellsPanel.obj
 0003:00001a14       ?_P@@3PAVPatcher@@A        10010a14     BattleSpellsPanel.obj
 0003:00001a18       ?SideMenu@@3HA             10010a18     BattleSpellsPanel.obj
 0003:00001a1c       ?ShadowWidth_BattleQueue@@3HA 10010a1c     BattleSpellsPanel.obj
 0003:00001a20       ?playerSpellsMenu@@3PAY09HA 10010a20     BattleSpellsPanel.obj
 0003:00001b60       ?ShadowWidth_SpellsPanel@@3HA 10010b60     BattleSpellsPanel.obj
 0003:00001b64       ?saveCursor@@3PAHA         10010b64     BattleSpellsPanel.obj
 0003:00001b70       ?hAngel@Era@@3PAUHINSTANCE__@@A 10010b70     BattleSpellsPanel.obj
 0003:00001b74       ?hEra@Era@@3PAUHINSTANCE__@@A 10010b74     BattleSpellsPanel.obj
 0003:00001b78       ?myString@@3PADA           10010b78     BattleSpellsPanel.obj
 0003:00001f78       ?EventParams@Era@@3PAY0BA@HA 10010f78     BattleSpellsPanel.obj
 0003:00001f7c       ?ApiHook@Era@@3P6GPAXPAXH0@ZA 10010f7c     BattleSpellsPanel.obj
 0003:00001f80       ?ClearAllIniCache@Era@@3P6GXXZA 10010f80     BattleSpellsPanel.obj
 0003:00001f84       ?ClearIniCache@Era@@3P6GXPBD@ZA 10010f84     BattleSpellsPanel.obj
 0003:00001f88       ?ExecErmCmd@Era@@3P6GXPBD@ZA 10010f88     BattleSpellsPanel.obj
 0003:00001f8c       ?ExtractErm@Era@@3P6GXXZA  10010f8c     BattleSpellsPanel.obj
 0003:00001f90       ?FatalError@Era@@3P6GXPBD@ZA 10010f90     BattleSpellsPanel.obj
 0003:00001f94       ?FireErmEvent@Era@@3P6GXH@ZA 10010f94     BattleSpellsPanel.obj
 0003:00001f98       ?FireEvent@Era@@3P6GXPBDPAXH@ZA 10010f98     BattleSpellsPanel.obj
 0003:00001f9c       ?GetButtonID@Era@@3P6GHPBD@ZA 10010f9c     BattleSpellsPanel.obj
 0003:00001fa0       ?GetEraVersion@Era@@3P6GPBDXZA 10010fa0     BattleSpellsPanel.obj
 0003:00001fa4       ?GetVersionNum@Era@@3P6GHXZA 10010fa4     BattleSpellsPanel.obj
 0003:00001fa8       ?GetGameState@Era@@3P6GXPAUTGameState@1@@ZA 10010fa8     BattleSpellsPanel.obj
 0003:00001fac       ?GetRealAddr@Era@@3P6GPAXPAX@ZA 10010fac     BattleSpellsPanel.obj
 0003:00001fb0       ?GlobalRedirectFile@Era@@3P6GXXZA 10010fb0     BattleSpellsPanel.obj
 0003:00001fb4       ?Hook@Era@@3P6GPAXPAXHH0@ZA 10010fb4     BattleSpellsPanel.obj
 0003:00001fb8       ?HookCode@Era@@3P6GPAXPAXP6GHPAUTHookContext@1@@ZPAPAX@ZA 10010fb8     BattleSpellsPanel.obj
 0003:00001fbc       ?LoadImageAsPcx16@Era@@3P6GPAXPBD0HHHHH@ZA 10010fbc     BattleSpellsPanel.obj
 0003:00001fc0       ?LoadTxt@Era@@3P6GPAXPBD@ZA 10010fc0     BattleSpellsPanel.obj
 0003:00001fc4       ?MemFree@Era@@3P6GXPBX@ZA  10010fc4     BattleSpellsPanel.obj
 0003:00001fc8       ?NameColor@Era@@3P6GXHPBD@ZA 10010fc8     BattleSpellsPanel.obj
 0003:00001fcc       ?NotifyError@Era@@3P6GXPBD@ZA 10010fcc     BattleSpellsPanel.obj
 0003:00001fd0       ?PatchExists@Era@@3P6G_NPBD@ZA 10010fd0     BattleSpellsPanel.obj
 0003:00001fd4       ?PluginExists@Era@@3P6G_NPBD@ZA 10010fd4     BattleSpellsPanel.obj
 0003:00001fd8       ?ReadSavegameSection@Era@@3P6GHHPAXPBD@ZA 10010fd8     BattleSpellsPanel.obj
 0003:00001fdc       ?ReadStrFromIni@Era@@3P6G_NPBD00PAD@ZA 10010fdc     BattleSpellsPanel.obj
 0003:00001fe0       ?RecallAPI@Era@@3P6GHPAUTHookContext@1@H@ZA 10010fe0     BattleSpellsPanel.obj
 0003:00001fe4       ?RedirectFile@Era@@3P6GXXZA 10010fe4     BattleSpellsPanel.obj
 0003:00001fe8       ?RedirectMemoryBlock@Era@@3P6GXPAXH0@ZA 10010fe8     BattleSpellsPanel.obj
 0003:00001fec       ?RegisterHandler@Era@@3P6GXP6GXPAUTEvent@1@@ZPBD@ZA 10010fec     BattleSpellsPanel.obj
 0003:00001ff0       ?ReloadErm@Era@@3P6GXXZA   10010ff0     BattleSpellsPanel.obj
 0003:00001ff4       ?ReportPluginVersion@Era@@3P6GXPBD@ZA 10010ff4     BattleSpellsPanel.obj
 0003:00001ff8       ?RestoreEventParams@Era@@3P6GXXZA 10010ff8     BattleSpellsPanel.obj
 0003:00001ffc       ?SaveEventParams@Era@@3P6GXXZA 10010ffc     BattleSpellsPanel.obj
 0003:00002000       ?SaveIni@Era@@3P6G_NPBD@ZA 10011000     BattleSpellsPanel.obj
 0003:00002004       ?Splice@Era@@3P6GPAXPAX0HHPAHPAPAX@ZA 10011004     BattleSpellsPanel.obj
 0003:00002008       ?_tr@Era@@3P6GPADPBDPAPBDH@ZA 10011008     BattleSpellsPanel.obj
 0003:0000200c       ?WriteAtCode@Era@@3P6GXHPAX0@ZA 1001100c     BattleSpellsPanel.obj
 0003:00002010       ?WriteSavegameSection@Era@@3P6GXHPAXPBD@ZA 10011010     BattleSpellsPanel.obj
 0003:00002014       ?WriteStrToIni@Era@@3P6G_NPBD000@ZA 10011014     BattleSpellsPanel.obj
 0003:00002018       ?GetDefaultMsgBoxItId@Era@@3P6GHXZA 10011018     BattleSpellsPanel.obj
 0003:0000201c       ?GetMaskMsgBoxItId@Era@@3P6GHXZA 1001101c     BattleSpellsPanel.obj
 0003:00002020       ?spellsStatBar@@3PAU_DlgStaticTextPcx8ed_@@A 10011020     BattleSpellsPanel.obj
 0003:00002024       ?calls_count@?1??GetPatcher@@YAPAVPatcher@@XZ@4HA 10011024     BattleSpellsPanel.obj
 0003:0000202c       ___piob                    1001102c     <common>
 0003:00002040       __bufin                    10011040     <common>
 0003:00003040       __nstream                  10012040     <common>
 0003:00003044       ___sse2_available          10012044     <common>
 0003:00003048       __debugger_hook_dummy      10012048     <common>
 0003:0000304c       __nhandle                  1001204c     <common>
 0003:00003060       ___pioinfo                 10012060     <common>
 0003:00003160       ___env_initialized         10012160     <common>
 0003:00003164       ___onexitend               10012164     <common>
 0003:00003168       ___onexitbegin             10012168     <common>
 0003:0000316c       ___mbctype_initialized     1001216c     <common>
 0003:00003170       __FPinit                   10012170     <common>
 0003:00003174       ___dyn_tls_init_callback   10012174     <common>
 0003:00003178       ___sbh_cntHeaderList       10012178     <common>
 0003:0000317c       ___sbh_pHeaderList         1001217c     <common>
 0003:00003180       ___sbh_threshold           10012180     <common>
 0003:00003184       ___sbh_pHeaderScan         10012184     <common>
 0003:00003188       ___sbh_sizeHeaderList      10012188     <common>
 0003:0000318c       ___sbh_indGroupDefer       1001218c     <common>
 0003:00003190       ___active_heap             10012190     <common>
 0003:00003194       __acmdln                   10012194     <common>

 entry point at        0001:00001f22

 Static symbols

 0001:00001e2c       ___DllMainCRTStartup       10002e2c f   LIBCMT:dllcrt0.obj
 0001:00002828       _write_char                10003828 f   LIBCMT:output.obj
 0001:0000285b       _write_multi_char          1000385b f   LIBCMT:output.obj
 0001:00002881       _write_string              10003881 f   LIBCMT:output.obj
 0001:00004968       __onexit_nolock            10005968 f   LIBCMT:onexit.obj
 0001:00005276       __initterm                 10006276 f   LIBCMT:crt0dat.obj
 0001:0000533c       _doexit                    1000633c f   LIBCMT:crt0dat.obj
 0001:0000585b       _parse_cmdline             1000685b f   LIBCMT:stdargv.obj
 0001:00005f44       _fastcopy_I                10006f44 f   LIBCMT:p4_memcpy.obj
 0001:000060ae       _has_osfxsr_set            100070ae f   LIBCMT:cpu_disp.obj
 0001:00006dae       ?CPtoLCID@@YAHH@Z          10007dae f   LIBCMT:mbctype.obj
 0001:00006ddd       ?setSBCS@@YAXPAUthreadmbcinfostruct@@@Z 10007ddd f   LIBCMT:mbctype.obj
 0001:00006e41       ?setSBUpLow@@YAXPAUthreadmbcinfostruct@@@Z 10007e41 f   LIBCMT:mbctype.obj
 0001:00007078       ?getSystemCP@@YAHH@Z       10008078 f   LIBCMT:mbctype.obj
 0001:00007702       __updatetlocinfoEx_nolock  10008702 f   LIBCMT:setlocal.obj
 0001:00007d48       __unwind_handler4          10008d48 f   LIBCMT:exsup4.obj
 0001:00007f5d       _fastzero_I                10008f5d f   LIBCMT:p4_memset.obj
 0001:0000843d       _siglookup                 1000943d f   LIBCMT:winsig.obj
 0001:0000864f       ?x_ismbbtype_l@@YAHPAUlocaleinfo_struct@@IHH@Z 1000964f f   LIBCMT:ismbbyte.obj
 0001:000087f4       __unwind_handler           100097f4 f   LIBCMT:exsup.obj
 0001:00008e4a       _flsall                    10009e4a f   LIBCMT:fflush.obj
 0001:00008f4f       ?__crtLCMapStringA_stat@@YAHPAUlocaleinfo_struct@@KKPBDHPADHHH@Z 10009f4f f   LIBCMT:a_map.obj
 0001:00009339       ?__crtGetStringTypeA_stat@@YAHPAUlocaleinfo_struct@@KPBDHPAGHHH@Z 1000a339 f   LIBCMT:a_str.obj
 0001:00009969       ?strtoxl@@YAKPAUlocaleinfo_struct@@PBDPAPBDHH@Z 1000a969 f   LIBCMT:strtol.obj
