 wog native dialogs

 Timestamp is 61947c38 (Wed Nov 17 06:51:20 2021)

 Preferred load address is 10000000

 Start         Length     Name                   Class
 0001:00000000 00022d9cH .text                   CODE
 0001:00022da0 000008c1H .text$x                 CODE
 0001:00023661 00000014H .text$yd                CODE
 0002:00000000 0000013cH .idata$5                DATA
 0002:0000013c 00000004H .CRT$XCA                DATA
 0002:00000140 00000004H .CRT$XCZ                DATA
 0002:00000144 00000004H .CRT$XIA                DATA
 0002:00000148 00000010H .CRT$XIC                DATA
 0002:00000158 00000004H .CRT$XIZ                DATA
 0002:0000015c 00000004H .CRT$XPA                DATA
 0002:00000160 00000004H .CRT$XPX                DATA
 0002:00000164 00000004H .CRT$XPXA               DATA
 0002:00000168 00000004H .CRT$XPZ                DATA
 0002:0000016c 00000004H .CRT$XTA                DATA
 0002:00000170 00000004H .CRT$XTZ                DATA
 0002:00000180 00002678H .rdata                  DATA
 0002:000027f8 00000067H .rdata$debug            DATA
 0002:00002860 00000214H .rdata$r                DATA
 0002:00002a80 000000a4H .rdata$sxdata           DATA
 0002:00002b24 00000004H .rtc$IAA                DATA
 0002:00002b28 00000004H .rtc$IZZ                DATA
 0002:00002b2c 00000004H .rtc$TAA                DATA
 0002:00002b30 00000004H .rtc$TZZ                DATA
 0002:00002b38 00000e8cH .xdata$x                DATA
 0002:000039c4 00000028H .idata$2                DATA
 0002:000039ec 00000014H .idata$3                DATA
 0002:00003a00 0000013cH .idata$4                DATA
 0002:00003b3c 0000059cH .idata$6                DATA
 0002:000040e0 0000005eH .edata                  DATA
 0003:00000000 00001398H .data                   DATA
 0003:000013a0 000039b8H .bss                    DATA

  Address         Publics by Value              Rva+Base       Lib:Object

 0000:00000000       __except_list              00000000     <absolute>
 0000:00000029       ___safe_se_handler_count   00000029     <absolute>
 0000:00000000       ___ImageBase               10000000     <linker-defined>
 0001:00000000       ?WriteCodePatch@PatcherInstance@@QAAPAVPatch@@IPADZZ 10001000 f i wog native dialogs.obj
 0001:00000020       ??1bad_alloc@std@@UAE@XZ   10001020 f i wog native dialogs.obj
 0001:00000030       ??_Gbad_alloc@std@@UAEPAXI@Z 10001030 f i wog native dialogs.obj
 0001:00000030       ??_Ebad_alloc@std@@UAEPAXI@Z 10001030 f i  CIL library: CIL module
 0001:00000060       ??3@YAXPAX0@Z              10001060 f i wog native dialogs.obj
 0001:00000070       ?compare@?$char_traits@D@std@@SAHPBD0I@Z 10001070 f i wog native dialogs.obj
 0001:000000f0       ??0logic_error@std@@QAE@ABV?$basic_string@DU?$char_traits@D@std@@V?$allocator@D@2@@1@@Z 100010f0 f i wog native dialogs.obj
 0001:00000160       ?what@logic_error@std@@UBEPBDXZ 10001160 f i wog native dialogs.obj
 0001:00000170       ??0length_error@std@@QAE@ABV?$basic_string@DU?$char_traits@D@std@@V?$allocator@D@2@@1@@Z 10001170 f i wog native dialogs.obj
 0001:00000190       ??1length_error@std@@UAE@XZ 10001190 f i wog native dialogs.obj
 0001:00000190       ??1logic_error@std@@UAE@XZ 10001190 f i wog native dialogs.obj
 0001:000001d0       ??_Glogic_error@std@@UAEPAXI@Z 100011d0 f i wog native dialogs.obj
 0001:000001d0       ??_Elogic_error@std@@UAEPAXI@Z 100011d0 f i  CIL library: CIL module
 0001:000001d0       ??_Glength_error@std@@UAEPAXI@Z 100011d0 f i wog native dialogs.obj
 0001:000001d0       ??_Elength_error@std@@UAEPAXI@Z 100011d0 f i  CIL library: CIL module
 0001:00000220       ??0logic_error@std@@QAE@ABV01@@Z 10001220 f i wog native dialogs.obj
 0001:000002a0       ?Redraw@_Dlg_@@QAEXH@Z     100012a0 f i wog native dialogs.obj
 0001:000002c0       ?AddItem@_Dlg_@@QAEXPAU_DlgItem_@@@Z 100012c0 f i wog native dialogs.obj
 0001:000002f0       ?Create@_DlgStaticPcx8_@@SAPAU1@HHHHHPAD@Z 100012f0 f i wog native dialogs.obj
 0001:00000330       ?Create@_DlgStaticPcx8_@@SAPAU1@HHHPAD@Z 10001330 f i wog native dialogs.obj
 0001:00000380       ?Create@_DlgStaticDef_@@SAPAU1@HHHPADHHH@Z 10001380 f i wog native dialogs.obj
 0001:000003e0       ?Create@_DlgStaticPcx16_@@SAPAU1@HHHHHPADI@Z 100013e0 f i wog native dialogs.obj
 0001:00000420       ?Create@_DlgButton_@@SAPAU1@HHHPADHHHH@Z 10001420 f i wog native dialogs.obj
 0001:00000470       ?Create@_DlgTextButton_@@SAPAU1@HHHPAD00HHHHH@Z 10001470 f i wog native dialogs.obj
 0001:000004d0       ?b_MsgBox@@YAHPADH@Z       100014d0 f i wog native dialogs.obj
 0001:00000500       ?b_MsgBoxD@@YAHPADHHH@Z    10001500 f i wog native dialogs.obj
 0001:00000540       ?GetHero@_GameMgr_@@QAEPAU_Hero_@@H@Z 10001540 f i wog native dialogs.obj
 0001:00000560       ?Get_ITxtExp@@YAPADH@Z     10001560 f i wog native dialogs.obj
 0001:00000580       ?Y_Mouse_SetCursor@@YAXH@Z 10001580 f   wog native dialogs.obj
 0001:00000610       ?Set_DlgBackground_RK@@YAHPAU_Dlg_@@HH@Z 10001610 f   wog native dialogs.obj
 0001:00000bc0       ?b_MsgBoxAndDef@@YAXPADH0@Z 10001bc0 f   wog native dialogs.obj
 0001:00000df0       ?b_MsgBoxAndPcx8@@YAXPAD0H@Z 10001df0 f   wog native dialogs.obj
 0001:00001170       ?b_MsgBoxBig@@YAXPADD@Z    10002170 f   wog native dialogs.obj
 0001:000012b0       ?Y_MsgBoxAndAnimatedDef_Proc@@YGHPAV_CustomDlg_@@PAU_DlgMsg_@@@Z 100022b0 f   wog native dialogs.obj
 0001:00001330       ?b_MsgBoxAndAnimatedDef@@YAXPAD0@Z 10002330 f   wog native dialogs.obj
 0001:000016a0       ?e_ClickSound@@YAXXZ       100026a0 f i wog native dialogs.obj
 0001:000016f0       ?ConnectEra@Era@@YAXXZ     100026f0 f   wog native dialogs.obj
 0001:00001a30       ?F_MsgBox_OnlyTwoFirstItemsExist@@YAHPAU_Dlg_@@@Z 10002a30 f   wog native dialogs.obj
 0001:00001a80       ?F_MsgBox_ResetYellowFrames@@YAHPAU_Dlg_@@H@Z 10002a80 f   wog native dialogs.obj
 0001:00001ad0       ?F_MsgBox_Return@@YAHPAU_DlgMsg_@@H@Z 10002ad0 f   wog native dialogs.obj
 0001:00001b00       ?Y_New_MsgBox_GetNextItem@@YAHHH@Z 10002b00 f   wog native dialogs.obj
 0001:00001c30       ?Y_New_MsgBox_Proc@@YGHPAVHiHook@@PAU_DlgMsg_@@@Z 10002c30 f   wog native dialogs.obj
 0001:00001eb0       ?Y_New_MsgBox_SetDefaultFrameEnabled@@YGHPAVLoHook@@PAUHookContext@@@Z 10002eb0 f   wog native dialogs.obj
 0001:00001f60       ?Y_New_MsgBox_GetBitMask@@YGHPAVHiHook@@PAU_GameMgr_@@@Z 10002f60 f   wog native dialogs.obj
 0001:00001fd0       ?Dlg_MsgBox@@YAXPAVPatcherInstance@@@Z 10002fd0 f   wog native dialogs.obj
 0001:00002060       ?Y_Dlg_WoGMessage@@YGHPAVHiHook@@PAD1111@Z 10003060 f   wog native dialogs.obj
 0001:00002220       ?Y_WoG_PicDlg_Pcx8@@YGXPAVHiHook@@PAD1@Z 10003220 f   wog native dialogs.obj
 0001:000024c0       ?Y_WoG_PicDlg_Def@@YGXPAVHiHook@@PAD1@Z 100034c0 f   wog native dialogs.obj
 0001:00002760       ?Dlg_WoGMessageBox@@YAXPAVPatcherInstance@@@Z 10003760 f   wog native dialogs.obj
 0001:000027c0       ?Dlg_ChangeBmp@@YAXPAVPatcherInstance@@@Z 100037c0 f   wog native dialogs.obj
 0001:000035d0       ?Y_New_CommanderDlg_Proc@@YGHPAV_CustomDlg_@@PAU_DlgMsg_@@@Z 100045d0 f   wog native dialogs.obj
 0001:00003d60       ?Y_Dlg_NPC_Show@@YGHPAVHiHook@@PAU_DlgNPC_@@@Z 10004d60 f   wog native dialogs.obj
 0001:00005460       ?Y_Dlg_NPC_Prepare@@YGXPAVHiHook@@PAU_Npc_@@HHH@Z 10006460 f   wog native dialogs.obj
 0001:000054a0       ?Y_Dlg_NPC_ShowAgain_IfGetArtHero@@YGHPAVLoHook@@PAUHookContext@@@Z 100064a0 f   wog native dialogs.obj
 0001:000054c0       ?Y_HeroDlg_Create@@YGPAV_CustomDlg_@@PAVHiHook@@PAV1@@Z 100064c0 f   wog native dialogs.obj
 0001:00005520       ?Y_HeroDlg_Proc@@YGHPAVHiHook@@PAV_CustomDlg_@@PAU_DlgMsg_@@@Z 10006520 f   wog native dialogs.obj
 0001:00005790       ?Dlg_NPC@@YAXPAVPatcherInstance@@@Z 10006790 f   wog native dialogs.obj
 0001:00005820       ?New_Dlg_ExpaMon_Case8@@YAHH@Z 10006820 f   wog native dialogs.obj
 0001:00006180       ?New_Dlg_ExpaMon_BannerDlg_Proc@@YGHPAV_CustomDlg_@@PAU_DlgMsg_@@@Z 10007180 f   wog native dialogs.obj
 0001:00006250       ?New_Dlg_ExpaMon_BannerDlg@@YAHXZ 10007250 f   wog native dialogs.obj
 0001:00006650       ?New_Dlg_ExpaMon_Proc@@YGHPAV_CustomDlg_@@PAU_DlgMsg_@@@Z 10007650 f   wog native dialogs.obj
 0001:00006a70       ?Y_NewDlg_CreatureExpo@@YGHPAVHiHook@@PAU_CreatureExpo_@@@Z 10007a70 f   wog native dialogs.obj
 0001:00007640       ?Y_WoGCurseDlg_Proc@@YGHPAV_CustomDlg_@@PAU_DlgMsg_@@@Z 10008640 f   wog native dialogs.obj
 0001:00007740       ?Y_WoGCurseDlg_Show@@YGHPAVLoHook@@PAUHookContext@@@Z 10008740 f   wog native dialogs.obj
 0001:00007ae0       ?Y_WoGDlg_ChooseArt_Proc@@YGHPAV_CustomDlg_@@PAU_DlgMsg_@@@Z 10008ae0 f   wog native dialogs.obj
 0001:00007dd0       ?Y_WoGDlg_ChooseArt@@YGHPAVHiHook@@HPAU_Hero_@@H@Z 10008dd0 f   wog native dialogs.obj
 0001:00008450       ?WoG_PlaceCreature_RMC_Crtl@@YGHPAVLoHook@@PAUHookContext@@@Z 10009450 f   wog native dialogs.obj
 0001:00008480       _UseWin32InputControl      10009480 f   wog native dialogs.obj
 0001:000084a0       ?IsSupportedFormatImage@@YAHPAD@Z 100094a0 f   wog native dialogs.obj
 0001:00008780       ?New_Dlg_CustomReq_Proc@@YGHPAV_CustomDlg_@@PAU_DlgMsg_@@@Z 10009780 f   wog native dialogs.obj
 0001:00008940       ?New_Dlg_CustomReq@@YAHPAU_Sphinx1_@@@Z 10009940 f   wog native dialogs.obj
 0001:00009ba0       ?Y_Dlg_CustomReq@@YGHPAVHiHook@@HHPAPAD@Z 1000aba0 f   wog native dialogs.obj
 0001:00009e70       ?Y_WoGDlg_SphinxReq@@YGHPAVHiHook@@H@Z 1000ae70 f   wog native dialogs.obj
 0001:0000a000       ?Y_Dlg_QuickDialog@@YGHPAVHiHook@@PAU_Sphinx1_@@@Z 1000b000 f   wog native dialogs.obj
 0001:0000a090       ?Y_Dlg_CustomPic@@YGHPAVHiHook@@HH@Z 1000b090 f   wog native dialogs.obj
 0001:0000a3f0       ?Dlg_Sphinx@@YAXPAVPatcherInstance@@@Z 1000b3f0 f   wog native dialogs.obj
 0001:0000a4b0       ?New_Dlg_IF_G_Proc@@YGHPAV_CustomDlg_@@PAU_DlgMsg_@@@Z 1000b4b0 f   wog native dialogs.obj
 0001:0000a5d0       ?New_Dlg_IF_G@@YAHPAU_CheckBoxes_@@@Z 1000b5d0 f   wog native dialogs.obj
 0001:0000aa20       ?New_Dlg_IF_G_Lo@@YGHPAVLoHook@@PAUHookContext@@@Z 1000ba20 f   wog native dialogs.obj
 0001:0000aa80       ?Dlg_IFG@@YAXPAVPatcherInstance@@@Z 1000ba80 f   wog native dialogs.obj
 0001:0000aad0       ?Dlg_ChooseMonAttack_Proc@@YGHPAV_CustomDlg_@@PAU_DlgMsg_@@@Z 1000bad0 f   wog native dialogs.obj
 0001:0000ab10       ?Dlg_ChooseMonAttack@@YGHPAVHiHook@@HHH@Z 1000bb10 f   wog native dialogs.obj
 0001:0000adf0       ?Y_NewScenarioDlg_SetScrolledShoose@@YAHPAU_NewScenarioDlg_@@PAU_DlgMsg_@@@Z 1000bdf0 f   wog native dialogs.obj
 0001:0000ae80       ?Redraw_WoGDlgSetup_ElemOnPage@@YAHPAV_CustomDlg_@@PAU_DlgSetup_@@H@Z 1000be80 f   wog native dialogs.obj
 0001:0000b070       ?ShowHide_WoGDlgSetup_ElemOnPage@@YAHPAV_CustomDlg_@@HPAU_DlgSetup_@@H@Z 1000c070 f   wog native dialogs.obj
 0001:0000b260       ?Create_WoGDlgSetup_ElemOnPage@@YAHPAV_CustomDlg_@@HPAU_DlgSetup_@@@Z 1000c260 f   wog native dialogs.obj
 0001:0000b650       ?setYellowFrames@@YAXPAV_CustomDlg_@@H@Z 1000c650 f   wog native dialogs.obj
 0001:0000c1b0       ?Dlg_WoG_Options_Proc@@YGHPAV_CustomDlg_@@PAU_DlgMsg_@@@Z 1000d1b0 f   wog native dialogs.obj
 0001:0000c900       ?Dlg_WoG_Options_Show@@YGXPAVHiHook@@H@Z 1000d900 f   wog native dialogs.obj
 0001:0000ce50       ?Y_NewScenarioDlg_Proc@@YGHPAVHiHook@@PAU_NewScenarioDlg_@@PAU_DlgMsg_@@@Z 1000de50 f   wog native dialogs.obj
 0001:0000cee0       ?Y_NewScenarioDlg_BlockScrollBar@@YGHPAVHiHook@@PAX@Z 1000dee0 f   wog native dialogs.obj
 0001:0000cf10       ?Y_NewScenarioDlg_Create@@YGXPAVHiHook@@PAU_NewScenarioDlg_@@H@Z 1000df10 f   wog native dialogs.obj
 0001:0000cf70       ?Dlg_WoGOptions@@YAXPAVPatcherInstance@@@Z 1000df70 f   wog native dialogs.obj
 0001:0000d020       ?WOG_ProcessAll@@YGXPAVHiHook@@@Z 1000e020 f   wog native dialogs.obj
 0001:0000d300       ?Dlg_SaveDatFile1@@YGHPAVLoHook@@PAUHookContext@@@Z 1000e300 f   wog native dialogs.obj
 0001:0000d390       ?Dlg_LoadDatFile1@@YGHPAVLoHook@@PAUHookContext@@@Z 1000e390 f   wog native dialogs.obj
 0001:0000d420       ?WoGOptionsStrings@@YAXPAVPatcherInstance@@@Z 1000e420 f   wog native dialogs.obj
 0001:0000d480       ?Dlg_ChooseCastleReBuild_Proc@@YGHPAV_CustomDlg_@@PAU_DlgMsg_@@@Z 1000e480 f   wog native dialogs.obj
 0001:0000d5d0       ?Dlg_ChooseCastleReBuild@@YAHXZ 1000e5d0 f   wog native dialogs.obj
 0001:0000db90       ?HiHook_Dlg_ChooseCastleReBuild@@YGHPAVHiHook@@@Z 1000eb90 f   wog native dialogs.obj
 0001:0000dba0       ?LoHook_Dlg_ChooseCastleReBuild@@YGHPAVLoHook@@PAUHookContext@@@Z 1000eba0 f   wog native dialogs.obj
 0001:0000dbd0       ?Y_Dlg_HeroLvlUp_Proc@@YGHPAVHiHook@@HPAU_DlgMsg_@@@Z 1000ebd0 f   wog native dialogs.obj
 0001:0000dcc0       ?Y_Lo_Dlg_HeroLvlUp_Create@@YGHPAVLoHook@@PAUHookContext@@@Z 1000ecc0 f   wog native dialogs.obj
 0001:0000dce0       ?Y_BATTLE_Proc@@YGHPAVHiHook@@PAU_BattleMgr_@@PAU_DlgMsg_@@@Z 1000ece0 f   wog native dialogs.obj
 0001:0000de30       ?Y_EndBattle@@YGHPAVLoHook@@PAUHookContext@@@Z 1000ee30 f   wog native dialogs.obj
 0001:0000dee0       ?StartHD5Functions@@YAXXZ  1000eee0 f   wog native dialogs.obj
 0001:0000df50       ?HD5_Functions@@YAXPAVPatcherInstance@@@Z 1000ef50 f   wog native dialogs.obj
 0001:0000dfa0       ?NewBattleLogDlg_Proc@@YGHPAV_CustomDlg_@@PAU_DlgMsg_@@@Z 1000efa0 f   wog native dialogs.obj
 0001:0000dfe0       ?CreateNewBattleLogDlg@@YAXPAU_BattleMgr_@@@Z 1000efe0 f   wog native dialogs.obj
 0001:0000e510       ?BattleLog_Proc@@YGHPAVHiHook@@PAU_BattleMgr_@@PAU_DlgMsg_@@@Z 1000f510 f   wog native dialogs.obj
 0001:0000e570       ?BattleLog_ReportNewRound@@YGXPAVHiHook@@IPBDHD@Z 1000f570 f   wog native dialogs.obj
 0001:0000e5c0       ?expandFilePath@fsman@@YA?AV?$basic_string@DU?$char_traits@D@std@@V?$allocator@D@2@@std@@ABV23@@Z 1000f5c0 f   wog native dialogs.obj
 0001:0000e810       ?isAbsPath@fsman@@YA_NABV?$basic_string@DU?$char_traits@D@std@@V?$allocator@D@2@@std@@@Z 1000f810 f   wog native dialogs.obj
 0001:0000e870       ?compareCaseInsensitively@fsman@@YA_NABV?$basic_string@DU?$char_traits@D@std@@V?$allocator@D@2@@std@@0@Z 1000f870 f   wog native dialogs.obj
 0001:0000e950       ?sortCaseInsensitively@fsman@@YAXAAV?$vector@V?$basic_string@DU?$char_traits@D@std@@V?$allocator@D@2@@std@@V?$allocator@V?$basic_string@DU?$char_traits@D@std@@V?$allocator@D@2@@std@@@2@@std@@@Z 1000f950 f   wog native dialogs.obj
 0001:0000e9b0       ??0FsMan@fsman@@QAE@ABV?$basic_string@DU?$char_traits@D@std@@V?$allocator@D@2@@std@@@Z 1000f9b0 f   wog native dialogs.obj
 0001:0000ea40       ?expandFilePath@FsMan@fsman@@QAE?AV?$basic_string@DU?$char_traits@D@std@@V?$allocator@D@2@@std@@ABV34@@Z 1000fa40 f   wog native dialogs.obj
 0001:0000eb40       ?changeDirectory@FsMan@fsman@@QAE_NABV?$basic_string@DU?$char_traits@D@std@@V?$allocator@D@2@@std@@@Z 1000fb40 f   wog native dialogs.obj
 0001:0000ec00       ?listDirectories@FsMan@fsman@@QAE?AV?$vector@V?$basic_string@DU?$char_traits@D@std@@V?$allocator@D@2@@std@@V?$allocator@V?$basic_string@DU?$char_traits@D@std@@V?$allocator@D@2@@std@@@2@@std@@XZ 1000fc00 f   wog native dialogs.obj
 0001:0000efb0       ?listFiles@FsMan@fsman@@QAE?AV?$vector@V?$basic_string@DU?$char_traits@D@std@@V?$allocator@D@2@@std@@V?$allocator@V?$basic_string@DU?$char_traits@D@std@@V?$allocator@D@2@@std@@@2@@std@@ABV?$basic_string@DU?$char_traits@D@std@@V?$allocator@D@2@@4@@Z 1000ffb0 f   wog native dialogs.obj
 0001:0000f370       ?NewDlg_ChooseFile_ChangeDirectory@@YAHPAV_CustomDlg_@@PAD@Z 10010370 f   wog native dialogs.obj
 0001:0000f4b0       ?NewDlg_ChooseFile_FolderOut@@YAHPAV_CustomDlg_@@@Z 100104b0 f   wog native dialogs.obj
 0001:0000f710       ?NewDlg_ChooseFile_FolderIn@@YAHPAV_CustomDlg_@@@Z 10010710 f   wog native dialogs.obj
 0001:0000f8a0       ?NewDlg_ChooseFile_JumpRootFolder@@YAHPAV_CustomDlg_@@@Z 100108a0 f   wog native dialogs.obj
 0001:0000fa20       ?NewDlg_ChooseFile_RedrawFrames@@YAHPAV_CustomDlg_@@PAU_ScrollFiles_@@@Z 10010a20 f   wog native dialogs.obj
 0001:0000fa80       ?NewDlg_ChooseFile_MooveFrameUp@@YAHPAV_CustomDlg_@@@Z 10010a80 f   wog native dialogs.obj
 0001:0000fb80       ?NewDlg_ChooseFile_MooveFrameDown@@YAHPAV_CustomDlg_@@@Z 10010b80 f   wog native dialogs.obj
 0001:0000fc80       ?NewDlg_ChooseFile_ScrollProc@@YIXHPAV_CustomDlg_@@@Z 10010c80 f   wog native dialogs.obj
 0001:00010240       ?NewDlg_ChooseFile_Rebuild@@YGHPAV_CustomDlg_@@@Z 10011240 f   wog native dialogs.obj
 0001:00010a80       ?NewDlg_ChooseFile_UdateEditText@@YAHPAV_CustomDlg_@@PAD@Z 10011a80 f   wog native dialogs.obj
 0001:00010b00       ?NewDlg_ChooseFile_SetTextOnEditTextItem@@YAHPAV_CustomDlg_@@H@Z 10011b00 f   wog native dialogs.obj
 0001:00010b60       ?NewDlg_ChooseFile_UpdateHintText@@YAXPAV_CustomDlg_@@PAU_DlgMsg_@@@Z 10011b60 f   wog native dialogs.obj
 0001:00010ca0       ?NewDlg_ChooseFile_Proc@@YGHPAV_CustomDlg_@@PAU_DlgMsg_@@@Z 10011ca0 f   wog native dialogs.obj
 0001:00011040       ?NewDlg_ChooseFile@@YGHPAU_ChooseFile_@@@Z 10012040 f   wog native dialogs.obj
 0001:00011b20       ?NewDlg_ChooseFile_Prepare@@YAHPAU_ChooseFile_@@@Z 10012b20 f   wog native dialogs.obj
 0001:00011ed0       ?Dlg_WoG_Options_SaveOrLoad@@YGHPAVHiHook@@PAU_ChooseFile_@@PAD@Z 10012ed0 f   wog native dialogs.obj
 0001:00011ff0       ?DlgEdit_IsCorrectInpulSymbol@@YGHPAVHiHook@@PAU_DlgTextEdit_@@PAU_DlgMsg_@@@Z 10012ff0 f   wog native dialogs.obj
 0001:00012110       ?Y_DlgTown_Proc@@YGHPAVHiHook@@PAU_TownMgr_@@PAU_DlgMsg_@@@Z 10013110 f   wog native dialogs.obj
 0001:00012280       ?Y_Dlg_HeroesMeet@@YGHPAVLoHook@@PAUHookContext@@@Z 10013280 f   wog native dialogs.obj
 0001:000122b0       ?Y_Battle_SetHintAttackGetDamage@@YGHPAVLoHook@@PAUHookContext@@@Z 100132b0 f   wog native dialogs.obj
 0001:000122d0       ?GetStringKilled@@YAPADPADPAU_BattleStack_@@@Z 100132d0 f   wog native dialogs.obj
 0001:00012400       ?BattleMgr_GetAttackDamage_Hint_LogString@@YGPAU_HStr_@@PAVHiHook@@PAU1@PAU_BattleStack_@@2EH@Z 10013400 f   wog native dialogs.obj
 0001:00012500       ?Y_DlgCreditsSmoothly@@YGHPAVLoHook@@PAUHookContext@@@Z 10013500 f   wog native dialogs.obj
 0001:00012530       ?Y_Dlg_MainMenu_Create@@YGHPAVHiHook@@PAU_Dlg_@@@Z 10013530 f   wog native dialogs.obj
 0001:000125d0       ?OnReportVersion@@YGXPAUTEvent@Era@@@Z 100135d0 f   wog native dialogs.obj
 0001:00012600       ?Y_LoadAllTXTinGames@@YGHPAVLoHook@@PAUHookContext@@@Z 10013600 f   wog native dialogs.obj
 0001:00012620       ?Y_Hook_MainLoop@@YGHPAVLoHook@@PAUHookContext@@@Z 10013620 f   wog native dialogs.obj
 0001:00012a90       _DllMain@12                10013a90 f   wog native dialogs.obj
 0001:00012de0       ??0?$basic_string@DU?$char_traits@D@std@@V?$allocator@D@2@@std@@QAE@PBD@Z 10013de0 f i wog native dialogs.obj
 0001:00012e20       ??0?$basic_string@DU?$char_traits@D@std@@V?$allocator@D@2@@std@@QAE@ABV01@@Z 10013e20 f i wog native dialogs.obj
 0001:00012e50       ??1?$basic_string@DU?$char_traits@D@std@@V?$allocator@D@2@@std@@QAE@XZ 10013e50 f i wog native dialogs.obj
 0001:00012e80       ?append@?$basic_string@DU?$char_traits@D@std@@V?$allocator@D@2@@std@@QAEAAV12@PBD@Z 10013e80 f i wog native dialogs.obj
 0001:00012ea0       ?erase@?$basic_string@DU?$char_traits@D@std@@V?$allocator@D@2@@std@@QAEAAV12@II@Z 10013ea0 f i wog native dialogs.obj
 0001:00012f30       ?begin@?$basic_string@DU?$char_traits@D@std@@V?$allocator@D@2@@std@@QAE?AV?$_String_iterator@DU?$char_traits@D@std@@V?$allocator@D@2@@2@XZ 10013f30 f i wog native dialogs.obj
 0001:00012f90       ?end@?$basic_string@DU?$char_traits@D@std@@V?$allocator@D@2@@std@@QAE?AV?$_String_iterator@DU?$char_traits@D@std@@V?$allocator@D@2@@2@XZ 10013f90 f i wog native dialogs.obj
 0001:00012ff0       ?substr@?$basic_string@DU?$char_traits@D@std@@V?$allocator@D@2@@std@@QBE?AV12@II@Z 10013ff0 f i wog native dialogs.obj
 0001:00013020       ??1?$vector@DV?$allocator@D@std@@@std@@QAE@XZ 10014020 f i wog native dialogs.obj
 0001:00013050       ??H?$_Vector_iterator@DV?$allocator@D@std@@@std@@QBE?AV01@H@Z 10014050 f i wog native dialogs.obj
 0001:000130a0       ??0?$vector@V?$basic_string@DU?$char_traits@D@std@@V?$allocator@D@2@@std@@V?$allocator@V?$basic_string@DU?$char_traits@D@std@@V?$allocator@D@2@@std@@@2@@std@@QAE@XZ 100140a0 f i wog native dialogs.obj
 0001:000130a0       ??0?$vector@DV?$allocator@D@std@@@std@@QAE@XZ 100140a0 f i wog native dialogs.obj
 0001:00013100       ??1?$vector@V?$basic_string@DU?$char_traits@D@std@@V?$allocator@D@2@@std@@V?$allocator@V?$basic_string@DU?$char_traits@D@std@@V?$allocator@D@2@@std@@@2@@std@@QAE@XZ 10014100 f i wog native dialogs.obj
 0001:00013150       ?push_back@?$vector@V?$basic_string@DU?$char_traits@D@std@@V?$allocator@D@2@@std@@V?$allocator@V?$basic_string@DU?$char_traits@D@std@@V?$allocator@D@2@@std@@@2@@std@@QAEXABV?$basic_string@DU?$char_traits@D@std@@V?$allocator@D@2@@2@@Z 10014150 f i wog native dialogs.obj
 0001:00013200       ??1?$_Vector_val@DV?$allocator@D@std@@@std@@QAE@XZ 10014200 f i wog native dialogs.obj
 0001:00013200       ??1?$_Vector_val@V?$basic_string@DU?$char_traits@D@std@@V?$allocator@D@2@@std@@V?$allocator@V?$basic_string@DU?$char_traits@D@std@@V?$allocator@D@2@@std@@@2@@std@@QAE@XZ 10014200 f i wog native dialogs.obj
 0001:00013210       ?append@?$basic_string@DU?$char_traits@D@std@@V?$allocator@D@2@@std@@QAEAAV12@PBDI@Z 10014210 f i wog native dialogs.obj
 0001:00013320       ?assign@?$basic_string@DU?$char_traits@D@std@@V?$allocator@D@2@@std@@QAEAAV12@ABV12@II@Z 10014320 f i wog native dialogs.obj
 0001:00013400       ?assign@?$basic_string@DU?$char_traits@D@std@@V?$allocator@D@2@@std@@QAEAAV12@PBDI@Z 10014400 f i wog native dialogs.obj
 0001:000134e0       ?find_last_of@?$basic_string@DU?$char_traits@D@std@@V?$allocator@D@2@@std@@QBEIPBDII@Z 100144e0 f i wog native dialogs.obj
 0001:00013580       ?_Myptr@?$basic_string@DU?$char_traits@D@std@@V?$allocator@D@2@@std@@IBEPBDXZ 10014580 f i wog native dialogs.obj
 0001:00013590       ?resize@?$vector@DV?$allocator@D@std@@@std@@QAEXID@Z 10014590 f i wog native dialogs.obj
 0001:00013660       ?_Ufill@?$vector@DV?$allocator@D@std@@@std@@IAEPADPADIABD@Z 10014660 f i wog native dialogs.obj
 0001:00013690       ?insert@?$vector@V?$basic_string@DU?$char_traits@D@std@@V?$allocator@D@2@@std@@V?$allocator@V?$basic_string@DU?$char_traits@D@std@@V?$allocator@D@2@@std@@@2@@std@@QAE?AV?$_Vector_iterator@V?$basic_string@DU?$char_traits@D@std@@V?$allocator@D@2@@std@@V?$allocator@V?$basic_string@DU?$char_traits@D@std@@V?$allocator@D@2@@std@@@2@@2@V?$_Vector_const_iterator@V?$basic_string@DU?$char_traits@D@std@@V?$allocator@D@2@@std@@V?$allocator@V?$basic_string@DU?$char_traits@D@std@@V?$allocator@D@2@@std@@@2@@2@ABV?$basic_string@DU?$char_traits@D@std@@V?$allocator@D@2@@2@@Z 10014690 f i wog native dialogs.obj
 0001:00013770       ?_Ufill@?$vector@V?$basic_string@DU?$char_traits@D@std@@V?$allocator@D@2@@std@@V?$allocator@V?$basic_string@DU?$char_traits@D@std@@V?$allocator@D@2@@std@@@2@@std@@IAEPAV?$basic_string@DU?$char_traits@D@std@@V?$allocator@D@2@@2@PAV32@IABV32@@Z 10014770 f i wog native dialogs.obj
 0001:000137a0       ?append@?$basic_string@DU?$char_traits@D@std@@V?$allocator@D@2@@std@@QAEAAV12@ABV12@II@Z 100147a0 f i wog native dialogs.obj
 0001:00013890       ?_Grow@?$basic_string@DU?$char_traits@D@std@@V?$allocator@D@2@@std@@IAE_NI_N@Z 10014890 f i wog native dialogs.obj
 0001:00013950       ?allocate@?$allocator@D@std@@QAEPADI@Z 10014950 f i wog native dialogs.obj
 0001:000139b0       ?erase@?$vector@DV?$allocator@D@std@@@std@@QAE?AV?$_Vector_iterator@DV?$allocator@D@std@@@2@V?$_Vector_const_iterator@DV?$allocator@D@std@@@2@0@Z 100149b0 f i wog native dialogs.obj
 0001:00013a40       ?_Insert_n@?$vector@DV?$allocator@D@std@@@std@@IAEXV?$_Vector_const_iterator@DV?$allocator@D@std@@@2@IABD@Z 10014a40 f i wog native dialogs.obj
 0001:00013c00       ?_Insert_n@?$vector@V?$basic_string@DU?$char_traits@D@std@@V?$allocator@D@2@@std@@V?$allocator@V?$basic_string@DU?$char_traits@D@std@@V?$allocator@D@2@@std@@@2@@std@@IAEXV?$_Vector_const_iterator@V?$basic_string@DU?$char_traits@D@std@@V?$allocator@D@2@@std@@V?$allocator@V?$basic_string@DU?$char_traits@D@std@@V?$allocator@D@2@@std@@@2@@2@IABV?$basic_string@DU?$char_traits@D@std@@V?$allocator@D@2@@2@@Z 10014c00 f i wog native dialogs.obj
 0001:00013f50       ?_Xlen@?$vector@DV?$allocator@D@std@@@std@@KAXXZ 10014f50 f i wog native dialogs.obj
 0001:00013f50       ?_Xlen@?$vector@V?$basic_string@DU?$char_traits@D@std@@V?$allocator@D@2@@std@@V?$allocator@V?$basic_string@DU?$char_traits@D@std@@V?$allocator@D@2@@std@@@2@@std@@KAXXZ 10014f50 f i wog native dialogs.obj
 0001:00013fd0       ?allocate@?$allocator@V?$basic_string@DU?$char_traits@D@std@@V?$allocator@D@2@@std@@@std@@QAEPAV?$basic_string@DU?$char_traits@D@std@@V?$allocator@D@2@@2@I@Z 10014fd0 f i wog native dialogs.obj
 0001:00014030       ??0length_error@std@@QAE@ABV01@@Z 10015030 f i wog native dialogs.obj
 0001:00014050       ?_Copy@?$basic_string@DU?$char_traits@D@std@@V?$allocator@D@2@@std@@IAEXII@Z 10015050 f i wog native dialogs.obj
 0001:000141c0       ??$transform@V?$_String_iterator@DU?$char_traits@D@std@@V?$allocator@D@2@@std@@V12@P6AHH@Z@std@@YA?AV?$_String_iterator@DU?$char_traits@D@std@@V?$allocator@D@2@@0@V10@00P6AHH@Z@Z 100151c0 f i wog native dialogs.obj
 0001:00014220       ??$?8DU?$char_traits@D@std@@V?$allocator@D@1@@std@@YA_NABV?$basic_string@DU?$char_traits@D@std@@V?$allocator@D@2@@0@PBD@Z 10015220 f i wog native dialogs.obj
 0001:00014280       ??$?0V?$_Vector_iterator@DV?$allocator@D@std@@@std@@@?$basic_string@DU?$char_traits@D@std@@V?$allocator@D@2@@std@@QAE@V?$_Vector_iterator@DV?$allocator@D@std@@@1@0@Z 10015280 f i wog native dialogs.obj
 0001:000142c0       ??$?HDU?$char_traits@D@std@@V?$allocator@D@1@@std@@YA?AV?$basic_string@DU?$char_traits@D@std@@V?$allocator@D@2@@0@ABV10@PBD@Z 100152c0 f i wog native dialogs.obj
 0001:00014370       ??$?HDU?$char_traits@D@std@@V?$allocator@D@1@@std@@YA?AV?$basic_string@DU?$char_traits@D@std@@V?$allocator@D@2@@0@ABV10@0@Z 10015370 f i wog native dialogs.obj
 0001:00014420       ??$VarValue@H@Patcher@@QAEAAHPAD@Z 10015420 f i wog native dialogs.obj
 0001:00014460       ??$_Umove@PAV?$basic_string@DU?$char_traits@D@std@@V?$allocator@D@2@@std@@@?$vector@V?$basic_string@DU?$char_traits@D@std@@V?$allocator@D@2@@std@@V?$allocator@V?$basic_string@DU?$char_traits@D@std@@V?$allocator@D@2@@std@@@2@@std@@IAEPAV?$basic_string@DU?$char_traits@D@std@@V?$allocator@D@2@@1@PAV21@00@Z 10015460 f i wog native dialogs.obj
 0001:00014490       ??$fill@PAV?$basic_string@DU?$char_traits@D@std@@V?$allocator@D@2@@std@@V12@@std@@YAXPAV?$basic_string@DU?$char_traits@D@std@@V?$allocator@D@2@@0@0ABV10@@Z 10015490 f i wog native dialogs.obj
 0001:000144c0       ??$_Unchecked_move_backward@PAV?$basic_string@DU?$char_traits@D@std@@V?$allocator@D@2@@std@@PAV12@@stdext@@YAPAV?$basic_string@DU?$char_traits@D@std@@V?$allocator@D@2@@std@@PAV12@00@Z 100154c0 f i wog native dialogs.obj
 0001:00014520       ??0bad_alloc@std@@QAE@ABV01@@Z 10015520 f i wog native dialogs.obj
 0001:00014540       ??$_Construct@V?$_Vector_iterator@DV?$allocator@D@std@@@std@@@?$basic_string@DU?$char_traits@D@std@@V?$allocator@D@2@@std@@QAEXV?$_Vector_iterator@DV?$allocator@D@std@@@1@0Uforward_iterator_tag@1@@Z 10015540 f i wog native dialogs.obj
 0001:00014690       ??$_Sort@PAV?$basic_string@DU?$char_traits@D@std@@V?$allocator@D@2@@std@@HP6A_NABV12@0@Z@std@@YAXPAV?$basic_string@DU?$char_traits@D@std@@V?$allocator@D@2@@0@0HP6A_NABV10@1@Z@Z 10015690 f i wog native dialogs.obj
 0001:000147e0       ??$?8DU?$char_traits@D@std@@V?$allocator@D@1@@std@@YA_NABV?$basic_string@DU?$char_traits@D@std@@V?$allocator@D@2@@0@0@Z 100157e0 f i wog native dialogs.obj
 0001:00014850       ??$_Uninit_fill_n@PAV?$basic_string@DU?$char_traits@D@std@@V?$allocator@D@2@@std@@IV12@V?$allocator@V?$basic_string@DU?$char_traits@D@std@@V?$allocator@D@2@@std@@@2@@std@@YAXPAV?$basic_string@DU?$char_traits@D@std@@V?$allocator@D@2@@0@IABV10@AAV?$allocator@V?$basic_string@DU?$char_traits@D@std@@V?$allocator@D@2@@std@@@0@U_Nonscalar_ptr_iterator_tag@0@U_Range_checked_iterator_tag@0@@Z 10015850 f i wog native dialogs.obj
 0001:000148f0       ??$_Destroy_range@V?$allocator@V?$basic_string@DU?$char_traits@D@std@@V?$allocator@D@2@@std@@@std@@@std@@YAXPAV?$basic_string@DU?$char_traits@D@std@@V?$allocator@D@2@@0@0AAV?$allocator@V?$basic_string@DU?$char_traits@D@std@@V?$allocator@D@2@@std@@@0@U_Nonscalar_ptr_iterator_tag@0@@Z 100158f0 f i wog native dialogs.obj
 0001:00014930       ?append@?$basic_string@DU?$char_traits@D@std@@V?$allocator@D@2@@std@@QAEAAV12@ID@Z 10015930 f i wog native dialogs.obj
 0001:000149c0       ??H?$_String_iterator@DU?$char_traits@D@std@@V?$allocator@D@2@@std@@QBE?AV01@H@Z 100159c0 f i wog native dialogs.obj
 0001:00014a30       ?destroy@?$allocator@V?$basic_string@DU?$char_traits@D@std@@V?$allocator@D@2@@std@@@std@@QAEXPAV?$basic_string@DU?$char_traits@D@std@@V?$allocator@D@2@@2@@Z 10015a30 f i wog native dialogs.obj
 0001:00014a30       ??1FsMan@fsman@@QAE@XZ     10015a30 f i wog native dialogs.obj
 0001:00014a60       ??$_Unguarded_partition@PAV?$basic_string@DU?$char_traits@D@std@@V?$allocator@D@2@@std@@P6A_NABV12@0@Z@std@@YA?AU?$pair@PAV?$basic_string@DU?$char_traits@D@std@@V?$allocator@D@2@@std@@PAV12@@0@PAV?$basic_string@DU?$char_traits@D@std@@V?$allocator@D@2@@0@0P6A_NABV20@1@Z@Z 10015a60 f i wog native dialogs.obj
 0001:00014f00       ??$_Uninit_move@PAV?$basic_string@DU?$char_traits@D@std@@V?$allocator@D@2@@std@@PAV12@V?$allocator@V?$basic_string@DU?$char_traits@D@std@@V?$allocator@D@2@@std@@@2@@std@@YAPAV?$basic_string@DU?$char_traits@D@std@@V?$allocator@D@2@@0@PAV10@00AAV?$allocator@V?$basic_string@DU?$char_traits@D@std@@V?$allocator@D@2@@std@@@0@U_Swap_move_tag@0@U_Range_checked_iterator_tag@0@@Z 10015f00 f i wog native dialogs.obj
 0001:00015040       ??$_Move_backward_opt@PAV?$basic_string@DU?$char_traits@D@std@@V?$allocator@D@2@@std@@PAV12@Uforward_iterator_tag@2@@std@@YAPAV?$basic_string@DU?$char_traits@D@std@@V?$allocator@D@2@@0@PAV10@00Uforward_iterator_tag@0@U_Swap_move_tag@0@U_Range_checked_iterator_tag@0@@Z 10016040 f i wog native dialogs.obj
 0001:000150d0       ??$_Median@PAV?$basic_string@DU?$char_traits@D@std@@V?$allocator@D@2@@std@@P6A_NABV12@0@Z@std@@YAXPAV?$basic_string@DU?$char_traits@D@std@@V?$allocator@D@2@@0@00P6A_NABV10@1@Z@Z 100160d0 f i wog native dialogs.obj
 0001:000152b0       ??$_Make_heap@PAV?$basic_string@DU?$char_traits@D@std@@V?$allocator@D@2@@std@@HV12@P6A_NABV12@0@Z@std@@YAXPAV?$basic_string@DU?$char_traits@D@std@@V?$allocator@D@2@@0@0P6A_NABV10@1@ZPAH0@Z 100162b0 f i wog native dialogs.obj
 0001:00015330       ??$_Sort_heap@PAV?$basic_string@DU?$char_traits@D@std@@V?$allocator@D@2@@std@@P6A_NABV12@0@Z@std@@YAXPAV?$basic_string@DU?$char_traits@D@std@@V?$allocator@D@2@@0@0P6A_NABV10@1@Z@Z 10016330 f i wog native dialogs.obj
 0001:000153c0       ??$_Insertion_sort1@PAV?$basic_string@DU?$char_traits@D@std@@V?$allocator@D@2@@std@@P6A_NABV12@0@ZV12@@std@@YAXPAV?$basic_string@DU?$char_traits@D@std@@V?$allocator@D@2@@0@0P6A_NABV10@1@Z0@Z 100163c0 f i wog native dialogs.obj
 0001:00015510       ??$_Adjust_heap@PAV?$basic_string@DU?$char_traits@D@std@@V?$allocator@D@2@@std@@HV12@P6A_NABV12@0@Z@std@@YAXPAV?$basic_string@DU?$char_traits@D@std@@V?$allocator@D@2@@0@HHV10@P6A_NABV10@2@Z@Z 10016510 f i wog native dialogs.obj
 0001:00015640       ?swap@?$basic_string@DU?$char_traits@D@std@@V?$allocator@D@2@@std@@QAEXAAV12@@Z 10016640 f i wog native dialogs.obj
 0001:000156c0       ??$_Push_heap@PAV?$basic_string@DU?$char_traits@D@std@@V?$allocator@D@2@@std@@HV12@P6A_NABV12@0@Z@std@@YAXPAV?$basic_string@DU?$char_traits@D@std@@V?$allocator@D@2@@0@HHV10@P6A_NABV10@2@Z@Z 100166c0 f i wog native dialogs.obj
 0001:000157a0       ??$_Pop_heap@PAV?$basic_string@DU?$char_traits@D@std@@V?$allocator@D@2@@std@@HV12@P6A_NABV12@0@Z@std@@YAXPAV?$basic_string@DU?$char_traits@D@std@@V?$allocator@D@2@@0@00V10@P6A_NABV10@2@ZPAH@Z 100167a0 f i wog native dialogs.obj
 0001:00015850       ?RedrawScreen@_DlgItem_@@QAEXXZ 10016850 f   HoMM3_GUI.obj
 0001:00015880       ?Create@_CustomDlg_@@SAPAV1@HHHHIP6GHPAV1@PAU_DlgMsg_@@@Z@Z 10016880 f   HoMM3_GUI.obj
 0001:00015900       ?DlgProcBridge@_CustomDlg_@@SIHPAV1@IPAU_DlgMsg_@@@Z 10016900 f   HoMM3_GUI.obj
 0001:00015919       ??0out_of_range@std@@QAE@ABV?$basic_string@DU?$char_traits@D@std@@V?$allocator@D@2@@1@@Z 10016919 f i libcpmt:string.obj
 0001:00015936       ??1out_of_range@std@@UAE@XZ 10016936 f i libcpmt:string.obj
 0001:00015941       ??_Gout_of_range@std@@UAEPAXI@Z 10016941 f i libcpmt:string.obj
 0001:00015941       ??_Eout_of_range@std@@UAEPAXI@Z 10016941 f i libcpmt:string.obj
 0001:00015968       ?_Xlen@_String_base@std@@SAXXZ 10016968 f   libcpmt:string.obj
 0001:000159a0       ?_Xran@_String_base@std@@SAXXZ 100169a0 f   libcpmt:string.obj
 0001:000159d8       ??0out_of_range@std@@QAE@ABV01@@Z 100169d8 f i libcpmt:string.obj
 0001:000159f5       @__security_check_cookie@4 100169f5 f   LIBCMT:secchk.obj
 0001:00015a04       _memmove_s                 10016a04 f   LIBCMT:memmove_s.obj
 0001:00015a61       _sprintf                   10016a61 f   LIBCMT:sprintf.obj
 0001:00015ade       ??0exception@std@@QAE@XZ   10016ade f   LIBCMT:stdexcpt.obj
 0001:00015aef       ??0exception@std@@QAE@ABQBD@Z 10016aef f   LIBCMT:stdexcpt.obj
 0001:00015b42       ??0exception@std@@QAE@ABQBDH@Z 10016b42 f   LIBCMT:stdexcpt.obj
 0001:00015b5f       ??0exception@std@@QAE@ABV01@@Z 10016b5f f   LIBCMT:stdexcpt.obj
 0001:00015bbc       ??1exception@std@@UAE@XZ   10016bbc f   LIBCMT:stdexcpt.obj
 0001:00015bd2       ?what@exception@std@@UBEPBDXZ 10016bd2 f   LIBCMT:stdexcpt.obj
 0001:00015bdf       ??_Eexception@std@@UAEPAXI@Z 10016bdf f i LIBCMT:stdexcpt.obj
 0001:00015bdf       ??_Gexception@std@@UAEPAXI@Z 10016bdf f i LIBCMT:stdexcpt.obj
 0001:00015c00       _free                      10016c00 f   LIBCMT:free.obj
 0001:00015c90       _memchr                    10016c90 f   LIBCMT:memchr.obj
 0001:00015d3d       ??0_LocaleUpdate@@QAE@PAUlocaleinfo_struct@@@Z 10016d3d f i LIBCMT:tolower.obj
 0001:00015dc4       __tolower_l                10016dc4 f   LIBCMT:tolower.obj
 0001:00015ed9       _tolower                   10016ed9 f   LIBCMT:tolower.obj
 0001:00015f05       __initp_misc_invarg        10016f05 f   LIBCMT:invarg.obj
 0001:00015f14       __invoke_watson            10016f14 f   LIBCMT:invarg.obj
 0001:0001603c       __invalid_parameter        1001703c f   LIBCMT:invarg.obj
 0001:00016062       __invalid_parameter_noinfo 10017062 f   LIBCMT:invarg.obj
 0001:00016072       ??3@YAXPAX@Z               10017072 f   LIBCMT:delete.obj
 0001:0001607d       _memcpy_s                  1001707d f   LIBCMT:memcpy_s.obj
 0001:000160fa       ??1type_info@@UAE@XZ       100170fa f   LIBCMT:typinfo.obj
 0001:0001610a       ??_Etype_info@@UAEPAXI@Z   1001710a f i LIBCMT:typinfo.obj
 0001:0001610a       ??_Gtype_info@@UAEPAXI@Z   1001710a f i LIBCMT:typinfo.obj
 0001:0001612b       ??8type_info@@QBE_NABV0@@Z 1001712b f   LIBCMT:typinfo.obj
 0001:0001614b       ??0bad_alloc@std@@QAE@XZ   1001714b f i LIBCMT:new.obj
 0001:00016166       ??2@YAPAXI@Z               10017166 f   LIBCMT:new.obj
 0001:000161cb       __CRT_INIT@12              100171cb f   LIBCMT:dllcrt0.obj
 0001:000163f6       __DllMainCRTStartup@12     100173f6 f   LIBCMT:dllcrt0.obj
 0001:00016420       _strlen                    10017420 f   LIBCMT:strlen.obj
 0001:000164ab       __CxxThrowException@8      100174ab f   LIBCMT:throw.obj
 0001:000164f7       ?_JumpToContinuation@@YGXPAXPAUEHRegistrationNode@@@Z 100174f7 f   LIBCMT:_trnsctrl_.obj
 0001:00016529       ?_CallMemberFunction2@@YGXPAX00H@Z 10017529 f   LIBCMT:_trnsctrl_.obj
 0001:00016529       ?_CallMemberFunction1@@YGXPAX00@Z 10017529 f   LIBCMT:_trnsctrl_.obj
 0001:00016529       ?_CallMemberFunction0@@YGXPAX0@Z 10017529 f   LIBCMT:_trnsctrl_.obj
 0001:00016530       ?_UnwindNestedFrames@@YGXPAUEHRegistrationNode@@PAUEHExceptionRecord@@@Z 10017530 f   LIBCMT:_trnsctrl_.obj
 0001:00016584       ___CxxFrameHandler3        10017584 f   LIBCMT:_trnsctrl_.obj
 0001:000165ed       ?_CallSETranslator@@YAHPAUEHExceptionRecord@@PAUEHRegistrationNode@@PAX2PBU_s_FuncInfo@@H1@Z 100175ed f   LIBCMT:_trnsctrl_.obj
 0001:00016763       ?_GetRangeOfTrysToCheck@@YAPBU_s_TryBlockMapEntry@@PBU_s_FuncInfo@@HHPAI1@Z 10017763 f   LIBCMT:_trnsctrl_.obj
 0001:000167d8       __CreateFrameInfo          100177d8 f   LIBCMT:_trnsctrl_.obj
 0001:00016804       __IsExceptionObjectToBeDestroyed 10017804 f   LIBCMT:_trnsctrl_.obj
 0001:0001682b       __FindAndUnlinkFrame       1001782b f   LIBCMT:_trnsctrl_.obj
 0001:0001687d       ?_CallCatchBlock2@@YAPAXPAUEHRegistrationNode@@PBU_s_FuncInfo@@PAXHK@Z 1001787d f   LIBCMT:_trnsctrl_.obj
 0001:000168dd       __EH_prolog3               100178dd f   LIBCMT:ehprolg3.obj
 0001:00016910       __EH_prolog3_catch         10017910 f   LIBCMT:ehprolg3.obj
 0001:00016946       ___report_gsfailure        10017946 f   LIBCMT:gs_report.obj
 0001:00016a50       _memmove                   10017a50 f   LIBCMT:memmove.obj
 0001:00016db5       __get_errno_from_oserr     10017db5 f   LIBCMT:dosmap.obj
 0001:00016df7       __errno                    10017df7 f   LIBCMT:dosmap.obj
 0001:00016e0a       ___doserrno                10017e0a f   LIBCMT:dosmap.obj
 0001:00016e1d       __dosmaperr                10017e1d f   LIBCMT:dosmap.obj
 0001:00016e40       __flsbuf                   10017e40 f   LIBCMT:_flsbuf.obj
 0001:0001704a       __output_l                 1001804a f   LIBCMT:output.obj
 0001:00017be2       _strcpy_s                  10018be2 f   LIBCMT:strcpy_s.obj
 0001:00017c4a       _V6_HeapAlloc              10018c4a f   LIBCMT:malloc.obj
 0001:00017c99       _malloc                    10018c99 f   LIBCMT:malloc.obj
 0001:00017d63       __heap_init                10018d63 f   LIBCMT:heapinit.obj
 0001:00017d93       __heap_term                10018d93 f   LIBCMT:heapinit.obj
 0001:00017e07       __mtinitlocks              10018e07 f   LIBCMT:mlock.obj
 0001:00017e52       __mtdeletelocks            10018e52 f   LIBCMT:mlock.obj
 0001:00017ea9       __unlock                   10018ea9 f   LIBCMT:mlock.obj
 0001:00017ec0       __mtinitlocknum            10018ec0 f   LIBCMT:mlock.obj
 0001:00017f83       __lock                     10018f83 f   LIBCMT:mlock.obj
 0001:00017fb6       ___sbh_find_block          10018fb6 f   LIBCMT:sbheap.obj
 0001:00017fe6       ___sbh_free_block          10018fe6 f   LIBCMT:sbheap.obj
 0001:000182fc       ___sbh_alloc_new_region    100192fc f   LIBCMT:sbheap.obj
 0001:000183ac       ___sbh_alloc_new_group     100193ac f   LIBCMT:sbheap.obj
 0001:000184b4       ___sbh_resize_block        100194b4 f   LIBCMT:sbheap.obj
 0001:00018795       ___sbh_alloc_block         10019795 f   LIBCMT:sbheap.obj
 0001:00018a7c       __SEH_prolog4              10019a7c f   LIBCMT:sehprolg4.obj
 0001:00018ac1       __SEH_epilog4              10019ac1 f   LIBCMT:sehprolg4.obj
 0001:00018ae0       __except_handler4          10019ae0 f   LIBCMT:chandler4.obj
 0001:00018e92       ___updatetmbcinfo          10019e92 f   LIBCMT:mbctype.obj
 0001:00018fb2       __setmbcp_nolock           10019fb2 f   LIBCMT:mbctype.obj
 0001:00019197       __setmbcp                  1001a197 f   LIBCMT:mbctype.obj
 0001:00019331       ___initmbctable            1001a331 f   LIBCMT:mbctype.obj
 0001:0001934f       ___freetlocinfo            1001a34f f   LIBCMT:setlocal.obj
 0001:00019498       ___addlocaleref            1001a498 f   LIBCMT:setlocal.obj
 0001:00019527       ___removelocaleref         1001a527 f   LIBCMT:setlocal.obj
 0001:000195fe       ___updatetlocinfo          1001a5fe f   LIBCMT:setlocal.obj
 0001:00019674       __encode_pointer           1001a674 f   LIBCMT:tidtable.obj
 0001:000196e6       __encoded_null             1001a6e6 f   LIBCMT:tidtable.obj
 0001:000196ef       __decode_pointer           1001a6ef f   LIBCMT:tidtable.obj
 0001:00019761       ___crtTlsAlloc@4           1001a761 f   LIBCMT:tidtable.obj
 0001:0001976a       ___set_flsgetvalue         1001a76a f   LIBCMT:tidtable.obj
 0001:0001979e       __mtterm                   1001a79e f   LIBCMT:tidtable.obj
 0001:000197db       __initptd                  1001a7db f   LIBCMT:tidtable.obj
 0001:000198c2       __getptd_noexit            1001a8c2 f   LIBCMT:tidtable.obj
 0001:0001993b       __getptd                   1001a93b f   LIBCMT:tidtable.obj
 0001:00019955       __freefls@4                1001a955 f   LIBCMT:tidtable.obj
 0001:00019a84       __freeptd                  1001aa84 f   LIBCMT:tidtable.obj
 0001:00019af2       __mtinit                   1001aaf2 f   LIBCMT:tidtable.obj
 0001:00019c7f       __freea                    1001ac7f f i LIBCMT:a_map.obj
 0001:0001a044       ___crtLCMapStringA         1001b044 f   LIBCMT:a_map.obj
 0001:0001a089       __isleadbyte_l             1001b089 f i LIBCMT:_wctype.obj
 0001:0001a0c1       _isleadbyte                1001b0c1 f i LIBCMT:_wctype.obj
 0001:0001a0d4       __isctype_l                1001b0d4 f   LIBCMT:isctype.obj
 0001:0001a18c       __crt_debugger_hook        1001b18c f   LIBCMT:dbghook.obj
 0001:0001a1a0       _memset                    1001b1a0 f   LIBCMT:memset.obj
 0001:0001a220       _memcpy                    1001b220 f   LIBCMT:memcpy.obj
 0001:0001a585       ?_Type_info_dtor@type_info@@CAXPAV1@@Z 1001b585 f   LIBCMT:typname.obj
 0001:0001a600       _strcmp                    1001b600 f   LIBCMT:strcmp.obj
 0001:0001a742       ___onexitinit              1001b742 f   LIBCMT:onexit.obj
 0001:0001a773       __onexit                   1001b773 f   LIBCMT:onexit.obj
 0001:0001a7af       _atexit                    1001b7af f   LIBCMT:onexit.obj
 0001:0001a7c6       __initp_heap_handler       1001b7c6 f   LIBCMT:handler.obj
 0001:0001a7d5       __callnewh                 1001b7d5 f   LIBCMT:handler.obj
 0001:0001a7fd       __malloc_crt               1001b7fd f   LIBCMT:crtheap.obj
 0001:0001a842       __calloc_crt               1001b842 f   LIBCMT:crtheap.obj
 0001:0001a88e       __realloc_crt              1001b88e f   LIBCMT:crtheap.obj
 0001:0001a8dc       __crt_waiting_on_module_handle 1001b8dc f   LIBCMT:crt0dat.obj
 0001:0001a90c       __amsg_exit                1001b90c f   LIBCMT:crt0dat.obj
 0001:0001a935       ___crtCorExitProcess       1001b935 f   LIBCMT:crt0dat.obj
 0001:0001a960       ___crtExitProcess          1001b960 f   LIBCMT:crt0dat.obj
 0001:0001a978       __lockexit                 1001b978 f   LIBCMT:crt0dat.obj
 0001:0001a981       __unlockexit               1001b981 f   LIBCMT:crt0dat.obj
 0001:0001a9a7       __initterm_e               1001b9a7 f   LIBCMT:crt0dat.obj
 0001:0001a9cb       __cinit                    1001b9cb f   LIBCMT:crt0dat.obj
 0001:0001ab7c       __exit                     1001bb7c f   LIBCMT:crt0dat.obj
 0001:0001ab92       __cexit                    1001bb92 f   LIBCMT:crt0dat.obj
 0001:0001aba1       __init_pointers            1001bba1 f   LIBCMT:crt0dat.obj
 0001:0001abef       __ioinit                   1001bbef f   LIBCMT:ioinit.obj
 0001:0001ae43       __ioterm                   1001be43 f   LIBCMT:ioinit.obj
 0001:0001ae91       __setenvp                  1001be91 f   LIBCMT:stdenvp.obj
 0001:0001b109       __setargv                  1001c109 f   LIBCMT:stdargv.obj
 0001:0001b1c4       ___crtGetEnvironmentStringsA 1001c1c4 f   LIBCMT:a_env.obj
 0001:0001b2fb       __RTC_Initialize           1001c2fb f   LIBCMT:_initsect_.obj
 0001:0001b321       __RTC_Terminate            1001c321 f   LIBCMT:_initsect_.obj
 0001:0001b347       __XcptFilter               1001c347 f   LIBCMT:winxfltr.obj
 0001:0001b4a7       ___CppXcptFilter           1001c4a7 f   LIBCMT:winxfltr.obj
 0001:0001b4c7       ___security_init_cookie    1001c4c7 f   LIBCMT:gs_support.obj
 0001:0001b55d       ??0bad_exception@std@@QAE@PBD@Z 1001c55d f i LIBCMT:frame.obj
 0001:0001b57b       ??1bad_exception@std@@UAE@XZ 1001c57b f i LIBCMT:frame.obj
 0001:0001b586       ??_Gbad_exception@std@@UAEPAXI@Z 1001c586 f i LIBCMT:frame.obj
 0001:0001b586       ??_Ebad_exception@std@@UAEPAXI@Z 1001c586 f i LIBCMT:frame.obj
 0001:0001b5ad       ___TypeMatch               1001c5ad f   LIBCMT:frame.obj
 0001:0001b60c       ___FrameUnwindFilter       1001c60c f   LIBCMT:frame.obj
 0001:0001b655       ___FrameUnwindToState      1001c655 f   LIBCMT:frame.obj
 0001:0001b77b       ___DestructExceptionObject 1001c77b f   LIBCMT:frame.obj
 0001:0001b7d0       ___AdjustPointer           1001c7d0 f   LIBCMT:frame.obj
 0001:0001ba59       ___BuildCatchObjectHelper  1001ca59 f   LIBCMT:frame.obj
 0001:0001bbd8       ___BuildCatchObject        1001cbd8 f   LIBCMT:frame.obj
 0001:0001c113       ??0bad_exception@std@@QAE@ABV01@@Z 1001d113 f i LIBCMT:frame.obj
 0001:0001c130       ___InternalCxxFrameHandler 1001d130 f   LIBCMT:frame.obj
 0001:0001c216       ?terminate@@YAXXZ          1001d216 f   LIBCMT:hooks.obj
 0001:0001c24f       ?unexpected@@YAXXZ         1001d24f f   LIBCMT:hooks.obj
 0001:0001c262       ?_inconsistency@@YAXXZ     1001d262 f   LIBCMT:hooks.obj
 0001:0001c29a       __initp_eh_hooks           1001d29a f   LIBCMT:hooks.obj
 0001:0001c2b0       __CallSettingFrame@12      1001d2b0 f   LIBCMT:lowhelpr.obj
 0001:0001c2d7       __NLG_Return               1001d2d7     LIBCMT:lowhelpr.obj
 0001:0001c383       __VEC_memcpy               1001d383 f   LIBCMT:p4_memcpy.obj
 0001:0001c4b6       __get_sse2_info            1001d4b6 f   LIBCMT:cpu_disp.obj
 0001:0001c518       ___sse2_available_init     1001d518 f   LIBCMT:cpu_disp.obj
 0001:0001c525       __lseeki64_nolock          1001d525 f   LIBCMT:lseeki64.obj
 0001:0001c5aa       __lseeki64                 1001d5aa f   LIBCMT:lseeki64.obj
 0001:0001c6c3       __write_nolock             1001d6c3 f   LIBCMT:write.obj
 0001:0001cdf6       __write                    1001ddf6 f   LIBCMT:write.obj
 0001:0001ced2       __getbuf                   1001ded2 f   LIBCMT:_getbuf.obj
 0001:0001cf1b       __isatty                   1001df1b f   LIBCMT:isatty.obj
 0001:0001cf7f       ___iob_func                1001df7f f   LIBCMT:_file.obj
 0001:0001cf85       ___initstdio               1001df85 f   LIBCMT:_file.obj
 0001:0001d036       ___endstdio                1001e036 f   LIBCMT:_file.obj
 0001:0001d056       __lock_file                1001e056 f   LIBCMT:_file.obj
 0001:0001d097       __lock_file2               1001e097 f   LIBCMT:_file.obj
 0001:0001d0c9       __unlock_file              1001e0c9 f   LIBCMT:_file.obj
 0001:0001d105       __unlock_file2             1001e105 f   LIBCMT:_file.obj
 0001:0001d134       __fileno                   1001e134 f   LIBCMT:fileno.obj
 0001:0001d166       __initp_misc_cfltcvt_tab   1001e166 f   LIBCMT:cmiscdat.obj
 0001:0001d187       __get_printf_count_output  1001e187 f   LIBCMT:printf.obj
 0001:0001d19d       __wctomb_s_l               1001e19d f   LIBCMT:wctomb.obj
 0001:0001d309       _wctomb_s                  1001e309 f   LIBCMT:wctomb.obj
 0001:0001d330       __aulldvrm                 1001e330 f   LIBCMT:ulldvrm.obj
 0001:0001d3c5       __NMSG_WRITE               1001e3c5 f   LIBCMT:crt0msg.obj
 0001:0001d570       __FF_MSGBANNER             1001e570 f   LIBCMT:crt0msg.obj
 0001:0001d5a9       __initp_misc_initcrit      1001e5a9 f   LIBCMT:initcrit.obj
 0001:0001d5b8       ___crtInitCritSecAndSpinCount 1001e5b8 f   LIBCMT:initcrit.obj
 0001:0001d618       __local_unwind4            1001e618 f   LIBCMT:exsup4.obj
 0001:0001d6ee       __seh_longjmp_unwind4@4    1001e6ee f   LIBCMT:exsup4.obj
 0001:0001d70a       @_EH4_CallFilterFunc@8     1001e70a f   LIBCMT:exsup4.obj
 0001:0001d721       @_EH4_TransferToHandler@8  1001e721 f   LIBCMT:exsup4.obj
 0001:0001d73a       @_EH4_GlobalUnwind@4       1001e73a f   LIBCMT:exsup4.obj
 0001:0001d754       @_EH4_LocalUnwind@16       1001e754 f   LIBCMT:exsup4.obj
 0001:0001d770       __ValidateImageBase        1001e770 f   LIBCMT:pesect.obj
 0001:0001d7b0       __FindPESection            1001e7b0 f   LIBCMT:pesect.obj
 0001:0001d800       __IsNonwritableInCurrentImage 1001e800 f   LIBCMT:pesect.obj
 0001:0001da77       ___crtGetStringTypeA       1001ea77 f   LIBCMT:a_str.obj
 0001:0001dab9       ___free_lc_time            1001eab9 f   LIBCMT:inittime.obj
 0001:0001dc4e       ___free_lconv_num          1001ec4e f   LIBCMT:initnum.obj
 0001:0001dc93       ___free_lconv_mon          1001ec93 f   LIBCMT:initmon.obj
 0001:0001dd21       _strcat_s                  1001ed21 f   LIBCMT:strcat_s.obj
 0001:0001dda0       _strcspn                   1001eda0 f   LIBCMT:strcspn.obj
 0001:0001dde6       _strncpy_s                 1001ede6 f   LIBCMT:strncpy_s.obj
 0001:0001dea0       _strpbrk                   1001eea0 f   LIBCMT:strpbrk.obj
 0001:0001dee0       ___ansicp                  1001eee0 f   LIBCMT:convrtcp.obj
 0001:0001df29       ___convertcp               1001ef29 f   LIBCMT:convrtcp.obj
 0001:0001e0e0       __alloca_probe_16          1001f0e0 f   LIBCMT:alloca16.obj
 0001:0001e0f6       __alloca_probe_8           1001f0f6     LIBCMT:alloca16.obj
 0001:0001e163       __VEC_memzero              1001f163 f   LIBCMT:p4_memset.obj
 0001:0001e1f2       __msize                    1001f1f2 f   LIBCMT:msize.obj
 0001:0001e295       __calloc_impl              1001f295 f   LIBCMT:calloc_impl.obj
 0001:0001e3b3       _realloc                   1001f3b3 f   LIBCMT:realloc.obj
 0001:0001e5ce       __initp_misc_winsig        1001f5ce f   LIBCMT:winsig.obj
 0001:0001e623       ___get_sigabrt             1001f623 f   LIBCMT:winsig.obj
 0001:0001e630       _raise                     1001f630 f   LIBCMT:winsig.obj
 0001:0001e7e0       __initp_misc_rand_s        1001f7e0 f   LIBCMT:rand_s.obj
 0001:0001e7ef       __initp_misc_purevirt      1001f7ef f   LIBCMT:inithelp.obj
 0001:0001e851       __ismbblead                1001f851 f   LIBCMT:ismbbyte.obj
 0001:0001e869       ?_ValidateRead@@YAHPBXI@Z  1001f869 f   LIBCMT:validate.obj
 0001:0001e869       ?_ValidateExecute@@YAHP6GHXZ@Z 1001f869 f   LIBCMT:validate.obj
 0001:0001e869       ?_ValidateWrite@@YAHPAXI@Z 1001f869 f   LIBCMT:validate.obj
 0001:0001e87b       _abort                     1001f87b f   LIBCMT:abort.obj
 0001:0001e994       __global_unwind2           1001f994 f   LIBCMT:exsup.obj
 0001:0001e9f9       __local_unwind2            1001f9f9 f   LIBCMT:exsup.obj
 0001:0001ea7d       __abnormal_termination     1001fa7d f   LIBCMT:exsup.obj
 0001:0001eaa0       __NLG_Notify1              1001faa0 f   LIBCMT:exsup.obj
 0001:0001eaa9       __NLG_Notify               1001faa9 f   LIBCMT:exsup.obj
 0001:0001eac0       __NLG_Dispatch             1001fac0     LIBCMT:exsup.obj
 0001:0001eac0       __NLG_Dispatch2            1001fac0     LIBCMT:exsup.obj
 0001:0001eac8       __NLG_Call                 1001fac8 f   LIBCMT:exsup.obj
 0001:0001eaca       __NLG_Return2              1001faca     LIBCMT:exsup.obj
 0001:0001eacb       __free_osfhnd              1001facb f   LIBCMT:osfinfo.obj
 0001:0001eb51       __get_osfhandle            1001fb51 f   LIBCMT:osfinfo.obj
 0001:0001ebc8       ___lock_fhandle            1001fbc8 f   LIBCMT:osfinfo.obj
 0001:0001ec68       __unlock_fhandle           1001fc68 f   LIBCMT:osfinfo.obj
 0001:0001ec8f       __putwch_nolock            1001fc8f f   LIBCMT:putwch.obj
 0001:0001ed54       __mbtowc_l                 1001fd54 f   LIBCMT:mbtowc.obj
 0001:0001ee6b       _mbtowc                    1001fe6b f   LIBCMT:mbtowc.obj
 0001:0001ee90       __alloca_probe             1001fe90     LIBCMT:chkstk.obj
 0001:0001ee90       __chkstk                   1001fe90 f   LIBCMT:chkstk.obj
 0001:0001eebb       __fcloseall                1001febb f   LIBCMT:closeall.obj
 0001:0001ef5a       __flush                    1001ff5a f   LIBCMT:fflush.obj
 0001:0001efc2       __fflush_nolock            1001ffc2 f   LIBCMT:fflush.obj
 0001:0001f0e4       __flushall                 100200e4 f   LIBCMT:fflush.obj
 0001:0001f0ed       __fptrap                   100200ed f   LIBCMT:crt0fp.obj
 0001:0001f325       _strtol                    10020325 f   LIBCMT:strtol.obj
 0001:0001f350       ___crtMessageBoxA          10020350 f   LIBCMT:crtmbox.obj
 0001:0001f4b9       __set_error_mode           100204b9 f   LIBCMT:errmode.obj
 0001:0001f504       _atol                      10020504 f   LIBCMT:atox.obj
 0001:0001f520       __allmul                   10020520 f   LIBCMT:llmul.obj
 0001:0001f554       __isdigit_l                10020554 f i LIBCMT:_ctype.obj
 0001:0001f5a5       _isdigit                   100205a5 f i LIBCMT:_ctype.obj
 0001:0001f5d3       ___initconout              100205d3 f   LIBCMT:initcon.obj
 0001:0001f5f2       ___termcon                 100205f2 f   LIBCMT:initcon.obj
 0001:0001f61f       __fclose_nolock            1002061f f   LIBCMT:fclose.obj
 0001:0001f696       _fclose                    10020696 f   LIBCMT:fclose.obj
 0001:0001f712       __commit                   10020712 f   LIBCMT:commit.obj
 0001:0001f800       ___ascii_strnicmp          10020800 f   LIBCMT:_strnicm.obj
 0001:0001f861       __close_nolock             10020861 f   LIBCMT:close.obj
 0001:0001f8fd       __close                    100208fd f   LIBCMT:close.obj
 0001:0001f9ca       __freebuf                  100209ca f   LIBCMT:_freebuf.obj
 0001:0001fa10       _strchr                    10020a10 f   LIBCMT:strchr.obj
 0001:0001fa16       ___from_strstr_to_strchr   10020a16     LIBCMT:strchr.obj
 0001:0001face       _RtlUnwind@16              10020ace f   kernel32:KERNEL32.dll
 0001:0001fad4       __fpclear                  10020ad4 f   LIBCMT:_fpinit_.obj
 0001:0001fad4       __initp_misc_winxfltr      10020ad4 f   LIBCMT:winxfltr.obj
 0001:0001fad5       __cfltcvt_init             10020ad5 f   LIBCMT:_fpinit_.obj
 0001:0001fb35       __fpmath                   10020b35 f   LIBCMT:_fpinit_.obj
 0001:0001fb60       __ftol2_sse                10020b60 f   LIBCMT:ftol2.obj
 0001:0001fb69       __ftol2_pentium4           10020b69 f   LIBCMT:ftol2.obj
 0001:0001fb7c       __ftol2_sse_excpt          10020b7c f   LIBCMT:ftol2.obj
 0001:0001fb96       __ftol2                    10020b96 f   LIBCMT:ftol2.obj
 0001:0001fc0b       __forcdecpt_l              10020c0b f   LIBCMT:cvt.obj
 0001:0001fc7e       __cropzeros_l              10020c7e f   LIBCMT:cvt.obj
 0001:0001fd00       __positive                 10020d00 f   LIBCMT:cvt.obj
 0001:0001fd1c       __fassign_l                10020d1c f   LIBCMT:cvt.obj
 0001:0001fd5e       __fassign                  10020d5e f   LIBCMT:cvt.obj
 0001:0001fd97       __forcdecpt                10020d97 f   LIBCMT:cvt.obj
 0001:0001fdaa       __cropzeros                10020daa f   LIBCMT:cvt.obj
 0001:0001ff2c       __cftoe_l                  10020f2c f   LIBCMT:cvt.obj
 0001:0001fffc       __cftoe                    10020ffc f   LIBCMT:cvt.obj
 0001:0002001c       __cftoa_l                  1002101c f   LIBCMT:cvt.obj
 0001:00020486       __cftof_l                  10021486 f   LIBCMT:cvt.obj
 0001:00020541       __cftog_l                  10021541 f   LIBCMT:cvt.obj
 0001:0002063b       __cfltcvt_l                1002163b f   LIBCMT:cvt.obj
 0001:000206c3       __cfltcvt                  100216c3 f   LIBCMT:cvt.obj
 0001:000206e6       __setdefaultprecision      100216e6 f   LIBCMT:fp8.obj
 0001:00020711       __ms_p5_test_fdiv          10021711 f   LIBCMT:_testfdiv_.obj
 0001:0002074f       __ms_p5_mp_test_fdiv       1002174f f   LIBCMT:_testfdiv_.obj
 0001:00020780       _strrchr                   10021780 f   LIBCMT:strrchr.obj
 0001:000207ad       __atodbl_l                 100217ad f   LIBCMT:atodbl.obj
 0001:00020855       __atoflt_l                 10021855 f   LIBCMT:atodbl.obj
 0001:000208fd       __fptostr                  100218fd f   LIBCMT:_fptostr.obj
 0001:000209bc       ___dtold                   100219bc f   LIBCMT:_cfout_.obj
 0001:00020a79       __fltout2                  10021a79 f   LIBCMT:_cfout_.obj
 0001:00020b10       __alldvrm                  10021b10 f   LIBCMT:lldvrm.obj
 0001:00020bf0       __aullshr                  10021bf0 f   LIBCMT:ullshr.obj
 0001:00020c0f       __controlfp_s              10021c0f f   LIBCMT:_contrlfp_.obj
 0001:00020c7b       __ld12tod                  10021c7b f   LIBCMT:_intrncvt_.obj
 0001:000211bf       __ld12tof                  100221bf f   LIBCMT:_intrncvt_.obj
 0001:00021703       ___strgtold12_l            10022703 f   LIBCMT:_strgtold_.obj
 0001:00021dfb       _$I10_OUTPUT               10022dfb f   LIBCMT:_x10fout_.obj
 0001:0002284d       __control87                1002384d f i LIBCMT:_ieee87_.obj
 0001:00022b5c       ___mtold12                 10023b5c f   LIBCMT:_mantold_.obj
 0001:00022d2a       ___set_fpsr_sse2           10023d2a f   LIBCMT:_fpctrl_.obj
 0002:00000000       __imp__GetFullPathNameA@16 10025000     kernel32:KERNEL32.dll
 0002:00000004       __imp__FindFirstFileA@8    10025004     kernel32:KERNEL32.dll
 0002:00000008       __imp__GetProcAddress@8    10025008     kernel32:KERNEL32.dll
 0002:0000000c       __imp__FindClose@4         1002500c     kernel32:KERNEL32.dll
 0002:00000010       __imp__GetPrivateProfileStringA@24 10025010     kernel32:KERNEL32.dll
 0002:00000014       __imp__LoadLibraryA@4      10025014     kernel32:KERNEL32.dll
 0002:00000018       __imp__FindNextFileA@8     10025018     kernel32:KERNEL32.dll
 0002:0000001c       __imp__GetCurrentDirectoryA@8 1002501c     kernel32:KERNEL32.dll
 0002:00000020       __imp__CreateFileA@28      10025020     kernel32:KERNEL32.dll
 0002:00000024       __imp__SetFilePointer@16   10025024     kernel32:KERNEL32.dll
 0002:00000028       __imp__CloseHandle@4       10025028     kernel32:KERNEL32.dll
 0002:0000002c       __imp__GetLastError@0      1002502c     kernel32:KERNEL32.dll
 0002:00000030       __imp__HeapFree@12         10025030     kernel32:KERNEL32.dll
 0002:00000034       __imp__TerminateProcess@8  10025034     kernel32:KERNEL32.dll
 0002:00000038       __imp__GetCurrentProcess@0 10025038     kernel32:KERNEL32.dll
 0002:0000003c       __imp__UnhandledExceptionFilter@4 1002503c     kernel32:KERNEL32.dll
 0002:00000040       __imp__SetUnhandledExceptionFilter@4 10025040     kernel32:KERNEL32.dll
 0002:00000044       __imp__IsDebuggerPresent@0 10025044     kernel32:KERNEL32.dll
 0002:00000048       __imp__GetCurrentThreadId@0 10025048     kernel32:KERNEL32.dll
 0002:0000004c       __imp__GetCommandLineA@0   1002504c     kernel32:KERNEL32.dll
 0002:00000050       __imp__RaiseException@16   10025050     kernel32:KERNEL32.dll
 0002:00000054       __imp__RtlUnwind@16        10025054     kernel32:KERNEL32.dll
 0002:00000058       __imp__HeapAlloc@12        10025058     kernel32:KERNEL32.dll
 0002:0000005c       __imp__HeapCreate@12       1002505c     kernel32:KERNEL32.dll
 0002:00000060       __imp__HeapDestroy@4       10025060     kernel32:KERNEL32.dll
 0002:00000064       __imp__VirtualFree@12      10025064     kernel32:KERNEL32.dll
 0002:00000068       __imp__DeleteCriticalSection@4 10025068     kernel32:KERNEL32.dll
 0002:0000006c       __imp__LeaveCriticalSection@4 1002506c     kernel32:KERNEL32.dll
 0002:00000070       __imp__EnterCriticalSection@4 10025070     kernel32:KERNEL32.dll
 0002:00000074       __imp__VirtualAlloc@16     10025074     kernel32:KERNEL32.dll
 0002:00000078       __imp__HeapReAlloc@16      10025078     kernel32:KERNEL32.dll
 0002:0000007c       __imp__GetCPInfo@8         1002507c     kernel32:KERNEL32.dll
 0002:00000080       __imp__InterlockedIncrement@4 10025080     kernel32:KERNEL32.dll
 0002:00000084       __imp__InterlockedDecrement@4 10025084     kernel32:KERNEL32.dll
 0002:00000088       __imp__GetACP@0            10025088     kernel32:KERNEL32.dll
 0002:0000008c       __imp__GetOEMCP@0          1002508c     kernel32:KERNEL32.dll
 0002:00000090       __imp__IsValidCodePage@4   10025090     kernel32:KERNEL32.dll
 0002:00000094       __imp__GetModuleHandleW@4  10025094     kernel32:KERNEL32.dll
 0002:00000098       __imp__TlsGetValue@4       10025098     kernel32:KERNEL32.dll
 0002:0000009c       __imp__TlsAlloc@0          1002509c     kernel32:KERNEL32.dll
 0002:000000a0       __imp__TlsSetValue@8       100250a0     kernel32:KERNEL32.dll
 0002:000000a4       __imp__TlsFree@4           100250a4     kernel32:KERNEL32.dll
 0002:000000a8       __imp__SetLastError@4      100250a8     kernel32:KERNEL32.dll
 0002:000000ac       __imp__LCMapStringA@24     100250ac     kernel32:KERNEL32.dll
 0002:000000b0       __imp__WideCharToMultiByte@32 100250b0     kernel32:KERNEL32.dll
 0002:000000b4       __imp__MultiByteToWideChar@24 100250b4     kernel32:KERNEL32.dll
 0002:000000b8       __imp__LCMapStringW@24     100250b8     kernel32:KERNEL32.dll
 0002:000000bc       __imp__Sleep@4             100250bc     kernel32:KERNEL32.dll
 0002:000000c0       __imp__ExitProcess@4       100250c0     kernel32:KERNEL32.dll
 0002:000000c4       __imp__SetHandleCount@4    100250c4     kernel32:KERNEL32.dll
 0002:000000c8       __imp__GetStdHandle@4      100250c8     kernel32:KERNEL32.dll
 0002:000000cc       __imp__GetFileType@4       100250cc     kernel32:KERNEL32.dll
 0002:000000d0       __imp__GetStartupInfoA@4   100250d0     kernel32:KERNEL32.dll
 0002:000000d4       __imp__GetModuleFileNameA@12 100250d4     kernel32:KERNEL32.dll
 0002:000000d8       __imp__FreeEnvironmentStringsA@4 100250d8     kernel32:KERNEL32.dll
 0002:000000dc       __imp__GetEnvironmentStrings@0 100250dc     kernel32:KERNEL32.dll
 0002:000000e0       __imp__FreeEnvironmentStringsW@4 100250e0     kernel32:KERNEL32.dll
 0002:000000e4       __imp__GetEnvironmentStringsW@0 100250e4     kernel32:KERNEL32.dll
 0002:000000e8       __imp__QueryPerformanceCounter@4 100250e8     kernel32:KERNEL32.dll
 0002:000000ec       __imp__GetTickCount@0      100250ec     kernel32:KERNEL32.dll
 0002:000000f0       __imp__GetCurrentProcessId@0 100250f0     kernel32:KERNEL32.dll
 0002:000000f4       __imp__GetSystemTimeAsFileTime@4 100250f4     kernel32:KERNEL32.dll
 0002:000000f8       __imp__WriteFile@20        100250f8     kernel32:KERNEL32.dll
 0002:000000fc       __imp__GetConsoleCP@0      100250fc     kernel32:KERNEL32.dll
 0002:00000100       __imp__GetConsoleMode@8    10025100     kernel32:KERNEL32.dll
 0002:00000104       __imp__InitializeCriticalSectionAndSpinCount@8 10025104     kernel32:KERNEL32.dll
 0002:00000108       __imp__GetStringTypeA@20   10025108     kernel32:KERNEL32.dll
 0002:0000010c       __imp__GetStringTypeW@16   1002510c     kernel32:KERNEL32.dll
 0002:00000110       __imp__GetLocaleInfoA@16   10025110     kernel32:KERNEL32.dll
 0002:00000114       __imp__HeapSize@12         10025114     kernel32:KERNEL32.dll
 0002:00000118       __imp__SetStdHandle@8      10025118     kernel32:KERNEL32.dll
 0002:0000011c       __imp__WriteConsoleA@20    1002511c     kernel32:KERNEL32.dll
 0002:00000120       __imp__GetConsoleOutputCP@0 10025120     kernel32:KERNEL32.dll
 0002:00000124       __imp__WriteConsoleW@20    10025124     kernel32:KERNEL32.dll
 0002:00000128       __imp__FlushFileBuffers@4  10025128     kernel32:KERNEL32.dll
 0002:0000012c       __imp__GetModuleHandleA@4  1002512c     kernel32:KERNEL32.dll
 0002:00000130       \177KERNEL32_NULL_THUNK_DATA 10025130     kernel32:KERNEL32.dll
 0002:00000134       __imp__GetKeyState@4       10025134     user32:USER32.dll
 0002:00000138       \177USER32_NULL_THUNK_DATA 10025138     user32:USER32.dll
 0002:0000013c       ___xc_a                    1002513c     LIBCMT:crt0init.obj
 0002:00000140       ___xc_z                    10025140     LIBCMT:crt0init.obj
 0002:00000144       ___xi_a                    10025144     LIBCMT:crt0init.obj
 0002:00000158       ___xi_z                    10025158     LIBCMT:crt0init.obj
 0002:0000015c       ___xp_a                    1002515c     LIBCMT:crt0init.obj
 0002:00000168       ___xp_z                    10025168     LIBCMT:crt0init.obj
 0002:0000016c       ___xt_a                    1002516c     LIBCMT:crt0init.obj
 0002:00000170       ___xt_z                    10025170     LIBCMT:crt0init.obj
 0002:000001a0       ??_7bad_alloc@std@@6B@     100251a0     libcpmt:string.obj
 0002:000001ac       ??_7logic_error@std@@6B@   100251ac     libcpmt:string.obj
 0002:000001b8       ??_7length_error@std@@6B@  100251b8     libcpmt:string.obj
 0002:000001c4       ??_7out_of_range@std@@6B@  100251c4     libcpmt:string.obj
 0002:000001cc       ??_C@_0BA@JFNIOLAK@string?5too?5long?$AA@ 100251cc     libcpmt:string.obj
 0002:000001dc       ??_C@_0BI@CFPLBAOH@invalid?5string?5position?$AA@ 100251dc     libcpmt:string.obj
 0002:000001f8       ??_7exception@std@@6B@     100251f8     LIBCMT:stdexcpt.obj
 0002:00000200       ??_C@_0BC@EOODALEL@Unknown?5exception?$AA@ 10025200     LIBCMT:stdexcpt.obj
 0002:00000218       ??_7type_info@@6B@         10025218     LIBCMT:typinfo.obj
 0002:0000021c       __pDefaultRawDllMain       1002521c     LIBCMT:dllcrt0.obj
 0002:0000021c       __pRawDllMain              1002521c     LIBCMT:dllcrt0.obj
 0002:00000248       ??_C@_1O@CEDCILHN@?$AA?$CI?$AAn?$AAu?$AAl?$AAl?$AA?$CJ?$AA?$AA@ 10025248     LIBCMT:output.obj
 0002:00000258       ??_C@_06OJHGLDPL@?$CInull?$CJ?$AA@ 10025258     LIBCMT:output.obj
 0002:00000260       ___lookuptable             10025260     LIBCMT:output.obj
 0002:00000340       ??_C@_01NEMOKFLO@?$DN?$AA@ 10025340     LIBCMT:setlocal.obj
 0002:00000344       ??_C@_0O@NLDKAIKN@EncodePointer?$AA@ 10025344     LIBCMT:tidtable.obj
 0002:00000354       ??_C@_1BK@DBDEIDLH@?$AAK?$AAE?$AAR?$AAN?$AAE?$AAL?$AA3?$AA2?$AA?4?$AAD?$AAL?$AAL?$AA?$AA@ 10025354     LIBCMT:tidtable.obj
 0002:00000370       ??_C@_0O@KBPMFGHI@DecodePointer?$AA@ 10025370     LIBCMT:tidtable.obj
 0002:00000380       ??_C@_07PEJMOBNF@FlsFree?$AA@ 10025380     LIBCMT:tidtable.obj
 0002:00000388       ??_C@_0M@JCPCPOEF@FlsSetValue?$AA@ 10025388     LIBCMT:tidtable.obj
 0002:00000394       ??_C@_0M@GDNOONDI@FlsGetValue?$AA@ 10025394     LIBCMT:tidtable.obj
 0002:000003a0       ??_C@_08KNHFBNJ@FlsAlloc?$AA@ 100253a0     LIBCMT:tidtable.obj
 0002:000003ac       ??_C@_13NOLLCAOD@?$AA?$AA?$AA?$AA@ 100253ac     LIBCMT:a_map.obj
 0002:000003b0       ??_C@_0P@MIGLKIOC@CorExitProcess?$AA@ 100253b0     LIBCMT:crt0dat.obj
 0002:000003c0       ??_C@_1BI@BGOHAHKC@?$AAm?$AAs?$AAc?$AAo?$AAr?$AAe?$AAe?$AA?4?$AAd?$AAl?$AAl?$AA?$AA@ 100253c0     LIBCMT:crt0dat.obj
 0002:000003d8       __XcptActTab               100253d8     LIBCMT:winxfltr.obj
 0002:00000450       __pDestructExceptionObject 10025450     LIBCMT:frame.obj
 0002:00000458       ??_7bad_exception@std@@6B@ 10025458     LIBCMT:frame.obj
 0002:00000460       ??_C@_0O@DPKOEFFH@bad?5exception?$AA@ 10025460     LIBCMT:frame.obj
 0002:00000470       ___lookuptable_s           10025470     LIBCMT:outputs.obj
 0002:000004cc       ??_C@_0P@GGKDKEEG@runtime?5error?5?$AA@ 100254cc     LIBCMT:crt0msg.obj
 0002:000004dc       ??_C@_02PCIJFNDE@?$AN?6?$AA@ 100254dc     LIBCMT:crt0msg.obj
 0002:000004e0       ??_C@_0O@MJNIPGOH@TLOSS?5error?$AN?6?$AA@ 100254e0     LIBCMT:crt0msg.obj
 0002:000004f0       ??_C@_0N@BONNPDHF@SING?5error?$AN?6?$AA@ 100254f0     LIBCMT:crt0msg.obj
 0002:00000500       ??_C@_0P@MBDAJNE@DOMAIN?5error?$AN?6?$AA@ 10025500     LIBCMT:crt0msg.obj
 0002:00000510       ??_C@_0JL@DFDOOABL@R6034?$AN?6An?5application?5has?5made?5a@ 10025510     LIBCMT:crt0msg.obj
 0002:000005b0       ??_C@_0PH@EPAFIJ@R6033?$AN?6?9?5Attempt?5to?5use?5MSIL?5cod@ 100255b0     LIBCMT:crt0msg.obj
 0002:000006a8       ??_C@_0DD@BKEEABMM@R6032?$AN?6?9?5not?5enough?5space?5for?5lo@ 100256a8     LIBCMT:crt0msg.obj
 0002:000006e0       ??_C@_0GD@OFKILIED@R6031?$AN?6?9?5Attempt?5to?5initialize?5t@ 100256e0     LIBCMT:crt0msg.obj
 0002:00000744       ??_C@_0BP@LPMHJOKI@R6030?$AN?6?9?5CRT?5not?5initialized?$AN?6?$AA@ 10025744     LIBCMT:crt0msg.obj
 0002:00000764       ??_C@_0CF@KJDAIALP@R6028?$AN?6?9?5unable?5to?5initialize?5he@ 10025764     LIBCMT:crt0msg.obj
 0002:0000078c       ??_C@_0DF@GAKBPDFP@R6027?$AN?6?9?5not?5enough?5space?5for?5lo@ 1002578c     LIBCMT:crt0msg.obj
 0002:000007c4       ??_C@_0DF@IBLNNAIG@R6026?$AN?6?9?5not?5enough?5space?5for?5st@ 100257c4     LIBCMT:crt0msg.obj
 0002:000007fc       ??_C@_0CG@IOHKGFNJ@R6025?$AN?6?9?5pure?5virtual?5function?5c@ 100257fc     LIBCMT:crt0msg.obj
 0002:00000824       ??_C@_0DF@JIJJFJDC@R6024?$AN?6?9?5not?5enough?5space?5for?5_o@ 10025824     LIBCMT:crt0msg.obj
 0002:0000085c       ??_C@_0CJ@EGEJHFME@R6019?$AN?6?9?5unable?5to?5open?5console?5@ 1002585c     LIBCMT:crt0msg.obj
 0002:00000888       ??_C@_0CB@GNHNIELH@R6018?$AN?6?9?5unexpected?5heap?5error?$AN?6@ 10025888     LIBCMT:crt0msg.obj
 0002:000008ac       ??_C@_0CN@FOLDKNG@R6017?$AN?6?9?5unexpected?5multithread?5@ 100258ac     LIBCMT:crt0msg.obj
 0002:000008dc       ??_C@_0CM@FAHFJNHO@R6016?$AN?6?9?5not?5enough?5space?5for?5th@ 100258dc     LIBCMT:crt0msg.obj
 0002:00000908       ??_C@_0JG@LBKMGKLD@?$AN?6This?5application?5has?5requested@ 10025908     LIBCMT:crt0msg.obj
 0002:000009a0       ??_C@_0CM@FLCNIPKK@R6009?$AN?6?9?5not?5enough?5space?5for?5en@ 100259a0     LIBCMT:crt0msg.obj
 0002:000009cc       ??_C@_0CK@KMMJOAPP@R6008?$AN?6?9?5not?5enough?5space?5for?5ar@ 100259cc     LIBCMT:crt0msg.obj
 0002:000009f8       ??_C@_0CN@LEKKICBM@R6002?$AN?6?9?5floating?5point?5support?5@ 100259f8     LIBCMT:crt0msg.obj
 0002:00000a28       ??_C@_0CF@GOGNBNAK@Microsoft?5Visual?5C?$CL?$CL?5Runtime?5Lib@ 10025a28     LIBCMT:crt0msg.obj
 0002:00000a50       ??_C@_02PHMGELLB@?6?6?$AA@ 10025a50     LIBCMT:crt0msg.obj
 0002:00000a54       ??_C@_03KHICJKCI@?4?4?4?$AA@ 10025a54     LIBCMT:crt0msg.obj
 0002:00000a58       ??_C@_0BH@DNAGHKFM@?$DMprogram?5name?5unknown?$DO?$AA@ 10025a58     LIBCMT:crt0msg.obj
 0002:00000a70       ??_C@_0BK@OFGJDLJJ@Runtime?5Error?$CB?6?6Program?3?5?$AA@ 10025a70     LIBCMT:crt0msg.obj
 0002:00000a90       ___newctype                10025a90     LIBCMT:ctype.obj
 0002:00000d90       __wctype                   10025d90     LIBCMT:ctype.obj
 0002:00000f98       ___newclmap                10025f98     LIBCMT:ctype.obj
 0002:00001118       ___newcumap                10026118     LIBCMT:ctype.obj
 0002:00001298       ??_C@_08JCCMCCIL@HH?3mm?3ss?$AA@ 10026298     LIBCMT:strftime.obj
 0002:000012a4       ??_C@_0BE@CKGJFCPC@dddd?0?5MMMM?5dd?0?5yyyy?$AA@ 100262a4     LIBCMT:strftime.obj
 0002:000012b8       ??_C@_08BPBNCDIB@MM?1dd?1yy?$AA@ 100262b8     LIBCMT:strftime.obj
 0002:000012c4       ??_C@_02CJNFDJBF@PM?$AA@   100262c4     LIBCMT:strftime.obj
 0002:000012c8       ??_C@_02DEDBPAFC@AM?$AA@   100262c8     LIBCMT:strftime.obj
 0002:000012cc       ??_C@_08EDHMEBNP@December?$AA@ 100262cc     LIBCMT:strftime.obj
 0002:000012d8       ??_C@_08HCHEGEOA@November?$AA@ 100262d8     LIBCMT:strftime.obj
 0002:000012e4       ??_C@_07JJNFCEND@October?$AA@ 100262e4     LIBCMT:strftime.obj
 0002:000012ec       ??_C@_09BHHEALKD@September?$AA@ 100262ec     LIBCMT:strftime.obj
 0002:000012f8       ??_C@_06LBBHFDDG@August?$AA@ 100262f8     LIBCMT:strftime.obj
 0002:00001300       ??_C@_04MIEPOIFP@July?$AA@ 10026300     LIBCMT:strftime.obj
 0002:00001308       ??_C@_04CNLMGBGM@June?$AA@ 10026308     LIBCMT:strftime.obj
 0002:00001310       ??_C@_05DMJDNLEJ@April?$AA@ 10026310     LIBCMT:strftime.obj
 0002:00001318       ??_C@_05HPCKOFNC@March?$AA@ 10026318     LIBCMT:strftime.obj
 0002:00001320       ??_C@_08GNJGEPFN@February?$AA@ 10026320     LIBCMT:strftime.obj
 0002:0000132c       ??_C@_07CGJPFGJA@January?$AA@ 1002632c     LIBCMT:strftime.obj
 0002:00001334       ??_C@_03MKABNOCG@Dec?$AA@  10026334     LIBCMT:strftime.obj
 0002:00001338       ??_C@_03JPJOFNIA@Nov?$AA@  10026338     LIBCMT:strftime.obj
 0002:0000133c       ??_C@_03BMAOKBAD@Oct?$AA@  1002633c     LIBCMT:strftime.obj
 0002:00001340       ??_C@_03GGCAPAJC@Sep?$AA@  10026340     LIBCMT:strftime.obj
 0002:00001344       ??_C@_03IFJFEIGA@Aug?$AA@  10026344     LIBCMT:strftime.obj
 0002:00001348       ??_C@_03LBGABGKK@Jul?$AA@  10026348     LIBCMT:strftime.obj
 0002:0000134c       ??_C@_03IDFGHECI@Jun?$AA@  1002634c     LIBCMT:strftime.obj
 0002:00001350       ??_C@_03CNMDKL@May?$AA@    10026350     LIBCMT:strftime.obj
 0002:00001354       ??_C@_03LEOLGMJP@Apr?$AA@  10026354     LIBCMT:strftime.obj
 0002:00001358       ??_C@_03ODNJBKGA@Mar?$AA@  10026358     LIBCMT:strftime.obj
 0002:0000135c       ??_C@_03HJBDCHOM@Feb?$AA@  1002635c     LIBCMT:strftime.obj
 0002:00001360       ??_C@_03JIHJHPIE@Jan?$AA@  10026360     LIBCMT:strftime.obj
 0002:00001364       ??_C@_08INBOOONO@Saturday?$AA@ 10026364     LIBCMT:strftime.obj
 0002:00001370       ??_C@_06JECMNKMI@Friday?$AA@ 10026370     LIBCMT:strftime.obj
 0002:00001378       ??_C@_08HACCIKIA@Thursday?$AA@ 10026378     LIBCMT:strftime.obj
 0002:00001384       ??_C@_09DLIGFAKA@Wednesday?$AA@ 10026384     LIBCMT:strftime.obj
 0002:00001390       ??_C@_07BAAGCFCM@Tuesday?$AA@ 10026390     LIBCMT:strftime.obj
 0002:00001398       ??_C@_06JLEDEDGH@Monday?$AA@ 10026398     LIBCMT:strftime.obj
 0002:000013a0       ??_C@_06OOPIFAJ@Sunday?$AA@ 100263a0     LIBCMT:strftime.obj
 0002:000013a8       ??_C@_03FEFJNEK@Sat?$AA@   100263a8     LIBCMT:strftime.obj
 0002:000013ac       ??_C@_03IDIOELNC@Fri?$AA@  100263ac     LIBCMT:strftime.obj
 0002:000013b0       ??_C@_03IOFIKPDN@Thu?$AA@  100263b0     LIBCMT:strftime.obj
 0002:000013b4       ??_C@_03MHOMLAJA@Wed?$AA@  100263b4     LIBCMT:strftime.obj
 0002:000013b8       ??_C@_03NAGEINEP@Tue?$AA@  100263b8     LIBCMT:strftime.obj
 0002:000013bc       ??_C@_03PDAGKDH@Mon?$AA@   100263bc     LIBCMT:strftime.obj
 0002:000013c0       ??_C@_03KOEHGMDN@Sun?$AA@  100263c0     LIBCMT:strftime.obj
 0002:000013c4       ??_C@_0BK@CFCOFLF@?5Complete?5Object?5Locator?8?$AA@ 100263c4     LIBCMT:undname.obj
 0002:000013e0       ??_C@_0BN@MECKDCOJ@?5Class?5Hierarchy?5Descriptor?8?$AA@ 100263e0     LIBCMT:undname.obj
 0002:00001400       ??_C@_0BD@LGICGFMM@?5Base?5Class?5Array?8?$AA@ 10026400     LIBCMT:undname.obj
 0002:00001414       ??_C@_0BM@LDKODKLH@?5Base?5Class?5Descriptor?5at?5?$CI?$AA@ 10026414     LIBCMT:undname.obj
 0002:00001430       ??_C@_0BC@DAFEJGAK@?5Type?5Descriptor?8?$AA@ 10026430     LIBCMT:undname.obj
 0002:00001444       ??_C@_0BM@PMGGMLDN@?$GAlocal?5static?5thread?5guard?8?$AA@ 10026444     LIBCMT:undname.obj
 0002:00001460       ??_C@_0CL@FGIJHLCE@?$GAmanaged?5vector?5copy?5constructor@ 10026460     LIBCMT:undname.obj
 0002:0000148c       ??_C@_0CJ@GJELGAMM@?$GAvector?5vbase?5copy?5constructor?5i@ 1002648c     LIBCMT:undname.obj
 0002:000014b8       ??_C@_0CD@CGAJBKEJ@?$GAvector?5copy?5constructor?5iterato@ 100264b8     LIBCMT:undname.obj
 0002:000014dc       ??_C@_0CB@PDBIFEP@?$GAdynamic?5atexit?5destructor?5for?5?8@ 100264dc     LIBCMT:undname.obj
 0002:00001500       ??_C@_0BL@CLIPGLGB@?$GAdynamic?5initializer?5for?5?8?$AA@ 10026500     LIBCMT:undname.obj
 0002:0000151c       ??_C@_0CM@FCBBDIGB@?$GAeh?5vector?5vbase?5copy?5constructo@ 1002651c     LIBCMT:undname.obj
 0002:00001548       ??_C@_0CG@HLDDJMAG@?$GAeh?5vector?5copy?5constructor?5iter@ 10026548     LIBCMT:undname.obj
 0002:00001570       ??_C@_0CF@IMGKMJNO@?$GAmanaged?5vector?5destructor?5itera@ 10026570     LIBCMT:undname.obj
 0002:00001598       ??_C@_0CG@CFDHKGGD@?$GAmanaged?5vector?5constructor?5iter@ 10026598     LIBCMT:undname.obj
 0002:000015c0       ??_C@_0BN@CKNJLHMB@?$GAplacement?5delete?$FL?$FN?5closure?8?$AA@ 100265c0     LIBCMT:undname.obj
 0002:000015e0       ??_C@_0BL@CNOONJFP@?$GAplacement?5delete?5closure?8?$AA@ 100265e0     LIBCMT:undname.obj
 0002:000015fc       ??_C@_0P@HJKNJFNN@?$GAomni?5callsig?8?$AA@ 100265fc     LIBCMT:undname.obj
 0002:0000160c       ??_C@_09LBNFPBCA@?5delete?$FL?$FN?$AA@ 1002660c     LIBCMT:undname.obj
 0002:00001618       ??_C@_06FHBGPFGH@?5new?$FL?$FN?$AA@ 10026618     LIBCMT:undname.obj
 0002:00001620       ??_C@_0CE@IIHCMGGL@?$GAlocal?5vftable?5constructor?5closu@ 10026620     LIBCMT:undname.obj
 0002:00001644       ??_C@_0BA@KKLDJDLB@?$GAlocal?5vftable?8?$AA@ 10026644     LIBCMT:undname.obj
 0002:00001654       ??_C@_05KHLCHHI@?$GARTTI?$AA@ 10026654     LIBCMT:undname.obj
 0002:0000165c       ??_C@_03KLGMFNMG@?$GAEH?$AA@ 1002665c     LIBCMT:undname.obj
 0002:00001660       ??_C@_0BA@KBCDOMBN@?$GAudt?5returning?8?$AA@ 10026660     LIBCMT:undname.obj
 0002:00001670       ??_C@_0BL@LLKPOHJI@?$GAcopy?5constructor?5closure?8?$AA@ 10026670     LIBCMT:undname.obj
 0002:0000168c       ??_C@_0CH@OOJPLCPH@?$GAeh?5vector?5vbase?5constructor?5ite@ 1002668c     LIBCMT:undname.obj
 0002:000016b4       ??_C@_0CA@GCEOPDGL@?$GAeh?5vector?5destructor?5iterator?8?$AA@ 100266b4     LIBCMT:undname.obj
 0002:000016d4       ??_C@_0CB@JONCMFFK@?$GAeh?5vector?5constructor?5iterator?8@ 100266d4     LIBCMT:undname.obj
 0002:000016f8       ??_C@_0BL@NILFHHPC@?$GAvirtual?5displacement?5map?8?$AA@ 100266f8     LIBCMT:undname.obj
 0002:00001714       ??_C@_0CE@IKBNEHA@?$GAvector?5vbase?5constructor?5iterat@ 10026714     LIBCMT:undname.obj
 0002:00001738       ??_C@_0BN@LFPFMEDL@?$GAvector?5destructor?5iterator?8?$AA@ 10026738     LIBCMT:undname.obj
 0002:00001758       ??_C@_0BO@PFGOCPJJ@?$GAvector?5constructor?5iterator?8?$AA@ 10026758     LIBCMT:undname.obj
 0002:00001778       ??_C@_0BN@IMDCHIKM@?$GAscalar?5deleting?5destructor?8?$AA@ 10026778     LIBCMT:undname.obj
 0002:00001798       ??_C@_0BO@OBMKPJIG@?$GAdefault?5constructor?5closure?8?$AA@ 10026798     LIBCMT:undname.obj
 0002:000017b8       ??_C@_0BN@DEGPLNFK@?$GAvector?5deleting?5destructor?8?$AA@ 100267b8     LIBCMT:undname.obj
 0002:000017d8       ??_C@_0BD@JDLKDPAB@?$GAvbase?5destructor?8?$AA@ 100267d8     LIBCMT:undname.obj
 0002:000017ec       ??_C@_08OBABFOLI@?$GAstring?8?$AA@ 100267ec     LIBCMT:undname.obj
 0002:000017f8       ??_C@_0BF@KDPPACIK@?$GAlocal?5static?5guard?8?$AA@ 100267f8     LIBCMT:undname.obj
 0002:00001810       ??_C@_08LLFFHHDJ@?$GAtypeof?8?$AA@ 10026810     LIBCMT:undname.obj
 0002:0000181c       ??_C@_07FEEIOKP@?$GAvcall?8?$AA@ 1002681c     LIBCMT:undname.obj
 0002:00001824       ??_C@_09BLBHBJP@?$GAvbtable?8?$AA@ 10026824     LIBCMT:undname.obj
 0002:00001830       ??_C@_09IFPLHPGF@?$GAvftable?8?$AA@ 10026830     LIBCMT:undname.obj
 0002:0000183c       ??_C@_02MHEGNOJ@?$FO?$DN?$AA@ 1002683c     LIBCMT:undname.obj
 0002:00001840       ??_C@_02DHLNPPGH@?$HM?$DN?$AA@ 10026840     LIBCMT:undname.obj
 0002:00001844       ??_C@_02FGJGFEAB@?$CG?$DN?$AA@ 10026844     LIBCMT:undname.obj
 0002:00001848       ??_C@_03CDNPDDLA@?$DM?$DM?$DN?$AA@ 10026848     LIBCMT:undname.obj
 0002:0000184c       ??_C@_03IKFCCPFF@?$DO?$DO?$DN?$AA@ 1002684c     LIBCMT:undname.obj
 0002:00001850       ??_C@_02FENAOKFI@?$CF?$DN?$AA@ 10026850     LIBCMT:undname.obj
 0002:00001854       ??_C@_02FJEHGPIO@?1?$DN?$AA@ 10026854     LIBCMT:undname.obj
 0002:00001858       ??_C@_02FKMDLLOA@?9?$DN?$AA@ 10026858     LIBCMT:undname.obj
 0002:0000185c       ??_C@_02FOEOMHFC@?$CL?$DN?$AA@ 1002685c     LIBCMT:undname.obj
 0002:00001860       ??_C@_02FPIMKNGF@?$CK?$DN?$AA@ 10026860     LIBCMT:undname.obj
 0002:00001864       ??_C@_02NONPIBCD@?$HM?$HM?$AA@ 10026864     LIBCMT:undname.obj
 0002:00001868       ??_C@_02PPKAJPJL@?$CG?$CG?$AA@ 10026868     LIBCMT:undname.obj
 0002:0000186c       ??_C@_01DNKMNLPK@?$HM?$AA@ 1002686c     LIBCMT:undname.obj
[...]
 0001:00022ef8       __ehhandler$??$_Adjust_heap@PAV?$basic_string@DU?$char_traits@D@std@@V?$allocator@D@2@@std@@HV12@P6A_NABV12@0@Z@std@@YAXPAV?$basic_string@DU?$char_traits@D@std@@V?$allocator@D@2@@0@HHV10@P6A_NABV10@2@Z@Z 10023ef8 f    CIL library: CIL module
 0001:00022f20       __unwindfunclet$??$_Insertion_sort1@PAV?$basic_string@DU?$char_traits@D@std@@V?$allocator@D@2@@std@@P6A_NABV12@0@ZV12@@std@@YAXPAV?$basic_string@DU?$char_traits@D@std@@V?$allocator@D@2@@0@0P6A_NABV10@1@Z0@Z$0 10023f20 f    CIL library: CIL module
 0001:00022f20       __unwindfunclet$?CreateNewBattleLogDlg@@YAXPAU_BattleMgr_@@@Z$0 10023f20 f    CIL library: CIL module
 0001:00022f28       __ehhandler$?CreateNewBattleLogDlg@@YAXPAU_BattleMgr_@@@Z 10023f28 f    CIL library: CIL module
 0001:00022f28       __ehhandler$??$_Insertion_sort1@PAV?$basic_string@DU?$char_traits@D@std@@V?$allocator@D@2@@std@@P6A_NABV12@0@ZV12@@std@@YAXPAV?$basic_string@DU?$char_traits@D@std@@V?$allocator@D@2@@0@0P6A_NABV10@1@Z0@Z 10023f28 f    CIL library: CIL module
 0001:00022f50       __unwindfunclet$??$_Uninit_fill_n@PAV?$basic_string@DU?$char_traits@D@std@@V?$allocator@D@2@@std@@IV12@V?$allocator@V?$basic_string@DU?$char_traits@D@std@@V?$allocator@D@2@@std@@@2@@std@@YAXPAV?$basic_string@DU?$char_traits@D@std@@V?$allocator@D@2@@0@IABV10@AAV?$allocator@V?$basic_string@DU?$char_traits@D@std@@V?$allocator@D@2@@std@@@0@U_Nonscalar_ptr_iterator_tag@0@U_Range_checked_iterator_tag@0@@Z$2 10023f50 f    CIL library: CIL module
 0001:00022f55       __ehhandler$??$_Uninit_fill_n@PAV?$basic_string@DU?$char_traits@D@std@@V?$allocator@D@2@@std@@IV12@V?$allocator@V?$basic_string@DU?$char_traits@D@std@@V?$allocator@D@2@@std@@@2@@std@@YAXPAV?$basic_string@DU?$char_traits@D@std@@V?$allocator@D@2@@0@IABV10@AAV?$allocator@V?$basic_string@DU?$char_traits@D@std@@V?$allocator@D@2@@std@@@0@U_Nonscalar_ptr_iterator_tag@0@U_Range_checked_iterator_tag@0@@Z 10023f55 f    CIL library: CIL module
 0001:00022f70       __ehhandler$??$_Construct@V?$_Vector_iterator@DV?$allocator@D@std@@@std@@@?$basic_string@DU?$char_traits@D@std@@V?$allocator@D@2@@std@@QAEXV?$_Vector_iterator@DV?$allocator@D@std@@@1@0Uforward_iterator_tag@1@@Z 10023f70 f    CIL library: CIL module
 0001:00022f90       __unwindfunclet$??$?HDU?$char_traits@D@std@@V?$allocator@D@1@@std@@YA?AV?$basic_string@DU?$char_traits@D@std@@V?$allocator@D@2@@0@ABV10@0@Z$0 10023f90 f    CIL library: CIL module
 0001:00022f90       __unwindfunclet$??$?HDU?$char_traits@D@std@@V?$allocator@D@1@@std@@YA?AV?$basic_string@DU?$char_traits@D@std@@V?$allocator@D@2@@0@ABV10@PBD@Z$0 10023f90 f    CIL library: CIL module
 0001:00022f98       __ehhandler$??$?HDU?$char_traits@D@std@@V?$allocator@D@1@@std@@YA?AV?$basic_string@DU?$char_traits@D@std@@V?$allocator@D@2@@0@ABV10@PBD@Z 10023f98 f    CIL library: CIL module
 0001:00022f98       __ehhandler$??$?HDU?$char_traits@D@std@@V?$allocator@D@1@@std@@YA?AV?$basic_string@DU?$char_traits@D@std@@V?$allocator@D@2@@0@ABV10@0@Z 10023f98 f    CIL library: CIL module
 0001:00022fc0       __unwindfunclet$?Y_Dlg_CustomPic@@YGHPAVHiHook@@HH@Z$0 10023fc0 f    CIL library: CIL module
 0001:00022fc8       __ehhandler$?Y_Dlg_CustomPic@@YGHPAVHiHook@@HH@Z 10023fc8 f    CIL library: CIL module
 0001:00022ff0       __unwindfunclet$?New_Dlg_CustomReq@@YAHPAU_Sphinx1_@@@Z$0 10023ff0 f    CIL library: CIL module
 0001:00022ff8       __ehhandler$?New_Dlg_CustomReq@@YAHPAU_Sphinx1_@@@Z 10023ff8 f    CIL library: CIL module
 0001:00023030       __unwindfunclet$?Y_WoG_PicDlg_Def@@YGXPAVHiHook@@PAD1@Z$0 10024030 f    CIL library: CIL module
 0001:00023030       __unwindfunclet$?Y_WoG_PicDlg_Pcx8@@YGXPAVHiHook@@PAD1@Z$0 10024030 f    CIL library: CIL module
 0001:00023030       __unwindfunclet$?IsSupportedFormatImage@@YAHPAD@Z$0 10024030 f    CIL library: CIL module
 0001:00023038       __unwindfunclet$?Y_WoG_PicDlg_Def@@YGXPAVHiHook@@PAD1@Z$1 10024038 f    CIL library: CIL module
 0001:00023038       __unwindfunclet$?Y_WoG_PicDlg_Pcx8@@YGXPAVHiHook@@PAD1@Z$1 10024038 f    CIL library: CIL module
 0001:00023038       __unwindfunclet$?IsSupportedFormatImage@@YAHPAD@Z$1 10024038 f    CIL library: CIL module
 0001:00023040       __ehhandler$?IsSupportedFormatImage@@YAHPAD@Z 10024040 f    CIL library: CIL module
 0001:00023040       __ehhandler$?Y_WoG_PicDlg_Pcx8@@YGXPAVHiHook@@PAD1@Z 10024040 f    CIL library: CIL module
 0001:00023040       __ehhandler$?Y_WoG_PicDlg_Def@@YGXPAVHiHook@@PAD1@Z 10024040 f    CIL library: CIL module
 0001:00023070       __unwindfunclet$??$_Pop_heap@PAV?$basic_string@DU?$char_traits@D@std@@V?$allocator@D@2@@std@@HV12@P6A_NABV12@0@Z@std@@YAXPAV?$basic_string@DU?$char_traits@D@std@@V?$allocator@D@2@@0@00V10@P6A_NABV10@2@ZPAH@Z$0 10024070 f    CIL library: CIL module
 0001:00023078       __ehhandler$??$_Pop_heap@PAV?$basic_string@DU?$char_traits@D@std@@V?$allocator@D@2@@std@@HV12@P6A_NABV12@0@Z@std@@YAXPAV?$basic_string@DU?$char_traits@D@std@@V?$allocator@D@2@@0@00V10@P6A_NABV10@2@ZPAH@Z 10024078 f    CIL library: CIL module
 0001:000230a0       __unwindfunclet$??$_Uninit_move@PAV?$basic_string@DU?$char_traits@D@std@@V?$allocator@D@2@@std@@PAV12@V?$allocator@V?$basic_string@DU?$char_traits@D@std@@V?$allocator@D@2@@std@@@2@@std@@YAPAV?$basic_string@DU?$char_traits@D@std@@V?$allocator@D@2@@0@PAV10@00AAV?$allocator@V?$basic_string@DU?$char_traits@D@std@@V?$allocator@D@2@@std@@@0@U_Swap_move_tag@0@U_Range_checked_iterator_tag@0@@Z$2 100240a0 f    CIL library: CIL module
 0001:000230a8       __unwindfunclet$??$_Uninit_move@PAV?$basic_string@DU?$char_traits@D@std@@V?$allocator@D@2@@std@@PAV12@V?$allocator@V?$basic_string@DU?$char_traits@D@std@@V?$allocator@D@2@@std@@@2@@std@@YAPAV?$basic_string@DU?$char_traits@D@std@@V?$allocator@D@2@@0@PAV10@00AAV?$allocator@V?$basic_string@DU?$char_traits@D@std@@V?$allocator@D@2@@std@@@0@U_Swap_move_tag@0@U_Range_checked_iterator_tag@0@@Z$3 100240a8 f    CIL library: CIL module
 0001:000230ad       __ehhandler$??$_Uninit_move@PAV?$basic_string@DU?$char_traits@D@std@@V?$allocator@D@2@@std@@PAV12@V?$allocator@V?$basic_string@DU?$char_traits@D@std@@V?$allocator@D@2@@std@@@2@@std@@YAPAV?$basic_string@DU?$char_traits@D@std@@V?$allocator@D@2@@0@PAV10@00AAV?$allocator@V?$basic_string@DU?$char_traits@D@std@@V?$allocator@D@2@@std@@@0@U_Swap_move_tag@0@U_Range_checked_iterator_tag@0@@Z 100240ad f    CIL library: CIL module
 0001:000230e0       __unwindfunclet$?_Xlen@?$vector@DV?$allocator@D@std@@@std@@KAXXZ$0 100240e0 f    CIL library: CIL module
 0001:000230e0       __unwindfunclet$?_Xlen@?$vector@V?$basic_string@DU?$char_traits@D@std@@V?$allocator@D@2@@std@@V?$allocator@V?$basic_string@DU?$char_traits@D@std@@V?$allocator@D@2@@std@@@2@@std@@KAXXZ$0 100240e0 f    CIL library: CIL module
 0001:000230e8       __ehhandler$?_Xlen@?$vector@V?$basic_string@DU?$char_traits@D@std@@V?$allocator@D@2@@std@@V?$allocator@V?$basic_string@DU?$char_traits@D@std@@V?$allocator@D@2@@std@@@2@@std@@KAXXZ 100240e8 f    CIL library: CIL module
 0001:000230e8       __ehhandler$?_Xlen@?$vector@DV?$allocator@D@std@@@std@@KAXXZ 100240e8 f    CIL library: CIL module
 0001:00023110       __unwindfunclet$?_Insert_n@?$vector@V?$basic_string@DU?$char_traits@D@std@@V?$allocator@D@2@@std@@V?$allocator@V?$basic_string@DU?$char_traits@D@std@@V?$allocator@D@2@@std@@@2@@std@@IAEXV?$_Vector_const_iterator@V?$basic_string@DU?$char_traits@D@std@@V?$allocator@D@2@@std@@V?$allocator@V?$basic_string@DU?$char_traits@D@std@@V?$allocator@D@2@@std@@@2@@2@IABV?$basic_string@DU?$char_traits@D@std@@V?$allocator@D@2@@2@@Z$4 10024110 f    CIL library: CIL module
 0001:00023118       __unwindfunclet$?_Insert_n@?$vector@V?$basic_string@DU?$char_traits@D@std@@V?$allocator@D@2@@std@@V?$allocator@V?$basic_string@DU?$char_traits@D@std@@V?$allocator@D@2@@std@@@2@@std@@IAEXV?$_Vector_const_iterator@V?$basic_string@DU?$char_traits@D@std@@V?$allocator@D@2@@std@@V?$allocator@V?$basic_string@DU?$char_traits@D@std@@V?$allocator@D@2@@std@@@2@@2@IABV?$basic_string@DU?$char_traits@D@std@@V?$allocator@D@2@@2@@Z$5 10024118 f    CIL library: CIL module
 0001:00023120       __ehhandler$?_Insert_n@?$vector@V?$basic_string@DU?$char_traits@D@std@@V?$allocator@D@2@@std@@V?$allocator@V?$basic_string@DU?$char_traits@D@std@@V?$allocator@D@2@@std@@@2@@std@@IAEXV?$_Vector_const_iterator@V?$basic_string@DU?$char_traits@D@std@@V?$allocator@D@2@@std@@V?$allocator@V?$basic_string@DU?$char_traits@D@std@@V?$allocator@D@2@@std@@@2@@2@IABV?$basic_string@DU?$char_traits@D@std@@V?$allocator@D@2@@2@@Z 10024120 f    CIL library: CIL module
 0001:00023150       __unwindfunclet$??0?$vector@V?$basic_string@DU?$char_traits@D@std@@V?$allocator@D@2@@std@@V?$allocator@V?$basic_string@DU?$char_traits@D@std@@V?$allocator@D@2@@std@@@2@@std@@QAE@XZ$0 10024150 f    CIL library: CIL module
 0001:00023150       __unwindfunclet$??0?$vector@DV?$allocator@D@std@@@std@@QAE@XZ$0 10024150 f    CIL library: CIL module
 0001:00023158       __ehhandler$??0?$vector@DV?$allocator@D@std@@@std@@QAE@XZ 10024158 f    CIL library: CIL module
 0001:00023158       __ehhandler$??0?$vector@V?$basic_string@DU?$char_traits@D@std@@V?$allocator@D@2@@std@@V?$allocator@V?$basic_string@DU?$char_traits@D@std@@V?$allocator@D@2@@std@@@2@@std@@QAE@XZ 10024158 f    CIL library: CIL module
 0001:00023180       __unwindfunclet$?expandFilePath@fsman@@YA?AV?$basic_string@DU?$char_traits@D@std@@V?$allocator@D@2@@std@@ABV23@@Z$0 10024180 f    CIL library: CIL module
 0001:00023188       __unwindfunclet$?expandFilePath@fsman@@YA?AV?$basic_string@DU?$char_traits@D@std@@V?$allocator@D@2@@std@@ABV23@@Z$1 10024188 f    CIL library: CIL module
 0001:00023190       __ehhandler$?expandFilePath@fsman@@YA?AV?$basic_string@DU?$char_traits@D@std@@V?$allocator@D@2@@std@@ABV23@@Z 10024190 f    CIL library: CIL module
 0001:000231c0       __unwindfunclet$?listFiles@FsMan@fsman@@QAE?AV?$vector@V?$basic_string@DU?$char_traits@D@std@@V?$allocator@D@2@@std@@V?$allocator@V?$basic_string@DU?$char_traits@D@std@@V?$allocator@D@2@@std@@@2@@std@@ABV?$basic_string@DU?$char_traits@D@std@@V?$allocator@D@2@@4@@Z$0 100241c0 f    CIL library: CIL module
 0001:000231e2       __unwindfunclet$?listFiles@FsMan@fsman@@QAE?AV?$vector@V?$basic_string@DU?$char_traits@D@std@@V?$allocator@D@2@@std@@V?$allocator@V?$basic_string@DU?$char_traits@D@std@@V?$allocator@D@2@@std@@@2@@std@@ABV?$basic_string@DU?$char_traits@D@std@@V?$allocator@D@2@@4@@Z$1 100241e2 f    CIL library: CIL module
 0001:000231ed       __unwindfunclet$?listFiles@FsMan@fsman@@QAE?AV?$vector@V?$basic_string@DU?$char_traits@D@std@@V?$allocator@D@2@@std@@V?$allocator@V?$basic_string@DU?$char_traits@D@std@@V?$allocator@D@2@@std@@@2@@std@@ABV?$basic_string@DU?$char_traits@D@std@@V?$allocator@D@2@@4@@Z$3 100241ed f    CIL library: CIL module
 0001:0002320f       __unwindfunclet$?listFiles@FsMan@fsman@@QAE?AV?$vector@V?$basic_string@DU?$char_traits@D@std@@V?$allocator@D@2@@std@@V?$allocator@V?$basic_string@DU?$char_traits@D@std@@V?$allocator@D@2@@std@@@2@@std@@ABV?$basic_string@DU?$char_traits@D@std@@V?$allocator@D@2@@4@@Z$4 1002420f f    CIL library: CIL module
 0001:0002321a       __unwindfunclet$?listFiles@FsMan@fsman@@QAE?AV?$vector@V?$basic_string@DU?$char_traits@D@std@@V?$allocator@D@2@@std@@V?$allocator@V?$basic_string@DU?$char_traits@D@std@@V?$allocator@D@2@@std@@@2@@std@@ABV?$basic_string@DU?$char_traits@D@std@@V?$allocator@D@2@@4@@Z$5 1002421a f    CIL library: CIL module
 0001:0002323c       __unwindfunclet$?listFiles@FsMan@fsman@@QAE?AV?$vector@V?$basic_string@DU?$char_traits@D@std@@V?$allocator@D@2@@std@@V?$allocator@V?$basic_string@DU?$char_traits@D@std@@V?$allocator@D@2@@std@@@2@@std@@ABV?$basic_string@DU?$char_traits@D@std@@V?$allocator@D@2@@4@@Z$6 1002423c f    CIL library: CIL module
 0001:00023247       __ehhandler$?listFiles@FsMan@fsman@@QAE?AV?$vector@V?$basic_string@DU?$char_traits@D@std@@V?$allocator@D@2@@std@@V?$allocator@V?$basic_string@DU?$char_traits@D@std@@V?$allocator@D@2@@std@@@2@@std@@ABV?$basic_string@DU?$char_traits@D@std@@V?$allocator@D@2@@4@@Z 10024247 f    CIL library: CIL module
 0001:00023280       __unwindfunclet$?listDirectories@FsMan@fsman@@QAE?AV?$vector@V?$basic_string@DU?$char_traits@D@std@@V?$allocator@D@2@@std@@V?$allocator@V?$basic_string@DU?$char_traits@D@std@@V?$allocator@D@2@@std@@@2@@std@@XZ$0 10024280 f    CIL library: CIL module
 0001:000232a2       __unwindfunclet$?listDirectories@FsMan@fsman@@QAE?AV?$vector@V?$basic_string@DU?$char_traits@D@std@@V?$allocator@D@2@@std@@V?$allocator@V?$basic_string@DU?$char_traits@D@std@@V?$allocator@D@2@@std@@@2@@std@@XZ$2 100242a2 f    CIL library: CIL module
 0001:000232ad       __unwindfunclet$?listDirectories@FsMan@fsman@@QAE?AV?$vector@V?$basic_string@DU?$char_traits@D@std@@V?$allocator@D@2@@std@@V?$allocator@V?$basic_string@DU?$char_traits@D@std@@V?$allocator@D@2@@std@@@2@@std@@XZ$3 100242ad f    CIL library: CIL module
 0001:000232cf       __unwindfunclet$?listDirectories@FsMan@fsman@@QAE?AV?$vector@V?$basic_string@DU?$char_traits@D@std@@V?$allocator@D@2@@std@@V?$allocator@V?$basic_string@DU?$char_traits@D@std@@V?$allocator@D@2@@std@@@2@@std@@XZ$4 100242cf f    CIL library: CIL module
 0001:000232da       __unwindfunclet$?listDirectories@FsMan@fsman@@QAE?AV?$vector@V?$basic_string@DU?$char_traits@D@std@@V?$allocator@D@2@@std@@V?$allocator@V?$basic_string@DU?$char_traits@D@std@@V?$allocator@D@2@@std@@@2@@std@@XZ$5 100242da f    CIL library: CIL module
 0001:000232fc       __unwindfunclet$?listDirectories@FsMan@fsman@@QAE?AV?$vector@V?$basic_string@DU?$char_traits@D@std@@V?$allocator@D@2@@std@@V?$allocator@V?$basic_string@DU?$char_traits@D@std@@V?$allocator@D@2@@std@@@2@@std@@XZ$6 100242fc f    CIL library: CIL module
 0001:00023307       __ehhandler$?listDirectories@FsMan@fsman@@QAE?AV?$vector@V?$basic_string@DU?$char_traits@D@std@@V?$allocator@D@2@@std@@V?$allocator@V?$basic_string@DU?$char_traits@D@std@@V?$allocator@D@2@@std@@@2@@std@@XZ 10024307 f    CIL library: CIL module
 0001:00023340       __unwindfunclet$?expandFilePath@FsMan@fsman@@QAE?AV?$basic_string@DU?$char_traits@D@std@@V?$allocator@D@2@@std@@ABV34@@Z$0 10024340 f    CIL library: CIL module
 0001:00023359       __unwindfunclet$?expandFilePath@FsMan@fsman@@QAE?AV?$basic_string@DU?$char_traits@D@std@@V?$allocator@D@2@@std@@ABV34@@Z$1 10024359 f    CIL library: CIL module
 0001:00023372       __ehhandler$?expandFilePath@FsMan@fsman@@QAE?AV?$basic_string@DU?$char_traits@D@std@@V?$allocator@D@2@@std@@ABV34@@Z 10024372 f    CIL library: CIL module
 0001:00023390       __unwindfunclet$??0FsMan@fsman@@QAE@ABV?$basic_string@DU?$char_traits@D@std@@V?$allocator@D@2@@std@@@Z$0 10024390 f    CIL library: CIL module
 0001:00023398       __unwindfunclet$??0FsMan@fsman@@QAE@ABV?$basic_string@DU?$char_traits@D@std@@V?$allocator@D@2@@std@@@Z$1 10024398 f    CIL library: CIL module
 0001:000233a0       __ehhandler$??0FsMan@fsman@@QAE@ABV?$basic_string@DU?$char_traits@D@std@@V?$allocator@D@2@@std@@@Z 100243a0 f    CIL library: CIL module
 0001:000233c0       __unwindfunclet$?NewDlg_ChooseFile_Rebuild@@YGHPAV_CustomDlg_@@@Z$0 100243c0 f    CIL library: CIL module
 0001:000233c8       __unwindfunclet$?NewDlg_ChooseFile_Rebuild@@YGHPAV_CustomDlg_@@@Z$1 100243c8 f    CIL library: CIL module
 0001:000233d0       __unwindfunclet$?NewDlg_ChooseFile_Rebuild@@YGHPAV_CustomDlg_@@@Z$2 100243d0 f    CIL library: CIL module
 0001:000233d8       __unwindfunclet$?NewDlg_ChooseFile_Rebuild@@YGHPAV_CustomDlg_@@@Z$5 100243d8 f    CIL library: CIL module
 0001:000233e0       __unwindfunclet$?NewDlg_ChooseFile_Rebuild@@YGHPAV_CustomDlg_@@@Z$7 100243e0 f    CIL library: CIL module
 0001:000233eb       __unwindfunclet$?NewDlg_ChooseFile_Rebuild@@YGHPAV_CustomDlg_@@@Z$8 100243eb f    CIL library: CIL module
 0001:000233f6       __unwindfunclet$?NewDlg_ChooseFile_Rebuild@@YGHPAV_CustomDlg_@@@Z$9 100243f6 f    CIL library: CIL module
 0001:000233fe       __unwindfunclet$?NewDlg_ChooseFile_Rebuild@@YGHPAV_CustomDlg_@@@Z$10 100243fe f    CIL library: CIL module
 0001:00023409       __ehhandler$?NewDlg_ChooseFile_Rebuild@@YGHPAV_CustomDlg_@@@Z 10024409 f    CIL library: CIL module
 0001:00023440       __unwindfunclet$?NewDlg_ChooseFile_ScrollProc@@YIXHPAV_CustomDlg_@@@Z$1 10024440 f    CIL library: CIL module
 0001:00023448       __unwindfunclet$?NewDlg_ChooseFile_ScrollProc@@YIXHPAV_CustomDlg_@@@Z$3 10024448 f    CIL library: CIL module
 0001:00023453       __unwindfunclet$?NewDlg_ChooseFile_ScrollProc@@YIXHPAV_CustomDlg_@@@Z$4 10024453 f    CIL library: CIL module
 0001:0002345e       __unwindfunclet$?NewDlg_ChooseFile_ScrollProc@@YIXHPAV_CustomDlg_@@@Z$5 1002445e f    CIL library: CIL module
 0001:00023466       __unwindfunclet$?NewDlg_ChooseFile_ScrollProc@@YIXHPAV_CustomDlg_@@@Z$6 10024466 f    CIL library: CIL module
 0001:0002346e       __ehhandler$?NewDlg_ChooseFile_ScrollProc@@YIXHPAV_CustomDlg_@@@Z 1002446e f    CIL library: CIL module
 0001:00023490       __unwindfunclet$?changeDirectory@FsMan@fsman@@QAE_NABV?$basic_string@DU?$char_traits@D@std@@V?$allocator@D@2@@std@@@Z$0 10024490 f    CIL library: CIL module
 0001:00023498       __ehhandler$?changeDirectory@FsMan@fsman@@QAE_NABV?$basic_string@DU?$char_traits@D@std@@V?$allocator@D@2@@std@@@Z 10024498 f    CIL library: CIL module
 0001:000234c0       __unwindfunclet$?NewDlg_ChooseFile_JumpRootFolder@@YAHPAV_CustomDlg_@@@Z$0 100244c0 f    CIL library: CIL module
 0001:000234cb       __ehhandler$?NewDlg_ChooseFile_JumpRootFolder@@YAHPAV_CustomDlg_@@@Z 100244cb f    CIL library: CIL module
 0001:00023500       __unwindfunclet$?NewDlg_ChooseFile_ChangeDirectory@@YAHPAV_CustomDlg_@@PAD@Z$0 10024500 f    CIL library: CIL module
 0001:00023508       __ehhandler$?NewDlg_ChooseFile_ChangeDirectory@@YAHPAV_CustomDlg_@@PAD@Z 10024508 f    CIL library: CIL module
 0001:00023530       __unwindfunclet$?NewDlg_ChooseFile_FolderIn@@YAHPAV_CustomDlg_@@@Z$1 10024530 f    CIL library: CIL module
 0001:00023538       __ehhandler$?NewDlg_ChooseFile_FolderIn@@YAHPAV_CustomDlg_@@@Z 10024538 f    CIL library: CIL module
 0001:00023560       __unwindfunclet$?NewDlg_ChooseFile_FolderOut@@YAHPAV_CustomDlg_@@@Z$0 10024560 f    CIL library: CIL module
 0001:00023568       __unwindfunclet$?NewDlg_ChooseFile_FolderOut@@YAHPAV_CustomDlg_@@@Z$2 10024568 f    CIL library: CIL module
 0001:00023570       __ehhandler$?NewDlg_ChooseFile_FolderOut@@YAHPAV_CustomDlg_@@@Z 10024570 f    CIL library: CIL module
 0001:000235a0       __unwindfunclet$?NewDlg_ChooseFile_Proc@@YGHPAV_CustomDlg_@@PAU_DlgMsg_@@@Z$0 100245a0 f    CIL library: CIL module
 0001:000235a8       __ehhandler$?NewDlg_ChooseFile_Proc@@YGHPAV_CustomDlg_@@PAU_DlgMsg_@@@Z 100245a8 f    CIL library: CIL module
 0001:000235d0       __unwindfunclet$?NewDlg_ChooseFile@@YGHPAU_ChooseFile_@@@Z$0 100245d0 f    CIL library: CIL module
 0001:000235d8       __unwindfunclet$?NewDlg_ChooseFile@@YGHPAU_ChooseFile_@@@Z$1 100245d8 f    CIL library: CIL module
 0001:000235e0       __ehhandler$?NewDlg_ChooseFile@@YGHPAU_ChooseFile_@@@Z 100245e0 f    CIL library: CIL module
 0001:00023610       __unwindfunclet$?NewDlg_ChooseFile_Prepare@@YAHPAU_ChooseFile_@@@Z$0 10024610 f    CIL library: CIL module
 0001:0002361b       __unwindfunclet$?NewDlg_ChooseFile_Prepare@@YAHPAU_ChooseFile_@@@Z$1 1002461b f    CIL library: CIL module
 0001:00023623       __unwindfunclet$?NewDlg_ChooseFile_Prepare@@YAHPAU_ChooseFile_@@@Z$2 10024623 f    CIL library: CIL module
 0001:0002362b       __unwindfunclet$?NewDlg_ChooseFile_Prepare@@YAHPAU_ChooseFile_@@@Z$3 1002462b f    CIL library: CIL module
 0001:00023633       __ehhandler$?NewDlg_ChooseFile_Prepare@@YAHPAU_ChooseFile_@@@Z 10024633 f    CIL library: CIL module
 0001:00023661       ??__Fnomem@?5???2@YAPAXI@Z@YAXXZ 10024661 f   LIBCMT:new.obj
