 wog native dialogs

 Timestamp is 6182ef14 (Wed Nov 03 23:20:36 2021)

 Preferred load address is 10000000

 Start         Length     Name                   Class
 0001:00000000 00022b3cH .text                   CODE
 0001:00022b40 00000881H .text$x                 CODE
 0001:000233c1 00000014H .text$yd                CODE
 0002:00000000 0000013cH .idata$5                DATA
 0002:0000013c 00000004H .CRT$XCA                DATA
 0002:00000140 00000004H .CRT$XCZ                DATA
 0002:00000144 00000004H .CRT$XIA                DATA
 0002:00000148 00000010H .CRT$XIC                DATA
 0002:00000158 00000004H .CRT$XIZ                DATA
 0002:0000015c 00000004H .CRT$XPA                DATA
 0002:00000160 00000004H .CRT$XPX                DATA
 0002:00000164 00000004H .CRT$XPXA               DATA
 0002:00000168 00000004H .CRT$XPZ                DATA
 0002:0000016c 00000004H .CRT$XTA                DATA
 0002:00000170 00000004H .CRT$XTZ                DATA
 0002:00000180 00002670H .rdata                  DATA
 0002:000027f0 00000067H .rdata$debug            DATA
 0002:00002858 00000214H .rdata$r                DATA
 0002:00002a70 000000a0H .rdata$sxdata           DATA
 0002:00002b10 00000004H .rtc$IAA                DATA
 0002:00002b14 00000004H .rtc$IZZ                DATA
 0002:00002b18 00000004H .rtc$TAA                DATA
 0002:00002b1c 00000004H .rtc$TZZ                DATA
 0002:00002b20 00000e64H .xdata$x                DATA
 0002:00003984 00000028H .idata$2                DATA
 0002:000039ac 00000014H .idata$3                DATA
 0002:000039c0 0000013cH .idata$4                DATA
 0002:00003afc 0000059cH .idata$6                DATA
 0002:000040a0 0000005eH .edata                  DATA
 0003:00000000 00001398H .data                   DATA
 0003:000013a0 000039b8H .bss                    DATA

  Address         Publics by Value              Rva+Base       Lib:Object

 0000:00000000       __except_list              00000000     <absolute>
 0000:00000028       ___safe_se_handler_count   00000028     <absolute>
 0000:00000000       ___ImageBase               10000000     <linker-defined>
 0001:00000000       ?WriteCodePatch@PatcherInstance@@QAAPAVPatch@@IPADZZ 10001000 f i wog native dialogs.obj
 0001:00000020       ??1bad_alloc@std@@UAE@XZ   10001020 f i wog native dialogs.obj
 0001:00000030       ??_Gbad_alloc@std@@UAEPAXI@Z 10001030 f i wog native dialogs.obj
 0001:00000030       ??_Ebad_alloc@std@@UAEPAXI@Z 10001030 f i  CIL library: CIL module
 0001:00000060       ??3@YAXPAX0@Z              10001060 f i wog native dialogs.obj
 0001:00000070       ?compare@?$char_traits@D@std@@SAHPBD0I@Z 10001070 f i wog native dialogs.obj
 0001:000000f0       ??0logic_error@std@@QAE@ABV?$basic_string@DU?$char_traits@D@std@@V?$allocator@D@2@@1@@Z 100010f0 f i wog native dialogs.obj
 0001:00000160       ??1logic_error@std@@UAE@XZ 10001160 f i wog native dialogs.obj
 0001:00000160       ??1length_error@std@@UAE@XZ 10001160 f i wog native dialogs.obj
 0001:000001a0       ?what@logic_error@std@@UBEPBDXZ 100011a0 f i wog native dialogs.obj
 0001:000001b0       ??0length_error@std@@QAE@ABV?$basic_string@DU?$char_traits@D@std@@V?$allocator@D@2@@1@@Z 100011b0 f i wog native dialogs.obj
 0001:000001d0       ??_Glogic_error@std@@UAEPAXI@Z 100011d0 f i wog native dialogs.obj
 0001:000001d0       ??_Elogic_error@std@@UAEPAXI@Z 100011d0 f i  CIL library: CIL module
 0001:000001d0       ??_Elength_error@std@@UAEPAXI@Z 100011d0 f i  CIL library: CIL module
 0001:000001d0       ??_Glength_error@std@@UAEPAXI@Z 100011d0 f i wog native dialogs.obj
 0001:00000220       ??0logic_error@std@@QAE@ABV01@@Z 10001220 f i wog native dialogs.obj
 0001:000002a0       ?Redraw@_Dlg_@@QAEXH@Z     100012a0 f i wog native dialogs.obj
 0001:000002c0       ?AddItem@_Dlg_@@QAEXPAU_DlgItem_@@@Z 100012c0 f i wog native dialogs.obj
 0001:000002f0       ?Create@_DlgStaticPcx8_@@SAPAU1@HHHHHPAD@Z 100012f0 f i wog native dialogs.obj
 0001:00000330       ?Create@_DlgStaticPcx8_@@SAPAU1@HHHPAD@Z 10001330 f i wog native dialogs.obj
 0001:00000380       ?Create@_DlgStaticDef_@@SAPAU1@HHHPADHHH@Z 10001380 f i wog native dialogs.obj
 0001:000003e0       ?Create@_DlgStaticPcx16_@@SAPAU1@HHHHHPADI@Z 100013e0 f i wog native dialogs.obj
 0001:00000420       ?Create@_DlgButton_@@SAPAU1@HHHPADHHHH@Z 10001420 f i wog native dialogs.obj
 0001:00000470       ?Create@_DlgTextButton_@@SAPAU1@HHHPAD00HHHHH@Z 10001470 f i wog native dialogs.obj
 0001:000004d0       ?b_MsgBox@@YAHPADH@Z       100014d0 f i wog native dialogs.obj
 0001:00000500       ?b_MsgBoxD@@YAHPADHHH@Z    10001500 f i wog native dialogs.obj
 0001:00000540       ?GetHero@_GameMgr_@@QAEPAU_Hero_@@H@Z 10001540 f i wog native dialogs.obj
 0001:00000560       ?Get_ITxtExp@@YAPADH@Z     10001560 f i wog native dialogs.obj
 0001:00000580       ?Y_Mouse_SetCursor@@YAXH@Z 10001580 f   wog native dialogs.obj
 0001:00000610       ?Set_DlgBackground_RK@@YAHPAU_Dlg_@@HH@Z 10001610 f   wog native dialogs.obj
 0001:00000bc0       ?b_MsgBoxAndDef@@YAXPADH0@Z 10001bc0 f   wog native dialogs.obj
 0001:00000df0       ?b_MsgBoxAndPcx8@@YAXPAD0H@Z 10001df0 f   wog native dialogs.obj
 0001:00001170       ?b_MsgBoxBig@@YAXPADD@Z    10002170 f   wog native dialogs.obj
 0001:000012b0       ?Y_MsgBoxAndAnimatedDef_Proc@@YGHPAV_CustomDlg_@@PAU_DlgMsg_@@@Z 100022b0 f   wog native dialogs.obj
 0001:00001330       ?b_MsgBoxAndAnimatedDef@@YAXPAD0@Z 10002330 f   wog native dialogs.obj
 0001:000016a0       ?e_ClickSound@@YAXXZ       100026a0 f i wog native dialogs.obj
 0001:000016f0       ?ConnectEra@Era@@YAXXZ     100026f0 f   wog native dialogs.obj
 0001:00001a30       ?F_MsgBox_OnlyTwoFirstItemsExist@@YAHPAU_Dlg_@@@Z 10002a30 f   wog native dialogs.obj
 0001:00001a80       ?F_MsgBox_ResetYellowFrames@@YAHPAU_Dlg_@@H@Z 10002a80 f   wog native dialogs.obj
 0001:00001ad0       ?F_MsgBox_Return@@YAHPAU_DlgMsg_@@H@Z 10002ad0 f   wog native dialogs.obj
 0001:00001b00       ?Y_New_MsgBox_GetNextItem@@YAHHH@Z 10002b00 f   wog native dialogs.obj
 0001:00001c30       ?Y_New_MsgBox_Proc@@YGHPAVHiHook@@PAU_DlgMsg_@@@Z 10002c30 f   wog native dialogs.obj
 0001:00001eb0       ?Y_New_MsgBox_SetDefaultFrameEnabled@@YGHPAVLoHook@@PAUHookContext@@@Z 10002eb0 f   wog native dialogs.obj
 0001:00001f60       ?Y_New_MsgBox_GetBitMask@@YGHPAVHiHook@@PAU_GameMgr_@@@Z 10002f60 f   wog native dialogs.obj
 0001:00001fd0       ?Dlg_MsgBox@@YAXPAVPatcherInstance@@@Z 10002fd0 f   wog native dialogs.obj
 0001:00002060       ?Y_Dlg_WoGMessage@@YGHPAVHiHook@@PAD1111@Z 10003060 f   wog native dialogs.obj
 0001:00002220       ?Y_WoG_PicDlg_Pcx8@@YGXPAVHiHook@@PAD1@Z 10003220 f   wog native dialogs.obj
 0001:000024c0       ?Y_WoG_PicDlg_Def@@YGXPAVHiHook@@PAD1@Z 100034c0 f   wog native dialogs.obj
 0001:00002760       ?Dlg_WoGMessageBox@@YAXPAVPatcherInstance@@@Z 10003760 f   wog native dialogs.obj
 0001:000027c0       ?Dlg_ChangeBmp@@YAXPAVPatcherInstance@@@Z 100037c0 f   wog native dialogs.obj
 0001:000035d0       ?Y_New_CommanderDlg_Proc@@YGHPAV_CustomDlg_@@PAU_DlgMsg_@@@Z 100045d0 f   wog native dialogs.obj
 0001:00003d60       ?Y_Dlg_NPC_Show@@YGHPAVHiHook@@PAU_DlgNPC_@@@Z 10004d60 f   wog native dialogs.obj
 0001:00005460       ?Y_Dlg_NPC_Prepare@@YGXPAVHiHook@@PAU_Npc_@@HHH@Z 10006460 f   wog native dialogs.obj
 0001:000054a0       ?Y_Dlg_NPC_ShowAgain_IfGetArtHero@@YGHPAVLoHook@@PAUHookContext@@@Z 100064a0 f   wog native dialogs.obj
 0001:000054c0       ?Y_HeroDlg_Create@@YGPAV_CustomDlg_@@PAVHiHook@@PAV1@@Z 100064c0 f   wog native dialogs.obj
 0001:00005520       ?Y_HeroDlg_Proc@@YGHPAVHiHook@@PAV_CustomDlg_@@PAU_DlgMsg_@@@Z 10006520 f   wog native dialogs.obj
 0001:00005790       ?Dlg_NPC@@YAXPAVPatcherInstance@@@Z 10006790 f   wog native dialogs.obj
 0001:00005820       ?New_Dlg_ExpaMon_Case8@@YAHH@Z 10006820 f   wog native dialogs.obj
 0001:00006180       ?New_Dlg_ExpaMon_BannerDlg_Proc@@YGHPAV_CustomDlg_@@PAU_DlgMsg_@@@Z 10007180 f   wog native dialogs.obj
 0001:00006250       ?New_Dlg_ExpaMon_BannerDlg@@YAHXZ 10007250 f   wog native dialogs.obj
 0001:00006650       ?New_Dlg_ExpaMon_Proc@@YGHPAV_CustomDlg_@@PAU_DlgMsg_@@@Z 10007650 f   wog native dialogs.obj
 0001:00006a70       ?Y_NewDlg_CreatureExpo@@YGHPAVHiHook@@PAU_CreatureExpo_@@@Z 10007a70 f   wog native dialogs.obj
 0001:00007640       ?Y_WoGCurseDlg_Proc@@YGHPAV_CustomDlg_@@PAU_DlgMsg_@@@Z 10008640 f   wog native dialogs.obj
 0001:00007740       ?Y_WoGCurseDlg_Show@@YGHPAVLoHook@@PAUHookContext@@@Z 10008740 f   wog native dialogs.obj
 0001:00007ae0       ?Y_WoGDlg_ChooseArt_Proc@@YGHPAV_CustomDlg_@@PAU_DlgMsg_@@@Z 10008ae0 f   wog native dialogs.obj
 0001:00007dd0       ?Y_WoGDlg_ChooseArt@@YGHPAVHiHook@@HPAU_Hero_@@H@Z 10008dd0 f   wog native dialogs.obj
 0001:00008450       ?WoG_PlaceCreature_RMC_Crtl@@YGHPAVLoHook@@PAUHookContext@@@Z 10009450 f   wog native dialogs.obj
 0001:00008480       _UseWin32InputControl      10009480 f   wog native dialogs.obj
 0001:000084a0       ?IsSupportedFormatImage@@YAHPAD@Z 100094a0 f   wog native dialogs.obj
 0001:00008780       ?New_Dlg_CustomReq_Proc@@YGHPAV_CustomDlg_@@PAU_DlgMsg_@@@Z 10009780 f   wog native dialogs.obj
 0001:00008940       ?New_Dlg_CustomReq@@YAHPAU_Sphinx1_@@@Z 10009940 f   wog native dialogs.obj
 0001:00009ba0       ?Y_Dlg_CustomReq@@YGHPAVHiHook@@HHPAPAD@Z 1000aba0 f   wog native dialogs.obj
 0001:00009e70       ?Y_WoGDlg_SphinxReq@@YGHPAVHiHook@@H@Z 1000ae70 f   wog native dialogs.obj
 0001:0000a000       ?Y_Dlg_QuickDialog@@YGHPAVHiHook@@PAU_Sphinx1_@@@Z 1000b000 f   wog native dialogs.obj
 0001:0000a090       ?Y_Dlg_CustomPic@@YGHPAVHiHook@@HH@Z 1000b090 f   wog native dialogs.obj
 0001:0000a3f0       ?Dlg_Sphinx@@YAXPAVPatcherInstance@@@Z 1000b3f0 f   wog native dialogs.obj
 0001:0000a4b0       ?New_Dlg_IF_G_Proc@@YGHPAV_CustomDlg_@@PAU_DlgMsg_@@@Z 1000b4b0 f   wog native dialogs.obj
 0001:0000a5d0       ?New_Dlg_IF_G@@YAHPAU_CheckBoxes_@@@Z 1000b5d0 f   wog native dialogs.obj
 0001:0000aa20       ?New_Dlg_IF_G_Lo@@YGHPAVLoHook@@PAUHookContext@@@Z 1000ba20 f   wog native dialogs.obj
 0001:0000aa80       ?Dlg_IFG@@YAXPAVPatcherInstance@@@Z 1000ba80 f   wog native dialogs.obj
 0001:0000aad0       ?Dlg_ChooseMonAttack_Proc@@YGHPAV_CustomDlg_@@PAU_DlgMsg_@@@Z 1000bad0 f   wog native dialogs.obj
 0001:0000ab10       ?Dlg_ChooseMonAttack@@YGHPAVHiHook@@HHH@Z 1000bb10 f   wog native dialogs.obj
 0001:0000adf0       ?Y_NewScenarioDlg_SetScrolledShoose@@YAHPAU_NewScenarioDlg_@@PAU_DlgMsg_@@@Z 1000bdf0 f   wog native dialogs.obj
 0001:0000ae80       ?Redraw_WoGDlgSetup_ElemOnPage@@YAHPAV_CustomDlg_@@PAU_DlgSetup_@@H@Z 1000be80 f   wog native dialogs.obj
 0001:0000b070       ?ShowHide_WoGDlgSetup_ElemOnPage@@YAHPAV_CustomDlg_@@HPAU_DlgSetup_@@H@Z 1000c070 f   wog native dialogs.obj
 0001:0000b260       ?Create_WoGDlgSetup_ElemOnPage@@YAHPAV_CustomDlg_@@HPAU_DlgSetup_@@@Z 1000c260 f   wog native dialogs.obj
 0001:0000b650       ?setYellowFrames@@YAXPAV_CustomDlg_@@H@Z 1000c650 f   wog native dialogs.obj
 0001:0000c1b0       ?Dlg_WoG_Options_Proc@@YGHPAV_CustomDlg_@@PAU_DlgMsg_@@@Z 1000d1b0 f   wog native dialogs.obj
 0001:0000c900       ?Dlg_WoG_Options_Show@@YGXPAVHiHook@@H@Z 1000d900 f   wog native dialogs.obj
 0001:0000ce50       ?Y_NewScenarioDlg_Proc@@YGHPAVHiHook@@PAU_NewScenarioDlg_@@PAU_DlgMsg_@@@Z 1000de50 f   wog native dialogs.obj
 0001:0000cee0       ?Y_NewScenarioDlg_BlockScrollBar@@YGHPAVHiHook@@PAX@Z 1000dee0 f   wog native dialogs.obj
 0001:0000cf10       ?Y_NewScenarioDlg_Create@@YGXPAVHiHook@@PAU_NewScenarioDlg_@@H@Z 1000df10 f   wog native dialogs.obj
 0001:0000cf70       ?Dlg_WoGOptions@@YAXPAVPatcherInstance@@@Z 1000df70 f   wog native dialogs.obj
 0001:0000d020       ?WOG_ProcessAll@@YGXPAVHiHook@@@Z 1000e020 f   wog native dialogs.obj
 0001:0000d300       ?Dlg_SaveDatFile1@@YGHPAVLoHook@@PAUHookContext@@@Z 1000e300 f   wog native dialogs.obj
 0001:0000d390       ?Dlg_LoadDatFile1@@YGHPAVLoHook@@PAUHookContext@@@Z 1000e390 f   wog native dialogs.obj
 0001:0000d420       ?WoGOptionsStrings@@YAXPAVPatcherInstance@@@Z 1000e420 f   wog native dialogs.obj
 0001:0000d480       ?Dlg_ChooseCastleReBuild_Proc@@YGHPAV_CustomDlg_@@PAU_DlgMsg_@@@Z 1000e480 f   wog native dialogs.obj
 0001:0000d5d0       ?Dlg_ChooseCastleReBuild@@YAHXZ 1000e5d0 f   wog native dialogs.obj
 0001:0000db90       ?HiHook_Dlg_ChooseCastleReBuild@@YGHPAVHiHook@@@Z 1000eb90 f   wog native dialogs.obj
 0001:0000dba0       ?LoHook_Dlg_ChooseCastleReBuild@@YGHPAVLoHook@@PAUHookContext@@@Z 1000eba0 f   wog native dialogs.obj
 0001:0000dbd0       ?Y_Dlg_HeroLvlUp_Proc@@YGHPAVHiHook@@HPAU_DlgMsg_@@@Z 1000ebd0 f   wog native dialogs.obj
 0001:0000dcc0       ?Y_Lo_Dlg_HeroLvlUp_Create@@YGHPAVLoHook@@PAUHookContext@@@Z 1000ecc0 f   wog native dialogs.obj
 0001:0000dce0       ?Y_BATTLE_Proc@@YGHPAVHiHook@@PAU_BattleMgr_@@PAU_DlgMsg_@@@Z 1000ece0 f   wog native dialogs.obj
 0001:0000de30       ?Y_EndBattle@@YGHPAVLoHook@@PAUHookContext@@@Z 1000ee30 f   wog native dialogs.obj
 0001:0000dee0       ?StartHD5Functions@@YAXXZ  1000eee0 f   wog native dialogs.obj
 0001:0000df50       ?HD5_Functions@@YAXPAVPatcherInstance@@@Z 1000ef50 f   wog native dialogs.obj
 0001:0000dfa0       ?NewBattleLogDlg_Proc@@YGHPAV_CustomDlg_@@PAU_DlgMsg_@@@Z 1000efa0 f   wog native dialogs.obj
 0001:0000dfe0       ?CreateNewBattleLogDlg@@YAXPAU_BattleMgr_@@@Z 1000efe0 f   wog native dialogs.obj
 0001:0000e510       ?BattleLog_Proc@@YGHPAVHiHook@@PAU_BattleMgr_@@PAU_DlgMsg_@@@Z 1000f510 f   wog native dialogs.obj
 0001:0000e570       ?BattleLog_ReportNewRound@@YGXPAVHiHook@@IPBDHD@Z 1000f570 f   wog native dialogs.obj
 0001:0000e5c0       ?expandFilePath@fsman@@YA?AV?$basic_string@DU?$char_traits@D@std@@V?$allocator@D@2@@std@@ABV23@@Z 1000f5c0 f   wog native dialogs.obj
 0001:0000e810       ?isAbsPath@fsman@@YA_NABV?$basic_string@DU?$char_traits@D@std@@V?$allocator@D@2@@std@@@Z 1000f810 f   wog native dialogs.obj
 0001:0000e870       ?compareCaseInsensitively@fsman@@YA_NABV?$basic_string@DU?$char_traits@D@std@@V?$allocator@D@2@@std@@0@Z 1000f870 f   wog native dialogs.obj
 0001:0000e950       ?sortCaseInsensitively@fsman@@YAXAAV?$vector@V?$basic_string@DU?$char_traits@D@std@@V?$allocator@D@2@@std@@V?$allocator@V?$basic_string@DU?$char_traits@D@std@@V?$allocator@D@2@@std@@@2@@std@@@Z 1000f950 f   wog native dialogs.obj
 0001:0000e9b0       ??0FsMan@fsman@@QAE@ABV?$basic_string@DU?$char_traits@D@std@@V?$allocator@D@2@@std@@@Z 1000f9b0 f   wog native dialogs.obj
 0001:0000ea40       ?expandFilePath@FsMan@fsman@@QAE?AV?$basic_string@DU?$char_traits@D@std@@V?$allocator@D@2@@std@@ABV34@@Z 1000fa40 f   wog native dialogs.obj
 0001:0000eb40       ?changeDirectory@FsMan@fsman@@QAE_NABV?$basic_string@DU?$char_traits@D@std@@V?$allocator@D@2@@std@@@Z 1000fb40 f   wog native dialogs.obj
 0001:0000ec00       ?listDirectories@FsMan@fsman@@QAE?AV?$vector@V?$basic_string@DU?$char_traits@D@std@@V?$allocator@D@2@@std@@V?$allocator@V?$basic_string@DU?$char_traits@D@std@@V?$allocator@D@2@@std@@@2@@std@@XZ 1000fc00 f   wog native dialogs.obj
 0001:0000efb0       ?listFiles@FsMan@fsman@@QAE?AV?$vector@V?$basic_string@DU?$char_traits@D@std@@V?$allocator@D@2@@std@@V?$allocator@V?$basic_string@DU?$char_traits@D@std@@V?$allocator@D@2@@std@@@2@@std@@ABV?$basic_string@DU?$char_traits@D@std@@V?$allocator@D@2@@4@@Z 1000ffb0 f   wog native dialogs.obj
 0001:0000f370       ?NewDlg_ChooseFile_ChangeDirectory@@YAHPAV_CustomDlg_@@PAD@Z 10010370 f   wog native dialogs.obj
 0001:0000f4b0       ?NewDlg_ChooseFile_FolderOut@@YAHPAV_CustomDlg_@@@Z 100104b0 f   wog native dialogs.obj
 0001:0000f710       ?NewDlg_ChooseFile_FolderIn@@YAHPAV_CustomDlg_@@@Z 10010710 f   wog native dialogs.obj
 0001:0000f8a0       ?NewDlg_ChooseFile_RedrawFrames@@YAHPAV_CustomDlg_@@PAU_ScrollFiles_@@@Z 100108a0 f   wog native dialogs.obj
 0001:0000f900       ?NewDlg_ChooseFile_MooveFrameUp@@YAHPAV_CustomDlg_@@@Z 10010900 f   wog native dialogs.obj
 0001:0000fa00       ?NewDlg_ChooseFile_MooveFrameDown@@YAHPAV_CustomDlg_@@@Z 10010a00 f   wog native dialogs.obj
 0001:0000fb00       ?NewDlg_ChooseFile_ScrollProc@@YIXHPAV_CustomDlg_@@@Z 10010b00 f   wog native dialogs.obj
 0001:000100c0       ?NewDlg_ChooseFile_Rebuild@@YGHPAV_CustomDlg_@@@Z 100110c0 f   wog native dialogs.obj
 0001:00010900       ?NewDlg_ChooseFile_UdateEditText@@YAHPAV_CustomDlg_@@PAD@Z 10011900 f   wog native dialogs.obj
 0001:00010980       ?NewDlg_ChooseFile_SetTextOnEditTextItem@@YAHPAV_CustomDlg_@@H@Z 10011980 f   wog native dialogs.obj
 0001:000109e0       ?NewDlg_ChooseFile_UpdateHintText@@YAXPAV_CustomDlg_@@PAU_DlgMsg_@@@Z 100119e0 f   wog native dialogs.obj
 0001:00010af0       ?NewDlg_ChooseFile_Proc@@YGHPAV_CustomDlg_@@PAU_DlgMsg_@@@Z 10011af0 f   wog native dialogs.obj
 0001:00010e80       ?NewDlg_ChooseFile@@YGHPAU_ChooseFile_@@@Z 10011e80 f   wog native dialogs.obj
 0001:00011960       ?destroy@?$allocator@V?$basic_string@DU?$char_traits@D@std@@V?$allocator@D@2@@std@@@std@@QAEXPAV?$basic_string@DU?$char_traits@D@std@@V?$allocator@D@2@@2@@Z 10012960 f i wog native dialogs.obj
 0001:00011960       ??1FsMan@fsman@@QAE@XZ     10012960 f i wog native dialogs.obj
 0001:00011990       ?NewDlg_ChooseFile_Prepare@@YAHPAU_ChooseFile_@@@Z 10012990 f   wog native dialogs.obj
 0001:00011d40       ?Dlg_WoG_Options_SaveOrLoad@@YGHPAVHiHook@@PAU_ChooseFile_@@PAD@Z 10012d40 f   wog native dialogs.obj
 0001:00011e50       ?DlgEdit_IsCorrectInpulSymbol@@YGHPAVHiHook@@PAU_DlgTextEdit_@@PAU_DlgMsg_@@@Z 10012e50 f   wog native dialogs.obj
 0001:00011f70       ?Y_DlgTown_Proc@@YGHPAVHiHook@@PAU_TownMgr_@@PAU_DlgMsg_@@@Z 10012f70 f   wog native dialogs.obj
 0001:000120e0       ?Y_Dlg_HeroesMeet@@YGHPAVLoHook@@PAUHookContext@@@Z 100130e0 f   wog native dialogs.obj
 0001:00012110       ?Y_Battle_SetHintAttackGetDamage@@YGHPAVLoHook@@PAUHookContext@@@Z 10013110 f   wog native dialogs.obj
 0001:00012130       ?GetStringKilled@@YAPADPADPAU_BattleStack_@@@Z 10013130 f   wog native dialogs.obj
 0001:00012260       ?BattleMgr_GetAttackDamage_Hint_LogString@@YGPAU_HStr_@@PAVHiHook@@PAU1@PAU_BattleStack_@@2EH@Z 10013260 f   wog native dialogs.obj
 0001:00012360       ?Y_Dlg_MainMenu_Create@@YGHPAVHiHook@@PAU_Dlg_@@@Z 10013360 f   wog native dialogs.obj
 0001:00012400       ?OnReportVersion@@YGXPAUTEvent@Era@@@Z 10013400 f   wog native dialogs.obj
 0001:00012430       ?Y_LoadAllTXTinGames@@YGHPAVLoHook@@PAUHookContext@@@Z 10013430 f   wog native dialogs.obj
 0001:00012450       ?Y_Hook_MainLoop@@YGHPAVLoHook@@PAUHookContext@@@Z 10013450 f   wog native dialogs.obj
 0001:000128c0       _DllMain@12                100138c0 f   wog native dialogs.obj
 0001:00012bb0       ??0?$basic_string@DU?$char_traits@D@std@@V?$allocator@D@2@@std@@QAE@PBD@Z 10013bb0 f i wog native dialogs.obj
 0001:00012bf0       ??0?$basic_string@DU?$char_traits@D@std@@V?$allocator@D@2@@std@@QAE@ABV01@@Z 10013bf0 f i wog native dialogs.obj
 0001:00012c20       ??1?$basic_string@DU?$char_traits@D@std@@V?$allocator@D@2@@std@@QAE@XZ 10013c20 f i wog native dialogs.obj
 0001:00012c50       ?append@?$basic_string@DU?$char_traits@D@std@@V?$allocator@D@2@@std@@QAEAAV12@PBD@Z 10013c50 f i wog native dialogs.obj
 0001:00012c70       ?erase@?$basic_string@DU?$char_traits@D@std@@V?$allocator@D@2@@std@@QAEAAV12@II@Z 10013c70 f i wog native dialogs.obj
 0001:00012d00       ?begin@?$basic_string@DU?$char_traits@D@std@@V?$allocator@D@2@@std@@QAE?AV?$_String_iterator@DU?$char_traits@D@std@@V?$allocator@D@2@@2@XZ 10013d00 f i wog native dialogs.obj
 0001:00012d60       ?end@?$basic_string@DU?$char_traits@D@std@@V?$allocator@D@2@@std@@QAE?AV?$_String_iterator@DU?$char_traits@D@std@@V?$allocator@D@2@@2@XZ 10013d60 f i wog native dialogs.obj
 0001:00012dc0       ?substr@?$basic_string@DU?$char_traits@D@std@@V?$allocator@D@2@@std@@QBE?AV12@II@Z 10013dc0 f i wog native dialogs.obj
 0001:00012df0       ??0?$vector@V?$basic_string@DU?$char_traits@D@std@@V?$allocator@D@2@@std@@V?$allocator@V?$basic_string@DU?$char_traits@D@std@@V?$allocator@D@2@@std@@@2@@std@@QAE@XZ 10013df0 f i wog native dialogs.obj
 0001:00012df0       ??0?$vector@DV?$allocator@D@std@@@std@@QAE@XZ 10013df0 f i wog native dialogs.obj
 0001:00012e50       ??1?$vector@DV?$allocator@D@std@@@std@@QAE@XZ 10013e50 f i wog native dialogs.obj
 0001:00012e80       ??H?$_Vector_iterator@DV?$allocator@D@std@@@std@@QBE?AV01@H@Z 10013e80 f i wog native dialogs.obj
 0001:00012ed0       ??1?$vector@V?$basic_string@DU?$char_traits@D@std@@V?$allocator@D@2@@std@@V?$allocator@V?$basic_string@DU?$char_traits@D@std@@V?$allocator@D@2@@std@@@2@@std@@QAE@XZ 10013ed0 f i wog native dialogs.obj
 0001:00012f20       ?push_back@?$vector@V?$basic_string@DU?$char_traits@D@std@@V?$allocator@D@2@@std@@V?$allocator@V?$basic_string@DU?$char_traits@D@std@@V?$allocator@D@2@@std@@@2@@std@@QAEXABV?$basic_string@DU?$char_traits@D@std@@V?$allocator@D@2@@2@@Z 10013f20 f i wog native dialogs.obj
 0001:00012fd0       ??1?$_Vector_val@DV?$allocator@D@std@@@std@@QAE@XZ 10013fd0 f i wog native dialogs.obj
 0001:00012fd0       ??1?$_Vector_val@V?$basic_string@DU?$char_traits@D@std@@V?$allocator@D@2@@std@@V?$allocator@V?$basic_string@DU?$char_traits@D@std@@V?$allocator@D@2@@std@@@2@@std@@QAE@XZ 10013fd0 f i wog native dialogs.obj
 0001:00012fe0       ?append@?$basic_string@DU?$char_traits@D@std@@V?$allocator@D@2@@std@@QAEAAV12@PBDI@Z 10013fe0 f i wog native dialogs.obj
 0001:000130f0       ?assign@?$basic_string@DU?$char_traits@D@std@@V?$allocator@D@2@@std@@QAEAAV12@ABV12@II@Z 100140f0 f i wog native dialogs.obj
 0001:000131d0       ?assign@?$basic_string@DU?$char_traits@D@std@@V?$allocator@D@2@@std@@QAEAAV12@PBDI@Z 100141d0 f i wog native dialogs.obj
 0001:000132b0       ?find_last_of@?$basic_string@DU?$char_traits@D@std@@V?$allocator@D@2@@std@@QBEIPBDII@Z 100142b0 f i wog native dialogs.obj
 0001:00013350       ?_Myptr@?$basic_string@DU?$char_traits@D@std@@V?$allocator@D@2@@std@@IBEPBDXZ 10014350 f i wog native dialogs.obj
 0001:00013360       ?resize@?$vector@DV?$allocator@D@std@@@std@@QAEXID@Z 10014360 f i wog native dialogs.obj
 0001:00013430       ?_Ufill@?$vector@DV?$allocator@D@std@@@std@@IAEPADPADIABD@Z 10014430 f i wog native dialogs.obj
 0001:00013460       ?insert@?$vector@V?$basic_string@DU?$char_traits@D@std@@V?$allocator@D@2@@std@@V?$allocator@V?$basic_string@DU?$char_traits@D@std@@V?$allocator@D@2@@std@@@2@@std@@QAE?AV?$_Vector_iterator@V?$basic_string@DU?$char_traits@D@std@@V?$allocator@D@2@@std@@V?$allocator@V?$basic_string@DU?$char_traits@D@std@@V?$allocator@D@2@@std@@@2@@2@V?$_Vector_const_iterator@V?$basic_string@DU?$char_traits@D@std@@V?$allocator@D@2@@std@@V?$allocator@V?$basic_string@DU?$char_traits@D@std@@V?$allocator@D@2@@std@@@2@@2@ABV?$basic_string@DU?$char_traits@D@std@@V?$allocator@D@2@@2@@Z 10014460 f i wog native dialogs.obj
 0001:00013540       ?_Ufill@?$vector@V?$basic_string@DU?$char_traits@D@std@@V?$allocator@D@2@@std@@V?$allocator@V?$basic_string@DU?$char_traits@D@std@@V?$allocator@D@2@@std@@@2@@std@@IAEPAV?$basic_string@DU?$char_traits@D@std@@V?$allocator@D@2@@2@PAV32@IABV32@@Z 10014540 f i wog native dialogs.obj
 0001:00013570       ?append@?$basic_string@DU?$char_traits@D@std@@V?$allocator@D@2@@std@@QAEAAV12@ABV12@II@Z 10014570 f i wog native dialogs.obj
 0001:00013660       ?_Grow@?$basic_string@DU?$char_traits@D@std@@V?$allocator@D@2@@std@@IAE_NI_N@Z 10014660 f i wog native dialogs.obj
 0001:00013720       ?allocate@?$allocator@D@std@@QAEPADI@Z 10014720 f i wog native dialogs.obj
 0001:00013780       ?erase@?$vector@DV?$allocator@D@std@@@std@@QAE?AV?$_Vector_iterator@DV?$allocator@D@std@@@2@V?$_Vector_const_iterator@DV?$allocator@D@std@@@2@0@Z 10014780 f i wog native dialogs.obj
 0001:00013810       ?_Insert_n@?$vector@DV?$allocator@D@std@@@std@@IAEXV?$_Vector_const_iterator@DV?$allocator@D@std@@@2@IABD@Z 10014810 f i wog native dialogs.obj
 0001:000139d0       ?_Insert_n@?$vector@V?$basic_string@DU?$char_traits@D@std@@V?$allocator@D@2@@std@@V?$allocator@V?$basic_string@DU?$char_traits@D@std@@V?$allocator@D@2@@std@@@2@@std@@IAEXV?$_Vector_const_iterator@V?$basic_string@DU?$char_traits@D@std@@V?$allocator@D@2@@std@@V?$allocator@V?$basic_string@DU?$char_traits@D@std@@V?$allocator@D@2@@std@@@2@@2@IABV?$basic_string@DU?$char_traits@D@std@@V?$allocator@D@2@@2@@Z 100149d0 f i wog native dialogs.obj
 0001:00013d20       ?_Xlen@?$vector@V?$basic_string@DU?$char_traits@D@std@@V?$allocator@D@2@@std@@V?$allocator@V?$basic_string@DU?$char_traits@D@std@@V?$allocator@D@2@@std@@@2@@std@@KAXXZ 10014d20 f i wog native dialogs.obj
 0001:00013d20       ?_Xlen@?$vector@DV?$allocator@D@std@@@std@@KAXXZ 10014d20 f i wog native dialogs.obj
 0001:00013da0       ?allocate@?$allocator@V?$basic_string@DU?$char_traits@D@std@@V?$allocator@D@2@@std@@@std@@QAEPAV?$basic_string@DU?$char_traits@D@std@@V?$allocator@D@2@@2@I@Z 10014da0 f i wog native dialogs.obj
 0001:00013e00       ??0length_error@std@@QAE@ABV01@@Z 10014e00 f i wog native dialogs.obj
 0001:00013e20       ?_Copy@?$basic_string@DU?$char_traits@D@std@@V?$allocator@D@2@@std@@IAEXII@Z 10014e20 f i wog native dialogs.obj
 0001:00013f90       ??$transform@V?$_String_iterator@DU?$char_traits@D@std@@V?$allocator@D@2@@std@@V12@P6AHH@Z@std@@YA?AV?$_String_iterator@DU?$char_traits@D@std@@V?$allocator@D@2@@0@V10@00P6AHH@Z@Z 10014f90 f i wog native dialogs.obj
 0001:00013ff0       ??$?8DU?$char_traits@D@std@@V?$allocator@D@1@@std@@YA_NABV?$basic_string@DU?$char_traits@D@std@@V?$allocator@D@2@@0@PBD@Z 10014ff0 f i wog native dialogs.obj
 0001:00014050       ??$?0V?$_Vector_iterator@DV?$allocator@D@std@@@std@@@?$basic_string@DU?$char_traits@D@std@@V?$allocator@D@2@@std@@QAE@V?$_Vector_iterator@DV?$allocator@D@std@@@1@0@Z 10015050 f i wog native dialogs.obj
 0001:00014090       ??$?HDU?$char_traits@D@std@@V?$allocator@D@1@@std@@YA?AV?$basic_string@DU?$char_traits@D@std@@V?$allocator@D@2@@0@ABV10@PBD@Z 10015090 f i wog native dialogs.obj
 0001:00014140       ??$?HDU?$char_traits@D@std@@V?$allocator@D@1@@std@@YA?AV?$basic_string@DU?$char_traits@D@std@@V?$allocator@D@2@@0@ABV10@0@Z 10015140 f i wog native dialogs.obj
 0001:000141f0       ??$VarValue@H@Patcher@@QAEAAHPAD@Z 100151f0 f i wog native dialogs.obj
 0001:00014230       ??$_Umove@PAV?$basic_string@DU?$char_traits@D@std@@V?$allocator@D@2@@std@@@?$vector@V?$basic_string@DU?$char_traits@D@std@@V?$allocator@D@2@@std@@V?$allocator@V?$basic_string@DU?$char_traits@D@std@@V?$allocator@D@2@@std@@@2@@std@@IAEPAV?$basic_string@DU?$char_traits@D@std@@V?$allocator@D@2@@1@PAV21@00@Z 10015230 f i wog native dialogs.obj
 0001:00014260       ??$fill@PAV?$basic_string@DU?$char_traits@D@std@@V?$allocator@D@2@@std@@V12@@std@@YAXPAV?$basic_string@DU?$char_traits@D@std@@V?$allocator@D@2@@0@0ABV10@@Z 10015260 f i wog native dialogs.obj
 0001:00014290       ??$_Unchecked_move_backward@PAV?$basic_string@DU?$char_traits@D@std@@V?$allocator@D@2@@std@@PAV12@@stdext@@YAPAV?$basic_string@DU?$char_traits@D@std@@V?$allocator@D@2@@std@@PAV12@00@Z 10015290 f i wog native dialogs.obj
 0001:000142f0       ??0bad_alloc@std@@QAE@ABV01@@Z 100152f0 f i wog native dialogs.obj
 0001:00014310       ??$_Construct@V?$_Vector_iterator@DV?$allocator@D@std@@@std@@@?$basic_string@DU?$char_traits@D@std@@V?$allocator@D@2@@std@@QAEXV?$_Vector_iterator@DV?$allocator@D@std@@@1@0Uforward_iterator_tag@1@@Z 10015310 f i wog native dialogs.obj
 0001:00014460       ??$_Sort@PAV?$basic_string@DU?$char_traits@D@std@@V?$allocator@D@2@@std@@HP6A_NABV12@0@Z@std@@YAXPAV?$basic_string@DU?$char_traits@D@std@@V?$allocator@D@2@@0@0HP6A_NABV10@1@Z@Z 10015460 f i wog native dialogs.obj
 0001:000145b0       ??$?8DU?$char_traits@D@std@@V?$allocator@D@1@@std@@YA_NABV?$basic_string@DU?$char_traits@D@std@@V?$allocator@D@2@@0@0@Z 100155b0 f i wog native dialogs.obj
 0001:00014620       ??$_Uninit_fill_n@PAV?$basic_string@DU?$char_traits@D@std@@V?$allocator@D@2@@std@@IV12@V?$allocator@V?$basic_string@DU?$char_traits@D@std@@V?$allocator@D@2@@std@@@2@@std@@YAXPAV?$basic_string@DU?$char_traits@D@std@@V?$allocator@D@2@@0@IABV10@AAV?$allocator@V?$basic_string@DU?$char_traits@D@std@@V?$allocator@D@2@@std@@@0@U_Nonscalar_ptr_iterator_tag@0@U_Range_checked_iterator_tag@0@@Z 10015620 f i wog native dialogs.obj
 0001:000146c0       ??$_Destroy_range@V?$allocator@V?$basic_string@DU?$char_traits@D@std@@V?$allocator@D@2@@std@@@std@@@std@@YAXPAV?$basic_string@DU?$char_traits@D@std@@V?$allocator@D@2@@0@0AAV?$allocator@V?$basic_string@DU?$char_traits@D@std@@V?$allocator@D@2@@std@@@0@U_Nonscalar_ptr_iterator_tag@0@@Z 100156c0 f i wog native dialogs.obj
 0001:00014700       ?append@?$basic_string@DU?$char_traits@D@std@@V?$allocator@D@2@@std@@QAEAAV12@ID@Z 10015700 f i wog native dialogs.obj
 0001:00014790       ??H?$_String_iterator@DU?$char_traits@D@std@@V?$allocator@D@2@@std@@QBE?AV01@H@Z 10015790 f i wog native dialogs.obj
 0001:00014800       ??$_Unguarded_partition@PAV?$basic_string@DU?$char_traits@D@std@@V?$allocator@D@2@@std@@P6A_NABV12@0@Z@std@@YA?AU?$pair@PAV?$basic_string@DU?$char_traits@D@std@@V?$allocator@D@2@@std@@PAV12@@0@PAV?$basic_string@DU?$char_traits@D@std@@V?$allocator@D@2@@0@0P6A_NABV20@1@Z@Z 10015800 f i wog native dialogs.obj
 0001:00014ca0       ??$_Uninit_move@PAV?$basic_string@DU?$char_traits@D@std@@V?$allocator@D@2@@std@@PAV12@V?$allocator@V?$basic_string@DU?$char_traits@D@std@@V?$allocator@D@2@@std@@@2@@std@@YAPAV?$basic_string@DU?$char_traits@D@std@@V?$allocator@D@2@@0@PAV10@00AAV?$allocator@V?$basic_string@DU?$char_traits@D@std@@V?$allocator@D@2@@std@@@0@U_Swap_move_tag@0@U_Range_checked_iterator_tag@0@@Z 10015ca0 f i wog native dialogs.obj
 0001:00014de0       ??$_Move_backward_opt@PAV?$basic_string@DU?$char_traits@D@std@@V?$allocator@D@2@@std@@PAV12@Uforward_iterator_tag@2@@std@@YAPAV?$basic_string@DU?$char_traits@D@std@@V?$allocator@D@2@@0@PAV10@00Uforward_iterator_tag@0@U_Swap_move_tag@0@U_Range_checked_iterator_tag@0@@Z 10015de0 f i wog native dialogs.obj
 0001:00014e70       ??$_Median@PAV?$basic_string@DU?$char_traits@D@std@@V?$allocator@D@2@@std@@P6A_NABV12@0@Z@std@@YAXPAV?$basic_string@DU?$char_traits@D@std@@V?$allocator@D@2@@0@00P6A_NABV10@1@Z@Z 10015e70 f i wog native dialogs.obj
 0001:00015050       ??$_Make_heap@PAV?$basic_string@DU?$char_traits@D@std@@V?$allocator@D@2@@std@@HV12@P6A_NABV12@0@Z@std@@YAXPAV?$basic_string@DU?$char_traits@D@std@@V?$allocator@D@2@@0@0P6A_NABV10@1@ZPAH0@Z 10016050 f i wog native dialogs.obj
 0001:000150d0       ??$_Sort_heap@PAV?$basic_string@DU?$char_traits@D@std@@V?$allocator@D@2@@std@@P6A_NABV12@0@Z@std@@YAXPAV?$basic_string@DU?$char_traits@D@std@@V?$allocator@D@2@@0@0P6A_NABV10@1@Z@Z 100160d0 f i wog native dialogs.obj
 0001:00015160       ??$_Insertion_sort1@PAV?$basic_string@DU?$char_traits@D@std@@V?$allocator@D@2@@std@@P6A_NABV12@0@ZV12@@std@@YAXPAV?$basic_string@DU?$char_traits@D@std@@V?$allocator@D@2@@0@0P6A_NABV10@1@Z0@Z 10016160 f i wog native dialogs.obj
 0001:000152b0       ??$_Adjust_heap@PAV?$basic_string@DU?$char_traits@D@std@@V?$allocator@D@2@@std@@HV12@P6A_NABV12@0@Z@std@@YAXPAV?$basic_string@DU?$char_traits@D@std@@V?$allocator@D@2@@0@HHV10@P6A_NABV10@2@Z@Z 100162b0 f i wog native dialogs.obj
 0001:000153e0       ?swap@?$basic_string@DU?$char_traits@D@std@@V?$allocator@D@2@@std@@QAEXAAV12@@Z 100163e0 f i wog native dialogs.obj
 0001:00015460       ??$_Push_heap@PAV?$basic_string@DU?$char_traits@D@std@@V?$allocator@D@2@@std@@HV12@P6A_NABV12@0@Z@std@@YAXPAV?$basic_string@DU?$char_traits@D@std@@V?$allocator@D@2@@0@HHV10@P6A_NABV10@2@Z@Z 10016460 f i wog native dialogs.obj
 0001:00015540       ??$_Pop_heap@PAV?$basic_string@DU?$char_traits@D@std@@V?$allocator@D@2@@std@@HV12@P6A_NABV12@0@Z@std@@YAXPAV?$basic_string@DU?$char_traits@D@std@@V?$allocator@D@2@@0@00V10@P6A_NABV10@2@ZPAH@Z 10016540 f i wog native dialogs.obj
 0001:000155f0       ?RedrawScreen@_DlgItem_@@QAEXXZ 100165f0 f   HoMM3_GUI.obj
 0001:00015620       ?Create@_CustomDlg_@@SAPAV1@HHHHIP6GHPAV1@PAU_DlgMsg_@@@Z@Z 10016620 f   HoMM3_GUI.obj
 0001:000156a0       ?DlgProcBridge@_CustomDlg_@@SIHPAV1@IPAU_DlgMsg_@@@Z 100166a0 f   HoMM3_GUI.obj
 0001:000156b9       ??0out_of_range@std@@QAE@ABV?$basic_string@DU?$char_traits@D@std@@V?$allocator@D@2@@1@@Z 100166b9 f i libcpmt:string.obj
 0001:000156d6       ??1out_of_range@std@@UAE@XZ 100166d6 f i libcpmt:string.obj
 0001:000156e1       ??_Eout_of_range@std@@UAEPAXI@Z 100166e1 f i libcpmt:string.obj
 0001:000156e1       ??_Gout_of_range@std@@UAEPAXI@Z 100166e1 f i libcpmt:string.obj
 0001:00015708       ?_Xlen@_String_base@std@@SAXXZ 10016708 f   libcpmt:string.obj
 0001:00015740       ?_Xran@_String_base@std@@SAXXZ 10016740 f   libcpmt:string.obj
 0001:00015778       ??0out_of_range@std@@QAE@ABV01@@Z 10016778 f i libcpmt:string.obj
 0001:00015795       @__security_check_cookie@4 10016795 f   LIBCMT:secchk.obj
 0001:000157a4       _memmove_s                 100167a4 f   LIBCMT:memmove_s.obj
 0001:00015801       _sprintf                   10016801 f   LIBCMT:sprintf.obj
 0001:0001587e       ??0exception@std@@QAE@XZ   1001687e f   LIBCMT:stdexcpt.obj
 0001:0001588f       ??0exception@std@@QAE@ABQBD@Z 1001688f f   LIBCMT:stdexcpt.obj
 0001:000158e2       ??0exception@std@@QAE@ABQBDH@Z 100168e2 f   LIBCMT:stdexcpt.obj
 0001:000158ff       ??0exception@std@@QAE@ABV01@@Z 100168ff f   LIBCMT:stdexcpt.obj
 0001:0001595c       ??1exception@std@@UAE@XZ   1001695c f   LIBCMT:stdexcpt.obj
 0001:00015972       ?what@exception@std@@UBEPBDXZ 10016972 f   LIBCMT:stdexcpt.obj
 0001:0001597f       ??_Gexception@std@@UAEPAXI@Z 1001697f f i LIBCMT:stdexcpt.obj
 0001:0001597f       ??_Eexception@std@@UAEPAXI@Z 1001697f f i LIBCMT:stdexcpt.obj
 0001:000159a0       _free                      100169a0 f   LIBCMT:free.obj
 0001:00015a30       _memchr                    10016a30 f   LIBCMT:memchr.obj
 0001:00015add       ??0_LocaleUpdate@@QAE@PAUlocaleinfo_struct@@@Z 10016add f i LIBCMT:tolower.obj
 0001:00015b64       __tolower_l                10016b64 f   LIBCMT:tolower.obj
 0001:00015c79       _tolower                   10016c79 f   LIBCMT:tolower.obj
 0001:00015ca5       __initp_misc_invarg        10016ca5 f   LIBCMT:invarg.obj
 0001:00015cb4       __invoke_watson            10016cb4 f   LIBCMT:invarg.obj
 0001:00015ddc       __invalid_parameter        10016ddc f   LIBCMT:invarg.obj
 0001:00015e02       __invalid_parameter_noinfo 10016e02 f   LIBCMT:invarg.obj
 0001:00015e12       ??3@YAXPAX@Z               10016e12 f   LIBCMT:delete.obj
 0001:00015e1d       _memcpy_s                  10016e1d f   LIBCMT:memcpy_s.obj
 0001:00015e9a       ??1type_info@@UAE@XZ       10016e9a f   LIBCMT:typinfo.obj
 0001:00015eaa       ??_Gtype_info@@UAEPAXI@Z   10016eaa f i LIBCMT:typinfo.obj
 0001:00015eaa       ??_Etype_info@@UAEPAXI@Z   10016eaa f i LIBCMT:typinfo.obj
 0001:00015ecb       ??8type_info@@QBE_NABV0@@Z 10016ecb f   LIBCMT:typinfo.obj
 0001:00015eeb       ??0bad_alloc@std@@QAE@XZ   10016eeb f i LIBCMT:new.obj
 0001:00015f06       ??2@YAPAXI@Z               10016f06 f   LIBCMT:new.obj
 0001:00015f6d       __CRT_INIT@12              10016f6d f   LIBCMT:dllcrt0.obj
 0001:00016198       __DllMainCRTStartup@12     10017198 f   LIBCMT:dllcrt0.obj
 0001:000161c0       _strlen                    100171c0 f   LIBCMT:strlen.obj
 0001:0001624b       __CxxThrowException@8      1001724b f   LIBCMT:throw.obj
 0001:00016297       ?_JumpToContinuation@@YGXPAXPAUEHRegistrationNode@@@Z 10017297 f   LIBCMT:_trnsctrl_.obj
 0001:000162c9       ?_CallMemberFunction1@@YGXPAX00@Z 100172c9 f   LIBCMT:_trnsctrl_.obj
 0001:000162c9       ?_CallMemberFunction2@@YGXPAX00H@Z 100172c9 f   LIBCMT:_trnsctrl_.obj
 0001:000162c9       ?_CallMemberFunction0@@YGXPAX0@Z 100172c9 f   LIBCMT:_trnsctrl_.obj
 0001:000162d0       ?_UnwindNestedFrames@@YGXPAUEHRegistrationNode@@PAUEHExceptionRecord@@@Z 100172d0 f   LIBCMT:_trnsctrl_.obj
 0001:00016324       ___CxxFrameHandler3        10017324 f   LIBCMT:_trnsctrl_.obj
 0001:0001638d       ?_CallSETranslator@@YAHPAUEHExceptionRecord@@PAUEHRegistrationNode@@PAX2PBU_s_FuncInfo@@H1@Z 1001738d f   LIBCMT:_trnsctrl_.obj
 0001:00016503       ?_GetRangeOfTrysToCheck@@YAPBU_s_TryBlockMapEntry@@PBU_s_FuncInfo@@HHPAI1@Z 10017503 f   LIBCMT:_trnsctrl_.obj
 0001:00016578       __CreateFrameInfo          10017578 f   LIBCMT:_trnsctrl_.obj
 0001:000165a4       __IsExceptionObjectToBeDestroyed 100175a4 f   LIBCMT:_trnsctrl_.obj
 0001:000165cb       __FindAndUnlinkFrame       100175cb f   LIBCMT:_trnsctrl_.obj
 0001:0001661d       ?_CallCatchBlock2@@YAPAXPAUEHRegistrationNode@@PBU_s_FuncInfo@@PAXHK@Z 1001761d f   LIBCMT:_trnsctrl_.obj
 0001:0001667d       __EH_prolog3               1001767d f   LIBCMT:ehprolg3.obj
 0001:000166b0       __EH_prolog3_catch         100176b0 f   LIBCMT:ehprolg3.obj
 0001:000166e6       ___report_gsfailure        100176e6 f   LIBCMT:gs_report.obj
 0001:000167f0       _memmove                   100177f0 f   LIBCMT:memmove.obj
 0001:00016b55       __get_errno_from_oserr     10017b55 f   LIBCMT:dosmap.obj
 0001:00016b97       __errno                    10017b97 f   LIBCMT:dosmap.obj
 0001:00016baa       ___doserrno                10017baa f   LIBCMT:dosmap.obj
 0001:00016bbd       __dosmaperr                10017bbd f   LIBCMT:dosmap.obj
 0001:00016be0       __flsbuf                   10017be0 f   LIBCMT:_flsbuf.obj
 0001:00016dea       __output_l                 10017dea f   LIBCMT:output.obj
 0001:00017982       _strcpy_s                  10018982 f   LIBCMT:strcpy_s.obj
 0001:000179ea       _V6_HeapAlloc              100189ea f   LIBCMT:malloc.obj
 0001:00017a39       _malloc                    10018a39 f   LIBCMT:malloc.obj
 0001:00017b03       __heap_init                10018b03 f   LIBCMT:heapinit.obj
 0001:00017b33       __heap_term                10018b33 f   LIBCMT:heapinit.obj
 0001:00017ba7       __mtinitlocks              10018ba7 f   LIBCMT:mlock.obj
 0001:00017bf2       __mtdeletelocks            10018bf2 f   LIBCMT:mlock.obj
 0001:00017c49       __unlock                   10018c49 f   LIBCMT:mlock.obj
 0001:00017c60       __mtinitlocknum            10018c60 f   LIBCMT:mlock.obj
 0001:00017d23       __lock                     10018d23 f   LIBCMT:mlock.obj
 0001:00017d56       ___sbh_find_block          10018d56 f   LIBCMT:sbheap.obj
 0001:00017d89       ___sbh_free_block          10018d89 f   LIBCMT:sbheap.obj
 0001:0001809f       ___sbh_alloc_new_region    1001909f f   LIBCMT:sbheap.obj
 0001:0001814f       ___sbh_alloc_new_group     1001914f f   LIBCMT:sbheap.obj
 0001:00018257       ___sbh_resize_block        10019257 f   LIBCMT:sbheap.obj
 0001:00018538       ___sbh_alloc_block         10019538 f   LIBCMT:sbheap.obj
 0001:00018820       __SEH_prolog4              10019820 f   LIBCMT:sehprolg4.obj
 0001:00018865       __SEH_epilog4              10019865 f   LIBCMT:sehprolg4.obj
 0001:00018880       __except_handler4          10019880 f   LIBCMT:chandler4.obj
 0001:00018c32       ___updatetmbcinfo          10019c32 f   LIBCMT:mbctype.obj
 0001:00018d52       __setmbcp_nolock           10019d52 f   LIBCMT:mbctype.obj
 0001:00018f37       __setmbcp                  10019f37 f   LIBCMT:mbctype.obj
 0001:000190d1       ___initmbctable            1001a0d1 f   LIBCMT:mbctype.obj
 0001:000190ef       ___freetlocinfo            1001a0ef f   LIBCMT:setlocal.obj
 0001:00019238       ___addlocaleref            1001a238 f   LIBCMT:setlocal.obj
 0001:000192c7       ___removelocaleref         1001a2c7 f   LIBCMT:setlocal.obj
 0001:0001939e       ___updatetlocinfo          1001a39e f   LIBCMT:setlocal.obj
 0001:00019414       __encode_pointer           1001a414 f   LIBCMT:tidtable.obj
 0001:00019486       __encoded_null             1001a486 f   LIBCMT:tidtable.obj
 0001:0001948f       __decode_pointer           1001a48f f   LIBCMT:tidtable.obj
 0001:00019501       ___crtTlsAlloc@4           1001a501 f   LIBCMT:tidtable.obj
 0001:0001950a       ___set_flsgetvalue         1001a50a f   LIBCMT:tidtable.obj
 0001:0001953e       __mtterm                   1001a53e f   LIBCMT:tidtable.obj
 0001:0001957b       __initptd                  1001a57b f   LIBCMT:tidtable.obj
 0001:00019662       __getptd_noexit            1001a662 f   LIBCMT:tidtable.obj
 0001:000196db       __getptd                   1001a6db f   LIBCMT:tidtable.obj
 0001:000196f5       __freefls@4                1001a6f5 f   LIBCMT:tidtable.obj
 0001:00019824       __freeptd                  1001a824 f   LIBCMT:tidtable.obj
 0001:00019892       __mtinit                   1001a892 f   LIBCMT:tidtable.obj
 0001:00019a1f       __freea                    1001aa1f f i LIBCMT:a_map.obj
 0001:00019de4       ___crtLCMapStringA         1001ade4 f   LIBCMT:a_map.obj
 0001:00019e29       __isleadbyte_l             1001ae29 f i LIBCMT:_wctype.obj
 0001:00019e61       _isleadbyte                1001ae61 f i LIBCMT:_wctype.obj
 0001:00019e74       __isctype_l                1001ae74 f   LIBCMT:isctype.obj
 0001:00019f2c       __crt_debugger_hook        1001af2c f   LIBCMT:dbghook.obj
 0001:00019f40       _memset                    1001af40 f   LIBCMT:memset.obj
 0001:00019fc0       _memcpy                    1001afc0 f   LIBCMT:memcpy.obj
 0001:0001a325       ?_Type_info_dtor@type_info@@CAXPAV1@@Z 1001b325 f   LIBCMT:typname.obj
 0001:0001a3a0       _strcmp                    1001b3a0 f   LIBCMT:strcmp.obj
 0001:0001a4e2       ___onexitinit              1001b4e2 f   LIBCMT:onexit.obj
 0001:0001a513       __onexit                   1001b513 f   LIBCMT:onexit.obj
 0001:0001a54f       _atexit                    1001b54f f   LIBCMT:onexit.obj
 0001:0001a566       __initp_heap_handler       1001b566 f   LIBCMT:handler.obj
 0001:0001a575       __callnewh                 1001b575 f   LIBCMT:handler.obj
 0001:0001a59d       __malloc_crt               1001b59d f   LIBCMT:crtheap.obj
 0001:0001a5e2       __calloc_crt               1001b5e2 f   LIBCMT:crtheap.obj
 0001:0001a62e       __realloc_crt              1001b62e f   LIBCMT:crtheap.obj
 0001:0001a67c       __crt_waiting_on_module_handle 1001b67c f   LIBCMT:crt0dat.obj
 0001:0001a6ac       __amsg_exit                1001b6ac f   LIBCMT:crt0dat.obj
 0001:0001a6d5       ___crtCorExitProcess       1001b6d5 f   LIBCMT:crt0dat.obj
 0001:0001a700       ___crtExitProcess          1001b700 f   LIBCMT:crt0dat.obj
 0001:0001a718       __lockexit                 1001b718 f   LIBCMT:crt0dat.obj
 0001:0001a721       __unlockexit               1001b721 f   LIBCMT:crt0dat.obj
 0001:0001a747       __initterm_e               1001b747 f   LIBCMT:crt0dat.obj
 0001:0001a76b       __cinit                    1001b76b f   LIBCMT:crt0dat.obj
 0001:0001a91c       __exit                     1001b91c f   LIBCMT:crt0dat.obj
 0001:0001a932       __cexit                    1001b932 f   LIBCMT:crt0dat.obj
 0001:0001a941       __init_pointers            1001b941 f   LIBCMT:crt0dat.obj
 0001:0001a98f       __ioinit                   1001b98f f   LIBCMT:ioinit.obj
 0001:0001abe3       __ioterm                   1001bbe3 f   LIBCMT:ioinit.obj
 0001:0001ac31       __setenvp                  1001bc31 f   LIBCMT:stdenvp.obj
 0001:0001aea9       __setargv                  1001bea9 f   LIBCMT:stdargv.obj
 0001:0001af64       ___crtGetEnvironmentStringsA 1001bf64 f   LIBCMT:a_env.obj
 0001:0001b09b       __RTC_Initialize           1001c09b f   LIBCMT:_initsect_.obj
 0001:0001b0c1       __RTC_Terminate            1001c0c1 f   LIBCMT:_initsect_.obj
 0001:0001b0e7       __fpclear                  1001c0e7 f   LIBCMT:_fpinit_.obj
 0001:0001b0e7       __initp_misc_winxfltr      1001c0e7 f   LIBCMT:winxfltr.obj
 0001:0001b0e8       __XcptFilter               1001c0e8 f   LIBCMT:winxfltr.obj
 0001:0001b248       ___CppXcptFilter           1001c248 f   LIBCMT:winxfltr.obj
 0001:0001b268       ___security_init_cookie    1001c268 f   LIBCMT:gs_support.obj
 0001:0001b2fe       ??0bad_exception@std@@QAE@PBD@Z 1001c2fe f i LIBCMT:frame.obj
 0001:0001b31c       ??1bad_exception@std@@UAE@XZ 1001c31c f i LIBCMT:frame.obj
 0001:0001b327       ??_Ebad_exception@std@@UAEPAXI@Z 1001c327 f i LIBCMT:frame.obj
 0001:0001b327       ??_Gbad_exception@std@@UAEPAXI@Z 1001c327 f i LIBCMT:frame.obj
 0001:0001b34e       ___TypeMatch               1001c34e f   LIBCMT:frame.obj
 0001:0001b3ad       ___FrameUnwindFilter       1001c3ad f   LIBCMT:frame.obj
 0001:0001b3f6       ___FrameUnwindToState      1001c3f6 f   LIBCMT:frame.obj
 0001:0001b51c       ___DestructExceptionObject 1001c51c f   LIBCMT:frame.obj
 0001:0001b571       ___AdjustPointer           1001c571 f   LIBCMT:frame.obj
 0001:0001b7fa       ___BuildCatchObjectHelper  1001c7fa f   LIBCMT:frame.obj
 0001:0001b979       ___BuildCatchObject        1001c979 f   LIBCMT:frame.obj
 0001:0001beb4       ??0bad_exception@std@@QAE@ABV01@@Z 1001ceb4 f i LIBCMT:frame.obj
 0001:0001bed1       ___InternalCxxFrameHandler 1001ced1 f   LIBCMT:frame.obj
 0001:0001bfb7       ?terminate@@YAXXZ          1001cfb7 f   LIBCMT:hooks.obj
 0001:0001bff0       ?unexpected@@YAXXZ         1001cff0 f   LIBCMT:hooks.obj
 0001:0001c003       ?_inconsistency@@YAXXZ     1001d003 f   LIBCMT:hooks.obj
 0001:0001c03b       __initp_eh_hooks           1001d03b f   LIBCMT:hooks.obj
 0001:0001c050       __CallSettingFrame@12      1001d050 f   LIBCMT:lowhelpr.obj
 0001:0001c077       __NLG_Return               1001d077     LIBCMT:lowhelpr.obj
 0001:0001c123       __VEC_memcpy               1001d123 f   LIBCMT:p4_memcpy.obj
 0001:0001c256       __get_sse2_info            1001d256 f   LIBCMT:cpu_disp.obj
 0001:0001c2b8       ___sse2_available_init     1001d2b8 f   LIBCMT:cpu_disp.obj
 0001:0001c2c5       __lseeki64_nolock          1001d2c5 f   LIBCMT:lseeki64.obj
 0001:0001c34a       __lseeki64                 1001d34a f   LIBCMT:lseeki64.obj
 0001:0001c463       __write_nolock             1001d463 f   LIBCMT:write.obj
 0001:0001cb96       __write                    1001db96 f   LIBCMT:write.obj
 0001:0001cc72       __getbuf                   1001dc72 f   LIBCMT:_getbuf.obj
 0001:0001ccbb       __isatty                   1001dcbb f   LIBCMT:isatty.obj
 0001:0001cd1f       ___iob_func                1001dd1f f   LIBCMT:_file.obj
 0001:0001cd25       ___initstdio               1001dd25 f   LIBCMT:_file.obj
 0001:0001cdd6       ___endstdio                1001ddd6 f   LIBCMT:_file.obj
 0001:0001cdf6       __lock_file                1001ddf6 f   LIBCMT:_file.obj
 0001:0001ce37       __lock_file2               1001de37 f   LIBCMT:_file.obj
 0001:0001ce69       __unlock_file              1001de69 f   LIBCMT:_file.obj
 0001:0001cea5       __unlock_file2             1001dea5 f   LIBCMT:_file.obj
 0001:0001ced4       __fileno                   1001ded4 f   LIBCMT:fileno.obj
 0001:0001cf06       __initp_misc_cfltcvt_tab   1001df06 f   LIBCMT:cmiscdat.obj
 0001:0001cf27       __get_printf_count_output  1001df27 f   LIBCMT:printf.obj
 0001:0001cf3d       __wctomb_s_l               1001df3d f   LIBCMT:wctomb.obj
 0001:0001d0a9       _wctomb_s                  1001e0a9 f   LIBCMT:wctomb.obj
 0001:0001d0d0       __aulldvrm                 1001e0d0 f   LIBCMT:ulldvrm.obj
 0001:0001d165       __NMSG_WRITE               1001e165 f   LIBCMT:crt0msg.obj
 0001:0001d310       __FF_MSGBANNER             1001e310 f   LIBCMT:crt0msg.obj
 0001:0001d349       __initp_misc_initcrit      1001e349 f   LIBCMT:initcrit.obj
 0001:0001d358       ___crtInitCritSecAndSpinCount 1001e358 f   LIBCMT:initcrit.obj
 0001:0001d3b8       __local_unwind4            1001e3b8 f   LIBCMT:exsup4.obj
 0001:0001d48e       __seh_longjmp_unwind4@4    1001e48e f   LIBCMT:exsup4.obj
 0001:0001d4aa       @_EH4_CallFilterFunc@8     1001e4aa f   LIBCMT:exsup4.obj
 0001:0001d4c1       @_EH4_TransferToHandler@8  1001e4c1 f   LIBCMT:exsup4.obj
 0001:0001d4da       @_EH4_GlobalUnwind@4       1001e4da f   LIBCMT:exsup4.obj
 0001:0001d4f4       @_EH4_LocalUnwind@16       1001e4f4 f   LIBCMT:exsup4.obj
 0001:0001d510       __ValidateImageBase        1001e510 f   LIBCMT:pesect.obj
 0001:0001d550       __FindPESection            1001e550 f   LIBCMT:pesect.obj
 0001:0001d5a0       __IsNonwritableInCurrentImage 1001e5a0 f   LIBCMT:pesect.obj
 0001:0001d817       ___crtGetStringTypeA       1001e817 f   LIBCMT:a_str.obj
 0001:0001d859       ___free_lc_time            1001e859 f   LIBCMT:inittime.obj
 0001:0001d9ee       ___free_lconv_num          1001e9ee f   LIBCMT:initnum.obj
 0001:0001da33       ___free_lconv_mon          1001ea33 f   LIBCMT:initmon.obj
 0001:0001dac1       _strcat_s                  1001eac1 f   LIBCMT:strcat_s.obj
 0001:0001db40       _strcspn                   1001eb40 f   LIBCMT:strcspn.obj
 0001:0001db86       _strncpy_s                 1001eb86 f   LIBCMT:strncpy_s.obj
 0001:0001dc40       _strpbrk                   1001ec40 f   LIBCMT:strpbrk.obj
 0001:0001dc80       ___ansicp                  1001ec80 f   LIBCMT:convrtcp.obj
 0001:0001dcc9       ___convertcp               1001ecc9 f   LIBCMT:convrtcp.obj
 0001:0001de80       __alloca_probe_16          1001ee80 f   LIBCMT:alloca16.obj
 0001:0001de96       __alloca_probe_8           1001ee96     LIBCMT:alloca16.obj
 0001:0001df03       __VEC_memzero              1001ef03 f   LIBCMT:p4_memset.obj
 0001:0001df92       __msize                    1001ef92 f   LIBCMT:msize.obj
 0001:0001e035       __calloc_impl              1001f035 f   LIBCMT:calloc_impl.obj
 0001:0001e153       _realloc                   1001f153 f   LIBCMT:realloc.obj
 0001:0001e36e       __initp_misc_winsig        1001f36e f   LIBCMT:winsig.obj
 0001:0001e3c3       ___get_sigabrt             1001f3c3 f   LIBCMT:winsig.obj
 0001:0001e3d0       _raise                     1001f3d0 f   LIBCMT:winsig.obj
 0001:0001e580       __initp_misc_rand_s        1001f580 f   LIBCMT:rand_s.obj
 0001:0001e58f       __initp_misc_purevirt      1001f58f f   LIBCMT:inithelp.obj
 0001:0001e5f1       __ismbblead                1001f5f1 f   LIBCMT:ismbbyte.obj
 0001:0001e609       ?_ValidateExecute@@YAHP6GHXZ@Z 1001f609 f   LIBCMT:validate.obj
 0001:0001e609       ?_ValidateWrite@@YAHPAXI@Z 1001f609 f   LIBCMT:validate.obj
 0001:0001e609       ?_ValidateRead@@YAHPBXI@Z  1001f609 f   LIBCMT:validate.obj
 0001:0001e61b       _abort                     1001f61b f   LIBCMT:abort.obj
 0001:0001e734       __global_unwind2           1001f734 f   LIBCMT:exsup.obj
 0001:0001e799       __local_unwind2            1001f799 f   LIBCMT:exsup.obj
 0001:0001e81d       __abnormal_termination     1001f81d f   LIBCMT:exsup.obj
 0001:0001e840       __NLG_Notify1              1001f840 f   LIBCMT:exsup.obj
 0001:0001e849       __NLG_Notify               1001f849 f   LIBCMT:exsup.obj
 0001:0001e860       __NLG_Dispatch             1001f860     LIBCMT:exsup.obj
 0001:0001e860       __NLG_Dispatch2            1001f860     LIBCMT:exsup.obj
 0001:0001e868       __NLG_Call                 1001f868 f   LIBCMT:exsup.obj
 0001:0001e86a       __NLG_Return2              1001f86a     LIBCMT:exsup.obj
 0001:0001e86b       __free_osfhnd              1001f86b f   LIBCMT:osfinfo.obj
 0001:0001e8f1       __get_osfhandle            1001f8f1 f   LIBCMT:osfinfo.obj
 0001:0001e968       ___lock_fhandle            1001f968 f   LIBCMT:osfinfo.obj
 0001:0001ea08       __unlock_fhandle           1001fa08 f   LIBCMT:osfinfo.obj
 0001:0001ea2f       __putwch_nolock            1001fa2f f   LIBCMT:putwch.obj
 0001:0001eaf4       __mbtowc_l                 1001faf4 f   LIBCMT:mbtowc.obj
 0001:0001ec0b       _mbtowc                    1001fc0b f   LIBCMT:mbtowc.obj
 0001:0001ec30       __chkstk                   1001fc30 f   LIBCMT:chkstk.obj
 0001:0001ec30       __alloca_probe             1001fc30     LIBCMT:chkstk.obj
 0001:0001ec5b       __fcloseall                1001fc5b f   LIBCMT:closeall.obj
 0001:0001ecfa       __flush                    1001fcfa f   LIBCMT:fflush.obj
 0001:0001ed62       __fflush_nolock            1001fd62 f   LIBCMT:fflush.obj
 0001:0001ee84       __flushall                 1001fe84 f   LIBCMT:fflush.obj
 0001:0001ee8d       __fptrap                   1001fe8d f   LIBCMT:crt0fp.obj
 0001:0001f0c5       _strtol                    100200c5 f   LIBCMT:strtol.obj
 0001:0001f0f0       ___crtMessageBoxA          100200f0 f   LIBCMT:crtmbox.obj
 0001:0001f259       __set_error_mode           10020259 f   LIBCMT:errmode.obj
 0001:0001f2a4       _atol                      100202a4 f   LIBCMT:atox.obj
 0001:0001f2c0       __allmul                   100202c0 f   LIBCMT:llmul.obj
 0001:0001f2f4       __isdigit_l                100202f4 f i LIBCMT:_ctype.obj
 0001:0001f345       _isdigit                   10020345 f i LIBCMT:_ctype.obj
 0001:0001f373       ___initconout              10020373 f   LIBCMT:initcon.obj
 0001:0001f392       ___termcon                 10020392 f   LIBCMT:initcon.obj
 0001:0001f3bf       __fclose_nolock            100203bf f   LIBCMT:fclose.obj
 0001:0001f436       _fclose                    10020436 f   LIBCMT:fclose.obj
 0001:0001f4b2       __commit                   100204b2 f   LIBCMT:commit.obj
 0001:0001f5a0       ___ascii_strnicmp          100205a0 f   LIBCMT:_strnicm.obj
 0001:0001f601       __close_nolock             10020601 f   LIBCMT:close.obj
 0001:0001f69d       __close                    1002069d f   LIBCMT:close.obj
 0001:0001f76a       __freebuf                  1002076a f   LIBCMT:_freebuf.obj
 0001:0001f7b0       _strchr                    100207b0 f   LIBCMT:strchr.obj
 0001:0001f7b6       ___from_strstr_to_strchr   100207b6     LIBCMT:strchr.obj
 0001:0001f86e       _RtlUnwind@16              1002086e f   kernel32:KERNEL32.dll
 0001:0001f874       __cfltcvt_init             10020874 f   LIBCMT:_fpinit_.obj
 0001:0001f8d4       __fpmath                   100208d4 f   LIBCMT:_fpinit_.obj
 0001:0001f900       __ftol2_sse                10020900 f   LIBCMT:ftol2.obj
 0001:0001f909       __ftol2_pentium4           10020909 f   LIBCMT:ftol2.obj
 0001:0001f91c       __ftol2_sse_excpt          1002091c f   LIBCMT:ftol2.obj
 0001:0001f936       __ftol2                    10020936 f   LIBCMT:ftol2.obj
 0001:0001f9ab       __forcdecpt_l              100209ab f   LIBCMT:cvt.obj
 0001:0001fa1e       __cropzeros_l              10020a1e f   LIBCMT:cvt.obj
 0001:0001faa0       __positive                 10020aa0 f   LIBCMT:cvt.obj
 0001:0001fabc       __fassign_l                10020abc f   LIBCMT:cvt.obj
 0001:0001fafe       __fassign                  10020afe f   LIBCMT:cvt.obj
 0001:0001fb37       __forcdecpt                10020b37 f   LIBCMT:cvt.obj
 0001:0001fb4a       __cropzeros                10020b4a f   LIBCMT:cvt.obj
 0001:0001fccc       __cftoe_l                  10020ccc f   LIBCMT:cvt.obj
 0001:0001fd9c       __cftoe                    10020d9c f   LIBCMT:cvt.obj
 0001:0001fdbc       __cftoa_l                  10020dbc f   LIBCMT:cvt.obj
 0001:00020226       __cftof_l                  10021226 f   LIBCMT:cvt.obj
 0001:000202e1       __cftog_l                  100212e1 f   LIBCMT:cvt.obj
 0001:000203db       __cfltcvt_l                100213db f   LIBCMT:cvt.obj
 0001:00020463       __cfltcvt                  10021463 f   LIBCMT:cvt.obj
 0001:00020486       __setdefaultprecision      10021486 f   LIBCMT:fp8.obj
 0001:000204b1       __ms_p5_test_fdiv          100214b1 f   LIBCMT:_testfdiv_.obj
 0001:000204ef       __ms_p5_mp_test_fdiv       100214ef f   LIBCMT:_testfdiv_.obj
 0001:00020520       _strrchr                   10021520 f   LIBCMT:strrchr.obj
 0001:0002054d       __atodbl_l                 1002154d f   LIBCMT:atodbl.obj
 0001:000205f5       __atoflt_l                 100215f5 f   LIBCMT:atodbl.obj
 0001:0002069d       __fptostr                  1002169d f   LIBCMT:_fptostr.obj
 0001:0002075c       ___dtold                   1002175c f   LIBCMT:_cfout_.obj
 0001:00020819       __fltout2                  10021819 f   LIBCMT:_cfout_.obj
 0001:000208b0       __alldvrm                  100218b0 f   LIBCMT:lldvrm.obj
 0001:00020990       __aullshr                  10021990 f   LIBCMT:ullshr.obj
 0001:000209af       __controlfp_s              100219af f   LIBCMT:_contrlfp_.obj
 0001:00020a1b       __ld12tod                  10021a1b f   LIBCMT:_intrncvt_.obj
 0001:00020f5f       __ld12tof                  10021f5f f   LIBCMT:_intrncvt_.obj
 0001:000214a3       ___strgtold12_l            100224a3 f   LIBCMT:_strgtold_.obj
 0001:00021b9b       _$I10_OUTPUT               10022b9b f   LIBCMT:_x10fout_.obj
 0001:000225ed       __control87                100235ed f i LIBCMT:_ieee87_.obj
 0001:000228fc       ___mtold12                 100238fc f   LIBCMT:_mantold_.obj
 0001:00022aca       ___set_fpsr_sse2           10023aca f   LIBCMT:_fpctrl_.obj
 0002:00000000       __imp__GetFullPathNameA@16 10025000     kernel32:KERNEL32.dll
 0002:00000004       __imp__FindFirstFileA@8    10025004     kernel32:KERNEL32.dll
 0002:00000008       __imp__GetProcAddress@8    10025008     kernel32:KERNEL32.dll
 0002:0000000c       __imp__FindClose@4         1002500c     kernel32:KERNEL32.dll
 0002:00000010       __imp__GetPrivateProfileStringA@24 10025010     kernel32:KERNEL32.dll
 0002:00000014       __imp__LoadLibraryA@4      10025014     kernel32:KERNEL32.dll
 0002:00000018       __imp__FindNextFileA@8     10025018     kernel32:KERNEL32.dll
 0002:0000001c       __imp__GetCurrentDirectoryA@8 1002501c     kernel32:KERNEL32.dll
 0002:00000020       __imp__CreateFileA@28      10025020     kernel32:KERNEL32.dll
 0002:00000024       __imp__SetFilePointer@16   10025024     kernel32:KERNEL32.dll
 0002:00000028       __imp__CloseHandle@4       10025028     kernel32:KERNEL32.dll
 0002:0000002c       __imp__GetLastError@0      1002502c     kernel32:KERNEL32.dll
 0002:00000030       __imp__HeapFree@12         10025030     kernel32:KERNEL32.dll
 0002:00000034       __imp__TerminateProcess@8  10025034     kernel32:KERNEL32.dll
 0002:00000038       __imp__GetCurrentProcess@0 10025038     kernel32:KERNEL32.dll
 0002:0000003c       __imp__UnhandledExceptionFilter@4 1002503c     kernel32:KERNEL32.dll
 0002:00000040       __imp__SetUnhandledExceptionFilter@4 10025040     kernel32:KERNEL32.dll
 0002:00000044       __imp__IsDebuggerPresent@0 10025044     kernel32:KERNEL32.dll
 0002:00000048       __imp__GetCurrentThreadId@0 10025048     kernel32:KERNEL32.dll
 0002:0000004c       __imp__GetCommandLineA@0   1002504c     kernel32:KERNEL32.dll
 0002:00000050       __imp__RaiseException@16   10025050     kernel32:KERNEL32.dll
 0002:00000054       __imp__RtlUnwind@16        10025054     kernel32:KERNEL32.dll
 0002:00000058       __imp__HeapAlloc@12        10025058     kernel32:KERNEL32.dll
 0002:0000005c       __imp__HeapCreate@12       1002505c     kernel32:KERNEL32.dll
 0002:00000060       __imp__HeapDestroy@4       10025060     kernel32:KERNEL32.dll
 0002:00000064       __imp__VirtualFree@12      10025064     kernel32:KERNEL32.dll
 0002:00000068       __imp__DeleteCriticalSection@4 10025068     kernel32:KERNEL32.dll
 0002:0000006c       __imp__LeaveCriticalSection@4 1002506c     kernel32:KERNEL32.dll
 0002:00000070       __imp__EnterCriticalSection@4 10025070     kernel32:KERNEL32.dll
 0002:00000074       __imp__VirtualAlloc@16     10025074     kernel32:KERNEL32.dll
 0002:00000078       __imp__HeapReAlloc@16      10025078     kernel32:KERNEL32.dll
 0002:0000007c       __imp__GetCPInfo@8         1002507c     kernel32:KERNEL32.dll
 0002:00000080       __imp__InterlockedIncrement@4 10025080     kernel32:KERNEL32.dll
 0002:00000084       __imp__InterlockedDecrement@4 10025084     kernel32:KERNEL32.dll
 0002:00000088       __imp__GetACP@0            10025088     kernel32:KERNEL32.dll
 0002:0000008c       __imp__GetOEMCP@0          1002508c     kernel32:KERNEL32.dll
 0002:00000090       __imp__IsValidCodePage@4   10025090     kernel32:KERNEL32.dll
 0002:00000094       __imp__GetModuleHandleW@4  10025094     kernel32:KERNEL32.dll
 0002:00000098       __imp__TlsGetValue@4       10025098     kernel32:KERNEL32.dll
 0002:0000009c       __imp__TlsAlloc@0          1002509c     kernel32:KERNEL32.dll
 0002:000000a0       __imp__TlsSetValue@8       100250a0     kernel32:KERNEL32.dll
 0002:000000a4       __imp__TlsFree@4           100250a4     kernel32:KERNEL32.dll
 0002:000000a8       __imp__SetLastError@4      100250a8     kernel32:KERNEL32.dll
 0002:000000ac       __imp__LCMapStringA@24     100250ac     kernel32:KERNEL32.dll
 0002:000000b0       __imp__WideCharToMultiByte@32 100250b0     kernel32:KERNEL32.dll
 0002:000000b4       __imp__MultiByteToWideChar@24 100250b4     kernel32:KERNEL32.dll
 0002:000000b8       __imp__LCMapStringW@24     100250b8     kernel32:KERNEL32.dll
 0002:000000bc       __imp__Sleep@4             100250bc     kernel32:KERNEL32.dll
 0002:000000c0       __imp__ExitProcess@4       100250c0     kernel32:KERNEL32.dll
 0002:000000c4       __imp__SetHandleCount@4    100250c4     kernel32:KERNEL32.dll
 0002:000000c8       __imp__GetStdHandle@4      100250c8     kernel32:KERNEL32.dll
 0002:000000cc       __imp__GetFileType@4       100250cc     kernel32:KERNEL32.dll
 0002:000000d0       __imp__GetStartupInfoA@4   100250d0     kernel32:KERNEL32.dll
 0002:000000d4       __imp__GetModuleFileNameA@12 100250d4     kernel32:KERNEL32.dll
 0002:000000d8       __imp__FreeEnvironmentStringsA@4 100250d8     kernel32:KERNEL32.dll
 0002:000000dc       __imp__GetEnvironmentStrings@0 100250dc     kernel32:KERNEL32.dll
 0002:000000e0       __imp__FreeEnvironmentStringsW@4 100250e0     kernel32:KERNEL32.dll
 0002:000000e4       __imp__GetEnvironmentStringsW@0 100250e4     kernel32:KERNEL32.dll
 0002:000000e8       __imp__QueryPerformanceCounter@4 100250e8     kernel32:KERNEL32.dll
 0002:000000ec       __imp__GetTickCount@0      100250ec     kernel32:KERNEL32.dll
 0002:000000f0       __imp__GetCurrentProcessId@0 100250f0     kernel32:KERNEL32.dll
 0002:000000f4       __imp__GetSystemTimeAsFileTime@4 100250f4     kernel32:KERNEL32.dll
 0002:000000f8       __imp__WriteFile@20        100250f8     kernel32:KERNEL32.dll
 0002:000000fc       __imp__GetConsoleCP@0      100250fc     kernel32:KERNEL32.dll
 0002:00000100       __imp__GetConsoleMode@8    10025100     kernel32:KERNEL32.dll
 0002:00000104       __imp__InitializeCriticalSectionAndSpinCount@8 10025104     kernel32:KERNEL32.dll
 0002:00000108       __imp__GetStringTypeA@20   10025108     kernel32:KERNEL32.dll
 0002:0000010c       __imp__GetStringTypeW@16   1002510c     kernel32:KERNEL32.dll
 0002:00000110       __imp__GetLocaleInfoA@16   10025110     kernel32:KERNEL32.dll
 0002:00000114       __imp__HeapSize@12         10025114     kernel32:KERNEL32.dll
 0002:00000118       __imp__SetStdHandle@8      10025118     kernel32:KERNEL32.dll
 0002:0000011c       __imp__WriteConsoleA@20    1002511c     kernel32:KERNEL32.dll
 0002:00000120       __imp__GetConsoleOutputCP@0 10025120     kernel32:KERNEL32.dll
 0002:00000124       __imp__WriteConsoleW@20    10025124     kernel32:KERNEL32.dll
 0002:00000128       __imp__FlushFileBuffers@4  10025128     kernel32:KERNEL32.dll
 0002:0000012c       __imp__GetModuleHandleA@4  1002512c     kernel32:KERNEL32.dll
 0002:00000130       \177KERNEL32_NULL_THUNK_DATA 10025130     kernel32:KERNEL32.dll
 0002:00000134       __imp__GetKeyState@4       10025134     user32:USER32.dll
 0002:00000138       \177USER32_NULL_THUNK_DATA 10025138     user32:USER32.dll
 0002:0000013c       ___xc_a                    1002513c     LIBCMT:crt0init.obj
 0002:00000140       ___xc_z                    10025140     LIBCMT:crt0init.obj
 0002:00000144       ___xi_a                    10025144     LIBCMT:crt0init.obj
 0002:00000158       ___xi_z                    10025158     LIBCMT:crt0init.obj
 0002:0000015c       ___xp_a                    1002515c     LIBCMT:crt0init.obj
 0002:00000168       ___xp_z                    10025168     LIBCMT:crt0init.obj
 0002:0000016c       ___xt_a                    1002516c     LIBCMT:crt0init.obj
 0002:00000170       ___xt_z                    10025170     LIBCMT:crt0init.obj
 0002:000001a0       ??_7bad_alloc@std@@6B@     100251a0     libcpmt:string.obj
 0002:000001ac       ??_7logic_error@std@@6B@   100251ac     libcpmt:string.obj
 0002:000001b8       ??_7length_error@std@@6B@  100251b8     libcpmt:string.obj
 0002:000001c4       ??_7out_of_range@std@@6B@  100251c4     libcpmt:string.obj
 0002:000001cc       ??_C@_0BA@JFNIOLAK@string?5too?5long?$AA@ 100251cc     libcpmt:string.obj
 0002:000001dc       ??_C@_0BI@CFPLBAOH@invalid?5string?5position?$AA@ 100251dc     libcpmt:string.obj
 0002:000001f8       ??_7exception@std@@6B@     100251f8     LIBCMT:stdexcpt.obj
 0002:00000200       ??_C@_0BC@EOODALEL@Unknown?5exception?$AA@ 10025200     LIBCMT:stdexcpt.obj
 0002:00000218       ??_7type_info@@6B@         10025218     LIBCMT:typinfo.obj
 0002:0000021c       __pRawDllMain              1002521c     LIBCMT:dllcrt0.obj
 0002:0000021c       __pDefaultRawDllMain       1002521c     LIBCMT:dllcrt0.obj
 0002:00000248       ??_C@_1O@CEDCILHN@?$AA?$CI?$AAn?$AAu?$AAl?$AAl?$AA?$CJ?$AA?$AA@ 10025248     LIBCMT:output.obj
 0002:00000258       ??_C@_06OJHGLDPL@?$CInull?$CJ?$AA@ 10025258     LIBCMT:output.obj
 0002:00000260       ___lookuptable             10025260     LIBCMT:output.obj
 0002:00000340       ??_C@_01NEMOKFLO@?$DN?$AA@ 10025340     LIBCMT:setlocal.obj
 0002:00000344       ??_C@_0O@NLDKAIKN@EncodePointer?$AA@ 10025344     LIBCMT:tidtable.obj
 0002:00000354       ??_C@_1BK@DBDEIDLH@?$AAK?$AAE?$AAR?$AAN?$AAE?$AAL?$AA3?$AA2?$AA?4?$AAD?$AAL?$AAL?$AA?$AA@ 10025354     LIBCMT:tidtable.obj
 0002:00000370       ??_C@_0O@KBPMFGHI@DecodePointer?$AA@ 10025370     LIBCMT:tidtable.obj
 0002:00000380       ??_C@_07PEJMOBNF@FlsFree?$AA@ 10025380     LIBCMT:tidtable.obj
 0002:00000388       ??_C@_0M@JCPCPOEF@FlsSetValue?$AA@ 10025388     LIBCMT:tidtable.obj
 0002:00000394       ??_C@_0M@GDNOONDI@FlsGetValue?$AA@ 10025394     LIBCMT:tidtable.obj
 0002:000003a0       ??_C@_08KNHFBNJ@FlsAlloc?$AA@ 100253a0     LIBCMT:tidtable.obj
 0002:000003ac       ??_C@_13NOLLCAOD@?$AA?$AA?$AA?$AA@ 100253ac     LIBCMT:a_map.obj
 0002:000003b0       ??_C@_0P@MIGLKIOC@CorExitProcess?$AA@ 100253b0     LIBCMT:crt0dat.obj
 0002:000003c0       ??_C@_1BI@BGOHAHKC@?$AAm?$AAs?$AAc?$AAo?$AAr?$AAe?$AAe?$AA?4?$AAd?$AAl?$AAl?$AA?$AA@ 100253c0     LIBCMT:crt0dat.obj
 0002:000003d8       __XcptActTab               100253d8     LIBCMT:winxfltr.obj
 0002:00000450       __pDestructExceptionObject 10025450     LIBCMT:frame.obj
 0002:00000458       ??_7bad_exception@std@@6B@ 10025458     LIBCMT:frame.obj
 0002:00000460       ??_C@_0O@DPKOEFFH@bad?5exception?$AA@ 10025460     LIBCMT:frame.obj
 0002:00000470       ___lookuptable_s           10025470     LIBCMT:outputs.obj
 0002:000004cc       ??_C@_0P@GGKDKEEG@runtime?5error?5?$AA@ 100254cc     LIBCMT:crt0msg.obj
 0002:000004dc       ??_C@_02PCIJFNDE@?$AN?6?$AA@ 100254dc     LIBCMT:crt0msg.obj
 0002:000004e0       ??_C@_0O@MJNIPGOH@TLOSS?5error?$AN?6?$AA@ 100254e0     LIBCMT:crt0msg.obj
 0002:000004f0       ??_C@_0N@BONNPDHF@SING?5error?$AN?6?$AA@ 100254f0     LIBCMT:crt0msg.obj
 0002:00000500       ??_C@_0P@MBDAJNE@DOMAIN?5error?$AN?6?$AA@ 10025500     LIBCMT:crt0msg.obj
 0002:00000510       ??_C@_0JL@DFDOOABL@R6034?$AN?6An?5application?5has?5made?5a@ 10025510     LIBCMT:crt0msg.obj
 0002:000005b0       ??_C@_0PH@EPAFIJ@R6033?$AN?6?9?5Attempt?5to?5use?5MSIL?5cod@ 100255b0     LIBCMT:crt0msg.obj
 0002:000006a8       ??_C@_0DD@BKEEABMM@R6032?$AN?6?9?5not?5enough?5space?5for?5lo@ 100256a8     LIBCMT:crt0msg.obj
 0002:000006e0       ??_C@_0GD@OFKILIED@R6031?$AN?6?9?5Attempt?5to?5initialize?5t@ 100256e0     LIBCMT:crt0msg.obj
 0002:00000744       ??_C@_0BP@LPMHJOKI@R6030?$AN?6?9?5CRT?5not?5initialized?$AN?6?$AA@ 10025744     LIBCMT:crt0msg.obj
 0002:00000764       ??_C@_0CF@KJDAIALP@R6028?$AN?6?9?5unable?5to?5initialize?5he@ 10025764     LIBCMT:crt0msg.obj
 0002:0000078c       ??_C@_0DF@GAKBPDFP@R6027?$AN?6?9?5not?5enough?5space?5for?5lo@ 1002578c     LIBCMT:crt0msg.obj
 0002:000007c4       ??_C@_0DF@IBLNNAIG@R6026?$AN?6?9?5not?5enough?5space?5for?5st@ 100257c4     LIBCMT:crt0msg.obj
 0002:000007fc       ??_C@_0CG@IOHKGFNJ@R6025?$AN?6?9?5pure?5virtual?5function?5c@ 100257fc     LIBCMT:crt0msg.obj
 0002:00000824       ??_C@_0DF@JIJJFJDC@R6024?$AN?6?9?5not?5enough?5space?5for?5_o@ 10025824     LIBCMT:crt0msg.obj
 0002:0000085c       ??_C@_0CJ@EGEJHFME@R6019?$AN?6?9?5unable?5to?5open?5console?5@ 1002585c     LIBCMT:crt0msg.obj
 0002:00000888       ??_C@_0CB@GNHNIELH@R6018?$AN?6?9?5unexpected?5heap?5error?$AN?6@ 10025888     LIBCMT:crt0msg.obj
 0002:000008ac       ??_C@_0CN@FOLDKNG@R6017?$AN?6?9?5unexpected?5multithread?5@ 100258ac     LIBCMT:crt0msg.obj
 0002:000008dc       ??_C@_0CM@FAHFJNHO@R6016?$AN?6?9?5not?5enough?5space?5for?5th@ 100258dc     LIBCMT:crt0msg.obj
 0002:00000908       ??_C@_0JG@LBKMGKLD@?$AN?6This?5application?5has?5requested@ 10025908     LIBCMT:crt0msg.obj
 0002:000009a0       ??_C@_0CM@FLCNIPKK@R6009?$AN?6?9?5not?5enough?5space?5for?5en@ 100259a0     LIBCMT:crt0msg.obj
 0002:000009cc       ??_C@_0CK@KMMJOAPP@R6008?$AN?6?9?5not?5enough?5space?5for?5ar@ 100259cc     LIBCMT:crt0msg.obj
 0002:000009f8       ??_C@_0CN@LEKKICBM@R6002?$AN?6?9?5floating?5point?5support?5@ 100259f8     LIBCMT:crt0msg.obj
 0002:00000a28       ??_C@_0CF@GOGNBNAK@Microsoft?5Visual?5C?$CL?$CL?5Runtime?5Lib@ 10025a28     LIBCMT:crt0msg.obj
 0002:00000a50       ??_C@_02PHMGELLB@?6?6?$AA@ 10025a50     LIBCMT:crt0msg.obj
 0002:00000a54       ??_C@_03KHICJKCI@?4?4?4?$AA@ 10025a54     LIBCMT:crt0msg.obj
 0002:00000a58       ??_C@_0BH@DNAGHKFM@?$DMprogram?5name?5unknown?$DO?$AA@ 10025a58     LIBCMT:crt0msg.obj
 0002:00000a70       ??_C@_0BK@OFGJDLJJ@Runtime?5Error?$CB?6?6Program?3?5?$AA@ 10025a70     LIBCMT:crt0msg.obj
 0002:00000a90       ___newctype                10025a90     LIBCMT:ctype.obj
 0002:00000d90       __wctype                   10025d90     LIBCMT:ctype.obj
 0002:00000f98       ___newclmap                10025f98     LIBCMT:ctype.obj
 0002:00001118       ___newcumap                10026118     LIBCMT:ctype.obj
 0002:00001298       ??_C@_08JCCMCCIL@HH?3mm?3ss?$AA@ 10026298     LIBCMT:strftime.obj
 0002:000012a4       ??_C@_0BE@CKGJFCPC@dddd?0?5MMMM?5dd?0?5yyyy?$AA@ 100262a4     LIBCMT:strftime.obj
 0002:000012b8       ??_C@_08BPBNCDIB@MM?1dd?1yy?$AA@ 100262b8     LIBCMT:strftime.obj
 0002:000012c4       ??_C@_02CJNFDJBF@PM?$AA@   100262c4     LIBCMT:strftime.obj
 0002:000012c8       ??_C@_02DEDBPAFC@AM?$AA@   100262c8     LIBCMT:strftime.obj
 0002:000012cc       ??_C@_08EDHMEBNP@December?$AA@ 100262cc     LIBCMT:strftime.obj
 0002:000012d8       ??_C@_08HCHEGEOA@November?$AA@ 100262d8     LIBCMT:strftime.obj
 0002:000012e4       ??_C@_07JJNFCEND@October?$AA@ 100262e4     LIBCMT:strftime.obj
 0002:000012ec       ??_C@_09BHHEALKD@September?$AA@ 100262ec     LIBCMT:strftime.obj
 0002:000012f8       ??_C@_06LBBHFDDG@August?$AA@ 100262f8     LIBCMT:strftime.obj
 0002:00001300       ??_C@_04MIEPOIFP@July?$AA@ 10026300     LIBCMT:strftime.obj
 0002:00001308       ??_C@_04CNLMGBGM@June?$AA@ 10026308     LIBCMT:strftime.obj
 0002:00001310       ??_C@_05DMJDNLEJ@April?$AA@ 10026310     LIBCMT:strftime.obj
 0002:00001318       ??_C@_05HPCKOFNC@March?$AA@ 10026318     LIBCMT:strftime.obj
 0002:00001320       ??_C@_08GNJGEPFN@February?$AA@ 10026320     LIBCMT:strftime.obj
 0002:0000132c       ??_C@_07CGJPFGJA@January?$AA@ 1002632c     LIBCMT:strftime.obj
 0002:00001334       ??_C@_03MKABNOCG@Dec?$AA@  10026334     LIBCMT:strftime.obj
 0002:00001338       ??_C@_03JPJOFNIA@Nov?$AA@  10026338     LIBCMT:strftime.obj
 0002:0000133c       ??_C@_03BMAOKBAD@Oct?$AA@  1002633c     LIBCMT:strftime.obj
 0002:00001340       ??_C@_03GGCAPAJC@Sep?$AA@  10026340     LIBCMT:strftime.obj
 0002:00001344       ??_C@_03IFJFEIGA@Aug?$AA@  10026344     LIBCMT:strftime.obj
 0002:00001348       ??_C@_03LBGABGKK@Jul?$AA@  10026348     LIBCMT:strftime.obj
 0002:0000134c       ??_C@_03IDFGHECI@Jun?$AA@  1002634c     LIBCMT:strftime.obj
 0002:00001350       ??_C@_03CNMDKL@May?$AA@    10026350     LIBCMT:strftime.obj
 0002:00001354       ??_C@_03LEOLGMJP@Apr?$AA@  10026354     LIBCMT:strftime.obj
 0002:00001358       ??_C@_03ODNJBKGA@Mar?$AA@  10026358     LIBCMT:strftime.obj
 0002:0000135c       ??_C@_03HJBDCHOM@Feb?$AA@  1002635c     LIBCMT:strftime.obj
 0002:00001360       ??_C@_03JIHJHPIE@Jan?$AA@  10026360     LIBCMT:strftime.obj
 0002:00001364       ??_C@_08INBOOONO@Saturday?$AA@ 10026364     LIBCMT:strftime.obj
 0002:00001370       ??_C@_06JECMNKMI@Friday?$AA@ 10026370     LIBCMT:strftime.obj
 0002:00001378       ??_C@_08HACCIKIA@Thursday?$AA@ 10026378     LIBCMT:strftime.obj
 0002:00001384       ??_C@_09DLIGFAKA@Wednesday?$AA@ 10026384     LIBCMT:strftime.obj
 0002:00001390       ??_C@_07BAAGCFCM@Tuesday?$AA@ 10026390     LIBCMT:strftime.obj
 0002:00001398       ??_C@_06JLEDEDGH@Monday?$AA@ 10026398     LIBCMT:strftime.obj
 0002:000013a0       ??_C@_06OOPIFAJ@Sunday?$AA@ 100263a0     LIBCMT:strftime.obj
 0002:000013a8       ??_C@_03FEFJNEK@Sat?$AA@   100263a8     LIBCMT:strftime.obj
 0002:000013ac       ??_C@_03IDIOELNC@Fri?$AA@  100263ac     LIBCMT:strftime.obj
 0002:000013b0       ??_C@_03IOFIKPDN@Thu?$AA@  100263b0     LIBCMT:strftime.obj
 0002:000013b4       ??_C@_03MHOMLAJA@Wed?$AA@  100263b4     LIBCMT:strftime.obj
 0002:000013b8       ??_C@_03NAGEINEP@Tue?$AA@  100263b8     LIBCMT:strftime.obj
 0002:000013bc       ??_C@_03PDAGKDH@Mon?$AA@   100263bc     LIBCMT:strftime.obj
 0002:000013c0       ??_C@_03KOEHGMDN@Sun?$AA@  100263c0     LIBCMT:strftime.obj
 0002:000013c4       ??_C@_0BK@CFCOFLF@?5Complete?5Object?5Locator?8?$AA@ 100263c4     LIBCMT:undname.obj
 0002:000013e0       ??_C@_0BN@MECKDCOJ@?5Class?5Hierarchy?5Descriptor?8?$AA@ 100263e0     LIBCMT:undname.obj
 0002:00001400       ??_C@_0BD@LGICGFMM@?5Base?5Class?5Array?8?$AA@ 10026400     LIBCMT:undname.obj
 0002:00001414       ??_C@_0BM@LDKODKLH@?5Base?5Class?5Descriptor?5at?5?$CI?$AA@ 10026414     LIBCMT:undname.obj
 0002:00001430       ??_C@_0BC@DAFEJGAK@?5Type?5Descriptor?8?$AA@ 10026430     LIBCMT:undname.obj
 0002:00001444       ??_C@_0BM@PMGGMLDN@?$GAlocal?5static?5thread?5guard?8?$AA@ 10026444     LIBCMT:undname.obj
 0002:00001460       ??_C@_0CL@FGIJHLCE@?$GAmanaged?5vector?5copy?5constructor@ 10026460     LIBCMT:undname.obj
 0002:0000148c       ??_C@_0CJ@GJELGAMM@?$GAvector?5vbase?5copy?5constructor?5i@ 1002648c     LIBCMT:undname.obj
 0002:000014b8       ??_C@_0CD@CGAJBKEJ@?$GAvector?5copy?5constructor?5iterato@ 100264b8     LIBCMT:undname.obj
 0002:000014dc       ??_C@_0CB@PDBIFEP@?$GAdynamic?5atexit?5destructor?5for?5?8@ 100264dc     LIBCMT:undname.obj
 0002:00001500       ??_C@_0BL@CLIPGLGB@?$GAdynamic?5initializer?5for?5?8?$AA@ 10026500     LIBCMT:undname.obj
 0002:0000151c       ??_C@_0CM@FCBBDIGB@?$GAeh?5vector?5vbase?5copy?5constructo@ 1002651c     LIBCMT:undname.obj
 0002:00001548       ??_C@_0CG@HLDDJMAG@?$GAeh?5vector?5copy?5constructor?5iter@ 10026548     LIBCMT:undname.obj
 0002:00001570       ??_C@_0CF@IMGKMJNO@?$GAmanaged?5vector?5destructor?5itera@ 10026570     LIBCMT:undname.obj
 0002:00001598       ??_C@_0CG@CFDHKGGD@?$GAmanaged?5vector?5constructor?5iter@ 10026598     LIBCMT:undname.obj
 0002:000015c0       ??_C@_0BN@CKNJLHMB@?$GAplacement?5delete?$FL?$FN?5closure?8?$AA@ 100265c0     LIBCMT:undname.obj
 0002:000015e0       ??_C@_0BL@CNOONJFP@?$GAplacement?5delete?5closure?8?$AA@ 100265e0     LIBCMT:undname.obj
 0002:000015fc       ??_C@_0P@HJKNJFNN@?$GAomni?5callsig?8?$AA@ 100265fc     LIBCMT:undname.obj
 0002:0000160c       ??_C@_09LBNFPBCA@?5delete?$FL?$FN?$AA@ 1002660c     LIBCMT:undname.obj
 0002:00001618       ??_C@_06FHBGPFGH@?5new?$FL?$FN?$AA@ 10026618     LIBCMT:undname.obj
 0002:00001620       ??_C@_0CE@IIHCMGGL@?$GAlocal?5vftable?5constructor?5closu@ 10026620     LIBCMT:undname.obj
 0002:00001644       ??_C@_0BA@KKLDJDLB@?$GAlocal?5vftable?8?$AA@ 10026644     LIBCMT:undname.obj
 0002:00001654       ??_C@_05KHLCHHI@?$GARTTI?$AA@ 10026654     LIBCMT:undname.obj
 0002:0000165c       ??_C@_03KLGMFNMG@?$GAEH?$AA@ 1002665c     LIBCMT:undname.obj
 0002:00001660       ??_C@_0BA@KBCDOMBN@?$GAudt?5returning?8?$AA@ 10026660     LIBCMT:undname.obj
 0002:00001670       ??_C@_0BL@LLKPOHJI@?$GAcopy?5constructor?5closure?8?$AA@ 10026670     LIBCMT:undname.obj
 0002:0000168c       ??_C@_0CH@OOJPLCPH@?$GAeh?5vector?5vbase?5constructor?5ite@ 1002668c     LIBCMT:undname.obj
 0002:000016b4       ??_C@_0CA@GCEOPDGL@?$GAeh?5vector?5destructor?5iterator?8?$AA@ 100266b4     LIBCMT:undname.obj
 0002:000016d4       ??_C@_0CB@JONCMFFK@?$GAeh?5vector?5constructor?5iterator?8@ 100266d4     LIBCMT:undname.obj
 0002:000016f8       ??_C@_0BL@NILFHHPC@?$GAvirtual?5displacement?5map?8?$AA@ 100266f8     LIBCMT:undname.obj
 0002:00001714       ??_C@_0CE@IKBNEHA@?$GAvector?5vbase?5constructor?5iterat@ 10026714     LIBCMT:undname.obj
 0002:00001738       ??_C@_0BN@LFPFMEDL@?$GAvector?5destructor?5iterator?8?$AA@ 10026738     LIBCMT:undname.obj
 0002:00001758       ??_C@_0BO@PFGOCPJJ@?$GAvector?5constructor?5iterator?8?$AA@ 10026758     LIBCMT:undname.obj
 0002:00001778       ??_C@_0BN@IMDCHIKM@?$GAscalar?5deleting?5destructor?8?$AA@ 10026778     LIBCMT:undname.obj
 0002:00001798       ??_C@_0BO@OBMKPJIG@?$GAdefault?5constructor?5closure?8?$AA@ 10026798     LIBCMT:undname.obj
 0002:000017b8       ??_C@_0BN@DEGPLNFK@?$GAvector?5deleting?5destructor?8?$AA@ 100267b8     LIBCMT:undname.obj
 0002:000017d8       ??_C@_0BD@JDLKDPAB@?$GAvbase?5destructor?8?$AA@ 100267d8     LIBCMT:undname.obj
 0002:000017ec       ??_C@_08OBABFOLI@?$GAstring?8?$AA@ 100267ec     LIBCMT:undname.obj
 0002:000017f8       ??_C@_0BF@KDPPACIK@?$GAlocal?5static?5guard?8?$AA@ 100267f8     LIBCMT:undname.obj
 0002:00001810       ??_C@_08LLFFHHDJ@?$GAtypeof?8?$AA@ 10026810     LIBCMT:undname.obj
 0002:0000181c       ??_C@_07FEEIOKP@?$GAvcall?8?$AA@ 1002681c     LIBCMT:undname.obj
 0002:00001824       ??_C@_09BLBHBJP@?$GAvbtable?8?$AA@ 10026824     LIBCMT:undname.obj
 0002:00001830       ??_C@_09IFPLHPGF@?$GAvftable?8?$AA@ 10026830     LIBCMT:undname.obj
 0002:0000183c       ??_C@_02MHEGNOJ@?$FO?$DN?$AA@ 1002683c     LIBCMT:undname.obj
 0002:00001840       ??_C@_02DHLNPPGH@?$HM?$DN?$AA@ 10026840     LIBCMT:undname.obj
 0002:00001844       ??_C@_02FGJGFEAB@?$CG?$DN?$AA@ 10026844     LIBCMT:undname.obj
 0002:00001848       ??_C@_03CDNPDDLA@?$DM?$DM?$DN?$AA@ 10026848     LIBCMT:undname.obj
 0002:0000184c       ??_C@_03IKFCCPFF@?$DO?$DO?$DN?$AA@ 1002684c     LIBCMT:undname.obj
 0002:00001850       ??_C@_02FENAOKFI@?$CF?$DN?$AA@ 10026850     LIBCMT:undname.obj
 0002:00001854       ??_C@_02FJEHGPIO@?1?$DN?$AA@ 10026854     LIBCMT:undname.obj
 0002:00001858       ??_C@_02FKMDLLOA@?9?$DN?$AA@ 10026858     LIBCMT:undname.obj
 0002:0000185c       ??_C@_02FOEOMHFC@?$CL?$DN?$AA@ 1002685c     LIBCMT:undname.obj
 0002:00001860       ??_C@_02FPIMKNGF@?$CK?$DN?$AA@ 10026860     LIBCMT:undname.obj
 0002:00001864       ??_C@_02NONPIBCD@?$HM?$HM?$AA@ 10026864     LIBCMT:undname.obj
 0002:00001868       ??_C@_02PPKAJPJL@?$CG?$CG?$AA@ 10026868     LIBCMT:undname.obj
 0002:0000186c       ??_C@_01DNKMNLPK@?$HM?$AA@ 1002686c     LIBCMT:undname.obj
 0002:00001870       ??_C@_01JKBOJNNK@?$FO?$AA@ 10026870     LIBCMT:undname.obj
 0002:00001874       ??_C@_01PJKLJHI@?$HO?$AA@  10026874     LIBCMT:undname.obj
 0002:00001878       ??_C@_02HCKGKOFO@?$CI?$CJ?$AA@ 10026878     LIBCMT:undname.obj
[...]
 0001:00022c60       __unwindfunclet$??0logic_error@std@@QAE@ABV?$basic_string@DU?$char_traits@D@std@@V?$allocator@D@2@@1@@Z$0 10023c60 f    CIL library: CIL module
 0001:00022c68       __ehhandler$??0logic_error@std@@QAE@ABV?$basic_string@DU?$char_traits@D@std@@V?$allocator@D@2@@1@@Z 10023c68 f    CIL library: CIL module
 0001:00022c90       __unwindfunclet$??$_Push_heap@PAV?$basic_string@DU?$char_traits@D@std@@V?$allocator@D@2@@std@@HV12@P6A_NABV12@0@Z@std@@YAXPAV?$basic_string@DU?$char_traits@D@std@@V?$allocator@D@2@@0@HHV10@P6A_NABV10@2@Z@Z$0 10023c90 f    CIL library: CIL module
 0001:00022c98       __ehhandler$??$_Push_heap@PAV?$basic_string@DU?$char_traits@D@std@@V?$allocator@D@2@@std@@HV12@P6A_NABV12@0@Z@std@@YAXPAV?$basic_string@DU?$char_traits@D@std@@V?$allocator@D@2@@0@HHV10@P6A_NABV10@2@Z@Z 10023c98 f    CIL library: CIL module
 0001:00022cc0       __unwindfunclet$??$_Adjust_heap@PAV?$basic_string@DU?$char_traits@D@std@@V?$allocator@D@2@@std@@HV12@P6A_NABV12@0@Z@std@@YAXPAV?$basic_string@DU?$char_traits@D@std@@V?$allocator@D@2@@0@HHV10@P6A_NABV10@2@Z@Z$0 10023cc0 f    CIL library: CIL module
 0001:00022cc8       __ehhandler$??$_Adjust_heap@PAV?$basic_string@DU?$char_traits@D@std@@V?$allocator@D@2@@std@@HV12@P6A_NABV12@0@Z@std@@YAXPAV?$basic_string@DU?$char_traits@D@std@@V?$allocator@D@2@@0@HHV10@P6A_NABV10@2@Z@Z 10023cc8 f    CIL library: CIL module
 0001:00022cf0       __unwindfunclet$??$_Uninit_fill_n@PAV?$basic_string@DU?$char_traits@D@std@@V?$allocator@D@2@@std@@IV12@V?$allocator@V?$basic_string@DU?$char_traits@D@std@@V?$allocator@D@2@@std@@@2@@std@@YAXPAV?$basic_string@DU?$char_traits@D@std@@V?$allocator@D@2@@0@IABV10@AAV?$allocator@V?$basic_string@DU?$char_traits@D@std@@V?$allocator@D@2@@std@@@0@U_Nonscalar_ptr_iterator_tag@0@U_Range_checked_iterator_tag@0@@Z$2 10023cf0 f    CIL library: CIL module
 0001:00022cf5       __ehhandler$??$_Uninit_fill_n@PAV?$basic_string@DU?$char_traits@D@std@@V?$allocator@D@2@@std@@IV12@V?$allocator@V?$basic_string@DU?$char_traits@D@std@@V?$allocator@D@2@@std@@@2@@std@@YAXPAV?$basic_string@DU?$char_traits@D@std@@V?$allocator@D@2@@0@IABV10@AAV?$allocator@V?$basic_string@DU?$char_traits@D@std@@V?$allocator@D@2@@std@@@0@U_Nonscalar_ptr_iterator_tag@0@U_Range_checked_iterator_tag@0@@Z 10023cf5 f    CIL library: CIL module
 0001:00022d10       __ehhandler$??$_Construct@V?$_Vector_iterator@DV?$allocator@D@std@@@std@@@?$basic_string@DU?$char_traits@D@std@@V?$allocator@D@2@@std@@QAEXV?$_Vector_iterator@DV?$allocator@D@std@@@1@0Uforward_iterator_tag@1@@Z 10023d10 f    CIL library: CIL module
 0001:00022d30       __unwindfunclet$??$?HDU?$char_traits@D@std@@V?$allocator@D@1@@std@@YA?AV?$basic_string@DU?$char_traits@D@std@@V?$allocator@D@2@@0@ABV10@PBD@Z$0 10023d30 f    CIL library: CIL module
 0001:00022d30       __unwindfunclet$??$?HDU?$char_traits@D@std@@V?$allocator@D@1@@std@@YA?AV?$basic_string@DU?$char_traits@D@std@@V?$allocator@D@2@@0@ABV10@0@Z$0 10023d30 f    CIL library: CIL module
 0001:00022d38       __ehhandler$??$?HDU?$char_traits@D@std@@V?$allocator@D@1@@std@@YA?AV?$basic_string@DU?$char_traits@D@std@@V?$allocator@D@2@@0@ABV10@PBD@Z 10023d38 f    CIL library: CIL module
 0001:00022d38       __ehhandler$??$?HDU?$char_traits@D@std@@V?$allocator@D@1@@std@@YA?AV?$basic_string@DU?$char_traits@D@std@@V?$allocator@D@2@@0@ABV10@0@Z 10023d38 f    CIL library: CIL module
 0001:00022d60       __unwindfunclet$?Y_Dlg_CustomPic@@YGHPAVHiHook@@HH@Z$0 10023d60 f    CIL library: CIL module
 0001:00022d68       __ehhandler$?Y_Dlg_CustomPic@@YGHPAVHiHook@@HH@Z 10023d68 f    CIL library: CIL module
 0001:00022d90       __unwindfunclet$?New_Dlg_CustomReq@@YAHPAU_Sphinx1_@@@Z$0 10023d90 f    CIL library: CIL module
 0001:00022d98       __ehhandler$?New_Dlg_CustomReq@@YAHPAU_Sphinx1_@@@Z 10023d98 f    CIL library: CIL module
 0001:00022dd0       __unwindfunclet$?Y_WoG_PicDlg_Def@@YGXPAVHiHook@@PAD1@Z$0 10023dd0 f    CIL library: CIL module
 0001:00022dd0       __unwindfunclet$?Y_WoG_PicDlg_Pcx8@@YGXPAVHiHook@@PAD1@Z$0 10023dd0 f    CIL library: CIL module
 0001:00022dd0       __unwindfunclet$?IsSupportedFormatImage@@YAHPAD@Z$0 10023dd0 f    CIL library: CIL module
 0001:00022dd8       __unwindfunclet$?Y_WoG_PicDlg_Pcx8@@YGXPAVHiHook@@PAD1@Z$1 10023dd8 f    CIL library: CIL module
 0001:00022dd8       __unwindfunclet$?Y_WoG_PicDlg_Def@@YGXPAVHiHook@@PAD1@Z$1 10023dd8 f    CIL library: CIL module
 0001:00022dd8       __unwindfunclet$?IsSupportedFormatImage@@YAHPAD@Z$1 10023dd8 f    CIL library: CIL module
 0001:00022de0       __ehhandler$?IsSupportedFormatImage@@YAHPAD@Z 10023de0 f    CIL library: CIL module
 0001:00022de0       __ehhandler$?Y_WoG_PicDlg_Pcx8@@YGXPAVHiHook@@PAD1@Z 10023de0 f    CIL library: CIL module
 0001:00022de0       __ehhandler$?Y_WoG_PicDlg_Def@@YGXPAVHiHook@@PAD1@Z 10023de0 f    CIL library: CIL module
 0001:00022e10       __unwindfunclet$??$_Pop_heap@PAV?$basic_string@DU?$char_traits@D@std@@V?$allocator@D@2@@std@@HV12@P6A_NABV12@0@Z@std@@YAXPAV?$basic_string@DU?$char_traits@D@std@@V?$allocator@D@2@@0@00V10@P6A_NABV10@2@ZPAH@Z$0 10023e10 f    CIL library: CIL module
 0001:00022e18       __ehhandler$??$_Pop_heap@PAV?$basic_string@DU?$char_traits@D@std@@V?$allocator@D@2@@std@@HV12@P6A_NABV12@0@Z@std@@YAXPAV?$basic_string@DU?$char_traits@D@std@@V?$allocator@D@2@@0@00V10@P6A_NABV10@2@ZPAH@Z 10023e18 f    CIL library: CIL module
 0001:00022e40       __unwindfunclet$??$_Uninit_move@PAV?$basic_string@DU?$char_traits@D@std@@V?$allocator@D@2@@std@@PAV12@V?$allocator@V?$basic_string@DU?$char_traits@D@std@@V?$allocator@D@2@@std@@@2@@std@@YAPAV?$basic_string@DU?$char_traits@D@std@@V?$allocator@D@2@@0@PAV10@00AAV?$allocator@V?$basic_string@DU?$char_traits@D@std@@V?$allocator@D@2@@std@@@0@U_Swap_move_tag@0@U_Range_checked_iterator_tag@0@@Z$2 10023e40 f    CIL library: CIL module
 0001:00022e48       __unwindfunclet$??$_Uninit_move@PAV?$basic_string@DU?$char_traits@D@std@@V?$allocator@D@2@@std@@PAV12@V?$allocator@V?$basic_string@DU?$char_traits@D@std@@V?$allocator@D@2@@std@@@2@@std@@YAPAV?$basic_string@DU?$char_traits@D@std@@V?$allocator@D@2@@0@PAV10@00AAV?$allocator@V?$basic_string@DU?$char_traits@D@std@@V?$allocator@D@2@@std@@@0@U_Swap_move_tag@0@U_Range_checked_iterator_tag@0@@Z$3 10023e48 f    CIL library: CIL module
 0001:00022e4d       __ehhandler$??$_Uninit_move@PAV?$basic_string@DU?$char_traits@D@std@@V?$allocator@D@2@@std@@PAV12@V?$allocator@V?$basic_string@DU?$char_traits@D@std@@V?$allocator@D@2@@std@@@2@@std@@YAPAV?$basic_string@DU?$char_traits@D@std@@V?$allocator@D@2@@0@PAV10@00AAV?$allocator@V?$basic_string@DU?$char_traits@D@std@@V?$allocator@D@2@@std@@@0@U_Swap_move_tag@0@U_Range_checked_iterator_tag@0@@Z 10023e4d f    CIL library: CIL module
 0001:00022e80       __unwindfunclet$?_Xlen@?$vector@DV?$allocator@D@std@@@std@@KAXXZ$0 10023e80 f    CIL library: CIL module
 0001:00022e80       __unwindfunclet$?_Xlen@?$vector@V?$basic_string@DU?$char_traits@D@std@@V?$allocator@D@2@@std@@V?$allocator@V?$basic_string@DU?$char_traits@D@std@@V?$allocator@D@2@@std@@@2@@std@@KAXXZ$0 10023e80 f    CIL library: CIL module
 0001:00022e88       __ehhandler$?_Xlen@?$vector@V?$basic_string@DU?$char_traits@D@std@@V?$allocator@D@2@@std@@V?$allocator@V?$basic_string@DU?$char_traits@D@std@@V?$allocator@D@2@@std@@@2@@std@@KAXXZ 10023e88 f    CIL library: CIL module
 0001:00022e88       __ehhandler$?_Xlen@?$vector@DV?$allocator@D@std@@@std@@KAXXZ 10023e88 f    CIL library: CIL module
 0001:00022eb0       __unwindfunclet$?_Insert_n@?$vector@V?$basic_string@DU?$char_traits@D@std@@V?$allocator@D@2@@std@@V?$allocator@V?$basic_string@DU?$char_traits@D@std@@V?$allocator@D@2@@std@@@2@@std@@IAEXV?$_Vector_const_iterator@V?$basic_string@DU?$char_traits@D@std@@V?$allocator@D@2@@std@@V?$allocator@V?$basic_string@DU?$char_traits@D@std@@V?$allocator@D@2@@std@@@2@@2@IABV?$basic_string@DU?$char_traits@D@std@@V?$allocator@D@2@@2@@Z$4 10023eb0 f    CIL library: CIL module
 0001:00022eb8       __unwindfunclet$?_Insert_n@?$vector@V?$basic_string@DU?$char_traits@D@std@@V?$allocator@D@2@@std@@V?$allocator@V?$basic_string@DU?$char_traits@D@std@@V?$allocator@D@2@@std@@@2@@std@@IAEXV?$_Vector_const_iterator@V?$basic_string@DU?$char_traits@D@std@@V?$allocator@D@2@@std@@V?$allocator@V?$basic_string@DU?$char_traits@D@std@@V?$allocator@D@2@@std@@@2@@2@IABV?$basic_string@DU?$char_traits@D@std@@V?$allocator@D@2@@2@@Z$5 10023eb8 f    CIL library: CIL module
 0001:00022ec0       __ehhandler$?_Insert_n@?$vector@V?$basic_string@DU?$char_traits@D@std@@V?$allocator@D@2@@std@@V?$allocator@V?$basic_string@DU?$char_traits@D@std@@V?$allocator@D@2@@std@@@2@@std@@IAEXV?$_Vector_const_iterator@V?$basic_string@DU?$char_traits@D@std@@V?$allocator@D@2@@std@@V?$allocator@V?$basic_string@DU?$char_traits@D@std@@V?$allocator@D@2@@std@@@2@@2@IABV?$basic_string@DU?$char_traits@D@std@@V?$allocator@D@2@@2@@Z 10023ec0 f    CIL library: CIL module
 0001:00022ef0       __unwindfunclet$??0?$vector@DV?$allocator@D@std@@@std@@QAE@XZ$0 10023ef0 f    CIL library: CIL module
 0001:00022ef0       __unwindfunclet$??0?$vector@V?$basic_string@DU?$char_traits@D@std@@V?$allocator@D@2@@std@@V?$allocator@V?$basic_string@DU?$char_traits@D@std@@V?$allocator@D@2@@std@@@2@@std@@QAE@XZ$0 10023ef0 f    CIL library: CIL module
 0001:00022ef8       __ehhandler$??0?$vector@DV?$allocator@D@std@@@std@@QAE@XZ 10023ef8 f    CIL library: CIL module
 0001:00022ef8       __ehhandler$??0?$vector@V?$basic_string@DU?$char_traits@D@std@@V?$allocator@D@2@@std@@V?$allocator@V?$basic_string@DU?$char_traits@D@std@@V?$allocator@D@2@@std@@@2@@std@@QAE@XZ 10023ef8 f    CIL library: CIL module
 0001:00022f20       __unwindfunclet$?expandFilePath@fsman@@YA?AV?$basic_string@DU?$char_traits@D@std@@V?$allocator@D@2@@std@@ABV23@@Z$0 10023f20 f    CIL library: CIL module
 0001:00022f28       __unwindfunclet$?expandFilePath@fsman@@YA?AV?$basic_string@DU?$char_traits@D@std@@V?$allocator@D@2@@std@@ABV23@@Z$1 10023f28 f    CIL library: CIL module
 0001:00022f30       __ehhandler$?expandFilePath@fsman@@YA?AV?$basic_string@DU?$char_traits@D@std@@V?$allocator@D@2@@std@@ABV23@@Z 10023f30 f    CIL library: CIL module
 0001:00022f60       __unwindfunclet$?listFiles@FsMan@fsman@@QAE?AV?$vector@V?$basic_string@DU?$char_traits@D@std@@V?$allocator@D@2@@std@@V?$allocator@V?$basic_string@DU?$char_traits@D@std@@V?$allocator@D@2@@std@@@2@@std@@ABV?$basic_string@DU?$char_traits@D@std@@V?$allocator@D@2@@4@@Z$0 10023f60 f    CIL library: CIL module
 0001:00022f82       __unwindfunclet$?listFiles@FsMan@fsman@@QAE?AV?$vector@V?$basic_string@DU?$char_traits@D@std@@V?$allocator@D@2@@std@@V?$allocator@V?$basic_string@DU?$char_traits@D@std@@V?$allocator@D@2@@std@@@2@@std@@ABV?$basic_string@DU?$char_traits@D@std@@V?$allocator@D@2@@4@@Z$1 10023f82 f    CIL library: CIL module
 0001:00022f8d       __unwindfunclet$?listFiles@FsMan@fsman@@QAE?AV?$vector@V?$basic_string@DU?$char_traits@D@std@@V?$allocator@D@2@@std@@V?$allocator@V?$basic_string@DU?$char_traits@D@std@@V?$allocator@D@2@@std@@@2@@std@@ABV?$basic_string@DU?$char_traits@D@std@@V?$allocator@D@2@@4@@Z$3 10023f8d f    CIL library: CIL module
 0001:00022faf       __unwindfunclet$?listFiles@FsMan@fsman@@QAE?AV?$vector@V?$basic_string@DU?$char_traits@D@std@@V?$allocator@D@2@@std@@V?$allocator@V?$basic_string@DU?$char_traits@D@std@@V?$allocator@D@2@@std@@@2@@std@@ABV?$basic_string@DU?$char_traits@D@std@@V?$allocator@D@2@@4@@Z$4 10023faf f    CIL library: CIL module
 0001:00022fba       __unwindfunclet$?listFiles@FsMan@fsman@@QAE?AV?$vector@V?$basic_string@DU?$char_traits@D@std@@V?$allocator@D@2@@std@@V?$allocator@V?$basic_string@DU?$char_traits@D@std@@V?$allocator@D@2@@std@@@2@@std@@ABV?$basic_string@DU?$char_traits@D@std@@V?$allocator@D@2@@4@@Z$5 10023fba f    CIL library: CIL module
 0001:00022fdc       __unwindfunclet$?listFiles@FsMan@fsman@@QAE?AV?$vector@V?$basic_string@DU?$char_traits@D@std@@V?$allocator@D@2@@std@@V?$allocator@V?$basic_string@DU?$char_traits@D@std@@V?$allocator@D@2@@std@@@2@@std@@ABV?$basic_string@DU?$char_traits@D@std@@V?$allocator@D@2@@4@@Z$6 10023fdc f    CIL library: CIL module
 0001:00022fe7       __ehhandler$?listFiles@FsMan@fsman@@QAE?AV?$vector@V?$basic_string@DU?$char_traits@D@std@@V?$allocator@D@2@@std@@V?$allocator@V?$basic_string@DU?$char_traits@D@std@@V?$allocator@D@2@@std@@@2@@std@@ABV?$basic_string@DU?$char_traits@D@std@@V?$allocator@D@2@@4@@Z 10023fe7 f    CIL library: CIL module
 0001:00023020       __unwindfunclet$?listDirectories@FsMan@fsman@@QAE?AV?$vector@V?$basic_string@DU?$char_traits@D@std@@V?$allocator@D@2@@std@@V?$allocator@V?$basic_string@DU?$char_traits@D@std@@V?$allocator@D@2@@std@@@2@@std@@XZ$0 10024020 f    CIL library: CIL module
 0001:00023042       __unwindfunclet$?listDirectories@FsMan@fsman@@QAE?AV?$vector@V?$basic_string@DU?$char_traits@D@std@@V?$allocator@D@2@@std@@V?$allocator@V?$basic_string@DU?$char_traits@D@std@@V?$allocator@D@2@@std@@@2@@std@@XZ$2 10024042 f    CIL library: CIL module
 0001:0002304d       __unwindfunclet$?listDirectories@FsMan@fsman@@QAE?AV?$vector@V?$basic_string@DU?$char_traits@D@std@@V?$allocator@D@2@@std@@V?$allocator@V?$basic_string@DU?$char_traits@D@std@@V?$allocator@D@2@@std@@@2@@std@@XZ$3 1002404d f    CIL library: CIL module
 0001:0002306f       __unwindfunclet$?listDirectories@FsMan@fsman@@QAE?AV?$vector@V?$basic_string@DU?$char_traits@D@std@@V?$allocator@D@2@@std@@V?$allocator@V?$basic_string@DU?$char_traits@D@std@@V?$allocator@D@2@@std@@@2@@std@@XZ$4 1002406f f    CIL library: CIL module
 0001:0002307a       __unwindfunclet$?listDirectories@FsMan@fsman@@QAE?AV?$vector@V?$basic_string@DU?$char_traits@D@std@@V?$allocator@D@2@@std@@V?$allocator@V?$basic_string@DU?$char_traits@D@std@@V?$allocator@D@2@@std@@@2@@std@@XZ$5 1002407a f    CIL library: CIL module
 0001:0002309c       __unwindfunclet$?listDirectories@FsMan@fsman@@QAE?AV?$vector@V?$basic_string@DU?$char_traits@D@std@@V?$allocator@D@2@@std@@V?$allocator@V?$basic_string@DU?$char_traits@D@std@@V?$allocator@D@2@@std@@@2@@std@@XZ$6 1002409c f    CIL library: CIL module
 0001:000230a7       __ehhandler$?listDirectories@FsMan@fsman@@QAE?AV?$vector@V?$basic_string@DU?$char_traits@D@std@@V?$allocator@D@2@@std@@V?$allocator@V?$basic_string@DU?$char_traits@D@std@@V?$allocator@D@2@@std@@@2@@std@@XZ 100240a7 f    CIL library: CIL module
 0001:000230e0       __unwindfunclet$?expandFilePath@FsMan@fsman@@QAE?AV?$basic_string@DU?$char_traits@D@std@@V?$allocator@D@2@@std@@ABV34@@Z$0 100240e0 f    CIL library: CIL module
 0001:000230f9       __unwindfunclet$?expandFilePath@FsMan@fsman@@QAE?AV?$basic_string@DU?$char_traits@D@std@@V?$allocator@D@2@@std@@ABV34@@Z$1 100240f9 f    CIL library: CIL module
 0001:00023112       __ehhandler$?expandFilePath@FsMan@fsman@@QAE?AV?$basic_string@DU?$char_traits@D@std@@V?$allocator@D@2@@std@@ABV34@@Z 10024112 f    CIL library: CIL module
 0001:00023130       __unwindfunclet$??0FsMan@fsman@@QAE@ABV?$basic_string@DU?$char_traits@D@std@@V?$allocator@D@2@@std@@@Z$0 10024130 f    CIL library: CIL module
 0001:00023138       __unwindfunclet$??0FsMan@fsman@@QAE@ABV?$basic_string@DU?$char_traits@D@std@@V?$allocator@D@2@@std@@@Z$1 10024138 f    CIL library: CIL module
 0001:00023140       __ehhandler$??0FsMan@fsman@@QAE@ABV?$basic_string@DU?$char_traits@D@std@@V?$allocator@D@2@@std@@@Z 10024140 f    CIL library: CIL module
 0001:00023160       __unwindfunclet$?NewDlg_ChooseFile_Rebuild@@YGHPAV_CustomDlg_@@@Z$0 10024160 f    CIL library: CIL module
 0001:00023168       __unwindfunclet$?NewDlg_ChooseFile_Rebuild@@YGHPAV_CustomDlg_@@@Z$1 10024168 f    CIL library: CIL module
 0001:00023170       __unwindfunclet$?NewDlg_ChooseFile_Rebuild@@YGHPAV_CustomDlg_@@@Z$2 10024170 f    CIL library: CIL module
 0001:00023178       __unwindfunclet$?NewDlg_ChooseFile_Rebuild@@YGHPAV_CustomDlg_@@@Z$5 10024178 f    CIL library: CIL module
 0001:00023180       __unwindfunclet$?NewDlg_ChooseFile_Rebuild@@YGHPAV_CustomDlg_@@@Z$7 10024180 f    CIL library: CIL module
 0001:0002318b       __unwindfunclet$?NewDlg_ChooseFile_Rebuild@@YGHPAV_CustomDlg_@@@Z$8 1002418b f    CIL library: CIL module
 0001:00023196       __unwindfunclet$?NewDlg_ChooseFile_Rebuild@@YGHPAV_CustomDlg_@@@Z$9 10024196 f    CIL library: CIL module
 0001:0002319e       __unwindfunclet$?NewDlg_ChooseFile_Rebuild@@YGHPAV_CustomDlg_@@@Z$10 1002419e f    CIL library: CIL module
 0001:000231a9       __ehhandler$?NewDlg_ChooseFile_Rebuild@@YGHPAV_CustomDlg_@@@Z 100241a9 f    CIL library: CIL module
 0001:000231e0       __unwindfunclet$?NewDlg_ChooseFile_ScrollProc@@YIXHPAV_CustomDlg_@@@Z$1 100241e0 f    CIL library: CIL module
 0001:000231e8       __unwindfunclet$?NewDlg_ChooseFile_ScrollProc@@YIXHPAV_CustomDlg_@@@Z$3 100241e8 f    CIL library: CIL module
 0001:000231f3       __unwindfunclet$?NewDlg_ChooseFile_ScrollProc@@YIXHPAV_CustomDlg_@@@Z$4 100241f3 f    CIL library: CIL module
 0001:000231fe       __unwindfunclet$?NewDlg_ChooseFile_ScrollProc@@YIXHPAV_CustomDlg_@@@Z$5 100241fe f    CIL library: CIL module
 0001:00023206       __unwindfunclet$?NewDlg_ChooseFile_ScrollProc@@YIXHPAV_CustomDlg_@@@Z$6 10024206 f    CIL library: CIL module
 0001:0002320e       __ehhandler$?NewDlg_ChooseFile_ScrollProc@@YIXHPAV_CustomDlg_@@@Z 1002420e f    CIL library: CIL module
 0001:00023230       __unwindfunclet$?changeDirectory@FsMan@fsman@@QAE_NABV?$basic_string@DU?$char_traits@D@std@@V?$allocator@D@2@@std@@@Z$0 10024230 f    CIL library: CIL module
 0001:00023238       __ehhandler$?changeDirectory@FsMan@fsman@@QAE_NABV?$basic_string@DU?$char_traits@D@std@@V?$allocator@D@2@@std@@@Z 10024238 f    CIL library: CIL module
 0001:00023260       __unwindfunclet$?NewDlg_ChooseFile_ChangeDirectory@@YAHPAV_CustomDlg_@@PAD@Z$0 10024260 f    CIL library: CIL module
 0001:00023268       __ehhandler$?NewDlg_ChooseFile_ChangeDirectory@@YAHPAV_CustomDlg_@@PAD@Z 10024268 f    CIL library: CIL module
 0001:00023290       __unwindfunclet$?NewDlg_ChooseFile_FolderIn@@YAHPAV_CustomDlg_@@@Z$1 10024290 f    CIL library: CIL module
 0001:00023298       __ehhandler$?NewDlg_ChooseFile_FolderIn@@YAHPAV_CustomDlg_@@@Z 10024298 f    CIL library: CIL module
 0001:000232c0       __unwindfunclet$?NewDlg_ChooseFile_FolderOut@@YAHPAV_CustomDlg_@@@Z$0 100242c0 f    CIL library: CIL module
 0001:000232c8       __unwindfunclet$?NewDlg_ChooseFile_FolderOut@@YAHPAV_CustomDlg_@@@Z$2 100242c8 f    CIL library: CIL module
 0001:000232d0       __ehhandler$?NewDlg_ChooseFile_FolderOut@@YAHPAV_CustomDlg_@@@Z 100242d0 f    CIL library: CIL module
 0001:00023300       __unwindfunclet$?NewDlg_ChooseFile_Proc@@YGHPAV_CustomDlg_@@PAU_DlgMsg_@@@Z$0 10024300 f    CIL library: CIL module
 0001:00023308       __ehhandler$?NewDlg_ChooseFile_Proc@@YGHPAV_CustomDlg_@@PAU_DlgMsg_@@@Z 10024308 f    CIL library: CIL module
 0001:00023330       __unwindfunclet$?NewDlg_ChooseFile@@YGHPAU_ChooseFile_@@@Z$0 10024330 f    CIL library: CIL module
 0001:00023338       __unwindfunclet$?NewDlg_ChooseFile@@YGHPAU_ChooseFile_@@@Z$1 10024338 f    CIL library: CIL module
 0001:00023340       __ehhandler$?NewDlg_ChooseFile@@YGHPAU_ChooseFile_@@@Z 10024340 f    CIL library: CIL module
 0001:00023370       __unwindfunclet$?NewDlg_ChooseFile_Prepare@@YAHPAU_ChooseFile_@@@Z$0 10024370 f    CIL library: CIL module
 0001:0002337b       __unwindfunclet$?NewDlg_ChooseFile_Prepare@@YAHPAU_ChooseFile_@@@Z$1 1002437b f    CIL library: CIL module
 0001:00023383       __unwindfunclet$?NewDlg_ChooseFile_Prepare@@YAHPAU_ChooseFile_@@@Z$2 10024383 f    CIL library: CIL module
 0001:0002338b       __unwindfunclet$?NewDlg_ChooseFile_Prepare@@YAHPAU_ChooseFile_@@@Z$3 1002438b f    CIL library: CIL module
 0001:00023393       __ehhandler$?NewDlg_ChooseFile_Prepare@@YAHPAU_ChooseFile_@@@Z 10024393 f    CIL library: CIL module
 0001:000233c1       ??__Fnomem@?5???2@YAPAXI@Z@YAXXZ 100243c1 f   LIBCMT:new.obj
