 wog native dialogs

 Timestamp is 621fc1dd (Wed Mar 02 22:13:33 2022)

 Preferred load address is 10000000

 Start         Length     Name                   Class
 0001:00000000 00022dccH .text                   CODE
 0001:00022dd0 000008c1H .text$x                 CODE
 0001:00023691 00000014H .text$yd                CODE
 0002:00000000 0000013cH .idata$5                DATA
 0002:0000013c 00000004H .CRT$XCA                DATA
 0002:00000140 00000004H .CRT$XCZ                DATA
 0002:00000144 00000004H .CRT$XIA                DATA
 0002:00000148 00000010H .CRT$XIC                DATA
 0002:00000158 00000004H .CRT$XIZ                DATA
 0002:0000015c 00000004H .CRT$XPA                DATA
 0002:00000160 00000004H .CRT$XPX                DATA
 0002:00000164 00000004H .CRT$XPXA               DATA
 0002:00000168 00000004H .CRT$XPZ                DATA
 0002:0000016c 00000004H .CRT$XTA                DATA
 0002:00000170 00000004H .CRT$XTZ                DATA
 0002:00000180 00002678H .rdata                  DATA
 0002:000027f8 00000067H .rdata$debug            DATA
 0002:00002860 00000214H .rdata$r                DATA
 0002:00002a80 000000a4H .rdata$sxdata           DATA
 0002:00002b24 00000004H .rtc$IAA                DATA
 0002:00002b28 00000004H .rtc$IZZ                DATA
 0002:00002b2c 00000004H .rtc$TAA                DATA
 0002:00002b30 00000004H .rtc$TZZ                DATA
 0002:00002b38 00000e8cH .xdata$x                DATA
 0002:000039c4 00000028H .idata$2                DATA
 0002:000039ec 00000014H .idata$3                DATA
 0002:00003a00 0000013cH .idata$4                DATA
 0002:00003b3c 0000059cH .idata$6                DATA
 0002:000040e0 0000005eH .edata                  DATA
 0003:00000000 00001398H .data                   DATA
 0003:000013a0 000039b8H .bss                    DATA

  Address         Publics by Value              Rva+Base       Lib:Object

 0000:00000000       __except_list              00000000     <absolute>
 0000:00000029       ___safe_se_handler_count   00000029     <absolute>
 0000:00000000       ___ImageBase               10000000     <linker-defined>
 0001:00000000       ?WriteCodePatch@PatcherInstance@@QAAPAVPatch@@IPADZZ 10001000 f i wog native dialogs.obj
 0001:00000020       ??1bad_alloc@std@@UAE@XZ   10001020 f i wog native dialogs.obj
 0001:00000030       ??_Gbad_alloc@std@@UAEPAXI@Z 10001030 f i wog native dialogs.obj
 0001:00000030       ??_Ebad_alloc@std@@UAEPAXI@Z 10001030 f i  CIL library: CIL module
 0001:00000060       ??3@YAXPAX0@Z              10001060 f i wog native dialogs.obj
 0001:00000070       ?compare@?$char_traits@D@std@@SAHPBD0I@Z 10001070 f i wog native dialogs.obj
 0001:000000f0       ??0logic_error@std@@QAE@ABV?$basic_string@DU?$char_traits@D@std@@V?$allocator@D@2@@1@@Z 100010f0 f i wog native dialogs.obj
 0001:00000160       ?what@logic_error@std@@UBEPBDXZ 10001160 f i wog native dialogs.obj
 0001:00000170       ??0length_error@std@@QAE@ABV?$basic_string@DU?$char_traits@D@std@@V?$allocator@D@2@@1@@Z 10001170 f i wog native dialogs.obj
 0001:00000190       ??1length_error@std@@UAE@XZ 10001190 f i wog native dialogs.obj
 0001:00000190       ??1logic_error@std@@UAE@XZ 10001190 f i wog native dialogs.obj
 0001:000001d0       ??_Glength_error@std@@UAEPAXI@Z 100011d0 f i wog native dialogs.obj
 0001:000001d0       ??_Elogic_error@std@@UAEPAXI@Z 100011d0 f i  CIL library: CIL module
 0001:000001d0       ??_Glogic_error@std@@UAEPAXI@Z 100011d0 f i wog native dialogs.obj
 0001:000001d0       ??_Elength_error@std@@UAEPAXI@Z 100011d0 f i  CIL library: CIL module
 0001:00000220       ??0logic_error@std@@QAE@ABV01@@Z 10001220 f i wog native dialogs.obj
 0001:000002a0       ?Redraw@_Dlg_@@QAEXH@Z     100012a0 f i wog native dialogs.obj
 0001:000002c0       ?AddItem@_Dlg_@@QAEXPAU_DlgItem_@@@Z 100012c0 f i wog native dialogs.obj
 0001:000002f0       ?Create@_DlgStaticPcx8_@@SAPAU1@HHHHHPAD@Z 100012f0 f i wog native dialogs.obj
 0001:00000330       ?Create@_DlgStaticPcx8_@@SAPAU1@HHHPAD@Z 10001330 f i wog native dialogs.obj
 0001:00000380       ?Create@_DlgStaticDef_@@SAPAU1@HHHPADHHH@Z 10001380 f i wog native dialogs.obj
 0001:000003e0       ?Create@_DlgStaticPcx16_@@SAPAU1@HHHHHPADI@Z 100013e0 f i wog native dialogs.obj
 0001:00000420       ?Create@_DlgButton_@@SAPAU1@HHHPADHHHH@Z 10001420 f i wog native dialogs.obj
 0001:00000470       ?Create@_DlgTextButton_@@SAPAU1@HHHPAD00HHHHH@Z 10001470 f i wog native dialogs.obj
 0001:000004d0       ?b_MsgBox@@YAHPADH@Z       100014d0 f i wog native dialogs.obj
 0001:00000500       ?b_MsgBoxD@@YAHPADHHH@Z    10001500 f i wog native dialogs.obj
 0001:00000540       ?GetHero@_GameMgr_@@QAEPAU_Hero_@@H@Z 10001540 f i wog native dialogs.obj
 0001:00000570       ?Get_ITxtExp@@YAPADH@Z     10001570 f i wog native dialogs.obj
 0001:00000590       ?Y_Mouse_SetCursor@@YAXH@Z 10001590 f   wog native dialogs.obj
 0001:00000620       ?Set_DlgBackground_RK@@YAHPAU_Dlg_@@HH@Z 10001620 f   wog native dialogs.obj
 0001:00000bd0       ?b_MsgBoxAndDef@@YAXPADH0@Z 10001bd0 f   wog native dialogs.obj
 0001:00000e00       ?b_MsgBoxAndPcx8@@YAXPAD0H@Z 10001e00 f   wog native dialogs.obj
 0001:00001180       ?b_MsgBoxBig@@YAXPADD@Z    10002180 f   wog native dialogs.obj
 0001:000012c0       ?Y_MsgBoxAndAnimatedDef_Proc@@YGHPAV_CustomDlg_@@PAU_DlgMsg_@@@Z 100022c0 f   wog native dialogs.obj
 0001:00001340       ?b_MsgBoxAndAnimatedDef@@YAXPAD0@Z 10002340 f   wog native dialogs.obj
 0001:000016b0       ?e_ClickSound@@YAXXZ       100026b0 f i wog native dialogs.obj
 0001:00001700       ?ConnectEra@Era@@YAXXZ     10002700 f   wog native dialogs.obj
 0001:00001a40       ?F_MsgBox_OnlyTwoFirstItemsExist@@YAHPAU_Dlg_@@@Z 10002a40 f   wog native dialogs.obj
 0001:00001a90       ?F_MsgBox_ResetYellowFrames@@YAHPAU_Dlg_@@H@Z 10002a90 f   wog native dialogs.obj
 0001:00001ae0       ?F_MsgBox_Return@@YAHPAU_DlgMsg_@@H@Z 10002ae0 f   wog native dialogs.obj
 0001:00001b10       ?Y_New_MsgBox_GetNextItem@@YAHHH@Z 10002b10 f   wog native dialogs.obj
 0001:00001c40       ?Y_New_MsgBox_Proc@@YGHPAVHiHook@@PAU_DlgMsg_@@@Z 10002c40 f   wog native dialogs.obj
 0001:00001ec0       ?Y_New_MsgBox_SetDefaultFrameEnabled@@YGHPAVLoHook@@PAUHookContext@@@Z 10002ec0 f   wog native dialogs.obj
 0001:00001f70       ?Y_New_MsgBox_GetBitMask@@YGHPAVHiHook@@PAU_GameMgr_@@@Z 10002f70 f   wog native dialogs.obj
 0001:00001fe0       ?Dlg_MsgBox@@YAXPAVPatcherInstance@@@Z 10002fe0 f   wog native dialogs.obj
 0001:00002070       ?Y_Dlg_WoGMessage@@YGHPAVHiHook@@PAD1111@Z 10003070 f   wog native dialogs.obj
 0001:00002230       ?Y_WoG_PicDlg_Pcx8@@YGXPAVHiHook@@PAD1@Z 10003230 f   wog native dialogs.obj
 0001:000024d0       ?Y_WoG_PicDlg_Def@@YGXPAVHiHook@@PAD1@Z 100034d0 f   wog native dialogs.obj
 0001:00002770       ?Dlg_WoGMessageBox@@YAXPAVPatcherInstance@@@Z 10003770 f   wog native dialogs.obj
 0001:000027d0       ?Dlg_ChangeBmp@@YAXPAVPatcherInstance@@@Z 100037d0 f   wog native dialogs.obj
 0001:000035e0       ?Y_New_CommanderDlg_Proc@@YGHPAV_CustomDlg_@@PAU_DlgMsg_@@@Z 100045e0 f   wog native dialogs.obj
 0001:00003d70       ?Y_Dlg_NPC_Show@@YGHPAVHiHook@@PAU_DlgNPC_@@@Z 10004d70 f   wog native dialogs.obj
 0001:00005480       ?Y_Dlg_NPC_Prepare@@YGXPAVHiHook@@PAU_Npc_@@HHH@Z 10006480 f   wog native dialogs.obj
 0001:000054c0       ?Y_Dlg_NPC_ShowAgain_IfGetArtHero@@YGHPAVLoHook@@PAUHookContext@@@Z 100064c0 f   wog native dialogs.obj
 0001:000054e0       ?Y_HeroDlg_Create@@YGPAV_CustomDlg_@@PAVHiHook@@PAV1@@Z 100064e0 f   wog native dialogs.obj
 0001:00005540       ?Y_HeroDlg_Proc@@YGHPAVHiHook@@PAV_CustomDlg_@@PAU_DlgMsg_@@@Z 10006540 f   wog native dialogs.obj
 0001:000057b0       ?Dlg_NPC@@YAXPAVPatcherInstance@@@Z 100067b0 f   wog native dialogs.obj
 0001:00005840       ?New_Dlg_ExpaMon_Case8@@YAHH@Z 10006840 f   wog native dialogs.obj
 0001:000061a0       ?New_Dlg_ExpaMon_BannerDlg_Proc@@YGHPAV_CustomDlg_@@PAU_DlgMsg_@@@Z 100071a0 f   wog native dialogs.obj
 0001:00006270       ?New_Dlg_ExpaMon_BannerDlg@@YAHXZ 10007270 f   wog native dialogs.obj
 0001:00006670       ?New_Dlg_ExpaMon_Proc@@YGHPAV_CustomDlg_@@PAU_DlgMsg_@@@Z 10007670 f   wog native dialogs.obj
 0001:00006aa0       ?Y_NewDlg_CreatureExpo@@YGHPAVHiHook@@PAU_CreatureExpo_@@@Z 10007aa0 f   wog native dialogs.obj
 0001:00007670       ?Y_WoGCurseDlg_Proc@@YGHPAV_CustomDlg_@@PAU_DlgMsg_@@@Z 10008670 f   wog native dialogs.obj
 0001:00007770       ?Y_WoGCurseDlg_Show@@YGHPAVLoHook@@PAUHookContext@@@Z 10008770 f   wog native dialogs.obj
 0001:00007b10       ?Y_WoGDlg_ChooseArt_Proc@@YGHPAV_CustomDlg_@@PAU_DlgMsg_@@@Z 10008b10 f   wog native dialogs.obj
 0001:00007e00       ?Y_WoGDlg_ChooseArt@@YGHPAVHiHook@@HPAU_Hero_@@H@Z 10008e00 f   wog native dialogs.obj
 0001:00008480       ?WoG_PlaceCreature_RMC_Crtl@@YGHPAVLoHook@@PAUHookContext@@@Z 10009480 f   wog native dialogs.obj
 0001:000084b0       _UseWin32InputControl      100094b0 f   wog native dialogs.obj
 0001:000084d0       ?IsSupportedFormatImage@@YAHPAD@Z 100094d0 f   wog native dialogs.obj
 0001:000087b0       ?New_Dlg_CustomReq_Proc@@YGHPAV_CustomDlg_@@PAU_DlgMsg_@@@Z 100097b0 f   wog native dialogs.obj
 0001:00008970       ?New_Dlg_CustomReq@@YAHPAU_Sphinx1_@@@Z 10009970 f   wog native dialogs.obj
 0001:00009bd0       ?Y_Dlg_CustomReq@@YGHPAVHiHook@@HHPAPAD@Z 1000abd0 f   wog native dialogs.obj
 0001:00009ea0       ?Y_WoGDlg_SphinxReq@@YGHPAVHiHook@@H@Z 1000aea0 f   wog native dialogs.obj
 0001:0000a030       ?Y_Dlg_QuickDialog@@YGHPAVHiHook@@PAU_Sphinx1_@@@Z 1000b030 f   wog native dialogs.obj
 0001:0000a0c0       ?Y_Dlg_CustomPic@@YGHPAVHiHook@@HH@Z 1000b0c0 f   wog native dialogs.obj
 0001:0000a420       ?Dlg_Sphinx@@YAXPAVPatcherInstance@@@Z 1000b420 f   wog native dialogs.obj
 0001:0000a4e0       ?New_Dlg_IF_G_Proc@@YGHPAV_CustomDlg_@@PAU_DlgMsg_@@@Z 1000b4e0 f   wog native dialogs.obj
 0001:0000a600       ?New_Dlg_IF_G@@YAHPAU_CheckBoxes_@@@Z 1000b600 f   wog native dialogs.obj
 0001:0000aa50       ?New_Dlg_IF_G_Lo@@YGHPAVLoHook@@PAUHookContext@@@Z 1000ba50 f   wog native dialogs.obj
 0001:0000aab0       ?Dlg_IFG@@YAXPAVPatcherInstance@@@Z 1000bab0 f   wog native dialogs.obj
 0001:0000ab00       ?Dlg_ChooseMonAttack_Proc@@YGHPAV_CustomDlg_@@PAU_DlgMsg_@@@Z 1000bb00 f   wog native dialogs.obj
 0001:0000ab40       ?Dlg_ChooseMonAttack@@YGHPAVHiHook@@HHH@Z 1000bb40 f   wog native dialogs.obj
 0001:0000ae20       ?Y_NewScenarioDlg_SetScrolledShoose@@YAHPAU_NewScenarioDlg_@@PAU_DlgMsg_@@@Z 1000be20 f   wog native dialogs.obj
 0001:0000aeb0       ?Redraw_WoGDlgSetup_ElemOnPage@@YAHPAV_CustomDlg_@@PAU_DlgSetup_@@H@Z 1000beb0 f   wog native dialogs.obj
 0001:0000b0a0       ?ShowHide_WoGDlgSetup_ElemOnPage@@YAHPAV_CustomDlg_@@HPAU_DlgSetup_@@H@Z 1000c0a0 f   wog native dialogs.obj
 0001:0000b290       ?Create_WoGDlgSetup_ElemOnPage@@YAHPAV_CustomDlg_@@HPAU_DlgSetup_@@@Z 1000c290 f   wog native dialogs.obj
 0001:0000b680       ?setYellowFrames@@YAXPAV_CustomDlg_@@H@Z 1000c680 f   wog native dialogs.obj
 0001:0000c1e0       ?Dlg_WoG_Options_Proc@@YGHPAV_CustomDlg_@@PAU_DlgMsg_@@@Z 1000d1e0 f   wog native dialogs.obj
 0001:0000c930       ?Dlg_WoG_Options_Show@@YGXPAVHiHook@@H@Z 1000d930 f   wog native dialogs.obj
 0001:0000ce80       ?Y_NewScenarioDlg_Proc@@YGHPAVHiHook@@PAU_NewScenarioDlg_@@PAU_DlgMsg_@@@Z 1000de80 f   wog native dialogs.obj
 0001:0000cf10       ?Y_NewScenarioDlg_BlockScrollBar@@YGHPAVHiHook@@PAX@Z 1000df10 f   wog native dialogs.obj
 0001:0000cf40       ?Y_NewScenarioDlg_Create@@YGXPAVHiHook@@PAU_NewScenarioDlg_@@H@Z 1000df40 f   wog native dialogs.obj
 0001:0000cfa0       ?Dlg_WoGOptions@@YAXPAVPatcherInstance@@@Z 1000dfa0 f   wog native dialogs.obj
 0001:0000d050       ?WOG_ProcessAll@@YGXPAVHiHook@@@Z 1000e050 f   wog native dialogs.obj
 0001:0000d330       ?Dlg_SaveDatFile1@@YGHPAVLoHook@@PAUHookContext@@@Z 1000e330 f   wog native dialogs.obj
 0001:0000d3c0       ?Dlg_LoadDatFile1@@YGHPAVLoHook@@PAUHookContext@@@Z 1000e3c0 f   wog native dialogs.obj
 0001:0000d450       ?WoGOptionsStrings@@YAXPAVPatcherInstance@@@Z 1000e450 f   wog native dialogs.obj
 0001:0000d4b0       ?Dlg_ChooseCastleReBuild_Proc@@YGHPAV_CustomDlg_@@PAU_DlgMsg_@@@Z 1000e4b0 f   wog native dialogs.obj
 0001:0000d600       ?Dlg_ChooseCastleReBuild@@YAHXZ 1000e600 f   wog native dialogs.obj
 0001:0000dbc0       ?HiHook_Dlg_ChooseCastleReBuild@@YGHPAVHiHook@@@Z 1000ebc0 f   wog native dialogs.obj
 0001:0000dbd0       ?LoHook_Dlg_ChooseCastleReBuild@@YGHPAVLoHook@@PAUHookContext@@@Z 1000ebd0 f   wog native dialogs.obj
 0001:0000dc00       ?Y_Dlg_HeroLvlUp_Proc@@YGHPAVHiHook@@HPAU_DlgMsg_@@@Z 1000ec00 f   wog native dialogs.obj
 0001:0000dcf0       ?Y_Lo_Dlg_HeroLvlUp_Create@@YGHPAVLoHook@@PAUHookContext@@@Z 1000ecf0 f   wog native dialogs.obj
 0001:0000dd10       ?Y_BATTLE_Proc@@YGHPAVHiHook@@PAU_BattleMgr_@@PAU_DlgMsg_@@@Z 1000ed10 f   wog native dialogs.obj
 0001:0000de60       ?Y_EndBattle@@YGHPAVLoHook@@PAUHookContext@@@Z 1000ee60 f   wog native dialogs.obj
 0001:0000df20       ?StartHD5Functions@@YAXXZ  1000ef20 f   wog native dialogs.obj
 0001:0000df90       ?HD5_Functions@@YAXPAVPatcherInstance@@@Z 1000ef90 f   wog native dialogs.obj
 0001:0000dfe0       ?NewBattleLogDlg_Proc@@YGHPAV_CustomDlg_@@PAU_DlgMsg_@@@Z 1000efe0 f   wog native dialogs.obj
 0001:0000e020       ?CreateNewBattleLogDlg@@YAXPAU_BattleMgr_@@@Z 1000f020 f   wog native dialogs.obj
 0001:0000e550       ?BattleLog_Proc@@YGHPAVHiHook@@PAU_BattleMgr_@@PAU_DlgMsg_@@@Z 1000f550 f   wog native dialogs.obj
 0001:0000e5b0       ?BattleLog_ReportNewRound@@YGXPAVHiHook@@IPBDHD@Z 1000f5b0 f   wog native dialogs.obj
 0001:0000e600       ?expandFilePath@fsman@@YA?AV?$basic_string@DU?$char_traits@D@std@@V?$allocator@D@2@@std@@ABV23@@Z 1000f600 f   wog native dialogs.obj
 0001:0000e850       ?isAbsPath@fsman@@YA_NABV?$basic_string@DU?$char_traits@D@std@@V?$allocator@D@2@@std@@@Z 1000f850 f   wog native dialogs.obj
 0001:0000e8b0       ?compareCaseInsensitively@fsman@@YA_NABV?$basic_string@DU?$char_traits@D@std@@V?$allocator@D@2@@std@@0@Z 1000f8b0 f   wog native dialogs.obj
 0001:0000e990       ?sortCaseInsensitively@fsman@@YAXAAV?$vector@V?$basic_string@DU?$char_traits@D@std@@V?$allocator@D@2@@std@@V?$allocator@V?$basic_string@DU?$char_traits@D@std@@V?$allocator@D@2@@std@@@2@@std@@@Z 1000f990 f   wog native dialogs.obj
 0001:0000e9f0       ??0FsMan@fsman@@QAE@ABV?$basic_string@DU?$char_traits@D@std@@V?$allocator@D@2@@std@@@Z 1000f9f0 f   wog native dialogs.obj
 0001:0000ea80       ?expandFilePath@FsMan@fsman@@QAE?AV?$basic_string@DU?$char_traits@D@std@@V?$allocator@D@2@@std@@ABV34@@Z 1000fa80 f   wog native dialogs.obj
 0001:0000eb80       ?changeDirectory@FsMan@fsman@@QAE_NABV?$basic_string@DU?$char_traits@D@std@@V?$allocator@D@2@@std@@@Z 1000fb80 f   wog native dialogs.obj
 0001:0000ec40       ?listDirectories@FsMan@fsman@@QAE?AV?$vector@V?$basic_string@DU?$char_traits@D@std@@V?$allocator@D@2@@std@@V?$allocator@V?$basic_string@DU?$char_traits@D@std@@V?$allocator@D@2@@std@@@2@@std@@XZ 1000fc40 f   wog native dialogs.obj
 0001:0000eff0       ?listFiles@FsMan@fsman@@QAE?AV?$vector@V?$basic_string@DU?$char_traits@D@std@@V?$allocator@D@2@@std@@V?$allocator@V?$basic_string@DU?$char_traits@D@std@@V?$allocator@D@2@@std@@@2@@std@@ABV?$basic_string@DU?$char_traits@D@std@@V?$allocator@D@2@@4@@Z 1000fff0 f   wog native dialogs.obj
 0001:0000f3b0       ?NewDlg_ChooseFile_ChangeDirectory@@YAHPAV_CustomDlg_@@PAD@Z 100103b0 f   wog native dialogs.obj
 0001:0000f4f0       ?NewDlg_ChooseFile_FolderOut@@YAHPAV_CustomDlg_@@@Z 100104f0 f   wog native dialogs.obj
 0001:0000f750       ?NewDlg_ChooseFile_FolderIn@@YAHPAV_CustomDlg_@@@Z 10010750 f   wog native dialogs.obj
 0001:0000f8e0       ?NewDlg_ChooseFile_JumpRootFolder@@YAHPAV_CustomDlg_@@@Z 100108e0 f   wog native dialogs.obj
 0001:0000fa60       ?NewDlg_ChooseFile_RedrawFrames@@YAHPAV_CustomDlg_@@PAU_ScrollFiles_@@@Z 10010a60 f   wog native dialogs.obj
 0001:0000fac0       ?NewDlg_ChooseFile_MooveFrameUp@@YAHPAV_CustomDlg_@@@Z 10010ac0 f   wog native dialogs.obj
 0001:0000fbc0       ?NewDlg_ChooseFile_MooveFrameDown@@YAHPAV_CustomDlg_@@@Z 10010bc0 f   wog native dialogs.obj
 0001:0000fcc0       ?NewDlg_ChooseFile_ScrollProc@@YIXHPAV_CustomDlg_@@@Z 10010cc0 f   wog native dialogs.obj
 0001:00010280       ?NewDlg_ChooseFile_Rebuild@@YGHPAV_CustomDlg_@@@Z 10011280 f   wog native dialogs.obj
 0001:00010ac0       ?NewDlg_ChooseFile_UdateEditText@@YAHPAV_CustomDlg_@@PAD@Z 10011ac0 f   wog native dialogs.obj
 0001:00010b40       ?NewDlg_ChooseFile_SetTextOnEditTextItem@@YAHPAV_CustomDlg_@@H@Z 10011b40 f   wog native dialogs.obj
 0001:00010ba0       ?NewDlg_ChooseFile_UpdateHintText@@YAXPAV_CustomDlg_@@PAU_DlgMsg_@@@Z 10011ba0 f   wog native dialogs.obj
 0001:00010ce0       ?NewDlg_ChooseFile_Proc@@YGHPAV_CustomDlg_@@PAU_DlgMsg_@@@Z 10011ce0 f   wog native dialogs.obj
 0001:00011080       ?NewDlg_ChooseFile@@YGHPAU_ChooseFile_@@@Z 10012080 f   wog native dialogs.obj
 0001:00011b60       ??1FsMan@fsman@@QAE@XZ     10012b60 f i wog native dialogs.obj
 0001:00011b60       ?destroy@?$allocator@V?$basic_string@DU?$char_traits@D@std@@V?$allocator@D@2@@std@@@std@@QAEXPAV?$basic_string@DU?$char_traits@D@std@@V?$allocator@D@2@@2@@Z 10012b60 f i wog native dialogs.obj
 0001:00011b90       ?NewDlg_ChooseFile_Prepare@@YAHPAU_ChooseFile_@@@Z 10012b90 f   wog native dialogs.obj
 0001:00011f40       ?Dlg_WoG_Options_SaveOrLoad@@YGHPAVHiHook@@PAU_ChooseFile_@@PAD@Z 10012f40 f   wog native dialogs.obj
 0001:00012050       ?DlgEdit_IsCorrectInpulSymbol@@YGHPAVHiHook@@PAU_DlgTextEdit_@@PAU_DlgMsg_@@@Z 10013050 f   wog native dialogs.obj
 0001:00012170       ?Y_DlgTown_Proc@@YGHPAVHiHook@@PAU_TownMgr_@@PAU_DlgMsg_@@@Z 10013170 f   wog native dialogs.obj
 0001:000122e0       ?Y_Dlg_HeroesMeet@@YGHPAVLoHook@@PAUHookContext@@@Z 100132e0 f   wog native dialogs.obj
 0001:00012310       ?Y_Battle_SetHintAttackGetDamage@@YGHPAVLoHook@@PAUHookContext@@@Z 10013310 f   wog native dialogs.obj
 0001:00012330       ?GetStringKilled@@YAPADPADPAU_BattleStack_@@@Z 10013330 f   wog native dialogs.obj
 0001:00012460       ?BattleMgr_GetAttackDamage_Hint_LogString@@YGPAU_HStr_@@PAVHiHook@@PAU1@PAU_BattleStack_@@2EH@Z 10013460 f   wog native dialogs.obj
 0001:00012560       ?Y_DlgCreditsSmoothly@@YGHPAVLoHook@@PAUHookContext@@@Z 10013560 f   wog native dialogs.obj
 0001:00012590       ?Y_Dlg_MainMenu_Create@@YGHPAVHiHook@@PAU_Dlg_@@@Z 10013590 f   wog native dialogs.obj
 0001:00012630       ?OnReportVersion@@YGXPAUTEvent@Era@@@Z 10013630 f   wog native dialogs.obj
 0001:00012660       ?Y_LoadAllTXTinGames@@YGHPAVLoHook@@PAUHookContext@@@Z 10013660 f   wog native dialogs.obj
 0001:00012680       ?Y_Hook_MainLoop@@YGHPAVLoHook@@PAUHookContext@@@Z 10013680 f   wog native dialogs.obj
 0001:00012af0       _DllMain@12                10013af0 f   wog native dialogs.obj
 0001:00012e40       ??0?$basic_string@DU?$char_traits@D@std@@V?$allocator@D@2@@std@@QAE@PBD@Z 10013e40 f i wog native dialogs.obj
 0001:00012e80       ??0?$basic_string@DU?$char_traits@D@std@@V?$allocator@D@2@@std@@QAE@ABV01@@Z 10013e80 f i wog native dialogs.obj
 0001:00012eb0       ??1?$basic_string@DU?$char_traits@D@std@@V?$allocator@D@2@@std@@QAE@XZ 10013eb0 f i wog native dialogs.obj
 0001:00012ee0       ?append@?$basic_string@DU?$char_traits@D@std@@V?$allocator@D@2@@std@@QAEAAV12@PBD@Z 10013ee0 f i wog native dialogs.obj
 0001:00012f00       ?erase@?$basic_string@DU?$char_traits@D@std@@V?$allocator@D@2@@std@@QAEAAV12@II@Z 10013f00 f i wog native dialogs.obj
 0001:00012f90       ?begin@?$basic_string@DU?$char_traits@D@std@@V?$allocator@D@2@@std@@QAE?AV?$_String_iterator@DU?$char_traits@D@std@@V?$allocator@D@2@@2@XZ 10013f90 f i wog native dialogs.obj
 0001:00012ff0       ?end@?$basic_string@DU?$char_traits@D@std@@V?$allocator@D@2@@std@@QAE?AV?$_String_iterator@DU?$char_traits@D@std@@V?$allocator@D@2@@2@XZ 10013ff0 f i wog native dialogs.obj
 0001:00013050       ?substr@?$basic_string@DU?$char_traits@D@std@@V?$allocator@D@2@@std@@QBE?AV12@II@Z 10014050 f i wog native dialogs.obj
 0001:00013080       ??1?$vector@DV?$allocator@D@std@@@std@@QAE@XZ 10014080 f i wog native dialogs.obj
 0001:000130b0       ??H?$_Vector_iterator@DV?$allocator@D@std@@@std@@QBE?AV01@H@Z 100140b0 f i wog native dialogs.obj
 0001:00013100       ??0?$vector@DV?$allocator@D@std@@@std@@QAE@XZ 10014100 f i wog native dialogs.obj
 0001:00013100       ??0?$vector@V?$basic_string@DU?$char_traits@D@std@@V?$allocator@D@2@@std@@V?$allocator@V?$basic_string@DU?$char_traits@D@std@@V?$allocator@D@2@@std@@@2@@std@@QAE@XZ 10014100 f i wog native dialogs.obj
 0001:00013160       ??1?$vector@V?$basic_string@DU?$char_traits@D@std@@V?$allocator@D@2@@std@@V?$allocator@V?$basic_string@DU?$char_traits@D@std@@V?$allocator@D@2@@std@@@2@@std@@QAE@XZ 10014160 f i wog native dialogs.obj
 0001:000131b0       ?push_back@?$vector@V?$basic_string@DU?$char_traits@D@std@@V?$allocator@D@2@@std@@V?$allocator@V?$basic_string@DU?$char_traits@D@std@@V?$allocator@D@2@@std@@@2@@std@@QAEXABV?$basic_string@DU?$char_traits@D@std@@V?$allocator@D@2@@2@@Z 100141b0 f i wog native dialogs.obj
 0001:00013260       ??1?$_Vector_val@DV?$allocator@D@std@@@std@@QAE@XZ 10014260 f i wog native dialogs.obj
 0001:00013260       ??1?$_Vector_val@V?$basic_string@DU?$char_traits@D@std@@V?$allocator@D@2@@std@@V?$allocator@V?$basic_string@DU?$char_traits@D@std@@V?$allocator@D@2@@std@@@2@@std@@QAE@XZ 10014260 f i wog native dialogs.obj
 0001:00013270       ?append@?$basic_string@DU?$char_traits@D@std@@V?$allocator@D@2@@std@@QAEAAV12@PBDI@Z 10014270 f i wog native dialogs.obj
 0001:00013380       ?assign@?$basic_string@DU?$char_traits@D@std@@V?$allocator@D@2@@std@@QAEAAV12@ABV12@II@Z 10014380 f i wog native dialogs.obj
 0001:00013460       ?assign@?$basic_string@DU?$char_traits@D@std@@V?$allocator@D@2@@std@@QAEAAV12@PBDI@Z 10014460 f i wog native dialogs.obj
 0001:00013540       ?find_last_of@?$basic_string@DU?$char_traits@D@std@@V?$allocator@D@2@@std@@QBEIPBDII@Z 10014540 f i wog native dialogs.obj
 0001:000135e0       ?_Myptr@?$basic_string@DU?$char_traits@D@std@@V?$allocator@D@2@@std@@IBEPBDXZ 100145e0 f i wog native dialogs.obj
 0001:000135f0       ?resize@?$vector@DV?$allocator@D@std@@@std@@QAEXID@Z 100145f0 f i wog native dialogs.obj
 0001:000136c0       ?_Ufill@?$vector@DV?$allocator@D@std@@@std@@IAEPADPADIABD@Z 100146c0 f i wog native dialogs.obj
 0001:000136f0       ?insert@?$vector@V?$basic_string@DU?$char_traits@D@std@@V?$allocator@D@2@@std@@V?$allocator@V?$basic_string@DU?$char_traits@D@std@@V?$allocator@D@2@@std@@@2@@std@@QAE?AV?$_Vector_iterator@V?$basic_string@DU?$char_traits@D@std@@V?$allocator@D@2@@std@@V?$allocator@V?$basic_string@DU?$char_traits@D@std@@V?$allocator@D@2@@std@@@2@@2@V?$_Vector_const_iterator@V?$basic_string@DU?$char_traits@D@std@@V?$allocator@D@2@@std@@V?$allocator@V?$basic_string@DU?$char_traits@D@std@@V?$allocator@D@2@@std@@@2@@2@ABV?$basic_string@DU?$char_traits@D@std@@V?$allocator@D@2@@2@@Z 100146f0 f i wog native dialogs.obj
 0001:000137d0       ?_Ufill@?$vector@V?$basic_string@DU?$char_traits@D@std@@V?$allocator@D@2@@std@@V?$allocator@V?$basic_string@DU?$char_traits@D@std@@V?$allocator@D@2@@std@@@2@@std@@IAEPAV?$basic_string@DU?$char_traits@D@std@@V?$allocator@D@2@@2@PAV32@IABV32@@Z 100147d0 f i wog native dialogs.obj
 0001:00013800       ?append@?$basic_string@DU?$char_traits@D@std@@V?$allocator@D@2@@std@@QAEAAV12@ABV12@II@Z 10014800 f i wog native dialogs.obj
 0001:000138f0       ?_Grow@?$basic_string@DU?$char_traits@D@std@@V?$allocator@D@2@@std@@IAE_NI_N@Z 100148f0 f i wog native dialogs.obj
 0001:000139b0       ?allocate@?$allocator@D@std@@QAEPADI@Z 100149b0 f i wog native dialogs.obj
 0001:00013a10       ?erase@?$vector@DV?$allocator@D@std@@@std@@QAE?AV?$_Vector_iterator@DV?$allocator@D@std@@@2@V?$_Vector_const_iterator@DV?$allocator@D@std@@@2@0@Z 10014a10 f i wog native dialogs.obj
 0001:00013aa0       ?_Insert_n@?$vector@DV?$allocator@D@std@@@std@@IAEXV?$_Vector_const_iterator@DV?$allocator@D@std@@@2@IABD@Z 10014aa0 f i wog native dialogs.obj
 0001:00013c60       ?_Insert_n@?$vector@V?$basic_string@DU?$char_traits@D@std@@V?$allocator@D@2@@std@@V?$allocator@V?$basic_string@DU?$char_traits@D@std@@V?$allocator@D@2@@std@@@2@@std@@IAEXV?$_Vector_const_iterator@V?$basic_string@DU?$char_traits@D@std@@V?$allocator@D@2@@std@@V?$allocator@V?$basic_string@DU?$char_traits@D@std@@V?$allocator@D@2@@std@@@2@@2@IABV?$basic_string@DU?$char_traits@D@std@@V?$allocator@D@2@@2@@Z 10014c60 f i wog native dialogs.obj
 0001:00013fb0       ?_Xlen@?$vector@V?$basic_string@DU?$char_traits@D@std@@V?$allocator@D@2@@std@@V?$allocator@V?$basic_string@DU?$char_traits@D@std@@V?$allocator@D@2@@std@@@2@@std@@KAXXZ 10014fb0 f i wog native dialogs.obj
 0001:00013fb0       ?_Xlen@?$vector@DV?$allocator@D@std@@@std@@KAXXZ 10014fb0 f i wog native dialogs.obj
 0001:00014030       ?allocate@?$allocator@V?$basic_string@DU?$char_traits@D@std@@V?$allocator@D@2@@std@@@std@@QAEPAV?$basic_string@DU?$char_traits@D@std@@V?$allocator@D@2@@2@I@Z 10015030 f i wog native dialogs.obj
 0001:00014090       ??0length_error@std@@QAE@ABV01@@Z 10015090 f i wog native dialogs.obj
 0001:000140b0       ?_Copy@?$basic_string@DU?$char_traits@D@std@@V?$allocator@D@2@@std@@IAEXII@Z 100150b0 f i wog native dialogs.obj
 0001:00014220       ??$transform@V?$_String_iterator@DU?$char_traits@D@std@@V?$allocator@D@2@@std@@V12@P6AHH@Z@std@@YA?AV?$_String_iterator@DU?$char_traits@D@std@@V?$allocator@D@2@@0@V10@00P6AHH@Z@Z 10015220 f i wog native dialogs.obj
 0001:00014280       ??$?8DU?$char_traits@D@std@@V?$allocator@D@1@@std@@YA_NABV?$basic_string@DU?$char_traits@D@std@@V?$allocator@D@2@@0@PBD@Z 10015280 f i wog native dialogs.obj
 0001:000142e0       ??$?0V?$_Vector_iterator@DV?$allocator@D@std@@@std@@@?$basic_string@DU?$char_traits@D@std@@V?$allocator@D@2@@std@@QAE@V?$_Vector_iterator@DV?$allocator@D@std@@@1@0@Z 100152e0 f i wog native dialogs.obj
 0001:00014320       ??$?HDU?$char_traits@D@std@@V?$allocator@D@1@@std@@YA?AV?$basic_string@DU?$char_traits@D@std@@V?$allocator@D@2@@0@ABV10@PBD@Z 10015320 f i wog native dialogs.obj
 0001:000143d0       ??$?HDU?$char_traits@D@std@@V?$allocator@D@1@@std@@YA?AV?$basic_string@DU?$char_traits@D@std@@V?$allocator@D@2@@0@ABV10@0@Z 100153d0 f i wog native dialogs.obj
 0001:00014480       ??$VarValue@H@Patcher@@QAEAAHPAD@Z 10015480 f i wog native dialogs.obj
 0001:000144c0       ??$_Umove@PAV?$basic_string@DU?$char_traits@D@std@@V?$allocator@D@2@@std@@@?$vector@V?$basic_string@DU?$char_traits@D@std@@V?$allocator@D@2@@std@@V?$allocator@V?$basic_string@DU?$char_traits@D@std@@V?$allocator@D@2@@std@@@2@@std@@IAEPAV?$basic_string@DU?$char_traits@D@std@@V?$allocator@D@2@@1@PAV21@00@Z 100154c0 f i wog native dialogs.obj
 0001:000144f0       ??$fill@PAV?$basic_string@DU?$char_traits@D@std@@V?$allocator@D@2@@std@@V12@@std@@YAXPAV?$basic_string@DU?$char_traits@D@std@@V?$allocator@D@2@@0@0ABV10@@Z 100154f0 f i wog native dialogs.obj
 0001:00014520       ??$_Unchecked_move_backward@PAV?$basic_string@DU?$char_traits@D@std@@V?$allocator@D@2@@std@@PAV12@@stdext@@YAPAV?$basic_string@DU?$char_traits@D@std@@V?$allocator@D@2@@std@@PAV12@00@Z 10015520 f i wog native dialogs.obj
 0001:00014580       ??0bad_alloc@std@@QAE@ABV01@@Z 10015580 f i wog native dialogs.obj
 0001:000145a0       ??$_Construct@V?$_Vector_iterator@DV?$allocator@D@std@@@std@@@?$basic_string@DU?$char_traits@D@std@@V?$allocator@D@2@@std@@QAEXV?$_Vector_iterator@DV?$allocator@D@std@@@1@0Uforward_iterator_tag@1@@Z 100155a0 f i wog native dialogs.obj
 0001:000146f0       ??$_Sort@PAV?$basic_string@DU?$char_traits@D@std@@V?$allocator@D@2@@std@@HP6A_NABV12@0@Z@std@@YAXPAV?$basic_string@DU?$char_traits@D@std@@V?$allocator@D@2@@0@0HP6A_NABV10@1@Z@Z 100156f0 f i wog native dialogs.obj
 0001:00014840       ??$?8DU?$char_traits@D@std@@V?$allocator@D@1@@std@@YA_NABV?$basic_string@DU?$char_traits@D@std@@V?$allocator@D@2@@0@0@Z 10015840 f i wog native dialogs.obj
 0001:000148b0       ??$_Uninit_fill_n@PAV?$basic_string@DU?$char_traits@D@std@@V?$allocator@D@2@@std@@IV12@V?$allocator@V?$basic_string@DU?$char_traits@D@std@@V?$allocator@D@2@@std@@@2@@std@@YAXPAV?$basic_string@DU?$char_traits@D@std@@V?$allocator@D@2@@0@IABV10@AAV?$allocator@V?$basic_string@DU?$char_traits@D@std@@V?$allocator@D@2@@std@@@0@U_Nonscalar_ptr_iterator_tag@0@U_Range_checked_iterator_tag@0@@Z 100158b0 f i wog native dialogs.obj
 0001:00014950       ??$_Destroy_range@V?$allocator@V?$basic_string@DU?$char_traits@D@std@@V?$allocator@D@2@@std@@@std@@@std@@YAXPAV?$basic_string@DU?$char_traits@D@std@@V?$allocator@D@2@@0@0AAV?$allocator@V?$basic_string@DU?$char_traits@D@std@@V?$allocator@D@2@@std@@@0@U_Nonscalar_ptr_iterator_tag@0@@Z 10015950 f i wog native dialogs.obj
 0001:00014990       ?append@?$basic_string@DU?$char_traits@D@std@@V?$allocator@D@2@@std@@QAEAAV12@ID@Z 10015990 f i wog native dialogs.obj
 0001:00014a20       ??H?$_String_iterator@DU?$char_traits@D@std@@V?$allocator@D@2@@std@@QBE?AV01@H@Z 10015a20 f i wog native dialogs.obj
 0001:00014a90       ??$_Unguarded_partition@PAV?$basic_string@DU?$char_traits@D@std@@V?$allocator@D@2@@std@@P6A_NABV12@0@Z@std@@YA?AU?$pair@PAV?$basic_string@DU?$char_traits@D@std@@V?$allocator@D@2@@std@@PAV12@@0@PAV?$basic_string@DU?$char_traits@D@std@@V?$allocator@D@2@@0@0P6A_NABV20@1@Z@Z 10015a90 f i wog native dialogs.obj
 0001:00014f30       ??$_Uninit_move@PAV?$basic_string@DU?$char_traits@D@std@@V?$allocator@D@2@@std@@PAV12@V?$allocator@V?$basic_string@DU?$char_traits@D@std@@V?$allocator@D@2@@std@@@2@@std@@YAPAV?$basic_string@DU?$char_traits@D@std@@V?$allocator@D@2@@0@PAV10@00AAV?$allocator@V?$basic_string@DU?$char_traits@D@std@@V?$allocator@D@2@@std@@@0@U_Swap_move_tag@0@U_Range_checked_iterator_tag@0@@Z 10015f30 f i wog native dialogs.obj
 0001:00015070       ??$_Move_backward_opt@PAV?$basic_string@DU?$char_traits@D@std@@V?$allocator@D@2@@std@@PAV12@Uforward_iterator_tag@2@@std@@YAPAV?$basic_string@DU?$char_traits@D@std@@V?$allocator@D@2@@0@PAV10@00Uforward_iterator_tag@0@U_Swap_move_tag@0@U_Range_checked_iterator_tag@0@@Z 10016070 f i wog native dialogs.obj
 0001:00015100       ??$_Median@PAV?$basic_string@DU?$char_traits@D@std@@V?$allocator@D@2@@std@@P6A_NABV12@0@Z@std@@YAXPAV?$basic_string@DU?$char_traits@D@std@@V?$allocator@D@2@@0@00P6A_NABV10@1@Z@Z 10016100 f i wog native dialogs.obj
 0001:000152e0       ??$_Make_heap@PAV?$basic_string@DU?$char_traits@D@std@@V?$allocator@D@2@@std@@HV12@P6A_NABV12@0@Z@std@@YAXPAV?$basic_string@DU?$char_traits@D@std@@V?$allocator@D@2@@0@0P6A_NABV10@1@ZPAH0@Z 100162e0 f i wog native dialogs.obj
 0001:00015360       ??$_Sort_heap@PAV?$basic_string@DU?$char_traits@D@std@@V?$allocator@D@2@@std@@P6A_NABV12@0@Z@std@@YAXPAV?$basic_string@DU?$char_traits@D@std@@V?$allocator@D@2@@0@0P6A_NABV10@1@Z@Z 10016360 f i wog native dialogs.obj
 0001:000153f0       ??$_Insertion_sort1@PAV?$basic_string@DU?$char_traits@D@std@@V?$allocator@D@2@@std@@P6A_NABV12@0@ZV12@@std@@YAXPAV?$basic_string@DU?$char_traits@D@std@@V?$allocator@D@2@@0@0P6A_NABV10@1@Z0@Z 100163f0 f i wog native dialogs.obj
 0001:00015540       ??$_Adjust_heap@PAV?$basic_string@DU?$char_traits@D@std@@V?$allocator@D@2@@std@@HV12@P6A_NABV12@0@Z@std@@YAXPAV?$basic_string@DU?$char_traits@D@std@@V?$allocator@D@2@@0@HHV10@P6A_NABV10@2@Z@Z 10016540 f i wog native dialogs.obj
 0001:00015670       ?swap@?$basic_string@DU?$char_traits@D@std@@V?$allocator@D@2@@std@@QAEXAAV12@@Z 10016670 f i wog native dialogs.obj
 0001:000156f0       ??$_Push_heap@PAV?$basic_string@DU?$char_traits@D@std@@V?$allocator@D@2@@std@@HV12@P6A_NABV12@0@Z@std@@YAXPAV?$basic_string@DU?$char_traits@D@std@@V?$allocator@D@2@@0@HHV10@P6A_NABV10@2@Z@Z 100166f0 f i wog native dialogs.obj
 0001:000157d0       ??$_Pop_heap@PAV?$basic_string@DU?$char_traits@D@std@@V?$allocator@D@2@@std@@HV12@P6A_NABV12@0@Z@std@@YAXPAV?$basic_string@DU?$char_traits@D@std@@V?$allocator@D@2@@0@00V10@P6A_NABV10@2@ZPAH@Z 100167d0 f i wog native dialogs.obj
 0001:00015880       ?RedrawScreen@_DlgItem_@@QAEXXZ 10016880 f   HoMM3_GUI.obj
 0001:000158b0       ?Create@_CustomDlg_@@SAPAV1@HHHHIP6GHPAV1@PAU_DlgMsg_@@@Z@Z 100168b0 f   HoMM3_GUI.obj
 0001:00015930       ?DlgProcBridge@_CustomDlg_@@SIHPAV1@IPAU_DlgMsg_@@@Z 10016930 f   HoMM3_GUI.obj
 0001:00015949       ??0out_of_range@std@@QAE@ABV?$basic_string@DU?$char_traits@D@std@@V?$allocator@D@2@@1@@Z 10016949 f i libcpmt:string.obj
 0001:00015966       ??1out_of_range@std@@UAE@XZ 10016966 f i libcpmt:string.obj
 0001:00015971       ??_Eout_of_range@std@@UAEPAXI@Z 10016971 f i libcpmt:string.obj
 0001:00015971       ??_Gout_of_range@std@@UAEPAXI@Z 10016971 f i libcpmt:string.obj
 0001:00015998       ?_Xlen@_String_base@std@@SAXXZ 10016998 f   libcpmt:string.obj
 0001:000159d0       ?_Xran@_String_base@std@@SAXXZ 100169d0 f   libcpmt:string.obj
 0001:00015a08       ??0out_of_range@std@@QAE@ABV01@@Z 10016a08 f i libcpmt:string.obj
 0001:00015a25       @__security_check_cookie@4 10016a25 f   LIBCMT:secchk.obj
 0001:00015a34       _memmove_s                 10016a34 f   LIBCMT:memmove_s.obj
 0001:00015a91       _sprintf                   10016a91 f   LIBCMT:sprintf.obj
 0001:00015b0e       ??0exception@std@@QAE@XZ   10016b0e f   LIBCMT:stdexcpt.obj
 0001:00015b1f       ??0exception@std@@QAE@ABQBD@Z 10016b1f f   LIBCMT:stdexcpt.obj
 0001:00015b72       ??0exception@std@@QAE@ABQBDH@Z 10016b72 f   LIBCMT:stdexcpt.obj
 0001:00015b8f       ??0exception@std@@QAE@ABV01@@Z 10016b8f f   LIBCMT:stdexcpt.obj
 0001:00015bec       ??1exception@std@@UAE@XZ   10016bec f   LIBCMT:stdexcpt.obj
 0001:00015c02       ?what@exception@std@@UBEPBDXZ 10016c02 f   LIBCMT:stdexcpt.obj
 0001:00015c0f       ??_Gexception@std@@UAEPAXI@Z 10016c0f f i LIBCMT:stdexcpt.obj
 0001:00015c0f       ??_Eexception@std@@UAEPAXI@Z 10016c0f f i LIBCMT:stdexcpt.obj
 0001:00015c30       _free                      10016c30 f   LIBCMT:free.obj
 0001:00015cc0       _memchr                    10016cc0 f   LIBCMT:memchr.obj
 0001:00015d6d       ??0_LocaleUpdate@@QAE@PAUlocaleinfo_struct@@@Z 10016d6d f i LIBCMT:tolower.obj
 0001:00015df4       __tolower_l                10016df4 f   LIBCMT:tolower.obj
 0001:00015f09       _tolower                   10016f09 f   LIBCMT:tolower.obj
 0001:00015f35       __initp_misc_invarg        10016f35 f   LIBCMT:invarg.obj
 0001:00015f44       __invoke_watson            10016f44 f   LIBCMT:invarg.obj
 0001:0001606c       __invalid_parameter        1001706c f   LIBCMT:invarg.obj
 0001:00016092       __invalid_parameter_noinfo 10017092 f   LIBCMT:invarg.obj
 0001:000160a2       ??3@YAXPAX@Z               100170a2 f   LIBCMT:delete.obj
 0001:000160ad       _memcpy_s                  100170ad f   LIBCMT:memcpy_s.obj
 0001:0001612a       ??1type_info@@UAE@XZ       1001712a f   LIBCMT:typinfo.obj
 0001:0001613a       ??_Etype_info@@UAEPAXI@Z   1001713a f i LIBCMT:typinfo.obj
 0001:0001613a       ??_Gtype_info@@UAEPAXI@Z   1001713a f i LIBCMT:typinfo.obj
 0001:0001615b       ??8type_info@@QBE_NABV0@@Z 1001715b f   LIBCMT:typinfo.obj
 0001:0001617b       ??0bad_alloc@std@@QAE@XZ   1001717b f i LIBCMT:new.obj
 0001:00016196       ??2@YAPAXI@Z               10017196 f   LIBCMT:new.obj
 0001:000161fb       __CRT_INIT@12              100171fb f   LIBCMT:dllcrt0.obj
 0001:00016426       __DllMainCRTStartup@12     10017426 f   LIBCMT:dllcrt0.obj
 0001:00016450       _strlen                    10017450 f   LIBCMT:strlen.obj
 0001:000164db       __CxxThrowException@8      100174db f   LIBCMT:throw.obj
 0001:00016527       ?_JumpToContinuation@@YGXPAXPAUEHRegistrationNode@@@Z 10017527 f   LIBCMT:_trnsctrl_.obj
 0001:00016559       ?_CallMemberFunction0@@YGXPAX0@Z 10017559 f   LIBCMT:_trnsctrl_.obj
 0001:00016559       ?_CallMemberFunction1@@YGXPAX00@Z 10017559 f   LIBCMT:_trnsctrl_.obj
 0001:00016559       ?_CallMemberFunction2@@YGXPAX00H@Z 10017559 f   LIBCMT:_trnsctrl_.obj
 0001:00016560       ?_UnwindNestedFrames@@YGXPAUEHRegistrationNode@@PAUEHExceptionRecord@@@Z 10017560 f   LIBCMT:_trnsctrl_.obj
 0001:000165b4       ___CxxFrameHandler3        100175b4 f   LIBCMT:_trnsctrl_.obj
 0001:0001661d       ?_CallSETranslator@@YAHPAUEHExceptionRecord@@PAUEHRegistrationNode@@PAX2PBU_s_FuncInfo@@H1@Z 1001761d f   LIBCMT:_trnsctrl_.obj
 0001:00016793       ?_GetRangeOfTrysToCheck@@YAPBU_s_TryBlockMapEntry@@PBU_s_FuncInfo@@HHPAI1@Z 10017793 f   LIBCMT:_trnsctrl_.obj
 0001:00016808       __CreateFrameInfo          10017808 f   LIBCMT:_trnsctrl_.obj
 0001:00016834       __IsExceptionObjectToBeDestroyed 10017834 f   LIBCMT:_trnsctrl_.obj
 0001:0001685b       __FindAndUnlinkFrame       1001785b f   LIBCMT:_trnsctrl_.obj
 0001:000168ad       ?_CallCatchBlock2@@YAPAXPAUEHRegistrationNode@@PBU_s_FuncInfo@@PAXHK@Z 100178ad f   LIBCMT:_trnsctrl_.obj
 0001:0001690d       __EH_prolog3               1001790d f   LIBCMT:ehprolg3.obj
 0001:00016940       __EH_prolog3_catch         10017940 f   LIBCMT:ehprolg3.obj
 0001:00016976       ___report_gsfailure        10017976 f   LIBCMT:gs_report.obj
 0001:00016a80       _memmove                   10017a80 f   LIBCMT:memmove.obj
 0001:00016de5       __get_errno_from_oserr     10017de5 f   LIBCMT:dosmap.obj
 0001:00016e27       __errno                    10017e27 f   LIBCMT:dosmap.obj
 0001:00016e3a       ___doserrno                10017e3a f   LIBCMT:dosmap.obj
 0001:00016e4d       __dosmaperr                10017e4d f   LIBCMT:dosmap.obj
 0001:00016e70       __flsbuf                   10017e70 f   LIBCMT:_flsbuf.obj
 0001:0001707a       __output_l                 1001807a f   LIBCMT:output.obj
 0001:00017c12       _strcpy_s                  10018c12 f   LIBCMT:strcpy_s.obj
 0001:00017c7a       _V6_HeapAlloc              10018c7a f   LIBCMT:malloc.obj
 0001:00017cc9       _malloc                    10018cc9 f   LIBCMT:malloc.obj
 0001:00017d93       __heap_init                10018d93 f   LIBCMT:heapinit.obj
 0001:00017dc3       __heap_term                10018dc3 f   LIBCMT:heapinit.obj
 0001:00017e37       __mtinitlocks              10018e37 f   LIBCMT:mlock.obj
 0001:00017e82       __mtdeletelocks            10018e82 f   LIBCMT:mlock.obj
 0001:00017ed9       __unlock                   10018ed9 f   LIBCMT:mlock.obj
 0001:00017ef0       __mtinitlocknum            10018ef0 f   LIBCMT:mlock.obj
 0001:00017fb3       __lock                     10018fb3 f   LIBCMT:mlock.obj
 0001:00017fe6       ___sbh_find_block          10018fe6 f   LIBCMT:sbheap.obj
 0001:00018016       ___sbh_free_block          10019016 f   LIBCMT:sbheap.obj
 0001:0001832c       ___sbh_alloc_new_region    1001932c f   LIBCMT:sbheap.obj
 0001:000183dc       ___sbh_alloc_new_group     100193dc f   LIBCMT:sbheap.obj
 0001:000184e4       ___sbh_resize_block        100194e4 f   LIBCMT:sbheap.obj
 0001:000187c5       ___sbh_alloc_block         100197c5 f   LIBCMT:sbheap.obj
 0001:00018aac       __SEH_prolog4              10019aac f   LIBCMT:sehprolg4.obj
 0001:00018af1       __SEH_epilog4              10019af1 f   LIBCMT:sehprolg4.obj
 0001:00018b10       __except_handler4          10019b10 f   LIBCMT:chandler4.obj
 0001:00018ec2       ___updatetmbcinfo          10019ec2 f   LIBCMT:mbctype.obj
 0001:00018fe2       __setmbcp_nolock           10019fe2 f   LIBCMT:mbctype.obj
 0001:000191c7       __setmbcp                  1001a1c7 f   LIBCMT:mbctype.obj
 0001:00019361       ___initmbctable            1001a361 f   LIBCMT:mbctype.obj
 0001:0001937f       ___freetlocinfo            1001a37f f   LIBCMT:setlocal.obj
 0001:000194c8       ___addlocaleref            1001a4c8 f   LIBCMT:setlocal.obj
 0001:00019557       ___removelocaleref         1001a557 f   LIBCMT:setlocal.obj
 0001:0001962e       ___updatetlocinfo          1001a62e f   LIBCMT:setlocal.obj
 0001:000196a4       __encode_pointer           1001a6a4 f   LIBCMT:tidtable.obj
 0001:00019716       __encoded_null             1001a716 f   LIBCMT:tidtable.obj
 0001:0001971f       __decode_pointer           1001a71f f   LIBCMT:tidtable.obj
 0001:00019791       ___crtTlsAlloc@4           1001a791 f   LIBCMT:tidtable.obj
 0001:0001979a       ___set_flsgetvalue         1001a79a f   LIBCMT:tidtable.obj
 0001:000197ce       __mtterm                   1001a7ce f   LIBCMT:tidtable.obj
 0001:0001980b       __initptd                  1001a80b f   LIBCMT:tidtable.obj
 0001:000198f2       __getptd_noexit            1001a8f2 f   LIBCMT:tidtable.obj
 0001:0001996b       __getptd                   1001a96b f   LIBCMT:tidtable.obj
 0001:00019985       __freefls@4                1001a985 f   LIBCMT:tidtable.obj
 0001:00019ab4       __freeptd                  1001aab4 f   LIBCMT:tidtable.obj
 0001:00019b22       __mtinit                   1001ab22 f   LIBCMT:tidtable.obj
 0001:00019caf       __freea                    1001acaf f i LIBCMT:a_map.obj
 0001:0001a074       ___crtLCMapStringA         1001b074 f   LIBCMT:a_map.obj
 0001:0001a0b9       __isleadbyte_l             1001b0b9 f i LIBCMT:_wctype.obj
 0001:0001a0f1       _isleadbyte                1001b0f1 f i LIBCMT:_wctype.obj
 0001:0001a104       __isctype_l                1001b104 f   LIBCMT:isctype.obj
 0001:0001a1bc       __crt_debugger_hook        1001b1bc f   LIBCMT:dbghook.obj
 0001:0001a1d0       _memset                    1001b1d0 f   LIBCMT:memset.obj
 0001:0001a250       _memcpy                    1001b250 f   LIBCMT:memcpy.obj
 0001:0001a5b5       ?_Type_info_dtor@type_info@@CAXPAV1@@Z 1001b5b5 f   LIBCMT:typname.obj
 0001:0001a630       _strcmp                    1001b630 f   LIBCMT:strcmp.obj
 0001:0001a772       ___onexitinit              1001b772 f   LIBCMT:onexit.obj
 0001:0001a7a3       __onexit                   1001b7a3 f   LIBCMT:onexit.obj
 0001:0001a7df       _atexit                    1001b7df f   LIBCMT:onexit.obj
 0001:0001a7f6       __initp_heap_handler       1001b7f6 f   LIBCMT:handler.obj
 0001:0001a805       __callnewh                 1001b805 f   LIBCMT:handler.obj
 0001:0001a82d       __malloc_crt               1001b82d f   LIBCMT:crtheap.obj
 0001:0001a872       __calloc_crt               1001b872 f   LIBCMT:crtheap.obj
 0001:0001a8be       __realloc_crt              1001b8be f   LIBCMT:crtheap.obj
 0001:0001a90c       __crt_waiting_on_module_handle 1001b90c f   LIBCMT:crt0dat.obj
 0001:0001a93c       __amsg_exit                1001b93c f   LIBCMT:crt0dat.obj
 0001:0001a965       ___crtCorExitProcess       1001b965 f   LIBCMT:crt0dat.obj
 0001:0001a990       ___crtExitProcess          1001b990 f   LIBCMT:crt0dat.obj
 0001:0001a9a8       __lockexit                 1001b9a8 f   LIBCMT:crt0dat.obj
 0001:0001a9b1       __unlockexit               1001b9b1 f   LIBCMT:crt0dat.obj
 0001:0001a9d7       __initterm_e               1001b9d7 f   LIBCMT:crt0dat.obj
 0001:0001a9fb       __cinit                    1001b9fb f   LIBCMT:crt0dat.obj
 0001:0001abac       __exit                     1001bbac f   LIBCMT:crt0dat.obj
 0001:0001abc2       __cexit                    1001bbc2 f   LIBCMT:crt0dat.obj
 0001:0001abd1       __init_pointers            1001bbd1 f   LIBCMT:crt0dat.obj
 0001:0001ac1f       __ioinit                   1001bc1f f   LIBCMT:ioinit.obj
 0001:0001ae73       __ioterm                   1001be73 f   LIBCMT:ioinit.obj
 0001:0001aec1       __setenvp                  1001bec1 f   LIBCMT:stdenvp.obj
 0001:0001b139       __setargv                  1001c139 f   LIBCMT:stdargv.obj
 0001:0001b1f4       ___crtGetEnvironmentStringsA 1001c1f4 f   LIBCMT:a_env.obj
 0001:0001b32b       __RTC_Initialize           1001c32b f   LIBCMT:_initsect_.obj
 0001:0001b351       __RTC_Terminate            1001c351 f   LIBCMT:_initsect_.obj
 0001:0001b377       __XcptFilter               1001c377 f   LIBCMT:winxfltr.obj
 0001:0001b4d7       ___CppXcptFilter           1001c4d7 f   LIBCMT:winxfltr.obj
 0001:0001b4f7       ___security_init_cookie    1001c4f7 f   LIBCMT:gs_support.obj
 0001:0001b58d       ??0bad_exception@std@@QAE@PBD@Z 1001c58d f i LIBCMT:frame.obj
 0001:0001b5ab       ??1bad_exception@std@@UAE@XZ 1001c5ab f i LIBCMT:frame.obj
 0001:0001b5b6       ??_Gbad_exception@std@@UAEPAXI@Z 1001c5b6 f i LIBCMT:frame.obj
 0001:0001b5b6       ??_Ebad_exception@std@@UAEPAXI@Z 1001c5b6 f i LIBCMT:frame.obj
 0001:0001b5dd       ___TypeMatch               1001c5dd f   LIBCMT:frame.obj
 0001:0001b63c       ___FrameUnwindFilter       1001c63c f   LIBCMT:frame.obj
 0001:0001b685       ___FrameUnwindToState      1001c685 f   LIBCMT:frame.obj
 0001:0001b7ab       ___DestructExceptionObject 1001c7ab f   LIBCMT:frame.obj
 0001:0001b800       ___AdjustPointer           1001c800 f   LIBCMT:frame.obj
 0001:0001ba89       ___BuildCatchObjectHelper  1001ca89 f   LIBCMT:frame.obj
 0001:0001bc08       ___BuildCatchObject        1001cc08 f   LIBCMT:frame.obj
 0001:0001c143       ??0bad_exception@std@@QAE@ABV01@@Z 1001d143 f i LIBCMT:frame.obj
 0001:0001c160       ___InternalCxxFrameHandler 1001d160 f   LIBCMT:frame.obj
 0001:0001c246       ?terminate@@YAXXZ          1001d246 f   LIBCMT:hooks.obj
 0001:0001c27f       ?unexpected@@YAXXZ         1001d27f f   LIBCMT:hooks.obj
 0001:0001c292       ?_inconsistency@@YAXXZ     1001d292 f   LIBCMT:hooks.obj
 0001:0001c2ca       __initp_eh_hooks           1001d2ca f   LIBCMT:hooks.obj
 0001:0001c2e0       __CallSettingFrame@12      1001d2e0 f   LIBCMT:lowhelpr.obj
 0001:0001c307       __NLG_Return               1001d307     LIBCMT:lowhelpr.obj
 0001:0001c3b3       __VEC_memcpy               1001d3b3 f   LIBCMT:p4_memcpy.obj
 0001:0001c4e6       __get_sse2_info            1001d4e6 f   LIBCMT:cpu_disp.obj
 0001:0001c548       ___sse2_available_init     1001d548 f   LIBCMT:cpu_disp.obj
 0001:0001c555       __lseeki64_nolock          1001d555 f   LIBCMT:lseeki64.obj
 0001:0001c5da       __lseeki64                 1001d5da f   LIBCMT:lseeki64.obj
 0001:0001c6f3       __write_nolock             1001d6f3 f   LIBCMT:write.obj
 0001:0001ce26       __write                    1001de26 f   LIBCMT:write.obj
 0001:0001cf02       __getbuf                   1001df02 f   LIBCMT:_getbuf.obj
 0001:0001cf4b       __isatty                   1001df4b f   LIBCMT:isatty.obj
 0001:0001cfaf       ___iob_func                1001dfaf f   LIBCMT:_file.obj
 0001:0001cfb5       ___initstdio               1001dfb5 f   LIBCMT:_file.obj
 0001:0001d066       ___endstdio                1001e066 f   LIBCMT:_file.obj
 0001:0001d086       __lock_file                1001e086 f   LIBCMT:_file.obj
 0001:0001d0c7       __lock_file2               1001e0c7 f   LIBCMT:_file.obj
 0001:0001d0f9       __unlock_file              1001e0f9 f   LIBCMT:_file.obj
 0001:0001d135       __unlock_file2             1001e135 f   LIBCMT:_file.obj
 0001:0001d164       __fileno                   1001e164 f   LIBCMT:fileno.obj
 0001:0001d196       __initp_misc_cfltcvt_tab   1001e196 f   LIBCMT:cmiscdat.obj
 0001:0001d1b7       __get_printf_count_output  1001e1b7 f   LIBCMT:printf.obj
 0001:0001d1cd       __wctomb_s_l               1001e1cd f   LIBCMT:wctomb.obj
 0001:0001d339       _wctomb_s                  1001e339 f   LIBCMT:wctomb.obj
 0001:0001d360       __aulldvrm                 1001e360 f   LIBCMT:ulldvrm.obj
 0001:0001d3f5       __NMSG_WRITE               1001e3f5 f   LIBCMT:crt0msg.obj
 0001:0001d5a0       __FF_MSGBANNER             1001e5a0 f   LIBCMT:crt0msg.obj
 0001:0001d5d9       __initp_misc_initcrit      1001e5d9 f   LIBCMT:initcrit.obj
 0001:0001d5e8       ___crtInitCritSecAndSpinCount 1001e5e8 f   LIBCMT:initcrit.obj
 0001:0001d648       __local_unwind4            1001e648 f   LIBCMT:exsup4.obj
 0001:0001d71e       __seh_longjmp_unwind4@4    1001e71e f   LIBCMT:exsup4.obj
 0001:0001d73a       @_EH4_CallFilterFunc@8     1001e73a f   LIBCMT:exsup4.obj
 0001:0001d751       @_EH4_TransferToHandler@8  1001e751 f   LIBCMT:exsup4.obj
 0001:0001d76a       @_EH4_GlobalUnwind@4       1001e76a f   LIBCMT:exsup4.obj
 0001:0001d784       @_EH4_LocalUnwind@16       1001e784 f   LIBCMT:exsup4.obj
 0001:0001d7a0       __ValidateImageBase        1001e7a0 f   LIBCMT:pesect.obj
 0001:0001d7e0       __FindPESection            1001e7e0 f   LIBCMT:pesect.obj
 0001:0001d830       __IsNonwritableInCurrentImage 1001e830 f   LIBCMT:pesect.obj
 0001:0001daa7       ___crtGetStringTypeA       1001eaa7 f   LIBCMT:a_str.obj
 0001:0001dae9       ___free_lc_time            1001eae9 f   LIBCMT:inittime.obj
 0001:0001dc7e       ___free_lconv_num          1001ec7e f   LIBCMT:initnum.obj
 0001:0001dcc3       ___free_lconv_mon          1001ecc3 f   LIBCMT:initmon.obj
 0001:0001dd51       _strcat_s                  1001ed51 f   LIBCMT:strcat_s.obj
 0001:0001ddd0       _strcspn                   1001edd0 f   LIBCMT:strcspn.obj
 0001:0001de16       _strncpy_s                 1001ee16 f   LIBCMT:strncpy_s.obj
 0001:0001ded0       _strpbrk                   1001eed0 f   LIBCMT:strpbrk.obj
 0001:0001df10       ___ansicp                  1001ef10 f   LIBCMT:convrtcp.obj
 0001:0001df59       ___convertcp               1001ef59 f   LIBCMT:convrtcp.obj
 0001:0001e110       __alloca_probe_16          1001f110 f   LIBCMT:alloca16.obj
 0001:0001e126       __alloca_probe_8           1001f126     LIBCMT:alloca16.obj
 0001:0001e193       __VEC_memzero              1001f193 f   LIBCMT:p4_memset.obj
 0001:0001e222       __msize                    1001f222 f   LIBCMT:msize.obj
 0001:0001e2c5       __calloc_impl              1001f2c5 f   LIBCMT:calloc_impl.obj
 0001:0001e3e3       _realloc                   1001f3e3 f   LIBCMT:realloc.obj
 0001:0001e5fe       __initp_misc_winsig        1001f5fe f   LIBCMT:winsig.obj
 0001:0001e653       ___get_sigabrt             1001f653 f   LIBCMT:winsig.obj
 0001:0001e660       _raise                     1001f660 f   LIBCMT:winsig.obj
 0001:0001e810       __initp_misc_rand_s        1001f810 f   LIBCMT:rand_s.obj
 0001:0001e81f       __initp_misc_purevirt      1001f81f f   LIBCMT:inithelp.obj
 0001:0001e881       __ismbblead                1001f881 f   LIBCMT:ismbbyte.obj
 0001:0001e899       ?_ValidateRead@@YAHPBXI@Z  1001f899 f   LIBCMT:validate.obj
 0001:0001e899       ?_ValidateExecute@@YAHP6GHXZ@Z 1001f899 f   LIBCMT:validate.obj
 0001:0001e899       ?_ValidateWrite@@YAHPAXI@Z 1001f899 f   LIBCMT:validate.obj
 0001:0001e8ab       _abort                     1001f8ab f   LIBCMT:abort.obj
 0001:0001e9c4       __global_unwind2           1001f9c4 f   LIBCMT:exsup.obj
 0001:0001ea29       __local_unwind2            1001fa29 f   LIBCMT:exsup.obj
 0001:0001eaad       __abnormal_termination     1001faad f   LIBCMT:exsup.obj
 0001:0001ead0       __NLG_Notify1              1001fad0 f   LIBCMT:exsup.obj
 0001:0001ead9       __NLG_Notify               1001fad9 f   LIBCMT:exsup.obj
 0001:0001eaf0       __NLG_Dispatch             1001faf0     LIBCMT:exsup.obj
 0001:0001eaf0       __NLG_Dispatch2            1001faf0     LIBCMT:exsup.obj
 0001:0001eaf8       __NLG_Call                 1001faf8 f   LIBCMT:exsup.obj
 0001:0001eafa       __NLG_Return2              1001fafa     LIBCMT:exsup.obj
 0001:0001eafb       __free_osfhnd              1001fafb f   LIBCMT:osfinfo.obj
 0001:0001eb81       __get_osfhandle            1001fb81 f   LIBCMT:osfinfo.obj
 0001:0001ebf8       ___lock_fhandle            1001fbf8 f   LIBCMT:osfinfo.obj
 0001:0001ec98       __unlock_fhandle           1001fc98 f   LIBCMT:osfinfo.obj
 0001:0001ecbf       __putwch_nolock            1001fcbf f   LIBCMT:putwch.obj
 0001:0001ed84       __mbtowc_l                 1001fd84 f   LIBCMT:mbtowc.obj
 0001:0001ee9b       _mbtowc                    1001fe9b f   LIBCMT:mbtowc.obj
 0001:0001eec0       __alloca_probe             1001fec0     LIBCMT:chkstk.obj
 0001:0001eec0       __chkstk                   1001fec0 f   LIBCMT:chkstk.obj
 0001:0001eeeb       __fcloseall                1001feeb f   LIBCMT:closeall.obj
 0001:0001ef8a       __flush                    1001ff8a f   LIBCMT:fflush.obj
 0001:0001eff2       __fflush_nolock            1001fff2 f   LIBCMT:fflush.obj
 0001:0001f114       __flushall                 10020114 f   LIBCMT:fflush.obj
 0001:0001f11d       __fptrap                   1002011d f   LIBCMT:crt0fp.obj
 0001:0001f355       _strtol                    10020355 f   LIBCMT:strtol.obj
 0001:0001f380       ___crtMessageBoxA          10020380 f   LIBCMT:crtmbox.obj
 0001:0001f4e9       __set_error_mode           100204e9 f   LIBCMT:errmode.obj
 0001:0001f534       _atol                      10020534 f   LIBCMT:atox.obj
 0001:0001f550       __allmul                   10020550 f   LIBCMT:llmul.obj
 0001:0001f584       __isdigit_l                10020584 f i LIBCMT:_ctype.obj
 0001:0001f5d5       _isdigit                   100205d5 f i LIBCMT:_ctype.obj
 0001:0001f603       ___initconout              10020603 f   LIBCMT:initcon.obj
 0001:0001f622       ___termcon                 10020622 f   LIBCMT:initcon.obj
 0001:0001f64f       __fclose_nolock            1002064f f   LIBCMT:fclose.obj
 0001:0001f6c6       _fclose                    100206c6 f   LIBCMT:fclose.obj
 0001:0001f742       __commit                   10020742 f   LIBCMT:commit.obj
 0001:0001f830       ___ascii_strnicmp          10020830 f   LIBCMT:_strnicm.obj
 0001:0001f891       __close_nolock             10020891 f   LIBCMT:close.obj
 0001:0001f92d       __close                    1002092d f   LIBCMT:close.obj
 0001:0001f9fa       __freebuf                  100209fa f   LIBCMT:_freebuf.obj
 0001:0001fa40       _strchr                    10020a40 f   LIBCMT:strchr.obj
 0001:0001fa46       ___from_strstr_to_strchr   10020a46     LIBCMT:strchr.obj
 0001:0001fafe       _RtlUnwind@16              10020afe f   kernel32:KERNEL32.dll
 0001:0001fb04       __fpclear                  10020b04 f   LIBCMT:_fpinit_.obj
 0001:0001fb04       __initp_misc_winxfltr      10020b04 f   LIBCMT:winxfltr.obj
 0001:0001fb05       __cfltcvt_init             10020b05 f   LIBCMT:_fpinit_.obj
 0001:0001fb65       __fpmath                   10020b65 f   LIBCMT:_fpinit_.obj
 0001:0001fb90       __ftol2_sse                10020b90 f   LIBCMT:ftol2.obj
 0001:0001fb99       __ftol2_pentium4           10020b99 f   LIBCMT:ftol2.obj
 0001:0001fbac       __ftol2_sse_excpt          10020bac f   LIBCMT:ftol2.obj
 0001:0001fbc6       __ftol2                    10020bc6 f   LIBCMT:ftol2.obj
 0001:0001fc3b       __forcdecpt_l              10020c3b f   LIBCMT:cvt.obj
 0001:0001fcae       __cropzeros_l              10020cae f   LIBCMT:cvt.obj
 0001:0001fd30       __positive                 10020d30 f   LIBCMT:cvt.obj
 0001:0001fd4c       __fassign_l                10020d4c f   LIBCMT:cvt.obj
 0001:0001fd8e       __fassign                  10020d8e f   LIBCMT:cvt.obj
 0001:0001fdc7       __forcdecpt                10020dc7 f   LIBCMT:cvt.obj
 0001:0001fdda       __cropzeros                10020dda f   LIBCMT:cvt.obj
 0001:0001ff5c       __cftoe_l                  10020f5c f   LIBCMT:cvt.obj
 0001:0002002c       __cftoe                    1002102c f   LIBCMT:cvt.obj
 0001:0002004c       __cftoa_l                  1002104c f   LIBCMT:cvt.obj
 0001:000204b6       __cftof_l                  100214b6 f   LIBCMT:cvt.obj
 0001:00020571       __cftog_l                  10021571 f   LIBCMT:cvt.obj
 0001:0002066b       __cfltcvt_l                1002166b f   LIBCMT:cvt.obj
 0001:000206f3       __cfltcvt                  100216f3 f   LIBCMT:cvt.obj
 0001:00020716       __setdefaultprecision      10021716 f   LIBCMT:fp8.obj
 0001:00020741       __ms_p5_test_fdiv          10021741 f   LIBCMT:_testfdiv_.obj
 0001:0002077f       __ms_p5_mp_test_fdiv       1002177f f   LIBCMT:_testfdiv_.obj
 0001:000207b0       _strrchr                   100217b0 f   LIBCMT:strrchr.obj
 0001:000207dd       __atodbl_l                 100217dd f   LIBCMT:atodbl.obj
 0001:00020885       __atoflt_l                 10021885 f   LIBCMT:atodbl.obj
 0001:0002092d       __fptostr                  1002192d f   LIBCMT:_fptostr.obj
 0001:000209ec       ___dtold                   100219ec f   LIBCMT:_cfout_.obj
 0001:00020aa9       __fltout2                  10021aa9 f   LIBCMT:_cfout_.obj
 0001:00020b40       __alldvrm                  10021b40 f   LIBCMT:lldvrm.obj
 0001:00020c20       __aullshr                  10021c20 f   LIBCMT:ullshr.obj
 0001:00020c3f       __controlfp_s              10021c3f f   LIBCMT:_contrlfp_.obj
 0001:00020cab       __ld12tod                  10021cab f   LIBCMT:_intrncvt_.obj
 0001:000211ef       __ld12tof                  100221ef f   LIBCMT:_intrncvt_.obj
 0001:00021733       ___strgtold12_l            10022733 f   LIBCMT:_strgtold_.obj
 0001:00021e2b       _$I10_OUTPUT               10022e2b f   LIBCMT:_x10fout_.obj
 0001:0002287d       __control87                1002387d f i LIBCMT:_ieee87_.obj
 0001:00022b8c       ___mtold12                 10023b8c f   LIBCMT:_mantold_.obj
 0001:00022d5a       ___set_fpsr_sse2           10023d5a f   LIBCMT:_fpctrl_.obj
 0002:00000000       __imp__GetFullPathNameA@16 10025000     kernel32:KERNEL32.dll
 0002:00000004       __imp__FindFirstFileA@8    10025004     kernel32:KERNEL32.dll
 0002:00000008       __imp__GetProcAddress@8    10025008     kernel32:KERNEL32.dll
 0002:0000000c       __imp__FindClose@4         1002500c     kernel32:KERNEL32.dll
 0002:00000010       __imp__GetPrivateProfileStringA@24 10025010     kernel32:KERNEL32.dll
 0002:00000014       __imp__LoadLibraryA@4      10025014     kernel32:KERNEL32.dll
 0002:00000018       __imp__FindNextFileA@8     10025018     kernel32:KERNEL32.dll
 0002:0000001c       __imp__GetCurrentDirectoryA@8 1002501c     kernel32:KERNEL32.dll
 0002:00000020       __imp__CreateFileA@28      10025020     kernel32:KERNEL32.dll
 0002:00000024       __imp__SetFilePointer@16   10025024     kernel32:KERNEL32.dll
 0002:00000028       __imp__CloseHandle@4       10025028     kernel32:KERNEL32.dll
 0002:0000002c       __imp__GetLastError@0      1002502c     kernel32:KERNEL32.dll
 0002:00000030       __imp__HeapFree@12         10025030     kernel32:KERNEL32.dll
 0002:00000034       __imp__TerminateProcess@8  10025034     kernel32:KERNEL32.dll
 0002:00000038       __imp__GetCurrentProcess@0 10025038     kernel32:KERNEL32.dll
 0002:0000003c       __imp__UnhandledExceptionFilter@4 1002503c     kernel32:KERNEL32.dll
 0002:00000040       __imp__SetUnhandledExceptionFilter@4 10025040     kernel32:KERNEL32.dll
 0002:00000044       __imp__IsDebuggerPresent@0 10025044     kernel32:KERNEL32.dll
 0002:00000048       __imp__GetCurrentThreadId@0 10025048     kernel32:KERNEL32.dll
 0002:0000004c       __imp__GetCommandLineA@0   1002504c     kernel32:KERNEL32.dll
 0002:00000050       __imp__RaiseException@16   10025050     kernel32:KERNEL32.dll
 0002:00000054       __imp__RtlUnwind@16        10025054     kernel32:KERNEL32.dll
 0002:00000058       __imp__HeapAlloc@12        10025058     kernel32:KERNEL32.dll
 0002:0000005c       __imp__HeapCreate@12       1002505c     kernel32:KERNEL32.dll
 0002:00000060       __imp__HeapDestroy@4       10025060     kernel32:KERNEL32.dll
 0002:00000064       __imp__VirtualFree@12      10025064     kernel32:KERNEL32.dll
 0002:00000068       __imp__DeleteCriticalSection@4 10025068     kernel32:KERNEL32.dll
 0002:0000006c       __imp__LeaveCriticalSection@4 1002506c     kernel32:KERNEL32.dll
 0002:00000070       __imp__EnterCriticalSection@4 10025070     kernel32:KERNEL32.dll
 0002:00000074       __imp__VirtualAlloc@16     10025074     kernel32:KERNEL32.dll
 0002:00000078       __imp__HeapReAlloc@16      10025078     kernel32:KERNEL32.dll
 0002:0000007c       __imp__GetCPInfo@8         1002507c     kernel32:KERNEL32.dll
 0002:00000080       __imp__InterlockedIncrement@4 10025080     kernel32:KERNEL32.dll
 0002:00000084       __imp__InterlockedDecrement@4 10025084     kernel32:KERNEL32.dll
 0002:00000088       __imp__GetACP@0            10025088     kernel32:KERNEL32.dll
 0002:0000008c       __imp__GetOEMCP@0          1002508c     kernel32:KERNEL32.dll
 0002:00000090       __imp__IsValidCodePage@4   10025090     kernel32:KERNEL32.dll
 0002:00000094       __imp__GetModuleHandleW@4  10025094     kernel32:KERNEL32.dll
 0002:00000098       __imp__TlsGetValue@4       10025098     kernel32:KERNEL32.dll
 0002:0000009c       __imp__TlsAlloc@0          1002509c     kernel32:KERNEL32.dll
 0002:000000a0       __imp__TlsSetValue@8       100250a0     kernel32:KERNEL32.dll
 0002:000000a4       __imp__TlsFree@4           100250a4     kernel32:KERNEL32.dll
 0002:000000a8       __imp__SetLastError@4      100250a8     kernel32:KERNEL32.dll
 0002:000000ac       __imp__LCMapStringA@24     100250ac     kernel32:KERNEL32.dll
 0002:000000b0       __imp__WideCharToMultiByte@32 100250b0     kernel32:KERNEL32.dll
 0002:000000b4       __imp__MultiByteToWideChar@24 100250b4     kernel32:KERNEL32.dll
 0002:000000b8       __imp__LCMapStringW@24     100250b8     kernel32:KERNEL32.dll
 0002:000000bc       __imp__Sleep@4             100250bc     kernel32:KERNEL32.dll
 0002:000000c0       __imp__ExitProcess@4       100250c0     kernel32:KERNEL32.dll
 0002:000000c4       __imp__SetHandleCount@4    100250c4     kernel32:KERNEL32.dll
 0002:000000c8       __imp__GetStdHandle@4      100250c8     kernel32:KERNEL32.dll
 0002:000000cc       __imp__GetFileType@4       100250cc     kernel32:KERNEL32.dll
 0002:000000d0       __imp__GetStartupInfoA@4   100250d0     kernel32:KERNEL32.dll
 0002:000000d4       __imp__GetModuleFileNameA@12 100250d4     kernel32:KERNEL32.dll
 0002:000000d8       __imp__FreeEnvironmentStringsA@4 100250d8     kernel32:KERNEL32.dll
 0002:000000dc       __imp__GetEnvironmentStrings@0 100250dc     kernel32:KERNEL32.dll
 0002:000000e0       __imp__FreeEnvironmentStringsW@4 100250e0     kernel32:KERNEL32.dll
 0002:000000e4       __imp__GetEnvironmentStringsW@0 100250e4     kernel32:KERNEL32.dll
 0002:000000e8       __imp__QueryPerformanceCounter@4 100250e8     kernel32:KERNEL32.dll
 0002:000000ec       __imp__GetTickCount@0      100250ec     kernel32:KERNEL32.dll
 0002:000000f0       __imp__GetCurrentProcessId@0 100250f0     kernel32:KERNEL32.dll
 0002:000000f4       __imp__GetSystemTimeAsFileTime@4 100250f4     kernel32:KERNEL32.dll
 0002:000000f8       __imp__WriteFile@20        100250f8     kernel32:KERNEL32.dll
 0002:000000fc       __imp__GetConsoleCP@0      100250fc     kernel32:KERNEL32.dll
 0002:00000100       __imp__GetConsoleMode@8    10025100     kernel32:KERNEL32.dll
 0002:00000104       __imp__InitializeCriticalSectionAndSpinCount@8 10025104     kernel32:KERNEL32.dll
 0002:00000108       __imp__GetStringTypeA@20   10025108     kernel32:KERNEL32.dll
 0002:0000010c       __imp__GetStringTypeW@16   1002510c     kernel32:KERNEL32.dll
 0002:00000110       __imp__GetLocaleInfoA@16   10025110     kernel32:KERNEL32.dll
 0002:00000114       __imp__HeapSize@12         10025114     kernel32:KERNEL32.dll
 0002:00000118       __imp__SetStdHandle@8      10025118     kernel32:KERNEL32.dll
 0002:0000011c       __imp__WriteConsoleA@20    1002511c     kernel32:KERNEL32.dll
 0002:00000120       __imp__GetConsoleOutputCP@0 10025120     kernel32:KERNEL32.dll
 0002:00000124       __imp__WriteConsoleW@20    10025124     kernel32:KERNEL32.dll
 0002:00000128       __imp__FlushFileBuffers@4  10025128     kernel32:KERNEL32.dll
 0002:0000012c       __imp__GetModuleHandleA@4  1002512c     kernel32:KERNEL32.dll
 0002:00000130       \177KERNEL32_NULL_THUNK_DATA 10025130     kernel32:KERNEL32.dll
 0002:00000134       __imp__GetKeyState@4       10025134     user32:USER32.dll
 0002:00000138       \177USER32_NULL_THUNK_DATA 10025138     user32:USER32.dll
 0002:0000013c       ___xc_a                    1002513c     LIBCMT:crt0init.obj
 0002:00000140       ___xc_z                    10025140     LIBCMT:crt0init.obj
 0002:00000144       ___xi_a                    10025144     LIBCMT:crt0init.obj
 0002:00000158       ___xi_z                    10025158     LIBCMT:crt0init.obj
 0002:0000015c       ___xp_a                    1002515c     LIBCMT:crt0init.obj
 0002:00000168       ___xp_z                    10025168     LIBCMT:crt0init.obj
 0002:0000016c       ___xt_a                    1002516c     LIBCMT:crt0init.obj
 0002:00000170       ___xt_z                    10025170     LIBCMT:crt0init.obj
 0002:000001a0       ??_7bad_alloc@std@@6B@     100251a0     libcpmt:string.obj
 0002:000001ac       ??_7logic_error@std@@6B@   100251ac     libcpmt:string.obj
 0002:000001b8       ??_7length_error@std@@6B@  100251b8     libcpmt:string.obj
 0002:000001c4       ??_7out_of_range@std@@6B@  100251c4     libcpmt:string.obj
 0002:000001cc       ??_C@_0BA@JFNIOLAK@string?5too?5long?$AA@ 100251cc     libcpmt:string.obj
 0002:000001dc       ??_C@_0BI@CFPLBAOH@invalid?5string?5position?$AA@ 100251dc     libcpmt:string.obj
 0002:000001f8       ??_7exception@std@@6B@     100251f8     LIBCMT:stdexcpt.obj
 0002:00000200       ??_C@_0BC@EOODALEL@Unknown?5exception?$AA@ 10025200     LIBCMT:stdexcpt.obj
 0002:00000218       ??_7type_info@@6B@         10025218     LIBCMT:typinfo.obj
 0002:0000021c       __pDefaultRawDllMain       1002521c     LIBCMT:dllcrt0.obj
 0002:0000021c       __pRawDllMain              1002521c     LIBCMT:dllcrt0.obj
 0002:00000248       ??_C@_1O@CEDCILHN@?$AA?$CI?$AAn?$AAu?$AAl?$AAl?$AA?$CJ?$AA?$AA@ 10025248     LIBCMT:output.obj
 0002:00000258       ??_C@_06OJHGLDPL@?$CInull?$CJ?$AA@ 10025258     LIBCMT:output.obj
 0002:00000260       ___lookuptable             10025260     LIBCMT:output.obj
 0002:00000340       ??_C@_01NEMOKFLO@?$DN?$AA@ 10025340     LIBCMT:setlocal.obj
 0002:00000344       ??_C@_0O@NLDKAIKN@EncodePointer?$AA@ 10025344     LIBCMT:tidtable.obj
 0002:00000354       ??_C@_1BK@DBDEIDLH@?$AAK?$AAE?$AAR?$AAN?$AAE?$AAL?$AA3?$AA2?$AA?4?$AAD?$AAL?$AAL?$AA?$AA@ 10025354     LIBCMT:tidtable.obj
 0002:00000370       ??_C@_0O@KBPMFGHI@DecodePointer?$AA@ 10025370     LIBCMT:tidtable.obj
 0002:00000380       ??_C@_07PEJMOBNF@FlsFree?$AA@ 10025380     LIBCMT:tidtable.obj
 0002:00000388       ??_C@_0M@JCPCPOEF@FlsSetValue?$AA@ 10025388     LIBCMT:tidtable.obj
 0002:00000394       ??_C@_0M@GDNOONDI@FlsGetValue?$AA@ 10025394     LIBCMT:tidtable.obj
 0002:000003a0       ??_C@_08KNHFBNJ@FlsAlloc?$AA@ 100253a0     LIBCMT:tidtable.obj
 0002:000003ac       ??_C@_13NOLLCAOD@?$AA?$AA?$AA?$AA@ 100253ac     LIBCMT:a_map.obj
 0002:000003b0       ??_C@_0P@MIGLKIOC@CorExitProcess?$AA@ 100253b0     LIBCMT:crt0dat.obj
 0002:000003c0       ??_C@_1BI@BGOHAHKC@?$AAm?$AAs?$AAc?$AAo?$AAr?$AAe?$AAe?$AA?4?$AAd?$AAl?$AAl?$AA?$AA@ 100253c0     LIBCMT:crt0dat.obj
 0002:000003d8       __XcptActTab               100253d8     LIBCMT:winxfltr.obj
 0002:00000450       __pDestructExceptionObject 10025450     LIBCMT:frame.obj
 0002:00000458       ??_7bad_exception@std@@6B@ 10025458     LIBCMT:frame.obj
 0002:00000460       ??_C@_0O@DPKOEFFH@bad?5exception?$AA@ 10025460     LIBCMT:frame.obj
 0002:00000470       ___lookuptable_s           10025470     LIBCMT:outputs.obj
 0002:000004cc       ??_C@_0P@GGKDKEEG@runtime?5error?5?$AA@ 100254cc     LIBCMT:crt0msg.obj
 0002:000004dc       ??_C@_02PCIJFNDE@?$AN?6?$AA@ 100254dc     LIBCMT:crt0msg.obj
 0002:000004e0       ??_C@_0O@MJNIPGOH@TLOSS?5error?$AN?6?$AA@ 100254e0     LIBCMT:crt0msg.obj
 0002:000004f0       ??_C@_0N@BONNPDHF@SING?5error?$AN?6?$AA@ 100254f0     LIBCMT:crt0msg.obj
 0002:00000500       ??_C@_0P@MBDAJNE@DOMAIN?5error?$AN?6?$AA@ 10025500     LIBCMT:crt0msg.obj
 0002:00000510       ??_C@_0JL@DFDOOABL@R6034?$AN?6An?5application?5has?5made?5a@ 10025510     LIBCMT:crt0msg.obj
 0002:000005b0       ??_C@_0PH@EPAFIJ@R6033?$AN?6?9?5Attempt?5to?5use?5MSIL?5cod@ 100255b0     LIBCMT:crt0msg.obj
 0002:000006a8       ??_C@_0DD@BKEEABMM@R6032?$AN?6?9?5not?5enough?5space?5for?5lo@ 100256a8     LIBCMT:crt0msg.obj
 0002:000006e0       ??_C@_0GD@OFKILIED@R6031?$AN?6?9?5Attempt?5to?5initialize?5t@ 100256e0     LIBCMT:crt0msg.obj
 0002:00000744       ??_C@_0BP@LPMHJOKI@R6030?$AN?6?9?5CRT?5not?5initialized?$AN?6?$AA@ 10025744     LIBCMT:crt0msg.obj
 0002:00000764       ??_C@_0CF@KJDAIALP@R6028?$AN?6?9?5unable?5to?5initialize?5he@ 10025764     LIBCMT:crt0msg.obj
 0002:0000078c       ??_C@_0DF@GAKBPDFP@R6027?$AN?6?9?5not?5enough?5space?5for?5lo@ 1002578c     LIBCMT:crt0msg.obj
 0002:000007c4       ??_C@_0DF@IBLNNAIG@R6026?$AN?6?9?5not?5enough?5space?5for?5st@ 100257c4     LIBCMT:crt0msg.obj
 0002:000007fc       ??_C@_0CG@IOHKGFNJ@R6025?$AN?6?9?5pure?5virtual?5function?5c@ 100257fc     LIBCMT:crt0msg.obj
 0002:00000824       ??_C@_0DF@JIJJFJDC@R6024?$AN?6?9?5not?5enough?5space?5for?5_o@ 10025824     LIBCMT:crt0msg.obj
 0002:0000085c       ??_C@_0CJ@EGEJHFME@R6019?$AN?6?9?5unable?5to?5open?5console?5@ 1002585c     LIBCMT:crt0msg.obj
 0002:00000888       ??_C@_0CB@GNHNIELH@R6018?$AN?6?9?5unexpected?5heap?5error?$AN?6@ 10025888     LIBCMT:crt0msg.obj
 0002:000008ac       ??_C@_0CN@FOLDKNG@R6017?$AN?6?9?5unexpected?5multithread?5@ 100258ac     LIBCMT:crt0msg.obj
 0002:000008dc       ??_C@_0CM@FAHFJNHO@R6016?$AN?6?9?5not?5enough?5space?5for?5th@ 100258dc     LIBCMT:crt0msg.obj
 0002:00000908       ??_C@_0JG@LBKMGKLD@?$AN?6This?5application?5has?5requested@ 10025908     LIBCMT:crt0msg.obj
 0002:000009a0       ??_C@_0CM@FLCNIPKK@R6009?$AN?6?9?5not?5enough?5space?5for?5en@ 100259a0     LIBCMT:crt0msg.obj
 0002:000009cc       ??_C@_0CK@KMMJOAPP@R6008?$AN?6?9?5not?5enough?5space?5for?5ar@ 100259cc     LIBCMT:crt0msg.obj
 0002:000009f8       ??_C@_0CN@LEKKICBM@R6002?$AN?6?9?5floating?5point?5support?5@ 100259f8     LIBCMT:crt0msg.obj
 0002:00000a28       ??_C@_0CF@GOGNBNAK@Microsoft?5Visual?5C?$CL?$CL?5Runtime?5Lib@ 10025a28     LIBCMT:crt0msg.obj
 0002:00000a50       ??_C@_02PHMGELLB@?6?6?$AA@ 10025a50     LIBCMT:crt0msg.obj
 0002:00000a54       ??_C@_03KHICJKCI@?4?4?4?$AA@ 10025a54     LIBCMT:crt0msg.obj
 0002:00000a58       ??_C@_0BH@DNAGHKFM@?$DMprogram?5name?5unknown?$DO?$AA@ 10025a58     LIBCMT:crt0msg.obj
 0002:00000a70       ??_C@_0BK@OFGJDLJJ@Runtime?5Error?$CB?6?6Program?3?5?$AA@ 10025a70     LIBCMT:crt0msg.obj
 0002:00000a90       ___newctype                10025a90     LIBCMT:ctype.obj
 0002:00000d90       __wctype                   10025d90     LIBCMT:ctype.obj
 0002:00000f98       ___newclmap                10025f98     LIBCMT:ctype.obj
 0002:00001118       ___newcumap                10026118     LIBCMT:ctype.obj
 0002:00001298       ??_C@_08JCCMCCIL@HH?3mm?3ss?$AA@ 10026298     LIBCMT:strftime.obj
 0002:000012a4       ??_C@_0BE@CKGJFCPC@dddd?0?5MMMM?5dd?0?5yyyy?$AA@ 100262a4     LIBCMT:strftime.obj
 0002:000012b8       ??_C@_08BPBNCDIB@MM?1dd?1yy?$AA@ 100262b8     LIBCMT:strftime.obj
 0002:000012c4       ??_C@_02CJNFDJBF@PM?$AA@   100262c4     LIBCMT:strftime.obj
 0002:000012c8       ??_C@_02DEDBPAFC@AM?$AA@   100262c8     LIBCMT:strftime.obj
 0002:000012cc       ??_C@_08EDHMEBNP@December?$AA@ 100262cc     LIBCMT:strftime.obj
 0002:000012d8       ??_C@_08HCHEGEOA@November?$AA@ 100262d8     LIBCMT:strftime.obj
 0002:000012e4       ??_C@_07JJNFCEND@October?$AA@ 100262e4     LIBCMT:strftime.obj
 0002:000012ec       ??_C@_09BHHEALKD@September?$AA@ 100262ec     LIBCMT:strftime.obj
 0002:000012f8       ??_C@_06LBBHFDDG@August?$AA@ 100262f8     LIBCMT:strftime.obj
 0002:00001300       ??_C@_04MIEPOIFP@July?$AA@ 10026300     LIBCMT:strftime.obj
 0002:00001308       ??_C@_04CNLMGBGM@June?$AA@ 10026308     LIBCMT:strftime.obj
 0002:00001310       ??_C@_05DMJDNLEJ@April?$AA@ 10026310     LIBCMT:strftime.obj
 0002:00001318       ??_C@_05HPCKOFNC@March?$AA@ 10026318     LIBCMT:strftime.obj
 0002:00001320       ??_C@_08GNJGEPFN@February?$AA@ 10026320     LIBCMT:strftime.obj
 0002:0000132c       ??_C@_07CGJPFGJA@January?$AA@ 1002632c     LIBCMT:strftime.obj
 0002:00001334       ??_C@_03MKABNOCG@Dec?$AA@  10026334     LIBCMT:strftime.obj
 0002:00001338       ??_C@_03JPJOFNIA@Nov?$AA@  10026338     LIBCMT:strftime.obj
 0002:0000133c       ??_C@_03BMAOKBAD@Oct?$AA@  1002633c     LIBCMT:strftime.obj
 0002:00001340       ??_C@_03GGCAPAJC@Sep?$AA@  10026340     LIBCMT:strftime.obj
 0002:00001344       ??_C@_03IFJFEIGA@Aug?$AA@  10026344     LIBCMT:strftime.obj
 0002:00001348       ??_C@_03LBGABGKK@Jul?$AA@  10026348     LIBCMT:strftime.obj
 0002:0000134c       ??_C@_03IDFGHECI@Jun?$AA@  1002634c     LIBCMT:strftime.obj
 0002:00001350       ??_C@_03CNMDKL@May?$AA@    10026350     LIBCMT:strftime.obj
 0002:00001354       ??_C@_03LEOLGMJP@Apr?$AA@  10026354     LIBCMT:strftime.obj
 0002:00001358       ??_C@_03ODNJBKGA@Mar?$AA@  10026358     LIBCMT:strftime.obj
 0002:0000135c       ??_C@_03HJBDCHOM@Feb?$AA@  1002635c     LIBCMT:strftime.obj
 0002:00001360       ??_C@_03JIHJHPIE@Jan?$AA@  10026360     LIBCMT:strftime.obj
 0002:00001364       ??_C@_08INBOOONO@Saturday?$AA@ 10026364     LIBCMT:strftime.obj
 0002:00001370       ??_C@_06JECMNKMI@Friday?$AA@ 10026370     LIBCMT:strftime.obj
 0002:00001378       ??_C@_08HACCIKIA@Thursday?$AA@ 10026378     LIBCMT:strftime.obj
 0002:00001384       ??_C@_09DLIGFAKA@Wednesday?$AA@ 10026384     LIBCMT:strftime.obj
 0002:00001390       ??_C@_07BAAGCFCM@Tuesday?$AA@ 10026390     LIBCMT:strftime.obj
 0002:00001398       ??_C@_06JLEDEDGH@Monday?$AA@ 10026398     LIBCMT:strftime.obj
 0002:000013a0       ??_C@_06OOPIFAJ@Sunday?$AA@ 100263a0     LIBCMT:strftime.obj
 0002:000013a8       ??_C@_03FEFJNEK@Sat?$AA@   100263a8     LIBCMT:strftime.obj
 0002:000013ac       ??_C@_03IDIOELNC@Fri?$AA@  100263ac     LIBCMT:strftime.obj
 0002:000013b0       ??_C@_03IOFIKPDN@Thu?$AA@  100263b0     LIBCMT:strftime.obj
 0002:000013b4       ??_C@_03MHOMLAJA@Wed?$AA@  100263b4     LIBCMT:strftime.obj
 0002:000013b8       ??_C@_03NAGEINEP@Tue?$AA@  100263b8     LIBCMT:strftime.obj
 0002:000013bc       ??_C@_03PDAGKDH@Mon?$AA@   100263bc     LIBCMT:strftime.obj
 0002:000013c0       ??_C@_03KOEHGMDN@Sun?$AA@  100263c0     LIBCMT:strftime.obj
 0002:000013c4       ??_C@_0BK@CFCOFLF@?5Complete?5Object?5Locator?8?$AA@ 100263c4     LIBCMT:undname.obj
 0002:000013e0       ??_C@_0BN@MECKDCOJ@?5Class?5Hierarchy?5Descriptor?8?$AA@ 100263e0     LIBCMT:undname.obj
 0002:00001400       ??_C@_0BD@LGICGFMM@?5Base?5Class?5Array?8?$AA@ 10026400     LIBCMT:undname.obj
 0002:00001414       ??_C@_0BM@LDKODKLH@?5Base?5Class?5Descriptor?5at?5?$CI?$AA@ 10026414     LIBCMT:undname.obj
 0002:00001430       ??_C@_0BC@DAFEJGAK@?5Type?5Descriptor?8?$AA@ 10026430     LIBCMT:undname.obj
 0002:00001444       ??_C@_0BM@PMGGMLDN@?$GAlocal?5static?5thread?5guard?8?$AA@ 10026444     LIBCMT:undname.obj
 0002:00001460       ??_C@_0CL@FGIJHLCE@?$GAmanaged?5vector?5copy?5constructor@ 10026460     LIBCMT:undname.obj
 0002:0000148c       ??_C@_0CJ@GJELGAMM@?$GAvector?5vbase?5copy?5constructor?5i@ 1002648c     LIBCMT:undname.obj
 0002:000014b8       ??_C@_0CD@CGAJBKEJ@?$GAvector?5copy?5constructor?5iterato@ 100264b8     LIBCMT:undname.obj
 0002:000014dc       ??_C@_0CB@PDBIFEP@?$GAdynamic?5atexit?5destructor?5for?5?8@ 100264dc     LIBCMT:undname.obj
 0002:00001500       ??_C@_0BL@CLIPGLGB@?$GAdynamic?5initializer?5for?5?8?$AA@ 10026500     LIBCMT:undname.obj
 0002:0000151c       ??_C@_0CM@FCBBDIGB@?$GAeh?5vector?5vbase?5copy?5constructo@ 1002651c     LIBCMT:undname.obj
 0002:00001548       ??_C@_0CG@HLDDJMAG@?$GAeh?5vector?5copy?5constructor?5iter@ 10026548     LIBCMT:undname.obj
 0002:00001570       ??_C@_0CF@IMGKMJNO@?$GAmanaged?5vector?5destructor?5itera@ 10026570     LIBCMT:undname.obj
 0002:00001598       ??_C@_0CG@CFDHKGGD@?$GAmanaged?5vector?5constructor?5iter@ 10026598     LIBCMT:undname.obj
 0002:000015c0       ??_C@_0BN@CKNJLHMB@?$GAplacement?5delete?$FL?$FN?5closure?8?$AA@ 100265c0     LIBCMT:undname.obj
 0002:000015e0       ??_C@_0BL@CNOONJFP@?$GAplacement?5delete?5closure?8?$AA@ 100265e0     LIBCMT:undname.obj
 0002:000015fc       ??_C@_0P@HJKNJFNN@?$GAomni?5callsig?8?$AA@ 100265fc     LIBCMT:undname.obj
 0002:0000160c       ??_C@_09LBNFPBCA@?5delete?$FL?$FN?$AA@ 1002660c     LIBCMT:undname.obj
 0002:00001618       ??_C@_06FHBGPFGH@?5new?$FL?$FN?$AA@ 10026618     LIBCMT:undname.obj
 0002:00001620       ??_C@_0CE@IIHCMGGL@?$GAlocal?5vftable?5constructor?5closu@ 10026620     LIBCMT:undname.obj
 0002:00001644       ??_C@_0BA@KKLDJDLB@?$GAlocal?5vftable?8?$AA@ 10026644     LIBCMT:undname.obj
 0002:00001654       ??_C@_05KHLCHHI@?$GARTTI?$AA@ 10026654     LIBCMT:undname.obj
 0002:0000165c       ??_C@_03KLGMFNMG@?$GAEH?$AA@ 1002665c     LIBCMT:undname.obj
 0002:00001660       ??_C@_0BA@KBCDOMBN@?$GAudt?5returning?8?$AA@ 10026660     LIBCMT:undname.obj
 0002:00001670       ??_C@_0BL@LLKPOHJI@?$GAcopy?5constructor?5closure?8?$AA@ 10026670     LIBCMT:undname.obj
 0002:0000168c       ??_C@_0CH@OOJPLCPH@?$GAeh?5vector?5vbase?5constructor?5ite@ 1002668c     LIBCMT:undname.obj
 0002:000016b4       ??_C@_0CA@GCEOPDGL@?$GAeh?5vector?5destructor?5iterator?8?$AA@ 100266b4     LIBCMT:undname.obj
 0002:000016d4       ??_C@_0CB@JONCMFFK@?$GAeh?5vector?5constructor?5iterator?8@ 100266d4     LIBCMT:undname.obj
 0002:000016f8       ??_C@_0BL@NILFHHPC@?$GAvirtual?5displacement?5map?8?$AA@ 100266f8     LIBCMT:undname.obj
 0002:00001714       ??_C@_0CE@IKBNEHA@?$GAvector?5vbase?5constructor?5iterat@ 10026714     LIBCMT:undname.obj
 0002:00001738       ??_C@_0BN@LFPFMEDL@?$GAvector?5destructor?5iterator?8?$AA@ 10026738     LIBCMT:undname.obj
 0002:00001758       ??_C@_0BO@PFGOCPJJ@?$GAvector?5constructor?5iterator?8?$AA@ 10026758     LIBCMT:undname.obj
 0002:00001778       ??_C@_0BN@IMDCHIKM@?$GAscalar?5deleting?5destructor?8?$AA@ 10026778     LIBCMT:undname.obj
 0002:00001798       ??_C@_0BO@OBMKPJIG@?$GAdefault?5constructor?5closure?8?$AA@ 10026798     LIBCMT:undname.obj
 0002:000017b8       ??_C@_0BN@DEGPLNFK@?$GAvector?5deleting?5destructor?8?$AA@ 100267b8     LIBCMT:undname.obj
 0002:000017d8       ??_C@_0BD@JDLKDPAB@?$GAvbase?5destructor?8?$AA@ 100267d8     LIBCMT:undname.obj
 0002:000017ec       ??_C@_08OBABFOLI@?$GAstring?8?$AA@ 100267ec     LIBCMT:undname.obj
 0002:000017f8       ??_C@_0BF@KDPPACIK@?$GAlocal?5static?5guard?8?$AA@ 100267f8     LIBCMT:undname.obj
 0002:00001810       ??_C@_08LLFFHHDJ@?$GAtypeof?8?$AA@ 10026810     LIBCMT:undname.obj
 0002:0000181c       ??_C@_07FEEIOKP@?$GAvcall?8?$AA@ 1002681c     LIBCMT:undname.obj
 0002:00001824       ??_C@_09BLBHBJP@?$GAvbtable?8?$AA@ 10026824     LIBCMT:undname.obj
 0002:00001830       ??_C@_09IFPLHPGF@?$GAvftable?8?$AA@ 10026830     LIBCMT:undname.obj
 0002:0000183c       ??_C@_02MHEGNOJ@?$FO?$DN?$AA@ 1002683c     LIBCMT:undname.obj
 0002:00001840       ??_C@_02DHLNPPGH@?$HM?$DN?$AA@ 10026840     LIBCMT:undname.obj
 0002:00001844       ??_C@_02FGJGFEAB@?$CG?$DN?$AA@ 10026844     LIBCMT:undname.obj
 0002:00001848       ??_C@_03CDNPDDLA@?$DM?$DM?$DN?$AA@ 10026848     LIBCMT:undname.obj
 0002:0000184c       ??_C@_03IKFCCPFF@?$DO?$DO?$DN?$AA@ 1002684c     LIBCMT:undname.obj
 0002:00001850       ??_C@_02FENAOKFI@?$CF?$DN?$AA@ 10026850     LIBCMT:undname.obj
 0002:00001854       ??_C@_02FJEHGPIO@?1?$DN?$AA@ 10026854     LIBCMT:undname.obj
 0002:00001858       ??_C@_02FKMDLLOA@?9?$DN?$AA@ 10026858     LIBCMT:undname.obj
 0002:0000185c       ??_C@_02FOEOMHFC@?$CL?$DN?$AA@ 1002685c     LIBCMT:undname.obj
 0002:00001860       ??_C@_02FPIMKNGF@?$CK?$DN?$AA@ 10026860     LIBCMT:undname.obj
 0002:00001864       ??_C@_02NONPIBCD@?$HM?$HM?$AA@ 10026864     LIBCMT:undname.obj
 0002:00001868       ??_C@_02PPKAJPJL@?$CG?$CG?$AA@ 10026868     LIBCMT:undname.obj
 0002:0000186c       ??_C@_01DNKMNLPK@?$HM?$AA@ 1002686c     LIBCMT:undname.obj
[...]
 0001:00022f28       __ehhandler$??$_Adjust_heap@PAV?$basic_string@DU?$char_traits@D@std@@V?$allocator@D@2@@std@@HV12@P6A_NABV12@0@Z@std@@YAXPAV?$basic_string@DU?$char_traits@D@std@@V?$allocator@D@2@@0@HHV10@P6A_NABV10@2@Z@Z 10023f28 f    CIL library: CIL module
 0001:00022f50       __unwindfunclet$??$_Insertion_sort1@PAV?$basic_string@DU?$char_traits@D@std@@V?$allocator@D@2@@std@@P6A_NABV12@0@ZV12@@std@@YAXPAV?$basic_string@DU?$char_traits@D@std@@V?$allocator@D@2@@0@0P6A_NABV10@1@Z0@Z$0 10023f50 f    CIL library: CIL module
 0001:00022f50       __unwindfunclet$?CreateNewBattleLogDlg@@YAXPAU_BattleMgr_@@@Z$0 10023f50 f    CIL library: CIL module
 0001:00022f58       __ehhandler$?CreateNewBattleLogDlg@@YAXPAU_BattleMgr_@@@Z 10023f58 f    CIL library: CIL module
 0001:00022f58       __ehhandler$??$_Insertion_sort1@PAV?$basic_string@DU?$char_traits@D@std@@V?$allocator@D@2@@std@@P6A_NABV12@0@ZV12@@std@@YAXPAV?$basic_string@DU?$char_traits@D@std@@V?$allocator@D@2@@0@0P6A_NABV10@1@Z0@Z 10023f58 f    CIL library: CIL module
 0001:00022f80       __unwindfunclet$??$_Uninit_fill_n@PAV?$basic_string@DU?$char_traits@D@std@@V?$allocator@D@2@@std@@IV12@V?$allocator@V?$basic_string@DU?$char_traits@D@std@@V?$allocator@D@2@@std@@@2@@std@@YAXPAV?$basic_string@DU?$char_traits@D@std@@V?$allocator@D@2@@0@IABV10@AAV?$allocator@V?$basic_string@DU?$char_traits@D@std@@V?$allocator@D@2@@std@@@0@U_Nonscalar_ptr_iterator_tag@0@U_Range_checked_iterator_tag@0@@Z$2 10023f80 f    CIL library: CIL module
 0001:00022f85       __ehhandler$??$_Uninit_fill_n@PAV?$basic_string@DU?$char_traits@D@std@@V?$allocator@D@2@@std@@IV12@V?$allocator@V?$basic_string@DU?$char_traits@D@std@@V?$allocator@D@2@@std@@@2@@std@@YAXPAV?$basic_string@DU?$char_traits@D@std@@V?$allocator@D@2@@0@IABV10@AAV?$allocator@V?$basic_string@DU?$char_traits@D@std@@V?$allocator@D@2@@std@@@0@U_Nonscalar_ptr_iterator_tag@0@U_Range_checked_iterator_tag@0@@Z 10023f85 f    CIL library: CIL module
 0001:00022fa0       __ehhandler$??$_Construct@V?$_Vector_iterator@DV?$allocator@D@std@@@std@@@?$basic_string@DU?$char_traits@D@std@@V?$allocator@D@2@@std@@QAEXV?$_Vector_iterator@DV?$allocator@D@std@@@1@0Uforward_iterator_tag@1@@Z 10023fa0 f    CIL library: CIL module
 0001:00022fc0       __unwindfunclet$??$?HDU?$char_traits@D@std@@V?$allocator@D@1@@std@@YA?AV?$basic_string@DU?$char_traits@D@std@@V?$allocator@D@2@@0@ABV10@0@Z$0 10023fc0 f    CIL library: CIL module
 0001:00022fc0       __unwindfunclet$??$?HDU?$char_traits@D@std@@V?$allocator@D@1@@std@@YA?AV?$basic_string@DU?$char_traits@D@std@@V?$allocator@D@2@@0@ABV10@PBD@Z$0 10023fc0 f    CIL library: CIL module
 0001:00022fc8       __ehhandler$??$?HDU?$char_traits@D@std@@V?$allocator@D@1@@std@@YA?AV?$basic_string@DU?$char_traits@D@std@@V?$allocator@D@2@@0@ABV10@PBD@Z 10023fc8 f    CIL library: CIL module
 0001:00022fc8       __ehhandler$??$?HDU?$char_traits@D@std@@V?$allocator@D@1@@std@@YA?AV?$basic_string@DU?$char_traits@D@std@@V?$allocator@D@2@@0@ABV10@0@Z 10023fc8 f    CIL library: CIL module
 0001:00022ff0       __unwindfunclet$?Y_Dlg_CustomPic@@YGHPAVHiHook@@HH@Z$0 10023ff0 f    CIL library: CIL module
 0001:00022ff8       __ehhandler$?Y_Dlg_CustomPic@@YGHPAVHiHook@@HH@Z 10023ff8 f    CIL library: CIL module
 0001:00023020       __unwindfunclet$?New_Dlg_CustomReq@@YAHPAU_Sphinx1_@@@Z$0 10024020 f    CIL library: CIL module
 0001:00023028       __ehhandler$?New_Dlg_CustomReq@@YAHPAU_Sphinx1_@@@Z 10024028 f    CIL library: CIL module
 0001:00023060       __unwindfunclet$?Y_WoG_PicDlg_Def@@YGXPAVHiHook@@PAD1@Z$0 10024060 f    CIL library: CIL module
 0001:00023060       __unwindfunclet$?Y_WoG_PicDlg_Pcx8@@YGXPAVHiHook@@PAD1@Z$0 10024060 f    CIL library: CIL module
 0001:00023060       __unwindfunclet$?IsSupportedFormatImage@@YAHPAD@Z$0 10024060 f    CIL library: CIL module
 0001:00023068       __unwindfunclet$?Y_WoG_PicDlg_Def@@YGXPAVHiHook@@PAD1@Z$1 10024068 f    CIL library: CIL module
 0001:00023068       __unwindfunclet$?Y_WoG_PicDlg_Pcx8@@YGXPAVHiHook@@PAD1@Z$1 10024068 f    CIL library: CIL module
 0001:00023068       __unwindfunclet$?IsSupportedFormatImage@@YAHPAD@Z$1 10024068 f    CIL library: CIL module
 0001:00023070       __ehhandler$?IsSupportedFormatImage@@YAHPAD@Z 10024070 f    CIL library: CIL module
 0001:00023070       __ehhandler$?Y_WoG_PicDlg_Pcx8@@YGXPAVHiHook@@PAD1@Z 10024070 f    CIL library: CIL module
 0001:00023070       __ehhandler$?Y_WoG_PicDlg_Def@@YGXPAVHiHook@@PAD1@Z 10024070 f    CIL library: CIL module
 0001:000230a0       __unwindfunclet$??$_Pop_heap@PAV?$basic_string@DU?$char_traits@D@std@@V?$allocator@D@2@@std@@HV12@P6A_NABV12@0@Z@std@@YAXPAV?$basic_string@DU?$char_traits@D@std@@V?$allocator@D@2@@0@00V10@P6A_NABV10@2@ZPAH@Z$0 100240a0 f    CIL library: CIL module
 0001:000230a8       __ehhandler$??$_Pop_heap@PAV?$basic_string@DU?$char_traits@D@std@@V?$allocator@D@2@@std@@HV12@P6A_NABV12@0@Z@std@@YAXPAV?$basic_string@DU?$char_traits@D@std@@V?$allocator@D@2@@0@00V10@P6A_NABV10@2@ZPAH@Z 100240a8 f    CIL library: CIL module
 0001:000230d0       __unwindfunclet$??$_Uninit_move@PAV?$basic_string@DU?$char_traits@D@std@@V?$allocator@D@2@@std@@PAV12@V?$allocator@V?$basic_string@DU?$char_traits@D@std@@V?$allocator@D@2@@std@@@2@@std@@YAPAV?$basic_string@DU?$char_traits@D@std@@V?$allocator@D@2@@0@PAV10@00AAV?$allocator@V?$basic_string@DU?$char_traits@D@std@@V?$allocator@D@2@@std@@@0@U_Swap_move_tag@0@U_Range_checked_iterator_tag@0@@Z$2 100240d0 f    CIL library: CIL module
 0001:000230d8       __unwindfunclet$??$_Uninit_move@PAV?$basic_string@DU?$char_traits@D@std@@V?$allocator@D@2@@std@@PAV12@V?$allocator@V?$basic_string@DU?$char_traits@D@std@@V?$allocator@D@2@@std@@@2@@std@@YAPAV?$basic_string@DU?$char_traits@D@std@@V?$allocator@D@2@@0@PAV10@00AAV?$allocator@V?$basic_string@DU?$char_traits@D@std@@V?$allocator@D@2@@std@@@0@U_Swap_move_tag@0@U_Range_checked_iterator_tag@0@@Z$3 100240d8 f    CIL library: CIL module
 0001:000230dd       __ehhandler$??$_Uninit_move@PAV?$basic_string@DU?$char_traits@D@std@@V?$allocator@D@2@@std@@PAV12@V?$allocator@V?$basic_string@DU?$char_traits@D@std@@V?$allocator@D@2@@std@@@2@@std@@YAPAV?$basic_string@DU?$char_traits@D@std@@V?$allocator@D@2@@0@PAV10@00AAV?$allocator@V?$basic_string@DU?$char_traits@D@std@@V?$allocator@D@2@@std@@@0@U_Swap_move_tag@0@U_Range_checked_iterator_tag@0@@Z 100240dd f    CIL library: CIL module
 0001:00023110       __unwindfunclet$?_Xlen@?$vector@DV?$allocator@D@std@@@std@@KAXXZ$0 10024110 f    CIL library: CIL module
 0001:00023110       __unwindfunclet$?_Xlen@?$vector@V?$basic_string@DU?$char_traits@D@std@@V?$allocator@D@2@@std@@V?$allocator@V?$basic_string@DU?$char_traits@D@std@@V?$allocator@D@2@@std@@@2@@std@@KAXXZ$0 10024110 f    CIL library: CIL module
 0001:00023118       __ehhandler$?_Xlen@?$vector@V?$basic_string@DU?$char_traits@D@std@@V?$allocator@D@2@@std@@V?$allocator@V?$basic_string@DU?$char_traits@D@std@@V?$allocator@D@2@@std@@@2@@std@@KAXXZ 10024118 f    CIL library: CIL module
 0001:00023118       __ehhandler$?_Xlen@?$vector@DV?$allocator@D@std@@@std@@KAXXZ 10024118 f    CIL library: CIL module
 0001:00023140       __unwindfunclet$?_Insert_n@?$vector@V?$basic_string@DU?$char_traits@D@std@@V?$allocator@D@2@@std@@V?$allocator@V?$basic_string@DU?$char_traits@D@std@@V?$allocator@D@2@@std@@@2@@std@@IAEXV?$_Vector_const_iterator@V?$basic_string@DU?$char_traits@D@std@@V?$allocator@D@2@@std@@V?$allocator@V?$basic_string@DU?$char_traits@D@std@@V?$allocator@D@2@@std@@@2@@2@IABV?$basic_string@DU?$char_traits@D@std@@V?$allocator@D@2@@2@@Z$4 10024140 f    CIL library: CIL module
 0001:00023148       __unwindfunclet$?_Insert_n@?$vector@V?$basic_string@DU?$char_traits@D@std@@V?$allocator@D@2@@std@@V?$allocator@V?$basic_string@DU?$char_traits@D@std@@V?$allocator@D@2@@std@@@2@@std@@IAEXV?$_Vector_const_iterator@V?$basic_string@DU?$char_traits@D@std@@V?$allocator@D@2@@std@@V?$allocator@V?$basic_string@DU?$char_traits@D@std@@V?$allocator@D@2@@std@@@2@@2@IABV?$basic_string@DU?$char_traits@D@std@@V?$allocator@D@2@@2@@Z$5 10024148 f    CIL library: CIL module
 0001:00023150       __ehhandler$?_Insert_n@?$vector@V?$basic_string@DU?$char_traits@D@std@@V?$allocator@D@2@@std@@V?$allocator@V?$basic_string@DU?$char_traits@D@std@@V?$allocator@D@2@@std@@@2@@std@@IAEXV?$_Vector_const_iterator@V?$basic_string@DU?$char_traits@D@std@@V?$allocator@D@2@@std@@V?$allocator@V?$basic_string@DU?$char_traits@D@std@@V?$allocator@D@2@@std@@@2@@2@IABV?$basic_string@DU?$char_traits@D@std@@V?$allocator@D@2@@2@@Z 10024150 f    CIL library: CIL module
 0001:00023180       __unwindfunclet$??0?$vector@V?$basic_string@DU?$char_traits@D@std@@V?$allocator@D@2@@std@@V?$allocator@V?$basic_string@DU?$char_traits@D@std@@V?$allocator@D@2@@std@@@2@@std@@QAE@XZ$0 10024180 f    CIL library: CIL module
 0001:00023180       __unwindfunclet$??0?$vector@DV?$allocator@D@std@@@std@@QAE@XZ$0 10024180 f    CIL library: CIL module
 0001:00023188       __ehhandler$??0?$vector@DV?$allocator@D@std@@@std@@QAE@XZ 10024188 f    CIL library: CIL module
 0001:00023188       __ehhandler$??0?$vector@V?$basic_string@DU?$char_traits@D@std@@V?$allocator@D@2@@std@@V?$allocator@V?$basic_string@DU?$char_traits@D@std@@V?$allocator@D@2@@std@@@2@@std@@QAE@XZ 10024188 f    CIL library: CIL module
 0001:000231b0       __unwindfunclet$?expandFilePath@fsman@@YA?AV?$basic_string@DU?$char_traits@D@std@@V?$allocator@D@2@@std@@ABV23@@Z$0 100241b0 f    CIL library: CIL module
 0001:000231b8       __unwindfunclet$?expandFilePath@fsman@@YA?AV?$basic_string@DU?$char_traits@D@std@@V?$allocator@D@2@@std@@ABV23@@Z$1 100241b8 f    CIL library: CIL module
 0001:000231c0       __ehhandler$?expandFilePath@fsman@@YA?AV?$basic_string@DU?$char_traits@D@std@@V?$allocator@D@2@@std@@ABV23@@Z 100241c0 f    CIL library: CIL module
 0001:000231f0       __unwindfunclet$?listFiles@FsMan@fsman@@QAE?AV?$vector@V?$basic_string@DU?$char_traits@D@std@@V?$allocator@D@2@@std@@V?$allocator@V?$basic_string@DU?$char_traits@D@std@@V?$allocator@D@2@@std@@@2@@std@@ABV?$basic_string@DU?$char_traits@D@std@@V?$allocator@D@2@@4@@Z$0 100241f0 f    CIL library: CIL module
 0001:00023212       __unwindfunclet$?listFiles@FsMan@fsman@@QAE?AV?$vector@V?$basic_string@DU?$char_traits@D@std@@V?$allocator@D@2@@std@@V?$allocator@V?$basic_string@DU?$char_traits@D@std@@V?$allocator@D@2@@std@@@2@@std@@ABV?$basic_string@DU?$char_traits@D@std@@V?$allocator@D@2@@4@@Z$1 10024212 f    CIL library: CIL module
 0001:0002321d       __unwindfunclet$?listFiles@FsMan@fsman@@QAE?AV?$vector@V?$basic_string@DU?$char_traits@D@std@@V?$allocator@D@2@@std@@V?$allocator@V?$basic_string@DU?$char_traits@D@std@@V?$allocator@D@2@@std@@@2@@std@@ABV?$basic_string@DU?$char_traits@D@std@@V?$allocator@D@2@@4@@Z$3 1002421d f    CIL library: CIL module
 0001:0002323f       __unwindfunclet$?listFiles@FsMan@fsman@@QAE?AV?$vector@V?$basic_string@DU?$char_traits@D@std@@V?$allocator@D@2@@std@@V?$allocator@V?$basic_string@DU?$char_traits@D@std@@V?$allocator@D@2@@std@@@2@@std@@ABV?$basic_string@DU?$char_traits@D@std@@V?$allocator@D@2@@4@@Z$4 1002423f f    CIL library: CIL module
 0001:0002324a       __unwindfunclet$?listFiles@FsMan@fsman@@QAE?AV?$vector@V?$basic_string@DU?$char_traits@D@std@@V?$allocator@D@2@@std@@V?$allocator@V?$basic_string@DU?$char_traits@D@std@@V?$allocator@D@2@@std@@@2@@std@@ABV?$basic_string@DU?$char_traits@D@std@@V?$allocator@D@2@@4@@Z$5 1002424a f    CIL library: CIL module
 0001:0002326c       __unwindfunclet$?listFiles@FsMan@fsman@@QAE?AV?$vector@V?$basic_string@DU?$char_traits@D@std@@V?$allocator@D@2@@std@@V?$allocator@V?$basic_string@DU?$char_traits@D@std@@V?$allocator@D@2@@std@@@2@@std@@ABV?$basic_string@DU?$char_traits@D@std@@V?$allocator@D@2@@4@@Z$6 1002426c f    CIL library: CIL module
 0001:00023277       __ehhandler$?listFiles@FsMan@fsman@@QAE?AV?$vector@V?$basic_string@DU?$char_traits@D@std@@V?$allocator@D@2@@std@@V?$allocator@V?$basic_string@DU?$char_traits@D@std@@V?$allocator@D@2@@std@@@2@@std@@ABV?$basic_string@DU?$char_traits@D@std@@V?$allocator@D@2@@4@@Z 10024277 f    CIL library: CIL module
 0001:000232b0       __unwindfunclet$?listDirectories@FsMan@fsman@@QAE?AV?$vector@V?$basic_string@DU?$char_traits@D@std@@V?$allocator@D@2@@std@@V?$allocator@V?$basic_string@DU?$char_traits@D@std@@V?$allocator@D@2@@std@@@2@@std@@XZ$0 100242b0 f    CIL library: CIL module
 0001:000232d2       __unwindfunclet$?listDirectories@FsMan@fsman@@QAE?AV?$vector@V?$basic_string@DU?$char_traits@D@std@@V?$allocator@D@2@@std@@V?$allocator@V?$basic_string@DU?$char_traits@D@std@@V?$allocator@D@2@@std@@@2@@std@@XZ$2 100242d2 f    CIL library: CIL module
 0001:000232dd       __unwindfunclet$?listDirectories@FsMan@fsman@@QAE?AV?$vector@V?$basic_string@DU?$char_traits@D@std@@V?$allocator@D@2@@std@@V?$allocator@V?$basic_string@DU?$char_traits@D@std@@V?$allocator@D@2@@std@@@2@@std@@XZ$3 100242dd f    CIL library: CIL module
 0001:000232ff       __unwindfunclet$?listDirectories@FsMan@fsman@@QAE?AV?$vector@V?$basic_string@DU?$char_traits@D@std@@V?$allocator@D@2@@std@@V?$allocator@V?$basic_string@DU?$char_traits@D@std@@V?$allocator@D@2@@std@@@2@@std@@XZ$4 100242ff f    CIL library: CIL module
 0001:0002330a       __unwindfunclet$?listDirectories@FsMan@fsman@@QAE?AV?$vector@V?$basic_string@DU?$char_traits@D@std@@V?$allocator@D@2@@std@@V?$allocator@V?$basic_string@DU?$char_traits@D@std@@V?$allocator@D@2@@std@@@2@@std@@XZ$5 1002430a f    CIL library: CIL module
 0001:0002332c       __unwindfunclet$?listDirectories@FsMan@fsman@@QAE?AV?$vector@V?$basic_string@DU?$char_traits@D@std@@V?$allocator@D@2@@std@@V?$allocator@V?$basic_string@DU?$char_traits@D@std@@V?$allocator@D@2@@std@@@2@@std@@XZ$6 1002432c f    CIL library: CIL module
 0001:00023337       __ehhandler$?listDirectories@FsMan@fsman@@QAE?AV?$vector@V?$basic_string@DU?$char_traits@D@std@@V?$allocator@D@2@@std@@V?$allocator@V?$basic_string@DU?$char_traits@D@std@@V?$allocator@D@2@@std@@@2@@std@@XZ 10024337 f    CIL library: CIL module
 0001:00023370       __unwindfunclet$?expandFilePath@FsMan@fsman@@QAE?AV?$basic_string@DU?$char_traits@D@std@@V?$allocator@D@2@@std@@ABV34@@Z$0 10024370 f    CIL library: CIL module
 0001:00023389       __unwindfunclet$?expandFilePath@FsMan@fsman@@QAE?AV?$basic_string@DU?$char_traits@D@std@@V?$allocator@D@2@@std@@ABV34@@Z$1 10024389 f    CIL library: CIL module
 0001:000233a2       __ehhandler$?expandFilePath@FsMan@fsman@@QAE?AV?$basic_string@DU?$char_traits@D@std@@V?$allocator@D@2@@std@@ABV34@@Z 100243a2 f    CIL library: CIL module
 0001:000233c0       __unwindfunclet$??0FsMan@fsman@@QAE@ABV?$basic_string@DU?$char_traits@D@std@@V?$allocator@D@2@@std@@@Z$0 100243c0 f    CIL library: CIL module
 0001:000233c8       __unwindfunclet$??0FsMan@fsman@@QAE@ABV?$basic_string@DU?$char_traits@D@std@@V?$allocator@D@2@@std@@@Z$1 100243c8 f    CIL library: CIL module
 0001:000233d0       __ehhandler$??0FsMan@fsman@@QAE@ABV?$basic_string@DU?$char_traits@D@std@@V?$allocator@D@2@@std@@@Z 100243d0 f    CIL library: CIL module
 0001:000233f0       __unwindfunclet$?NewDlg_ChooseFile_Rebuild@@YGHPAV_CustomDlg_@@@Z$0 100243f0 f    CIL library: CIL module
 0001:000233f8       __unwindfunclet$?NewDlg_ChooseFile_Rebuild@@YGHPAV_CustomDlg_@@@Z$1 100243f8 f    CIL library: CIL module
 0001:00023400       __unwindfunclet$?NewDlg_ChooseFile_Rebuild@@YGHPAV_CustomDlg_@@@Z$2 10024400 f    CIL library: CIL module
 0001:00023408       __unwindfunclet$?NewDlg_ChooseFile_Rebuild@@YGHPAV_CustomDlg_@@@Z$5 10024408 f    CIL library: CIL module
 0001:00023410       __unwindfunclet$?NewDlg_ChooseFile_Rebuild@@YGHPAV_CustomDlg_@@@Z$7 10024410 f    CIL library: CIL module
 0001:0002341b       __unwindfunclet$?NewDlg_ChooseFile_Rebuild@@YGHPAV_CustomDlg_@@@Z$8 1002441b f    CIL library: CIL module
 0001:00023426       __unwindfunclet$?NewDlg_ChooseFile_Rebuild@@YGHPAV_CustomDlg_@@@Z$9 10024426 f    CIL library: CIL module
 0001:0002342e       __unwindfunclet$?NewDlg_ChooseFile_Rebuild@@YGHPAV_CustomDlg_@@@Z$10 1002442e f    CIL library: CIL module
 0001:00023439       __ehhandler$?NewDlg_ChooseFile_Rebuild@@YGHPAV_CustomDlg_@@@Z 10024439 f    CIL library: CIL module
 0001:00023470       __unwindfunclet$?NewDlg_ChooseFile_ScrollProc@@YIXHPAV_CustomDlg_@@@Z$1 10024470 f    CIL library: CIL module
 0001:00023478       __unwindfunclet$?NewDlg_ChooseFile_ScrollProc@@YIXHPAV_CustomDlg_@@@Z$3 10024478 f    CIL library: CIL module
 0001:00023483       __unwindfunclet$?NewDlg_ChooseFile_ScrollProc@@YIXHPAV_CustomDlg_@@@Z$4 10024483 f    CIL library: CIL module
 0001:0002348e       __unwindfunclet$?NewDlg_ChooseFile_ScrollProc@@YIXHPAV_CustomDlg_@@@Z$5 1002448e f    CIL library: CIL module
 0001:00023496       __unwindfunclet$?NewDlg_ChooseFile_ScrollProc@@YIXHPAV_CustomDlg_@@@Z$6 10024496 f    CIL library: CIL module
 0001:0002349e       __ehhandler$?NewDlg_ChooseFile_ScrollProc@@YIXHPAV_CustomDlg_@@@Z 1002449e f    CIL library: CIL module
 0001:000234c0       __unwindfunclet$?changeDirectory@FsMan@fsman@@QAE_NABV?$basic_string@DU?$char_traits@D@std@@V?$allocator@D@2@@std@@@Z$0 100244c0 f    CIL library: CIL module
 0001:000234c8       __ehhandler$?changeDirectory@FsMan@fsman@@QAE_NABV?$basic_string@DU?$char_traits@D@std@@V?$allocator@D@2@@std@@@Z 100244c8 f    CIL library: CIL module
 0001:000234f0       __unwindfunclet$?NewDlg_ChooseFile_JumpRootFolder@@YAHPAV_CustomDlg_@@@Z$0 100244f0 f    CIL library: CIL module
 0001:000234fb       __ehhandler$?NewDlg_ChooseFile_JumpRootFolder@@YAHPAV_CustomDlg_@@@Z 100244fb f    CIL library: CIL module
 0001:00023530       __unwindfunclet$?NewDlg_ChooseFile_ChangeDirectory@@YAHPAV_CustomDlg_@@PAD@Z$0 10024530 f    CIL library: CIL module
 0001:00023538       __ehhandler$?NewDlg_ChooseFile_ChangeDirectory@@YAHPAV_CustomDlg_@@PAD@Z 10024538 f    CIL library: CIL module
 0001:00023560       __unwindfunclet$?NewDlg_ChooseFile_FolderIn@@YAHPAV_CustomDlg_@@@Z$1 10024560 f    CIL library: CIL module
 0001:00023568       __ehhandler$?NewDlg_ChooseFile_FolderIn@@YAHPAV_CustomDlg_@@@Z 10024568 f    CIL library: CIL module
 0001:00023590       __unwindfunclet$?NewDlg_ChooseFile_FolderOut@@YAHPAV_CustomDlg_@@@Z$0 10024590 f    CIL library: CIL module
 0001:00023598       __unwindfunclet$?NewDlg_ChooseFile_FolderOut@@YAHPAV_CustomDlg_@@@Z$2 10024598 f    CIL library: CIL module
 0001:000235a0       __ehhandler$?NewDlg_ChooseFile_FolderOut@@YAHPAV_CustomDlg_@@@Z 100245a0 f    CIL library: CIL module
 0001:000235d0       __unwindfunclet$?NewDlg_ChooseFile_Proc@@YGHPAV_CustomDlg_@@PAU_DlgMsg_@@@Z$0 100245d0 f    CIL library: CIL module
 0001:000235d8       __ehhandler$?NewDlg_ChooseFile_Proc@@YGHPAV_CustomDlg_@@PAU_DlgMsg_@@@Z 100245d8 f    CIL library: CIL module
 0001:00023600       __unwindfunclet$?NewDlg_ChooseFile@@YGHPAU_ChooseFile_@@@Z$0 10024600 f    CIL library: CIL module
 0001:00023608       __unwindfunclet$?NewDlg_ChooseFile@@YGHPAU_ChooseFile_@@@Z$1 10024608 f    CIL library: CIL module
 0001:00023610       __ehhandler$?NewDlg_ChooseFile@@YGHPAU_ChooseFile_@@@Z 10024610 f    CIL library: CIL module
 0001:00023640       __unwindfunclet$?NewDlg_ChooseFile_Prepare@@YAHPAU_ChooseFile_@@@Z$0 10024640 f    CIL library: CIL module
 0001:0002364b       __unwindfunclet$?NewDlg_ChooseFile_Prepare@@YAHPAU_ChooseFile_@@@Z$1 1002464b f    CIL library: CIL module
 0001:00023653       __unwindfunclet$?NewDlg_ChooseFile_Prepare@@YAHPAU_ChooseFile_@@@Z$2 10024653 f    CIL library: CIL module
 0001:0002365b       __unwindfunclet$?NewDlg_ChooseFile_Prepare@@YAHPAU_ChooseFile_@@@Z$3 1002465b f    CIL library: CIL module
 0001:00023663       __ehhandler$?NewDlg_ChooseFile_Prepare@@YAHPAU_ChooseFile_@@@Z 10024663 f    CIL library: CIL module
 0001:00023691       ??__Fnomem@?5???2@YAPAXI@Z@YAXXZ 10024691 f   LIBCMT:new.obj
