 wog native dialogs

 Timestamp is 5db81b3a (Tue Oct 29 13:58:02 2019)

 Preferred load address is 10000000

 Start         Length     Name                   Class
 0001:00000000 00016dbcH .text                   CODE
 0001:00016dc0 00000000H .text$x                 CODE
 0001:00016dc0 00000000H .text$yd                CODE
 0002:00000000 00000118H .idata$5                DATA
 0002:00000118 00000004H .CRT$XCA                DATA
 0002:0000011c 00000004H .CRT$XCZ                DATA
 0002:00000120 00000004H .CRT$XIA                DATA
 0002:00000124 00000010H .CRT$XIC                DATA
 0002:00000134 00000004H .CRT$XIZ                DATA
 0002:00000138 00000004H .CRT$XPA                DATA
 0002:0000013c 00000004H .CRT$XPX                DATA
 0002:00000140 00000004H .CRT$XPXA               DATA
 0002:00000144 00000004H .CRT$XPZ                DATA
 0002:00000148 00000004H .CRT$XTA                DATA
 0002:0000014c 00000004H .CRT$XTZ                DATA
 0002:00000150 00002018H .rdata                  DATA
 0002:00002168 00000069H .rdata$debug            DATA
 0002:000021d4 00000000H .rdata$r                DATA
 0002:000021e0 0000000cH .rdata$sxdata           DATA
 0002:000021ec 00000004H .rtc$IAA                DATA
 0002:000021f0 00000004H .rtc$IZZ                DATA
 0002:000021f4 00000004H .rtc$TAA                DATA
 0002:000021f8 00000004H .rtc$TZZ                DATA
 0002:00002200 000003d4H .xdata$x                DATA
 0002:000025d4 00000014H .idata$2                DATA
 0002:000025e8 00000014H .idata$3                DATA
 0002:000025fc 00000118H .idata$4                DATA
 0002:00002714 000004faH .idata$6                DATA
 0002:00002c0e 00000000H .edata                  DATA
 0003:00000000 00001268H .data                   DATA
 0003:00001280 00001d38H .bss                    DATA

  Address         Publics by Value              Rva+Base       Lib:Object

 0000:00000000       __except_list              00000000     <absolute>
 0000:00000003       ___safe_se_handler_count   00000003     <absolute>
 0000:00000000       ___ImageBase               10000000     <linker-defined>
 0001:00000000       ?WriteCodePatch@PatcherInstance@@QAAPAVPatch@@IPADZZ 10001000 f i wog native dialogs.obj
 0001:00000020       ?Redraw@_Dlg_@@QAEXXZ      10001020 f i wog native dialogs.obj
 0001:00000040       ?Create@_DlgStaticDef_@@SAPAU1@HHHPADHHH@Z 10001040 f i wog native dialogs.obj
 0001:000000a0       ?Create@_DlgButton_@@SAPAU1@HHHPADHHHH@Z 100010a0 f i wog native dialogs.obj
 0001:000000f0       ?b_MsgBox@@YAHPADH@Z       100010f0 f i wog native dialogs.obj
 0001:00000120       ?b_MsgBoxD@@YAHPADHHH@Z    10001120 f i wog native dialogs.obj
 0001:00000160       ?Get_ITxtExp@@YAPADH@Z     10001160 f i wog native dialogs.obj
 0001:00000180       ?Set_DlgBackground_RK@@YAHPAV_CustomDlg_@@HH@Z 10001180 f   wog native dialogs.obj
 0001:00000760       ?b_MsgBoxAndDef@@YAXPADH0@Z 10001760 f   wog native dialogs.obj
 0001:00000990       ?b_MsgBoxBig@@YAXPADD@Z    10001990 f   wog native dialogs.obj
 0001:00000ad0       ?e_ClickSound@@YAXXZ       10001ad0 f i wog native dialogs.obj
 0001:00000b20       ?ConnectEra@Era@@YAXXZ     10001b20 f   wog native dialogs.obj
 0001:00000e20       ?Y_New_CommanderDlg_Proc@@YGHPAV_CustomDlg_@@PAU_DlgMsg_@@@Z 10001e20 f   wog native dialogs.obj
 0001:000015e0       ?Y_Dlg_NPC_Show@@YGHPAVHiHook@@PAU_DlgNPC_@@@Z 100025e0 f   wog native dialogs.obj
 0001:00002c80       ?Y_Dlg_NPC_Prepare@@YGXPAVHiHook@@PAU_Npc_@@HHH@Z 10003c80 f   wog native dialogs.obj
 0001:00002cc0       ?Y_Dlg_NPC_ShowAgain_IfGetArtHero@@YGHPAVLoHook@@PAUHookContext@@@Z 10003cc0 f   wog native dialogs.obj
 0001:00002ce0       ?New_Dlg_ExpaMon_Case8@@YAHH@Z 10003ce0 f   wog native dialogs.obj
 0001:00003620       ?New_Dlg_ExpaMon_BannerDlg_Proc@@YGHPAV_CustomDlg_@@PAU_DlgMsg_@@@Z 10004620 f   wog native dialogs.obj
 0001:000036f0       ?New_Dlg_ExpaMon_BannerDlg@@YAHXZ 100046f0 f   wog native dialogs.obj
 0001:00003b10       ?New_Dlg_ExpaMon_Proc@@YGHPAV_CustomDlg_@@PAU_DlgMsg_@@@Z 10004b10 f   wog native dialogs.obj
 0001:00003f80       ?New_Dlg_ExpaMon@@YAHHHHI@Z 10004f80 f   wog native dialogs.obj
 0001:00004bc0       ?Y_ChangeBmp_To_DefFrame@@YAHXZ 10005bc0 f   wog native dialogs.obj
 0001:00005e30       ?New_Dlg_IF_G_Proc@@YGHPAV_CustomDlg_@@PAU_DlgMsg_@@@Z 10006e30 f   wog native dialogs.obj
 0001:00005f70       ?New_Dlg_IF_G@@YAHHHHHH@Z  10006f70 f   wog native dialogs.obj
 0001:000063a0       ?Dlg_ChooseMonAttack_Proc@@YGHPAV_CustomDlg_@@PAU_DlgMsg_@@@Z 100073a0 f   wog native dialogs.obj
 0001:000063e0       ?Dlg_ChooseMonAttack@@YGHPAVHiHook@@HHH@Z 100073e0 f   wog native dialogs.obj
 0001:000066e0       ?Redraw_WoGDlgSetup_ElemOnPage@@YAHPAV_CustomDlg_@@PAU_DlgSetup_@@H@Z 100076e0 f   wog native dialogs.obj
 0001:000068d0       ?ShowHide_WoGDlgSetup_ElemOnPage@@YAHPAV_CustomDlg_@@HPAU_DlgSetup_@@H@Z 100078d0 f   wog native dialogs.obj
 0001:00006ac0       ?Create_WoGDlgSetup_ElemOnPage@@YAHPAV_CustomDlg_@@HPAU_DlgSetup_@@@Z 10007ac0 f   wog native dialogs.obj
 0001:00006eb0       ?setYellowFrames@@YAXPAV_CustomDlg_@@H@Z 10007eb0 f   wog native dialogs.obj
 0001:00007a10       ?Dlg_WoG_Options_Proc@@YGHPAV_CustomDlg_@@PAU_DlgMsg_@@@Z 10008a10 f   wog native dialogs.obj
 0001:00008110       ?Dlg_WoG_Options_Show@@YGXPAVHiHook@@H@Z 10009110 f   wog native dialogs.obj
 0001:000085f0       ?Dlg_ChooseCastleReBuild_Proc@@YGHPAV_CustomDlg_@@PAU_DlgMsg_@@@Z 100095f0 f   wog native dialogs.obj
 0001:00008730       ?Dlg_ChooseCastleReBuild@@YGHPAVHiHook@@HH@Z 10009730 f   wog native dialogs.obj
 0001:00008a20       ?Y_WoGDlg_ChooseArt_Proc@@YGHPAV_CustomDlg_@@PAU_DlgMsg_@@@Z 10009a20 f   wog native dialogs.obj
 0001:00008d10       ?Y_WoGDlg_ChooseArt@@YGHPAVHiHook@@HPAU_Hero_@@H@Z 10009d10 f   wog native dialogs.obj
 0001:00009390       ?Y_WoGCurseDlg_Proc@@YGHPAV_CustomDlg_@@PAU_DlgMsg_@@@Z 1000a390 f   wog native dialogs.obj
 0001:00009490       ?Y_WoGCurseDlg_Show@@YGHPAVLoHook@@PAUHookContext@@@Z 1000a490 f   wog native dialogs.obj
 0001:00009830       ?New_Dlg_ExpaMon_Lo@@YGHPAVLoHook@@PAUHookContext@@@Z 1000a830 f   wog native dialogs.obj
 0001:00009870       ?New_Dlg_ExpaMon_Lo_IsBattle@@YGHPAVLoHook@@PAUHookContext@@@Z 1000a870 f   wog native dialogs.obj
 0001:00009890       ?New_Dlg_ExpaMon_NULL@@YGHPAVLoHook@@PAUHookContext@@@Z 1000a890 f   wog native dialogs.obj
 0001:000098a0       ?New_Dlg_IF_G_Lo@@YGHPAVLoHook@@PAUHookContext@@@Z 1000a8a0 f   wog native dialogs.obj
 0001:000098e0       ?getAIValue_NPC@@YA_JH@Z   1000a8e0 f   wog native dialogs.obj
 0001:000099c0       ?get_AIValue_Hook@@YG_JPAVHiHook@@H@Z 1000a9c0 f   wog native dialogs.obj
 0001:00009a10       ?get_AIValue_And_NPC_Error@@YGHPAVLoHook@@PAUHookContext@@@Z 1000aa10 f   wog native dialogs.obj
 0001:00009a20       ?get_Fight_Value_Hook@@YGHPAVLoHook@@PAUHookContext@@@Z 1000aa20 f   wog native dialogs.obj
 0001:00009a50       ?Y_DlgTown_Proc@@YGDPAVHiHook@@PAU_TownMgr_@@PAU_DlgMsg_@@@Z 1000aa50 f   wog native dialogs.obj
 0001:00009bd0       ?Y_Dlg_HeroesMeet@@YGHPAVLoHook@@PAUHookContext@@@Z 1000abd0 f   wog native dialogs.obj
 0001:00009c00       ?Y_Battle_SetHintAttackWillKilled@@YGHPAVLoHook@@PAUHookContext@@@Z 1000ac00 f   wog native dialogs.obj
 0001:00009d90       ?Y_Battle_SetHintAttackGetDamage@@YGHPAVLoHook@@PAUHookContext@@@Z 1000ad90 f   wog native dialogs.obj
 0001:00009db0       ?Y_HeroDlg_Create@@YGPAV_CustomDlg_@@PAVHiHook@@PAV1@@Z 1000adb0 f   wog native dialogs.obj
 0001:00009e10       ?Y_HeroDlg_Proc@@YGHPAVHiHook@@PAV_CustomDlg_@@PAU_DlgMsg_@@@Z 1000ae10 f   wog native dialogs.obj
 0001:00009f60       ?Y_NewScenarioDlg_Proc@@YGHPAVHiHook@@PAV_CustomDlg_@@PAU_DlgMsg_@@@Z 1000af60 f   wog native dialogs.obj
 0001:00009fb0       ?Y_NewScenarioDlg_Create@@YGXPAVHiHook@@PAU_NewScenarioDlg_@@H@Z 1000afb0 f   wog native dialogs.obj
 0001:0000a060       ?Y_Dlg_HeroLvlUp_Proc@@YGHPAVHiHook@@HPAU_DlgMsg_@@@Z 1000b060 f   wog native dialogs.obj
 0001:0000a140       ?Y_Lo_Dlg_HeroLvlUp_Create@@YGHPAVLoHook@@PAUHookContext@@@Z 1000b140 f   wog native dialogs.obj
 0001:0000a160       ?b_MsgBox_Proc@@YGHPAVHiHook@@PAU_DlgMsg_@@@Z 1000b160 f   wog native dialogs.obj
 0001:0000a210       ?Y_Dlg_Recuit_Proc@@YGHPAVHiHook@@PAU_Struct_@@PAU_DlgMsg_@@@Z 1000b210 f   wog native dialogs.obj
 0001:0000a2a0       ?Y_Dlg_Recuit_Create@@YGHPAVHiHook@@PAU_Struct_@@H@Z 1000b2a0 f   wog native dialogs.obj
 0001:0000a310       ?Y_DlgMainMenu_Proc@@YGHPAVHiHook@@PAU_DlgMsg_@@@Z 1000b310 f   wog native dialogs.obj
 0001:0000a4e0       ?Y_BATTLE_Proc@@YGHPAVHiHook@@PAU_BattleMgr_@@PAU_DlgMsg_@@@Z 1000b4e0 f   wog native dialogs.obj
 0001:0000a5a0       ?Y_EndBattle@@YGHPAVLoHook@@PAUHookContext@@@Z 1000b5a0 f   wog native dialogs.obj
 0001:0000a5d0       ?Y_Dlg_MainMenu_Create@@YGHPAVHiHook@@PAU_Dlg_@@@Z 1000b5d0 f   wog native dialogs.obj
 0001:0000a670       ?StartHD5Functions@@YAXXZ  1000b670 f   wog native dialogs.obj
 0001:0000a790       ?Y_LoadAllTXTinGames@@YGHPAVLoHook@@PAUHookContext@@@Z 1000b790 f   wog native dialogs.obj
 0001:0000a7c0       ?Y_Hook_MainLoop@@YGHPAVLoHook@@PAUHookContext@@@Z 1000b7c0 f   wog native dialogs.obj
 0001:0000a9b0       _DllMain@12                1000b9b0 f   wog native dialogs.obj
 0001:0000ae70       ??$VarValue@H@Patcher@@QAEAAHPAD@Z 1000be70 f i wog native dialogs.obj
 0001:0000aeb0       ?RedrawScreen@_DlgItem_@@QAEXXZ 1000beb0 f   HoMM3_GUI.obj
 0001:0000aee0       ?Create@_CustomDlg_@@SAPAV1@HHHHIP6GHPAV1@PAU_DlgMsg_@@@Z@Z 1000bee0 f   HoMM3_GUI.obj
 0001:0000af60       ?DlgProcBridge@_CustomDlg_@@SIHPAV1@IPAU_DlgMsg_@@@Z 1000bf60 f   HoMM3_GUI.obj
 0001:0000af79       @__security_check_cookie@4 1000bf79 f   LIBCMT:secchk.obj
 0001:0000af88       _sprintf                   1000bf88 f   LIBCMT:sprintf.obj
 0001:0000b005       _free                      1000c005 f   LIBCMT:free.obj
 0001:0000b093       __initp_misc_invarg        1000c093 f   LIBCMT:invarg.obj
 0001:0000b0a2       __invoke_watson            1000c0a2 f   LIBCMT:invarg.obj
 0001:0000b1ca       __invalid_parameter        1000c1ca f   LIBCMT:invarg.obj
 0001:0000b1f0       __CRT_INIT@12              1000c1f0 f   LIBCMT:dllcrt0.obj
 0001:0000b41b       __DllMainCRTStartup@12     1000c41b f   LIBCMT:dllcrt0.obj
 0001:0000b440       _strlen                    1000c440 f   LIBCMT:strlen.obj
 0001:0000b4cb       ?_CallMemberFunction0@@YGXPAX0@Z 1000c4cb f   LIBCMT:_trnsctrl_.obj
 0001:0000b4d2       ___report_gsfailure        1000c4d2 f   LIBCMT:gs_report.obj
 0001:0000b5e0       _memmove                   1000c5e0 f   LIBCMT:memmove.obj
 0001:0000b945       __get_errno_from_oserr     1000c945 f   LIBCMT:dosmap.obj
 0001:0000b987       __errno                    1000c987 f   LIBCMT:dosmap.obj
 0001:0000b99a       ___doserrno                1000c99a f   LIBCMT:dosmap.obj
 0001:0000b9ad       __dosmaperr                1000c9ad f   LIBCMT:dosmap.obj
 0001:0000b9d0       __flsbuf                   1000c9d0 f   LIBCMT:_flsbuf.obj
 0001:0000bb34       ??0_LocaleUpdate@@QAE@PAUlocaleinfo_struct@@@Z 1000cb34 f i LIBCMT:output.obj
 0001:0000bc61       __output_l                 1000cc61 f   LIBCMT:output.obj
 0001:0000c7f9       _strcpy_s                  1000d7f9 f   LIBCMT:strcpy_s.obj
 0001:0000c861       _V6_HeapAlloc              1000d861 f   LIBCMT:malloc.obj
 0001:0000c8b0       _malloc                    1000d8b0 f   LIBCMT:malloc.obj
 0001:0000c97a       __heap_init                1000d97a f   LIBCMT:heapinit.obj
 0001:0000c9aa       __heap_term                1000d9aa f   LIBCMT:heapinit.obj
 0001:0000ca1e       __mtinitlocks              1000da1e f   LIBCMT:mlock.obj
 0001:0000ca69       __mtdeletelocks            1000da69 f   LIBCMT:mlock.obj
 0001:0000cac0       __unlock                   1000dac0 f   LIBCMT:mlock.obj
 0001:0000cad7       __mtinitlocknum            1000dad7 f   LIBCMT:mlock.obj
 0001:0000cb9a       __lock                     1000db9a f   LIBCMT:mlock.obj
 0001:0000cbcd       ___sbh_find_block          1000dbcd f   LIBCMT:sbheap.obj
 0001:0000cbfd       ___sbh_free_block          1000dbfd f   LIBCMT:sbheap.obj
 0001:0000cf13       ___sbh_alloc_new_region    1000df13 f   LIBCMT:sbheap.obj
 0001:0000cfc3       ___sbh_alloc_new_group     1000dfc3 f   LIBCMT:sbheap.obj
 0001:0000d0cb       ___sbh_resize_block        1000e0cb f   LIBCMT:sbheap.obj
 0001:0000d3ac       ___sbh_alloc_block         1000e3ac f   LIBCMT:sbheap.obj
 0001:0000d694       __SEH_prolog4              1000e694 f   LIBCMT:sehprolg4.obj
 0001:0000d6d9       __SEH_epilog4              1000e6d9 f   LIBCMT:sehprolg4.obj
 0001:0000d6f0       __except_handler4          1000e6f0 f   LIBCMT:chandler4.obj
 0001:0000d87c       __crt_debugger_hook        1000e87c f   LIBCMT:dbghook.obj
 0001:0000d890       _memset                    1000e890 f   LIBCMT:memset.obj
 0001:0000d90a       __encode_pointer           1000e90a f   LIBCMT:tidtable.obj
 0001:0000d97c       __encoded_null             1000e97c f   LIBCMT:tidtable.obj
 0001:0000d985       __decode_pointer           1000e985 f   LIBCMT:tidtable.obj
 0001:0000d9f7       ___crtTlsAlloc@4           1000e9f7 f   LIBCMT:tidtable.obj
 0001:0000da00       ___set_flsgetvalue         1000ea00 f   LIBCMT:tidtable.obj
 0001:0000da34       __mtterm                   1000ea34 f   LIBCMT:tidtable.obj
 0001:0000da71       __initptd                  1000ea71 f   LIBCMT:tidtable.obj
 0001:0000db58       __getptd_noexit            1000eb58 f   LIBCMT:tidtable.obj
 0001:0000dbd1       __getptd                   1000ebd1 f   LIBCMT:tidtable.obj
 0001:0000dbeb       __freefls@4                1000ebeb f   LIBCMT:tidtable.obj
 0001:0000dd1a       __freeptd                  1000ed1a f   LIBCMT:tidtable.obj
 0001:0000dd88       __mtinit                   1000ed88 f   LIBCMT:tidtable.obj
 0001:0000df20       _memcpy                    1000ef20 f   LIBCMT:memcpy.obj
 0001:0000e290       _strcmp                    1000f290 f   LIBCMT:strcmp.obj
 0001:0000e3d2       ___onexitinit              1000f3d2 f   LIBCMT:onexit.obj
 0001:0000e403       __onexit                   1000f403 f   LIBCMT:onexit.obj
 0001:0000e43f       _atexit                    1000f43f f   LIBCMT:onexit.obj
 0001:0000e456       __initp_heap_handler       1000f456 f   LIBCMT:handler.obj
 0001:0000e465       __callnewh                 1000f465 f   LIBCMT:handler.obj
 0001:0000e48d       __malloc_crt               1000f48d f   LIBCMT:crtheap.obj
 0001:0000e4d2       __calloc_crt               1000f4d2 f   LIBCMT:crtheap.obj
 0001:0000e51e       __realloc_crt              1000f51e f   LIBCMT:crtheap.obj
 0001:0000e56c       __crt_waiting_on_module_handle 1000f56c f   LIBCMT:crt0dat.obj
 0001:0000e59c       __amsg_exit                1000f59c f   LIBCMT:crt0dat.obj
 0001:0000e5c5       ___crtCorExitProcess       1000f5c5 f   LIBCMT:crt0dat.obj
 0001:0000e5f0       ___crtExitProcess          1000f5f0 f   LIBCMT:crt0dat.obj
 0001:0000e608       __lockexit                 1000f608 f   LIBCMT:crt0dat.obj
 0001:0000e611       __unlockexit               1000f611 f   LIBCMT:crt0dat.obj
 0001:0000e637       __initterm_e               1000f637 f   LIBCMT:crt0dat.obj
 0001:0000e65b       __cinit                    1000f65b f   LIBCMT:crt0dat.obj
 0001:0000e80c       __exit                     1000f80c f   LIBCMT:crt0dat.obj
 0001:0000e822       __cexit                    1000f822 f   LIBCMT:crt0dat.obj
 0001:0000e831       __init_pointers            1000f831 f   LIBCMT:crt0dat.obj
 0001:0000e87f       __ioinit                   1000f87f f   LIBCMT:ioinit.obj
 0001:0000ead3       __ioterm                   1000fad3 f   LIBCMT:ioinit.obj
 0001:0000eb21       __setenvp                  1000fb21 f   LIBCMT:stdenvp.obj
 0001:0000ed99       __setargv                  1000fd99 f   LIBCMT:stdargv.obj
 0001:0000ee54       ___crtGetEnvironmentStringsA 1000fe54 f   LIBCMT:a_env.obj
 0001:0000ef8b       __RTC_Initialize           1000ff8b f   LIBCMT:_initsect_.obj
 0001:0000efb1       __RTC_Terminate            1000ffb1 f   LIBCMT:_initsect_.obj
 0001:0000efd7       __fpclear                  1000ffd7 f   LIBCMT:_fpinit_.obj
 0001:0000efd7       __initp_misc_winxfltr      1000ffd7 f   LIBCMT:winxfltr.obj
 0001:0000efd8       __XcptFilter               1000ffd8 f   LIBCMT:winxfltr.obj
 0001:0000f138       ___CppXcptFilter           10010138 f   LIBCMT:winxfltr.obj
 0001:0000f158       ___security_init_cookie    10010158 f   LIBCMT:gs_support.obj
 0001:0000f1ee       ___DestructExceptionObject 100101ee f   LIBCMT:frame.obj
 0001:0000f243       ?terminate@@YAXXZ          10010243 f   LIBCMT:hooks.obj
 0001:0000f27c       __initp_eh_hooks           1001027c f   LIBCMT:hooks.obj
 0001:0000f290       __CallSettingFrame@12      10010290 f   LIBCMT:lowhelpr.obj
 0001:0000f2b7       __NLG_Return               100102b7     LIBCMT:lowhelpr.obj
 0001:0000f363       __VEC_memcpy               10010363 f   LIBCMT:p4_memcpy.obj
 0001:0000f496       __get_sse2_info            10010496 f   LIBCMT:cpu_disp.obj
 0001:0000f4f8       ___sse2_available_init     100104f8 f   LIBCMT:cpu_disp.obj
 0001:0000f505       __lseeki64_nolock          10010505 f   LIBCMT:lseeki64.obj
 0001:0000f58a       __lseeki64                 1001058a f   LIBCMT:lseeki64.obj
 0001:0000f6a3       __write_nolock             100106a3 f   LIBCMT:write.obj
 0001:0000fdd6       __write                    10010dd6 f   LIBCMT:write.obj
 0001:0000feb2       __getbuf                   10010eb2 f   LIBCMT:_getbuf.obj
 0001:0000fefb       __isatty                   10010efb f   LIBCMT:isatty.obj
 0001:0000ff5f       ___iob_func                10010f5f f   LIBCMT:_file.obj
 0001:0000ff65       ___initstdio               10010f65 f   LIBCMT:_file.obj
 0001:00010016       ___endstdio                10011016 f   LIBCMT:_file.obj
 0001:00010036       __lock_file                10011036 f   LIBCMT:_file.obj
 0001:00010077       __lock_file2               10011077 f   LIBCMT:_file.obj
 0001:000100a9       __unlock_file              100110a9 f   LIBCMT:_file.obj
 0001:000100e5       __unlock_file2             100110e5 f   LIBCMT:_file.obj
 0001:00010114       __fileno                   10011114 f   LIBCMT:fileno.obj
 0001:0001036c       ___updatetmbcinfo          1001136c f   LIBCMT:mbctype.obj
 0001:0001048c       __setmbcp_nolock           1001148c f   LIBCMT:mbctype.obj
 0001:00010671       __setmbcp                  10011671 f   LIBCMT:mbctype.obj
 0001:0001080b       ___initmbctable            1001180b f   LIBCMT:mbctype.obj
 0001:00010829       ___freetlocinfo            10011829 f   LIBCMT:setlocal.obj
 0001:00010972       ___addlocaleref            10011972 f   LIBCMT:setlocal.obj
 0001:00010a01       ___removelocaleref         10011a01 f   LIBCMT:setlocal.obj
 0001:00010ad8       ___updatetlocinfo          10011ad8 f   LIBCMT:setlocal.obj
 0001:00010b4e       __initp_misc_cfltcvt_tab   10011b4e f   LIBCMT:cmiscdat.obj
 0001:00010b6f       __get_printf_count_output  10011b6f f   LIBCMT:printf.obj
 0001:00010b85       __wctomb_s_l               10011b85 f   LIBCMT:wctomb.obj
 0001:00010cf1       _wctomb_s                  10011cf1 f   LIBCMT:wctomb.obj
 0001:00010d0e       __isleadbyte_l             10011d0e f i LIBCMT:_wctype.obj
 0001:00010d46       _isleadbyte                10011d46 f i LIBCMT:_wctype.obj
 0001:00010d60       __aulldvrm                 10011d60 f   LIBCMT:ulldvrm.obj
 0001:00010df5       __NMSG_WRITE               10011df5 f   LIBCMT:crt0msg.obj
 0001:00010fa0       __FF_MSGBANNER             10011fa0 f   LIBCMT:crt0msg.obj
 0001:00010fd9       __initp_misc_initcrit      10011fd9 f   LIBCMT:initcrit.obj
 0001:00010fe8       ___crtInitCritSecAndSpinCount 10011fe8 f   LIBCMT:initcrit.obj
 0001:00011048       __local_unwind4            10012048 f   LIBCMT:exsup4.obj
 0001:0001111e       __seh_longjmp_unwind4@4    1001211e f   LIBCMT:exsup4.obj
 0001:0001113a       @_EH4_CallFilterFunc@8     1001213a f   LIBCMT:exsup4.obj
 0001:00011151       @_EH4_TransferToHandler@8  10012151 f   LIBCMT:exsup4.obj
 0001:0001116a       @_EH4_GlobalUnwind@4       1001216a f   LIBCMT:exsup4.obj
 0001:00011184       @_EH4_LocalUnwind@16       10012184 f   LIBCMT:exsup4.obj
 0001:000111a0       __ValidateImageBase        100121a0 f   LIBCMT:pesect.obj
 0001:000111e0       __FindPESection            100121e0 f   LIBCMT:pesect.obj
 0001:00011230       __IsNonwritableInCurrentImage 10012230 f   LIBCMT:pesect.obj
 0001:00011344       __VEC_memzero              10012344 f   LIBCMT:p4_memset.obj
 0001:000113d3       __msize                    100123d3 f   LIBCMT:msize.obj
 0001:00011476       __calloc_impl              10012476 f   LIBCMT:calloc_impl.obj
 0001:00011594       _realloc                   10012594 f   LIBCMT:realloc.obj
 0001:000117af       __initp_misc_winsig        100127af f   LIBCMT:winsig.obj
 0001:00011804       ___get_sigabrt             10012804 f   LIBCMT:winsig.obj
 0001:00011811       _raise                     10012811 f   LIBCMT:winsig.obj
 0001:000119c1       __initp_misc_rand_s        100129c1 f   LIBCMT:rand_s.obj
 0001:000119d0       __initp_misc_purevirt      100129d0 f   LIBCMT:inithelp.obj
 0001:00011a32       __ismbblead                10012a32 f   LIBCMT:ismbbyte.obj
 0001:00011a4a       _abort                     10012a4a f   LIBCMT:abort.obj
 0001:00011b64       __global_unwind2           10012b64 f   LIBCMT:exsup.obj
 0001:00011bc9       __local_unwind2            10012bc9 f   LIBCMT:exsup.obj
 0001:00011c4d       __abnormal_termination     10012c4d f   LIBCMT:exsup.obj
 0001:00011c70       __NLG_Notify1              10012c70 f   LIBCMT:exsup.obj
 0001:00011c79       __NLG_Notify               10012c79 f   LIBCMT:exsup.obj
 0001:00011c90       __NLG_Dispatch             10012c90     LIBCMT:exsup.obj
 0001:00011c90       __NLG_Dispatch2            10012c90     LIBCMT:exsup.obj
 0001:00011c98       __NLG_Call                 10012c98 f   LIBCMT:exsup.obj
 0001:00011c9a       __NLG_Return2              10012c9a     LIBCMT:exsup.obj
 0001:00011c9b       __free_osfhnd              10012c9b f   LIBCMT:osfinfo.obj
 0001:00011d21       __get_osfhandle            10012d21 f   LIBCMT:osfinfo.obj
 0001:00011d98       ___lock_fhandle            10012d98 f   LIBCMT:osfinfo.obj
 0001:00011e38       __unlock_fhandle           10012e38 f   LIBCMT:osfinfo.obj
 0001:00011e5f       __putwch_nolock            10012e5f f   LIBCMT:putwch.obj
 0001:00011f24       __mbtowc_l                 10012f24 f   LIBCMT:mbtowc.obj
 0001:0001203b       _mbtowc                    1001303b f   LIBCMT:mbtowc.obj
 0001:00012060       __chkstk                   10013060 f   LIBCMT:chkstk.obj
 0001:00012060       __alloca_probe             10013060     LIBCMT:chkstk.obj
 0001:0001208b       __fcloseall                1001308b f   LIBCMT:closeall.obj
 0001:0001212a       __flush                    1001312a f   LIBCMT:fflush.obj
 0001:00012192       __fflush_nolock            10013192 f   LIBCMT:fflush.obj
 0001:000122b4       __flushall                 100132b4 f   LIBCMT:fflush.obj
 0001:000122bd       __freea                    100132bd f i LIBCMT:a_map.obj
 0001:00012682       ___crtLCMapStringA         10013682 f   LIBCMT:a_map.obj
 0001:00012881       ___crtGetStringTypeA       10013881 f   LIBCMT:a_str.obj
 0001:000128c3       ___free_lc_time            100138c3 f   LIBCMT:inittime.obj
 0001:00012a58       ___free_lconv_num          10013a58 f   LIBCMT:initnum.obj
 0001:00012a9d       ___free_lconv_mon          10013a9d f   LIBCMT:initmon.obj
 0001:00012b2b       _strcat_s                  10013b2b f   LIBCMT:strcat_s.obj
 0001:00012ba0       _strcspn                   10013ba0 f   LIBCMT:strcspn.obj
 0001:00012be6       _strncpy_s                 10013be6 f   LIBCMT:strncpy_s.obj
 0001:00012ca0       _strpbrk                   10013ca0 f   LIBCMT:strpbrk.obj
 0001:00012ce0       __fptrap                   10013ce0 f   LIBCMT:crt0fp.obj
 0001:00012f18       _strtol                    10013f18 f   LIBCMT:strtol.obj
 0001:00012f44       ___crtMessageBoxA          10013f44 f   LIBCMT:crtmbox.obj
 0001:000130ad       __set_error_mode           100140ad f   LIBCMT:errmode.obj
 0001:00013100       __allmul                   10014100 f   LIBCMT:llmul.obj
 0001:00013134       _atol                      10014134 f   LIBCMT:atox.obj
 0001:0001314a       __isdigit_l                1001414a f i LIBCMT:_ctype.obj
 0001:0001319b       _isdigit                   1001419b f i LIBCMT:_ctype.obj
 0001:000131c9       ___initconout              100141c9 f   LIBCMT:initcon.obj
 0001:000131e8       ___termcon                 100141e8 f   LIBCMT:initcon.obj
 0001:00013215       __fclose_nolock            10014215 f   LIBCMT:fclose.obj
 0001:0001328c       _fclose                    1001428c f   LIBCMT:fclose.obj
 0001:00013308       __commit                   10014308 f   LIBCMT:commit.obj
 0001:000133e9       ___ansicp                  100143e9 f   LIBCMT:convrtcp.obj
 0001:00013432       ___convertcp               10014432 f   LIBCMT:convrtcp.obj
 0001:000135f0       __alloca_probe_16          100145f0 f   LIBCMT:alloca16.obj
 0001:00013606       __alloca_probe_8           10014606     LIBCMT:alloca16.obj
 0001:0001361c       __isctype_l                1001461c f   LIBCMT:isctype.obj
 0001:000136d4       __close_nolock             100146d4 f   LIBCMT:close.obj
 0001:00013770       __close                    10014770 f   LIBCMT:close.obj
 0001:0001383d       __freebuf                  1001483d f   LIBCMT:_freebuf.obj
 0001:0001386e       __tolower_l                1001486e f   LIBCMT:tolower.obj
 0001:00013983       _tolower                   10014983 f   LIBCMT:tolower.obj
 0001:000139b0       ___ascii_strnicmp          100149b0 f   LIBCMT:_strnicm.obj
 0001:00013a30       _strchr                    10014a30 f   LIBCMT:strchr.obj
 0001:00013a36       ___from_strstr_to_strchr   10014a36     LIBCMT:strchr.obj
 0001:00013aee       _RtlUnwind@16              10014aee f   kernel32:KERNEL32.dll
 0001:00013af4       __cfltcvt_init             10014af4 f   LIBCMT:_fpinit_.obj
 0001:00013b54       __fpmath                   10014b54 f   LIBCMT:_fpinit_.obj
 0001:00013b80       __ftol2_sse                10014b80 f   LIBCMT:ftol2.obj
 0001:00013b89       __ftol2_pentium4           10014b89 f   LIBCMT:ftol2.obj
 0001:00013b9c       __ftol2_sse_excpt          10014b9c f   LIBCMT:ftol2.obj
 0001:00013bb6       __ftol2                    10014bb6 f   LIBCMT:ftol2.obj
 0001:00013c2b       __forcdecpt_l              10014c2b f   LIBCMT:cvt.obj
 0001:00013c9e       __cropzeros_l              10014c9e f   LIBCMT:cvt.obj
 0001:00013d20       __positive                 10014d20 f   LIBCMT:cvt.obj
 0001:00013d3c       __fassign_l                10014d3c f   LIBCMT:cvt.obj
 0001:00013d7e       __fassign                  10014d7e f   LIBCMT:cvt.obj
 0001:00013db7       __forcdecpt                10014db7 f   LIBCMT:cvt.obj
 0001:00013dca       __cropzeros                10014dca f   LIBCMT:cvt.obj
 0001:00013f4c       __cftoe_l                  10014f4c f   LIBCMT:cvt.obj
 0001:0001401c       __cftoe                    1001501c f   LIBCMT:cvt.obj
 0001:0001403c       __cftoa_l                  1001503c f   LIBCMT:cvt.obj
 0001:000144a6       __cftof_l                  100154a6 f   LIBCMT:cvt.obj
 0001:00014561       __cftog_l                  10015561 f   LIBCMT:cvt.obj
 0001:0001465b       __cfltcvt_l                1001565b f   LIBCMT:cvt.obj
 0001:000146e3       __cfltcvt                  100156e3 f   LIBCMT:cvt.obj
 0001:00014706       __setdefaultprecision      10015706 f   LIBCMT:fp8.obj
 0001:00014731       __ms_p5_test_fdiv          10015731 f   LIBCMT:_testfdiv_.obj
 0001:0001476f       __ms_p5_mp_test_fdiv       1001576f f   LIBCMT:_testfdiv_.obj
 0001:000147a0       _strrchr                   100157a0 f   LIBCMT:strrchr.obj
 0001:000147cd       __atodbl_l                 100157cd f   LIBCMT:atodbl.obj
 0001:00014875       __atoflt_l                 10015875 f   LIBCMT:atodbl.obj
 0001:0001491d       __fptostr                  1001591d f   LIBCMT:_fptostr.obj
 0001:000149dc       ___dtold                   100159dc f   LIBCMT:_cfout_.obj
 0001:00014a99       __fltout2                  10015a99 f   LIBCMT:_cfout_.obj
 0001:00014b30       __alldvrm                  10015b30 f   LIBCMT:lldvrm.obj
 0001:00014c10       __aullshr                  10015c10 f   LIBCMT:ullshr.obj
 0001:00014c2f       __controlfp_s              10015c2f f   LIBCMT:_contrlfp_.obj
 0001:00014c9b       __ld12tod                  10015c9b f   LIBCMT:_intrncvt_.obj
 0001:000151df       __ld12tof                  100161df f   LIBCMT:_intrncvt_.obj
 0001:00015723       ___strgtold12_l            10016723 f   LIBCMT:_strgtold_.obj
 0001:00015e1b       _$I10_OUTPUT               10016e1b f   LIBCMT:_x10fout_.obj
 0001:0001686d       __control87                1001786d f i LIBCMT:_ieee87_.obj
 0001:00016b7c       ___mtold12                 10017b7c f   LIBCMT:_mantold_.obj
 0001:00016d4a       ___set_fpsr_sse2           10017d4a f   LIBCMT:_fpctrl_.obj
 0002:00000000       __imp__GetProcAddress@8    10018000     kernel32:KERNEL32.dll
 0002:00000004       __imp__LoadLibraryA@4      10018004     kernel32:KERNEL32.dll
 0002:00000008       __imp__CreateFileA@28      10018008     kernel32:KERNEL32.dll
 0002:0000000c       __imp__SetFilePointer@16   1001800c     kernel32:KERNEL32.dll
 0002:00000010       __imp__CloseHandle@4       10018010     kernel32:KERNEL32.dll
 0002:00000014       __imp__GetLastError@0      10018014     kernel32:KERNEL32.dll
 0002:00000018       __imp__HeapFree@12         10018018     kernel32:KERNEL32.dll
 0002:0000001c       __imp__TerminateProcess@8  1001801c     kernel32:KERNEL32.dll
 0002:00000020       __imp__GetCurrentProcess@0 10018020     kernel32:KERNEL32.dll
 0002:00000024       __imp__UnhandledExceptionFilter@4 10018024     kernel32:KERNEL32.dll
 0002:00000028       __imp__SetUnhandledExceptionFilter@4 10018028     kernel32:KERNEL32.dll
 0002:0000002c       __imp__IsDebuggerPresent@0 1001802c     kernel32:KERNEL32.dll
 0002:00000030       __imp__GetCurrentThreadId@0 10018030     kernel32:KERNEL32.dll
 0002:00000034       __imp__GetCommandLineA@0   10018034     kernel32:KERNEL32.dll
 0002:00000038       __imp__RtlUnwind@16        10018038     kernel32:KERNEL32.dll
 0002:0000003c       __imp__HeapAlloc@12        1001803c     kernel32:KERNEL32.dll
 0002:00000040       __imp__HeapCreate@12       10018040     kernel32:KERNEL32.dll
 0002:00000044       __imp__HeapDestroy@4       10018044     kernel32:KERNEL32.dll
 0002:00000048       __imp__VirtualFree@12      10018048     kernel32:KERNEL32.dll
 0002:0000004c       __imp__DeleteCriticalSection@4 1001804c     kernel32:KERNEL32.dll
 0002:00000050       __imp__LeaveCriticalSection@4 10018050     kernel32:KERNEL32.dll
 0002:00000054       __imp__EnterCriticalSection@4 10018054     kernel32:KERNEL32.dll
 0002:00000058       __imp__VirtualAlloc@16     10018058     kernel32:KERNEL32.dll
 0002:0000005c       __imp__HeapReAlloc@16      1001805c     kernel32:KERNEL32.dll
 0002:00000060       __imp__GetModuleHandleW@4  10018060     kernel32:KERNEL32.dll
 0002:00000064       __imp__TlsGetValue@4       10018064     kernel32:KERNEL32.dll
 0002:00000068       __imp__TlsAlloc@0          10018068     kernel32:KERNEL32.dll
 0002:0000006c       __imp__TlsSetValue@8       1001806c     kernel32:KERNEL32.dll
 0002:00000070       __imp__TlsFree@4           10018070     kernel32:KERNEL32.dll
 0002:00000074       __imp__InterlockedIncrement@4 10018074     kernel32:KERNEL32.dll
 0002:00000078       __imp__SetLastError@4      10018078     kernel32:KERNEL32.dll
 0002:0000007c       __imp__InterlockedDecrement@4 1001807c     kernel32:KERNEL32.dll
 0002:00000080       __imp__Sleep@4             10018080     kernel32:KERNEL32.dll
 0002:00000084       __imp__ExitProcess@4       10018084     kernel32:KERNEL32.dll
 0002:00000088       __imp__SetHandleCount@4    10018088     kernel32:KERNEL32.dll
 0002:0000008c       __imp__GetStdHandle@4      1001808c     kernel32:KERNEL32.dll
 0002:00000090       __imp__GetFileType@4       10018090     kernel32:KERNEL32.dll
 0002:00000094       __imp__GetStartupInfoA@4   10018094     kernel32:KERNEL32.dll
 0002:00000098       __imp__GetModuleFileNameA@12 10018098     kernel32:KERNEL32.dll
 0002:0000009c       __imp__FreeEnvironmentStringsA@4 1001809c     kernel32:KERNEL32.dll
 0002:000000a0       __imp__GetEnvironmentStrings@0 100180a0     kernel32:KERNEL32.dll
 0002:000000a4       __imp__FreeEnvironmentStringsW@4 100180a4     kernel32:KERNEL32.dll
 0002:000000a8       __imp__WideCharToMultiByte@32 100180a8     kernel32:KERNEL32.dll
 0002:000000ac       __imp__GetEnvironmentStringsW@0 100180ac     kernel32:KERNEL32.dll
 0002:000000b0       __imp__QueryPerformanceCounter@4 100180b0     kernel32:KERNEL32.dll
 0002:000000b4       __imp__GetTickCount@0      100180b4     kernel32:KERNEL32.dll
 0002:000000b8       __imp__GetCurrentProcessId@0 100180b8     kernel32:KERNEL32.dll
 0002:000000bc       __imp__GetSystemTimeAsFileTime@4 100180bc     kernel32:KERNEL32.dll
 0002:000000c0       __imp__WriteFile@20        100180c0     kernel32:KERNEL32.dll
 0002:000000c4       __imp__GetConsoleCP@0      100180c4     kernel32:KERNEL32.dll
 0002:000000c8       __imp__GetConsoleMode@8    100180c8     kernel32:KERNEL32.dll
 0002:000000cc       __imp__GetCPInfo@8         100180cc     kernel32:KERNEL32.dll
 0002:000000d0       __imp__GetACP@0            100180d0     kernel32:KERNEL32.dll
 0002:000000d4       __imp__GetOEMCP@0          100180d4     kernel32:KERNEL32.dll
 0002:000000d8       __imp__IsValidCodePage@4   100180d8     kernel32:KERNEL32.dll
 0002:000000dc       __imp__InitializeCriticalSectionAndSpinCount@8 100180dc     kernel32:KERNEL32.dll
 0002:000000e0       __imp__HeapSize@12         100180e0     kernel32:KERNEL32.dll
 0002:000000e4       __imp__SetStdHandle@8      100180e4     kernel32:KERNEL32.dll
 0002:000000e8       __imp__WriteConsoleA@20    100180e8     kernel32:KERNEL32.dll
 0002:000000ec       __imp__GetConsoleOutputCP@0 100180ec     kernel32:KERNEL32.dll
 0002:000000f0       __imp__WriteConsoleW@20    100180f0     kernel32:KERNEL32.dll
 0002:000000f4       __imp__MultiByteToWideChar@24 100180f4     kernel32:KERNEL32.dll
 0002:000000f8       __imp__LCMapStringA@24     100180f8     kernel32:KERNEL32.dll
 0002:000000fc       __imp__LCMapStringW@24     100180fc     kernel32:KERNEL32.dll
 0002:00000100       __imp__GetStringTypeA@20   10018100     kernel32:KERNEL32.dll
 0002:00000104       __imp__GetStringTypeW@16   10018104     kernel32:KERNEL32.dll
 0002:00000108       __imp__GetLocaleInfoA@16   10018108     kernel32:KERNEL32.dll
 0002:0000010c       __imp__FlushFileBuffers@4  1001810c     kernel32:KERNEL32.dll
 0002:00000110       __imp__GetModuleHandleA@4  10018110     kernel32:KERNEL32.dll
 0002:00000114       \177KERNEL32_NULL_THUNK_DATA 10018114     kernel32:KERNEL32.dll
 0002:00000118       ___xc_a                    10018118     LIBCMT:crt0init.obj
 0002:0000011c       ___xc_z                    1001811c     LIBCMT:crt0init.obj
 0002:00000120       ___xi_a                    10018120     LIBCMT:crt0init.obj
 0002:00000134       ___xi_z                    10018134     LIBCMT:crt0init.obj
 0002:00000138       ___xp_a                    10018138     LIBCMT:crt0init.obj
 0002:00000144       ___xp_z                    10018144     LIBCMT:crt0init.obj
 0002:00000148       ___xt_a                    10018148     LIBCMT:crt0init.obj
 0002:0000014c       ___xt_z                    1001814c     LIBCMT:crt0init.obj
 0002:0000016c       __pDefaultRawDllMain       1001816c     LIBCMT:dllcrt0.obj
 0002:0000016c       __pRawDllMain              1001816c     LIBCMT:dllcrt0.obj
 0002:00000178       ??_C@_1O@CEDCILHN@?$AA?$CI?$AAn?$AAu?$AAl?$AAl?$AA?$CJ?$AA?$AA@ 10018178     LIBCMT:output.obj
 0002:00000188       ??_C@_06OJHGLDPL@?$CInull?$CJ?$AA@ 10018188     LIBCMT:output.obj
 0002:00000190       ___lookuptable             10018190     LIBCMT:output.obj
 0002:000001ec       ??_C@_0O@NLDKAIKN@EncodePointer?$AA@ 100181ec     LIBCMT:tidtable.obj
 0002:000001fc       ??_C@_1BK@DBDEIDLH@?$AAK?$AAE?$AAR?$AAN?$AAE?$AAL?$AA3?$AA2?$AA?4?$AAD?$AAL?$AAL?$AA?$AA@ 100181fc     LIBCMT:tidtable.obj
 0002:00000218       ??_C@_0O@KBPMFGHI@DecodePointer?$AA@ 10018218     LIBCMT:tidtable.obj
 0002:00000228       ??_C@_07PEJMOBNF@FlsFree?$AA@ 10018228     LIBCMT:tidtable.obj
 0002:00000230       ??_C@_0M@JCPCPOEF@FlsSetValue?$AA@ 10018230     LIBCMT:tidtable.obj
 0002:0000023c       ??_C@_0M@GDNOONDI@FlsGetValue?$AA@ 1001823c     LIBCMT:tidtable.obj
 0002:00000248       ??_C@_08KNHFBNJ@FlsAlloc?$AA@ 10018248     LIBCMT:tidtable.obj
 0002:00000254       ??_C@_0P@MIGLKIOC@CorExitProcess?$AA@ 10018254     LIBCMT:crt0dat.obj
 0002:00000264       ??_C@_1BI@BGOHAHKC@?$AAm?$AAs?$AAc?$AAo?$AAr?$AAe?$AAe?$AA?4?$AAd?$AAl?$AAl?$AA?$AA@ 10018264     LIBCMT:crt0dat.obj
 0002:00000280       __XcptActTab               10018280     LIBCMT:winxfltr.obj
 0002:000002f8       __pDestructExceptionObject 100182f8     LIBCMT:frame.obj
 0002:00000380       ??_C@_01NEMOKFLO@?$DN?$AA@ 10018380     LIBCMT:setlocal.obj
 0002:00000388       ___lookuptable_s           10018388     LIBCMT:outputs.obj
 0002:000003e4       ??_C@_0P@GGKDKEEG@runtime?5error?5?$AA@ 100183e4     LIBCMT:crt0msg.obj
 0002:000003f4       ??_C@_02PCIJFNDE@?$AN?6?$AA@ 100183f4     LIBCMT:crt0msg.obj
 0002:000003f8       ??_C@_0O@MJNIPGOH@TLOSS?5error?$AN?6?$AA@ 100183f8     LIBCMT:crt0msg.obj
 0002:00000408       ??_C@_0N@BONNPDHF@SING?5error?$AN?6?$AA@ 10018408     LIBCMT:crt0msg.obj
 0002:00000418       ??_C@_0P@MBDAJNE@DOMAIN?5error?$AN?6?$AA@ 10018418     LIBCMT:crt0msg.obj
 0002:00000428       ??_C@_0JL@DFDOOABL@R6034?$AN?6An?5application?5has?5made?5a@ 10018428     LIBCMT:crt0msg.obj
 0002:000004c8       ??_C@_0PH@EPAFIJ@R6033?$AN?6?9?5Attempt?5to?5use?5MSIL?5cod@ 100184c8     LIBCMT:crt0msg.obj
 0002:000005c0       ??_C@_0DD@BKEEABMM@R6032?$AN?6?9?5not?5enough?5space?5for?5lo@ 100185c0     LIBCMT:crt0msg.obj
 0002:000005f8       ??_C@_0GD@OFKILIED@R6031?$AN?6?9?5Attempt?5to?5initialize?5t@ 100185f8     LIBCMT:crt0msg.obj
 0002:0000065c       ??_C@_0BP@LPMHJOKI@R6030?$AN?6?9?5CRT?5not?5initialized?$AN?6?$AA@ 1001865c     LIBCMT:crt0msg.obj
 0002:0000067c       ??_C@_0CF@KJDAIALP@R6028?$AN?6?9?5unable?5to?5initialize?5he@ 1001867c     LIBCMT:crt0msg.obj
 0002:000006a4       ??_C@_0DF@GAKBPDFP@R6027?$AN?6?9?5not?5enough?5space?5for?5lo@ 100186a4     LIBCMT:crt0msg.obj
 0002:000006dc       ??_C@_0DF@IBLNNAIG@R6026?$AN?6?9?5not?5enough?5space?5for?5st@ 100186dc     LIBCMT:crt0msg.obj
 0002:00000714       ??_C@_0CG@IOHKGFNJ@R6025?$AN?6?9?5pure?5virtual?5function?5c@ 10018714     LIBCMT:crt0msg.obj
 0002:0000073c       ??_C@_0DF@JIJJFJDC@R6024?$AN?6?9?5not?5enough?5space?5for?5_o@ 1001873c     LIBCMT:crt0msg.obj
 0002:00000774       ??_C@_0CJ@EGEJHFME@R6019?$AN?6?9?5unable?5to?5open?5console?5@ 10018774     LIBCMT:crt0msg.obj
 0002:000007a0       ??_C@_0CB@GNHNIELH@R6018?$AN?6?9?5unexpected?5heap?5error?$AN?6@ 100187a0     LIBCMT:crt0msg.obj
 0002:000007c4       ??_C@_0CN@FOLDKNG@R6017?$AN?6?9?5unexpected?5multithread?5@ 100187c4     LIBCMT:crt0msg.obj
 0002:000007f4       ??_C@_0CM@FAHFJNHO@R6016?$AN?6?9?5not?5enough?5space?5for?5th@ 100187f4     LIBCMT:crt0msg.obj
 0002:00000820       ??_C@_0JG@LBKMGKLD@?$AN?6This?5application?5has?5requested@ 10018820     LIBCMT:crt0msg.obj
 0002:000008b8       ??_C@_0CM@FLCNIPKK@R6009?$AN?6?9?5not?5enough?5space?5for?5en@ 100188b8     LIBCMT:crt0msg.obj
 0002:000008e4       ??_C@_0CK@KMMJOAPP@R6008?$AN?6?9?5not?5enough?5space?5for?5ar@ 100188e4     LIBCMT:crt0msg.obj
 0002:00000910       ??_C@_0CN@LEKKICBM@R6002?$AN?6?9?5floating?5point?5support?5@ 10018910     LIBCMT:crt0msg.obj
 0002:00000940       ??_C@_0CF@GOGNBNAK@Microsoft?5Visual?5C?$CL?$CL?5Runtime?5Lib@ 10018940     LIBCMT:crt0msg.obj
 0002:00000968       ??_C@_02PHMGELLB@?6?6?$AA@ 10018968     LIBCMT:crt0msg.obj
 0002:0000096c       ??_C@_03KHICJKCI@?4?4?4?$AA@ 1001896c     LIBCMT:crt0msg.obj
 0002:00000970       ??_C@_0BH@DNAGHKFM@?$DMprogram?5name?5unknown?$DO?$AA@ 10018970     LIBCMT:crt0msg.obj
 0002:00000988       ??_C@_0BK@OFGJDLJJ@Runtime?5Error?$CB?6?6Program?3?5?$AA@ 10018988     LIBCMT:crt0msg.obj
 0002:000009a4       ??_C@_0BK@CFCOFLF@?5Complete?5Object?5Locator?8?$AA@ 100189a4     LIBCMT:undname.obj
 0002:000009c0       ??_C@_0BN@MECKDCOJ@?5Class?5Hierarchy?5Descriptor?8?$AA@ 100189c0     LIBCMT:undname.obj
 0002:000009e0       ??_C@_0BD@LGICGFMM@?5Base?5Class?5Array?8?$AA@ 100189e0     LIBCMT:undname.obj
 0002:000009f4       ??_C@_0BM@LDKODKLH@?5Base?5Class?5Descriptor?5at?5?$CI?$AA@ 100189f4     LIBCMT:undname.obj
 0002:00000a10       ??_C@_0BC@DAFEJGAK@?5Type?5Descriptor?8?$AA@ 10018a10     LIBCMT:undname.obj
 0002:00000a24       ??_C@_0BM@PMGGMLDN@?$GAlocal?5static?5thread?5guard?8?$AA@ 10018a24     LIBCMT:undname.obj
 0002:00000a40       ??_C@_0CL@FGIJHLCE@?$GAmanaged?5vector?5copy?5constructor@ 10018a40     LIBCMT:undname.obj
 0002:00000a6c       ??_C@_0CJ@GJELGAMM@?$GAvector?5vbase?5copy?5constructor?5i@ 10018a6c     LIBCMT:undname.obj
 0002:00000a98       ??_C@_0CD@CGAJBKEJ@?$GAvector?5copy?5constructor?5iterato@ 10018a98     LIBCMT:undname.obj
 0002:00000abc       ??_C@_0CB@PDBIFEP@?$GAdynamic?5atexit?5destructor?5for?5?8@ 10018abc     LIBCMT:undname.obj
 0002:00000ae0       ??_C@_0BL@CLIPGLGB@?$GAdynamic?5initializer?5for?5?8?$AA@ 10018ae0     LIBCMT:undname.obj
 0002:00000afc       ??_C@_0CM@FCBBDIGB@?$GAeh?5vector?5vbase?5copy?5constructo@ 10018afc     LIBCMT:undname.obj
 0002:00000b28       ??_C@_0CG@HLDDJMAG@?$GAeh?5vector?5copy?5constructor?5iter@ 10018b28     LIBCMT:undname.obj
 0002:00000b50       ??_C@_0CF@IMGKMJNO@?$GAmanaged?5vector?5destructor?5itera@ 10018b50     LIBCMT:undname.obj
 0002:00000b78       ??_C@_0CG@CFDHKGGD@?$GAmanaged?5vector?5constructor?5iter@ 10018b78     LIBCMT:undname.obj
 0002:00000ba0       ??_C@_0BN@CKNJLHMB@?$GAplacement?5delete?$FL?$FN?5closure?8?$AA@ 10018ba0     LIBCMT:undname.obj
 0002:00000bc0       ??_C@_0BL@CNOONJFP@?$GAplacement?5delete?5closure?8?$AA@ 10018bc0     LIBCMT:undname.obj
 0002:00000bdc       ??_C@_0P@HJKNJFNN@?$GAomni?5callsig?8?$AA@ 10018bdc     LIBCMT:undname.obj
 0002:00000bec       ??_C@_09LBNFPBCA@?5delete?$FL?$FN?$AA@ 10018bec     LIBCMT:undname.obj
 0002:00000bf8       ??_C@_06FHBGPFGH@?5new?$FL?$FN?$AA@ 10018bf8     LIBCMT:undname.obj
 0002:00000c00       ??_C@_0CE@IIHCMGGL@?$GAlocal?5vftable?5constructor?5closu@ 10018c00     LIBCMT:undname.obj
 0002:00000c24       ??_C@_0BA@KKLDJDLB@?$GAlocal?5vftable?8?$AA@ 10018c24     LIBCMT:undname.obj
 0002:00000c34       ??_C@_05KHLCHHI@?$GARTTI?$AA@ 10018c34     LIBCMT:undname.obj
 0002:00000c3c       ??_C@_03KLGMFNMG@?$GAEH?$AA@ 10018c3c     LIBCMT:undname.obj
 0002:00000c40       ??_C@_0BA@KBCDOMBN@?$GAudt?5returning?8?$AA@ 10018c40     LIBCMT:undname.obj
 0002:00000c50       ??_C@_0BL@LLKPOHJI@?$GAcopy?5constructor?5closure?8?$AA@ 10018c50     LIBCMT:undname.obj
 0002:00000c6c       ??_C@_0CH@OOJPLCPH@?$GAeh?5vector?5vbase?5constructor?5ite@ 10018c6c     LIBCMT:undname.obj
 0002:00000c94       ??_C@_0CA@GCEOPDGL@?$GAeh?5vector?5destructor?5iterator?8?$AA@ 10018c94     LIBCMT:undname.obj
 0002:00000cb4       ??_C@_0CB@JONCMFFK@?$GAeh?5vector?5constructor?5iterator?8@ 10018cb4     LIBCMT:undname.obj
 0002:00000cd8       ??_C@_0BL@NILFHHPC@?$GAvirtual?5displacement?5map?8?$AA@ 10018cd8     LIBCMT:undname.obj
 0002:00000cf4       ??_C@_0CE@IKBNEHA@?$GAvector?5vbase?5constructor?5iterat@ 10018cf4     LIBCMT:undname.obj
 0002:00000d18       ??_C@_0BN@LFPFMEDL@?$GAvector?5destructor?5iterator?8?$AA@ 10018d18     LIBCMT:undname.obj
 0002:00000d38       ??_C@_0BO@PFGOCPJJ@?$GAvector?5constructor?5iterator?8?$AA@ 10018d38     LIBCMT:undname.obj
 0002:00000d58       ??_C@_0BN@IMDCHIKM@?$GAscalar?5deleting?5destructor?8?$AA@ 10018d58     LIBCMT:undname.obj
 0002:00000d78       ??_C@_0BO@OBMKPJIG@?$GAdefault?5constructor?5closure?8?$AA@ 10018d78     LIBCMT:undname.obj
 0002:00000d98       ??_C@_0BN@DEGPLNFK@?$GAvector?5deleting?5destructor?8?$AA@ 10018d98     LIBCMT:undname.obj
 0002:00000db8       ??_C@_0BD@JDLKDPAB@?$GAvbase?5destructor?8?$AA@ 10018db8     LIBCMT:undname.obj
 0002:00000dcc       ??_C@_08OBABFOLI@?$GAstring?8?$AA@ 10018dcc     LIBCMT:undname.obj
 0002:00000dd8       ??_C@_0BF@KDPPACIK@?$GAlocal?5static?5guard?8?$AA@ 10018dd8     LIBCMT:undname.obj
 0002:00000df0       ??_C@_08LLFFHHDJ@?$GAtypeof?8?$AA@ 10018df0     LIBCMT:undname.obj
 0002:00000dfc       ??_C@_07FEEIOKP@?$GAvcall?8?$AA@ 10018dfc     LIBCMT:undname.obj
 0002:00000e04       ??_C@_09BLBHBJP@?$GAvbtable?8?$AA@ 10018e04     LIBCMT:undname.obj
 0002:00000e10       ??_C@_09IFPLHPGF@?$GAvftable?8?$AA@ 10018e10     LIBCMT:undname.obj
 0002:00000e1c       ??_C@_02MHEGNOJ@?$FO?$DN?$AA@ 10018e1c     LIBCMT:undname.obj
 0002:00000e20       ??_C@_02DHLNPPGH@?$HM?$DN?$AA@ 10018e20     LIBCMT:undname.obj
 0002:00000e24       ??_C@_02FGJGFEAB@?$CG?$DN?$AA@ 10018e24     LIBCMT:undname.obj
 0002:00000e28       ??_C@_03CDNPDDLA@?$DM?$DM?$DN?$AA@ 10018e28     LIBCMT:undname.obj
 0002:00000e2c       ??_C@_03IKFCCPFF@?$DO?$DO?$DN?$AA@ 10018e2c     LIBCMT:undname.obj
 0002:00000e30       ??_C@_02FENAOKFI@?$CF?$DN?$AA@ 10018e30     LIBCMT:undname.obj
 0002:00000e34       ??_C@_02FJEHGPIO@?1?$DN?$AA@ 10018e34     LIBCMT:undname.obj
 0002:00000e38       ??_C@_02FKMDLLOA@?9?$DN?$AA@ 10018e38     LIBCMT:undname.obj
 0002:00000e3c       ??_C@_02FOEOMHFC@?$CL?$DN?$AA@ 10018e3c     LIBCMT:undname.obj
 0002:00000e40       ??_C@_02FPIMKNGF@?$CK?$DN?$AA@ 10018e40     LIBCMT:undname.obj
 0002:00000e44       ??_C@_02NONPIBCD@?$HM?$HM?$AA@ 10018e44     LIBCMT:undname.obj
 0002:00000e48       ??_C@_02PPKAJPJL@?$CG?$CG?$AA@ 10018e48     LIBCMT:undname.obj
 0002:00000e4c       ??_C@_01DNKMNLPK@?$HM?$AA@ 10018e4c     LIBCMT:undname.obj
 0002:00000e50       ??_C@_01JKBOJNNK@?$FO?$AA@ 10018e50     LIBCMT:undname.obj
 0002:00000e54       ??_C@_01PJKLJHI@?$HO?$AA@  10018e54     LIBCMT:undname.obj
 0002:00000e58       ??_C@_02HCKGKOFO@?$CI?$CJ?$AA@ 10018e58     LIBCMT:undname.obj
 0002:00000e5c       ??_C@_01IHBHIGKO@?0?$AA@   10018e5c     LIBCMT:undname.obj
 0002:00000e60       ??_C@_02EEKDKGMJ@?$DO?$DN?$AA@ 10018e60     LIBCMT:undname.obj
 0002:00000e64       ??_C@_01PPODPGHN@?$DO?$AA@ 10018e64     LIBCMT:undname.obj
 0002:00000e68       ??_C@_02EHCHHCKH@?$DM?$DN?$AA@ 10018e68     LIBCMT:undname.obj
 0002:00000e6c       ??_C@_01MNNFJEPP@?$DM?$AA@ 10018e6c     LIBCMT:undname.obj
 0002:00000e70       ??_C@_01FGNFDNOH@?$CF?$AA@ 10018e70     LIBCMT:undname.obj
 0002:00000e74       ??_C@_01KMDKNFGN@?1?$AA@   10018e74     LIBCMT:undname.obj
 0002:00000e78       ??_C@_03MNHNFDLC@?9?$DO?$CK?$AA@ 10018e78     LIBCMT:undname.obj
 0002:00000e7c       ??_C@_01HNPIGOCE@?$CG?$AA@ 10018e7c     LIBCMT:undname.obj
 0002:00000e80       ??_C@_01MIFGBAGJ@?$CL?$AA@ 10018e80     LIBCMT:undname.obj
 0002:00000e84       ??_C@_01JOAMLHOP@?9?$AA@   10018e84     LIBCMT:undname.obj
 0002:00000e88       ??_C@_02BAABKJLB@?9?9?$AA@ 10018e88     LIBCMT:undname.obj
 0002:00000e8c       ??_C@_02ECNGHCIF@?$CL?$CL?$AA@ 10018e8c     LIBCMT:undname.obj
 0002:00000e90       ??_C@_01NBENCBCI@?$CK?$AA@ 10018e90     LIBCMT:undname.obj
 0002:00000e94       ??_C@_02HBOOOICD@?9?$DO?$AA@ 10018e94     LIBCMT:undname.obj
 0002:00000e98       ??_C@_08LHJFAFGD@operator?$AA@ 10018e98     LIBCMT:undname.obj
 0002:00000ea4       ??_C@_02GPECMEKF@?$FL?$FN?$AA@ 10018ea4     LIBCMT:undname.obj
 0002:00000ea8       ??_C@_02FDNJECIE@?$CB?$DN?$AA@ 10018ea8     LIBCMT:undname.obj
 0002:00000eac       ??_C@_02EGOFBIJA@?$DN?$DN?$AA@ 10018eac     LIBCMT:undname.obj
 0002:00000eb0       ??_C@_01DCLJPIOD@?$CB?$AA@ 10018eb0     LIBCMT:undname.obj
 0002:00000eb4       ??_C@_02FODMEDOG@?$DM?$DM?$AA@ 10018eb4     LIBCMT:undname.obj
 0002:00000eb8       ??_C@_02GPIOPFAK@?$DO?$DO?$AA@ 10018eb8     LIBCMT:undname.obj
 0002:00000ebc       ??_C@_07FPCDHGMM@?5delete?$AA@ 10018ebc     LIBCMT:undname.obj
 0002:00000ec4       ??_C@_04NIHEBCM@?5new?$AA@ 10018ec4     LIBCMT:undname.obj
 0002:00000ecc       ??_C@_0M@GFIIJFMG@__unaligned?$AA@ 10018ecc     LIBCMT:undname.obj
 0002:00000ed8       ??_C@_0L@PILCLIHE@__restrict?$AA@ 10018ed8     LIBCMT:undname.obj
 0002:00000ee4       ??_C@_07JOMMBBKO@__ptr64?$AA@ 10018ee4     LIBCMT:undname.obj
 0002:00000eec       ??_C@_09HIJEGCPM@__clrcall?$AA@ 10018eec     LIBCMT:undname.obj
 0002:00000ef8       ??_C@_0L@JMKHOMEK@__fastcall?$AA@ 10018ef8     LIBCMT:undname.obj
 0002:00000f04       ??_C@_0L@NPHFGOKO@__thiscall?$AA@ 10018f04     LIBCMT:undname.obj
 0002:00000f10       ??_C@_09IFJBGAPI@__stdcall?$AA@ 10018f10     LIBCMT:undname.obj
 0002:00000f1c       ??_C@_08GHMPAG@__pascal?$AA@ 10018f1c     LIBCMT:undname.obj
 0002:00000f28       ??_C@_07KOLFKCDI@__cdecl?$AA@ 10018f28     LIBCMT:undname.obj
 0002:00000f30       ??_C@_08EHJDFFNH@__based?$CI?$AA@ 10018f30     LIBCMT:undname.obj
 0002:000010c0       ??_C@_13NOLLCAOD@?$AA?$AA?$AA?$AA@ 100190c0     LIBCMT:a_map.obj
 0002:000010c8       ___newctype                100190c8     LIBCMT:ctype.obj
 0002:000013c8       __wctype                   100193c8     LIBCMT:ctype.obj
 0002:000015d0       ___newclmap                100195d0     LIBCMT:ctype.obj
 0002:00001750       ___newcumap                10019750     LIBCMT:ctype.obj
 0002:000018d0       ??_C@_08JCCMCCIL@HH?3mm?3ss?$AA@ 100198d0     LIBCMT:strftime.obj
 0002:000018dc       ??_C@_0BE@CKGJFCPC@dddd?0?5MMMM?5dd?0?5yyyy?$AA@ 100198dc     LIBCMT:strftime.obj
 0002:000018f0       ??_C@_08BPBNCDIB@MM?1dd?1yy?$AA@ 100198f0     LIBCMT:strftime.obj
 0002:000018fc       ??_C@_02CJNFDJBF@PM?$AA@   100198fc     LIBCMT:strftime.obj
 0002:00001900       ??_C@_02DEDBPAFC@AM?$AA@   10019900     LIBCMT:strftime.obj
 0002:00001904       ??_C@_08EDHMEBNP@December?$AA@ 10019904     LIBCMT:strftime.obj
 0002:00001910       ??_C@_08HCHEGEOA@November?$AA@ 10019910     LIBCMT:strftime.obj
 0002:0000191c       ??_C@_07JJNFCEND@October?$AA@ 1001991c     LIBCMT:strftime.obj
 0002:00001924       ??_C@_09BHHEALKD@September?$AA@ 10019924     LIBCMT:strftime.obj
 0002:00001930       ??_C@_06LBBHFDDG@August?$AA@ 10019930     LIBCMT:strftime.obj
 0002:00001938       ??_C@_04MIEPOIFP@July?$AA@ 10019938     LIBCMT:strftime.obj
 0002:00001940       ??_C@_04CNLMGBGM@June?$AA@ 10019940     LIBCMT:strftime.obj
 0002:00001948       ??_C@_05DMJDNLEJ@April?$AA@ 10019948     LIBCMT:strftime.obj
 0002:00001950       ??_C@_05HPCKOFNC@March?$AA@ 10019950     LIBCMT:strftime.obj
 0002:00001958       ??_C@_08GNJGEPFN@February?$AA@ 10019958     LIBCMT:strftime.obj
 0002:00001964       ??_C@_07CGJPFGJA@January?$AA@ 10019964     LIBCMT:strftime.obj
 0002:0000196c       ??_C@_03MKABNOCG@Dec?$AA@  1001996c     LIBCMT:strftime.obj
 0002:00001970       ??_C@_03JPJOFNIA@Nov?$AA@  10019970     LIBCMT:strftime.obj
 0002:00001974       ??_C@_03BMAOKBAD@Oct?$AA@  10019974     LIBCMT:strftime.obj
 0002:00001978       ??_C@_03GGCAPAJC@Sep?$AA@  10019978     LIBCMT:strftime.obj
 0002:0000197c       ??_C@_03IFJFEIGA@Aug?$AA@  1001997c     LIBCMT:strftime.obj
 0002:00001980       ??_C@_03LBGABGKK@Jul?$AA@  10019980     LIBCMT:strftime.obj
 0002:00001984       ??_C@_03IDFGHECI@Jun?$AA@  10019984     LIBCMT:strftime.obj
 0002:00001988       ??_C@_03CNMDKL@May?$AA@    10019988     LIBCMT:strftime.obj
 0002:0000198c       ??_C@_03LEOLGMJP@Apr?$AA@  1001998c     LIBCMT:strftime.obj
 0002:00001990       ??_C@_03ODNJBKGA@Mar?$AA@  10019990     LIBCMT:strftime.obj
 0002:00001994       ??_C@_03HJBDCHOM@Feb?$AA@  10019994     LIBCMT:strftime.obj
 0002:00001998       ??_C@_03JIHJHPIE@Jan?$AA@  10019998     LIBCMT:strftime.obj
 0002:0000199c       ??_C@_08INBOOONO@Saturday?$AA@ 1001999c     LIBCMT:strftime.obj
 0002:000019a8       ??_C@_06JECMNKMI@Friday?$AA@ 100199a8     LIBCMT:strftime.obj
 0002:000019b0       ??_C@_08HACCIKIA@Thursday?$AA@ 100199b0     LIBCMT:strftime.obj
 0002:000019bc       ??_C@_09DLIGFAKA@Wednesday?$AA@ 100199bc     LIBCMT:strftime.obj
 0002:000019c8       ??_C@_07BAAGCFCM@Tuesday?$AA@ 100199c8     LIBCMT:strftime.obj
 0002:000019d0       ??_C@_06JLEDEDGH@Monday?$AA@ 100199d0     LIBCMT:strftime.obj
 0002:000019d8       ??_C@_06OOPIFAJ@Sunday?$AA@ 100199d8     LIBCMT:strftime.obj
 0002:000019e0       ??_C@_03FEFJNEK@Sat?$AA@   100199e0     LIBCMT:strftime.obj
 0002:000019e4       ??_C@_03IDIOELNC@Fri?$AA@  100199e4     LIBCMT:strftime.obj
 0002:000019e8       ??_C@_03IOFIKPDN@Thu?$AA@  100199e8     LIBCMT:strftime.obj
 0002:000019ec       ??_C@_03MHOMLAJA@Wed?$AA@  100199ec     LIBCMT:strftime.obj
 0002:000019f0       ??_C@_03NAGEINEP@Tue?$AA@  100199f0     LIBCMT:strftime.obj
 0002:000019f4       ??_C@_03PDAGKDH@Mon?$AA@   100199f4     LIBCMT:strftime.obj
 0002:000019f8       ??_C@_03KOEHGMDN@Sun?$AA@  100199f8     LIBCMT:strftime.obj
 0002:000019fc       ??_C@_0BI@DFKBFLJE@GetProcessWindowStation?$AA@ 100199fc     LIBCMT:crtmbox.obj
 0002:00001a14       ??_C@_0BK@CIDNPOGP@GetUserObjectInformationA?$AA@ 10019a14     LIBCMT:crtmbox.obj
 0002:00001a30       ??_C@_0BD@HHGDFDBJ@GetLastActivePopup?$AA@ 10019a30     LIBCMT:crtmbox.obj
 0002:00001a44       ??_C@_0BA@HNOPNCHB@GetActiveWindow?$AA@ 10019a44     LIBCMT:crtmbox.obj
 0002:00001a54       ??_C@_0M@CHKKJDAI@MessageBoxA?$AA@ 10019a54     LIBCMT:crtmbox.obj
 0002:00001a60       ??_C@_0L@NDEGIDAG@USER32?4DLL?$AA@ 10019a60     LIBCMT:crtmbox.obj
 0002:00001a6c       ??_C@_07GPDNMNG@CONOUT$?$AA@ 10019a6c     LIBCMT:initcon.obj
 0002:00001a74       ___dnames                  10019a74     LIBCMT:timeset.obj
 0002:00001a8c       ___mnames                  10019a8c     LIBCMT:timeset.obj
 0002:00001ab4       ??_C@_0P@GHFPNOJB@bad?5allocation?$AA@ 10019ab4     wog native dialogs.obj
 0002:00001ac4       ??_C@_0BA@FDLNIKIG@patcher_x86?4dll?$AA@ 10019ac4     wog native dialogs.obj
 0002:00001ad4       ??_C@_0BB@CKHJKIEB@_GetPatcherX86?$EA0?$AA@ 10019ad4     wog native dialogs.obj
 0002:00001ae5       ??_C@_00CNPNBAHC@?$AA@     10019ae5     wog native dialogs.obj
 0002:00001ae8       ??_C@_02DPKJAMEF@?$CFd?$AA@ 10019ae8     wog native dialogs.obj
 0002:00001aec       ??_C@_0N@NGJLFBMI@DiBoxBck?4pcx?$AA@ 10019aec     wog native dialogs.obj
 0002:00001afc       ??_C@_0N@FGPGDOPK@dialgbox?4def?$AA@ 10019afc     wog native dialogs.obj
 0002:00001b0c       ??_C@_0N@ELNJEEMI@medfont2?4fnt?$AA@ 10019b0c     wog native dialogs.obj
 0002:00001b1c       ??_C@_09IIFHEAOO@angel?4dll?$AA@ 10019b1c     wog native dialogs.obj
 0002:00001b28       ??_C@_0M@BFOAAPGP@EventParams?$AA@ 10019b28     wog native dialogs.obj
 0002:00001b34       ??_C@_0BD@KPOAIKLJ@RestoreEventParams?$AA@ 10019b34     wog native dialogs.obj
 0002:00001b48       ??_C@_0BA@JJKLPBHG@SaveEventParams?$AA@ 10019b48     wog native dialogs.obj
 0002:00001b58       ??_C@_07PILJHEGK@era?4dll?$AA@ 10019b58     wog native dialogs.obj
 0002:00001b60       ??_C@_02EOEPPNBF@tr?$AA@   10019b60     wog native dialogs.obj
 0002:00001b64       ??_C@_07HCDNKGPA@ApiHook?$AA@ 10019b64     wog native dialogs.obj
 0002:00001b6c       ??_C@_0BB@NFICFMFA@ClearAllIniCache?$AA@ 10019b6c     wog native dialogs.obj
 0002:00001b80       ??_C@_0O@KHPPEFLJ@ClearIniCache?$AA@ 10019b80     wog native dialogs.obj
 0002:00001b90       ??_C@_0L@GHCNBJIK@ExecErmCmd?$AA@ 10019b90     wog native dialogs.obj
 0002:00001b9c       ??_C@_0L@BBNMEHJH@ExtractErm?$AA@ 10019b9c     wog native dialogs.obj
 0002:00001ba8       ??_C@_0L@CKILDBJC@FatalError?$AA@ 10019ba8     wog native dialogs.obj
 0002:00001bb4       ??_C@_0N@HFGMKLEN@FireErmEvent?$AA@ 10019bb4     wog native dialogs.obj
 0002:00001bc4       ??_C@_09GEAPPBGH@FireEvent?$AA@ 10019bc4     wog native dialogs.obj
 0002:00001bd0       ??_C@_0M@KJHFCLAP@GetButtonID?$AA@ 10019bd0     wog native dialogs.obj
 0002:00001bdc       ??_C@_0L@LNAOMCPJ@GetVersion?$AA@ 10019bdc     wog native dialogs.obj
 0002:00001be8       ??_C@_0N@CFMBLIKP@GetGameState?$AA@ 10019be8     wog native dialogs.obj
 0002:00001bf8       ??_C@_0M@LKIFOAN@GetRealAddr?$AA@ 10019bf8     wog native dialogs.obj
 0002:00001c04       ??_C@_0BD@DPCJBLFO@GlobalRedirectFile?$AA@ 10019c04     wog native dialogs.obj
 0002:00001c18       ??_C@_04PHJJMCEO@Hook?$AA@ 10019c18     wog native dialogs.obj
 0002:00001c20       ??_C@_08EBPIACBO@HookCode?$AA@ 10019c20     wog native dialogs.obj
 0002:00001c2c       ??_C@_0BB@PHLEIINC@LoadImageAsPcx16?$AA@ 10019c2c     wog native dialogs.obj
 0002:00001c40       ??_C@_07GDNFNLKF@LoadTxt?$AA@ 10019c40     wog native dialogs.obj
 0002:00001c48       ??_C@_07FLCNLLL@MemFree?$AA@ 10019c48     wog native dialogs.obj
 0002:00001c50       ??_C@_09PIKCKENJ@NameColor?$AA@ 10019c50     wog native dialogs.obj
 0002:00001c5c       ??_C@_0M@LNHBMGFH@NotifyError?$AA@ 10019c5c     wog native dialogs.obj
 0002:00001c68       ??_C@_0M@PLEJCMGM@PatchExists?$AA@ 10019c68     wog native dialogs.obj
 0002:00001c74       ??_C@_0N@BGLGOOMO@PluginExists?$AA@ 10019c74     wog native dialogs.obj
 0002:00001c84       ??_C@_0BE@CIDOCKGN@ReadSavegameSection?$AA@ 10019c84     wog native dialogs.obj
 0002:00001c98       ??_C@_0P@CCLIEMKP@ReadStrFromIni?$AA@ 10019c98     wog native dialogs.obj
 0002:00001ca8       ??_C@_09IJJOFFNH@RecallAPI?$AA@ 10019ca8     wog native dialogs.obj
 0002:00001cb4       ??_C@_0N@EADKAOLK@RedirectFile?$AA@ 10019cb4     wog native dialogs.obj
 0002:00001cc4       ??_C@_0BE@OJOEEMJD@RedirectMemoryBlock?$AA@ 10019cc4     wog native dialogs.obj
 0002:00001cd8       ??_C@_0BA@BCNGHKCC@RegisterHandler?$AA@ 10019cd8     wog native dialogs.obj
 0002:00001ce8       ??_C@_09MJCMIAEG@ReloadErm?$AA@ 10019ce8     wog native dialogs.obj
 0002:00001cf4       ??_C@_0BE@JBKGKCON@ReportPluginVersion?$AA@ 10019cf4     wog native dialogs.obj
 0002:00001d08       ??_C@_07PAHGKEHA@SaveIni?$AA@ 10019d08     wog native dialogs.obj
 0002:00001d10       ??_C@_06DDHLBGDE@Splice?$AA@ 10019d10     wog native dialogs.obj
 0002:00001d18       ??_C@_0M@CLLMHKFF@WriteAtCode?$AA@ 10019d18     wog native dialogs.obj
 0002:00001d24       ??_C@_0BF@HMHBLPO@WriteSavegameSection?$AA@ 10019d24     wog native dialogs.obj
 0002:00001d3c       ??_C@_0O@POMBDOKD@WriteStrToIni?$AA@ 10019d3c     wog native dialogs.obj
 0002:00001d4c       ??_C@_05DIALNFFA@?$CFs?5?$CFd?$AA@ 10019d4c     wog native dialogs.obj
 0002:00001d54       ??_C@_05DNIIFBMG@?$CFs?5?$CFs?$AA@ 10019d54     wog native dialogs.obj
 0002:00001d5c       ??_C@_0L@FIDKBHJC@?$CFs?5?$CFd?5?$CI?$CFd?$CJ?$AA@ 10019d5c     wog native dialogs.obj
 0002:00001d68       ??_C@_0L@JDILLOGP@?$CFs?5?$CFd?5?9?5?$CFd?$AA@ 10019d68     wog native dialogs.obj
 0002:00001d74       ??_C@_07JKHHBHOI@?$CFs?5?$CFd?$CF?$CF?$AA@ 10019d74     wog native dialogs.obj
 0002:00001d7c       ??_C@_0N@NPKKJJND@Dlg_NPC1?4def?$AA@ 10019d7c     wog native dialogs.obj
 0002:00001d8c       ??_C@_0N@FJDOOLHN@Dlg_NPC2?4def?$AA@ 10019d8c     wog native dialogs.obj
 0002:00001d9c       ??_C@_0N@JCGCDINI@Dlg_NPC3?4def?$AA@ 10019d9c     wog native dialogs.obj
 0002:00001dac       ??_C@_06GNDJBPCO@?$CFs?6?6?$CFs?$AA@ 10019dac     wog native dialogs.obj
 0002:00001db4       ??_C@_0N@CNMFKAFE@Dlg_NPCn?4pcx?$AA@ 10019db4     wog native dialogs.obj
 0002:00001dc4       ??_C@_0N@EENEFCAM@Dlg_NPCu?4pcx?$AA@ 10019dc4     wog native dialogs.obj
 0002:00001dd4       ??_C@_02DKCKIIND@?$CFs?$AA@ 10019dd4     wog native dialogs.obj
 0002:00001dd8       ??_C@_09LMPOHIL@iOkay?4def?$AA@ 10019dd8     wog native dialogs.obj
 0002:00001de4       ??_C@_0P@GMMOFIOD@Dlg_NPCdel?4def?$AA@ 10019de4     wog native dialogs.obj
 0002:00001df4       ??_C@_0N@PHACKENN@AdRollvr?4pcx?$AA@ 10019df4     wog native dialogs.obj
 0002:00001e04       ??_C@_0O@LKNNDHCJ@smalfont2?4fnt?$AA@ 10019e04     wog native dialogs.obj
 0002:00001e14       ??_C@_07DONLOGLK@?$CFd?5?$CI?$CFd?$CJ?$AA@ 10019e14     wog native dialogs.obj
 0002:00001e1c       ??_C@_07PFGKEPEH@?$CFd?5?9?5?$CFd?$AA@ 10019e1c     wog native dialogs.obj
 0002:00001e24       ??_C@_04FCMNJMCO@?$CFd?$CF?$CF?$AA@ 10019e24     wog native dialogs.obj
 0002:00001e2c       ??_C@_0N@CGENNOHJ@artifact?4def?$AA@ 10019e2c     wog native dialogs.obj
 0002:00001e3c       ??_C@_0L@JIMPALKB@PSKILL?4def?$AA@ 10019e3c     wog native dialogs.obj
 0002:00001e48       ??_C@_0N@PAEBLKHN@bigfont2?4fnt?$AA@ 10019e48     wog native dialogs.obj
 0002:00001e58       ??_C@_07JMKCEEPK@?$CFs?5?$CI?$CFd?$CJ?$AA@ 10019e58     wog native dialogs.obj
 0002:00001e60       ??_C@_09PCPEDHFE@?$CFd?$CF?$CF?5?$CI?$CFd?$CJ?$AA@ 10019e60     wog native dialogs.obj
 0002:00001e6c       ??_C@_03DMDECJFG@?$CFhf?$AA@ 10019e6c     wog native dialogs.obj
 0002:00001e70       ??_C@_0N@HPLADLMK@Box64x30?4pcx?$AA@ 10019e70     wog native dialogs.obj
 0002:00001e80       ??_C@_0O@BBFJMKLN@radiobttn?4def?$AA@ 10019e80     wog native dialogs.obj
 0002:00001e90       ??_C@_03OFAPEBGM@?$CFs?6?$AA@ 10019e90     wog native dialogs.obj
 0002:00001e94       ??_C@_08MNBIIGN@?$CFs?6?6?5?$CFs?6?$AA@ 10019e94     wog native dialogs.obj
 0002:00001ea0       ??_C@_0O@EGGGBKCF@DlgExpMon?4def?$AA@ 10019ea0     wog native dialogs.obj
 0002:00001eb0       ??_C@_0N@ILHBCDMB@DlgExpUp?4def?$AA@ 10019eb0     wog native dialogs.obj
 0002:00001ec0       ??_C@_0N@EELMKJEE@twcrport?4def?$AA@ 10019ec0     wog native dialogs.obj
 0002:00001ed0       ??_C@_0N@JFDDJFIM@Artifact?4def?$AA@ 10019ed0     wog native dialogs.obj
 0002:00001ee0       ??_C@_08OFBPMKML@tiny?4fnt?$AA@ 10019ee0     wog native dialogs.obj
 0002:00001eec       ??_C@_04OMBFFHIC@?$HL?$CFs?$HN?$AA@ 10019eec     wog native dialogs.obj
 0002:00001ef4       ??_C@_0N@BHMGKPNG@checkbox?4def?$AA@ 10019ef4     wog native dialogs.obj
 0002:00001f08       ??_C@_0FB@LMJNIGPL@Error?5?$CIfor?5igrik?$CJ?$CB?$CB?$CB?6?6?5Debug?6Pag@ 10019f08     wog native dialogs.obj
 0002:00001f5c       ??_C@_0P@HDPJJOMN@WoGOptions?4pcx?$AA@ 10019f5c     wog native dialogs.obj
 0002:00001f6c       ??_C@_0M@DGCKOOBG@WoGBttn?4def?$AA@ 10019f6c     wog native dialogs.obj
 0002:00001f78       ??_C@_08KPJOIOD@itpt?4def?$AA@ 10019f78     wog native dialogs.obj
 0002:00001f84       ??_C@_06DJHOIPC@?$CFs?3?5?$CFs?$AA@ 10019f84     wog native dialogs.obj
 0002:00001f8c       ??_C@_0M@HFKPFJGG@artslot?4pcx?$AA@ 10019f8c     wog native dialogs.obj
 0002:00001f98       ??_C@_0N@KAILJDHD@def?4SpScrArt?$AA@ 10019f98     wog native dialogs.obj
 0002:00001fa8       ??_C@_0M@JLCNBKHP@iCancel?4def?$AA@ 10019fa8     wog native dialogs.obj
 0002:00001fb4       ??_C@_09KAONFINP@?$HL?$CFs?$HN?6?$CI?$CFs?$CJ?$AA@ 10019fb4     wog native dialogs.obj
 0002:00001fc0       ??_C@_0N@DCLMLLBB@WoGCurse?4def?$AA@ 10019fc0     wog native dialogs.obj
 0002:00001fd0       ??_C@_0BL@MMODMCPC@HotA?4SwapMgrCalledFromTown?$AA@ 10019fd0     wog native dialogs.obj
 0002:00001fec       ??_C@_0L@GMLHIIDA@?$CFs?0?5?$CFs?5?$CFdk?$AA@ 10019fec     wog native dialogs.obj
 0002:00001ff8       ??_C@_09GLHNGFIE@?$CFs?0?5?$CFs?5?$CFd?$AA@ 10019ff8     wog native dialogs.obj
 0002:00002004       ??_C@_0P@JHOHMCLM@?$CFs?0?5?$CFs?5?$CFdk?9?$CFdk?$AA@ 1001a004     wog native dialogs.obj
 0002:00002014       ??_C@_0N@LNENHMBP@?$CFs?0?5?$CFs?5?$CFd?9?$CFd?$AA@ 1001a014     wog native dialogs.obj
 0002:00002024       ??_C@_0M@EELLOAND@bttnNPC?4def?$AA@ 1001a024     wog native dialogs.obj
 0002:00002030       ??_C@_0M@FBOGBOAE@GSPBUT2?4DEF?$AA@ 1001a030     wog native dialogs.obj
 0002:0000203c       ??_C@_0N@HNNBMNKA@HoMM3?5ERA?5?$CFs?$AA@ 1001a03c     wog native dialogs.obj
 0002:0000204c       ??_C@_0BJ@KIEKHMHA@?2zvs?2Lib1?4res?2txtres?4txt?$AA@ 1001a04c     wog native dialogs.obj
 0002:00002068       ??_C@_0M@FFKDNJKB@WogNDlg?4txt?$AA@ 1001a068     wog native dialogs.obj
 0002:00002074       ??_C@_0BD@GIFCLHII@WoG_Native_Dialogs?$AA@ 1001a074     wog native dialogs.obj
 0002:00002088       ??_C@_06FFCGKAEE@HD?4WoG?$AA@ 1001a088     wog native dialogs.obj
 0002:00002090       ??_C@_0BB@GPEKGKKL@HD?4Version?4Dword?$AA@ 1001a090     wog native dialogs.obj
 0002:000020a4       ??_C@_02MFEGOEMP@?$CFn?$AA@ 1001a0a4     wog native dialogs.obj
 0002:000020a8       __real@3fe0000000000000    1001a0a8      CIL library: CIL module
 0002:000020b0       __FPinit                   1001a0b0     LIBCMT:_fpinit_.obj
 0002:000020b4       __FPmtinit                 1001a0b4     LIBCMT:_fpinit_.obj
 0002:000020b8       __FPmtterm                 1001a0b8     LIBCMT:_fpinit_.obj
 0002:000020bc       ??_C@_05KLBDPFGC@e?$CL000?$AA@ 1001a0bc     LIBCMT:cvt.obj
 0002:000020c8       __real@4150017ec0000000    1001a0c8     LIBCMT:_testfdiv_.obj
 0002:000020d0       __real@4147ffff80000000    1001a0d0     LIBCMT:_testfdiv_.obj
 0002:000020d8       ??_C@_0BK@NHEOCAHP@IsProcessorFeaturePresent?$AA@ 1001a0d8     LIBCMT:_testfdiv_.obj
 0002:000020f4       ??_C@_08CPNIBGIE@KERNEL32?$AA@ 1001a0f4     LIBCMT:_testfdiv_.obj
 0002:00002100       ??_C@_06IMKFLFPG@1?$CDQNAN?$AA@ 1001a100     LIBCMT:_x10fout_.obj
 0002:00002108       ??_C@_05DNEBIAHO@1?$CDINF?$AA@ 1001a108     LIBCMT:_x10fout_.obj
 0002:00002110       ??_C@_05PHHOCPM@1?$CDIND?$AA@ 1001a110     LIBCMT:_x10fout_.obj
 0002:00002118       ??_C@_06PGGFOGJG@1?$CDSNAN?$AA@ 1001a118     LIBCMT:_x10fout_.obj
 0002:00002120       __load_config_used         1001a120     LIBCMT:loadcfg.obj
 0002:000021e0       ___safe_se_handler_table   1001a1e0     <linker-defined>
 0002:000021ec       ___rtc_iaa                 1001a1ec     LIBCMT:_initsect_.obj
 0002:000021f0       ___rtc_izz                 1001a1f0     LIBCMT:_initsect_.obj
 0002:000021f4       ___rtc_taa                 1001a1f4     LIBCMT:_initsect_.obj
 0002:000021f8       ___rtc_tzz                 1001a1f8     LIBCMT:_initsect_.obj
 0002:000025d4       __IMPORT_DESCRIPTOR_KERNEL32 1001a5d4     kernel32:KERNEL32.dll
 0002:000025e8       __NULL_IMPORT_DESCRIPTOR   1001a5e8     kernel32:KERNEL32.dll
 0003:00000010       ___security_cookie         1001b010     LIBCMT:gs_cookie.obj
 0003:00000014       ___security_cookie_complement 1001b014     LIBCMT:gs_cookie.obj
 0003:00000190       ___nullstring              1001b190     LIBCMT:output.obj
 0003:00000194       ___wnullstring             1001b194     LIBCMT:output.obj
 0003:00000198       __amblksiz                 1001b198     LIBCMT:heapinit.obj
 0003:000002c0       ___flsindex                1001b2c0     LIBCMT:tidtable.obj
 0003:000002c4       ___getvalueindex           1001b2c4     LIBCMT:tidtable.obj
 0003:000002e0       __aexit_rtn                1001b2e0     LIBCMT:crt0dat.obj
 0003:000002e8       ___badioinfo               1001b2e8     LIBCMT:ioinit.obj
 0003:00000328       __First_FPE_Indx           1001b328     LIBCMT:winxfltr.obj
 0003:0000032c       __Num_FPE                  1001b32c     LIBCMT:winxfltr.obj
 0003:00000330       __XcptActTabSize           1001b330     LIBCMT:winxfltr.obj
 0003:00000334       __XcptActTabCount          1001b334     LIBCMT:winxfltr.obj
 0003:00000340       __iob                      1001b340     LIBCMT:_file.obj
 0003:000005c0       ___initialmbcinfo          1001b5c0     LIBCMT:mbctype.obj
 0003:000007e0       __mbctype                  1001b7e0     LIBCMT:mbctype.obj
 0003:000008e8       __mbcasemap                1001b8e8     LIBCMT:mbctype.obj
 0003:000009e8       ___ptmbcinfo               1001b9e8     LIBCMT:mbctype.obj
 0003:00000ae4       ___globallocalestatus      1001bae4     LIBCMT:glstatus.obj
 0003:00000ae8       ___clocalestr              1001bae8     LIBCMT:nlsdata2.obj
 0003:00000af0       ___initiallocinfo          1001baf0     LIBCMT:nlsdata2.obj
 0003:00000bc8       ___ptlocinfo               1001bbc8     LIBCMT:nlsdata2.obj
 0003:00000bcc       ___lc_clike                1001bbcc     LIBCMT:nlsdata2.obj
 0003:00000bd0       ___initiallocalestructinfo 1001bbd0     LIBCMT:nlsdata2.obj
 0003:00000bd8       __cfltcvt_tab              1001bbd8     LIBCMT:cmiscdat.obj
 0003:00000cb8       ___abort_behavior          1001bcb8     LIBCMT:abort.obj
 0003:00000cbc       __NLG_Destination          1001bcbc     LIBCMT:exsup.obj
 0003:00000cd0       __pctype                   1001bcd0     LIBCMT:ctype.obj
 0003:00000cd4       __pwctype                  1001bcd4     LIBCMT:ctype.obj
 0003:00000cd8       ___lc_time_c               1001bcd8     LIBCMT:strftime.obj
 0003:00000d90       ___lc_time_curr            1001bd90     LIBCMT:strftime.obj
 0003:00000d94       ___lconv_static_decimal    1001bd94     LIBCMT:lconv.obj
 0003:00000d98       ___lconv_c                 1001bd98     LIBCMT:lconv.obj
 0003:00000dc8       ___lconv                   1001bdc8     LIBCMT:lconv.obj
 0003:00000dcc       ___mb_cur_max              1001bdcc     LIBCMT:nlsdata1.obj
 0003:00000dd0       ___decimal_point           1001bdd0     LIBCMT:nlsdata1.obj
 0003:00000dd4       ___decimal_point_length    1001bdd4     LIBCMT:nlsdata1.obj
 0003:00000de0       __coninpfh                 1001bde0     LIBCMT:initcon.obj
 0003:00000de4       __confh                    1001bde4     LIBCMT:initcon.obj
 0003:00000df0       __timezone                 1001bdf0     LIBCMT:timeset.obj
 0003:00000df4       __daylight                 1001bdf4     LIBCMT:timeset.obj
 0003:00000df8       __dstbias                  1001bdf8     LIBCMT:timeset.obj
 0003:00000e80       __tzname                   1001be80     LIBCMT:timeset.obj
 0003:00000ea0       __lpdays                   1001bea0     LIBCMT:days.obj
 0003:00000ed4       __days                     1001bed4     LIBCMT:days.obj
 0003:00000f18       ?v_table_funcs@_CustomDlg_@@2PAIA 1001bf18     HoMM3_GUI.obj
 0003:00000f58       __fltused                  1001bf58     LIBCMT:_fpinit_.obj
 0003:00000f5c       __ldused                   1001bf5c     LIBCMT:_fpinit_.obj
 0003:00000f90       __pow10pos                 1001bf90     LIBCMT:_constpow_.obj
 0003:000010f0       __pow10neg                 1001c0f0     LIBCMT:_constpow_.obj
 0003:00001280       ___pInvalidArgHandler      1001c280     LIBCMT:invarg.obj
 0003:00001288       __aenvptr                  1001c288     LIBCMT:dllcrt0.obj
 0003:0000128c       __wenvptr                  1001c28c     LIBCMT:dllcrt0.obj
 0003:00001290       ___error_mode              1001c290     LIBCMT:dllcrt0.obj
 0003:00001294       ___app_type                1001c294     LIBCMT:dllcrt0.obj
 0003:000015bc       __crtheap                  1001c5bc     LIBCMT:heapinit.obj
 0003:00001710       ___sbh_pHeaderDefer        1001c710     LIBCMT:sbheap.obj
 0003:00001714       _gpFlsAlloc                1001c714     LIBCMT:tidtable.obj
 0003:00001718       _gpFlsGetValue             1001c718     LIBCMT:tidtable.obj
 0003:0000171c       _gpFlsSetValue             1001c71c     LIBCMT:tidtable.obj
 0003:00001720       _gpFlsFree                 1001c720     LIBCMT:tidtable.obj
 0003:0000172c       ?_pnhHeap@@3P6AHI@ZA       1001c72c     LIBCMT:handler.obj
 0003:00001730       __maxwait                  1001c730     LIBCMT:crtheap.obj
 0003:00001734       __umaskval                 1001c734     LIBCMT:crt0dat.obj
 0003:00001738       ___argc                    1001c738     LIBCMT:crt0dat.obj
 0003:0000173c       ___argv                    1001c73c     LIBCMT:crt0dat.obj
 0003:00001740       ___wargv                   1001c740     LIBCMT:crt0dat.obj
 0003:00001744       __environ                  1001c744     LIBCMT:crt0dat.obj
 0003:00001748       ___initenv                 1001c748     LIBCMT:crt0dat.obj
 0003:0000174c       __wenviron                 1001c74c     LIBCMT:crt0dat.obj
 0003:00001750       ___winitenv                1001c750     LIBCMT:crt0dat.obj
 0003:00001754       __pgmptr                   1001c754     LIBCMT:crt0dat.obj
 0003:00001758       __wpgmptr                  1001c758     LIBCMT:crt0dat.obj
 0003:0000175c       __exitflag                 1001c75c     LIBCMT:crt0dat.obj
 0003:00001760       __C_Termination_Done       1001c760     LIBCMT:crt0dat.obj
 0003:00001764       __C_Exit_Done              1001c764     LIBCMT:crt0dat.obj
 0003:00001874       ?__pInconsistency@@3P6AXXZA 1001c874     LIBCMT:hooks.obj
 0003:00001878       __cflush                   1001c878     LIBCMT:_file.obj
 0003:00001880       ___mbulinfo                1001c880     LIBCMT:mbctype.obj
 0003:0000188c       ___mbcodepage              1001c88c     LIBCMT:mbctype.obj
 0003:00001890       ___ismbcodepage            1001c890     LIBCMT:mbctype.obj
 0003:00001894       ___mblcid                  1001c894     LIBCMT:mbctype.obj
 0003:00001898       ___locale_changed          1001c898     LIBCMT:setlocal.obj
 0003:0000189c       ___lc_handle               1001c89c     LIBCMT:nlsdata2.obj
 0003:000018b4       ___lc_codepage             1001c8b4     LIBCMT:nlsdata2.obj
 0003:000018b8       ___lc_collate_cp           1001c8b8     LIBCMT:nlsdata2.obj
 0003:00001bd4       __newmode                  1001cbd4     LIBCMT:_newmode.obj
 0003:00001bf0       ?pArgList@UnDecorator@@0PAVReplicator@@A 1001cbf0     LIBCMT:undname.obj
 0003:00001bf4       ?pZNameList@UnDecorator@@0PAVReplicator@@A 1001cbf4     LIBCMT:undname.obj
 0003:00001bf8       ?pTemplateArgList@UnDecorator@@0PAVReplicator@@A 1001cbf8     LIBCMT:undname.obj
 0003:00001bfc       ?gName@UnDecorator@@0PBDB  1001cbfc     LIBCMT:undname.obj
 0003:00001c00       ?name@UnDecorator@@0PBDB   1001cc00     LIBCMT:undname.obj
 0003:00001c04       ?outputString@UnDecorator@@0PADA 1001cc04     LIBCMT:undname.obj
 0003:00001c08       ?maxStringLength@UnDecorator@@0HA 1001cc08     LIBCMT:undname.obj
 0003:00001c0c       ?disableFlags@UnDecorator@@0KA 1001cc0c     LIBCMT:undname.obj
 0003:00001c10       ?m_pGetParameter@UnDecorator@@0P6APADJ@ZA 1001cc10     LIBCMT:undname.obj
 0003:00001c14       ?fExplicitTemplateParams@UnDecorator@@0_NA 1001cc14     LIBCMT:undname.obj
 0003:00001c15       ?fGetTemplateArgumentList@UnDecorator@@0_NA 1001cc15     LIBCMT:undname.obj
 0003:00001c38       ___pPurecall               1001cc38     LIBCMT:inithelp.obj
 0003:00001c44       ___lconv_static_null       1001cc44     LIBCMT:lconv.obj
 0003:00001c48       __stdbuf                   1001cc48     LIBCMT:_sftbuf.obj
 0003:00001d20       ?WogNDlg_TXT@@3PAU_TXT_@@A 1001cd20     wog native dialogs.obj
 0003:00001d24       ?NPC_Def@@3PAU_DlgStaticDef_@@A 1001cd24     wog native dialogs.obj
 0003:00001d28       ?smalfont2@@3PAU_Fnt_@@A   1001cd28     wog native dialogs.obj
 0003:00001d2c       ?dlgHeroLvlUp_heroID@@3IA  1001cd2c     wog native dialogs.obj
 0003:00001d30       ?_PI@@3PAVPatcherInstance@@A 1001cd30     wog native dialogs.obj
 0003:00001d34       ?inTownDlg@@3_NA           1001cd34     wog native dialogs.obj
 0003:00001d38       ?_P@@3PAVPatcher@@A        1001cd38     wog native dialogs.obj
 0003:00001d3c       ?time_click_MsgBox@@3IA    1001cd3c     wog native dialogs.obj
 0003:00001d40       ?isNeedRestore@@3HA        1001cd40     wog native dialogs.obj
 0003:00001d44       ?ERA_version@@3PBDB        1001cd44     wog native dialogs.obj
 0003:00001d48       ?damLo@@3HA                1001cd48     wog native dialogs.obj
 0003:00001d4c       ?medfont2@@3PAU_Fnt_@@A    1001cd4c     wog native dialogs.obj
 0003:00001d50       ?QuickBattle_SAVE@@3HA     1001cd50     wog native dialogs.obj
 0003:00001d54       ?timeClickAvtoSolo@@3HA    1001cd54     wog native dialogs.obj
 0003:00001d58       ?HD_Version@@3HA           1001cd58     wog native dialogs.obj
 0003:00001d5c       ?time_click@@3HA           1001cd5c     wog native dialogs.obj
 0003:00001d60       ?hAngel@Era@@3PAUHINSTANCE__@@A 1001cd60     wog native dialogs.obj
 0003:00001d64       ?hEra@Era@@3PAUHINSTANCE__@@A 1001cd64     wog native dialogs.obj
 0003:00001d68       ?txtresWOG@@3PAU_TXT_@@A   1001cd68     wog native dialogs.obj
 0003:00001d6c       ?_HD@@3PAVPatcherInstance@@A 1001cd6c     wog native dialogs.obj
 0003:00001d70       ?damHi@@3HA                1001cd70     wog native dialogs.obj
 0003:00001d74       ?bigfont2@@3PAU_Fnt_@@A    1001cd74     wog native dialogs.obj
 0003:00001d78       ?EventParams@Era@@3PAY0BA@HA 1001cd78     wog native dialogs.obj
 0003:00001d7c       ?ApiHook@Era@@3P6GPAXPAXH0@ZA 1001cd7c     wog native dialogs.obj
 0003:00001d80       ?ClearAllIniCache@Era@@3P6GXXZA 1001cd80     wog native dialogs.obj
 0003:00001d84       ?ClearIniCache@Era@@3P6GXPBD@ZA 1001cd84     wog native dialogs.obj
 0003:00001d88       ?ExecErmCmd@Era@@3P6GXPBD@ZA 1001cd88     wog native dialogs.obj
 0003:00001d8c       ?ExtractErm@Era@@3P6GXXZA  1001cd8c     wog native dialogs.obj
 0003:00001d90       ?FatalError@Era@@3P6GXPBD@ZA 1001cd90     wog native dialogs.obj
 0003:00001d94       ?FireErmEvent@Era@@3P6GXH@ZA 1001cd94     wog native dialogs.obj
 0003:00001d98       ?FireEvent@Era@@3P6GXPBDPAXH@ZA 1001cd98     wog native dialogs.obj
 0003:00001d9c       ?GetButtonID@Era@@3P6GHPBD@ZA 1001cd9c     wog native dialogs.obj
 0003:00001da0       ?GetEraVersion@Era@@3P6GPBDXZA 1001cda0     wog native dialogs.obj
 0003:00001da4       ?GetGameState@Era@@3P6GXPAUTGameState@1@@ZA 1001cda4     wog native dialogs.obj
 0003:00001da8       ?GetRealAddr@Era@@3P6GPAXPAX@ZA 1001cda8     wog native dialogs.obj
 0003:00001dac       ?GlobalRedirectFile@Era@@3P6GXXZA 1001cdac     wog native dialogs.obj
 0003:00001db0       ?Hook@Era@@3P6GPAXPAXHH0@ZA 1001cdb0     wog native dialogs.obj
 0003:00001db4       ?HookCode@Era@@3P6GPAXPAXP6GHPAUTHookContext@1@@ZPAPAX@ZA 1001cdb4     wog native dialogs.obj
 0003:00001db8       ?LoadImageAsPcx16@Era@@3P6GPAXPBD0HH@ZA 1001cdb8     wog native dialogs.obj
 0003:00001dbc       ?LoadTxt@Era@@3P6GPAXPBD@ZA 1001cdbc     wog native dialogs.obj
 0003:00001dc0       ?MemFree@Era@@3P6GXPBX@ZA  1001cdc0     wog native dialogs.obj
 0003:00001dc4       ?NameColor@Era@@3P6GXHPBD@ZA 1001cdc4     wog native dialogs.obj
 0003:00001dc8       ?NotifyError@Era@@3P6GXPBD@ZA 1001cdc8     wog native dialogs.obj
 0003:00001dcc       ?PatchExists@Era@@3P6G_NPBD@ZA 1001cdcc     wog native dialogs.obj
 0003:00001dd0       ?PluginExists@Era@@3P6G_NPBD@ZA 1001cdd0     wog native dialogs.obj
 0003:00001dd4       ?ReadSavegameSection@Era@@3P6GHHPAXPBD@ZA 1001cdd4     wog native dialogs.obj
 0003:00001dd8       ?ReadStrFromIni@Era@@3P6G_NPBD00PAD@ZA 1001cdd8     wog native dialogs.obj
 0003:00001ddc       ?RecallAPI@Era@@3P6GHPAUTHookContext@1@H@ZA 1001cddc     wog native dialogs.obj
 0003:00001de0       ?RedirectFile@Era@@3P6GXXZA 1001cde0     wog native dialogs.obj
 0003:00001de4       ?RedirectMemoryBlock@Era@@3P6GXPAXH0@ZA 1001cde4     wog native dialogs.obj
 0003:00001de8       ?RegisterHandler@Era@@3P6GXP6GXPAUTEvent@1@@ZPBD@ZA 1001cde8     wog native dialogs.obj
 0003:00001dec       ?ReloadErm@Era@@3P6GXXZA   1001cdec     wog native dialogs.obj
 0003:00001df0       ?ReportPluginVersion@Era@@3P6GXPBD@ZA 1001cdf0     wog native dialogs.obj
 0003:00001df4       ?RestoreEventParams@Era@@3P6GXXZA 1001cdf4     wog native dialogs.obj
 0003:00001df8       ?SaveEventParams@Era@@3P6GXXZA 1001cdf8     wog native dialogs.obj
 0003:00001dfc       ?SaveIni@Era@@3P6G_NPBD@ZA 1001cdfc     wog native dialogs.obj
 0003:00001e00       ?Splice@Era@@3P6GPAXPAX0HHPAHPAPAX@ZA 1001ce00     wog native dialogs.obj
 0003:00001e04       ?_tr@Era@@3P6GPADPBDPAPBDH@ZA 1001ce04     wog native dialogs.obj
 0003:00001e08       ?WriteAtCode@Era@@3P6GXHPAX0@ZA 1001ce08     wog native dialogs.obj
 0003:00001e0c       ?WriteSavegameSection@Era@@3P6GXHPAXPBD@ZA 1001ce0c     wog native dialogs.obj
 0003:00001e10       ?WriteStrToIni@Era@@3P6G_NPBD000@ZA 1001ce10     wog native dialogs.obj
 0003:00001e14       ?isHD@@3HA                 1001ce14     wog native dialogs.obj
 0003:00001e18       ?NPC_StatBar@@3PAU_DlgStaticTextPcx8ed_@@A 1001ce18     wog native dialogs.obj
 0003:00001e1c       ?str_num_hook@@3HA         1001ce1c     wog native dialogs.obj
 0003:00001e20       ?statbarWoGOptions@@3PAU_DlgStaticTextPcx8ed_@@A 1001ce20     wog native dialogs.obj
 0003:00001e24       ?apdFont@@3HA              1001ce24     wog native dialogs.obj
 0003:00001e28       ?check_AIValue_isNotHero@@3_NA 1001ce28     wog native dialogs.obj
 0003:00001e2c       ?calls_count@?1??GetPatcher@@YAPAVPatcher@@XZ@4HA 1001ce2c     wog native dialogs.obj
 0003:00001e34       ___fastflag                1001ce34     LIBCMT:_fpinit_.obj
 0003:00001e38       __adjust_fdiv              1001ce38     LIBCMT:_fpinit_.obj
 0003:00001e3c       __outputformat             1001ce3c     LIBCMT:outputformat.obj
 0003:00001e40       ___piob                    1001ce40     <common>
 0003:00001e60       __bufin                    1001ce60     <common>
 0003:00002e60       __nstream                  1001de60     <common>
 0003:00002e64       ___sse2_available          1001de64     <common>
 0003:00002e68       __nhandle                  1001de68     <common>
 0003:00002e80       ___pioinfo                 1001de80     <common>
 0003:00002f80       ___env_initialized         1001df80     <common>
 0003:00002f84       ___onexitend               1001df84     <common>
 0003:00002f88       ___onexitbegin             1001df88     <common>
 0003:00002f8c       ___mbctype_initialized     1001df8c     <common>
 0003:00002f90       ___dyn_tls_init_callback   1001df90     <common>
 0003:00002f94       __debugger_hook_dummy      1001df94     <common>
 0003:00002f98       ___sbh_cntHeaderList       1001df98     <common>
 0003:00002f9c       ___sbh_pHeaderList         1001df9c     <common>
 0003:00002fa0       ___sbh_threshold           1001dfa0     <common>
 0003:00002fa4       ___sbh_pHeaderScan         1001dfa4     <common>
 0003:00002fa8       ___sbh_sizeHeaderList      1001dfa8     <common>
 0003:00002fac       ___sbh_indGroupDefer       1001dfac     <common>
 0003:00002fb0       ___active_heap             1001dfb0     <common>
 0003:00002fb4       __acmdln                   1001dfb4     <common>

 entry point at        0001:0000b41b

 Static symbols

 0001:0000b325       ___DllMainCRTStartup       1000c325 f   LIBCMT:dllcrt0.obj
 0001:0000bbbb       _write_char                1000cbbb f   LIBCMT:output.obj
 0001:0000bbee       _write_multi_char          1000cbee f   LIBCMT:output.obj
 0001:0000bc14       _write_string              1000cc14 f   LIBCMT:output.obj
 0001:0000e318       __onexit_nolock            1000f318 f   LIBCMT:onexit.obj
 0001:0000e61a       __initterm                 1000f61a f   LIBCMT:crt0dat.obj
 0001:0000e6e0       _doexit                    1000f6e0 f   LIBCMT:crt0dat.obj
 0001:0000ebff       _parse_cmdline             1000fbff f   LIBCMT:stdargv.obj
 0001:0000f2dc       _fastcopy_I                100102dc f   LIBCMT:p4_memcpy.obj
 0001:0000f446       _has_osfxsr_set            10010446 f   LIBCMT:cpu_disp.obj
 0001:00010146       ?CPtoLCID@@YAHH@Z          10011146 f   LIBCMT:mbctype.obj
 0001:00010175       ?setSBCS@@YAXPAUthreadmbcinfostruct@@@Z 10011175 f   LIBCMT:mbctype.obj
 0001:000101d9       ?setSBUpLow@@YAXPAUthreadmbcinfostruct@@@Z 100111d9 f   LIBCMT:mbctype.obj
 0001:00010410       ?getSystemCP@@YAHH@Z       10011410 f   LIBCMT:mbctype.obj
 0001:00010a9a       __updatetlocinfoEx_nolock  10011a9a f   LIBCMT:setlocal.obj
 0001:000110d8       __unwind_handler4          100120d8 f   LIBCMT:exsup4.obj
 0001:000112ed       _fastzero_I                100122ed f   LIBCMT:p4_memset.obj
 0001:000117cd       _siglookup                 100127cd f   LIBCMT:winsig.obj
 0001:000119df       ?x_ismbbtype_l@@YAHPAUlocaleinfo_struct@@IHH@Z 100129df f   LIBCMT:ismbbyte.obj
 0001:00011b84       __unwind_handler           10012b84 f   LIBCMT:exsup.obj
 0001:000121da       _flsall                    100131da f   LIBCMT:fflush.obj
 0001:000122dd       ?__crtLCMapStringA_stat@@YAHPAUlocaleinfo_struct@@KKPBDHPADHHH@Z 100132dd f   LIBCMT:a_map.obj
 0001:000126c7       ?__crtGetStringTypeA_stat@@YAHPAUlocaleinfo_struct@@KPBDHPAGHHH@Z 100136c7 f   LIBCMT:a_str.obj
 0001:00012ce9       ?strtoxl@@YAKPAUlocaleinfo_struct@@PBDPAPBDHH@Z 10013ce9 f   LIBCMT:strtol.obj
 0001:00013d98       __shift                    10014d98 f   LIBCMT:cvt.obj
 0001:00013ddd       __cftoe2_l                 10014ddd f   LIBCMT:cvt.obj
 0001:000143af       __cftof2_l                 100153af f   LIBCMT:cvt.obj
 0001:0001673f       __hw_cw                    1001773f f   LIBCMT:_ieee87_.obj
 0001:000167cd       ___hw_cw_sse2              100177cd f   LIBCMT:_ieee87_.obj
