 wog native dialogs

 Timestamp is 5f71b870 (Mon Sep 28 13:18:24 2020)

 Preferred load address is 10000000

 Start         Length     Name                   Class
 0001:00000000 000194bcH .text                   CODE
 0001:000194c0 00000000H .text$x                 CODE
 0001:000194c0 00000014H .text$yd                CODE
 0002:00000000 0000011cH .idata$5                DATA
 0002:0000011c 00000004H .CRT$XCA                DATA
 0002:00000120 00000004H .CRT$XCZ                DATA
 0002:00000124 00000004H .CRT$XIA                DATA
 0002:00000128 00000010H .CRT$XIC                DATA
 0002:00000138 00000004H .CRT$XIZ                DATA
 0002:0000013c 00000004H .CRT$XPA                DATA
 0002:00000140 00000004H .CRT$XPX                DATA
 0002:00000144 00000004H .CRT$XPXA               DATA
 0002:00000148 00000004H .CRT$XPZ                DATA
 0002:0000014c 00000004H .CRT$XTA                DATA
 0002:00000150 00000004H .CRT$XTZ                DATA
 0002:00000160 00002258H .rdata                  DATA
 0002:000023b8 00000061H .rdata$debug            DATA
 0002:0000241c 000000dcH .rdata$r                DATA
 0002:00002500 0000000cH .rdata$sxdata           DATA
 0002:0000250c 00000004H .rtc$IAA                DATA
 0002:00002510 00000004H .rtc$IZZ                DATA
 0002:00002514 00000004H .rtc$TAA                DATA
 0002:00002518 00000004H .rtc$TZZ                DATA
 0002:00002520 00000444H .xdata$x                DATA
 0002:00002964 00000014H .idata$2                DATA
 0002:00002978 00000014H .idata$3                DATA
 0002:0000298c 0000011cH .idata$4                DATA
 0002:00002aa8 0000050cH .idata$6                DATA
 0002:00002fc0 0000005eH .edata                  DATA
 0003:00000000 000012f8H .data                   DATA
 0003:00001300 000029b4H .bss                    DATA

  Address         Publics by Value              Rva+Base       Lib:Object

 0000:00000000       __except_list              00000000     <absolute>
 0000:00000003       ___safe_se_handler_count   00000003     <absolute>
 0000:00000000       ___ImageBase               10000000     <linker-defined>
 0001:00000000       ?WriteCodePatch@PatcherInstance@@QAAPAVPatch@@IPADZZ 10001000 f i wog native dialogs.obj
 0001:00000020       ??1bad_alloc@std@@UAE@XZ   10001020 f i wog native dialogs.obj
 0001:00000030       ??_Gbad_alloc@std@@UAEPAXI@Z 10001030 f i wog native dialogs.obj
 0001:00000030       ??_Ebad_alloc@std@@UAEPAXI@Z 10001030 f i  CIL library: CIL module
 0001:00000060       ?Redraw@_Dlg_@@QAEXXZ      10001060 f i wog native dialogs.obj
 0001:00000080       ?Create@_DlgStaticDef_@@SAPAU1@HHHPADHHH@Z 10001080 f i wog native dialogs.obj
 0001:000000e0       ?Create@_DlgButton_@@SAPAU1@HHHPADHHHH@Z 100010e0 f i wog native dialogs.obj
 0001:00000130       ?Create@_DlgTextButton_@@SAPAU1@HHHPAD00HHHHH@Z 10001130 f i wog native dialogs.obj
 0001:00000190       ?b_MsgBox@@YAHPADH@Z       10001190 f i wog native dialogs.obj
 0001:000001c0       ?b_MsgBoxD@@YAHPADHHH@Z    100011c0 f i wog native dialogs.obj
 0001:00000200       ?GetHero@_GameMgr_@@QAEPAU_Hero_@@H@Z 10001200 f i wog native dialogs.obj
 0001:00000220       ?Get_ITxtExp@@YAPADH@Z     10001220 f i wog native dialogs.obj
 0001:00000240       ?Set_DlgBackground_RK@@YAHPAV_CustomDlg_@@HH@Z 10001240 f   wog native dialogs.obj
 0001:00000820       ?b_MsgBoxAndDef@@YAXPADH0@Z 10001820 f   wog native dialogs.obj
 0001:00000a50       ?b_MsgBoxBig@@YAXPADD@Z    10001a50 f   wog native dialogs.obj
 0001:00000b90       ?e_ClickSound@@YAXXZ       10001b90 f i wog native dialogs.obj
 0001:00000be0       ?ConnectEra@Era@@YAXXZ     10001be0 f   wog native dialogs.obj
 0001:00000ef0       ?Dlg_ChangeBmp@@YAXPAVPatcherInstance@@@Z 10001ef0 f   wog native dialogs.obj
 0001:00001ce0       ?Y_New_CommanderDlg_Proc@@YGHPAV_CustomDlg_@@PAU_DlgMsg_@@@Z 10002ce0 f   wog native dialogs.obj
 0001:00002460       ?Y_Dlg_NPC_Show@@YGHPAVHiHook@@PAU_DlgNPC_@@@Z 10003460 f   wog native dialogs.obj
 0001:00003b60       ?Y_Dlg_NPC_Prepare@@YGXPAVHiHook@@PAU_Npc_@@HHH@Z 10004b60 f   wog native dialogs.obj
 0001:00003ba0       ?Y_Dlg_NPC_ShowAgain_IfGetArtHero@@YGHPAVLoHook@@PAUHookContext@@@Z 10004ba0 f   wog native dialogs.obj
 0001:00003bc0       ?Y_HeroDlg_Create@@YGPAV_CustomDlg_@@PAVHiHook@@PAV1@@Z 10004bc0 f   wog native dialogs.obj
 0001:00003c20       ?Y_HeroDlg_Proc@@YGHPAVHiHook@@PAV_CustomDlg_@@PAU_DlgMsg_@@@Z 10004c20 f   wog native dialogs.obj
 0001:00003d50       ?Dlg_NPC@@YAXPAVPatcherInstance@@@Z 10004d50 f   wog native dialogs.obj
 0001:00003e10       ?New_Dlg_ExpaMon_Case8@@YAHH@Z 10004e10 f   wog native dialogs.obj
 0001:00004760       ?New_Dlg_ExpaMon_BannerDlg_Proc@@YGHPAV_CustomDlg_@@PAU_DlgMsg_@@@Z 10005760 f   wog native dialogs.obj
 0001:00004830       ?New_Dlg_ExpaMon_BannerDlg@@YAHXZ 10005830 f   wog native dialogs.obj
 0001:00004c60       ?New_Dlg_ExpaMon_Proc@@YGHPAV_CustomDlg_@@PAU_DlgMsg_@@@Z 10005c60 f   wog native dialogs.obj
 0001:000050b0       ?New_Dlg_ExpaMon@@YAHHHHI@Z 100060b0 f   wog native dialogs.obj
 0001:00005cf0       ?New_Dlg_ExpaMon_Lo@@YGHPAVLoHook@@PAUHookContext@@@Z 10006cf0 f   wog native dialogs.obj
 0001:00005d30       ?New_Dlg_ExpaMon_Lo_IsBattle@@YGHPAVLoHook@@PAUHookContext@@@Z 10006d30 f   wog native dialogs.obj
 0001:00005d50       ?New_Dlg_ExpaMon_NULL@@YGHPAVLoHook@@PAUHookContext@@@Z 10006d50 f   wog native dialogs.obj
 0001:00005d60       ?Dlg_ExpaMon@@YAXPAVPatcherInstance@@@Z 10006d60 f   wog native dialogs.obj
 0001:00005db0       ?Y_WoGCurseDlg_Proc@@YGHPAV_CustomDlg_@@PAU_DlgMsg_@@@Z 10006db0 f   wog native dialogs.obj
 0001:00005eb0       ?Y_WoGCurseDlg_Show@@YGHPAVLoHook@@PAUHookContext@@@Z 10006eb0 f   wog native dialogs.obj
 0001:00006250       ?Y_WoGDlg_ChooseArt_Proc@@YGHPAV_CustomDlg_@@PAU_DlgMsg_@@@Z 10007250 f   wog native dialogs.obj
 0001:00006540       ?Y_WoGDlg_ChooseArt@@YGHPAVHiHook@@HPAU_Hero_@@H@Z 10007540 f   wog native dialogs.obj
 0001:00006bc0       _UseWin32InputControl      10007bc0 f   wog native dialogs.obj
 0001:00006be0       ?IsSupportedFormatImage@@YA_NPAD@Z 10007be0 f   wog native dialogs.obj
 0001:00006d70       ?New_Dlg_CustomReq_Proc@@YGHPAV_CustomDlg_@@PAU_DlgMsg_@@@Z 10007d70 f   wog native dialogs.obj
 0001:00006f30       ?New_Dlg_CustomReq@@YAHPAU_Sphinx1_@@@Z 10007f30 f   wog native dialogs.obj
 0001:00008020       ?Y_Dlg_CustomReq@@YGHPAVLoHook@@PAUHookContext@@@Z 10009020 f   wog native dialogs.obj
 0001:00008160       ?Y_WoGDlg_SphinxReq@@YGHPAVHiHook@@H@Z 10009160 f   wog native dialogs.obj
 0001:000082f0       ?Y_Dlg_QuickDialog@@YGHPAVHiHook@@PAU_Sphinx1_@@@Z 100092f0 f   wog native dialogs.obj
 0001:00008380       ?Y_Dlg_CustomPic@@YGHPAVHiHook@@HH@Z 10009380 f   wog native dialogs.obj
 0001:00008680       ?Dlg_Sphinx@@YAXPAVPatcherInstance@@@Z 10009680 f   wog native dialogs.obj
 0001:00008760       ?New_Dlg_IF_G_Proc@@YGHPAV_CustomDlg_@@PAU_DlgMsg_@@@Z 10009760 f   wog native dialogs.obj
 0001:000088a0       ?New_Dlg_IF_G@@YAHHHHHH@Z  100098a0 f   wog native dialogs.obj
 0001:00008d00       ?New_Dlg_IF_G_Lo@@YGHPAVLoHook@@PAUHookContext@@@Z 10009d00 f   wog native dialogs.obj
 0001:00008d40       ?Dlg_IFG@@YAXPAVPatcherInstance@@@Z 10009d40 f   wog native dialogs.obj
 0001:00008d90       ?Dlg_ChooseMonAttack_Proc@@YGHPAV_CustomDlg_@@PAU_DlgMsg_@@@Z 10009d90 f   wog native dialogs.obj
 0001:00008dd0       ?Dlg_ChooseMonAttack@@YGHPAVHiHook@@HHH@Z 10009dd0 f   wog native dialogs.obj
 0001:000090b0       ?Redraw_WoGDlgSetup_ElemOnPage@@YAHPAV_CustomDlg_@@PAU_DlgSetup_@@H@Z 1000a0b0 f   wog native dialogs.obj
 0001:000092a0       ?ShowHide_WoGDlgSetup_ElemOnPage@@YAHPAV_CustomDlg_@@HPAU_DlgSetup_@@H@Z 1000a2a0 f   wog native dialogs.obj
 0001:00009490       ?Create_WoGDlgSetup_ElemOnPage@@YAHPAV_CustomDlg_@@HPAU_DlgSetup_@@@Z 1000a490 f   wog native dialogs.obj
 0001:00009880       ?setYellowFrames@@YAXPAV_CustomDlg_@@H@Z 1000a880 f   wog native dialogs.obj
 0001:0000a3e0       ?Dlg_WoG_Options_Proc@@YGHPAV_CustomDlg_@@PAU_DlgMsg_@@@Z 1000b3e0 f   wog native dialogs.obj
 0001:0000ab30       ?Dlg_WoG_Options_Show@@YGXPAVHiHook@@H@Z 1000bb30 f   wog native dialogs.obj
 0001:0000b080       ?Y_NewScenarioDlg_Proc@@YGHPAVHiHook@@PAV_CustomDlg_@@PAU_DlgMsg_@@@Z 1000c080 f   wog native dialogs.obj
 0001:0000b0d0       ?Y_NewScenarioDlg_Create@@YGXPAVHiHook@@PAU_NewScenarioDlg_@@H@Z 1000c0d0 f   wog native dialogs.obj
 0001:0000b130       ?Dlg_WoGOptions@@YAXPAVPatcherInstance@@@Z 1000c130 f   wog native dialogs.obj
 0001:0000b1d0       ?Dlg_ChooseCastleReBuild_Proc@@YGHPAV_CustomDlg_@@PAU_DlgMsg_@@@Z 1000c1d0 f   wog native dialogs.obj
 0001:0000b320       ?Dlg_ChooseCastleReBuild@@YAHXZ 1000c320 f   wog native dialogs.obj
 0001:0000b8e0       ?HiHook_Dlg_ChooseCastleReBuild@@YGHPAVHiHook@@@Z 1000c8e0 f   wog native dialogs.obj
 0001:0000b8f0       ?LoHook_Dlg_ChooseCastleReBuild@@YGHPAVLoHook@@PAUHookContext@@@Z 1000c8f0 f   wog native dialogs.obj
 0001:0000b920       ?Y_Dlg_HeroLvlUp_Proc@@YGHPAVHiHook@@HPAU_DlgMsg_@@@Z 1000c920 f   wog native dialogs.obj
 0001:0000ba00       ?Y_Lo_Dlg_HeroLvlUp_Create@@YGHPAVLoHook@@PAUHookContext@@@Z 1000ca00 f   wog native dialogs.obj
 0001:0000ba20       ?b_MsgBox_Proc@@YGHPAVHiHook@@PAU_DlgMsg_@@@Z 1000ca20 f   wog native dialogs.obj
 0001:0000bae0       ?Y_Dlg_Recuit_Proc@@YGHPAVHiHook@@PAU_Struct_@@PAU_DlgMsg_@@@Z 1000cae0 f   wog native dialogs.obj
 0001:0000bb70       ?Y_Dlg_Recuit_Create@@YGHPAVHiHook@@PAU_Struct_@@H@Z 1000cb70 f   wog native dialogs.obj
 0001:0000bbe0       ?Y_DlgMainMenu_Proc@@YGHPAVHiHook@@PAU_DlgMsg_@@@Z 1000cbe0 f   wog native dialogs.obj
 0001:0000bdb0       ?Y_BATTLE_Proc@@YGHPAVHiHook@@PAU_BattleMgr_@@PAU_DlgMsg_@@@Z 1000cdb0 f   wog native dialogs.obj
 0001:0000bf00       ?Y_EndBattle@@YGHPAVLoHook@@PAUHookContext@@@Z 1000cf00 f   wog native dialogs.obj
 0001:0000bfb0       ?StartHD5Functions@@YAXXZ  1000cfb0 f   wog native dialogs.obj
 0001:0000c0d0       ?HD5_Functions@@YAXPAVPatcherInstance@@@Z 1000d0d0 f   wog native dialogs.obj
 0001:0000c120       ?SimpleTextScrolled@@YIXHPAV_CustomDlg_@@@Z 1000d120 f   wog native dialogs.obj
 0001:0000c240       ?CreateNewBattleLogDlg@@YAXPAU_BattleMgr_@@@Z 1000d240 f   wog native dialogs.obj
 0001:0000c810       ?BattleLog_Proc@@YGHPAVHiHook@@PAU_BattleMgr_@@PAU_DlgMsg_@@@Z 1000d810 f   wog native dialogs.obj
 0001:0000c870       ?Y_DlgTown_Proc@@YGHPAVHiHook@@PAU_TownMgr_@@PAU_DlgMsg_@@@Z 1000d870 f   wog native dialogs.obj
 0001:0000c9e0       ?Y_Dlg_HeroesMeet@@YGHPAVLoHook@@PAUHookContext@@@Z 1000d9e0 f   wog native dialogs.obj
 0001:0000ca10       ?Y_Battle_SetHintAttackGetDamage@@YGHPAVLoHook@@PAUHookContext@@@Z 1000da10 f   wog native dialogs.obj
 0001:0000ca30       ?GetStringKilled@@YAPADPADPAU_BattleStack_@@@Z 1000da30 f   wog native dialogs.obj
 0001:0000cb60       ?BattleMgr_GetAttackDamage_Hint_LogString@@YGPAU_HStr_@@PAVHiHook@@PAU1@PAU_BattleStack_@@2EH@Z 1000db60 f   wog native dialogs.obj
 0001:0000cc60       ?Y_Dlg_MainMenu_Create@@YGHPAVHiHook@@PAU_Dlg_@@@Z 1000dc60 f   wog native dialogs.obj
 0001:0000cd00       ?Y_LoadAllTXTinGames@@YGHPAVLoHook@@PAUHookContext@@@Z 1000dd00 f   wog native dialogs.obj
 0001:0000cd20       ?Y_Hook_MainLoop@@YGHPAVLoHook@@PAUHookContext@@@Z 1000dd20 f   wog native dialogs.obj
 0001:0000d080       _DllMain@12                1000e080 f   wog native dialogs.obj
 0001:0000d310       ??$VarValue@H@Patcher@@QAEAAHPAD@Z 1000e310 f i wog native dialogs.obj
 0001:0000d350       ??0bad_alloc@std@@QAE@ABV01@@Z 1000e350 f i wog native dialogs.obj
 0001:0000d370       ?RedrawScreen@_DlgItem_@@QAEXXZ 1000e370 f   HoMM3_GUI.obj
 0001:0000d3a0       ?Create@_CustomDlg_@@SAPAV1@HHHHIP6GHPAV1@PAU_DlgMsg_@@@Z@Z 1000e3a0 f   HoMM3_GUI.obj
 0001:0000d420       ?DlgProcBridge@_CustomDlg_@@SIHPAV1@IPAU_DlgMsg_@@@Z 1000e420 f   HoMM3_GUI.obj
 0001:0000d439       @__security_check_cookie@4 1000e439 f   LIBCMT:secchk.obj
 0001:0000d448       _sprintf                   1000e448 f   LIBCMT:sprintf.obj
 0001:0000d4c5       ??0exception@std@@QAE@ABQBDH@Z 1000e4c5 f   LIBCMT:stdexcpt.obj
 0001:0000d4e2       ??0exception@std@@QAE@ABV01@@Z 1000e4e2 f   LIBCMT:stdexcpt.obj
 0001:0000d53f       ??1exception@std@@UAE@XZ   1000e53f f   LIBCMT:stdexcpt.obj
 0001:0000d555       ?what@exception@std@@UBEPBDXZ 1000e555 f   LIBCMT:stdexcpt.obj
 0001:0000d562       ??_Eexception@std@@UAEPAXI@Z 1000e562 f i LIBCMT:stdexcpt.obj
 0001:0000d562       ??_Gexception@std@@UAEPAXI@Z 1000e562 f i LIBCMT:stdexcpt.obj
 0001:0000d583       _free                      1000e583 f   LIBCMT:free.obj
 0001:0000d611       ??3@YAXPAX@Z               1000e611 f   LIBCMT:delete.obj
 0001:0000d61c       ??1type_info@@UAE@XZ       1000e61c f   LIBCMT:typinfo.obj
 0001:0000d62c       ??_Gtype_info@@UAEPAXI@Z   1000e62c f i LIBCMT:typinfo.obj
 0001:0000d62c       ??_Etype_info@@UAEPAXI@Z   1000e62c f i LIBCMT:typinfo.obj
 0001:0000d64d       ??0bad_alloc@std@@QAE@XZ   1000e64d f i LIBCMT:new.obj
 0001:0000d668       ??2@YAPAXI@Z               1000e668 f   LIBCMT:new.obj
 0001:0000d6cd       __CRT_INIT@12              1000e6cd f   LIBCMT:dllcrt0.obj
 0001:0000d8f8       __DllMainCRTStartup@12     1000e8f8 f   LIBCMT:dllcrt0.obj
 0001:0000d920       _strlen                    1000e920 f   LIBCMT:strlen.obj
 0001:0000d9ab       __CxxThrowException@8      1000e9ab f   LIBCMT:throw.obj
 0001:0000d9f7       ?_CallMemberFunction0@@YGXPAX0@Z 1000e9f7 f   LIBCMT:_trnsctrl_.obj
 0001:0000d9fe       ___report_gsfailure        1000e9fe f   LIBCMT:gs_report.obj
 0001:0000db10       _memmove                   1000eb10 f   LIBCMT:memmove.obj
 0001:0000de75       __initp_misc_invarg        1000ee75 f   LIBCMT:invarg.obj
 0001:0000de84       __invoke_watson            1000ee84 f   LIBCMT:invarg.obj
 0001:0000dfac       __invalid_parameter        1000efac f   LIBCMT:invarg.obj
 0001:0000dfd2       __get_errno_from_oserr     1000efd2 f   LIBCMT:dosmap.obj
 0001:0000e014       __errno                    1000f014 f   LIBCMT:dosmap.obj
 0001:0000e027       ___doserrno                1000f027 f   LIBCMT:dosmap.obj
 0001:0000e03a       __dosmaperr                1000f03a f   LIBCMT:dosmap.obj
 0001:0000e05d       __flsbuf                   1000f05d f   LIBCMT:_flsbuf.obj
 0001:0000e1c1       ??0_LocaleUpdate@@QAE@PAUlocaleinfo_struct@@@Z 1000f1c1 f i LIBCMT:output.obj
 0001:0000e2ee       __output_l                 1000f2ee f   LIBCMT:output.obj
 0001:0000ee86       _strcpy_s                  1000fe86 f   LIBCMT:strcpy_s.obj
 0001:0000eeee       _V6_HeapAlloc              1000feee f   LIBCMT:malloc.obj
 0001:0000ef3d       _malloc                    1000ff3d f   LIBCMT:malloc.obj
 0001:0000f007       __heap_init                10010007 f   LIBCMT:heapinit.obj
 0001:0000f037       __heap_term                10010037 f   LIBCMT:heapinit.obj
 0001:0000f0ab       __mtinitlocks              100100ab f   LIBCMT:mlock.obj
 0001:0000f0f6       __mtdeletelocks            100100f6 f   LIBCMT:mlock.obj
 0001:0000f14d       __unlock                   1001014d f   LIBCMT:mlock.obj
 0001:0000f164       __mtinitlocknum            10010164 f   LIBCMT:mlock.obj
 0001:0000f227       __lock                     10010227 f   LIBCMT:mlock.obj
 0001:0000f25a       ___sbh_find_block          1001025a f   LIBCMT:sbheap.obj
 0001:0000f28a       ___sbh_free_block          1001028a f   LIBCMT:sbheap.obj
 0001:0000f5a0       ___sbh_alloc_new_region    100105a0 f   LIBCMT:sbheap.obj
 0001:0000f650       ___sbh_alloc_new_group     10010650 f   LIBCMT:sbheap.obj
 0001:0000f758       ___sbh_resize_block        10010758 f   LIBCMT:sbheap.obj
 0001:0000fa39       ___sbh_alloc_block         10010a39 f   LIBCMT:sbheap.obj
 0001:0000fd20       __SEH_prolog4              10010d20 f   LIBCMT:sehprolg4.obj
 0001:0000fd65       __SEH_epilog4              10010d65 f   LIBCMT:sehprolg4.obj
 0001:0000fd80       __except_handler4          10010d80 f   LIBCMT:chandler4.obj
 0001:0000ff10       _memset                    10010f10 f   LIBCMT:memset.obj
 0001:0000ff90       _memcpy                    10010f90 f   LIBCMT:memcpy.obj
 0001:000102f5       ?_Type_info_dtor@type_info@@CAXPAV1@@Z 100112f5 f   LIBCMT:typname.obj
 0001:00010370       _strcmp                    10011370 f   LIBCMT:strcmp.obj
 0001:000104b2       ___onexitinit              100114b2 f   LIBCMT:onexit.obj
 0001:000104e3       __onexit                   100114e3 f   LIBCMT:onexit.obj
 0001:0001051f       _atexit                    1001151f f   LIBCMT:onexit.obj
 0001:00010536       __initp_heap_handler       10011536 f   LIBCMT:handler.obj
 0001:00010545       __callnewh                 10011545 f   LIBCMT:handler.obj
 0001:0001056d       __encode_pointer           1001156d f   LIBCMT:tidtable.obj
 0001:000105df       __encoded_null             100115df f   LIBCMT:tidtable.obj
 0001:000105e8       __decode_pointer           100115e8 f   LIBCMT:tidtable.obj
 0001:0001065a       ___crtTlsAlloc@4           1001165a f   LIBCMT:tidtable.obj
 0001:00010663       ___set_flsgetvalue         10011663 f   LIBCMT:tidtable.obj
 0001:00010697       __mtterm                   10011697 f   LIBCMT:tidtable.obj
 0001:000106d4       __initptd                  100116d4 f   LIBCMT:tidtable.obj
 0001:000107bb       __getptd_noexit            100117bb f   LIBCMT:tidtable.obj
 0001:00010834       __getptd                   10011834 f   LIBCMT:tidtable.obj
 0001:0001084e       __freefls@4                1001184e f   LIBCMT:tidtable.obj
 0001:0001097d       __freeptd                  1001197d f   LIBCMT:tidtable.obj
 0001:000109eb       __mtinit                   100119eb f   LIBCMT:tidtable.obj
 0001:00010b78       __malloc_crt               10011b78 f   LIBCMT:crtheap.obj
 0001:00010bbd       __calloc_crt               10011bbd f   LIBCMT:crtheap.obj
 0001:00010c09       __realloc_crt              10011c09 f   LIBCMT:crtheap.obj
 0001:00010c57       __crt_waiting_on_module_handle 10011c57 f   LIBCMT:crt0dat.obj
 0001:00010c87       __amsg_exit                10011c87 f   LIBCMT:crt0dat.obj
 0001:00010cb0       ___crtCorExitProcess       10011cb0 f   LIBCMT:crt0dat.obj
 0001:00010cdb       ___crtExitProcess          10011cdb f   LIBCMT:crt0dat.obj
 0001:00010cf3       __lockexit                 10011cf3 f   LIBCMT:crt0dat.obj
 0001:00010cfc       __unlockexit               10011cfc f   LIBCMT:crt0dat.obj
 0001:00010d22       __initterm_e               10011d22 f   LIBCMT:crt0dat.obj
 0001:00010d46       __cinit                    10011d46 f   LIBCMT:crt0dat.obj
 0001:00010ef7       __exit                     10011ef7 f   LIBCMT:crt0dat.obj
 0001:00010f0d       __cexit                    10011f0d f   LIBCMT:crt0dat.obj
 0001:00010f1c       __init_pointers            10011f1c f   LIBCMT:crt0dat.obj
 0001:00010f6a       __ioinit                   10011f6a f   LIBCMT:ioinit.obj
 0001:000111be       __ioterm                   100121be f   LIBCMT:ioinit.obj
 0001:0001120c       __setenvp                  1001220c f   LIBCMT:stdenvp.obj
 0001:00011484       __setargv                  10012484 f   LIBCMT:stdargv.obj
 0001:0001153f       ___crtGetEnvironmentStringsA 1001253f f   LIBCMT:a_env.obj
 0001:00011676       __RTC_Initialize           10012676 f   LIBCMT:_initsect_.obj
 0001:0001169c       __RTC_Terminate            1001269c f   LIBCMT:_initsect_.obj
 0001:000116c2       __XcptFilter               100126c2 f   LIBCMT:winxfltr.obj
 0001:00011822       ___CppXcptFilter           10012822 f   LIBCMT:winxfltr.obj
 0001:00011842       ___security_init_cookie    10012842 f   LIBCMT:gs_support.obj
 0001:000118d8       ___DestructExceptionObject 100128d8 f   LIBCMT:frame.obj
 0001:0001192d       ?terminate@@YAXXZ          1001292d f   LIBCMT:hooks.obj
 0001:00011966       __initp_eh_hooks           10012966 f   LIBCMT:hooks.obj
 0001:00011980       __CallSettingFrame@12      10012980 f   LIBCMT:lowhelpr.obj
 0001:000119a7       __NLG_Return               100129a7     LIBCMT:lowhelpr.obj
 0001:000119cc       __crt_debugger_hook        100129cc f   LIBCMT:dbghook.obj
 0001:00011a5b       __VEC_memcpy               10012a5b f   LIBCMT:p4_memcpy.obj
 0001:00011b8e       __get_sse2_info            10012b8e f   LIBCMT:cpu_disp.obj
 0001:00011bf0       ___sse2_available_init     10012bf0 f   LIBCMT:cpu_disp.obj
 0001:00011bfd       __lseeki64_nolock          10012bfd f   LIBCMT:lseeki64.obj
 0001:00011c82       __lseeki64                 10012c82 f   LIBCMT:lseeki64.obj
 0001:00011d9e       __write_nolock             10012d9e f   LIBCMT:write.obj
 0001:000124d1       __write                    100134d1 f   LIBCMT:write.obj
 0001:000125ad       __getbuf                   100135ad f   LIBCMT:_getbuf.obj
 0001:000125f6       __isatty                   100135f6 f   LIBCMT:isatty.obj
 0001:0001265a       ___iob_func                1001365a f   LIBCMT:_file.obj
 0001:00012660       ___initstdio               10013660 f   LIBCMT:_file.obj
 0001:00012711       ___endstdio                10013711 f   LIBCMT:_file.obj
 0001:00012731       __lock_file                10013731 f   LIBCMT:_file.obj
 0001:00012772       __lock_file2               10013772 f   LIBCMT:_file.obj
 0001:000127a4       __unlock_file              100137a4 f   LIBCMT:_file.obj
 0001:000127e0       __unlock_file2             100137e0 f   LIBCMT:_file.obj
 0001:0001280f       __fileno                   1001380f f   LIBCMT:fileno.obj
 0001:00012a67       ___updatetmbcinfo          10013a67 f   LIBCMT:mbctype.obj
 0001:00012b87       __setmbcp_nolock           10013b87 f   LIBCMT:mbctype.obj
 0001:00012d6c       __setmbcp                  10013d6c f   LIBCMT:mbctype.obj
 0001:00012f06       ___initmbctable            10013f06 f   LIBCMT:mbctype.obj
 0001:00012f24       ___freetlocinfo            10013f24 f   LIBCMT:setlocal.obj
 0001:0001306d       ___addlocaleref            1001406d f   LIBCMT:setlocal.obj
 0001:000130fc       ___removelocaleref         100140fc f   LIBCMT:setlocal.obj
 0001:000131d3       ___updatetlocinfo          100141d3 f   LIBCMT:setlocal.obj
 0001:00013249       __initp_misc_cfltcvt_tab   10014249 f   LIBCMT:cmiscdat.obj
 0001:0001326a       __get_printf_count_output  1001426a f   LIBCMT:printf.obj
 0001:00013280       __wctomb_s_l               10014280 f   LIBCMT:wctomb.obj
 0001:000133ec       _wctomb_s                  100143ec f   LIBCMT:wctomb.obj
 0001:00013409       __isleadbyte_l             10014409 f i LIBCMT:_wctype.obj
 0001:00013441       _isleadbyte                10014441 f i LIBCMT:_wctype.obj
 0001:00013460       __aulldvrm                 10014460 f   LIBCMT:ulldvrm.obj
 0001:000134f5       __NMSG_WRITE               100144f5 f   LIBCMT:crt0msg.obj
 0001:000136a0       __FF_MSGBANNER             100146a0 f   LIBCMT:crt0msg.obj
 0001:000136d9       __initp_misc_initcrit      100146d9 f   LIBCMT:initcrit.obj
 0001:000136e8       ___crtInitCritSecAndSpinCount 100146e8 f   LIBCMT:initcrit.obj
 0001:00013748       __local_unwind4            10014748 f   LIBCMT:exsup4.obj
 0001:0001381e       __seh_longjmp_unwind4@4    1001481e f   LIBCMT:exsup4.obj
 0001:0001383a       @_EH4_CallFilterFunc@8     1001483a f   LIBCMT:exsup4.obj
 0001:00013851       @_EH4_TransferToHandler@8  10014851 f   LIBCMT:exsup4.obj
 0001:0001386a       @_EH4_GlobalUnwind@4       1001486a f   LIBCMT:exsup4.obj
 0001:00013884       @_EH4_LocalUnwind@16       10014884 f   LIBCMT:exsup4.obj
 0001:000138a0       __ValidateImageBase        100148a0 f   LIBCMT:pesect.obj
 0001:000138e0       __FindPESection            100148e0 f   LIBCMT:pesect.obj
 0001:00013930       __IsNonwritableInCurrentImage 10014930 f   LIBCMT:pesect.obj
 0001:00013a44       __VEC_memzero              10014a44 f   LIBCMT:p4_memset.obj
 0001:00013ad3       __msize                    10014ad3 f   LIBCMT:msize.obj
 0001:00013b76       __calloc_impl              10014b76 f   LIBCMT:calloc_impl.obj
 0001:00013c94       _realloc                   10014c94 f   LIBCMT:realloc.obj
 0001:00013eaf       __initp_misc_winsig        10014eaf f   LIBCMT:winsig.obj
 0001:00013f04       ___get_sigabrt             10014f04 f   LIBCMT:winsig.obj
 0001:00013f11       _raise                     10014f11 f   LIBCMT:winsig.obj
 0001:000140c1       __initp_misc_rand_s        100150c1 f   LIBCMT:rand_s.obj
 0001:000140d0       __initp_misc_purevirt      100150d0 f   LIBCMT:inithelp.obj
 0001:00014132       __ismbblead                10015132 f   LIBCMT:ismbbyte.obj
 0001:0001414a       _abort                     1001514a f   LIBCMT:abort.obj
 0001:00014264       __global_unwind2           10015264 f   LIBCMT:exsup.obj
 0001:000142c9       __local_unwind2            100152c9 f   LIBCMT:exsup.obj
 0001:0001434d       __abnormal_termination     1001534d f   LIBCMT:exsup.obj
 0001:00014370       __NLG_Notify1              10015370 f   LIBCMT:exsup.obj
 0001:00014379       __NLG_Notify               10015379 f   LIBCMT:exsup.obj
 0001:00014390       __NLG_Dispatch             10015390     LIBCMT:exsup.obj
 0001:00014390       __NLG_Dispatch2            10015390     LIBCMT:exsup.obj
 0001:00014398       __NLG_Call                 10015398 f   LIBCMT:exsup.obj
 0001:0001439a       __NLG_Return2              1001539a     LIBCMT:exsup.obj
 0001:0001439b       __free_osfhnd              1001539b f   LIBCMT:osfinfo.obj
 0001:00014421       __get_osfhandle            10015421 f   LIBCMT:osfinfo.obj
 0001:00014498       ___lock_fhandle            10015498 f   LIBCMT:osfinfo.obj
 0001:00014538       __unlock_fhandle           10015538 f   LIBCMT:osfinfo.obj
 0001:0001455f       __putwch_nolock            1001555f f   LIBCMT:putwch.obj
 0001:00014624       __mbtowc_l                 10015624 f   LIBCMT:mbtowc.obj
 0001:0001473b       _mbtowc                    1001573b f   LIBCMT:mbtowc.obj
 0001:00014760       __alloca_probe             10015760     LIBCMT:chkstk.obj
 0001:00014760       __chkstk                   10015760 f   LIBCMT:chkstk.obj
 0001:0001478b       __fcloseall                1001578b f   LIBCMT:closeall.obj
 0001:0001482a       __flush                    1001582a f   LIBCMT:fflush.obj
 0001:00014892       __fflush_nolock            10015892 f   LIBCMT:fflush.obj
 0001:000149b4       __flushall                 100159b4 f   LIBCMT:fflush.obj
 0001:000149bd       __freea                    100159bd f i LIBCMT:a_map.obj
 0001:00014d82       ___crtLCMapStringA         10015d82 f   LIBCMT:a_map.obj
 0001:00014f81       ___crtGetStringTypeA       10015f81 f   LIBCMT:a_str.obj
 0001:00014fc3       ___free_lc_time            10015fc3 f   LIBCMT:inittime.obj
 0001:00015158       ___free_lconv_num          10016158 f   LIBCMT:initnum.obj
 0001:0001519d       ___free_lconv_mon          1001619d f   LIBCMT:initmon.obj
 0001:0001522b       _strcat_s                  1001622b f   LIBCMT:strcat_s.obj
 0001:000152a0       _strcspn                   100162a0 f   LIBCMT:strcspn.obj
 0001:000152e6       _strncpy_s                 100162e6 f   LIBCMT:strncpy_s.obj
 0001:000153a0       _strpbrk                   100163a0 f   LIBCMT:strpbrk.obj
 0001:000153e0       __fptrap                   100163e0 f   LIBCMT:crt0fp.obj
 0001:00015618       _strtol                    10016618 f   LIBCMT:strtol.obj
 0001:00015643       ___crtMessageBoxA          10016643 f   LIBCMT:crtmbox.obj
 0001:000157ac       __set_error_mode           100167ac f   LIBCMT:errmode.obj
 0001:00015800       __allmul                   10016800 f   LIBCMT:llmul.obj
 0001:00015834       _atol                      10016834 f   LIBCMT:atox.obj
 0001:0001584a       __isdigit_l                1001684a f i LIBCMT:_ctype.obj
 0001:0001589b       _isdigit                   1001689b f i LIBCMT:_ctype.obj
 0001:000158c9       ___initconout              100168c9 f   LIBCMT:initcon.obj
 0001:000158e8       ___termcon                 100168e8 f   LIBCMT:initcon.obj
 0001:00015915       __fclose_nolock            10016915 f   LIBCMT:fclose.obj
 0001:0001598c       _fclose                    1001698c f   LIBCMT:fclose.obj
 0001:00015a08       __commit                   10016a08 f   LIBCMT:commit.obj
 0001:00015ae9       ___ansicp                  10016ae9 f   LIBCMT:convrtcp.obj
 0001:00015b32       ___convertcp               10016b32 f   LIBCMT:convrtcp.obj
 0001:00015cf0       __alloca_probe_16          10016cf0 f   LIBCMT:alloca16.obj
 0001:00015d06       __alloca_probe_8           10016d06     LIBCMT:alloca16.obj
 0001:00015d1c       __isctype_l                10016d1c f   LIBCMT:isctype.obj
 0001:00015dd4       __close_nolock             10016dd4 f   LIBCMT:close.obj
 0001:00015e70       __close                    10016e70 f   LIBCMT:close.obj
 0001:00015f3d       __freebuf                  10016f3d f   LIBCMT:_freebuf.obj
 0001:00015f6e       __tolower_l                10016f6e f   LIBCMT:tolower.obj
 0001:00016083       _tolower                   10017083 f   LIBCMT:tolower.obj
 0001:000160b0       ___ascii_strnicmp          100170b0 f   LIBCMT:_strnicm.obj
 0001:00016130       _strchr                    10017130 f   LIBCMT:strchr.obj
 0001:00016136       ___from_strstr_to_strchr   10017136     LIBCMT:strchr.obj
 0001:000161ee       _RtlUnwind@16              100171ee f   kernel32:KERNEL32.dll
 0001:000161f4       __initp_misc_winxfltr      100171f4 f   LIBCMT:winxfltr.obj
 0001:000161f4       __fpclear                  100171f4 f   LIBCMT:_fpinit_.obj
 0001:000161f5       __cfltcvt_init             100171f5 f   LIBCMT:_fpinit_.obj
 0001:00016255       __fpmath                   10017255 f   LIBCMT:_fpinit_.obj
 0001:00016280       __ftol2_sse                10017280 f   LIBCMT:ftol2.obj
 0001:00016289       __ftol2_pentium4           10017289 f   LIBCMT:ftol2.obj
 0001:0001629c       __ftol2_sse_excpt          1001729c f   LIBCMT:ftol2.obj
 0001:000162b6       __ftol2                    100172b6 f   LIBCMT:ftol2.obj
 0001:0001632b       __forcdecpt_l              1001732b f   LIBCMT:cvt.obj
 0001:0001639e       __cropzeros_l              1001739e f   LIBCMT:cvt.obj
 0001:00016420       __positive                 10017420 f   LIBCMT:cvt.obj
 0001:0001643c       __fassign_l                1001743c f   LIBCMT:cvt.obj
 0001:0001647e       __fassign                  1001747e f   LIBCMT:cvt.obj
 0001:000164b7       __forcdecpt                100174b7 f   LIBCMT:cvt.obj
 0001:000164ca       __cropzeros                100174ca f   LIBCMT:cvt.obj
 0001:0001664c       __cftoe_l                  1001764c f   LIBCMT:cvt.obj
 0001:0001671c       __cftoe                    1001771c f   LIBCMT:cvt.obj
 0001:0001673c       __cftoa_l                  1001773c f   LIBCMT:cvt.obj
 0001:00016ba6       __cftof_l                  10017ba6 f   LIBCMT:cvt.obj
 0001:00016c61       __cftog_l                  10017c61 f   LIBCMT:cvt.obj
 0001:00016d5b       __cfltcvt_l                10017d5b f   LIBCMT:cvt.obj
 0001:00016de3       __cfltcvt                  10017de3 f   LIBCMT:cvt.obj
 0001:00016e06       __setdefaultprecision      10017e06 f   LIBCMT:fp8.obj
 0001:00016e31       __ms_p5_test_fdiv          10017e31 f   LIBCMT:_testfdiv_.obj
 0001:00016e6f       __ms_p5_mp_test_fdiv       10017e6f f   LIBCMT:_testfdiv_.obj
 0001:00016ea0       _strrchr                   10017ea0 f   LIBCMT:strrchr.obj
 0001:00016ecd       __atodbl_l                 10017ecd f   LIBCMT:atodbl.obj
 0001:00016f75       __atoflt_l                 10017f75 f   LIBCMT:atodbl.obj
 0001:0001701d       __fptostr                  1001801d f   LIBCMT:_fptostr.obj
 0001:000170dc       ___dtold                   100180dc f   LIBCMT:_cfout_.obj
 0001:00017199       __fltout2                  10018199 f   LIBCMT:_cfout_.obj
 0001:00017230       __alldvrm                  10018230 f   LIBCMT:lldvrm.obj
 0001:00017310       __aullshr                  10018310 f   LIBCMT:ullshr.obj
 0001:0001732f       __controlfp_s              1001832f f   LIBCMT:_contrlfp_.obj
 0001:0001739b       __ld12tod                  1001839b f   LIBCMT:_intrncvt_.obj
 0001:000178df       __ld12tof                  100188df f   LIBCMT:_intrncvt_.obj
 0001:00017e23       ___strgtold12_l            10018e23 f   LIBCMT:_strgtold_.obj
 0001:0001851b       _$I10_OUTPUT               1001951b f   LIBCMT:_x10fout_.obj
 0001:00018f6d       __control87                10019f6d f i LIBCMT:_ieee87_.obj
 0001:0001927c       ___mtold12                 1001a27c f   LIBCMT:_mantold_.obj
 0001:0001944a       ___set_fpsr_sse2           1001a44a f   LIBCMT:_fpctrl_.obj
 0002:00000000       __imp__GetProcAddress@8    1001b000     kernel32:KERNEL32.dll
 0002:00000004       __imp__LoadLibraryA@4      1001b004     kernel32:KERNEL32.dll
 0002:00000008       __imp__CreateFileA@28      1001b008     kernel32:KERNEL32.dll
 0002:0000000c       __imp__SetFilePointer@16   1001b00c     kernel32:KERNEL32.dll
 0002:00000010       __imp__CloseHandle@4       1001b010     kernel32:KERNEL32.dll
 0002:00000014       __imp__GetLastError@0      1001b014     kernel32:KERNEL32.dll
 0002:00000018       __imp__HeapFree@12         1001b018     kernel32:KERNEL32.dll
 0002:0000001c       __imp__GetCurrentThreadId@0 1001b01c     kernel32:KERNEL32.dll
 0002:00000020       __imp__GetCommandLineA@0   1001b020     kernel32:KERNEL32.dll
 0002:00000024       __imp__RaiseException@16   1001b024     kernel32:KERNEL32.dll
 0002:00000028       __imp__RtlUnwind@16        1001b028     kernel32:KERNEL32.dll
 0002:0000002c       __imp__TerminateProcess@8  1001b02c     kernel32:KERNEL32.dll
 0002:00000030       __imp__GetCurrentProcess@0 1001b030     kernel32:KERNEL32.dll
 0002:00000034       __imp__UnhandledExceptionFilter@4 1001b034     kernel32:KERNEL32.dll
 0002:00000038       __imp__SetUnhandledExceptionFilter@4 1001b038     kernel32:KERNEL32.dll
 0002:0000003c       __imp__IsDebuggerPresent@0 1001b03c     kernel32:KERNEL32.dll
 0002:00000040       __imp__HeapAlloc@12        1001b040     kernel32:KERNEL32.dll
 0002:00000044       __imp__HeapCreate@12       1001b044     kernel32:KERNEL32.dll
 0002:00000048       __imp__HeapDestroy@4       1001b048     kernel32:KERNEL32.dll
 0002:0000004c       __imp__VirtualFree@12      1001b04c     kernel32:KERNEL32.dll
 0002:00000050       __imp__DeleteCriticalSection@4 1001b050     kernel32:KERNEL32.dll
 0002:00000054       __imp__LeaveCriticalSection@4 1001b054     kernel32:KERNEL32.dll
 0002:00000058       __imp__EnterCriticalSection@4 1001b058     kernel32:KERNEL32.dll
 0002:0000005c       __imp__VirtualAlloc@16     1001b05c     kernel32:KERNEL32.dll
 0002:00000060       __imp__HeapReAlloc@16      1001b060     kernel32:KERNEL32.dll
 0002:00000064       __imp__GetModuleHandleW@4  1001b064     kernel32:KERNEL32.dll
 0002:00000068       __imp__TlsGetValue@4       1001b068     kernel32:KERNEL32.dll
 0002:0000006c       __imp__TlsAlloc@0          1001b06c     kernel32:KERNEL32.dll
 0002:00000070       __imp__TlsSetValue@8       1001b070     kernel32:KERNEL32.dll
 0002:00000074       __imp__TlsFree@4           1001b074     kernel32:KERNEL32.dll
 0002:00000078       __imp__InterlockedIncrement@4 1001b078     kernel32:KERNEL32.dll
 0002:0000007c       __imp__SetLastError@4      1001b07c     kernel32:KERNEL32.dll
 0002:00000080       __imp__InterlockedDecrement@4 1001b080     kernel32:KERNEL32.dll
 0002:00000084       __imp__Sleep@4             1001b084     kernel32:KERNEL32.dll
 0002:00000088       __imp__ExitProcess@4       1001b088     kernel32:KERNEL32.dll
 0002:0000008c       __imp__SetHandleCount@4    1001b08c     kernel32:KERNEL32.dll
 0002:00000090       __imp__GetStdHandle@4      1001b090     kernel32:KERNEL32.dll
 0002:00000094       __imp__GetFileType@4       1001b094     kernel32:KERNEL32.dll
 0002:00000098       __imp__GetStartupInfoA@4   1001b098     kernel32:KERNEL32.dll
 0002:0000009c       __imp__GetModuleFileNameA@12 1001b09c     kernel32:KERNEL32.dll
 0002:000000a0       __imp__FreeEnvironmentStringsA@4 1001b0a0     kernel32:KERNEL32.dll
 0002:000000a4       __imp__GetEnvironmentStrings@0 1001b0a4     kernel32:KERNEL32.dll
 0002:000000a8       __imp__FreeEnvironmentStringsW@4 1001b0a8     kernel32:KERNEL32.dll
 0002:000000ac       __imp__WideCharToMultiByte@32 1001b0ac     kernel32:KERNEL32.dll
 0002:000000b0       __imp__GetEnvironmentStringsW@0 1001b0b0     kernel32:KERNEL32.dll
 0002:000000b4       __imp__QueryPerformanceCounter@4 1001b0b4     kernel32:KERNEL32.dll
 0002:000000b8       __imp__GetTickCount@0      1001b0b8     kernel32:KERNEL32.dll
 0002:000000bc       __imp__GetCurrentProcessId@0 1001b0bc     kernel32:KERNEL32.dll
 0002:000000c0       __imp__GetSystemTimeAsFileTime@4 1001b0c0     kernel32:KERNEL32.dll
 0002:000000c4       __imp__WriteFile@20        1001b0c4     kernel32:KERNEL32.dll
 0002:000000c8       __imp__GetConsoleCP@0      1001b0c8     kernel32:KERNEL32.dll
 0002:000000cc       __imp__GetConsoleMode@8    1001b0cc     kernel32:KERNEL32.dll
 0002:000000d0       __imp__GetCPInfo@8         1001b0d0     kernel32:KERNEL32.dll
 0002:000000d4       __imp__GetACP@0            1001b0d4     kernel32:KERNEL32.dll
 0002:000000d8       __imp__GetOEMCP@0          1001b0d8     kernel32:KERNEL32.dll
 0002:000000dc       __imp__IsValidCodePage@4   1001b0dc     kernel32:KERNEL32.dll
 0002:000000e0       __imp__InitializeCriticalSectionAndSpinCount@8 1001b0e0     kernel32:KERNEL32.dll
 0002:000000e4       __imp__HeapSize@12         1001b0e4     kernel32:KERNEL32.dll
 0002:000000e8       __imp__SetStdHandle@8      1001b0e8     kernel32:KERNEL32.dll
 0002:000000ec       __imp__WriteConsoleA@20    1001b0ec     kernel32:KERNEL32.dll
 0002:000000f0       __imp__GetConsoleOutputCP@0 1001b0f0     kernel32:KERNEL32.dll
 0002:000000f4       __imp__WriteConsoleW@20    1001b0f4     kernel32:KERNEL32.dll
 0002:000000f8       __imp__MultiByteToWideChar@24 1001b0f8     kernel32:KERNEL32.dll
 0002:000000fc       __imp__LCMapStringA@24     1001b0fc     kernel32:KERNEL32.dll
 0002:00000100       __imp__LCMapStringW@24     1001b100     kernel32:KERNEL32.dll
 0002:00000104       __imp__GetStringTypeA@20   1001b104     kernel32:KERNEL32.dll
 0002:00000108       __imp__GetStringTypeW@16   1001b108     kernel32:KERNEL32.dll
 0002:0000010c       __imp__GetLocaleInfoA@16   1001b10c     kernel32:KERNEL32.dll
 0002:00000110       __imp__FlushFileBuffers@4  1001b110     kernel32:KERNEL32.dll
 0002:00000114       __imp__GetModuleHandleA@4  1001b114     kernel32:KERNEL32.dll
 0002:00000118       \177KERNEL32_NULL_THUNK_DATA 1001b118     kernel32:KERNEL32.dll
 0002:0000011c       ___xc_a                    1001b11c     LIBCMT:crt0init.obj
 0002:00000120       ___xc_z                    1001b120     LIBCMT:crt0init.obj
 0002:00000124       ___xi_a                    1001b124     LIBCMT:crt0init.obj
 0002:00000138       ___xi_z                    1001b138     LIBCMT:crt0init.obj
 0002:0000013c       ___xp_a                    1001b13c     LIBCMT:crt0init.obj
 0002:00000148       ___xp_z                    1001b148     LIBCMT:crt0init.obj
 0002:0000014c       ___xt_a                    1001b14c     LIBCMT:crt0init.obj
 0002:00000150       ___xt_z                    1001b150     LIBCMT:crt0init.obj
 0002:00000180       ??_7bad_alloc@std@@6B@     1001b180     libcpmt:string.obj
 0002:0000018c       ??_7exception@std@@6B@     1001b18c     LIBCMT:stdexcpt.obj
 0002:00000194       ??_C@_0BC@EOODALEL@Unknown?5exception?$AA@ 1001b194     LIBCMT:stdexcpt.obj
 0002:000001ac       ??_7type_info@@6B@         1001b1ac     LIBCMT:typinfo.obj
 0002:000001b0       __pRawDllMain              1001b1b0     LIBCMT:dllcrt0.obj
 0002:000001b0       __pDefaultRawDllMain       1001b1b0     LIBCMT:dllcrt0.obj
 0002:000001dc       ??_C@_1O@CEDCILHN@?$AA?$CI?$AAn?$AAu?$AAl?$AAl?$AA?$CJ?$AA?$AA@ 1001b1dc     LIBCMT:output.obj
 0002:000001ec       ??_C@_06OJHGLDPL@?$CInull?$CJ?$AA@ 1001b1ec     LIBCMT:output.obj
 0002:000001f8       ___lookuptable             1001b1f8     LIBCMT:output.obj
 0002:00000254       ??_C@_0O@NLDKAIKN@EncodePointer?$AA@ 1001b254     LIBCMT:tidtable.obj
 0002:00000264       ??_C@_1BK@DBDEIDLH@?$AAK?$AAE?$AAR?$AAN?$AAE?$AAL?$AA3?$AA2?$AA?4?$AAD?$AAL?$AAL?$AA?$AA@ 1001b264     LIBCMT:tidtable.obj
 0002:00000280       ??_C@_0O@KBPMFGHI@DecodePointer?$AA@ 1001b280     LIBCMT:tidtable.obj
 0002:00000290       ??_C@_07PEJMOBNF@FlsFree?$AA@ 1001b290     LIBCMT:tidtable.obj
 0002:00000298       ??_C@_0M@JCPCPOEF@FlsSetValue?$AA@ 1001b298     LIBCMT:tidtable.obj
 0002:000002a4       ??_C@_0M@GDNOONDI@FlsGetValue?$AA@ 1001b2a4     LIBCMT:tidtable.obj
 0002:000002b0       ??_C@_08KNHFBNJ@FlsAlloc?$AA@ 1001b2b0     LIBCMT:tidtable.obj
 0002:000002bc       ??_C@_0P@MIGLKIOC@CorExitProcess?$AA@ 1001b2bc     LIBCMT:crt0dat.obj
 0002:000002cc       ??_C@_1BI@BGOHAHKC@?$AAm?$AAs?$AAc?$AAo?$AAr?$AAe?$AAe?$AA?4?$AAd?$AAl?$AAl?$AA?$AA@ 1001b2cc     LIBCMT:crt0dat.obj
 0002:000002e8       __XcptActTab               1001b2e8     LIBCMT:winxfltr.obj
 0002:00000360       __pDestructExceptionObject 1001b360     LIBCMT:frame.obj
 0002:000003e8       ??_C@_01NEMOKFLO@?$DN?$AA@ 1001b3e8     LIBCMT:setlocal.obj
 0002:000003f0       ___lookuptable_s           1001b3f0     LIBCMT:outputs.obj
 0002:0000044c       ??_C@_0P@GGKDKEEG@runtime?5error?5?$AA@ 1001b44c     LIBCMT:crt0msg.obj
 0002:0000045c       ??_C@_02PCIJFNDE@?$AN?6?$AA@ 1001b45c     LIBCMT:crt0msg.obj
 0002:00000460       ??_C@_0O@MJNIPGOH@TLOSS?5error?$AN?6?$AA@ 1001b460     LIBCMT:crt0msg.obj
 0002:00000470       ??_C@_0N@BONNPDHF@SING?5error?$AN?6?$AA@ 1001b470     LIBCMT:crt0msg.obj
 0002:00000480       ??_C@_0P@MBDAJNE@DOMAIN?5error?$AN?6?$AA@ 1001b480     LIBCMT:crt0msg.obj
 0002:00000490       ??_C@_0JL@DFDOOABL@R6034?$AN?6An?5application?5has?5made?5a@ 1001b490     LIBCMT:crt0msg.obj
 0002:00000530       ??_C@_0PH@EPAFIJ@R6033?$AN?6?9?5Attempt?5to?5use?5MSIL?5cod@ 1001b530     LIBCMT:crt0msg.obj
 0002:00000628       ??_C@_0DD@BKEEABMM@R6032?$AN?6?9?5not?5enough?5space?5for?5lo@ 1001b628     LIBCMT:crt0msg.obj
 0002:00000660       ??_C@_0GD@OFKILIED@R6031?$AN?6?9?5Attempt?5to?5initialize?5t@ 1001b660     LIBCMT:crt0msg.obj
 0002:000006c4       ??_C@_0BP@LPMHJOKI@R6030?$AN?6?9?5CRT?5not?5initialized?$AN?6?$AA@ 1001b6c4     LIBCMT:crt0msg.obj
 0002:000006e4       ??_C@_0CF@KJDAIALP@R6028?$AN?6?9?5unable?5to?5initialize?5he@ 1001b6e4     LIBCMT:crt0msg.obj
 0002:0000070c       ??_C@_0DF@GAKBPDFP@R6027?$AN?6?9?5not?5enough?5space?5for?5lo@ 1001b70c     LIBCMT:crt0msg.obj
 0002:00000744       ??_C@_0DF@IBLNNAIG@R6026?$AN?6?9?5not?5enough?5space?5for?5st@ 1001b744     LIBCMT:crt0msg.obj
 0002:0000077c       ??_C@_0CG@IOHKGFNJ@R6025?$AN?6?9?5pure?5virtual?5function?5c@ 1001b77c     LIBCMT:crt0msg.obj
 0002:000007a4       ??_C@_0DF@JIJJFJDC@R6024?$AN?6?9?5not?5enough?5space?5for?5_o@ 1001b7a4     LIBCMT:crt0msg.obj
 0002:000007dc       ??_C@_0CJ@EGEJHFME@R6019?$AN?6?9?5unable?5to?5open?5console?5@ 1001b7dc     LIBCMT:crt0msg.obj
 0002:00000808       ??_C@_0CB@GNHNIELH@R6018?$AN?6?9?5unexpected?5heap?5error?$AN?6@ 1001b808     LIBCMT:crt0msg.obj
 0002:0000082c       ??_C@_0CN@FOLDKNG@R6017?$AN?6?9?5unexpected?5multithread?5@ 1001b82c     LIBCMT:crt0msg.obj
 0002:0000085c       ??_C@_0CM@FAHFJNHO@R6016?$AN?6?9?5not?5enough?5space?5for?5th@ 1001b85c     LIBCMT:crt0msg.obj
 0002:00000888       ??_C@_0JG@LBKMGKLD@?$AN?6This?5application?5has?5requested@ 1001b888     LIBCMT:crt0msg.obj
 0002:00000920       ??_C@_0CM@FLCNIPKK@R6009?$AN?6?9?5not?5enough?5space?5for?5en@ 1001b920     LIBCMT:crt0msg.obj
 0002:0000094c       ??_C@_0CK@KMMJOAPP@R6008?$AN?6?9?5not?5enough?5space?5for?5ar@ 1001b94c     LIBCMT:crt0msg.obj
 0002:00000978       ??_C@_0CN@LEKKICBM@R6002?$AN?6?9?5floating?5point?5support?5@ 1001b978     LIBCMT:crt0msg.obj
 0002:000009a8       ??_C@_0CF@GOGNBNAK@Microsoft?5Visual?5C?$CL?$CL?5Runtime?5Lib@ 1001b9a8     LIBCMT:crt0msg.obj
 0002:000009d0       ??_C@_02PHMGELLB@?6?6?$AA@ 1001b9d0     LIBCMT:crt0msg.obj
 0002:000009d4       ??_C@_03KHICJKCI@?4?4?4?$AA@ 1001b9d4     LIBCMT:crt0msg.obj
 0002:000009d8       ??_C@_0BH@DNAGHKFM@?$DMprogram?5name?5unknown?$DO?$AA@ 1001b9d8     LIBCMT:crt0msg.obj
 0002:000009f0       ??_C@_0BK@OFGJDLJJ@Runtime?5Error?$CB?6?6Program?3?5?$AA@ 1001b9f0     LIBCMT:crt0msg.obj
 0002:00000a0c       ??_C@_0BK@CFCOFLF@?5Complete?5Object?5Locator?8?$AA@ 1001ba0c     LIBCMT:undname.obj
 0002:00000a28       ??_C@_0BN@MECKDCOJ@?5Class?5Hierarchy?5Descriptor?8?$AA@ 1001ba28     LIBCMT:undname.obj
 0002:00000a48       ??_C@_0BD@LGICGFMM@?5Base?5Class?5Array?8?$AA@ 1001ba48     LIBCMT:undname.obj
 0002:00000a5c       ??_C@_0BM@LDKODKLH@?5Base?5Class?5Descriptor?5at?5?$CI?$AA@ 1001ba5c     LIBCMT:undname.obj
 0002:00000a78       ??_C@_0BC@DAFEJGAK@?5Type?5Descriptor?8?$AA@ 1001ba78     LIBCMT:undname.obj
 0002:00000a8c       ??_C@_0BM@PMGGMLDN@?$GAlocal?5static?5thread?5guard?8?$AA@ 1001ba8c     LIBCMT:undname.obj
 0002:00000aa8       ??_C@_0CL@FGIJHLCE@?$GAmanaged?5vector?5copy?5constructor@ 1001baa8     LIBCMT:undname.obj
 0002:00000ad4       ??_C@_0CJ@GJELGAMM@?$GAvector?5vbase?5copy?5constructor?5i@ 1001bad4     LIBCMT:undname.obj
 0002:00000b00       ??_C@_0CD@CGAJBKEJ@?$GAvector?5copy?5constructor?5iterato@ 1001bb00     LIBCMT:undname.obj
 0002:00000b24       ??_C@_0CB@PDBIFEP@?$GAdynamic?5atexit?5destructor?5for?5?8@ 1001bb24     LIBCMT:undname.obj
 0002:00000b48       ??_C@_0BL@CLIPGLGB@?$GAdynamic?5initializer?5for?5?8?$AA@ 1001bb48     LIBCMT:undname.obj
 0002:00000b64       ??_C@_0CM@FCBBDIGB@?$GAeh?5vector?5vbase?5copy?5constructo@ 1001bb64     LIBCMT:undname.obj
 0002:00000b90       ??_C@_0CG@HLDDJMAG@?$GAeh?5vector?5copy?5constructor?5iter@ 1001bb90     LIBCMT:undname.obj
 0002:00000bb8       ??_C@_0CF@IMGKMJNO@?$GAmanaged?5vector?5destructor?5itera@ 1001bbb8     LIBCMT:undname.obj
 0002:00000be0       ??_C@_0CG@CFDHKGGD@?$GAmanaged?5vector?5constructor?5iter@ 1001bbe0     LIBCMT:undname.obj
 0002:00000c08       ??_C@_0BN@CKNJLHMB@?$GAplacement?5delete?$FL?$FN?5closure?8?$AA@ 1001bc08     LIBCMT:undname.obj
 0002:00000c28       ??_C@_0BL@CNOONJFP@?$GAplacement?5delete?5closure?8?$AA@ 1001bc28     LIBCMT:undname.obj
 0002:00000c44       ??_C@_0P@HJKNJFNN@?$GAomni?5callsig?8?$AA@ 1001bc44     LIBCMT:undname.obj
 0002:00000c54       ??_C@_09LBNFPBCA@?5delete?$FL?$FN?$AA@ 1001bc54     LIBCMT:undname.obj
 0002:00000c60       ??_C@_06FHBGPFGH@?5new?$FL?$FN?$AA@ 1001bc60     LIBCMT:undname.obj
 0002:00000c68       ??_C@_0CE@IIHCMGGL@?$GAlocal?5vftable?5constructor?5closu@ 1001bc68     LIBCMT:undname.obj
 0002:00000c8c       ??_C@_0BA@KKLDJDLB@?$GAlocal?5vftable?8?$AA@ 1001bc8c     LIBCMT:undname.obj
 0002:00000c9c       ??_C@_05KHLCHHI@?$GARTTI?$AA@ 1001bc9c     LIBCMT:undname.obj
 0002:00000ca4       ??_C@_03KLGMFNMG@?$GAEH?$AA@ 1001bca4     LIBCMT:undname.obj
 0002:00000ca8       ??_C@_0BA@KBCDOMBN@?$GAudt?5returning?8?$AA@ 1001bca8     LIBCMT:undname.obj
 0002:00000cb8       ??_C@_0BL@LLKPOHJI@?$GAcopy?5constructor?5closure?8?$AA@ 1001bcb8     LIBCMT:undname.obj
 0002:00000cd4       ??_C@_0CH@OOJPLCPH@?$GAeh?5vector?5vbase?5constructor?5ite@ 1001bcd4     LIBCMT:undname.obj
 0002:00000cfc       ??_C@_0CA@GCEOPDGL@?$GAeh?5vector?5destructor?5iterator?8?$AA@ 1001bcfc     LIBCMT:undname.obj
 0002:00000d1c       ??_C@_0CB@JONCMFFK@?$GAeh?5vector?5constructor?5iterator?8@ 1001bd1c     LIBCMT:undname.obj
 0002:00000d40       ??_C@_0BL@NILFHHPC@?$GAvirtual?5displacement?5map?8?$AA@ 1001bd40     LIBCMT:undname.obj
 0002:00000d5c       ??_C@_0CE@IKBNEHA@?$GAvector?5vbase?5constructor?5iterat@ 1001bd5c     LIBCMT:undname.obj
 0002:00000d80       ??_C@_0BN@LFPFMEDL@?$GAvector?5destructor?5iterator?8?$AA@ 1001bd80     LIBCMT:undname.obj
 0002:00000da0       ??_C@_0BO@PFGOCPJJ@?$GAvector?5constructor?5iterator?8?$AA@ 1001bda0     LIBCMT:undname.obj
 0002:00000dc0       ??_C@_0BN@IMDCHIKM@?$GAscalar?5deleting?5destructor?8?$AA@ 1001bdc0     LIBCMT:undname.obj
 0002:00000de0       ??_C@_0BO@OBMKPJIG@?$GAdefault?5constructor?5closure?8?$AA@ 1001bde0     LIBCMT:undname.obj
 0002:00000e00       ??_C@_0BN@DEGPLNFK@?$GAvector?5deleting?5destructor?8?$AA@ 1001be00     LIBCMT:undname.obj
 0002:00000e20       ??_C@_0BD@JDLKDPAB@?$GAvbase?5destructor?8?$AA@ 1001be20     LIBCMT:undname.obj
 0002:00000e34       ??_C@_08OBABFOLI@?$GAstring?8?$AA@ 1001be34     LIBCMT:undname.obj
 0002:00000e40       ??_C@_0BF@KDPPACIK@?$GAlocal?5static?5guard?8?$AA@ 1001be40     LIBCMT:undname.obj
 0002:00000e58       ??_C@_08LLFFHHDJ@?$GAtypeof?8?$AA@ 1001be58     LIBCMT:undname.obj
 0002:00000e64       ??_C@_07FEEIOKP@?$GAvcall?8?$AA@ 1001be64     LIBCMT:undname.obj
 0002:00000e6c       ??_C@_09BLBHBJP@?$GAvbtable?8?$AA@ 1001be6c     LIBCMT:undname.obj
 0002:00000e78       ??_C@_09IFPLHPGF@?$GAvftable?8?$AA@ 1001be78     LIBCMT:undname.obj
 0002:00000e84       ??_C@_02MHEGNOJ@?$FO?$DN?$AA@ 1001be84     LIBCMT:undname.obj
 0002:00000e88       ??_C@_02DHLNPPGH@?$HM?$DN?$AA@ 1001be88     LIBCMT:undname.obj
 0002:00000e8c       ??_C@_02FGJGFEAB@?$CG?$DN?$AA@ 1001be8c     LIBCMT:undname.obj
 0002:00000e90       ??_C@_03CDNPDDLA@?$DM?$DM?$DN?$AA@ 1001be90     LIBCMT:undname.obj
 0002:00000e94       ??_C@_03IKFCCPFF@?$DO?$DO?$DN?$AA@ 1001be94     LIBCMT:undname.obj
 0002:00000e98       ??_C@_02FENAOKFI@?$CF?$DN?$AA@ 1001be98     LIBCMT:undname.obj
 0002:00000e9c       ??_C@_02FJEHGPIO@?1?$DN?$AA@ 1001be9c     LIBCMT:undname.obj
 0002:00000ea0       ??_C@_02FKMDLLOA@?9?$DN?$AA@ 1001bea0     LIBCMT:undname.obj
 0002:00000ea4       ??_C@_02FOEOMHFC@?$CL?$DN?$AA@ 1001bea4     LIBCMT:undname.obj
 0002:00000ea8       ??_C@_02FPIMKNGF@?$CK?$DN?$AA@ 1001bea8     LIBCMT:undname.obj
 0002:00000eac       ??_C@_02NONPIBCD@?$HM?$HM?$AA@ 1001beac     LIBCMT:undname.obj
 0002:00000eb0       ??_C@_02PPKAJPJL@?$CG?$CG?$AA@ 1001beb0     LIBCMT:undname.obj
 0002:00000eb4       ??_C@_01DNKMNLPK@?$HM?$AA@ 1001beb4     LIBCMT:undname.obj
 0002:00000eb8       ??_C@_01JKBOJNNK@?$FO?$AA@ 1001beb8     LIBCMT:undname.obj
 0002:00000ebc       ??_C@_01PJKLJHI@?$HO?$AA@  1001bebc     LIBCMT:undname.obj
 0002:00000ec0       ??_C@_02HCKGKOFO@?$CI?$CJ?$AA@ 1001bec0     LIBCMT:undname.obj
 0002:00000ec4       ??_C@_01IHBHIGKO@?0?$AA@   1001bec4     LIBCMT:undname.obj
 0002:00000ec8       ??_C@_02EEKDKGMJ@?$DO?$DN?$AA@ 1001bec8     LIBCMT:undname.obj
 0002:00000ecc       ??_C@_01PPODPGHN@?$DO?$AA@ 1001becc     LIBCMT:undname.obj
 0002:00000ed0       ??_C@_02EHCHHCKH@?$DM?$DN?$AA@ 1001bed0     LIBCMT:undname.obj
 0002:00000ed4       ??_C@_01MNNFJEPP@?$DM?$AA@ 1001bed4     LIBCMT:undname.obj
 0002:00000ed8       ??_C@_01FGNFDNOH@?$CF?$AA@ 1001bed8     LIBCMT:undname.obj
 0002:00000edc       ??_C@_01KMDKNFGN@?1?$AA@   1001bedc     LIBCMT:undname.obj
 0002:00000ee0       ??_C@_03MNHNFDLC@?9?$DO?$CK?$AA@ 1001bee0     LIBCMT:undname.obj
 0002:00000ee4       ??_C@_01HNPIGOCE@?$CG?$AA@ 1001bee4     LIBCMT:undname.obj
 0002:00000ee8       ??_C@_01MIFGBAGJ@?$CL?$AA@ 1001bee8     LIBCMT:undname.obj
 0002:00000eec       ??_C@_01JOAMLHOP@?9?$AA@   1001beec     LIBCMT:undname.obj
 0002:00000ef0       ??_C@_02BAABKJLB@?9?9?$AA@ 1001bef0     LIBCMT:undname.obj
 0002:00000ef4       ??_C@_02ECNGHCIF@?$CL?$CL?$AA@ 1001bef4     LIBCMT:undname.obj
 0002:00000ef8       ??_C@_01NBENCBCI@?$CK?$AA@ 1001bef8     LIBCMT:undname.obj
 0002:00000efc       ??_C@_02HBOOOICD@?9?$DO?$AA@ 1001befc     LIBCMT:undname.obj
 0002:00000f00       ??_C@_08LHJFAFGD@operator?$AA@ 1001bf00     LIBCMT:undname.obj
 0002:00000f0c       ??_C@_02GPECMEKF@?$FL?$FN?$AA@ 1001bf0c     LIBCMT:undname.obj
 0002:00000f10       ??_C@_02FDNJECIE@?$CB?$DN?$AA@ 1001bf10     LIBCMT:undname.obj
 0002:00000f14       ??_C@_02EGOFBIJA@?$DN?$DN?$AA@ 1001bf14     LIBCMT:undname.obj
 0002:00000f18       ??_C@_01DCLJPIOD@?$CB?$AA@ 1001bf18     LIBCMT:undname.obj
 0002:00000f1c       ??_C@_02FODMEDOG@?$DM?$DM?$AA@ 1001bf1c     LIBCMT:undname.obj
 0002:00000f20       ??_C@_02GPIOPFAK@?$DO?$DO?$AA@ 1001bf20     LIBCMT:undname.obj
 0002:00000f24       ??_C@_07FPCDHGMM@?5delete?$AA@ 1001bf24     LIBCMT:undname.obj
 0002:00000f2c       ??_C@_04NIHEBCM@?5new?$AA@ 1001bf2c     LIBCMT:undname.obj
 0002:00000f34       ??_C@_0M@GFIIJFMG@__unaligned?$AA@ 1001bf34     LIBCMT:undname.obj
 0002:00000f40       ??_C@_0L@PILCLIHE@__restrict?$AA@ 1001bf40     LIBCMT:undname.obj
 0002:00000f4c       ??_C@_07JOMMBBKO@__ptr64?$AA@ 1001bf4c     LIBCMT:undname.obj
 0002:00000f54       ??_C@_09HIJEGCPM@__clrcall?$AA@ 1001bf54     LIBCMT:undname.obj
 0002:00000f60       ??_C@_0L@JMKHOMEK@__fastcall?$AA@ 1001bf60     LIBCMT:undname.obj
 0002:00000f6c       ??_C@_0L@NPHFGOKO@__thiscall?$AA@ 1001bf6c     LIBCMT:undname.obj
 0002:00000f78       ??_C@_09IFJBGAPI@__stdcall?$AA@ 1001bf78     LIBCMT:undname.obj
 0002:00000f84       ??_C@_08GHMPAG@__pascal?$AA@ 1001bf84     LIBCMT:undname.obj
 0002:00000f90       ??_C@_07KOLFKCDI@__cdecl?$AA@ 1001bf90     LIBCMT:undname.obj
 0002:00000f98       ??_C@_08EHJDFFNH@__based?$CI?$AA@ 1001bf98     LIBCMT:undname.obj
 0002:00001128       ??_C@_13NOLLCAOD@?$AA?$AA?$AA?$AA@ 1001c128     LIBCMT:a_map.obj
 0002:00001130       ___newctype                1001c130     LIBCMT:ctype.obj
 0002:00001430       __wctype                   1001c430     LIBCMT:ctype.obj
 0002:00001638       ___newclmap                1001c638     LIBCMT:ctype.obj
 0002:000017b8       ___newcumap                1001c7b8     LIBCMT:ctype.obj
 0002:00001938       ??_C@_08JCCMCCIL@HH?3mm?3ss?$AA@ 1001c938     LIBCMT:strftime.obj
 0002:00001944       ??_C@_0BE@CKGJFCPC@dddd?0?5MMMM?5dd?0?5yyyy?$AA@ 1001c944     LIBCMT:strftime.obj
 0002:00001958       ??_C@_08BPBNCDIB@MM?1dd?1yy?$AA@ 1001c958     LIBCMT:strftime.obj
 0002:00001964       ??_C@_02CJNFDJBF@PM?$AA@   1001c964     LIBCMT:strftime.obj
 0002:00001968       ??_C@_02DEDBPAFC@AM?$AA@   1001c968     LIBCMT:strftime.obj
 0002:0000196c       ??_C@_08EDHMEBNP@December?$AA@ 1001c96c     LIBCMT:strftime.obj
 0002:00001978       ??_C@_08HCHEGEOA@November?$AA@ 1001c978     LIBCMT:strftime.obj
 0002:00001984       ??_C@_07JJNFCEND@October?$AA@ 1001c984     LIBCMT:strftime.obj
 0002:0000198c       ??_C@_09BHHEALKD@September?$AA@ 1001c98c     LIBCMT:strftime.obj
 0002:00001998       ??_C@_06LBBHFDDG@August?$AA@ 1001c998     LIBCMT:strftime.obj
 0002:000019a0       ??_C@_04MIEPOIFP@July?$AA@ 1001c9a0     LIBCMT:strftime.obj
 0002:000019a8       ??_C@_04CNLMGBGM@June?$AA@ 1001c9a8     LIBCMT:strftime.obj
 0002:000019b0       ??_C@_05DMJDNLEJ@April?$AA@ 1001c9b0     LIBCMT:strftime.obj
 0002:000019b8       ??_C@_05HPCKOFNC@March?$AA@ 1001c9b8     LIBCMT:strftime.obj
 0002:000019c0       ??_C@_08GNJGEPFN@February?$AA@ 1001c9c0     LIBCMT:strftime.obj
 0002:000019cc       ??_C@_07CGJPFGJA@January?$AA@ 1001c9cc     LIBCMT:strftime.obj
 0002:000019d4       ??_C@_03MKABNOCG@Dec?$AA@  1001c9d4     LIBCMT:strftime.obj
 0002:000019d8       ??_C@_03JPJOFNIA@Nov?$AA@  1001c9d8     LIBCMT:strftime.obj
 0002:000019dc       ??_C@_03BMAOKBAD@Oct?$AA@  1001c9dc     LIBCMT:strftime.obj
 0002:000019e0       ??_C@_03GGCAPAJC@Sep?$AA@  1001c9e0     LIBCMT:strftime.obj
 0002:000019e4       ??_C@_03IFJFEIGA@Aug?$AA@  1001c9e4     LIBCMT:strftime.obj
 0002:000019e8       ??_C@_03LBGABGKK@Jul?$AA@  1001c9e8     LIBCMT:strftime.obj
 0002:000019ec       ??_C@_03IDFGHECI@Jun?$AA@  1001c9ec     LIBCMT:strftime.obj
 0002:000019f0       ??_C@_03CNMDKL@May?$AA@    1001c9f0     LIBCMT:strftime.obj
 0002:000019f4       ??_C@_03LEOLGMJP@Apr?$AA@  1001c9f4     LIBCMT:strftime.obj
 0002:000019f8       ??_C@_03ODNJBKGA@Mar?$AA@  1001c9f8     LIBCMT:strftime.obj
 0002:000019fc       ??_C@_03HJBDCHOM@Feb?$AA@  1001c9fc     LIBCMT:strftime.obj
 0002:00001a00       ??_C@_03JIHJHPIE@Jan?$AA@  1001ca00     LIBCMT:strftime.obj
 0002:00001a04       ??_C@_08INBOOONO@Saturday?$AA@ 1001ca04     LIBCMT:strftime.obj
 0002:00001a10       ??_C@_06JECMNKMI@Friday?$AA@ 1001ca10     LIBCMT:strftime.obj
 0002:00001a18       ??_C@_08HACCIKIA@Thursday?$AA@ 1001ca18     LIBCMT:strftime.obj
 0002:00001a24       ??_C@_09DLIGFAKA@Wednesday?$AA@ 1001ca24     LIBCMT:strftime.obj
 0002:00001a30       ??_C@_07BAAGCFCM@Tuesday?$AA@ 1001ca30     LIBCMT:strftime.obj
 0002:00001a38       ??_C@_06JLEDEDGH@Monday?$AA@ 1001ca38     LIBCMT:strftime.obj
 0002:00001a40       ??_C@_06OOPIFAJ@Sunday?$AA@ 1001ca40     LIBCMT:strftime.obj
 0002:00001a48       ??_C@_03FEFJNEK@Sat?$AA@   1001ca48     LIBCMT:strftime.obj
 0002:00001a4c       ??_C@_03IDIOELNC@Fri?$AA@  1001ca4c     LIBCMT:strftime.obj
 0002:00001a50       ??_C@_03IOFIKPDN@Thu?$AA@  1001ca50     LIBCMT:strftime.obj
 0002:00001a54       ??_C@_03MHOMLAJA@Wed?$AA@  1001ca54     LIBCMT:strftime.obj
 0002:00001a58       ??_C@_03NAGEINEP@Tue?$AA@  1001ca58     LIBCMT:strftime.obj
 0002:00001a5c       ??_C@_03PDAGKDH@Mon?$AA@   1001ca5c     LIBCMT:strftime.obj
 0002:00001a60       ??_C@_03KOEHGMDN@Sun?$AA@  1001ca60     LIBCMT:strftime.obj
 0002:00001a64       ??_C@_0BI@DFKBFLJE@GetProcessWindowStation?$AA@ 1001ca64     LIBCMT:crtmbox.obj
 0002:00001a7c       ??_C@_0BK@CIDNPOGP@GetUserObjectInformationA?$AA@ 1001ca7c     LIBCMT:crtmbox.obj
 0002:00001a98       ??_C@_0BD@HHGDFDBJ@GetLastActivePopup?$AA@ 1001ca98     LIBCMT:crtmbox.obj
 0002:00001aac       ??_C@_0BA@HNOPNCHB@GetActiveWindow?$AA@ 1001caac     LIBCMT:crtmbox.obj
 0002:00001abc       ??_C@_0M@CHKKJDAI@MessageBoxA?$AA@ 1001cabc     LIBCMT:crtmbox.obj
 0002:00001ac8       ??_C@_0L@NDEGIDAG@USER32?4DLL?$AA@ 1001cac8     LIBCMT:crtmbox.obj
 0002:00001ad4       ??_C@_07GPDNMNG@CONOUT$?$AA@ 1001cad4     LIBCMT:initcon.obj
 0002:00001adc       ___dnames                  1001cadc     LIBCMT:timeset.obj
 0002:00001af4       ___mnames                  1001caf4     LIBCMT:timeset.obj
 0002:00001b1c       ??_C@_0O@EGGGBKCF@DlgExpMon?4def?$AA@ 1001cb1c     wog native dialogs.obj
 0002:00001b2c       ??_C@_0N@JCGCDINI@Dlg_NPC3?4def?$AA@ 1001cb2c     wog native dialogs.obj
 0002:00001b3c       ??_C@_0N@FJDOOLHN@Dlg_NPC2?4def?$AA@ 1001cb3c     wog native dialogs.obj
 0002:00001b4c       ??_C@_0N@NPKKJJND@Dlg_NPC1?4def?$AA@ 1001cb4c     wog native dialogs.obj
 0002:00001b5c       ??_C@_02DKCKIIND@?$CFs?$AA@ 1001cb5c     wog native dialogs.obj
 0002:00001b60       ??_C@_0N@BHMGKPNG@checkbox?4def?$AA@ 1001cb60     wog native dialogs.obj
 0002:00001b70       ??_C@_0O@BBFJMKLN@radiobttn?4def?$AA@ 1001cb70     wog native dialogs.obj
 0002:00001b80       ??_C@_0O@LKNNDHCJ@smalfont2?4fnt?$AA@ 1001cb80     wog native dialogs.obj
 0002:00001b90       ??_C@_0N@PAEBLKHN@bigfont2?4fnt?$AA@ 1001cb90     wog native dialogs.obj
 0002:00001ba0       ??_C@_0P@GHFPNOJB@bad?5allocation?$AA@ 1001cba0     wog native dialogs.obj
 0002:00001bb0       ??_C@_0BA@FDLNIKIG@patcher_x86?4dll?$AA@ 1001cbb0     wog native dialogs.obj
 0002:00001bc0       ??_C@_0BB@CKHJKIEB@_GetPatcherX86?$EA0?$AA@ 1001cbc0     wog native dialogs.obj
 0002:00001bd4       ??_C@_02DPKJAMEF@?$CFd?$AA@ 1001cbd4     wog native dialogs.obj
 0002:00001bd8       ??_C@_0N@NGJLFBMI@DiBoxBck?4pcx?$AA@ 1001cbd8     wog native dialogs.obj
 0002:00001be8       ??_C@_0N@FGPGDOPK@dialgbox?4def?$AA@ 1001cbe8     wog native dialogs.obj
 0002:00001bf8       ??_C@_0N@ELNJEEMI@medfont2?4fnt?$AA@ 1001cbf8     wog native dialogs.obj
 0002:00001c08       ??_C@_09IIFHEAOO@angel?4dll?$AA@ 1001cc08     wog native dialogs.obj
 0002:00001c14       ??_C@_0M@BFOAAPGP@EventParams?$AA@ 1001cc14     wog native dialogs.obj
 0002:00001c20       ??_C@_0BD@KPOAIKLJ@RestoreEventParams?$AA@ 1001cc20     wog native dialogs.obj
 0002:00001c34       ??_C@_0BA@JJKLPBHG@SaveEventParams?$AA@ 1001cc34     wog native dialogs.obj
 0002:00001c44       ??_C@_07PILJHEGK@era?4dll?$AA@ 1001cc44     wog native dialogs.obj
 0002:00001c4c       ??_C@_02EOEPPNBF@tr?$AA@   1001cc4c     wog native dialogs.obj
 0002:00001c50       ??_C@_07HCDNKGPA@ApiHook?$AA@ 1001cc50     wog native dialogs.obj
 0002:00001c58       ??_C@_0BB@NFICFMFA@ClearAllIniCache?$AA@ 1001cc58     wog native dialogs.obj
 0002:00001c6c       ??_C@_0O@KHPPEFLJ@ClearIniCache?$AA@ 1001cc6c     wog native dialogs.obj
 0002:00001c7c       ??_C@_0L@GHCNBJIK@ExecErmCmd?$AA@ 1001cc7c     wog native dialogs.obj
 0002:00001c88       ??_C@_0L@BBNMEHJH@ExtractErm?$AA@ 1001cc88     wog native dialogs.obj
 0002:00001c94       ??_C@_0L@CKILDBJC@FatalError?$AA@ 1001cc94     wog native dialogs.obj
 0002:00001ca0       ??_C@_0N@HFGMKLEN@FireErmEvent?$AA@ 1001cca0     wog native dialogs.obj
 0002:00001cb0       ??_C@_09GEAPPBGH@FireEvent?$AA@ 1001ccb0     wog native dialogs.obj
 0002:00001cbc       ??_C@_0M@KJHFCLAP@GetButtonID?$AA@ 1001ccbc     wog native dialogs.obj
 0002:00001cc8       ??_C@_0L@LNAOMCPJ@GetVersion?$AA@ 1001ccc8     wog native dialogs.obj
 0002:00001cd4       ??_C@_0O@FNMDEAHG@GetVersionNum?$AA@ 1001ccd4     wog native dialogs.obj
 0002:00001ce4       ??_C@_0N@CFMBLIKP@GetGameState?$AA@ 1001cce4     wog native dialogs.obj
 0002:00001cf4       ??_C@_0M@LKIFOAN@GetRealAddr?$AA@ 1001ccf4     wog native dialogs.obj
 0002:00001d00       ??_C@_0BD@DPCJBLFO@GlobalRedirectFile?$AA@ 1001cd00     wog native dialogs.obj
 0002:00001d14       ??_C@_04PHJJMCEO@Hook?$AA@ 1001cd14     wog native dialogs.obj
 0002:00001d1c       ??_C@_08EBPIACBO@HookCode?$AA@ 1001cd1c     wog native dialogs.obj
 0002:00001d28       ??_C@_0BB@PHLEIINC@LoadImageAsPcx16?$AA@ 1001cd28     wog native dialogs.obj
 0002:00001d3c       ??_C@_07GDNFNLKF@LoadTxt?$AA@ 1001cd3c     wog native dialogs.obj
 0002:00001d44       ??_C@_07FLCNLLL@MemFree?$AA@ 1001cd44     wog native dialogs.obj
 0002:00001d4c       ??_C@_09PIKCKENJ@NameColor?$AA@ 1001cd4c     wog native dialogs.obj
 0002:00001d58       ??_C@_0M@LNHBMGFH@NotifyError?$AA@ 1001cd58     wog native dialogs.obj
 0002:00001d64       ??_C@_0M@PLEJCMGM@PatchExists?$AA@ 1001cd64     wog native dialogs.obj
 0002:00001d70       ??_C@_0N@BGLGOOMO@PluginExists?$AA@ 1001cd70     wog native dialogs.obj
 0002:00001d80       ??_C@_0BE@CIDOCKGN@ReadSavegameSection?$AA@ 1001cd80     wog native dialogs.obj
 0002:00001d94       ??_C@_0P@CCLIEMKP@ReadStrFromIni?$AA@ 1001cd94     wog native dialogs.obj
 0002:00001da4       ??_C@_09IJJOFFNH@RecallAPI?$AA@ 1001cda4     wog native dialogs.obj
 0002:00001db0       ??_C@_0N@EADKAOLK@RedirectFile?$AA@ 1001cdb0     wog native dialogs.obj
 0002:00001dc0       ??_C@_0BE@OJOEEMJD@RedirectMemoryBlock?$AA@ 1001cdc0     wog native dialogs.obj
 0002:00001dd4       ??_C@_0BA@BCNGHKCC@RegisterHandler?$AA@ 1001cdd4     wog native dialogs.obj
 0002:00001de4       ??_C@_09MJCMIAEG@ReloadErm?$AA@ 1001cde4     wog native dialogs.obj
 0002:00001df0       ??_C@_0BE@JBKGKCON@ReportPluginVersion?$AA@ 1001cdf0     wog native dialogs.obj
 0002:00001e04       ??_C@_07PAHGKEHA@SaveIni?$AA@ 1001ce04     wog native dialogs.obj
 0002:00001e0c       ??_C@_06DDHLBGDE@Splice?$AA@ 1001ce0c     wog native dialogs.obj
 0002:00001e14       ??_C@_0M@CLLMHKFF@WriteAtCode?$AA@ 1001ce14     wog native dialogs.obj
 0002:00001e20       ??_C@_0BF@HMHBLPO@WriteSavegameSection?$AA@ 1001ce20     wog native dialogs.obj
 0002:00001e38       ??_C@_0O@POMBDOKD@WriteStrToIni?$AA@ 1001ce38     wog native dialogs.obj
 0002:00001e48       ??_C@_05DIALNFFA@?$CFs?5?$CFd?$AA@ 1001ce48     wog native dialogs.obj
 0002:00001e50       ??_C@_05DNIIFBMG@?$CFs?5?$CFs?$AA@ 1001ce50     wog native dialogs.obj
 0002:00001e58       ??_C@_0L@FIDKBHJC@?$CFs?5?$CFd?5?$CI?$CFd?$CJ?$AA@ 1001ce58     wog native dialogs.obj
 0002:00001e64       ??_C@_0L@JDILLOGP@?$CFs?5?$CFd?5?9?5?$CFd?$AA@ 1001ce64     wog native dialogs.obj
 0002:00001e70       ??_C@_07JKHHBHOI@?$CFs?5?$CFd?$CF?$CF?$AA@ 1001ce70     wog native dialogs.obj
 0002:00001e78       ??_C@_06GNDJBPCO@?$CFs?6?6?$CFs?$AA@ 1001ce78     wog native dialogs.obj
 0002:00001e80       ??_C@_0N@CNMFKAFE@Dlg_NPCn?4pcx?$AA@ 1001ce80     wog native dialogs.obj
 0002:00001e90       ??_C@_0N@EENEFCAM@Dlg_NPCu?4pcx?$AA@ 1001ce90     wog native dialogs.obj
 0002:00001ea0       ??_C@_0P@GMMOFIOD@Dlg_NPCdel?4def?$AA@ 1001cea0     wog native dialogs.obj
 0002:00001eb0       ??_C@_07DONLOGLK@?$CFd?5?$CI?$CFd?$CJ?$AA@ 1001ceb0     wog native dialogs.obj
 0002:00001eb8       ??_C@_07PFGKEPEH@?$CFd?5?9?5?$CFd?$AA@ 1001ceb8     wog native dialogs.obj
 0002:00001ec0       ??_C@_04FCMNJMCO@?$CFd?$CF?$CF?$AA@ 1001cec0     wog native dialogs.obj
 0002:00001ec8       ??_C@_0M@EELLOAND@bttnNPC?4def?$AA@ 1001cec8     wog native dialogs.obj
 0002:00001ed4       ??_C@_07JMKCEEPK@?$CFs?5?$CI?$CFd?$CJ?$AA@ 1001ced4     wog native dialogs.obj
 0002:00001edc       ??_C@_09PCPEDHFE@?$CFd?$CF?$CF?5?$CI?$CFd?$CJ?$AA@ 1001cedc     wog native dialogs.obj
 0002:00001ee8       ??_C@_03DMDECJFG@?$CFhf?$AA@ 1001cee8     wog native dialogs.obj
 0002:00001eec       ??_C@_03OFAPEBGM@?$CFs?6?$AA@ 1001ceec     wog native dialogs.obj
 0002:00001ef0       ??_C@_08MNBIIGN@?$CFs?6?6?5?$CFs?6?$AA@ 1001cef0     wog native dialogs.obj
 0002:00001efc       ??_C@_0N@ILHBCDMB@DlgExpUp?4def?$AA@ 1001cefc     wog native dialogs.obj
 0002:00001f0c       ??_C@_08OFBPMKML@tiny?4fnt?$AA@ 1001cf0c     wog native dialogs.obj
 0002:00001f18       ??_C@_09KAONFINP@?$HL?$CFs?$HN?6?$CI?$CFs?$CJ?$AA@ 1001cf18     wog native dialogs.obj
 0002:00001f24       ??_C@_0N@DCLMLLBB@WoGCurse?4def?$AA@ 1001cf24     wog native dialogs.obj
 0002:00001f34       ??_C@_06DJHOIPC@?$CFs?3?5?$CFs?$AA@ 1001cf34     wog native dialogs.obj
 0002:00001f3c       ??_C@_0M@HFKPFJGG@artslot?4pcx?$AA@ 1001cf3c     wog native dialogs.obj
 0002:00001f48       ??_C@_0N@KAILJDHD@def?4SpScrArt?$AA@ 1001cf48     wog native dialogs.obj
 0002:00001f58       ??_C@_0BA@CACHJGMJ@WoGTextEdit?4pcx?$AA@ 1001cf58     wog native dialogs.obj
 0002:00001f68       ??_C@_09EIMBAPBP@?4?2Maps?2?$CFs?$AA@ 1001cf68     wog native dialogs.obj
 0002:00001f74       ??_C@_02MFEGOEMP@?$CFn?$AA@ 1001cf74     wog native dialogs.obj
 0002:00001f78       ??_C@_04OMBFFHIC@?$HL?$CFs?$HN?$AA@ 1001cf78     wog native dialogs.obj
 0002:00001f80       ??_C@_0FB@LMJNIGPL@Error?5?$CIfor?5igrik?$CJ?$CB?$CB?$CB?6?6?5Debug?6Pag@ 1001cf80     wog native dialogs.obj
 0002:00001fd4       ??_C@_0P@HDPJJOMN@WoGOptions?4pcx?$AA@ 1001cfd4     wog native dialogs.obj
 0002:00001fe4       ??_C@_0M@DGCKOOBG@WoGBttn?4def?$AA@ 1001cfe4     wog native dialogs.obj
 0002:00001ff0       ??_C@_0M@FBOGBOAE@GSPBUT2?4DEF?$AA@ 1001cff0     wog native dialogs.obj
 0002:00001ffc       ??_C@_0BB@GPEKGKKL@HD?4Version?4Dword?$AA@ 1001cffc     wog native dialogs.obj
 0002:00002010       ??_C@_0O@EHOKGOGC@BattleLog?4pcx?$AA@ 1001d010     wog native dialogs.obj
 0002:00002020       ??_C@_0BL@MMODMCPC@HotA?4SwapMgrCalledFromTown?$AA@ 1001d020     wog native dialogs.obj
 0002:0000203c       ??_C@_03IAIAKOHP@?$CFdk?$AA@ 1001d03c     wog native dialogs.obj
 0002:00002040       ??_C@_07FBOLLOOC@?$CFdk?9?$CFdk?$AA@ 1001d040     wog native dialogs.obj
 0002:00002048       ??_C@_05BIKBEGBP@?$CFd?9?$CFd?$AA@ 1001d048     wog native dialogs.obj
 0002:00002050       ??_C@_0N@HNNBMNKA@HoMM3?5ERA?5?$CFs?$AA@ 1001d050     wog native dialogs.obj
 0002:00002060       ??_C@_0BJ@KIEKHMHA@?2zvs?2Lib1?4res?2txtres?4txt?$AA@ 1001d060     wog native dialogs.obj
 0002:0000207c       ??_C@_0BD@PDOEBPIC@wnd?4fonts?4big_font?$AA@ 1001d07c     wog native dialogs.obj
 0002:00002090       ??_C@_0BD@EKBKNPIB@wnd?4fonts?4med_font?$AA@ 1001d090     wog native dialogs.obj
 0002:000020a4       ??_C@_0BF@IEAOALNJ@wnd?4fonts?4small_font?$AA@ 1001d0a4     wog native dialogs.obj
 0002:000020bc       ??_C@_0BF@EBIEFLBD@wnd?4dlg_crexpo?4line0?$AA@ 1001d0bc     wog native dialogs.obj
 0002:000020d4       ??_C@_0BF@FIJPGKFC@wnd?4dlg_crexpo?4line1?$AA@ 1001d0d4     wog native dialogs.obj
 0002:000020ec       ??_C@_0BF@HDLCDJJB@wnd?4dlg_crexpo?4line2?$AA@ 1001d0ec     wog native dialogs.obj
 0002:00002104       ??_C@_0BF@GKKJAINA@wnd?4dlg_crexpo?4line3?$AA@ 1001d104     wog native dialogs.obj
 0002:0000211c       ??_C@_0BF@CFOIJOBH@wnd?4dlg_crexpo?4line4?$AA@ 1001d11c     wog native dialogs.obj
 0002:00002134       ??_C@_0BF@DMPDKPFG@wnd?4dlg_crexpo?4line5?$AA@ 1001d134     wog native dialogs.obj
 0002:0000214c       ??_C@_0BF@BHNOPMJF@wnd?4dlg_crexpo?4line6?$AA@ 1001d14c     wog native dialogs.obj
 0002:00002164       ??_C@_0BF@OMFMNNE@wnd?4dlg_crexpo?4line7?$AA@ 1001d164     wog native dialogs.obj
 0002:0000217c       ??_C@_0BF@IJFNNBBL@wnd?4dlg_crexpo?4line8?$AA@ 1001d17c     wog native dialogs.obj
 0002:00002194       ??_C@_0BF@JAEGOAFK@wnd?4dlg_crexpo?4line9?$AA@ 1001d194     wog native dialogs.obj
 0002:000021ac       ??_C@_0BG@FKHLJJEB@wnd?4dlg_crexpo?4line10?$AA@ 1001d1ac     wog native dialogs.obj
 0002:000021c4       ??_C@_0BG@EDGAKIAA@wnd?4dlg_crexpo?4line11?$AA@ 1001d1c4     wog native dialogs.obj
 0002:000021dc       ??_C@_0BP@EOCIECHH@wnd?4dlg_wog_options?4intro_font?$AA@ 1001d1dc     wog native dialogs.obj
 0002:000021fc       ??_C@_0BO@PPEFPAOC@wnd?4dlg_wog_options?4bttn_name?$AA@ 1001d1fc     wog native dialogs.obj
 0002:0000221c       ??_C@_0CB@EPGBDFLB@wnd?4dlg_commander?4bttn_open_hint@ 1001d21c     wog native dialogs.obj
 0002:00002240       ??_C@_0CB@HHJKNBKP@wnd?4dlg_commander?4bttn_exit_hint@ 1001d240     wog native dialogs.obj
 0002:00002264       ??_C@_0CC@HPHIJKHC@wnd?4dlg_commander?4bttn_lvlup_hin@ 1001d264     wog native dialogs.obj
 0002:00002288       ??_C@_0CD@CPLKJKFP@wnd?4dlg_commander?4bttn_dismiss_r@ 1001d288     wog native dialogs.obj
 0002:000022ac       ??_C@_0BL@COONMGDI@wnd?4combat?4finish_question?$AA@ 1001d2ac     wog native dialogs.obj
 0002:000022c8       ??_C@_0BH@EFIKECO@wnd?4combat?4show_killed?$AA@ 1001d2c8     wog native dialogs.obj
 0002:000022e0       ??_C@_0BD@BGMEGPKP@WoG?5Native?5Dialogs?$AA@ 1001d2e0     wog native dialogs.obj
 0002:000022f3       ??_C@_00CNPNBAHC@?$AA@     1001d2f3     HoMM3_GUI.obj
 0002:000022f8       __real@3fe0000000000000    1001d2f8      CIL library: CIL module
 0002:00002300       __FPinit                   1001d300     LIBCMT:_fpinit_.obj
 0002:00002304       __FPmtinit                 1001d304     LIBCMT:_fpinit_.obj
 0002:00002308       __FPmtterm                 1001d308     LIBCMT:_fpinit_.obj
 0002:0000230c       ??_C@_05KLBDPFGC@e?$CL000?$AA@ 1001d30c     LIBCMT:cvt.obj
 0002:00002318       __real@4150017ec0000000    1001d318     LIBCMT:_testfdiv_.obj
 0002:00002320       __real@4147ffff80000000    1001d320     LIBCMT:_testfdiv_.obj
 0002:00002328       ??_C@_0BK@NHEOCAHP@IsProcessorFeaturePresent?$AA@ 1001d328     LIBCMT:_testfdiv_.obj
 0002:00002344       ??_C@_08CPNIBGIE@KERNEL32?$AA@ 1001d344     LIBCMT:_testfdiv_.obj
 0002:00002350       ??_C@_06IMKFLFPG@1?$CDQNAN?$AA@ 1001d350     LIBCMT:_x10fout_.obj
 0002:00002358       ??_C@_05DNEBIAHO@1?$CDINF?$AA@ 1001d358     LIBCMT:_x10fout_.obj
 0002:00002360       ??_C@_05PHHOCPM@1?$CDIND?$AA@ 1001d360     LIBCMT:_x10fout_.obj
 0002:00002368       ??_C@_06PGGFOGJG@1?$CDSNAN?$AA@ 1001d368     LIBCMT:_x10fout_.obj
 0002:00002370       __load_config_used         1001d370     LIBCMT:loadcfg.obj
 0002:0000241c       ??_R4exception@std@@6B@    1001d41c     LIBCMT:stdexcpt.obj
 0002:00002430       ??_R4type_info@@6B@        1001d430     LIBCMT:typinfo.obj
 0002:00002444       ??_R3type_info@@8          1001d444     LIBCMT:typinfo.obj
 0002:00002454       ??_R2type_info@@8          1001d454     LIBCMT:typinfo.obj
 0002:0000245c       ??_R1A@?0A@EA@type_info@@8 1001d45c     LIBCMT:typinfo.obj
 0002:00002478       ??_R4bad_alloc@std@@6B@    1001d478     wog native dialogs.obj
 0002:0000248c       ??_R3bad_alloc@std@@8      1001d48c     wog native dialogs.obj
 0002:0000249c       ??_R2bad_alloc@std@@8      1001d49c     wog native dialogs.obj
 0002:000024a8       ??_R1A@?0A@EA@exception@std@@8 1001d4a8     wog native dialogs.obj
 0002:000024c4       ??_R3exception@std@@8      1001d4c4     wog native dialogs.obj
 0002:000024d4       ??_R2exception@std@@8      1001d4d4     wog native dialogs.obj
 0002:000024dc       ??_R1A@?0A@EA@bad_alloc@std@@8 1001d4dc     wog native dialogs.obj
 0002:00002500       ___safe_se_handler_table   1001d500     <linker-defined>
 0002:0000250c       ___rtc_iaa                 1001d50c     LIBCMT:_initsect_.obj
 0002:00002510       ___rtc_izz                 1001d510     LIBCMT:_initsect_.obj
 0002:00002514       ___rtc_taa                 1001d514     LIBCMT:_initsect_.obj
 0002:00002518       ___rtc_tzz                 1001d518     LIBCMT:_initsect_.obj
 0002:000028f4       __CT??_R0?AVexception@std@@@8??0exception@std@@QAE@ABV01@@Z12 1001d8f4     wog native dialogs.obj
 0002:00002910       __CT??_R0?AVbad_alloc@std@@@8??0bad_alloc@std@@QAE@ABV01@@Z12 1001d910     wog native dialogs.obj
 0002:0000292c       __CTA2?AVbad_alloc@std@@   1001d92c     wog native dialogs.obj
 0002:00002938       __TI2?AVbad_alloc@std@@    1001d938     wog native dialogs.obj
 0002:00002964       __IMPORT_DESCRIPTOR_KERNEL32 1001d964     kernel32:KERNEL32.dll
 0002:00002978       __NULL_IMPORT_DESCRIPTOR   1001d978     kernel32:KERNEL32.dll
 0003:0000000c       ??_R0?AVtype_info@@@8      1001f00c     LIBCMT:typinfo.obj
 0003:00000030       ___security_cookie         1001f030     LIBCMT:gs_cookie.obj
 0003:00000034       ___security_cookie_complement 1001f034     LIBCMT:gs_cookie.obj
 0003:000001b0       ___nullstring              1001f1b0     LIBCMT:output.obj
 0003:000001b4       ___wnullstring             1001f1b4     LIBCMT:output.obj
 0003:000001b8       __amblksiz                 1001f1b8     LIBCMT:heapinit.obj
 0003:000002f0       ___flsindex                1001f2f0     LIBCMT:tidtable.obj
 0003:000002f4       ___getvalueindex           1001f2f4     LIBCMT:tidtable.obj
 0003:000002f8       __aexit_rtn                1001f2f8     LIBCMT:crt0dat.obj
 0003:00000300       ___badioinfo               1001f300     LIBCMT:ioinit.obj
 0003:00000340       __First_FPE_Indx           1001f340     LIBCMT:winxfltr.obj
 0003:00000344       __Num_FPE                  1001f344     LIBCMT:winxfltr.obj
 0003:00000348       __XcptActTabSize           1001f348     LIBCMT:winxfltr.obj
 0003:0000034c       __XcptActTabCount          1001f34c     LIBCMT:winxfltr.obj
 0003:00000360       __iob                      1001f360     LIBCMT:_file.obj
 0003:000005e0       ___initialmbcinfo          1001f5e0     LIBCMT:mbctype.obj
 0003:00000800       __mbctype                  1001f800     LIBCMT:mbctype.obj
 0003:00000908       __mbcasemap                1001f908     LIBCMT:mbctype.obj
 0003:00000a08       ___ptmbcinfo               1001fa08     LIBCMT:mbctype.obj
 0003:00000b04       ___globallocalestatus      1001fb04     LIBCMT:glstatus.obj
 0003:00000b08       ___clocalestr              1001fb08     LIBCMT:nlsdata2.obj
 0003:00000b10       ___initiallocinfo          1001fb10     LIBCMT:nlsdata2.obj
 0003:00000be8       ___ptlocinfo               1001fbe8     LIBCMT:nlsdata2.obj
 0003:00000bec       ___lc_clike                1001fbec     LIBCMT:nlsdata2.obj
 0003:00000bf0       ___initiallocalestructinfo 1001fbf0     LIBCMT:nlsdata2.obj
 0003:00000bf8       __cfltcvt_tab              1001fbf8     LIBCMT:cmiscdat.obj
 0003:00000cd8       ___abort_behavior          1001fcd8     LIBCMT:abort.obj
 0003:00000cdc       __NLG_Destination          1001fcdc     LIBCMT:exsup.obj
 0003:00000cf0       __pctype                   1001fcf0     LIBCMT:ctype.obj
 0003:00000cf4       __pwctype                  1001fcf4     LIBCMT:ctype.obj
 0003:00000cf8       ___lc_time_c               1001fcf8     LIBCMT:strftime.obj
 0003:00000db0       ___lc_time_curr            1001fdb0     LIBCMT:strftime.obj
 0003:00000db4       ___lconv_static_decimal    1001fdb4     LIBCMT:lconv.obj
 0003:00000db8       ___lconv_c                 1001fdb8     LIBCMT:lconv.obj
 0003:00000de8       ___lconv                   1001fde8     LIBCMT:lconv.obj
 0003:00000dec       ___mb_cur_max              1001fdec     LIBCMT:nlsdata1.obj
 0003:00000df0       ___decimal_point           1001fdf0     LIBCMT:nlsdata1.obj
 0003:00000df4       ___decimal_point_length    1001fdf4     LIBCMT:nlsdata1.obj
 0003:00000e00       __coninpfh                 1001fe00     LIBCMT:initcon.obj
 0003:00000e04       __confh                    1001fe04     LIBCMT:initcon.obj
 0003:00000e10       __timezone                 1001fe10     LIBCMT:timeset.obj
 0003:00000e14       __daylight                 1001fe14     LIBCMT:timeset.obj
 0003:00000e18       __dstbias                  1001fe18     LIBCMT:timeset.obj
 0003:00000ea0       __tzname                   1001fea0     LIBCMT:timeset.obj
 0003:00000ec0       __lpdays                   1001fec0     LIBCMT:days.obj
 0003:00000ef4       __days                     1001fef4     LIBCMT:days.obj
 0003:00000f38       ?v_table_funcs@_CustomDlg_@@2PAIA 1001ff38     HoMM3_GUI.obj
 0003:00000f78       ?n_BigFont@@3PADA          1001ff78     wog native dialogs.obj
 0003:00000f7c       ?n_MedFont@@3PADA          1001ff7c     wog native dialogs.obj
 0003:00000f80       ?n_SmallFont@@3PADA        1001ff80     wog native dialogs.obj
 0003:00000f84       ?radioBttnDef@@3PADA       1001ff84     wog native dialogs.obj
 0003:00000f88       ?checkboxDef@@3PADA        1001ff88     wog native dialogs.obj
 0003:00000f8c       ?textProcD@@3PADA          1001ff8c     wog native dialogs.obj
 0003:00000f90       ?textProcS@@3PADA          1001ff90     wog native dialogs.obj
 0003:00000f94       ?npc1Def@@3PADA            1001ff94     wog native dialogs.obj
 0003:00000f98       ?npc2Def@@3PADA            1001ff98     wog native dialogs.obj
 0003:00000f9c       ?npc3Def@@3PADA            1001ff9c     wog native dialogs.obj
 0003:00000fa0       ?n_DlgExpMon@@3PADA        1001ffa0     wog native dialogs.obj
 0003:00000fa4       ??_R0?AVexception@std@@@8  1001ffa4     wog native dialogs.obj
 0003:00000fc0       ??_R0?AVbad_alloc@std@@@8  1001ffc0     wog native dialogs.obj
 0003:00000fdc       __fltused                  1001ffdc     LIBCMT:_fpinit_.obj
 0003:00000fe0       __ldused                   1001ffe0     LIBCMT:_fpinit_.obj
 0003:00001020       __pow10pos                 10020020     LIBCMT:_constpow_.obj
 0003:00001180       __pow10neg                 10020180     LIBCMT:_constpow_.obj
 0003:00001314       __aenvptr                  10020314     LIBCMT:dllcrt0.obj
 0003:00001318       __wenvptr                  10020318     LIBCMT:dllcrt0.obj
 0003:0000131c       ___error_mode              1002031c     LIBCMT:dllcrt0.obj
 0003:00001320       ___app_type                10020320     LIBCMT:dllcrt0.obj
 0003:0000164c       ___pInvalidArgHandler      1002064c     LIBCMT:invarg.obj
 0003:00001650       __crtheap                  10020650     LIBCMT:heapinit.obj
 0003:000017a8       ___sbh_pHeaderDefer        100207a8     LIBCMT:sbheap.obj
 0003:000017b4       ?_pnhHeap@@3P6AHI@ZA       100207b4     LIBCMT:handler.obj
 0003:000017b8       _gpFlsAlloc                100207b8     LIBCMT:tidtable.obj
 0003:000017bc       _gpFlsGetValue             100207bc     LIBCMT:tidtable.obj
 0003:000017c0       _gpFlsSetValue             100207c0     LIBCMT:tidtable.obj
 0003:000017c4       _gpFlsFree                 100207c4     LIBCMT:tidtable.obj
 0003:000017c8       __maxwait                  100207c8     LIBCMT:crtheap.obj
 0003:000017cc       __umaskval                 100207cc     LIBCMT:crt0dat.obj
 0003:000017d0       ___argc                    100207d0     LIBCMT:crt0dat.obj
 0003:000017d4       ___argv                    100207d4     LIBCMT:crt0dat.obj
 0003:000017d8       ___wargv                   100207d8     LIBCMT:crt0dat.obj
 0003:000017dc       __environ                  100207dc     LIBCMT:crt0dat.obj
 0003:000017e0       ___initenv                 100207e0     LIBCMT:crt0dat.obj
 0003:000017e4       __wenviron                 100207e4     LIBCMT:crt0dat.obj
 0003:000017e8       ___winitenv                100207e8     LIBCMT:crt0dat.obj
 0003:000017ec       __pgmptr                   100207ec     LIBCMT:crt0dat.obj
 0003:000017f0       __wpgmptr                  100207f0     LIBCMT:crt0dat.obj
 0003:000017f4       __exitflag                 100207f4     LIBCMT:crt0dat.obj
 0003:000017f8       __C_Termination_Done       100207f8     LIBCMT:crt0dat.obj
 0003:000017fc       __C_Exit_Done              100207fc     LIBCMT:crt0dat.obj
 0003:0000190c       ?__pInconsistency@@3P6AXXZA 1002090c     LIBCMT:hooks.obj
 0003:00001910       __cflush                   10020910     LIBCMT:_file.obj
 0003:00001918       ___mbulinfo                10020918     LIBCMT:mbctype.obj
 0003:00001924       ___mbcodepage              10020924     LIBCMT:mbctype.obj
 0003:00001928       ___ismbcodepage            10020928     LIBCMT:mbctype.obj
 0003:0000192c       ___mblcid                  1002092c     LIBCMT:mbctype.obj
 0003:00001930       ___locale_changed          10020930     LIBCMT:setlocal.obj
 0003:00001934       ___lc_handle               10020934     LIBCMT:nlsdata2.obj
 0003:0000194c       ___lc_codepage             1002094c     LIBCMT:nlsdata2.obj
 0003:00001950       ___lc_collate_cp           10020950     LIBCMT:nlsdata2.obj
 0003:00001c6c       __newmode                  10020c6c     LIBCMT:_newmode.obj
 0003:00001c88       ?pArgList@UnDecorator@@0PAVReplicator@@A 10020c88     LIBCMT:undname.obj
 0003:00001c8c       ?pZNameList@UnDecorator@@0PAVReplicator@@A 10020c8c     LIBCMT:undname.obj
 0003:00001c90       ?pTemplateArgList@UnDecorator@@0PAVReplicator@@A 10020c90     LIBCMT:undname.obj
 0003:00001c94       ?gName@UnDecorator@@0PBDB  10020c94     LIBCMT:undname.obj
 0003:00001c98       ?name@UnDecorator@@0PBDB   10020c98     LIBCMT:undname.obj
 0003:00001c9c       ?outputString@UnDecorator@@0PADA 10020c9c     LIBCMT:undname.obj
 0003:00001ca0       ?maxStringLength@UnDecorator@@0HA 10020ca0     LIBCMT:undname.obj
 0003:00001ca4       ?disableFlags@UnDecorator@@0KA 10020ca4     LIBCMT:undname.obj
 0003:00001ca8       ?m_pGetParameter@UnDecorator@@0P6APADJ@ZA 10020ca8     LIBCMT:undname.obj
 0003:00001cac       ?fExplicitTemplateParams@UnDecorator@@0_NA 10020cac     LIBCMT:undname.obj
 0003:00001cad       ?fGetTemplateArgumentList@UnDecorator@@0_NA 10020cad     LIBCMT:undname.obj
 0003:00001cd0       ___pPurecall               10020cd0     LIBCMT:inithelp.obj
 0003:00001cdc       ___lconv_static_null       10020cdc     LIBCMT:lconv.obj
 0003:00001ce0       __stdbuf                   10020ce0     LIBCMT:_sftbuf.obj
 0003:00001db8       ?json_Combat@@3PAPADA      10020db8     wog native dialogs.obj
 0003:00001dc0       ?myString2@@3PADA          10020dc0     wog native dialogs.obj
 0003:000021c0       ?NPC_Def@@3PAU_DlgStaticDef_@@A 100211c0     wog native dialogs.obj
 0003:000021c4       ?json_WoGOpt@@3PAPADA      100211c4     wog native dialogs.obj
 0003:000021cc       ?smalfont2@@3PAU_Fnt_@@A   100211cc     wog native dialogs.obj
 0003:000021d0       ?saveManaHero@@3PAY01HA    100211d0     wog native dialogs.obj
 0003:000021e0       ?dlgHeroLvlUp_heroID@@3IA  100211e0     wog native dialogs.obj
 0003:000021e4       ?_PI@@3PAVPatcherInstance@@A 100211e4     wog native dialogs.obj
 0003:000021e8       ?myString1@@3PADA          100211e8     wog native dialogs.obj
 0003:000025e8       ?inTownDlg@@3_NA           100215e8     wog native dialogs.obj
 0003:000025ec       ?_P@@3PAVPatcher@@A        100215ec     wog native dialogs.obj
 0003:000025f0       ?time_click_MsgBox@@3IA    100215f0     wog native dialogs.obj
 0003:000025f4       ?isNeedRestore@@3HA        100215f4     wog native dialogs.obj
 0003:000025f8       ?json_CrExpo@@3PAPADA      100215f8     wog native dialogs.obj
 0003:00002628       ?json_Npc@@3PAPADA         10021628     wog native dialogs.obj
 0003:00002638       ?damLo@@3HA                10021638     wog native dialogs.obj
 0003:0000263c       ?medfont2@@3PAU_Fnt_@@A    1002163c     wog native dialogs.obj
 0003:00002640       ?QuickBattle_SAVE@@3HA     10021640     wog native dialogs.obj
 0003:00002644       ?o_ScrollItems@@3PAU_ScrollItems_@@A 10021644     wog native dialogs.obj
 0003:00002648       ?timeClickAvtoSolo@@3HA    10021648     wog native dialogs.obj
 0003:0000264c       ?HD_Version@@3HA           1002164c     wog native dialogs.obj
 0003:00002650       ?saveCursor@@3PAHA         10021650     wog native dialogs.obj
 0003:0000265c       ?time_click@@3HA           1002165c     wog native dialogs.obj
 0003:00002660       ?hAngel@Era@@3PAUHINSTANCE__@@A 10021660     wog native dialogs.obj
 0003:00002664       ?hEra@Era@@3PAUHINSTANCE__@@A 10021664     wog native dialogs.obj
 0003:00002668       ?txtresWOG@@3PAU_TXT_@@A   10021668     wog native dialogs.obj
 0003:0000266c       ?damHi@@3HA                1002166c     wog native dialogs.obj
 0003:00002670       ?myString3@@3PADA          10021670     wog native dialogs.obj
 0003:00002a70       ?bigfont2@@3PAU_Fnt_@@A    10021a70     wog native dialogs.obj
 0003:00002a74       ?EventParams@Era@@3PAY0BA@HA 10021a74     wog native dialogs.obj
 0003:00002a78       ?ApiHook@Era@@3P6GPAXPAXH0@ZA 10021a78     wog native dialogs.obj
 0003:00002a7c       ?ClearAllIniCache@Era@@3P6GXXZA 10021a7c     wog native dialogs.obj
 0003:00002a80       ?ClearIniCache@Era@@3P6GXPBD@ZA 10021a80     wog native dialogs.obj
 0003:00002a84       ?ExecErmCmd@Era@@3P6GXPBD@ZA 10021a84     wog native dialogs.obj
 0003:00002a88       ?ExtractErm@Era@@3P6GXXZA  10021a88     wog native dialogs.obj
 0003:00002a8c       ?FatalError@Era@@3P6GXPBD@ZA 10021a8c     wog native dialogs.obj
 0003:00002a90       ?FireErmEvent@Era@@3P6GXH@ZA 10021a90     wog native dialogs.obj
 0003:00002a94       ?FireEvent@Era@@3P6GXPBDPAXH@ZA 10021a94     wog native dialogs.obj
 0003:00002a98       ?GetButtonID@Era@@3P6GHPBD@ZA 10021a98     wog native dialogs.obj
 0003:00002a9c       ?GetEraVersion@Era@@3P6GPBDXZA 10021a9c     wog native dialogs.obj
 0003:00002aa0       ?GetVersionNum@Era@@3P6GHXZA 10021aa0     wog native dialogs.obj
 0003:00002aa4       ?GetGameState@Era@@3P6GXPAUTGameState@1@@ZA 10021aa4     wog native dialogs.obj
 0003:00002aa8       ?GetRealAddr@Era@@3P6GPAXPAX@ZA 10021aa8     wog native dialogs.obj
 0003:00002aac       ?GlobalRedirectFile@Era@@3P6GXXZA 10021aac     wog native dialogs.obj
 0003:00002ab0       ?Hook@Era@@3P6GPAXPAXHH0@ZA 10021ab0     wog native dialogs.obj
 0003:00002ab4       ?HookCode@Era@@3P6GPAXPAXP6GHPAUTHookContext@1@@ZPAPAX@ZA 10021ab4     wog native dialogs.obj
 0003:00002ab8       ?LoadImageAsPcx16@Era@@3P6GPAXPBD0HHHHH@ZA 10021ab8     wog native dialogs.obj
 0003:00002abc       ?LoadTxt@Era@@3P6GPAXPBD@ZA 10021abc     wog native dialogs.obj
 0003:00002ac0       ?MemFree@Era@@3P6GXPBX@ZA  10021ac0     wog native dialogs.obj
 0003:00002ac4       ?NameColor@Era@@3P6GXHPBD@ZA 10021ac4     wog native dialogs.obj
 0003:00002ac8       ?NotifyError@Era@@3P6GXPBD@ZA 10021ac8     wog native dialogs.obj
 0003:00002acc       ?PatchExists@Era@@3P6G_NPBD@ZA 10021acc     wog native dialogs.obj
 0003:00002ad0       ?PluginExists@Era@@3P6G_NPBD@ZA 10021ad0     wog native dialogs.obj
 0003:00002ad4       ?ReadSavegameSection@Era@@3P6GHHPAXPBD@ZA 10021ad4     wog native dialogs.obj
 0003:00002ad8       ?ReadStrFromIni@Era@@3P6G_NPBD00PAD@ZA 10021ad8     wog native dialogs.obj
 0003:00002adc       ?RecallAPI@Era@@3P6GHPAUTHookContext@1@H@ZA 10021adc     wog native dialogs.obj
 0003:00002ae0       ?RedirectFile@Era@@3P6GXXZA 10021ae0     wog native dialogs.obj
 0003:00002ae4       ?RedirectMemoryBlock@Era@@3P6GXPAXH0@ZA 10021ae4     wog native dialogs.obj
 0003:00002ae8       ?RegisterHandler@Era@@3P6GXP6GXPAUTEvent@1@@ZPBD@ZA 10021ae8     wog native dialogs.obj
 0003:00002aec       ?ReloadErm@Era@@3P6GXXZA   10021aec     wog native dialogs.obj
 0003:00002af0       ?ReportPluginVersion@Era@@3P6GXPBD@ZA 10021af0     wog native dialogs.obj
 0003:00002af4       ?RestoreEventParams@Era@@3P6GXXZA 10021af4     wog native dialogs.obj
 0003:00002af8       ?SaveEventParams@Era@@3P6GXXZA 10021af8     wog native dialogs.obj
 0003:00002afc       ?SaveIni@Era@@3P6G_NPBD@ZA 10021afc     wog native dialogs.obj
 0003:00002b00       ?Splice@Era@@3P6GPAXPAX0HHPAHPAPAX@ZA 10021b00     wog native dialogs.obj
 0003:00002b04       ?_tr@Era@@3P6GPADPBDPAPBDH@ZA 10021b04     wog native dialogs.obj
 0003:00002b08       ?WriteAtCode@Era@@3P6GXHPAX0@ZA 10021b08     wog native dialogs.obj
 0003:00002b0c       ?WriteSavegameSection@Era@@3P6GXHPAXPBD@ZA 10021b0c     wog native dialogs.obj
 0003:00002b10       ?WriteStrToIni@Era@@3P6G_NPBD000@ZA 10021b10     wog native dialogs.obj
 0003:00002b14       ?NPC_StatBar@@3PAU_DlgStaticTextPcx8ed_@@A 10021b14     wog native dialogs.obj
 0003:00002b18       ?str_num_hook@@3HA         10021b18     wog native dialogs.obj
 0003:00002b1c       ?BanDlg_CustomReq_EnterText@@3HA 10021b1c     wog native dialogs.obj
 0003:00002b20       ?o_Sphinx1@@3PAU_Sphinx1_@@A 10021b20     wog native dialogs.obj
 0003:00002b24       ?Dlg_CustomReq_Ban@@3HA    10021b24     wog native dialogs.obj
 0003:00002b28       ?statbarWoGOptions@@3PAU_DlgStaticTextPcx8ed_@@A 10021b28     wog native dialogs.obj
 0003:00002b2c       ?apdFont@@3HA              10021b2c     wog native dialogs.obj
 0003:00002b30       ?calls_count@?1??GetPatcher@@YAPAVPatcher@@XZ@4HA 10021b30     wog native dialogs.obj
 0003:00002b38       ___fastflag                10021b38     LIBCMT:_fpinit_.obj
 0003:00002b3c       __adjust_fdiv              10021b3c     LIBCMT:_fpinit_.obj
 0003:00002b40       __outputformat             10021b40     LIBCMT:outputformat.obj
 0003:00002b44       ___piob                    10021b44     <common>
 0003:00002b60       __bufin                    10021b60     <common>
 0003:00003b60       __nstream                  10022b60     <common>
 0003:00003b64       ___sse2_available          10022b64     <common>
 0003:00003b68       __debugger_hook_dummy      10022b68     <common>
 0003:00003b6c       __nhandle                  10022b6c     <common>
 0003:00003b80       ___pioinfo                 10022b80     <common>
 0003:00003c80       ___env_initialized         10022c80     <common>
 0003:00003c84       ___onexitend               10022c84     <common>
 0003:00003c88       ___onexitbegin             10022c88     <common>
 0003:00003c8c       ___mbctype_initialized     10022c8c     <common>
 0003:00003c90       ___dyn_tls_init_callback   10022c90     <common>
 0003:00003c94       ___sbh_cntHeaderList       10022c94     <common>
 0003:00003c98       ___sbh_pHeaderList         10022c98     <common>
 0003:00003c9c       ___sbh_threshold           10022c9c     <common>
 0003:00003ca0       ___sbh_pHeaderScan         10022ca0     <common>
 0003:00003ca4       ___sbh_sizeHeaderList      10022ca4     <common>
 0003:00003ca8       ___sbh_indGroupDefer       10022ca8     <common>
 0003:00003cac       ___active_heap             10022cac     <common>
 0003:00003cb0       __acmdln                   10022cb0     <common>

 entry point at        0001:0000d8f8

 Static symbols

 0001:0000d802       ___DllMainCRTStartup       1000e802 f   LIBCMT:dllcrt0.obj
 0001:0000e248       _write_char                1000f248 f   LIBCMT:output.obj
 0001:0000e27b       _write_multi_char          1000f27b f   LIBCMT:output.obj
 0001:0000e2a1       _write_string              1000f2a1 f   LIBCMT:output.obj
 0001:000103f8       __onexit_nolock            100113f8 f   LIBCMT:onexit.obj
 0001:00010d05       __initterm                 10011d05 f   LIBCMT:crt0dat.obj
 0001:00010dcb       _doexit                    10011dcb f   LIBCMT:crt0dat.obj
 0001:000112ea       _parse_cmdline             100122ea f   LIBCMT:stdargv.obj
 0001:000119d4       _fastcopy_I                100129d4 f   LIBCMT:p4_memcpy.obj
 0001:00011b3e       _has_osfxsr_set            10012b3e f   LIBCMT:cpu_disp.obj
 0001:00012841       ?CPtoLCID@@YAHH@Z          10013841 f   LIBCMT:mbctype.obj
 0001:00012870       ?setSBCS@@YAXPAUthreadmbcinfostruct@@@Z 10013870 f   LIBCMT:mbctype.obj
 0001:000128d4       ?setSBUpLow@@YAXPAUthreadmbcinfostruct@@@Z 100138d4 f   LIBCMT:mbctype.obj
 0001:00012b0b       ?getSystemCP@@YAHH@Z       10013b0b f   LIBCMT:mbctype.obj
 0001:00013195       __updatetlocinfoEx_nolock  10014195 f   LIBCMT:setlocal.obj
 0001:000137d8       __unwind_handler4          100147d8 f   LIBCMT:exsup4.obj
 0001:000139ed       _fastzero_I                100149ed f   LIBCMT:p4_memset.obj
 0001:00013ecd       _siglookup                 10014ecd f   LIBCMT:winsig.obj
 0001:000140df       ?x_ismbbtype_l@@YAHPAUlocaleinfo_struct@@IHH@Z 100150df f   LIBCMT:ismbbyte.obj
 0001:00014284       __unwind_handler           10015284 f   LIBCMT:exsup.obj
 0001:000148da       _flsall                    100158da f   LIBCMT:fflush.obj
 0001:000149dd       ?__crtLCMapStringA_stat@@YAHPAUlocaleinfo_struct@@KKPBDHPADHHH@Z 100159dd f   LIBCMT:a_map.obj
 0001:00014dc7       ?__crtGetStringTypeA_stat@@YAHPAUlocaleinfo_struct@@KPBDHPAGHHH@Z 10015dc7 f   LIBCMT:a_str.obj
 0001:000153e9       ?strtoxl@@YAKPAUlocaleinfo_struct@@PBDPAPBDHH@Z 100163e9 f   LIBCMT:strtol.obj
 0001:00016498       __shift                    10017498 f   LIBCMT:cvt.obj
 0001:000164dd       __cftoe2_l                 100174dd f   LIBCMT:cvt.obj
 0001:00016aaf       __cftof2_l                 10017aaf f   LIBCMT:cvt.obj
 0001:00018e3f       __hw_cw                    10019e3f f   LIBCMT:_ieee87_.obj
 0001:00018ecd       ___hw_cw_sse2              10019ecd f   LIBCMT:_ieee87_.obj
 0001:000194c0       ??__Fnomem@?5???2@YAPAXI@Z@YAXXZ 1001a4c0 f   LIBCMT:new.obj
