 wog native dialogs

 Timestamp is 5f474038 (Thu Aug 27 08:10:16 2020)

 Preferred load address is 10000000

 Start         Length     Name                   Class
 0001:00000000 000185dcH .text                   CODE
 0001:000185e0 00000000H .text$x                 CODE
 0001:000185e0 00000014H .text$yd                CODE
 0002:00000000 0000011cH .idata$5                DATA
 0002:0000011c 00000004H .CRT$XCA                DATA
 0002:00000120 00000004H .CRT$XCZ                DATA
 0002:00000124 00000004H .CRT$XIA                DATA
 0002:00000128 00000010H .CRT$XIC                DATA
 0002:00000138 00000004H .CRT$XIZ                DATA
 0002:0000013c 00000004H .CRT$XPA                DATA
 0002:00000140 00000004H .CRT$XPX                DATA
 0002:00000144 00000004H .CRT$XPXA               DATA
 0002:00000148 00000004H .CRT$XPZ                DATA
 0002:0000014c 00000004H .CRT$XTA                DATA
 0002:00000150 00000004H .CRT$XTZ                DATA
 0002:00000160 00002060H .rdata                  DATA
 0002:000021c0 0000006aH .rdata$debug            DATA
 0002:0000222c 000000dcH .rdata$r                DATA
 0002:00002310 0000000cH .rdata$sxdata           DATA
 0002:0000231c 00000004H .rtc$IAA                DATA
 0002:00002320 00000004H .rtc$IZZ                DATA
 0002:00002324 00000004H .rtc$TAA                DATA
 0002:00002328 00000004H .rtc$TZZ                DATA
 0002:00002330 00000444H .xdata$x                DATA
 0002:00002774 00000014H .idata$2                DATA
 0002:00002788 00000014H .idata$3                DATA
 0002:0000279c 0000011cH .idata$4                DATA
 0002:000028b8 0000050cH .idata$6                DATA
 0002:00002dd0 0000005eH .edata                  DATA
 0003:00000000 000012d8H .data                   DATA
 0003:000012e0 00002958H .bss                    DATA

  Address         Publics by Value              Rva+Base       Lib:Object

 0000:00000000       __except_list              00000000     <absolute>
 0000:00000003       ___safe_se_handler_count   00000003     <absolute>
 0000:00000000       ___ImageBase               10000000     <linker-defined>
 0001:00000000       ?WriteCodePatch@PatcherInstance@@QAAPAVPatch@@IPADZZ 10001000 f i wog native dialogs.obj
 0001:00000020       ??1bad_alloc@std@@UAE@XZ   10001020 f i wog native dialogs.obj
 0001:00000030       ??_Ebad_alloc@std@@UAEPAXI@Z 10001030 f i  CIL library: CIL module
 0001:00000030       ??_Gbad_alloc@std@@UAEPAXI@Z 10001030 f i wog native dialogs.obj
 0001:00000060       ?Redraw@_Dlg_@@QAEXXZ      10001060 f i wog native dialogs.obj
 0001:00000080       ?Create@_DlgStaticDef_@@SAPAU1@HHHPADHHH@Z 10001080 f i wog native dialogs.obj
 0001:000000e0       ?Create@_DlgButton_@@SAPAU1@HHHPADHHHH@Z 100010e0 f i wog native dialogs.obj
 0001:00000130       ?b_MsgBox@@YAHPADH@Z       10001130 f i wog native dialogs.obj
 0001:00000160       ?b_MsgBoxD@@YAHPADHHH@Z    10001160 f i wog native dialogs.obj
 0001:000001a0       ?Get_ITxtExp@@YAPADH@Z     100011a0 f i wog native dialogs.obj
 0001:000001c0       ?Set_DlgBackground_RK@@YAHPAV_CustomDlg_@@HH@Z 100011c0 f   wog native dialogs.obj
 0001:000007a0       ?b_MsgBoxAndDef@@YAXPADH0@Z 100017a0 f   wog native dialogs.obj
 0001:000009d0       ?b_MsgBoxBig@@YAXPADD@Z    100019d0 f   wog native dialogs.obj
 0001:00000b10       ?e_ClickSound@@YAXXZ       10001b10 f i wog native dialogs.obj
 0001:00000b60       ?ConnectEra@Era@@YAXXZ     10001b60 f   wog native dialogs.obj
 0001:00000e70       ?Dlg_ChangeBmp@@YAXPAVPatcherInstance@@@Z 10001e70 f   wog native dialogs.obj
 0001:00001c60       ?Y_New_CommanderDlg_Proc@@YGHPAV_CustomDlg_@@PAU_DlgMsg_@@@Z 10002c60 f   wog native dialogs.obj
 0001:00002420       ?Y_Dlg_NPC_Show@@YGHPAVHiHook@@PAU_DlgNPC_@@@Z 10003420 f   wog native dialogs.obj
 0001:00003ac0       ?Y_Dlg_NPC_Prepare@@YGXPAVHiHook@@PAU_Npc_@@HHH@Z 10004ac0 f   wog native dialogs.obj
 0001:00003b00       ?Y_Dlg_NPC_ShowAgain_IfGetArtHero@@YGHPAVLoHook@@PAUHookContext@@@Z 10004b00 f   wog native dialogs.obj
 0001:00003b20       ?Y_HeroDlg_Create@@YGPAV_CustomDlg_@@PAVHiHook@@PAV1@@Z 10004b20 f   wog native dialogs.obj
 0001:00003b80       ?Y_HeroDlg_Proc@@YGHPAVHiHook@@PAV_CustomDlg_@@PAU_DlgMsg_@@@Z 10004b80 f   wog native dialogs.obj
 0001:00003cd0       ?Dlg_NPC@@YAXPAVPatcherInstance@@@Z 10004cd0 f   wog native dialogs.obj
 0001:00003d90       ?New_Dlg_ExpaMon_Case8@@YAHH@Z 10004d90 f   wog native dialogs.obj
 0001:000046d0       ?New_Dlg_ExpaMon_BannerDlg_Proc@@YGHPAV_CustomDlg_@@PAU_DlgMsg_@@@Z 100056d0 f   wog native dialogs.obj
 0001:000047a0       ?New_Dlg_ExpaMon_BannerDlg@@YAHXZ 100057a0 f   wog native dialogs.obj
 0001:00004bc0       ?New_Dlg_ExpaMon_Proc@@YGHPAV_CustomDlg_@@PAU_DlgMsg_@@@Z 10005bc0 f   wog native dialogs.obj
 0001:00005030       ?New_Dlg_ExpaMon@@YAHHHHI@Z 10006030 f   wog native dialogs.obj
 0001:00005c60       ?New_Dlg_ExpaMon_Lo@@YGHPAVLoHook@@PAUHookContext@@@Z 10006c60 f   wog native dialogs.obj
 0001:00005ca0       ?New_Dlg_ExpaMon_Lo_IsBattle@@YGHPAVLoHook@@PAUHookContext@@@Z 10006ca0 f   wog native dialogs.obj
 0001:00005cc0       ?New_Dlg_ExpaMon_NULL@@YGHPAVLoHook@@PAUHookContext@@@Z 10006cc0 f   wog native dialogs.obj
 0001:00005cd0       ?Dlg_ExpaMon@@YAXPAVPatcherInstance@@@Z 10006cd0 f   wog native dialogs.obj
 0001:00005d20       ?Y_WoGCurseDlg_Proc@@YGHPAV_CustomDlg_@@PAU_DlgMsg_@@@Z 10006d20 f   wog native dialogs.obj
 0001:00005e20       ?Y_WoGCurseDlg_Show@@YGHPAVLoHook@@PAUHookContext@@@Z 10006e20 f   wog native dialogs.obj
 0001:000061c0       ?Y_WoGDlg_ChooseArt_Proc@@YGHPAV_CustomDlg_@@PAU_DlgMsg_@@@Z 100071c0 f   wog native dialogs.obj
 0001:000064b0       ?Y_WoGDlg_ChooseArt@@YGHPAVHiHook@@HPAU_Hero_@@H@Z 100074b0 f   wog native dialogs.obj
 0001:00006b30       _UseWin32InputControl      10007b30 f   wog native dialogs.obj
 0001:00006b50       ?IsSupportedFormatImage@@YA_NPAD@Z 10007b50 f   wog native dialogs.obj
 0001:00006ce0       ?New_Dlg_CustomReq_Proc@@YGHPAV_CustomDlg_@@PAU_DlgMsg_@@@Z 10007ce0 f   wog native dialogs.obj
 0001:00006ea0       ?New_Dlg_CustomReq@@YAHPAU_Sphinx1_@@@Z 10007ea0 f   wog native dialogs.obj
 0001:00007f70       ?Y_Dlg_CustomReq@@YGHPAVLoHook@@PAUHookContext@@@Z 10008f70 f   wog native dialogs.obj
 0001:000080b0       ?Y_WoGDlg_SphinxReq@@YGHPAVHiHook@@H@Z 100090b0 f   wog native dialogs.obj
 0001:00008240       ?Y_Dlg_QuickDialog@@YGHPAVHiHook@@PAU_Sphinx1_@@@Z 10009240 f   wog native dialogs.obj
 0001:000082d0       ?Dlg_Sphinx@@YAXPAVPatcherInstance@@@Z 100092d0 f   wog native dialogs.obj
 0001:00008390       ?New_Dlg_IF_G_Proc@@YGHPAV_CustomDlg_@@PAU_DlgMsg_@@@Z 10009390 f   wog native dialogs.obj
 0001:000084d0       ?New_Dlg_IF_G@@YAHHHHHH@Z  100094d0 f   wog native dialogs.obj
 0001:00008920       ?New_Dlg_IF_G_Lo@@YGHPAVLoHook@@PAUHookContext@@@Z 10009920 f   wog native dialogs.obj
 0001:00008960       ?Dlg_IFG@@YAXPAVPatcherInstance@@@Z 10009960 f   wog native dialogs.obj
 0001:000089b0       ?Dlg_ChooseMonAttack_Proc@@YGHPAV_CustomDlg_@@PAU_DlgMsg_@@@Z 100099b0 f   wog native dialogs.obj
 0001:000089f0       ?Dlg_ChooseMonAttack@@YGHPAVHiHook@@HHH@Z 100099f0 f   wog native dialogs.obj
 0001:00008cd0       ?Redraw_WoGDlgSetup_ElemOnPage@@YAHPAV_CustomDlg_@@PAU_DlgSetup_@@H@Z 10009cd0 f   wog native dialogs.obj
 0001:00008ec0       ?ShowHide_WoGDlgSetup_ElemOnPage@@YAHPAV_CustomDlg_@@HPAU_DlgSetup_@@H@Z 10009ec0 f   wog native dialogs.obj
 0001:000090b0       ?Create_WoGDlgSetup_ElemOnPage@@YAHPAV_CustomDlg_@@HPAU_DlgSetup_@@@Z 1000a0b0 f   wog native dialogs.obj
 0001:000094a0       ?setYellowFrames@@YAXPAV_CustomDlg_@@H@Z 1000a4a0 f   wog native dialogs.obj
 0001:0000a000       ?Dlg_WoG_Options_Proc@@YGHPAV_CustomDlg_@@PAU_DlgMsg_@@@Z 1000b000 f   wog native dialogs.obj
 0001:0000a750       ?Dlg_WoG_Options_Show@@YGXPAVHiHook@@H@Z 1000b750 f   wog native dialogs.obj
 0001:0000ac90       ?Y_NewScenarioDlg_Proc@@YGHPAVHiHook@@PAV_CustomDlg_@@PAU_DlgMsg_@@@Z 1000bc90 f   wog native dialogs.obj
 0001:0000ace0       ?Y_NewScenarioDlg_Create@@YGXPAVHiHook@@PAU_NewScenarioDlg_@@H@Z 1000bce0 f   wog native dialogs.obj
 0001:0000ad90       ?Dlg_WoGOptions@@YAXPAVPatcherInstance@@@Z 1000bd90 f   wog native dialogs.obj
 0001:0000ae30       ?Dlg_ChooseCastleReBuild_Proc@@YGHPAV_CustomDlg_@@PAU_DlgMsg_@@@Z 1000be30 f   wog native dialogs.obj
 0001:0000af70       ?Dlg_ChooseCastleReBuild@@YGHPAVHiHook@@HH@Z 1000bf70 f   wog native dialogs.obj
 0001:0000b260       ?Y_Dlg_HeroLvlUp_Proc@@YGHPAVHiHook@@HPAU_DlgMsg_@@@Z 1000c260 f   wog native dialogs.obj
 0001:0000b340       ?Y_Lo_Dlg_HeroLvlUp_Create@@YGHPAVLoHook@@PAUHookContext@@@Z 1000c340 f   wog native dialogs.obj
 0001:0000b360       ?b_MsgBox_Proc@@YGHPAVHiHook@@PAU_DlgMsg_@@@Z 1000c360 f   wog native dialogs.obj
 0001:0000b410       ?Y_Dlg_Recuit_Proc@@YGHPAVHiHook@@PAU_Struct_@@PAU_DlgMsg_@@@Z 1000c410 f   wog native dialogs.obj
 0001:0000b4a0       ?Y_Dlg_Recuit_Create@@YGHPAVHiHook@@PAU_Struct_@@H@Z 1000c4a0 f   wog native dialogs.obj
 0001:0000b510       ?Y_DlgMainMenu_Proc@@YGHPAVHiHook@@PAU_DlgMsg_@@@Z 1000c510 f   wog native dialogs.obj
 0001:0000b6e0       ?Y_BATTLE_Proc@@YGHPAVHiHook@@PAU_BattleMgr_@@PAU_DlgMsg_@@@Z 1000c6e0 f   wog native dialogs.obj
 0001:0000b830       ?Y_EndBattle@@YGHPAVLoHook@@PAUHookContext@@@Z 1000c830 f   wog native dialogs.obj
 0001:0000b8d0       ?StartHD5Functions@@YAXXZ  1000c8d0 f   wog native dialogs.obj
 0001:0000b9f0       ?HD5_Functions@@YAXPAVPatcherInstance@@@Z 1000c9f0 f   wog native dialogs.obj
 0001:0000ba40       ?getAIValue_NPC@@YA_JH@Z   1000ca40 f   wog native dialogs.obj
 0001:0000bb20       ?get_AIValue_Hook@@YG_JPAVHiHook@@H@Z 1000cb20 f   wog native dialogs.obj
 0001:0000bb70       ?get_AIValue_And_NPC_Error@@YGHPAVLoHook@@PAUHookContext@@@Z 1000cb70 f   wog native dialogs.obj
 0001:0000bb80       ?get_Fight_Value_Hook@@YGHPAVLoHook@@PAUHookContext@@@Z 1000cb80 f   wog native dialogs.obj
 0001:0000bbb0       ?Dlg_NPC_AIValue@@YAXPAVPatcherInstance@@@Z 1000cbb0 f   wog native dialogs.obj
 0001:0000bc30       ?Y_DlgTown_Proc@@YGHPAVHiHook@@PAU_TownMgr_@@PAU_DlgMsg_@@@Z 1000cc30 f   wog native dialogs.obj
 0001:0000bdb0       ?Y_Dlg_HeroesMeet@@YGHPAVLoHook@@PAUHookContext@@@Z 1000cdb0 f   wog native dialogs.obj
 0001:0000bde0       ?Y_Battle_SetHintAttackGetDamage@@YGHPAVLoHook@@PAUHookContext@@@Z 1000cde0 f   wog native dialogs.obj
 0001:0000be00       ?GetStringKilled@@YAPADPADPAU_BattleStack_@@@Z 1000ce00 f   wog native dialogs.obj
 0001:0000bf30       ?BattleMgr_GetAttackDamage_Hint_LogString@@YGPAU_HStr_@@PAVHiHook@@PAU1@PAU_BattleStack_@@2EH@Z 1000cf30 f   wog native dialogs.obj
 0001:0000c030       ?Y_Dlg_MainMenu_Create@@YGHPAVHiHook@@PAU_Dlg_@@@Z 1000d030 f   wog native dialogs.obj
 0001:0000c0e0       ?Y_LoadAllTXTinGames@@YGHPAVLoHook@@PAUHookContext@@@Z 1000d0e0 f   wog native dialogs.obj
 0001:0000c110       ?Y_Hook_MainLoop@@YGHPAVLoHook@@PAUHookContext@@@Z 1000d110 f   wog native dialogs.obj
 0001:0000c1b0       _DllMain@12                1000d1b0 f   wog native dialogs.obj
 0001:0000c410       ??$VarValue@H@Patcher@@QAEAAHPAD@Z 1000d410 f i wog native dialogs.obj
 0001:0000c450       ??0bad_alloc@std@@QAE@ABV01@@Z 1000d450 f i wog native dialogs.obj
 0001:0000c470       ?RedrawScreen@_DlgItem_@@QAEXXZ 1000d470 f   HoMM3_GUI.obj
 0001:0000c4a0       ?Create@_CustomDlg_@@SAPAV1@HHHHIP6GHPAV1@PAU_DlgMsg_@@@Z@Z 1000d4a0 f   HoMM3_GUI.obj
 0001:0000c520       ?DlgProcBridge@_CustomDlg_@@SIHPAV1@IPAU_DlgMsg_@@@Z 1000d520 f   HoMM3_GUI.obj
 0001:0000c539       @__security_check_cookie@4 1000d539 f   LIBCMT:secchk.obj
 0001:0000c548       _sprintf                   1000d548 f   LIBCMT:sprintf.obj
 0001:0000c5c5       ??0exception@std@@QAE@ABQBDH@Z 1000d5c5 f   LIBCMT:stdexcpt.obj
 0001:0000c5e2       ??0exception@std@@QAE@ABV01@@Z 1000d5e2 f   LIBCMT:stdexcpt.obj
 0001:0000c63f       ??1exception@std@@UAE@XZ   1000d63f f   LIBCMT:stdexcpt.obj
 0001:0000c655       ?what@exception@std@@UBEPBDXZ 1000d655 f   LIBCMT:stdexcpt.obj
 0001:0000c662       ??_Gexception@std@@UAEPAXI@Z 1000d662 f i LIBCMT:stdexcpt.obj
 0001:0000c662       ??_Eexception@std@@UAEPAXI@Z 1000d662 f i LIBCMT:stdexcpt.obj
 0001:0000c683       ??3@YAXPAX@Z               1000d683 f   LIBCMT:delete.obj
 0001:0000c68e       ??1type_info@@UAE@XZ       1000d68e f   LIBCMT:typinfo.obj
 0001:0000c69e       ??_Gtype_info@@UAEPAXI@Z   1000d69e f i LIBCMT:typinfo.obj
 0001:0000c69e       ??_Etype_info@@UAEPAXI@Z   1000d69e f i LIBCMT:typinfo.obj
 0001:0000c6bf       ??0bad_alloc@std@@QAE@XZ   1000d6bf f i LIBCMT:new.obj
 0001:0000c6da       ??2@YAPAXI@Z               1000d6da f   LIBCMT:new.obj
 0001:0000c73f       __CRT_INIT@12              1000d73f f   LIBCMT:dllcrt0.obj
 0001:0000c96a       __DllMainCRTStartup@12     1000d96a f   LIBCMT:dllcrt0.obj
 0001:0000c990       _strlen                    1000d990 f   LIBCMT:strlen.obj
 0001:0000ca1b       __CxxThrowException@8      1000da1b f   LIBCMT:throw.obj
 0001:0000ca67       ?_CallMemberFunction0@@YGXPAX0@Z 1000da67 f   LIBCMT:_trnsctrl_.obj
 0001:0000ca6e       ___report_gsfailure        1000da6e f   LIBCMT:gs_report.obj
 0001:0000cb80       _memmove                   1000db80 f   LIBCMT:memmove.obj
 0001:0000cee5       __initp_misc_invarg        1000dee5 f   LIBCMT:invarg.obj
 0001:0000cef4       __invoke_watson            1000def4 f   LIBCMT:invarg.obj
 0001:0000d01c       __invalid_parameter        1000e01c f   LIBCMT:invarg.obj
 0001:0000d042       __get_errno_from_oserr     1000e042 f   LIBCMT:dosmap.obj
 0001:0000d084       __errno                    1000e084 f   LIBCMT:dosmap.obj
 0001:0000d097       ___doserrno                1000e097 f   LIBCMT:dosmap.obj
 0001:0000d0aa       __dosmaperr                1000e0aa f   LIBCMT:dosmap.obj
 0001:0000d0cd       __flsbuf                   1000e0cd f   LIBCMT:_flsbuf.obj
 0001:0000d231       ??0_LocaleUpdate@@QAE@PAUlocaleinfo_struct@@@Z 1000e231 f i LIBCMT:output.obj
 0001:0000d35e       __output_l                 1000e35e f   LIBCMT:output.obj
 0001:0000def6       _strcpy_s                  1000eef6 f   LIBCMT:strcpy_s.obj
 0001:0000df5e       _V6_HeapAlloc              1000ef5e f   LIBCMT:malloc.obj
 0001:0000dfad       _malloc                    1000efad f   LIBCMT:malloc.obj
 0001:0000e077       _free                      1000f077 f   LIBCMT:free.obj
 0001:0000e110       _memset                    1000f110 f   LIBCMT:memset.obj
 0001:0000e190       _memcpy                    1000f190 f   LIBCMT:memcpy.obj
 0001:0000e4f5       ?_Type_info_dtor@type_info@@CAXPAV1@@Z 1000f4f5 f   LIBCMT:typname.obj
 0001:0000e570       _strcmp                    1000f570 f   LIBCMT:strcmp.obj
 0001:0000e6b2       ___onexitinit              1000f6b2 f   LIBCMT:onexit.obj
 0001:0000e6e3       __onexit                   1000f6e3 f   LIBCMT:onexit.obj
 0001:0000e71f       _atexit                    1000f71f f   LIBCMT:onexit.obj
 0001:0000e736       __initp_heap_handler       1000f736 f   LIBCMT:handler.obj
 0001:0000e745       __callnewh                 1000f745 f   LIBCMT:handler.obj
 0001:0000e76d       __encode_pointer           1000f76d f   LIBCMT:tidtable.obj
 0001:0000e7df       __encoded_null             1000f7df f   LIBCMT:tidtable.obj
 0001:0000e7e8       __decode_pointer           1000f7e8 f   LIBCMT:tidtable.obj
 0001:0000e85a       ___crtTlsAlloc@4           1000f85a f   LIBCMT:tidtable.obj
 0001:0000e863       ___set_flsgetvalue         1000f863 f   LIBCMT:tidtable.obj
 0001:0000e897       __mtterm                   1000f897 f   LIBCMT:tidtable.obj
 0001:0000e8d4       __initptd                  1000f8d4 f   LIBCMT:tidtable.obj
 0001:0000e9bb       __getptd_noexit            1000f9bb f   LIBCMT:tidtable.obj
 0001:0000ea34       __getptd                   1000fa34 f   LIBCMT:tidtable.obj
 0001:0000ea4e       __freefls@4                1000fa4e f   LIBCMT:tidtable.obj
 0001:0000eb7d       __freeptd                  1000fb7d f   LIBCMT:tidtable.obj
 0001:0000ebeb       __mtinit                   1000fbeb f   LIBCMT:tidtable.obj
 0001:0000ed78       __malloc_crt               1000fd78 f   LIBCMT:crtheap.obj
 0001:0000edbd       __calloc_crt               1000fdbd f   LIBCMT:crtheap.obj
 0001:0000ee09       __realloc_crt              1000fe09 f   LIBCMT:crtheap.obj
 0001:0000ee57       __crt_waiting_on_module_handle 1000fe57 f   LIBCMT:crt0dat.obj
 0001:0000ee87       __amsg_exit                1000fe87 f   LIBCMT:crt0dat.obj
 0001:0000eeb0       ___crtCorExitProcess       1000feb0 f   LIBCMT:crt0dat.obj
 0001:0000eedb       ___crtExitProcess          1000fedb f   LIBCMT:crt0dat.obj
 0001:0000eef3       __lockexit                 1000fef3 f   LIBCMT:crt0dat.obj
 0001:0000eefc       __unlockexit               1000fefc f   LIBCMT:crt0dat.obj
 0001:0000ef22       __initterm_e               1000ff22 f   LIBCMT:crt0dat.obj
 0001:0000ef46       __cinit                    1000ff46 f   LIBCMT:crt0dat.obj
 0001:0000f0f7       __exit                     100100f7 f   LIBCMT:crt0dat.obj
 0001:0000f10d       __cexit                    1001010d f   LIBCMT:crt0dat.obj
 0001:0000f11c       __init_pointers            1001011c f   LIBCMT:crt0dat.obj
 0001:0000f16a       __ioinit                   1001016a f   LIBCMT:ioinit.obj
 0001:0000f3be       __ioterm                   100103be f   LIBCMT:ioinit.obj
 0001:0000f40c       __setenvp                  1001040c f   LIBCMT:stdenvp.obj
 0001:0000f684       __setargv                  10010684 f   LIBCMT:stdargv.obj
 0001:0000f73f       ___crtGetEnvironmentStringsA 1001073f f   LIBCMT:a_env.obj
 0001:0000f876       __RTC_Initialize           10010876 f   LIBCMT:_initsect_.obj
 0001:0000f89c       __RTC_Terminate            1001089c f   LIBCMT:_initsect_.obj
 0001:0000f8c2       __heap_init                100108c2 f   LIBCMT:heapinit.obj
 0001:0000f8f2       __heap_term                100108f2 f   LIBCMT:heapinit.obj
 0001:0000f966       __XcptFilter               10010966 f   LIBCMT:winxfltr.obj
 0001:0000fac6       ___CppXcptFilter           10010ac6 f   LIBCMT:winxfltr.obj
 0001:0000fae8       __SEH_prolog4              10010ae8 f   LIBCMT:sehprolg4.obj
 0001:0000fb2d       __SEH_epilog4              10010b2d f   LIBCMT:sehprolg4.obj
 0001:0000fb50       __except_handler4          10010b50 f   LIBCMT:chandler4.obj
 0001:0000fcdc       ___security_init_cookie    10010cdc f   LIBCMT:gs_support.obj
 0001:0000fd72       ___DestructExceptionObject 10010d72 f   LIBCMT:frame.obj
 0001:0000fdc7       ?terminate@@YAXXZ          10010dc7 f   LIBCMT:hooks.obj
 0001:0000fe00       __initp_eh_hooks           10010e00 f   LIBCMT:hooks.obj
 0001:0000fe20       __CallSettingFrame@12      10010e20 f   LIBCMT:lowhelpr.obj
 0001:0000fe47       __NLG_Return               10010e47     LIBCMT:lowhelpr.obj
 0001:0000fe6c       __crt_debugger_hook        10010e6c f   LIBCMT:dbghook.obj
 0001:0000fefb       __VEC_memcpy               10010efb f   LIBCMT:p4_memcpy.obj
 0001:0001002e       __get_sse2_info            1001102e f   LIBCMT:cpu_disp.obj
 0001:00010090       ___sse2_available_init     10011090 f   LIBCMT:cpu_disp.obj
 0001:0001009d       __lseeki64_nolock          1001109d f   LIBCMT:lseeki64.obj
 0001:00010122       __lseeki64                 10011122 f   LIBCMT:lseeki64.obj
 0001:0001023b       __write_nolock             1001123b f   LIBCMT:write.obj
 0001:0001096e       __write                    1001196e f   LIBCMT:write.obj
 0001:00010a4a       __getbuf                   10011a4a f   LIBCMT:_getbuf.obj
 0001:00010a93       __isatty                   10011a93 f   LIBCMT:isatty.obj
 0001:00010af7       ___iob_func                10011af7 f   LIBCMT:_file.obj
 0001:00010afd       ___initstdio               10011afd f   LIBCMT:_file.obj
 0001:00010bae       ___endstdio                10011bae f   LIBCMT:_file.obj
 0001:00010bce       __lock_file                10011bce f   LIBCMT:_file.obj
 0001:00010c0f       __lock_file2               10011c0f f   LIBCMT:_file.obj
 0001:00010c41       __unlock_file              10011c41 f   LIBCMT:_file.obj
 0001:00010c7d       __unlock_file2             10011c7d f   LIBCMT:_file.obj
 0001:00010cac       __fileno                   10011cac f   LIBCMT:fileno.obj
 0001:00010f04       ___updatetmbcinfo          10011f04 f   LIBCMT:mbctype.obj
 0001:00011024       __setmbcp_nolock           10012024 f   LIBCMT:mbctype.obj
 0001:00011209       __setmbcp                  10012209 f   LIBCMT:mbctype.obj
 0001:000113a3       ___initmbctable            100123a3 f   LIBCMT:mbctype.obj
 0001:000113c1       ___freetlocinfo            100123c1 f   LIBCMT:setlocal.obj
 0001:0001150a       ___addlocaleref            1001250a f   LIBCMT:setlocal.obj
 0001:00011599       ___removelocaleref         10012599 f   LIBCMT:setlocal.obj
 0001:00011670       ___updatetlocinfo          10012670 f   LIBCMT:setlocal.obj
 0001:000116e6       __initp_misc_cfltcvt_tab   100126e6 f   LIBCMT:cmiscdat.obj
 0001:00011707       __get_printf_count_output  10012707 f   LIBCMT:printf.obj
 0001:0001171d       __wctomb_s_l               1001271d f   LIBCMT:wctomb.obj
 0001:00011889       _wctomb_s                  10012889 f   LIBCMT:wctomb.obj
 0001:000118a6       __isleadbyte_l             100128a6 f i LIBCMT:_wctype.obj
 0001:000118de       _isleadbyte                100128de f i LIBCMT:_wctype.obj
 0001:00011900       __aulldvrm                 10012900 f   LIBCMT:ulldvrm.obj
 0001:00011995       __mtinitlocks              10012995 f   LIBCMT:mlock.obj
 0001:000119e0       __mtdeletelocks            100129e0 f   LIBCMT:mlock.obj
 0001:00011a37       __unlock                   10012a37 f   LIBCMT:mlock.obj
 0001:00011a4e       __mtinitlocknum            10012a4e f   LIBCMT:mlock.obj
 0001:00011b11       __lock                     10012b11 f   LIBCMT:mlock.obj
 0001:00011b44       ___sbh_find_block          10012b44 f   LIBCMT:sbheap.obj
 0001:00011b74       ___sbh_free_block          10012b74 f   LIBCMT:sbheap.obj
 0001:00011e8a       ___sbh_alloc_new_region    10012e8a f   LIBCMT:sbheap.obj
 0001:00011f3a       ___sbh_alloc_new_group     10012f3a f   LIBCMT:sbheap.obj
 0001:00012042       ___sbh_resize_block        10013042 f   LIBCMT:sbheap.obj
 0001:00012323       ___sbh_alloc_block         10013323 f   LIBCMT:sbheap.obj
 0001:00012608       __NMSG_WRITE               10013608 f   LIBCMT:crt0msg.obj
 0001:000127b3       __FF_MSGBANNER             100137b3 f   LIBCMT:crt0msg.obj
 0001:00012843       __VEC_memzero              10013843 f   LIBCMT:p4_memset.obj
 0001:000128d4       __local_unwind4            100138d4 f   LIBCMT:exsup4.obj
 0001:000129aa       __seh_longjmp_unwind4@4    100139aa f   LIBCMT:exsup4.obj
 0001:000129c6       @_EH4_CallFilterFunc@8     100139c6 f   LIBCMT:exsup4.obj
 0001:000129dd       @_EH4_TransferToHandler@8  100139dd f   LIBCMT:exsup4.obj
 0001:000129f6       @_EH4_GlobalUnwind@4       100139f6 f   LIBCMT:exsup4.obj
 0001:00012a10       @_EH4_LocalUnwind@16       10013a10 f   LIBCMT:exsup4.obj
 0001:00012a27       __msize                    10013a27 f   LIBCMT:msize.obj
 0001:00012aca       __calloc_impl              10013aca f   LIBCMT:calloc_impl.obj
 0001:00012be8       _realloc                   10013be8 f   LIBCMT:realloc.obj
 0001:00012e10       __ValidateImageBase        10013e10 f   LIBCMT:pesect.obj
 0001:00012e50       __FindPESection            10013e50 f   LIBCMT:pesect.obj
 0001:00012ea0       __IsNonwritableInCurrentImage 10013ea0 f   LIBCMT:pesect.obj
 0001:00012f5d       __initp_misc_winsig        10013f5d f   LIBCMT:winsig.obj
 0001:00012fb2       ___get_sigabrt             10013fb2 f   LIBCMT:winsig.obj
 0001:00012fbf       _raise                     10013fbf f   LIBCMT:winsig.obj
 0001:0001316f       __initp_misc_rand_s        1001416f f   LIBCMT:rand_s.obj
 0001:0001317e       __initp_misc_purevirt      1001417e f   LIBCMT:inithelp.obj
 0001:0001318d       __initp_misc_initcrit      1001418d f   LIBCMT:initcrit.obj
 0001:0001319c       ___crtInitCritSecAndSpinCount 1001419c f   LIBCMT:initcrit.obj
 0001:0001324f       __ismbblead                1001424f f   LIBCMT:ismbbyte.obj
 0001:00013267       _abort                     10014267 f   LIBCMT:abort.obj
 0001:00013380       __global_unwind2           10014380 f   LIBCMT:exsup.obj
 0001:000133e5       __local_unwind2            100143e5 f   LIBCMT:exsup.obj
 0001:00013469       __abnormal_termination     10014469 f   LIBCMT:exsup.obj
 0001:0001348c       __NLG_Notify1              1001448c f   LIBCMT:exsup.obj
 0001:00013495       __NLG_Notify               10014495 f   LIBCMT:exsup.obj
 0001:000134ac       __NLG_Dispatch2            100144ac     LIBCMT:exsup.obj
 0001:000134ac       __NLG_Dispatch             100144ac     LIBCMT:exsup.obj
 0001:000134b4       __NLG_Call                 100144b4 f   LIBCMT:exsup.obj
 0001:000134b6       __NLG_Return2              100144b6     LIBCMT:exsup.obj
 0001:000134b7       __free_osfhnd              100144b7 f   LIBCMT:osfinfo.obj
 0001:0001353d       __get_osfhandle            1001453d f   LIBCMT:osfinfo.obj
 0001:000135b4       ___lock_fhandle            100145b4 f   LIBCMT:osfinfo.obj
 0001:00013654       __unlock_fhandle           10014654 f   LIBCMT:osfinfo.obj
 0001:0001367b       __putwch_nolock            1001467b f   LIBCMT:putwch.obj
 0001:00013740       __mbtowc_l                 10014740 f   LIBCMT:mbtowc.obj
 0001:00013857       _mbtowc                    10014857 f   LIBCMT:mbtowc.obj
 0001:00013880       __chkstk                   10014880 f   LIBCMT:chkstk.obj
 0001:00013880       __alloca_probe             10014880     LIBCMT:chkstk.obj
 0001:000138ab       __fcloseall                100148ab f   LIBCMT:closeall.obj
 0001:0001394a       __flush                    1001494a f   LIBCMT:fflush.obj
 0001:000139b2       __fflush_nolock            100149b2 f   LIBCMT:fflush.obj
 0001:00013ad4       __flushall                 10014ad4 f   LIBCMT:fflush.obj
 0001:00013add       __freea                    10014add f i LIBCMT:a_map.obj
 0001:00013ea2       ___crtLCMapStringA         10014ea2 f   LIBCMT:a_map.obj
 0001:000140a1       ___crtGetStringTypeA       100150a1 f   LIBCMT:a_str.obj
 0001:000140e3       ___free_lc_time            100150e3 f   LIBCMT:inittime.obj
 0001:00014278       ___free_lconv_num          10015278 f   LIBCMT:initnum.obj
 0001:000142bd       ___free_lconv_mon          100152bd f   LIBCMT:initmon.obj
 0001:0001434b       _strcat_s                  1001534b f   LIBCMT:strcat_s.obj
 0001:000143c0       _strcspn                   100153c0 f   LIBCMT:strcspn.obj
 0001:00014406       _strncpy_s                 10015406 f   LIBCMT:strncpy_s.obj
 0001:000144c0       _strpbrk                   100154c0 f   LIBCMT:strpbrk.obj
 0001:00014500       __fptrap                   10015500 f   LIBCMT:crt0fp.obj
 0001:00014738       _strtol                    10015738 f   LIBCMT:strtol.obj
 0001:00014763       ___crtMessageBoxA          10015763 f   LIBCMT:crtmbox.obj
 0001:000148cc       __set_error_mode           100158cc f   LIBCMT:errmode.obj
 0001:00014920       __allmul                   10015920 f   LIBCMT:llmul.obj
 0001:00014954       _atol                      10015954 f   LIBCMT:atox.obj
 0001:0001496a       __isdigit_l                1001596a f i LIBCMT:_ctype.obj
 0001:000149bb       _isdigit                   100159bb f i LIBCMT:_ctype.obj
 0001:000149e9       ___initconout              100159e9 f   LIBCMT:initcon.obj
 0001:00014a08       ___termcon                 10015a08 f   LIBCMT:initcon.obj
 0001:00014a35       __fclose_nolock            10015a35 f   LIBCMT:fclose.obj
 0001:00014aac       _fclose                    10015aac f   LIBCMT:fclose.obj
 0001:00014b28       __commit                   10015b28 f   LIBCMT:commit.obj
 0001:00014c09       ___ansicp                  10015c09 f   LIBCMT:convrtcp.obj
 0001:00014c52       ___convertcp               10015c52 f   LIBCMT:convrtcp.obj
 0001:00014e10       __alloca_probe_16          10015e10 f   LIBCMT:alloca16.obj
 0001:00014e26       __alloca_probe_8           10015e26     LIBCMT:alloca16.obj
 0001:00014e3c       __isctype_l                10015e3c f   LIBCMT:isctype.obj
 0001:00014ef4       __close_nolock             10015ef4 f   LIBCMT:close.obj
 0001:00014f90       __close                    10015f90 f   LIBCMT:close.obj
 0001:0001505d       __freebuf                  1001605d f   LIBCMT:_freebuf.obj
 0001:0001508e       __tolower_l                1001608e f   LIBCMT:tolower.obj
 0001:000151a3       _tolower                   100161a3 f   LIBCMT:tolower.obj
 0001:000151d0       ___ascii_strnicmp          100161d0 f   LIBCMT:_strnicm.obj
 0001:00015250       _strchr                    10016250 f   LIBCMT:strchr.obj
 0001:00015256       ___from_strstr_to_strchr   10016256     LIBCMT:strchr.obj
 0001:0001530e       _RtlUnwind@16              1001630e f   kernel32:KERNEL32.dll
 0001:00015314       __initp_misc_winxfltr      10016314 f   LIBCMT:winxfltr.obj
 0001:00015314       __fpclear                  10016314 f   LIBCMT:_fpinit_.obj
 0001:00015315       __cfltcvt_init             10016315 f   LIBCMT:_fpinit_.obj
 0001:00015375       __fpmath                   10016375 f   LIBCMT:_fpinit_.obj
 0001:000153a0       __ftol2_sse                100163a0 f   LIBCMT:ftol2.obj
 0001:000153a9       __ftol2_pentium4           100163a9 f   LIBCMT:ftol2.obj
 0001:000153bc       __ftol2_sse_excpt          100163bc f   LIBCMT:ftol2.obj
 0001:000153d6       __ftol2                    100163d6 f   LIBCMT:ftol2.obj
 0001:0001544b       __forcdecpt_l              1001644b f   LIBCMT:cvt.obj
 0001:000154be       __cropzeros_l              100164be f   LIBCMT:cvt.obj
 0001:00015540       __positive                 10016540 f   LIBCMT:cvt.obj
 0001:0001555c       __fassign_l                1001655c f   LIBCMT:cvt.obj
 0001:0001559e       __fassign                  1001659e f   LIBCMT:cvt.obj
 0001:000155d7       __forcdecpt                100165d7 f   LIBCMT:cvt.obj
 0001:000155ea       __cropzeros                100165ea f   LIBCMT:cvt.obj
 0001:0001576c       __cftoe_l                  1001676c f   LIBCMT:cvt.obj
 0001:0001583c       __cftoe                    1001683c f   LIBCMT:cvt.obj
 0001:0001585c       __cftoa_l                  1001685c f   LIBCMT:cvt.obj
 0001:00015cc6       __cftof_l                  10016cc6 f   LIBCMT:cvt.obj
 0001:00015d81       __cftog_l                  10016d81 f   LIBCMT:cvt.obj
 0001:00015e7b       __cfltcvt_l                10016e7b f   LIBCMT:cvt.obj
 0001:00015f03       __cfltcvt                  10016f03 f   LIBCMT:cvt.obj
 0001:00015f26       __setdefaultprecision      10016f26 f   LIBCMT:fp8.obj
 0001:00015f51       __ms_p5_test_fdiv          10016f51 f   LIBCMT:_testfdiv_.obj
 0001:00015f8f       __ms_p5_mp_test_fdiv       10016f8f f   LIBCMT:_testfdiv_.obj
 0001:00015fc0       _strrchr                   10016fc0 f   LIBCMT:strrchr.obj
 0001:00015fed       __atodbl_l                 10016fed f   LIBCMT:atodbl.obj
 0001:00016095       __atoflt_l                 10017095 f   LIBCMT:atodbl.obj
 0001:0001613d       __fptostr                  1001713d f   LIBCMT:_fptostr.obj
 0001:000161fc       ___dtold                   100171fc f   LIBCMT:_cfout_.obj
 0001:000162b9       __fltout2                  100172b9 f   LIBCMT:_cfout_.obj
 0001:00016350       __alldvrm                  10017350 f   LIBCMT:lldvrm.obj
 0001:00016430       __aullshr                  10017430 f   LIBCMT:ullshr.obj
 0001:0001644f       __controlfp_s              1001744f f   LIBCMT:_contrlfp_.obj
 0001:000164bb       __ld12tod                  100174bb f   LIBCMT:_intrncvt_.obj
 0001:000169ff       __ld12tof                  100179ff f   LIBCMT:_intrncvt_.obj
 0001:00016f43       ___strgtold12_l            10017f43 f   LIBCMT:_strgtold_.obj
 0001:0001763b       _$I10_OUTPUT               1001863b f   LIBCMT:_x10fout_.obj
 0001:0001808d       __control87                1001908d f i LIBCMT:_ieee87_.obj
 0001:0001839c       ___mtold12                 1001939c f   LIBCMT:_mantold_.obj
 0001:0001856a       ___set_fpsr_sse2           1001956a f   LIBCMT:_fpctrl_.obj
 0002:00000000       __imp__GetProcAddress@8    1001a000     kernel32:KERNEL32.dll
 0002:00000004       __imp__LoadLibraryA@4      1001a004     kernel32:KERNEL32.dll
 0002:00000008       __imp__CreateFileA@28      1001a008     kernel32:KERNEL32.dll
 0002:0000000c       __imp__SetFilePointer@16   1001a00c     kernel32:KERNEL32.dll
 0002:00000010       __imp__CloseHandle@4       1001a010     kernel32:KERNEL32.dll
 0002:00000014       __imp__GetCurrentThreadId@0 1001a014     kernel32:KERNEL32.dll
 0002:00000018       __imp__GetCommandLineA@0   1001a018     kernel32:KERNEL32.dll
 0002:0000001c       __imp__RaiseException@16   1001a01c     kernel32:KERNEL32.dll
 0002:00000020       __imp__RtlUnwind@16        1001a020     kernel32:KERNEL32.dll
 0002:00000024       __imp__TerminateProcess@8  1001a024     kernel32:KERNEL32.dll
 0002:00000028       __imp__GetCurrentProcess@0 1001a028     kernel32:KERNEL32.dll
 0002:0000002c       __imp__UnhandledExceptionFilter@4 1001a02c     kernel32:KERNEL32.dll
 0002:00000030       __imp__SetUnhandledExceptionFilter@4 1001a030     kernel32:KERNEL32.dll
 0002:00000034       __imp__IsDebuggerPresent@0 1001a034     kernel32:KERNEL32.dll
 0002:00000038       __imp__HeapAlloc@12        1001a038     kernel32:KERNEL32.dll
 0002:0000003c       __imp__GetLastError@0      1001a03c     kernel32:KERNEL32.dll
 0002:00000040       __imp__HeapFree@12         1001a040     kernel32:KERNEL32.dll
 0002:00000044       __imp__GetModuleHandleW@4  1001a044     kernel32:KERNEL32.dll
 0002:00000048       __imp__TlsGetValue@4       1001a048     kernel32:KERNEL32.dll
 0002:0000004c       __imp__TlsAlloc@0          1001a04c     kernel32:KERNEL32.dll
 0002:00000050       __imp__TlsSetValue@8       1001a050     kernel32:KERNEL32.dll
 0002:00000054       __imp__TlsFree@4           1001a054     kernel32:KERNEL32.dll
 0002:00000058       __imp__InterlockedIncrement@4 1001a058     kernel32:KERNEL32.dll
 0002:0000005c       __imp__SetLastError@4      1001a05c     kernel32:KERNEL32.dll
 0002:00000060       __imp__InterlockedDecrement@4 1001a060     kernel32:KERNEL32.dll
 0002:00000064       __imp__Sleep@4             1001a064     kernel32:KERNEL32.dll
 0002:00000068       __imp__ExitProcess@4       1001a068     kernel32:KERNEL32.dll
 0002:0000006c       __imp__SetHandleCount@4    1001a06c     kernel32:KERNEL32.dll
 0002:00000070       __imp__GetStdHandle@4      1001a070     kernel32:KERNEL32.dll
 0002:00000074       __imp__GetFileType@4       1001a074     kernel32:KERNEL32.dll
 0002:00000078       __imp__GetStartupInfoA@4   1001a078     kernel32:KERNEL32.dll
 0002:0000007c       __imp__DeleteCriticalSection@4 1001a07c     kernel32:KERNEL32.dll
 0002:00000080       __imp__GetModuleFileNameA@12 1001a080     kernel32:KERNEL32.dll
 0002:00000084       __imp__FreeEnvironmentStringsA@4 1001a084     kernel32:KERNEL32.dll
 0002:00000088       __imp__GetEnvironmentStrings@0 1001a088     kernel32:KERNEL32.dll
 0002:0000008c       __imp__FreeEnvironmentStringsW@4 1001a08c     kernel32:KERNEL32.dll
 0002:00000090       __imp__WideCharToMultiByte@32 1001a090     kernel32:KERNEL32.dll
 0002:00000094       __imp__GetEnvironmentStringsW@0 1001a094     kernel32:KERNEL32.dll
 0002:00000098       __imp__HeapCreate@12       1001a098     kernel32:KERNEL32.dll
 0002:0000009c       __imp__HeapDestroy@4       1001a09c     kernel32:KERNEL32.dll
 0002:000000a0       __imp__VirtualFree@12      1001a0a0     kernel32:KERNEL32.dll
 0002:000000a4       __imp__QueryPerformanceCounter@4 1001a0a4     kernel32:KERNEL32.dll
 0002:000000a8       __imp__GetTickCount@0      1001a0a8     kernel32:KERNEL32.dll
 0002:000000ac       __imp__GetCurrentProcessId@0 1001a0ac     kernel32:KERNEL32.dll
 0002:000000b0       __imp__GetSystemTimeAsFileTime@4 1001a0b0     kernel32:KERNEL32.dll
 0002:000000b4       __imp__WriteFile@20        1001a0b4     kernel32:KERNEL32.dll
 0002:000000b8       __imp__GetConsoleCP@0      1001a0b8     kernel32:KERNEL32.dll
 0002:000000bc       __imp__GetConsoleMode@8    1001a0bc     kernel32:KERNEL32.dll
 0002:000000c0       __imp__EnterCriticalSection@4 1001a0c0     kernel32:KERNEL32.dll
 0002:000000c4       __imp__LeaveCriticalSection@4 1001a0c4     kernel32:KERNEL32.dll
 0002:000000c8       __imp__GetCPInfo@8         1001a0c8     kernel32:KERNEL32.dll
 0002:000000cc       __imp__GetACP@0            1001a0cc     kernel32:KERNEL32.dll
 0002:000000d0       __imp__GetOEMCP@0          1001a0d0     kernel32:KERNEL32.dll
 0002:000000d4       __imp__IsValidCodePage@4   1001a0d4     kernel32:KERNEL32.dll
 0002:000000d8       __imp__VirtualAlloc@16     1001a0d8     kernel32:KERNEL32.dll
 0002:000000dc       __imp__HeapReAlloc@16      1001a0dc     kernel32:KERNEL32.dll
 0002:000000e0       __imp__HeapSize@12         1001a0e0     kernel32:KERNEL32.dll
 0002:000000e4       __imp__InitializeCriticalSectionAndSpinCount@8 1001a0e4     kernel32:KERNEL32.dll
 0002:000000e8       __imp__SetStdHandle@8      1001a0e8     kernel32:KERNEL32.dll
 0002:000000ec       __imp__WriteConsoleA@20    1001a0ec     kernel32:KERNEL32.dll
 0002:000000f0       __imp__GetConsoleOutputCP@0 1001a0f0     kernel32:KERNEL32.dll
 0002:000000f4       __imp__WriteConsoleW@20    1001a0f4     kernel32:KERNEL32.dll
 0002:000000f8       __imp__MultiByteToWideChar@24 1001a0f8     kernel32:KERNEL32.dll
 0002:000000fc       __imp__LCMapStringA@24     1001a0fc     kernel32:KERNEL32.dll
 0002:00000100       __imp__LCMapStringW@24     1001a100     kernel32:KERNEL32.dll
 0002:00000104       __imp__GetStringTypeA@20   1001a104     kernel32:KERNEL32.dll
 0002:00000108       __imp__GetStringTypeW@16   1001a108     kernel32:KERNEL32.dll
 0002:0000010c       __imp__GetLocaleInfoA@16   1001a10c     kernel32:KERNEL32.dll
 0002:00000110       __imp__FlushFileBuffers@4  1001a110     kernel32:KERNEL32.dll
 0002:00000114       __imp__GetModuleHandleA@4  1001a114     kernel32:KERNEL32.dll
 0002:00000118       \177KERNEL32_NULL_THUNK_DATA 1001a118     kernel32:KERNEL32.dll
 0002:0000011c       ___xc_a                    1001a11c     LIBCMT:crt0init.obj
 0002:00000120       ___xc_z                    1001a120     LIBCMT:crt0init.obj
 0002:00000124       ___xi_a                    1001a124     LIBCMT:crt0init.obj
 0002:00000138       ___xi_z                    1001a138     LIBCMT:crt0init.obj
 0002:0000013c       ___xp_a                    1001a13c     LIBCMT:crt0init.obj
 0002:00000148       ___xp_z                    1001a148     LIBCMT:crt0init.obj
 0002:0000014c       ___xt_a                    1001a14c     LIBCMT:crt0init.obj
 0002:00000150       ___xt_z                    1001a150     LIBCMT:crt0init.obj
 0002:00000180       ??_7bad_alloc@std@@6B@     1001a180     libcpmt:string.obj
 0002:0000018c       ??_7exception@std@@6B@     1001a18c     LIBCMT:stdexcpt.obj
 0002:00000194       ??_C@_0BC@EOODALEL@Unknown?5exception?$AA@ 1001a194     LIBCMT:stdexcpt.obj
 0002:000001ac       ??_7type_info@@6B@         1001a1ac     LIBCMT:typinfo.obj
 0002:000001b0       __pRawDllMain              1001a1b0     LIBCMT:dllcrt0.obj
 0002:000001b0       __pDefaultRawDllMain       1001a1b0     LIBCMT:dllcrt0.obj
 0002:000001dc       ??_C@_1O@CEDCILHN@?$AA?$CI?$AAn?$AAu?$AAl?$AAl?$AA?$CJ?$AA?$AA@ 1001a1dc     LIBCMT:output.obj
 0002:000001ec       ??_C@_06OJHGLDPL@?$CInull?$CJ?$AA@ 1001a1ec     LIBCMT:output.obj
 0002:000001f8       ___lookuptable             1001a1f8     LIBCMT:output.obj
 0002:00000254       ??_C@_0O@NLDKAIKN@EncodePointer?$AA@ 1001a254     LIBCMT:tidtable.obj
 0002:00000264       ??_C@_1BK@DBDEIDLH@?$AAK?$AAE?$AAR?$AAN?$AAE?$AAL?$AA3?$AA2?$AA?4?$AAD?$AAL?$AAL?$AA?$AA@ 1001a264     LIBCMT:tidtable.obj
 0002:00000280       ??_C@_0O@KBPMFGHI@DecodePointer?$AA@ 1001a280     LIBCMT:tidtable.obj
 0002:00000290       ??_C@_07PEJMOBNF@FlsFree?$AA@ 1001a290     LIBCMT:tidtable.obj
 0002:00000298       ??_C@_0M@JCPCPOEF@FlsSetValue?$AA@ 1001a298     LIBCMT:tidtable.obj
 0002:000002a4       ??_C@_0M@GDNOONDI@FlsGetValue?$AA@ 1001a2a4     LIBCMT:tidtable.obj
 0002:000002b0       ??_C@_08KNHFBNJ@FlsAlloc?$AA@ 1001a2b0     LIBCMT:tidtable.obj
 0002:000002bc       ??_C@_0P@MIGLKIOC@CorExitProcess?$AA@ 1001a2bc     LIBCMT:crt0dat.obj
 0002:000002cc       ??_C@_1BI@BGOHAHKC@?$AAm?$AAs?$AAc?$AAo?$AAr?$AAe?$AAe?$AA?4?$AAd?$AAl?$AAl?$AA?$AA@ 1001a2cc     LIBCMT:crt0dat.obj
 0002:000002e8       __XcptActTab               1001a2e8     LIBCMT:winxfltr.obj
 0002:00000360       __pDestructExceptionObject 1001a360     LIBCMT:frame.obj
 0002:000003e8       ??_C@_01NEMOKFLO@?$DN?$AA@ 1001a3e8     LIBCMT:setlocal.obj
 0002:000003f0       ___lookuptable_s           1001a3f0     LIBCMT:outputs.obj
 0002:0000044c       ??_C@_0P@GGKDKEEG@runtime?5error?5?$AA@ 1001a44c     LIBCMT:crt0msg.obj
 0002:0000045c       ??_C@_02PCIJFNDE@?$AN?6?$AA@ 1001a45c     LIBCMT:crt0msg.obj
 0002:00000460       ??_C@_0O@MJNIPGOH@TLOSS?5error?$AN?6?$AA@ 1001a460     LIBCMT:crt0msg.obj
 0002:00000470       ??_C@_0N@BONNPDHF@SING?5error?$AN?6?$AA@ 1001a470     LIBCMT:crt0msg.obj
 0002:00000480       ??_C@_0P@MBDAJNE@DOMAIN?5error?$AN?6?$AA@ 1001a480     LIBCMT:crt0msg.obj
 0002:00000490       ??_C@_0JL@DFDOOABL@R6034?$AN?6An?5application?5has?5made?5a@ 1001a490     LIBCMT:crt0msg.obj
 0002:00000530       ??_C@_0PH@EPAFIJ@R6033?$AN?6?9?5Attempt?5to?5use?5MSIL?5cod@ 1001a530     LIBCMT:crt0msg.obj
 0002:00000628       ??_C@_0DD@BKEEABMM@R6032?$AN?6?9?5not?5enough?5space?5for?5lo@ 1001a628     LIBCMT:crt0msg.obj
 0002:00000660       ??_C@_0GD@OFKILIED@R6031?$AN?6?9?5Attempt?5to?5initialize?5t@ 1001a660     LIBCMT:crt0msg.obj
 0002:000006c4       ??_C@_0BP@LPMHJOKI@R6030?$AN?6?9?5CRT?5not?5initialized?$AN?6?$AA@ 1001a6c4     LIBCMT:crt0msg.obj
 0002:000006e4       ??_C@_0CF@KJDAIALP@R6028?$AN?6?9?5unable?5to?5initialize?5he@ 1001a6e4     LIBCMT:crt0msg.obj
 0002:0000070c       ??_C@_0DF@GAKBPDFP@R6027?$AN?6?9?5not?5enough?5space?5for?5lo@ 1001a70c     LIBCMT:crt0msg.obj
 0002:00000744       ??_C@_0DF@IBLNNAIG@R6026?$AN?6?9?5not?5enough?5space?5for?5st@ 1001a744     LIBCMT:crt0msg.obj
 0002:0000077c       ??_C@_0CG@IOHKGFNJ@R6025?$AN?6?9?5pure?5virtual?5function?5c@ 1001a77c     LIBCMT:crt0msg.obj
 0002:000007a4       ??_C@_0DF@JIJJFJDC@R6024?$AN?6?9?5not?5enough?5space?5for?5_o@ 1001a7a4     LIBCMT:crt0msg.obj
 0002:000007dc       ??_C@_0CJ@EGEJHFME@R6019?$AN?6?9?5unable?5to?5open?5console?5@ 1001a7dc     LIBCMT:crt0msg.obj
 0002:00000808       ??_C@_0CB@GNHNIELH@R6018?$AN?6?9?5unexpected?5heap?5error?$AN?6@ 1001a808     LIBCMT:crt0msg.obj
 0002:0000082c       ??_C@_0CN@FOLDKNG@R6017?$AN?6?9?5unexpected?5multithread?5@ 1001a82c     LIBCMT:crt0msg.obj
 0002:0000085c       ??_C@_0CM@FAHFJNHO@R6016?$AN?6?9?5not?5enough?5space?5for?5th@ 1001a85c     LIBCMT:crt0msg.obj
 0002:00000888       ??_C@_0JG@LBKMGKLD@?$AN?6This?5application?5has?5requested@ 1001a888     LIBCMT:crt0msg.obj
 0002:00000920       ??_C@_0CM@FLCNIPKK@R6009?$AN?6?9?5not?5enough?5space?5for?5en@ 1001a920     LIBCMT:crt0msg.obj
 0002:0000094c       ??_C@_0CK@KMMJOAPP@R6008?$AN?6?9?5not?5enough?5space?5for?5ar@ 1001a94c     LIBCMT:crt0msg.obj
 0002:00000978       ??_C@_0CN@LEKKICBM@R6002?$AN?6?9?5floating?5point?5support?5@ 1001a978     LIBCMT:crt0msg.obj
 0002:000009a8       ??_C@_0CF@GOGNBNAK@Microsoft?5Visual?5C?$CL?$CL?5Runtime?5Lib@ 1001a9a8     LIBCMT:crt0msg.obj
 0002:000009d0       ??_C@_02PHMGELLB@?6?6?$AA@ 1001a9d0     LIBCMT:crt0msg.obj
 0002:000009d4       ??_C@_03KHICJKCI@?4?4?4?$AA@ 1001a9d4     LIBCMT:crt0msg.obj
 0002:000009d8       ??_C@_0BH@DNAGHKFM@?$DMprogram?5name?5unknown?$DO?$AA@ 1001a9d8     LIBCMT:crt0msg.obj
 0002:000009f0       ??_C@_0BK@OFGJDLJJ@Runtime?5Error?$CB?6?6Program?3?5?$AA@ 1001a9f0     LIBCMT:crt0msg.obj
 0002:00000a0c       ??_C@_0BK@CFCOFLF@?5Complete?5Object?5Locator?8?$AA@ 1001aa0c     LIBCMT:undname.obj
 0002:00000a28       ??_C@_0BN@MECKDCOJ@?5Class?5Hierarchy?5Descriptor?8?$AA@ 1001aa28     LIBCMT:undname.obj
 0002:00000a48       ??_C@_0BD@LGICGFMM@?5Base?5Class?5Array?8?$AA@ 1001aa48     LIBCMT:undname.obj
 0002:00000a5c       ??_C@_0BM@LDKODKLH@?5Base?5Class?5Descriptor?5at?5?$CI?$AA@ 1001aa5c     LIBCMT:undname.obj
 0002:00000a78       ??_C@_0BC@DAFEJGAK@?5Type?5Descriptor?8?$AA@ 1001aa78     LIBCMT:undname.obj
 0002:00000a8c       ??_C@_0BM@PMGGMLDN@?$GAlocal?5static?5thread?5guard?8?$AA@ 1001aa8c     LIBCMT:undname.obj
 0002:00000aa8       ??_C@_0CL@FGIJHLCE@?$GAmanaged?5vector?5copy?5constructor@ 1001aaa8     LIBCMT:undname.obj
 0002:00000ad4       ??_C@_0CJ@GJELGAMM@?$GAvector?5vbase?5copy?5constructor?5i@ 1001aad4     LIBCMT:undname.obj
 0002:00000b00       ??_C@_0CD@CGAJBKEJ@?$GAvector?5copy?5constructor?5iterato@ 1001ab00     LIBCMT:undname.obj
 0002:00000b24       ??_C@_0CB@PDBIFEP@?$GAdynamic?5atexit?5destructor?5for?5?8@ 1001ab24     LIBCMT:undname.obj
 0002:00000b48       ??_C@_0BL@CLIPGLGB@?$GAdynamic?5initializer?5for?5?8?$AA@ 1001ab48     LIBCMT:undname.obj
 0002:00000b64       ??_C@_0CM@FCBBDIGB@?$GAeh?5vector?5vbase?5copy?5constructo@ 1001ab64     LIBCMT:undname.obj
 0002:00000b90       ??_C@_0CG@HLDDJMAG@?$GAeh?5vector?5copy?5constructor?5iter@ 1001ab90     LIBCMT:undname.obj
 0002:00000bb8       ??_C@_0CF@IMGKMJNO@?$GAmanaged?5vector?5destructor?5itera@ 1001abb8     LIBCMT:undname.obj
 0002:00000be0       ??_C@_0CG@CFDHKGGD@?$GAmanaged?5vector?5constructor?5iter@ 1001abe0     LIBCMT:undname.obj
 0002:00000c08       ??_C@_0BN@CKNJLHMB@?$GAplacement?5delete?$FL?$FN?5closure?8?$AA@ 1001ac08     LIBCMT:undname.obj
 0002:00000c28       ??_C@_0BL@CNOONJFP@?$GAplacement?5delete?5closure?8?$AA@ 1001ac28     LIBCMT:undname.obj
 0002:00000c44       ??_C@_0P@HJKNJFNN@?$GAomni?5callsig?8?$AA@ 1001ac44     LIBCMT:undname.obj
 0002:00000c54       ??_C@_09LBNFPBCA@?5delete?$FL?$FN?$AA@ 1001ac54     LIBCMT:undname.obj
 0002:00000c60       ??_C@_06FHBGPFGH@?5new?$FL?$FN?$AA@ 1001ac60     LIBCMT:undname.obj
 0002:00000c68       ??_C@_0CE@IIHCMGGL@?$GAlocal?5vftable?5constructor?5closu@ 1001ac68     LIBCMT:undname.obj
 0002:00000c8c       ??_C@_0BA@KKLDJDLB@?$GAlocal?5vftable?8?$AA@ 1001ac8c     LIBCMT:undname.obj
 0002:00000c9c       ??_C@_05KHLCHHI@?$GARTTI?$AA@ 1001ac9c     LIBCMT:undname.obj
 0002:00000ca4       ??_C@_03KLGMFNMG@?$GAEH?$AA@ 1001aca4     LIBCMT:undname.obj
 0002:00000ca8       ??_C@_0BA@KBCDOMBN@?$GAudt?5returning?8?$AA@ 1001aca8     LIBCMT:undname.obj
 0002:00000cb8       ??_C@_0BL@LLKPOHJI@?$GAcopy?5constructor?5closure?8?$AA@ 1001acb8     LIBCMT:undname.obj
 0002:00000cd4       ??_C@_0CH@OOJPLCPH@?$GAeh?5vector?5vbase?5constructor?5ite@ 1001acd4     LIBCMT:undname.obj
 0002:00000cfc       ??_C@_0CA@GCEOPDGL@?$GAeh?5vector?5destructor?5iterator?8?$AA@ 1001acfc     LIBCMT:undname.obj
 0002:00000d1c       ??_C@_0CB@JONCMFFK@?$GAeh?5vector?5constructor?5iterator?8@ 1001ad1c     LIBCMT:undname.obj
 0002:00000d40       ??_C@_0BL@NILFHHPC@?$GAvirtual?5displacement?5map?8?$AA@ 1001ad40     LIBCMT:undname.obj
 0002:00000d5c       ??_C@_0CE@IKBNEHA@?$GAvector?5vbase?5constructor?5iterat@ 1001ad5c     LIBCMT:undname.obj
 0002:00000d80       ??_C@_0BN@LFPFMEDL@?$GAvector?5destructor?5iterator?8?$AA@ 1001ad80     LIBCMT:undname.obj
 0002:00000da0       ??_C@_0BO@PFGOCPJJ@?$GAvector?5constructor?5iterator?8?$AA@ 1001ada0     LIBCMT:undname.obj
 0002:00000dc0       ??_C@_0BN@IMDCHIKM@?$GAscalar?5deleting?5destructor?8?$AA@ 1001adc0     LIBCMT:undname.obj
 0002:00000de0       ??_C@_0BO@OBMKPJIG@?$GAdefault?5constructor?5closure?8?$AA@ 1001ade0     LIBCMT:undname.obj
 0002:00000e00       ??_C@_0BN@DEGPLNFK@?$GAvector?5deleting?5destructor?8?$AA@ 1001ae00     LIBCMT:undname.obj
 0002:00000e20       ??_C@_0BD@JDLKDPAB@?$GAvbase?5destructor?8?$AA@ 1001ae20     LIBCMT:undname.obj
 0002:00000e34       ??_C@_08OBABFOLI@?$GAstring?8?$AA@ 1001ae34     LIBCMT:undname.obj
 0002:00000e40       ??_C@_0BF@KDPPACIK@?$GAlocal?5static?5guard?8?$AA@ 1001ae40     LIBCMT:undname.obj
 0002:00000e58       ??_C@_08LLFFHHDJ@?$GAtypeof?8?$AA@ 1001ae58     LIBCMT:undname.obj
 0002:00000e64       ??_C@_07FEEIOKP@?$GAvcall?8?$AA@ 1001ae64     LIBCMT:undname.obj
 0002:00000e6c       ??_C@_09BLBHBJP@?$GAvbtable?8?$AA@ 1001ae6c     LIBCMT:undname.obj
 0002:00000e78       ??_C@_09IFPLHPGF@?$GAvftable?8?$AA@ 1001ae78     LIBCMT:undname.obj
 0002:00000e84       ??_C@_02MHEGNOJ@?$FO?$DN?$AA@ 1001ae84     LIBCMT:undname.obj
 0002:00000e88       ??_C@_02DHLNPPGH@?$HM?$DN?$AA@ 1001ae88     LIBCMT:undname.obj
 0002:00000e8c       ??_C@_02FGJGFEAB@?$CG?$DN?$AA@ 1001ae8c     LIBCMT:undname.obj
 0002:00000e90       ??_C@_03CDNPDDLA@?$DM?$DM?$DN?$AA@ 1001ae90     LIBCMT:undname.obj
 0002:00000e94       ??_C@_03IKFCCPFF@?$DO?$DO?$DN?$AA@ 1001ae94     LIBCMT:undname.obj
 0002:00000e98       ??_C@_02FENAOKFI@?$CF?$DN?$AA@ 1001ae98     LIBCMT:undname.obj
 0002:00000e9c       ??_C@_02FJEHGPIO@?1?$DN?$AA@ 1001ae9c     LIBCMT:undname.obj
 0002:00000ea0       ??_C@_02FKMDLLOA@?9?$DN?$AA@ 1001aea0     LIBCMT:undname.obj
 0002:00000ea4       ??_C@_02FOEOMHFC@?$CL?$DN?$AA@ 1001aea4     LIBCMT:undname.obj
 0002:00000ea8       ??_C@_02FPIMKNGF@?$CK?$DN?$AA@ 1001aea8     LIBCMT:undname.obj
 0002:00000eac       ??_C@_02NONPIBCD@?$HM?$HM?$AA@ 1001aeac     LIBCMT:undname.obj
 0002:00000eb0       ??_C@_02PPKAJPJL@?$CG?$CG?$AA@ 1001aeb0     LIBCMT:undname.obj
 0002:00000eb4       ??_C@_01DNKMNLPK@?$HM?$AA@ 1001aeb4     LIBCMT:undname.obj
 0002:00000eb8       ??_C@_01JKBOJNNK@?$FO?$AA@ 1001aeb8     LIBCMT:undname.obj
 0002:00000ebc       ??_C@_01PJKLJHI@?$HO?$AA@  1001aebc     LIBCMT:undname.obj
 0002:00000ec0       ??_C@_02HCKGKOFO@?$CI?$CJ?$AA@ 1001aec0     LIBCMT:undname.obj
 0002:00000ec4       ??_C@_01IHBHIGKO@?0?$AA@   1001aec4     LIBCMT:undname.obj
 0002:00000ec8       ??_C@_02EEKDKGMJ@?$DO?$DN?$AA@ 1001aec8     LIBCMT:undname.obj
 0002:00000ecc       ??_C@_01PPODPGHN@?$DO?$AA@ 1001aecc     LIBCMT:undname.obj
 0002:00000ed0       ??_C@_02EHCHHCKH@?$DM?$DN?$AA@ 1001aed0     LIBCMT:undname.obj
 0002:00000ed4       ??_C@_01MNNFJEPP@?$DM?$AA@ 1001aed4     LIBCMT:undname.obj
 0002:00000ed8       ??_C@_01FGNFDNOH@?$CF?$AA@ 1001aed8     LIBCMT:undname.obj
 0002:00000edc       ??_C@_01KMDKNFGN@?1?$AA@   1001aedc     LIBCMT:undname.obj
 0002:00000ee0       ??_C@_03MNHNFDLC@?9?$DO?$CK?$AA@ 1001aee0     LIBCMT:undname.obj
 0002:00000ee4       ??_C@_01HNPIGOCE@?$CG?$AA@ 1001aee4     LIBCMT:undname.obj
 0002:00000ee8       ??_C@_01MIFGBAGJ@?$CL?$AA@ 1001aee8     LIBCMT:undname.obj
 0002:00000eec       ??_C@_01JOAMLHOP@?9?$AA@   1001aeec     LIBCMT:undname.obj
 0002:00000ef0       ??_C@_02BAABKJLB@?9?9?$AA@ 1001aef0     LIBCMT:undname.obj
 0002:00000ef4       ??_C@_02ECNGHCIF@?$CL?$CL?$AA@ 1001aef4     LIBCMT:undname.obj
 0002:00000ef8       ??_C@_01NBENCBCI@?$CK?$AA@ 1001aef8     LIBCMT:undname.obj
 0002:00000efc       ??_C@_02HBOOOICD@?9?$DO?$AA@ 1001aefc     LIBCMT:undname.obj
 0002:00000f00       ??_C@_08LHJFAFGD@operator?$AA@ 1001af00     LIBCMT:undname.obj
 0002:00000f0c       ??_C@_02GPECMEKF@?$FL?$FN?$AA@ 1001af0c     LIBCMT:undname.obj
 0002:00000f10       ??_C@_02FDNJECIE@?$CB?$DN?$AA@ 1001af10     LIBCMT:undname.obj
 0002:00000f14       ??_C@_02EGOFBIJA@?$DN?$DN?$AA@ 1001af14     LIBCMT:undname.obj
 0002:00000f18       ??_C@_01DCLJPIOD@?$CB?$AA@ 1001af18     LIBCMT:undname.obj
 0002:00000f1c       ??_C@_02FODMEDOG@?$DM?$DM?$AA@ 1001af1c     LIBCMT:undname.obj
 0002:00000f20       ??_C@_02GPIOPFAK@?$DO?$DO?$AA@ 1001af20     LIBCMT:undname.obj
 0002:00000f24       ??_C@_07FPCDHGMM@?5delete?$AA@ 1001af24     LIBCMT:undname.obj
 0002:00000f2c       ??_C@_04NIHEBCM@?5new?$AA@ 1001af2c     LIBCMT:undname.obj
 0002:00000f34       ??_C@_0M@GFIIJFMG@__unaligned?$AA@ 1001af34     LIBCMT:undname.obj
 0002:00000f40       ??_C@_0L@PILCLIHE@__restrict?$AA@ 1001af40     LIBCMT:undname.obj
 0002:00000f4c       ??_C@_07JOMMBBKO@__ptr64?$AA@ 1001af4c     LIBCMT:undname.obj
 0002:00000f54       ??_C@_09HIJEGCPM@__clrcall?$AA@ 1001af54     LIBCMT:undname.obj
 0002:00000f60       ??_C@_0L@JMKHOMEK@__fastcall?$AA@ 1001af60     LIBCMT:undname.obj
 0002:00000f6c       ??_C@_0L@NPHFGOKO@__thiscall?$AA@ 1001af6c     LIBCMT:undname.obj
 0002:00000f78       ??_C@_09IFJBGAPI@__stdcall?$AA@ 1001af78     LIBCMT:undname.obj
 0002:00000f84       ??_C@_08GHMPAG@__pascal?$AA@ 1001af84     LIBCMT:undname.obj
 0002:00000f90       ??_C@_07KOLFKCDI@__cdecl?$AA@ 1001af90     LIBCMT:undname.obj
 0002:00000f98       ??_C@_08EHJDFFNH@__based?$CI?$AA@ 1001af98     LIBCMT:undname.obj
 0002:00001128       ??_C@_13NOLLCAOD@?$AA?$AA?$AA?$AA@ 1001b128     LIBCMT:a_map.obj
 0002:00001130       ___newctype                1001b130     LIBCMT:ctype.obj
 0002:00001430       __wctype                   1001b430     LIBCMT:ctype.obj
 0002:00001638       ___newclmap                1001b638     LIBCMT:ctype.obj
 0002:000017b8       ___newcumap                1001b7b8     LIBCMT:ctype.obj
 0002:00001938       ??_C@_08JCCMCCIL@HH?3mm?3ss?$AA@ 1001b938     LIBCMT:strftime.obj
 0002:00001944       ??_C@_0BE@CKGJFCPC@dddd?0?5MMMM?5dd?0?5yyyy?$AA@ 1001b944     LIBCMT:strftime.obj
 0002:00001958       ??_C@_08BPBNCDIB@MM?1dd?1yy?$AA@ 1001b958     LIBCMT:strftime.obj
 0002:00001964       ??_C@_02CJNFDJBF@PM?$AA@   1001b964     LIBCMT:strftime.obj
 0002:00001968       ??_C@_02DEDBPAFC@AM?$AA@   1001b968     LIBCMT:strftime.obj
 0002:0000196c       ??_C@_08EDHMEBNP@December?$AA@ 1001b96c     LIBCMT:strftime.obj
 0002:00001978       ??_C@_08HCHEGEOA@November?$AA@ 1001b978     LIBCMT:strftime.obj
 0002:00001984       ??_C@_07JJNFCEND@October?$AA@ 1001b984     LIBCMT:strftime.obj
 0002:0000198c       ??_C@_09BHHEALKD@September?$AA@ 1001b98c     LIBCMT:strftime.obj
 0002:00001998       ??_C@_06LBBHFDDG@August?$AA@ 1001b998     LIBCMT:strftime.obj
 0002:000019a0       ??_C@_04MIEPOIFP@July?$AA@ 1001b9a0     LIBCMT:strftime.obj
 0002:000019a8       ??_C@_04CNLMGBGM@June?$AA@ 1001b9a8     LIBCMT:strftime.obj
 0002:000019b0       ??_C@_05DMJDNLEJ@April?$AA@ 1001b9b0     LIBCMT:strftime.obj
 0002:000019b8       ??_C@_05HPCKOFNC@March?$AA@ 1001b9b8     LIBCMT:strftime.obj
 0002:000019c0       ??_C@_08GNJGEPFN@February?$AA@ 1001b9c0     LIBCMT:strftime.obj
 0002:000019cc       ??_C@_07CGJPFGJA@January?$AA@ 1001b9cc     LIBCMT:strftime.obj
 0002:000019d4       ??_C@_03MKABNOCG@Dec?$AA@  1001b9d4     LIBCMT:strftime.obj
 0002:000019d8       ??_C@_03JPJOFNIA@Nov?$AA@  1001b9d8     LIBCMT:strftime.obj
 0002:000019dc       ??_C@_03BMAOKBAD@Oct?$AA@  1001b9dc     LIBCMT:strftime.obj
 0002:000019e0       ??_C@_03GGCAPAJC@Sep?$AA@  1001b9e0     LIBCMT:strftime.obj
 0002:000019e4       ??_C@_03IFJFEIGA@Aug?$AA@  1001b9e4     LIBCMT:strftime.obj
 0002:000019e8       ??_C@_03LBGABGKK@Jul?$AA@  1001b9e8     LIBCMT:strftime.obj
 0002:000019ec       ??_C@_03IDFGHECI@Jun?$AA@  1001b9ec     LIBCMT:strftime.obj
 0002:000019f0       ??_C@_03CNMDKL@May?$AA@    1001b9f0     LIBCMT:strftime.obj
 0002:000019f4       ??_C@_03LEOLGMJP@Apr?$AA@  1001b9f4     LIBCMT:strftime.obj
 0002:000019f8       ??_C@_03ODNJBKGA@Mar?$AA@  1001b9f8     LIBCMT:strftime.obj
 0002:000019fc       ??_C@_03HJBDCHOM@Feb?$AA@  1001b9fc     LIBCMT:strftime.obj
 0002:00001a00       ??_C@_03JIHJHPIE@Jan?$AA@  1001ba00     LIBCMT:strftime.obj
 0002:00001a04       ??_C@_08INBOOONO@Saturday?$AA@ 1001ba04     LIBCMT:strftime.obj
 0002:00001a10       ??_C@_06JECMNKMI@Friday?$AA@ 1001ba10     LIBCMT:strftime.obj
 0002:00001a18       ??_C@_08HACCIKIA@Thursday?$AA@ 1001ba18     LIBCMT:strftime.obj
 0002:00001a24       ??_C@_09DLIGFAKA@Wednesday?$AA@ 1001ba24     LIBCMT:strftime.obj
 0002:00001a30       ??_C@_07BAAGCFCM@Tuesday?$AA@ 1001ba30     LIBCMT:strftime.obj
 0002:00001a38       ??_C@_06JLEDEDGH@Monday?$AA@ 1001ba38     LIBCMT:strftime.obj
 0002:00001a40       ??_C@_06OOPIFAJ@Sunday?$AA@ 1001ba40     LIBCMT:strftime.obj
 0002:00001a48       ??_C@_03FEFJNEK@Sat?$AA@   1001ba48     LIBCMT:strftime.obj
 0002:00001a4c       ??_C@_03IDIOELNC@Fri?$AA@  1001ba4c     LIBCMT:strftime.obj
 0002:00001a50       ??_C@_03IOFIKPDN@Thu?$AA@  1001ba50     LIBCMT:strftime.obj
 0002:00001a54       ??_C@_03MHOMLAJA@Wed?$AA@  1001ba54     LIBCMT:strftime.obj
 0002:00001a58       ??_C@_03NAGEINEP@Tue?$AA@  1001ba58     LIBCMT:strftime.obj
 0002:00001a5c       ??_C@_03PDAGKDH@Mon?$AA@   1001ba5c     LIBCMT:strftime.obj
 0002:00001a60       ??_C@_03KOEHGMDN@Sun?$AA@  1001ba60     LIBCMT:strftime.obj
 0002:00001a64       ??_C@_0BI@DFKBFLJE@GetProcessWindowStation?$AA@ 1001ba64     LIBCMT:crtmbox.obj
 0002:00001a7c       ??_C@_0BK@CIDNPOGP@GetUserObjectInformationA?$AA@ 1001ba7c     LIBCMT:crtmbox.obj
 0002:00001a98       ??_C@_0BD@HHGDFDBJ@GetLastActivePopup?$AA@ 1001ba98     LIBCMT:crtmbox.obj
 0002:00001aac       ??_C@_0BA@HNOPNCHB@GetActiveWindow?$AA@ 1001baac     LIBCMT:crtmbox.obj
 0002:00001abc       ??_C@_0M@CHKKJDAI@MessageBoxA?$AA@ 1001babc     LIBCMT:crtmbox.obj
 0002:00001ac8       ??_C@_0L@NDEGIDAG@USER32?4DLL?$AA@ 1001bac8     LIBCMT:crtmbox.obj
 0002:00001ad4       ??_C@_07GPDNMNG@CONOUT$?$AA@ 1001bad4     LIBCMT:initcon.obj
 0002:00001adc       ___dnames                  1001badc     LIBCMT:timeset.obj
 0002:00001af4       ___mnames                  1001baf4     LIBCMT:timeset.obj
 0002:00001b1c       ??_C@_0N@PAEBLKHN@bigfont2?4fnt?$AA@ 1001bb1c     wog native dialogs.obj
 0002:00001b2c       ??_C@_0O@LKNNDHCJ@smalfont2?4fnt?$AA@ 1001bb2c     wog native dialogs.obj
 0002:00001b3c       ??_C@_0P@GHFPNOJB@bad?5allocation?$AA@ 1001bb3c     wog native dialogs.obj
 0002:00001b4c       ??_C@_0BA@FDLNIKIG@patcher_x86?4dll?$AA@ 1001bb4c     wog native dialogs.obj
 0002:00001b5c       ??_C@_0BB@CKHJKIEB@_GetPatcherX86?$EA0?$AA@ 1001bb5c     wog native dialogs.obj
 0002:00001b6d       ??_C@_00CNPNBAHC@?$AA@     1001bb6d     wog native dialogs.obj
 0002:00001b70       ??_C@_02DPKJAMEF@?$CFd?$AA@ 1001bb70     wog native dialogs.obj
 0002:00001b74       ??_C@_0N@NGJLFBMI@DiBoxBck?4pcx?$AA@ 1001bb74     wog native dialogs.obj
 0002:00001b84       ??_C@_0N@FGPGDOPK@dialgbox?4def?$AA@ 1001bb84     wog native dialogs.obj
 0002:00001b94       ??_C@_0N@ELNJEEMI@medfont2?4fnt?$AA@ 1001bb94     wog native dialogs.obj
 0002:00001ba4       ??_C@_0N@HPLADLMK@Box64x30?4pcx?$AA@ 1001bba4     wog native dialogs.obj
 0002:00001bb4       ??_C@_09LMPOHIL@iOkay?4def?$AA@ 1001bbb4     wog native dialogs.obj
 0002:00001bc0       ??_C@_09IIFHEAOO@angel?4dll?$AA@ 1001bbc0     wog native dialogs.obj
 0002:00001bcc       ??_C@_0M@BFOAAPGP@EventParams?$AA@ 1001bbcc     wog native dialogs.obj
 0002:00001bd8       ??_C@_0BD@KPOAIKLJ@RestoreEventParams?$AA@ 1001bbd8     wog native dialogs.obj
 0002:00001bec       ??_C@_0BA@JJKLPBHG@SaveEventParams?$AA@ 1001bbec     wog native dialogs.obj
 0002:00001bfc       ??_C@_07PILJHEGK@era?4dll?$AA@ 1001bbfc     wog native dialogs.obj
 0002:00001c04       ??_C@_02EOEPPNBF@tr?$AA@   1001bc04     wog native dialogs.obj
 0002:00001c08       ??_C@_07HCDNKGPA@ApiHook?$AA@ 1001bc08     wog native dialogs.obj
 0002:00001c10       ??_C@_0BB@NFICFMFA@ClearAllIniCache?$AA@ 1001bc10     wog native dialogs.obj
 0002:00001c24       ??_C@_0O@KHPPEFLJ@ClearIniCache?$AA@ 1001bc24     wog native dialogs.obj
 0002:00001c34       ??_C@_0L@GHCNBJIK@ExecErmCmd?$AA@ 1001bc34     wog native dialogs.obj
 0002:00001c40       ??_C@_0L@BBNMEHJH@ExtractErm?$AA@ 1001bc40     wog native dialogs.obj
 0002:00001c4c       ??_C@_0L@CKILDBJC@FatalError?$AA@ 1001bc4c     wog native dialogs.obj
 0002:00001c58       ??_C@_0N@HFGMKLEN@FireErmEvent?$AA@ 1001bc58     wog native dialogs.obj
 0002:00001c68       ??_C@_09GEAPPBGH@FireEvent?$AA@ 1001bc68     wog native dialogs.obj
 0002:00001c74       ??_C@_0M@KJHFCLAP@GetButtonID?$AA@ 1001bc74     wog native dialogs.obj
 0002:00001c80       ??_C@_0L@LNAOMCPJ@GetVersion?$AA@ 1001bc80     wog native dialogs.obj
 0002:00001c8c       ??_C@_0O@FNMDEAHG@GetVersionNum?$AA@ 1001bc8c     wog native dialogs.obj
 0002:00001c9c       ??_C@_0N@CFMBLIKP@GetGameState?$AA@ 1001bc9c     wog native dialogs.obj
 0002:00001cac       ??_C@_0M@LKIFOAN@GetRealAddr?$AA@ 1001bcac     wog native dialogs.obj
 0002:00001cb8       ??_C@_0BD@DPCJBLFO@GlobalRedirectFile?$AA@ 1001bcb8     wog native dialogs.obj
 0002:00001ccc       ??_C@_04PHJJMCEO@Hook?$AA@ 1001bccc     wog native dialogs.obj
 0002:00001cd4       ??_C@_08EBPIACBO@HookCode?$AA@ 1001bcd4     wog native dialogs.obj
 0002:00001ce0       ??_C@_0BB@PHLEIINC@LoadImageAsPcx16?$AA@ 1001bce0     wog native dialogs.obj
 0002:00001cf4       ??_C@_07GDNFNLKF@LoadTxt?$AA@ 1001bcf4     wog native dialogs.obj
 0002:00001cfc       ??_C@_07FLCNLLL@MemFree?$AA@ 1001bcfc     wog native dialogs.obj
 0002:00001d04       ??_C@_09PIKCKENJ@NameColor?$AA@ 1001bd04     wog native dialogs.obj
 0002:00001d10       ??_C@_0M@LNHBMGFH@NotifyError?$AA@ 1001bd10     wog native dialogs.obj
 0002:00001d1c       ??_C@_0M@PLEJCMGM@PatchExists?$AA@ 1001bd1c     wog native dialogs.obj
 0002:00001d28       ??_C@_0N@BGLGOOMO@PluginExists?$AA@ 1001bd28     wog native dialogs.obj
 0002:00001d38       ??_C@_0BE@CIDOCKGN@ReadSavegameSection?$AA@ 1001bd38     wog native dialogs.obj
 0002:00001d4c       ??_C@_0P@CCLIEMKP@ReadStrFromIni?$AA@ 1001bd4c     wog native dialogs.obj
 0002:00001d5c       ??_C@_09IJJOFFNH@RecallAPI?$AA@ 1001bd5c     wog native dialogs.obj
 0002:00001d68       ??_C@_0N@EADKAOLK@RedirectFile?$AA@ 1001bd68     wog native dialogs.obj
 0002:00001d78       ??_C@_0BE@OJOEEMJD@RedirectMemoryBlock?$AA@ 1001bd78     wog native dialogs.obj
 0002:00001d8c       ??_C@_0BA@BCNGHKCC@RegisterHandler?$AA@ 1001bd8c     wog native dialogs.obj
 0002:00001d9c       ??_C@_09MJCMIAEG@ReloadErm?$AA@ 1001bd9c     wog native dialogs.obj
 0002:00001da8       ??_C@_0BE@JBKGKCON@ReportPluginVersion?$AA@ 1001bda8     wog native dialogs.obj
 0002:00001dbc       ??_C@_07PAHGKEHA@SaveIni?$AA@ 1001bdbc     wog native dialogs.obj
 0002:00001dc4       ??_C@_06DDHLBGDE@Splice?$AA@ 1001bdc4     wog native dialogs.obj
 0002:00001dcc       ??_C@_0M@CLLMHKFF@WriteAtCode?$AA@ 1001bdcc     wog native dialogs.obj
 0002:00001dd8       ??_C@_0BF@HMHBLPO@WriteSavegameSection?$AA@ 1001bdd8     wog native dialogs.obj
 0002:00001df0       ??_C@_0O@POMBDOKD@WriteStrToIni?$AA@ 1001bdf0     wog native dialogs.obj
 0002:00001e00       ??_C@_05DIALNFFA@?$CFs?5?$CFd?$AA@ 1001be00     wog native dialogs.obj
 0002:00001e08       ??_C@_05DNIIFBMG@?$CFs?5?$CFs?$AA@ 1001be08     wog native dialogs.obj
 0002:00001e10       ??_C@_0L@FIDKBHJC@?$CFs?5?$CFd?5?$CI?$CFd?$CJ?$AA@ 1001be10     wog native dialogs.obj
 0002:00001e1c       ??_C@_0L@JDILLOGP@?$CFs?5?$CFd?5?9?5?$CFd?$AA@ 1001be1c     wog native dialogs.obj
 0002:00001e28       ??_C@_07JKHHBHOI@?$CFs?5?$CFd?$CF?$CF?$AA@ 1001be28     wog native dialogs.obj
 0002:00001e30       ??_C@_0N@NPKKJJND@Dlg_NPC1?4def?$AA@ 1001be30     wog native dialogs.obj
 0002:00001e40       ??_C@_0N@FJDOOLHN@Dlg_NPC2?4def?$AA@ 1001be40     wog native dialogs.obj
 0002:00001e50       ??_C@_0N@JCGCDINI@Dlg_NPC3?4def?$AA@ 1001be50     wog native dialogs.obj
 0002:00001e60       ??_C@_06GNDJBPCO@?$CFs?6?6?$CFs?$AA@ 1001be60     wog native dialogs.obj
 0002:00001e68       ??_C@_0N@CNMFKAFE@Dlg_NPCn?4pcx?$AA@ 1001be68     wog native dialogs.obj
 0002:00001e78       ??_C@_0N@EENEFCAM@Dlg_NPCu?4pcx?$AA@ 1001be78     wog native dialogs.obj
 0002:00001e88       ??_C@_02DKCKIIND@?$CFs?$AA@ 1001be88     wog native dialogs.obj
 0002:00001e8c       ??_C@_0P@GMMOFIOD@Dlg_NPCdel?4def?$AA@ 1001be8c     wog native dialogs.obj
 0002:00001e9c       ??_C@_0N@PHACKENN@AdRollvr?4pcx?$AA@ 1001be9c     wog native dialogs.obj
 0002:00001eac       ??_C@_07DONLOGLK@?$CFd?5?$CI?$CFd?$CJ?$AA@ 1001beac     wog native dialogs.obj
 0002:00001eb4       ??_C@_07PFGKEPEH@?$CFd?5?9?5?$CFd?$AA@ 1001beb4     wog native dialogs.obj
 0002:00001ebc       ??_C@_04FCMNJMCO@?$CFd?$CF?$CF?$AA@ 1001bebc     wog native dialogs.obj
 0002:00001ec4       ??_C@_0N@CGENNOHJ@artifact?4def?$AA@ 1001bec4     wog native dialogs.obj
 0002:00001ed4       ??_C@_0M@EELLOAND@bttnNPC?4def?$AA@ 1001bed4     wog native dialogs.obj
 0002:00001ee0       ??_C@_0L@JIMPALKB@PSKILL?4def?$AA@ 1001bee0     wog native dialogs.obj
 0002:00001eec       ??_C@_07JMKCEEPK@?$CFs?5?$CI?$CFd?$CJ?$AA@ 1001beec     wog native dialogs.obj
 0002:00001ef4       ??_C@_09PCPEDHFE@?$CFd?$CF?$CF?5?$CI?$CFd?$CJ?$AA@ 1001bef4     wog native dialogs.obj
 0002:00001f00       ??_C@_03DMDECJFG@?$CFhf?$AA@ 1001bf00     wog native dialogs.obj
 0002:00001f04       ??_C@_0O@BBFJMKLN@radiobttn?4def?$AA@ 1001bf04     wog native dialogs.obj
 0002:00001f14       ??_C@_03OFAPEBGM@?$CFs?6?$AA@ 1001bf14     wog native dialogs.obj
 0002:00001f18       ??_C@_08MNBIIGN@?$CFs?6?6?5?$CFs?6?$AA@ 1001bf18     wog native dialogs.obj
 0002:00001f24       ??_C@_0O@EGGGBKCF@DlgExpMon?4def?$AA@ 1001bf24     wog native dialogs.obj
 0002:00001f34       ??_C@_0N@ILHBCDMB@DlgExpUp?4def?$AA@ 1001bf34     wog native dialogs.obj
 0002:00001f44       ??_C@_0N@EELMKJEE@twcrport?4def?$AA@ 1001bf44     wog native dialogs.obj
 0002:00001f54       ??_C@_0N@JFDDJFIM@Artifact?4def?$AA@ 1001bf54     wog native dialogs.obj
 0002:00001f64       ??_C@_08OFBPMKML@tiny?4fnt?$AA@ 1001bf64     wog native dialogs.obj
 0002:00001f70       ??_C@_09KAONFINP@?$HL?$CFs?$HN?6?$CI?$CFs?$CJ?$AA@ 1001bf70     wog native dialogs.obj
 0002:00001f7c       ??_C@_0N@DCLMLLBB@WoGCurse?4def?$AA@ 1001bf7c     wog native dialogs.obj
 0002:00001f8c       ??_C@_06DJHOIPC@?$CFs?3?5?$CFs?$AA@ 1001bf8c     wog native dialogs.obj
 0002:00001f94       ??_C@_0M@HFKPFJGG@artslot?4pcx?$AA@ 1001bf94     wog native dialogs.obj
 0002:00001fa0       ??_C@_0N@KAILJDHD@def?4SpScrArt?$AA@ 1001bfa0     wog native dialogs.obj
 0002:00001fb0       ??_C@_0M@JLCNBKHP@iCancel?4def?$AA@ 1001bfb0     wog native dialogs.obj
 0002:00001fbc       ??_C@_0BA@CACHJGMJ@WoGTextEdit?4pcx?$AA@ 1001bfbc     wog native dialogs.obj
 0002:00001fcc       ??_C@_02MFEGOEMP@?$CFn?$AA@ 1001bfcc     wog native dialogs.obj
 0002:00001fd0       ??_C@_04OMBFFHIC@?$HL?$CFs?$HN?$AA@ 1001bfd0     wog native dialogs.obj
 0002:00001fd8       ??_C@_0N@BHMGKPNG@checkbox?4def?$AA@ 1001bfd8     wog native dialogs.obj
 0002:00001fe8       ??_C@_0FB@LMJNIGPL@Error?5?$CIfor?5igrik?$CJ?$CB?$CB?$CB?6?6?5Debug?6Pag@ 1001bfe8     wog native dialogs.obj
 0002:0000203c       ??_C@_0P@HDPJJOMN@WoGOptions?4pcx?$AA@ 1001c03c     wog native dialogs.obj
 0002:0000204c       ??_C@_0M@DGCKOOBG@WoGBttn?4def?$AA@ 1001c04c     wog native dialogs.obj
 0002:00002058       ??_C@_0M@FBOGBOAE@GSPBUT2?4DEF?$AA@ 1001c058     wog native dialogs.obj
 0002:00002064       ??_C@_08KPJOIOD@itpt?4def?$AA@ 1001c064     wog native dialogs.obj
 0002:00002070       ??_C@_0BB@GPEKGKKL@HD?4Version?4Dword?$AA@ 1001c070     wog native dialogs.obj
 0002:00002084       ??_C@_0BL@MMODMCPC@HotA?4SwapMgrCalledFromTown?$AA@ 1001c084     wog native dialogs.obj
 0002:000020a0       ??_C@_03IAIAKOHP@?$CFdk?$AA@ 1001c0a0     wog native dialogs.obj
 0002:000020a4       ??_C@_07FBOLLOOC@?$CFdk?9?$CFdk?$AA@ 1001c0a4     wog native dialogs.obj
 0002:000020ac       ??_C@_05BIKBEGBP@?$CFd?9?$CFd?$AA@ 1001c0ac     wog native dialogs.obj
 0002:000020b4       ??_C@_0N@HNNBMNKA@HoMM3?5ERA?5?$CFs?$AA@ 1001c0b4     wog native dialogs.obj
 0002:000020c4       ??_C@_0BJ@KIEKHMHA@?2zvs?2Lib1?4res?2txtres?4txt?$AA@ 1001c0c4     wog native dialogs.obj
 0002:000020e0       ??_C@_0M@FFKDNJKB@WogNDlg?4txt?$AA@ 1001c0e0     wog native dialogs.obj
 0002:000020ec       ??_C@_0BD@BGMEGPKP@WoG?5Native?5Dialogs?$AA@ 1001c0ec     wog native dialogs.obj
 0002:00002100       __real@3fe0000000000000    1001c100      CIL library: CIL module
 0002:00002108       __FPinit                   1001c108     LIBCMT:_fpinit_.obj
 0002:0000210c       __FPmtinit                 1001c10c     LIBCMT:_fpinit_.obj
 0002:00002110       __FPmtterm                 1001c110     LIBCMT:_fpinit_.obj
 0002:00002114       ??_C@_05KLBDPFGC@e?$CL000?$AA@ 1001c114     LIBCMT:cvt.obj
 0002:00002120       __real@4150017ec0000000    1001c120     LIBCMT:_testfdiv_.obj
 0002:00002128       __real@4147ffff80000000    1001c128     LIBCMT:_testfdiv_.obj
 0002:00002130       ??_C@_0BK@NHEOCAHP@IsProcessorFeaturePresent?$AA@ 1001c130     LIBCMT:_testfdiv_.obj
 0002:0000214c       ??_C@_08CPNIBGIE@KERNEL32?$AA@ 1001c14c     LIBCMT:_testfdiv_.obj
 0002:00002158       ??_C@_06IMKFLFPG@1?$CDQNAN?$AA@ 1001c158     LIBCMT:_x10fout_.obj
 0002:00002160       ??_C@_05DNEBIAHO@1?$CDINF?$AA@ 1001c160     LIBCMT:_x10fout_.obj
 0002:00002168       ??_C@_05PHHOCPM@1?$CDIND?$AA@ 1001c168     LIBCMT:_x10fout_.obj
 0002:00002170       ??_C@_06PGGFOGJG@1?$CDSNAN?$AA@ 1001c170     LIBCMT:_x10fout_.obj
 0002:00002178       __load_config_used         1001c178     LIBCMT:loadcfg.obj
 0002:0000222c       ??_R4exception@std@@6B@    1001c22c     LIBCMT:stdexcpt.obj
 0002:00002240       ??_R4type_info@@6B@        1001c240     LIBCMT:typinfo.obj
 0002:00002254       ??_R3type_info@@8          1001c254     LIBCMT:typinfo.obj
 0002:00002264       ??_R2type_info@@8          1001c264     LIBCMT:typinfo.obj
 0002:0000226c       ??_R1A@?0A@EA@type_info@@8 1001c26c     LIBCMT:typinfo.obj
 0002:00002288       ??_R4bad_alloc@std@@6B@    1001c288     wog native dialogs.obj
 0002:0000229c       ??_R3bad_alloc@std@@8      1001c29c     wog native dialogs.obj
 0002:000022ac       ??_R2bad_alloc@std@@8      1001c2ac     wog native dialogs.obj
 0002:000022b8       ??_R1A@?0A@EA@exception@std@@8 1001c2b8     wog native dialogs.obj
 0002:000022d4       ??_R3exception@std@@8      1001c2d4     wog native dialogs.obj
 0002:000022e4       ??_R2exception@std@@8      1001c2e4     wog native dialogs.obj
 0002:000022ec       ??_R1A@?0A@EA@bad_alloc@std@@8 1001c2ec     wog native dialogs.obj
 0002:00002310       ___safe_se_handler_table   1001c310     <linker-defined>
 0002:0000231c       ___rtc_iaa                 1001c31c     LIBCMT:_initsect_.obj
 0002:00002320       ___rtc_izz                 1001c320     LIBCMT:_initsect_.obj
 0002:00002324       ___rtc_taa                 1001c324     LIBCMT:_initsect_.obj
 0002:00002328       ___rtc_tzz                 1001c328     LIBCMT:_initsect_.obj
 0002:00002704       __CT??_R0?AVexception@std@@@8??0exception@std@@QAE@ABV01@@Z12 1001c704     wog native dialogs.obj
 0002:00002720       __CT??_R0?AVbad_alloc@std@@@8??0bad_alloc@std@@QAE@ABV01@@Z12 1001c720     wog native dialogs.obj
 0002:0000273c       __CTA2?AVbad_alloc@std@@   1001c73c     wog native dialogs.obj
 0002:00002748       __TI2?AVbad_alloc@std@@    1001c748     wog native dialogs.obj
 0002:00002774       __IMPORT_DESCRIPTOR_KERNEL32 1001c774     kernel32:KERNEL32.dll
 0002:00002788       __NULL_IMPORT_DESCRIPTOR   1001c788     kernel32:KERNEL32.dll
 0003:0000000c       ??_R0?AVtype_info@@@8      1001d00c     LIBCMT:typinfo.obj
 0003:00000030       ___security_cookie         1001d030     LIBCMT:gs_cookie.obj
 0003:00000034       ___security_cookie_complement 1001d034     LIBCMT:gs_cookie.obj
 0003:000001b0       ___nullstring              1001d1b0     LIBCMT:output.obj
 0003:000001b4       ___wnullstring             1001d1b4     LIBCMT:output.obj
 0003:000001d0       ___flsindex                1001d1d0     LIBCMT:tidtable.obj
 0003:000001d4       ___getvalueindex           1001d1d4     LIBCMT:tidtable.obj
 0003:000001d8       __aexit_rtn                1001d1d8     LIBCMT:crt0dat.obj
 0003:000001e0       ___badioinfo               1001d1e0     LIBCMT:ioinit.obj
 0003:00000220       __amblksiz                 1001d220     LIBCMT:heapinit.obj
 0003:00000224       __First_FPE_Indx           1001d224     LIBCMT:winxfltr.obj
 0003:00000228       __Num_FPE                  1001d228     LIBCMT:winxfltr.obj
 0003:0000022c       __XcptActTabSize           1001d22c     LIBCMT:winxfltr.obj
 0003:00000230       __XcptActTabCount          1001d230     LIBCMT:winxfltr.obj
 0003:00000240       __iob                      1001d240     LIBCMT:_file.obj
 0003:000004c0       ___initialmbcinfo          1001d4c0     LIBCMT:mbctype.obj
 0003:000006e0       __mbctype                  1001d6e0     LIBCMT:mbctype.obj
 0003:000007e8       __mbcasemap                1001d7e8     LIBCMT:mbctype.obj
 0003:000008e8       ___ptmbcinfo               1001d8e8     LIBCMT:mbctype.obj
 0003:000009e4       ___globallocalestatus      1001d9e4     LIBCMT:glstatus.obj
 0003:000009e8       ___clocalestr              1001d9e8     LIBCMT:nlsdata2.obj
 0003:000009f0       ___initiallocinfo          1001d9f0     LIBCMT:nlsdata2.obj
 0003:00000ac8       ___ptlocinfo               1001dac8     LIBCMT:nlsdata2.obj
 0003:00000acc       ___lc_clike                1001dacc     LIBCMT:nlsdata2.obj
 0003:00000ad0       ___initiallocalestructinfo 1001dad0     LIBCMT:nlsdata2.obj
 0003:00000ad8       __cfltcvt_tab              1001dad8     LIBCMT:cmiscdat.obj
 0003:00000cd8       ___abort_behavior          1001dcd8     LIBCMT:abort.obj
 0003:00000cdc       __NLG_Destination          1001dcdc     LIBCMT:exsup.obj
 0003:00000cf0       __pctype                   1001dcf0     LIBCMT:ctype.obj
 0003:00000cf4       __pwctype                  1001dcf4     LIBCMT:ctype.obj
 0003:00000cf8       ___lc_time_c               1001dcf8     LIBCMT:strftime.obj
 0003:00000db0       ___lc_time_curr            1001ddb0     LIBCMT:strftime.obj
 0003:00000db4       ___lconv_static_decimal    1001ddb4     LIBCMT:lconv.obj
 0003:00000db8       ___lconv_c                 1001ddb8     LIBCMT:lconv.obj
 0003:00000de8       ___lconv                   1001dde8     LIBCMT:lconv.obj
 0003:00000dec       ___mb_cur_max              1001ddec     LIBCMT:nlsdata1.obj
 0003:00000df0       ___decimal_point           1001ddf0     LIBCMT:nlsdata1.obj
 0003:00000df4       ___decimal_point_length    1001ddf4     LIBCMT:nlsdata1.obj
 0003:00000e00       __coninpfh                 1001de00     LIBCMT:initcon.obj
 0003:00000e04       __confh                    1001de04     LIBCMT:initcon.obj
 0003:00000e10       __timezone                 1001de10     LIBCMT:timeset.obj
 0003:00000e14       __daylight                 1001de14     LIBCMT:timeset.obj
 0003:00000e18       __dstbias                  1001de18     LIBCMT:timeset.obj
 0003:00000ea0       __tzname                   1001dea0     LIBCMT:timeset.obj
 0003:00000ec0       __lpdays                   1001dec0     LIBCMT:days.obj
 0003:00000ef4       __days                     1001def4     LIBCMT:days.obj
 0003:00000f38       ?v_table_funcs@_CustomDlg_@@2PAIA 1001df38     HoMM3_GUI.obj
 0003:00000f78       ?n_medfont2@@3PADA         1001df78     wog native dialogs.obj
 0003:00000f7c       ?n_smallfont2@@3PADA       1001df7c     wog native dialogs.obj
 0003:00000f80       ?n_bigfont2@@3PADA         1001df80     wog native dialogs.obj
 0003:00000f84       ??_R0?AVexception@std@@@8  1001df84     wog native dialogs.obj
 0003:00000fa0       ??_R0?AVbad_alloc@std@@@8  1001dfa0     wog native dialogs.obj
 0003:00000fbc       __fltused                  1001dfbc     LIBCMT:_fpinit_.obj
 0003:00000fc0       __ldused                   1001dfc0     LIBCMT:_fpinit_.obj
 0003:00001000       __pow10pos                 1001e000     LIBCMT:_constpow_.obj
 0003:00001160       __pow10neg                 1001e160     LIBCMT:_constpow_.obj
 0003:000012f4       __aenvptr                  1001e2f4     LIBCMT:dllcrt0.obj
 0003:000012f8       __wenvptr                  1001e2f8     LIBCMT:dllcrt0.obj
 0003:000012fc       ___error_mode              1001e2fc     LIBCMT:dllcrt0.obj
 0003:00001300       ___app_type                1001e300     LIBCMT:dllcrt0.obj
 0003:0000162c       ___pInvalidArgHandler      1001e62c     LIBCMT:invarg.obj
 0003:00001638       ?_pnhHeap@@3P6AHI@ZA       1001e638     LIBCMT:handler.obj
 0003:0000163c       _gpFlsAlloc                1001e63c     LIBCMT:tidtable.obj
 0003:00001640       _gpFlsGetValue             1001e640     LIBCMT:tidtable.obj
 0003:00001644       _gpFlsSetValue             1001e644     LIBCMT:tidtable.obj
 0003:00001648       _gpFlsFree                 1001e648     LIBCMT:tidtable.obj
 0003:0000164c       __maxwait                  1001e64c     LIBCMT:crtheap.obj
 0003:00001650       __umaskval                 1001e650     LIBCMT:crt0dat.obj
 0003:00001654       ___argc                    1001e654     LIBCMT:crt0dat.obj
 0003:00001658       ___argv                    1001e658     LIBCMT:crt0dat.obj
 0003:0000165c       ___wargv                   1001e65c     LIBCMT:crt0dat.obj
 0003:00001660       __environ                  1001e660     LIBCMT:crt0dat.obj
 0003:00001664       ___initenv                 1001e664     LIBCMT:crt0dat.obj
 0003:00001668       __wenviron                 1001e668     LIBCMT:crt0dat.obj
 0003:0000166c       ___winitenv                1001e66c     LIBCMT:crt0dat.obj
 0003:00001670       __pgmptr                   1001e670     LIBCMT:crt0dat.obj
 0003:00001674       __wpgmptr                  1001e674     LIBCMT:crt0dat.obj
 0003:00001678       __exitflag                 1001e678     LIBCMT:crt0dat.obj
 0003:0000167c       __C_Termination_Done       1001e67c     LIBCMT:crt0dat.obj
 0003:00001680       __C_Exit_Done              1001e680     LIBCMT:crt0dat.obj
 0003:00001794       __crtheap                  1001e794     LIBCMT:heapinit.obj
 0003:00001798       ?__pInconsistency@@3P6AXXZA 1001e798     LIBCMT:hooks.obj
 0003:0000179c       __cflush                   1001e79c     LIBCMT:_file.obj
 0003:000017a4       ___mbulinfo                1001e7a4     LIBCMT:mbctype.obj
 0003:000017b0       ___mbcodepage              1001e7b0     LIBCMT:mbctype.obj
 0003:000017b4       ___ismbcodepage            1001e7b4     LIBCMT:mbctype.obj
 0003:000017b8       ___mblcid                  1001e7b8     LIBCMT:mbctype.obj
 0003:000017bc       ___locale_changed          1001e7bc     LIBCMT:setlocal.obj
 0003:000017c0       ___lc_handle               1001e7c0     LIBCMT:nlsdata2.obj
 0003:000017d8       ___lc_codepage             1001e7d8     LIBCMT:nlsdata2.obj
 0003:000017dc       ___lc_collate_cp           1001e7dc     LIBCMT:nlsdata2.obj
 0003:00001938       ___sbh_pHeaderDefer        1001e938     LIBCMT:sbheap.obj
 0003:00001c54       __newmode                  1001ec54     LIBCMT:_newmode.obj
 0003:00001c6c       ?pArgList@UnDecorator@@0PAVReplicator@@A 1001ec6c     LIBCMT:undname.obj
 0003:00001c70       ?pZNameList@UnDecorator@@0PAVReplicator@@A 1001ec70     LIBCMT:undname.obj
 0003:00001c74       ?pTemplateArgList@UnDecorator@@0PAVReplicator@@A 1001ec74     LIBCMT:undname.obj
 0003:00001c78       ?gName@UnDecorator@@0PBDB  1001ec78     LIBCMT:undname.obj
 0003:00001c7c       ?name@UnDecorator@@0PBDB   1001ec7c     LIBCMT:undname.obj
 0003:00001c80       ?outputString@UnDecorator@@0PADA 1001ec80     LIBCMT:undname.obj
 0003:00001c84       ?maxStringLength@UnDecorator@@0HA 1001ec84     LIBCMT:undname.obj
 0003:00001c88       ?disableFlags@UnDecorator@@0KA 1001ec88     LIBCMT:undname.obj
 0003:00001c8c       ?m_pGetParameter@UnDecorator@@0P6APADJ@ZA 1001ec8c     LIBCMT:undname.obj
 0003:00001c90       ?fExplicitTemplateParams@UnDecorator@@0_NA 1001ec90     LIBCMT:undname.obj
 0003:00001c91       ?fGetTemplateArgumentList@UnDecorator@@0_NA 1001ec91     LIBCMT:undname.obj
 0003:00001cb4       ___pPurecall               1001ecb4     LIBCMT:inithelp.obj
 0003:00001cc4       ___lconv_static_null       1001ecc4     LIBCMT:lconv.obj
 0003:00001cc8       __stdbuf                   1001ecc8     LIBCMT:_sftbuf.obj
 0003:00001da0       ?myString2@@3PADA          1001eda0     wog native dialogs.obj
 0003:000021a0       ?WogNDlg_TXT@@3PAU_TXT_@@A 1001f1a0     wog native dialogs.obj
 0003:000021a4       ?NPC_Def@@3PAU_DlgStaticDef_@@A 1001f1a4     wog native dialogs.obj
 0003:000021a8       ?smalfont2@@3PAU_Fnt_@@A   1001f1a8     wog native dialogs.obj
 0003:000021ac       ?saveManaHero@@3PAY01HA    1001f1ac     wog native dialogs.obj
 0003:000021bc       ?dlgHeroLvlUp_heroID@@3IA  1001f1bc     wog native dialogs.obj
 0003:000021c0       ?myString1@@3PADA          1001f1c0     wog native dialogs.obj
 0003:000025c0       ?_PI@@3PAVPatcherInstance@@A 1001f5c0     wog native dialogs.obj
 0003:000025c4       ?inTownDlg@@3_NA           1001f5c4     wog native dialogs.obj
 0003:000025c8       ?_P@@3PAVPatcher@@A        1001f5c8     wog native dialogs.obj
 0003:000025cc       ?time_click_MsgBox@@3IA    1001f5cc     wog native dialogs.obj
 0003:000025d0       ?isNeedRestore@@3HA        1001f5d0     wog native dialogs.obj
 0003:000025d4       ?ERA_version@@3PBDB        1001f5d4     wog native dialogs.obj
 0003:000025d8       ?damLo@@3HA                1001f5d8     wog native dialogs.obj
 0003:000025dc       ?medfont2@@3PAU_Fnt_@@A    1001f5dc     wog native dialogs.obj
 0003:000025e0       ?QuickBattle_SAVE@@3HA     1001f5e0     wog native dialogs.obj
 0003:000025e4       ?timeClickAvtoSolo@@3HA    1001f5e4     wog native dialogs.obj
 0003:000025e8       ?HD_Version@@3HA           1001f5e8     wog native dialogs.obj
 0003:000025ec       ?saveCursor@@3PAHA         1001f5ec     wog native dialogs.obj
 0003:000025f8       ?time_click@@3HA           1001f5f8     wog native dialogs.obj
 0003:000025fc       ?hAngel@Era@@3PAUHINSTANCE__@@A 1001f5fc     wog native dialogs.obj
 0003:00002600       ?hEra@Era@@3PAUHINSTANCE__@@A 1001f600     wog native dialogs.obj
 0003:00002604       ?txtresWOG@@3PAU_TXT_@@A   1001f604     wog native dialogs.obj
 0003:00002608       ?damHi@@3HA                1001f608     wog native dialogs.obj
 0003:0000260c       ?bigfont2@@3PAU_Fnt_@@A    1001f60c     wog native dialogs.obj
 0003:00002610       ?myString3@@3PADA          1001f610     wog native dialogs.obj
 0003:00002a10       ?EventParams@Era@@3PAY0BA@HA 1001fa10     wog native dialogs.obj
 0003:00002a14       ?ApiHook@Era@@3P6GPAXPAXH0@ZA 1001fa14     wog native dialogs.obj
 0003:00002a18       ?ClearAllIniCache@Era@@3P6GXXZA 1001fa18     wog native dialogs.obj
 0003:00002a1c       ?ClearIniCache@Era@@3P6GXPBD@ZA 1001fa1c     wog native dialogs.obj
 0003:00002a20       ?ExecErmCmd@Era@@3P6GXPBD@ZA 1001fa20     wog native dialogs.obj
 0003:00002a24       ?ExtractErm@Era@@3P6GXXZA  1001fa24     wog native dialogs.obj
 0003:00002a28       ?FatalError@Era@@3P6GXPBD@ZA 1001fa28     wog native dialogs.obj
 0003:00002a2c       ?FireErmEvent@Era@@3P6GXH@ZA 1001fa2c     wog native dialogs.obj
 0003:00002a30       ?FireEvent@Era@@3P6GXPBDPAXH@ZA 1001fa30     wog native dialogs.obj
 0003:00002a34       ?GetButtonID@Era@@3P6GHPBD@ZA 1001fa34     wog native dialogs.obj
 0003:00002a38       ?GetEraVersion@Era@@3P6GPBDXZA 1001fa38     wog native dialogs.obj
 0003:00002a3c       ?GetVersionNum@Era@@3P6GHXZA 1001fa3c     wog native dialogs.obj
 0003:00002a40       ?GetGameState@Era@@3P6GXPAUTGameState@1@@ZA 1001fa40     wog native dialogs.obj
 0003:00002a44       ?GetRealAddr@Era@@3P6GPAXPAX@ZA 1001fa44     wog native dialogs.obj
 0003:00002a48       ?GlobalRedirectFile@Era@@3P6GXXZA 1001fa48     wog native dialogs.obj
 0003:00002a4c       ?Hook@Era@@3P6GPAXPAXHH0@ZA 1001fa4c     wog native dialogs.obj
 0003:00002a50       ?HookCode@Era@@3P6GPAXPAXP6GHPAUTHookContext@1@@ZPAPAX@ZA 1001fa50     wog native dialogs.obj
 0003:00002a54       ?LoadImageAsPcx16@Era@@3P6GPAXPBD0HHHHH@ZA 1001fa54     wog native dialogs.obj
 0003:00002a58       ?LoadTxt@Era@@3P6GPAXPBD@ZA 1001fa58     wog native dialogs.obj
 0003:00002a5c       ?MemFree@Era@@3P6GXPBX@ZA  1001fa5c     wog native dialogs.obj
 0003:00002a60       ?NameColor@Era@@3P6GXHPBD@ZA 1001fa60     wog native dialogs.obj
 0003:00002a64       ?NotifyError@Era@@3P6GXPBD@ZA 1001fa64     wog native dialogs.obj
 0003:00002a68       ?PatchExists@Era@@3P6G_NPBD@ZA 1001fa68     wog native dialogs.obj
 0003:00002a6c       ?PluginExists@Era@@3P6G_NPBD@ZA 1001fa6c     wog native dialogs.obj
 0003:00002a70       ?ReadSavegameSection@Era@@3P6GHHPAXPBD@ZA 1001fa70     wog native dialogs.obj
 0003:00002a74       ?ReadStrFromIni@Era@@3P6G_NPBD00PAD@ZA 1001fa74     wog native dialogs.obj
 0003:00002a78       ?RecallAPI@Era@@3P6GHPAUTHookContext@1@H@ZA 1001fa78     wog native dialogs.obj
 0003:00002a7c       ?RedirectFile@Era@@3P6GXXZA 1001fa7c     wog native dialogs.obj
 0003:00002a80       ?RedirectMemoryBlock@Era@@3P6GXPAXH0@ZA 1001fa80     wog native dialogs.obj
 0003:00002a84       ?RegisterHandler@Era@@3P6GXP6GXPAUTEvent@1@@ZPBD@ZA 1001fa84     wog native dialogs.obj
 0003:00002a88       ?ReloadErm@Era@@3P6GXXZA   1001fa88     wog native dialogs.obj
 0003:00002a8c       ?ReportPluginVersion@Era@@3P6GXPBD@ZA 1001fa8c     wog native dialogs.obj
 0003:00002a90       ?RestoreEventParams@Era@@3P6GXXZA 1001fa90     wog native dialogs.obj
 0003:00002a94       ?SaveEventParams@Era@@3P6GXXZA 1001fa94     wog native dialogs.obj
 0003:00002a98       ?SaveIni@Era@@3P6G_NPBD@ZA 1001fa98     wog native dialogs.obj
 0003:00002a9c       ?Splice@Era@@3P6GPAXPAX0HHPAHPAPAX@ZA 1001fa9c     wog native dialogs.obj
 0003:00002aa0       ?_tr@Era@@3P6GPADPBDPAPBDH@ZA 1001faa0     wog native dialogs.obj
 0003:00002aa4       ?WriteAtCode@Era@@3P6GXHPAX0@ZA 1001faa4     wog native dialogs.obj
 0003:00002aa8       ?WriteSavegameSection@Era@@3P6GXHPAXPBD@ZA 1001faa8     wog native dialogs.obj
 0003:00002aac       ?WriteStrToIni@Era@@3P6G_NPBD000@ZA 1001faac     wog native dialogs.obj
 0003:00002ab0       ?NPC_StatBar@@3PAU_DlgStaticTextPcx8ed_@@A 1001fab0     wog native dialogs.obj
 0003:00002ab4       ?str_num_hook@@3HA         1001fab4     wog native dialogs.obj
 0003:00002ab8       ?BanDlg_CustomReq_EnterText@@3HA 1001fab8     wog native dialogs.obj
 0003:00002abc       ?o_Sphinx1@@3PAU_Sphinx1_@@A 1001fabc     wog native dialogs.obj
 0003:00002ac0       ?Dlg_CustomReq_Ban@@3HA    1001fac0     wog native dialogs.obj
 0003:00002ac4       ?statbarWoGOptions@@3PAU_DlgStaticTextPcx8ed_@@A 1001fac4     wog native dialogs.obj
 0003:00002ac8       ?apdFont@@3HA              1001fac8     wog native dialogs.obj
 0003:00002acc       ?check_AIValue_isNotHero@@3_NA 1001facc     wog native dialogs.obj
 0003:00002ad0       ?calls_count@?1??GetPatcher@@YAPAVPatcher@@XZ@4HA 1001fad0     wog native dialogs.obj
 0003:00002ad8       ___fastflag                1001fad8     LIBCMT:_fpinit_.obj
 0003:00002adc       __adjust_fdiv              1001fadc     LIBCMT:_fpinit_.obj
 0003:00002ae0       __outputformat             1001fae0     LIBCMT:outputformat.obj
 0003:00002ae4       ___sbh_cntHeaderList       1001fae4     <common>
 0003:00002ae8       ___sbh_pHeaderList         1001fae8     <common>
 0003:00002aec       ___sbh_threshold           1001faec     <common>
 0003:00002af0       ___sbh_pHeaderScan         1001faf0     <common>
 0003:00002af4       ___sbh_sizeHeaderList      1001faf4     <common>
 0003:00002af8       ___sbh_indGroupDefer       1001faf8     <common>
 0003:00002afc       ___piob                    1001fafc     <common>
 0003:00002b00       __bufin                    1001fb00     <common>
 0003:00003b00       __nstream                  10020b00     <common>
 0003:00003b04       ___sse2_available          10020b04     <common>
 0003:00003b08       __debugger_hook_dummy      10020b08     <common>
 0003:00003b0c       ___active_heap             10020b0c     <common>
 0003:00003b10       __nhandle                  10020b10     <common>
 0003:00003b20       ___pioinfo                 10020b20     <common>
 0003:00003c20       ___env_initialized         10020c20     <common>
 0003:00003c24       ___onexitend               10020c24     <common>
 0003:00003c28       ___onexitbegin             10020c28     <common>
 0003:00003c2c       ___mbctype_initialized     10020c2c     <common>
 0003:00003c30       ___dyn_tls_init_callback   10020c30     <common>
 0003:00003c34       __acmdln                   10020c34     <common>

 entry point at        0001:0000c96a

 Static symbols

 0001:0000c874       ___DllMainCRTStartup       1000d874 f   LIBCMT:dllcrt0.obj
 0001:0000d2b8       _write_char                1000e2b8 f   LIBCMT:output.obj
 0001:0000d2eb       _write_multi_char          1000e2eb f   LIBCMT:output.obj
 0001:0000d311       _write_string              1000e311 f   LIBCMT:output.obj
 0001:0000e5f8       __onexit_nolock            1000f5f8 f   LIBCMT:onexit.obj
 0001:0000ef05       __initterm                 1000ff05 f   LIBCMT:crt0dat.obj
 0001:0000efcb       _doexit                    1000ffcb f   LIBCMT:crt0dat.obj
 0001:0000f4ea       _parse_cmdline             100104ea f   LIBCMT:stdargv.obj
 0001:0000fe74       _fastcopy_I                10010e74 f   LIBCMT:p4_memcpy.obj
 0001:0000ffde       _has_osfxsr_set            10010fde f   LIBCMT:cpu_disp.obj
 0001:00010cde       ?CPtoLCID@@YAHH@Z          10011cde f   LIBCMT:mbctype.obj
 0001:00010d0d       ?setSBCS@@YAXPAUthreadmbcinfostruct@@@Z 10011d0d f   LIBCMT:mbctype.obj
 0001:00010d71       ?setSBUpLow@@YAXPAUthreadmbcinfostruct@@@Z 10011d71 f   LIBCMT:mbctype.obj
 0001:00010fa8       ?getSystemCP@@YAHH@Z       10011fa8 f   LIBCMT:mbctype.obj
 0001:00011632       __updatetlocinfoEx_nolock  10012632 f   LIBCMT:setlocal.obj
 0001:000127ec       _fastzero_I                100137ec f   LIBCMT:p4_memset.obj
 0001:00012964       __unwind_handler4          10013964 f   LIBCMT:exsup4.obj
 0001:00012f7b       _siglookup                 10013f7b f   LIBCMT:winsig.obj
 0001:000131fc       ?x_ismbbtype_l@@YAHPAUlocaleinfo_struct@@IHH@Z 100141fc f   LIBCMT:ismbbyte.obj
 0001:000133a0       __unwind_handler           100143a0 f   LIBCMT:exsup.obj
 0001:000139fa       _flsall                    100149fa f   LIBCMT:fflush.obj
 0001:00013afd       ?__crtLCMapStringA_stat@@YAHPAUlocaleinfo_struct@@KKPBDHPADHHH@Z 10014afd f   LIBCMT:a_map.obj
 0001:00013ee7       ?__crtGetStringTypeA_stat@@YAHPAUlocaleinfo_struct@@KPBDHPAGHHH@Z 10014ee7 f   LIBCMT:a_str.obj
 0001:00014509       ?strtoxl@@YAKPAUlocaleinfo_struct@@PBDPAPBDHH@Z 10015509 f   LIBCMT:strtol.obj
 0001:000155b8       __shift                    100165b8 f   LIBCMT:cvt.obj
 0001:000155fd       __cftoe2_l                 100165fd f   LIBCMT:cvt.obj
 0001:00015bcf       __cftof2_l                 10016bcf f   LIBCMT:cvt.obj
 0001:00017f5f       __hw_cw                    10018f5f f   LIBCMT:_ieee87_.obj
 0001:00017fed       ___hw_cw_sse2              10018fed f   LIBCMT:_ieee87_.obj
 0001:000185e0       ??__Fnomem@?5???2@YAPAXI@Z@YAXXZ 100195e0 f   LIBCMT:new.obj
