 wog native dialogs

 Timestamp is 60be71fd (Mon Jun 07 22:22:37 2021)

 Preferred load address is 10000000

 Start         Length     Name                   Class
 0001:00000000 0001c08cH .text                   CODE
 0001:0001c090 00000166H .text$x                 CODE
 0001:0001c1f6 00000014H .text$yd                CODE
 0002:00000000 00000124H .idata$5                DATA
 0002:00000124 00000004H .CRT$XCA                DATA
 0002:00000128 00000004H .CRT$XCZ                DATA
 0002:0000012c 00000004H .CRT$XIA                DATA
 0002:00000130 00000010H .CRT$XIC                DATA
 0002:00000140 00000004H .CRT$XIZ                DATA
 0002:00000144 00000004H .CRT$XPA                DATA
 0002:00000148 00000004H .CRT$XPX                DATA
 0002:0000014c 00000004H .CRT$XPXA               DATA
 0002:00000150 00000004H .CRT$XPZ                DATA
 0002:00000154 00000004H .CRT$XTA                DATA
 0002:00000158 00000004H .CRT$XTZ                DATA
 0002:00000160 00002538H .rdata                  DATA
 0002:00002698 00000067H .rdata$debug            DATA
 0002:00002700 00000214H .rdata$r                DATA
 0002:00002920 00000034H .rdata$sxdata           DATA
 0002:00002954 00000004H .rtc$IAA                DATA
 0002:00002958 00000004H .rtc$IZZ                DATA
 0002:0000295c 00000004H .rtc$TAA                DATA
 0002:00002960 00000004H .rtc$TZZ                DATA
 0002:00002968 000007bcH .xdata$x                DATA
 0002:00003124 00000028H .idata$2                DATA
 0002:0000314c 00000014H .idata$3                DATA
 0002:00003160 00000124H .idata$4                DATA
 0002:00003284 00000526H .idata$6                DATA
 0002:000037b0 0000005eH .edata                  DATA
 0003:00000000 00001398H .data                   DATA
 0003:000013a0 000031b8H .bss                    DATA

  Address         Publics by Value              Rva+Base       Lib:Object

 0000:00000000       __except_list              00000000     <absolute>
 0000:0000000d       ___safe_se_handler_count   0000000d     <absolute>
 0000:00000000       ___ImageBase               10000000     <linker-defined>
 0001:00000000       ?WriteCodePatch@PatcherInstance@@QAAPAVPatch@@IPADZZ 10001000 f i wog native dialogs.obj
 0001:00000020       ??1bad_alloc@std@@UAE@XZ   10001020 f i wog native dialogs.obj
 0001:00000030       ??_Ebad_alloc@std@@UAEPAXI@Z 10001030 f i  CIL library: CIL module
 0001:00000030       ??_Gbad_alloc@std@@UAEPAXI@Z 10001030 f i wog native dialogs.obj
 0001:00000060       ?compare@?$char_traits@D@std@@SAHPBD0I@Z 10001060 f i wog native dialogs.obj
 0001:000000e0       ?Redraw@_Dlg_@@QAEXH@Z     100010e0 f i wog native dialogs.obj
 0001:00000100       ?AddItem@_Dlg_@@QAEXPAU_DlgItem_@@@Z 10001100 f i wog native dialogs.obj
 0001:00000130       ?Create@_DlgStaticPcx8_@@SAPAU1@HHHHHPAD@Z 10001130 f i wog native dialogs.obj
 0001:00000170       ?Create@_DlgStaticPcx8_@@SAPAU1@HHHPAD@Z 10001170 f i wog native dialogs.obj
 0001:000001c0       ?Create@_DlgStaticDef_@@SAPAU1@HHHPADHHH@Z 100011c0 f i wog native dialogs.obj
 0001:00000220       ?Create@_DlgStaticPcx16_@@SAPAU1@HHHHHPADI@Z 10001220 f i wog native dialogs.obj
 0001:00000260       ?Create@_DlgButton_@@SAPAU1@HHHPADHHHH@Z 10001260 f i wog native dialogs.obj
 0001:000002b0       ?Create@_DlgTextButton_@@SAPAU1@HHHPAD00HHHHH@Z 100012b0 f i wog native dialogs.obj
 0001:00000310       ?b_MsgBox@@YAHPADH@Z       10001310 f i wog native dialogs.obj
 0001:00000340       ?b_MsgBoxD@@YAHPADHHH@Z    10001340 f i wog native dialogs.obj
 0001:00000380       ?GetHero@_GameMgr_@@QAEPAU_Hero_@@H@Z 10001380 f i wog native dialogs.obj
 0001:000003a0       ?Get_ITxtExp@@YAPADH@Z     100013a0 f i wog native dialogs.obj
 0001:000003c0       ?Y_Mouse_SetCursor@@YAXH@Z 100013c0 f   wog native dialogs.obj
 0001:00000450       ?Set_DlgBackground_RK@@YAHPAU_Dlg_@@HH@Z 10001450 f   wog native dialogs.obj
 0001:00000a30       ?b_MsgBoxAndDef@@YAXPADH0@Z 10001a30 f   wog native dialogs.obj
 0001:00000c60       ?b_MsgBoxBig@@YAXPADD@Z    10001c60 f   wog native dialogs.obj
 0001:00000da0       ?e_ClickSound@@YAXXZ       10001da0 f i wog native dialogs.obj
 0001:00000e00       ?ConnectEra@Era@@YAXXZ     10001e00 f   wog native dialogs.obj
 0001:00001140       ?F_MsgBox_ResetYellowFrames@@YAHPAU_Dlg_@@H@Z 10002140 f   wog native dialogs.obj
 0001:00001190       ?F_MsgBox_Return@@YAHPAU_DlgMsg_@@H@Z 10002190 f   wog native dialogs.obj
 0001:000011c0       ?Y_New_MsgBox_GetNextItem@@YAHHH@Z 100021c0 f   wog native dialogs.obj
 0001:000012c0       ?Y_New_MsgBox_Proc@@YGHPAVHiHook@@PAU_DlgMsg_@@@Z 100022c0 f   wog native dialogs.obj
 0001:000014d0       ?Y_New_MsgBox_SetDefaultFrameEnabled@@YGHPAVLoHook@@PAUHookContext@@@Z 100024d0 f   wog native dialogs.obj
 0001:00001580       ?Y_New_MsgBox_GetBitMask@@YGHPAVHiHook@@PAU_GameMgr_@@@Z 10002580 f   wog native dialogs.obj
 0001:000015f0       ?Dlg_MsgBox@@YAXPAVPatcherInstance@@@Z 100025f0 f   wog native dialogs.obj
 0001:00001680       ?Dlg_ChangeBmp@@YAXPAVPatcherInstance@@@Z 10002680 f   wog native dialogs.obj
 0001:00002490       ?Y_New_CommanderDlg_Proc@@YGHPAV_CustomDlg_@@PAU_DlgMsg_@@@Z 10003490 f   wog native dialogs.obj
 0001:00002c20       ?Y_Dlg_NPC_Show@@YGHPAVHiHook@@PAU_DlgNPC_@@@Z 10003c20 f   wog native dialogs.obj
 0001:00004320       ?Y_Dlg_NPC_Prepare@@YGXPAVHiHook@@PAU_Npc_@@HHH@Z 10005320 f   wog native dialogs.obj
 0001:00004360       ?Y_Dlg_NPC_ShowAgain_IfGetArtHero@@YGHPAVLoHook@@PAUHookContext@@@Z 10005360 f   wog native dialogs.obj
 0001:00004380       ?Y_HeroDlg_Create@@YGPAV_CustomDlg_@@PAVHiHook@@PAV1@@Z 10005380 f   wog native dialogs.obj
 0001:000043e0       ?Y_HeroDlg_Proc@@YGHPAVHiHook@@PAV_CustomDlg_@@PAU_DlgMsg_@@@Z 100053e0 f   wog native dialogs.obj
 0001:00004650       ?Dlg_NPC@@YAXPAVPatcherInstance@@@Z 10005650 f   wog native dialogs.obj
 0001:000046e0       ?New_Dlg_ExpaMon_Case8@@YAHH@Z 100056e0 f   wog native dialogs.obj
 0001:00005040       ?New_Dlg_ExpaMon_BannerDlg_Proc@@YGHPAV_CustomDlg_@@PAU_DlgMsg_@@@Z 10006040 f   wog native dialogs.obj
 0001:00005110       ?New_Dlg_ExpaMon_BannerDlg@@YAHXZ 10006110 f   wog native dialogs.obj
 0001:00005510       ?New_Dlg_ExpaMon_Proc@@YGHPAV_CustomDlg_@@PAU_DlgMsg_@@@Z 10006510 f   wog native dialogs.obj
 0001:00005930       ?Y_NewDlg_CreatureExpo@@YGHPAVHiHook@@PAU_CreatureExpo_@@@Z 10006930 f   wog native dialogs.obj
 0001:00006490       ?Y_WoGCurseDlg_Proc@@YGHPAV_CustomDlg_@@PAU_DlgMsg_@@@Z 10007490 f   wog native dialogs.obj
 0001:00006590       ?Y_WoGCurseDlg_Show@@YGHPAVLoHook@@PAUHookContext@@@Z 10007590 f   wog native dialogs.obj
 0001:00006930       ?Y_WoGDlg_ChooseArt_Proc@@YGHPAV_CustomDlg_@@PAU_DlgMsg_@@@Z 10007930 f   wog native dialogs.obj
 0001:00006c20       ?Y_WoGDlg_ChooseArt@@YGHPAVHiHook@@HPAU_Hero_@@H@Z 10007c20 f   wog native dialogs.obj
 0001:000072a0       ?WoG_PlaceCreature_RMC_Crtl@@YGHPAVLoHook@@PAUHookContext@@@Z 100082a0 f   wog native dialogs.obj
 0001:000072d0       _UseWin32InputControl      100082d0 f   wog native dialogs.obj
 0001:000072f0       ?IsSupportedFormatImage@@YAHPAD@Z 100082f0 f   wog native dialogs.obj
 0001:00007610       ?New_Dlg_CustomReq_Proc@@YGHPAV_CustomDlg_@@PAU_DlgMsg_@@@Z 10008610 f   wog native dialogs.obj
 0001:000077d0       ?New_Dlg_CustomReq@@YAHPAU_Sphinx1_@@@Z 100087d0 f   wog native dialogs.obj
 0001:00008a30       ?Y_Dlg_CustomReq@@YGHPAVHiHook@@HHPAPAD@Z 10009a30 f   wog native dialogs.obj
 0001:00008d40       ?Y_WoGDlg_SphinxReq@@YGHPAVHiHook@@H@Z 10009d40 f   wog native dialogs.obj
 0001:00008ed0       ?Y_Dlg_QuickDialog@@YGHPAVHiHook@@PAU_Sphinx1_@@@Z 10009ed0 f   wog native dialogs.obj
 0001:00008f60       ?Y_Dlg_CustomPic@@YGHPAVHiHook@@HH@Z 10009f60 f   wog native dialogs.obj
 0001:000092c0       ?Dlg_Sphinx@@YAXPAVPatcherInstance@@@Z 1000a2c0 f   wog native dialogs.obj
 0001:00009380       ?New_Dlg_IF_G_Proc@@YGHPAV_CustomDlg_@@PAU_DlgMsg_@@@Z 1000a380 f   wog native dialogs.obj
 0001:000094a0       ?New_Dlg_IF_G@@YAHPAU_CheckBoxes_@@@Z 1000a4a0 f   wog native dialogs.obj
 0001:000098c0       ?New_Dlg_IF_G_Lo@@YGHPAVLoHook@@PAUHookContext@@@Z 1000a8c0 f   wog native dialogs.obj
 0001:00009920       ?Dlg_IFG@@YAXPAVPatcherInstance@@@Z 1000a920 f   wog native dialogs.obj
 0001:00009970       ?Dlg_ChooseMonAttack_Proc@@YGHPAV_CustomDlg_@@PAU_DlgMsg_@@@Z 1000a970 f   wog native dialogs.obj
 0001:000099b0       ?Dlg_ChooseMonAttack@@YGHPAVHiHook@@HHH@Z 1000a9b0 f   wog native dialogs.obj
 0001:00009c90       ?Y_NewScenarioDlg_SetScrolledShoose@@YAHPAU_NewScenarioDlg_@@PAU_DlgMsg_@@@Z 1000ac90 f   wog native dialogs.obj
 0001:00009d20       ?Redraw_WoGDlgSetup_ElemOnPage@@YAHPAV_CustomDlg_@@PAU_DlgSetup_@@H@Z 1000ad20 f   wog native dialogs.obj
 0001:00009f10       ?ShowHide_WoGDlgSetup_ElemOnPage@@YAHPAV_CustomDlg_@@HPAU_DlgSetup_@@H@Z 1000af10 f   wog native dialogs.obj
 0001:0000a100       ?Create_WoGDlgSetup_ElemOnPage@@YAHPAV_CustomDlg_@@HPAU_DlgSetup_@@@Z 1000b100 f   wog native dialogs.obj
 0001:0000a4f0       ?setYellowFrames@@YAXPAV_CustomDlg_@@H@Z 1000b4f0 f   wog native dialogs.obj
 0001:0000b050       ?Dlg_WoG_Options_Proc@@YGHPAV_CustomDlg_@@PAU_DlgMsg_@@@Z 1000c050 f   wog native dialogs.obj
 0001:0000b7a0       ?Dlg_WoG_Options_Show@@YGXPAVHiHook@@H@Z 1000c7a0 f   wog native dialogs.obj
 0001:0000bcf0       ?Y_NewScenarioDlg_Proc@@YGHPAVHiHook@@PAU_NewScenarioDlg_@@PAU_DlgMsg_@@@Z 1000ccf0 f   wog native dialogs.obj
 0001:0000bd80       ?Y_NewScenarioDlg_BlockScrollBar@@YGHPAVHiHook@@PAX@Z 1000cd80 f   wog native dialogs.obj
 0001:0000bdb0       ?Y_NewScenarioDlg_Create@@YGXPAVHiHook@@PAU_NewScenarioDlg_@@H@Z 1000cdb0 f   wog native dialogs.obj
 0001:0000be10       ?Dlg_WoGOptions@@YAXPAVPatcherInstance@@@Z 1000ce10 f   wog native dialogs.obj
 0001:0000bed0       ?WOG_ProcessAll@@YGXPAVHiHook@@@Z 1000ced0 f   wog native dialogs.obj
 0001:0000c1b0       ?Dlg_SaveDatFile1@@YGHPAVLoHook@@PAUHookContext@@@Z 1000d1b0 f   wog native dialogs.obj
 0001:0000c240       ?Dlg_LoadDatFile1@@YGHPAVLoHook@@PAUHookContext@@@Z 1000d240 f   wog native dialogs.obj
 0001:0000c2d0       ?WoGOptionsStrings@@YAXPAVPatcherInstance@@@Z 1000d2d0 f   wog native dialogs.obj
 0001:0000c330       ?Dlg_ChooseCastleReBuild_Proc@@YGHPAV_CustomDlg_@@PAU_DlgMsg_@@@Z 1000d330 f   wog native dialogs.obj
 0001:0000c480       ?Dlg_ChooseCastleReBuild@@YAHXZ 1000d480 f   wog native dialogs.obj
 0001:0000ca40       ?HiHook_Dlg_ChooseCastleReBuild@@YGHPAVHiHook@@@Z 1000da40 f   wog native dialogs.obj
 0001:0000ca50       ?LoHook_Dlg_ChooseCastleReBuild@@YGHPAVLoHook@@PAUHookContext@@@Z 1000da50 f   wog native dialogs.obj
 0001:0000ca80       ?Y_Dlg_HeroLvlUp_Proc@@YGHPAVHiHook@@HPAU_DlgMsg_@@@Z 1000da80 f   wog native dialogs.obj
 0001:0000cb70       ?Y_Lo_Dlg_HeroLvlUp_Create@@YGHPAVLoHook@@PAUHookContext@@@Z 1000db70 f   wog native dialogs.obj
 0001:0000cb90       ?Y_BATTLE_Proc@@YGHPAVHiHook@@PAU_BattleMgr_@@PAU_DlgMsg_@@@Z 1000db90 f   wog native dialogs.obj
 0001:0000cce0       ?Y_EndBattle@@YGHPAVLoHook@@PAUHookContext@@@Z 1000dce0 f   wog native dialogs.obj
 0001:0000cd90       ?StartHD5Functions@@YAXXZ  1000dd90 f   wog native dialogs.obj
 0001:0000ce00       ?HD5_Functions@@YAXPAVPatcherInstance@@@Z 1000de00 f   wog native dialogs.obj
 0001:0000ce50       ?NewBattleLogDlg_Proc@@YGHPAV_CustomDlg_@@PAU_DlgMsg_@@@Z 1000de50 f   wog native dialogs.obj
 0001:0000ce90       ?CreateNewBattleLogDlg@@YAXPAU_BattleMgr_@@@Z 1000de90 f   wog native dialogs.obj
 0001:0000d3c0       ?BattleLog_Proc@@YGHPAVHiHook@@PAU_BattleMgr_@@PAU_DlgMsg_@@@Z 1000e3c0 f   wog native dialogs.obj
 0001:0000d420       ?BattleLog_ReportNewRound@@YGXPAVHiHook@@IPBDHD@Z 1000e420 f   wog native dialogs.obj
 0001:0000d470       ?Y_DlgTown_Proc@@YGHPAVHiHook@@PAU_TownMgr_@@PAU_DlgMsg_@@@Z 1000e470 f   wog native dialogs.obj
 0001:0000d5e0       ?Y_Dlg_HeroesMeet@@YGHPAVLoHook@@PAUHookContext@@@Z 1000e5e0 f   wog native dialogs.obj
 0001:0000d610       ?Y_Battle_SetHintAttackGetDamage@@YGHPAVLoHook@@PAUHookContext@@@Z 1000e610 f   wog native dialogs.obj
 0001:0000d630       ?GetStringKilled@@YAPADPADPAU_BattleStack_@@@Z 1000e630 f   wog native dialogs.obj
 0001:0000d760       ?BattleMgr_GetAttackDamage_Hint_LogString@@YGPAU_HStr_@@PAVHiHook@@PAU1@PAU_BattleStack_@@2EH@Z 1000e760 f   wog native dialogs.obj
 0001:0000d860       ?Y_Dlg_MainMenu_Create@@YGHPAVHiHook@@PAU_Dlg_@@@Z 1000e860 f   wog native dialogs.obj
 0001:0000d900       ?OnReportVersion@@YGXPAUTEvent@Era@@@Z 1000e900 f   wog native dialogs.obj
 0001:0000d930       ?Y_LoadAllTXTinGames@@YGHPAVLoHook@@PAUHookContext@@@Z 1000e930 f   wog native dialogs.obj
 0001:0000d950       ?Y_Hook_MainLoop@@YGHPAVLoHook@@PAUHookContext@@@Z 1000e950 f   wog native dialogs.obj
 0001:0000dd90       _DllMain@12                1000ed90 f   wog native dialogs.obj
 0001:0000e080       ??0?$basic_string@DU?$char_traits@D@std@@V?$allocator@D@2@@std@@QAE@PBD@Z 1000f080 f i wog native dialogs.obj
 0001:0000e0c0       ??1?$basic_string@DU?$char_traits@D@std@@V?$allocator@D@2@@std@@QAE@XZ 1000f0c0 f i wog native dialogs.obj
 0001:0000e0f0       ?append@?$basic_string@DU?$char_traits@D@std@@V?$allocator@D@2@@std@@QAEAAV12@PBD@Z 1000f0f0 f i wog native dialogs.obj
 0001:0000e110       ?erase@?$basic_string@DU?$char_traits@D@std@@V?$allocator@D@2@@std@@QAEAAV12@II@Z 1000f110 f i wog native dialogs.obj
 0001:0000e1a0       ?substr@?$basic_string@DU?$char_traits@D@std@@V?$allocator@D@2@@std@@QBE?AV12@II@Z 1000f1a0 f i wog native dialogs.obj
 0001:0000e1d0       ?append@?$basic_string@DU?$char_traits@D@std@@V?$allocator@D@2@@std@@QAEAAV12@PBDI@Z 1000f1d0 f i wog native dialogs.obj
 0001:0000e2e0       ?assign@?$basic_string@DU?$char_traits@D@std@@V?$allocator@D@2@@std@@QAEAAV12@ABV12@II@Z 1000f2e0 f i wog native dialogs.obj
 0001:0000e3c0       ?find_last_of@?$basic_string@DU?$char_traits@D@std@@V?$allocator@D@2@@std@@QBEIPBDII@Z 1000f3c0 f i wog native dialogs.obj
 0001:0000e460       ?_Eos@?$basic_string@DU?$char_traits@D@std@@V?$allocator@D@2@@std@@IAEXI@Z 1000f460 f i wog native dialogs.obj
 0001:0000e480       ?_Tidy@?$basic_string@DU?$char_traits@D@std@@V?$allocator@D@2@@std@@IAEX_NI@Z 1000f480 f i wog native dialogs.obj
 0001:0000e4d0       ?_Myptr@?$basic_string@DU?$char_traits@D@std@@V?$allocator@D@2@@std@@IBEPBDXZ 1000f4d0 f i wog native dialogs.obj
 0001:0000e4e0       ?append@?$basic_string@DU?$char_traits@D@std@@V?$allocator@D@2@@std@@QAEAAV12@ABV12@II@Z 1000f4e0 f i wog native dialogs.obj
 0001:0000e5d0       ?assign@?$basic_string@DU?$char_traits@D@std@@V?$allocator@D@2@@std@@QAEAAV12@PBDI@Z 1000f5d0 f i wog native dialogs.obj
 0001:0000e6b0       ?_Copy@?$basic_string@DU?$char_traits@D@std@@V?$allocator@D@2@@std@@IAEXII@Z 1000f6b0 f i wog native dialogs.obj
 0001:0000e820       ?allocate@?$allocator@D@std@@QAEPADI@Z 1000f820 f i wog native dialogs.obj
 0001:0000e880       ??$?8DU?$char_traits@D@std@@V?$allocator@D@1@@std@@YA_NABV?$basic_string@DU?$char_traits@D@std@@V?$allocator@D@2@@0@PBD@Z 1000f880 f i wog native dialogs.obj
 0001:0000e8e0       ??$VarValue@H@Patcher@@QAEAAHPAD@Z 1000f8e0 f i wog native dialogs.obj
 0001:0000e920       ??0bad_alloc@std@@QAE@ABV01@@Z 1000f920 f i wog native dialogs.obj
 0001:0000e940       ??$_Transform@PADV?$_String_iterator@DU?$char_traits@D@std@@V?$allocator@D@2@@std@@P6AHH@Z@std@@YA?AV?$_String_iterator@DU?$char_traits@D@std@@V?$allocator@D@2@@0@PAD0V10@P6AHH@ZUrandom_access_iterator_tag@0@U_Range_checked_iterator_tag@0@@Z 1000f940 f i wog native dialogs.obj
 0001:0000e9d0       ?RedrawScreen@_DlgItem_@@QAEXXZ 1000f9d0 f   HoMM3_GUI.obj
 0001:0000ea00       ?Create@_CustomDlg_@@SAPAV1@HHHHIP6GHPAV1@PAU_DlgMsg_@@@Z@Z 1000fa00 f   HoMM3_GUI.obj
 0001:0000ea80       ?DlgProcBridge@_CustomDlg_@@SIHPAV1@IPAU_DlgMsg_@@@Z 1000fa80 f   HoMM3_GUI.obj
 0001:0000ea99       ??0logic_error@std@@QAE@ABV?$basic_string@DU?$char_traits@D@std@@V?$allocator@D@2@@1@@Z 1000fa99 f i libcpmt:string.obj
 0001:0000eace       ?what@logic_error@std@@UBEPBDXZ 1000face f i libcpmt:string.obj
 0001:0000eadc       ??1logic_error@std@@UAE@XZ 1000fadc f i libcpmt:string.obj
 0001:0000eafb       ??_Glogic_error@std@@UAEPAXI@Z 1000fafb f i libcpmt:string.obj
 0001:0000eafb       ??_Elogic_error@std@@UAEPAXI@Z 1000fafb f i libcpmt:string.obj
 0001:0000eb1c       ??0length_error@std@@QAE@ABV?$basic_string@DU?$char_traits@D@std@@V?$allocator@D@2@@1@@Z 1000fb1c f i libcpmt:string.obj
 0001:0000eb39       ??1length_error@std@@UAE@XZ 1000fb39 f i libcpmt:string.obj
 0001:0000eb44       ??_Glength_error@std@@UAEPAXI@Z 1000fb44 f i libcpmt:string.obj
 0001:0000eb44       ??_Elength_error@std@@UAEPAXI@Z 1000fb44 f i libcpmt:string.obj
 0001:0000eb6b       ??0out_of_range@std@@QAE@ABV?$basic_string@DU?$char_traits@D@std@@V?$allocator@D@2@@1@@Z 1000fb6b f i libcpmt:string.obj
 0001:0000eb88       ??1out_of_range@std@@UAE@XZ 1000fb88 f i libcpmt:string.obj
 0001:0000eb93       ??_Eout_of_range@std@@UAEPAXI@Z 1000fb93 f i libcpmt:string.obj
 0001:0000eb93       ??_Gout_of_range@std@@UAEPAXI@Z 1000fb93 f i libcpmt:string.obj
 0001:0000ebba       ?_Xlen@_String_base@std@@SAXXZ 1000fbba f   libcpmt:string.obj
 0001:0000ebf2       ?_Xran@_String_base@std@@SAXXZ 1000fbf2 f   libcpmt:string.obj
 0001:0000ec2a       ??0?$basic_string@DU?$char_traits@D@std@@V?$allocator@D@2@@std@@QAE@ABV01@@Z 1000fc2a f i libcpmt:string.obj
 0001:0000ec55       ??0logic_error@std@@QAE@ABV01@@Z 1000fc55 f i libcpmt:string.obj
 0001:0000ec8f       ??0length_error@std@@QAE@ABV01@@Z 1000fc8f f i libcpmt:string.obj
 0001:0000ecac       ??0out_of_range@std@@QAE@ABV01@@Z 1000fcac f i libcpmt:string.obj
 0001:0000ecc9       @__security_check_cookie@4 1000fcc9 f   LIBCMT:secchk.obj
 0001:0000ecd8       _memmove_s                 1000fcd8 f   LIBCMT:memmove_s.obj
 0001:0000ed35       _sprintf                   1000fd35 f   LIBCMT:sprintf.obj
 0001:0000edb2       ??0exception@std@@QAE@XZ   1000fdb2 f   LIBCMT:stdexcpt.obj
 0001:0000edc3       ??0exception@std@@QAE@ABQBD@Z 1000fdc3 f   LIBCMT:stdexcpt.obj
 0001:0000ee16       ??0exception@std@@QAE@ABQBDH@Z 1000fe16 f   LIBCMT:stdexcpt.obj
 0001:0000ee33       ??0exception@std@@QAE@ABV01@@Z 1000fe33 f   LIBCMT:stdexcpt.obj
 0001:0000ee90       ??1exception@std@@UAE@XZ   1000fe90 f   LIBCMT:stdexcpt.obj
 0001:0000eea6       ?what@exception@std@@UBEPBDXZ 1000fea6 f   LIBCMT:stdexcpt.obj
 0001:0000eeb3       ??_Eexception@std@@UAEPAXI@Z 1000feb3 f i LIBCMT:stdexcpt.obj
 0001:0000eeb3       ??_Gexception@std@@UAEPAXI@Z 1000feb3 f i LIBCMT:stdexcpt.obj
 0001:0000eed4       _free                      1000fed4 f   LIBCMT:free.obj
 0001:0000ef70       _memchr                    1000ff70 f   LIBCMT:memchr.obj
 0001:0000f01d       ??0_LocaleUpdate@@QAE@PAUlocaleinfo_struct@@@Z 1001001d f i LIBCMT:tolower.obj
 0001:0000f0a4       __tolower_l                100100a4 f   LIBCMT:tolower.obj
 0001:0000f1b9       _tolower                   100101b9 f   LIBCMT:tolower.obj
 0001:0000f1e5       __initp_misc_invarg        100101e5 f   LIBCMT:invarg.obj
 0001:0000f1f4       __invoke_watson            100101f4 f   LIBCMT:invarg.obj
 0001:0000f31c       __invalid_parameter        1001031c f   LIBCMT:invarg.obj
 0001:0000f342       __invalid_parameter_noinfo 10010342 f   LIBCMT:invarg.obj
 0001:0000f352       ??3@YAXPAX@Z               10010352 f   LIBCMT:delete.obj
 0001:0000f35d       _memcpy_s                  1001035d f   LIBCMT:memcpy_s.obj
 0001:0000f3da       ??1type_info@@UAE@XZ       100103da f   LIBCMT:typinfo.obj
 0001:0000f3ea       ??_Etype_info@@UAEPAXI@Z   100103ea f i LIBCMT:typinfo.obj
 0001:0000f3ea       ??_Gtype_info@@UAEPAXI@Z   100103ea f i LIBCMT:typinfo.obj
 0001:0000f40b       ??8type_info@@QBE_NABV0@@Z 1001040b f   LIBCMT:typinfo.obj
 0001:0000f42b       ??0bad_alloc@std@@QAE@XZ   1001042b f i LIBCMT:new.obj
 0001:0000f446       ??2@YAPAXI@Z               10010446 f   LIBCMT:new.obj
 0001:0000f4ab       __CRT_INIT@12              100104ab f   LIBCMT:dllcrt0.obj
 0001:0000f6d6       __DllMainCRTStartup@12     100106d6 f   LIBCMT:dllcrt0.obj
 0001:0000f700       _strlen                    10010700 f   LIBCMT:strlen.obj
 0001:0000f78b       __CxxThrowException@8      1001078b f   LIBCMT:throw.obj
 0001:0000f7d7       ?_JumpToContinuation@@YGXPAXPAUEHRegistrationNode@@@Z 100107d7 f   LIBCMT:_trnsctrl_.obj
 0001:0000f809       ?_CallMemberFunction2@@YGXPAX00H@Z 10010809 f   LIBCMT:_trnsctrl_.obj
 0001:0000f809       ?_CallMemberFunction1@@YGXPAX00@Z 10010809 f   LIBCMT:_trnsctrl_.obj
 0001:0000f809       ?_CallMemberFunction0@@YGXPAX0@Z 10010809 f   LIBCMT:_trnsctrl_.obj
 0001:0000f810       ?_UnwindNestedFrames@@YGXPAUEHRegistrationNode@@PAUEHExceptionRecord@@@Z 10010810 f   LIBCMT:_trnsctrl_.obj
 0001:0000f864       ___CxxFrameHandler3        10010864 f   LIBCMT:_trnsctrl_.obj
 0001:0000f8cd       ?_CallSETranslator@@YAHPAUEHExceptionRecord@@PAUEHRegistrationNode@@PAX2PBU_s_FuncInfo@@H1@Z 100108cd f   LIBCMT:_trnsctrl_.obj
 0001:0000fa43       ?_GetRangeOfTrysToCheck@@YAPBU_s_TryBlockMapEntry@@PBU_s_FuncInfo@@HHPAI1@Z 10010a43 f   LIBCMT:_trnsctrl_.obj
 0001:0000fab8       __CreateFrameInfo          10010ab8 f   LIBCMT:_trnsctrl_.obj
 0001:0000fae4       __IsExceptionObjectToBeDestroyed 10010ae4 f   LIBCMT:_trnsctrl_.obj
 0001:0000fb0b       __FindAndUnlinkFrame       10010b0b f   LIBCMT:_trnsctrl_.obj
 0001:0000fb5d       ?_CallCatchBlock2@@YAPAXPAUEHRegistrationNode@@PBU_s_FuncInfo@@PAXHK@Z 10010b5d f   LIBCMT:_trnsctrl_.obj
 0001:0000fbbd       __EH_prolog3               10010bbd f   LIBCMT:ehprolg3.obj
 0001:0000fbf0       __EH_prolog3_catch         10010bf0 f   LIBCMT:ehprolg3.obj
 0001:0000fc26       __EH_epilog3               10010c26 f   LIBCMT:ehprolg3.obj
 0001:0000fc3a       ___report_gsfailure        10010c3a f   LIBCMT:gs_report.obj
 0001:0000fd40       _memmove                   10010d40 f   LIBCMT:memmove.obj
 0001:000100a5       __get_errno_from_oserr     100110a5 f   LIBCMT:dosmap.obj
 0001:000100e7       __errno                    100110e7 f   LIBCMT:dosmap.obj
 0001:000100fa       ___doserrno                100110fa f   LIBCMT:dosmap.obj
 0001:0001010d       __dosmaperr                1001110d f   LIBCMT:dosmap.obj
 0001:00010130       __flsbuf                   10011130 f   LIBCMT:_flsbuf.obj
 0001:0001033a       __output_l                 1001133a f   LIBCMT:output.obj
 0001:00010ed2       _strcpy_s                  10011ed2 f   LIBCMT:strcpy_s.obj
 0001:00010f3a       _V6_HeapAlloc              10011f3a f   LIBCMT:malloc.obj
 0001:00010f89       _malloc                    10011f89 f   LIBCMT:malloc.obj
 0001:00011053       __heap_init                10012053 f   LIBCMT:heapinit.obj
 0001:00011083       __heap_term                10012083 f   LIBCMT:heapinit.obj
 0001:000110f7       __mtinitlocks              100120f7 f   LIBCMT:mlock.obj
 0001:00011142       __mtdeletelocks            10012142 f   LIBCMT:mlock.obj
 0001:00011199       __unlock                   10012199 f   LIBCMT:mlock.obj
 0001:000111b0       __mtinitlocknum            100121b0 f   LIBCMT:mlock.obj
 0001:00011273       __lock                     10012273 f   LIBCMT:mlock.obj
 0001:000112a6       ___sbh_find_block          100122a6 f   LIBCMT:sbheap.obj
 0001:000112d6       ___sbh_free_block          100122d6 f   LIBCMT:sbheap.obj
 0001:000115ec       ___sbh_alloc_new_region    100125ec f   LIBCMT:sbheap.obj
 0001:0001169c       ___sbh_alloc_new_group     1001269c f   LIBCMT:sbheap.obj
 0001:000117a4       ___sbh_resize_block        100127a4 f   LIBCMT:sbheap.obj
 0001:00011a85       ___sbh_alloc_block         10012a85 f   LIBCMT:sbheap.obj
 0001:00011d6c       __SEH_prolog4              10012d6c f   LIBCMT:sehprolg4.obj
 0001:00011db1       __SEH_epilog4              10012db1 f   LIBCMT:sehprolg4.obj
 0001:00011dd0       __except_handler4          10012dd0 f   LIBCMT:chandler4.obj
 0001:00012182       ___updatetmbcinfo          10013182 f   LIBCMT:mbctype.obj
 0001:000122a2       __setmbcp_nolock           100132a2 f   LIBCMT:mbctype.obj
 0001:00012487       __setmbcp                  10013487 f   LIBCMT:mbctype.obj
 0001:00012621       ___initmbctable            10013621 f   LIBCMT:mbctype.obj
 0001:0001263f       ___freetlocinfo            1001363f f   LIBCMT:setlocal.obj
 0001:00012788       ___addlocaleref            10013788 f   LIBCMT:setlocal.obj
 0001:00012817       ___removelocaleref         10013817 f   LIBCMT:setlocal.obj
 0001:000128ee       ___updatetlocinfo          100138ee f   LIBCMT:setlocal.obj
 0001:00012964       __encode_pointer           10013964 f   LIBCMT:tidtable.obj
 0001:000129d6       __encoded_null             100139d6 f   LIBCMT:tidtable.obj
 0001:000129df       __decode_pointer           100139df f   LIBCMT:tidtable.obj
 0001:00012a51       ___crtTlsAlloc@4           10013a51 f   LIBCMT:tidtable.obj
 0001:00012a5a       ___set_flsgetvalue         10013a5a f   LIBCMT:tidtable.obj
 0001:00012a8e       __mtterm                   10013a8e f   LIBCMT:tidtable.obj
 0001:00012acb       __initptd                  10013acb f   LIBCMT:tidtable.obj
 0001:00012bb2       __getptd_noexit            10013bb2 f   LIBCMT:tidtable.obj
 0001:00012c2b       __getptd                   10013c2b f   LIBCMT:tidtable.obj
 0001:00012c45       __freefls@4                10013c45 f   LIBCMT:tidtable.obj
 0001:00012d74       __freeptd                  10013d74 f   LIBCMT:tidtable.obj
 0001:00012de2       __mtinit                   10013de2 f   LIBCMT:tidtable.obj
 0001:00012f6f       __freea                    10013f6f f i LIBCMT:a_map.obj
 0001:00013334       ___crtLCMapStringA         10014334 f   LIBCMT:a_map.obj
 0001:00013379       __isleadbyte_l             10014379 f i LIBCMT:_wctype.obj
 0001:000133b1       _isleadbyte                100143b1 f i LIBCMT:_wctype.obj
 0001:000133c4       __isctype_l                100143c4 f   LIBCMT:isctype.obj
 0001:0001347c       __crt_debugger_hook        1001447c f   LIBCMT:dbghook.obj
 0001:00013490       _memset                    10014490 f   LIBCMT:memset.obj
 0001:00013510       _memcpy                    10014510 f   LIBCMT:memcpy.obj
 0001:00013875       ?_Type_info_dtor@type_info@@CAXPAV1@@Z 10014875 f   LIBCMT:typname.obj
 0001:000138f0       _strcmp                    100148f0 f   LIBCMT:strcmp.obj
 0001:00013a32       ___onexitinit              10014a32 f   LIBCMT:onexit.obj
 0001:00013a63       __onexit                   10014a63 f   LIBCMT:onexit.obj
 0001:00013a9f       _atexit                    10014a9f f   LIBCMT:onexit.obj
 0001:00013ab6       __initp_heap_handler       10014ab6 f   LIBCMT:handler.obj
 0001:00013ac5       __callnewh                 10014ac5 f   LIBCMT:handler.obj
 0001:00013aed       __malloc_crt               10014aed f   LIBCMT:crtheap.obj
 0001:00013b32       __calloc_crt               10014b32 f   LIBCMT:crtheap.obj
 0001:00013b7e       __realloc_crt              10014b7e f   LIBCMT:crtheap.obj
 0001:00013bcc       __crt_waiting_on_module_handle 10014bcc f   LIBCMT:crt0dat.obj
 0001:00013bfc       __amsg_exit                10014bfc f   LIBCMT:crt0dat.obj
 0001:00013c25       ___crtCorExitProcess       10014c25 f   LIBCMT:crt0dat.obj
 0001:00013c50       ___crtExitProcess          10014c50 f   LIBCMT:crt0dat.obj
 0001:00013c68       __lockexit                 10014c68 f   LIBCMT:crt0dat.obj
 0001:00013c71       __unlockexit               10014c71 f   LIBCMT:crt0dat.obj
 0001:00013c97       __initterm_e               10014c97 f   LIBCMT:crt0dat.obj
 0001:00013cbb       __cinit                    10014cbb f   LIBCMT:crt0dat.obj
 0001:00013e6c       __exit                     10014e6c f   LIBCMT:crt0dat.obj
 0001:00013e82       __cexit                    10014e82 f   LIBCMT:crt0dat.obj
 0001:00013e91       __init_pointers            10014e91 f   LIBCMT:crt0dat.obj
 0001:00013edf       __ioinit                   10014edf f   LIBCMT:ioinit.obj
 0001:00014133       __ioterm                   10015133 f   LIBCMT:ioinit.obj
 0001:00014181       __setenvp                  10015181 f   LIBCMT:stdenvp.obj
 0001:000143f9       __setargv                  100153f9 f   LIBCMT:stdargv.obj
 0001:000144b4       ___crtGetEnvironmentStringsA 100154b4 f   LIBCMT:a_env.obj
 0001:000145eb       __RTC_Initialize           100155eb f   LIBCMT:_initsect_.obj
 0001:00014611       __RTC_Terminate            10015611 f   LIBCMT:_initsect_.obj
 0001:00014637       __XcptFilter               10015637 f   LIBCMT:winxfltr.obj
 0001:00014797       ___CppXcptFilter           10015797 f   LIBCMT:winxfltr.obj
 0001:000147b7       ___security_init_cookie    100157b7 f   LIBCMT:gs_support.obj
 0001:0001484d       ??0bad_exception@std@@QAE@PBD@Z 1001584d f i LIBCMT:frame.obj
 0001:0001486b       ??1bad_exception@std@@UAE@XZ 1001586b f i LIBCMT:frame.obj
 0001:00014876       ??_Ebad_exception@std@@UAEPAXI@Z 10015876 f i LIBCMT:frame.obj
 0001:00014876       ??_Gbad_exception@std@@UAEPAXI@Z 10015876 f i LIBCMT:frame.obj
 0001:0001489d       ___TypeMatch               1001589d f   LIBCMT:frame.obj
 0001:000148fc       ___FrameUnwindFilter       100158fc f   LIBCMT:frame.obj
 0001:00014945       ___FrameUnwindToState      10015945 f   LIBCMT:frame.obj
 0001:00014a6b       ___DestructExceptionObject 10015a6b f   LIBCMT:frame.obj
 0001:00014ac0       ___AdjustPointer           10015ac0 f   LIBCMT:frame.obj
 0001:00014d49       ___BuildCatchObjectHelper  10015d49 f   LIBCMT:frame.obj
 0001:00014ec8       ___BuildCatchObject        10015ec8 f   LIBCMT:frame.obj
 0001:00015403       ??0bad_exception@std@@QAE@ABV01@@Z 10016403 f i LIBCMT:frame.obj
 0001:00015420       ___InternalCxxFrameHandler 10016420 f   LIBCMT:frame.obj
 0001:00015506       ?terminate@@YAXXZ          10016506 f   LIBCMT:hooks.obj
 0001:0001553f       ?unexpected@@YAXXZ         1001653f f   LIBCMT:hooks.obj
 0001:00015552       ?_inconsistency@@YAXXZ     10016552 f   LIBCMT:hooks.obj
 0001:0001558a       __initp_eh_hooks           1001658a f   LIBCMT:hooks.obj
 0001:000155a0       __CallSettingFrame@12      100165a0 f   LIBCMT:lowhelpr.obj
 0001:000155c7       __NLG_Return               100165c7     LIBCMT:lowhelpr.obj
 0001:00015673       __VEC_memcpy               10016673 f   LIBCMT:p4_memcpy.obj
 0001:000157a6       __get_sse2_info            100167a6 f   LIBCMT:cpu_disp.obj
 0001:00015808       ___sse2_available_init     10016808 f   LIBCMT:cpu_disp.obj
 0001:00015815       __lseeki64_nolock          10016815 f   LIBCMT:lseeki64.obj
 0001:0001589a       __lseeki64                 1001689a f   LIBCMT:lseeki64.obj
 0001:000159b3       __write_nolock             100169b3 f   LIBCMT:write.obj
 0001:000160e6       __write                    100170e6 f   LIBCMT:write.obj
 0001:000161c2       __getbuf                   100171c2 f   LIBCMT:_getbuf.obj
 0001:0001620b       __isatty                   1001720b f   LIBCMT:isatty.obj
 0001:0001626f       ___iob_func                1001726f f   LIBCMT:_file.obj
 0001:00016275       ___initstdio               10017275 f   LIBCMT:_file.obj
 0001:00016326       ___endstdio                10017326 f   LIBCMT:_file.obj
 0001:00016346       __lock_file                10017346 f   LIBCMT:_file.obj
 0001:00016387       __lock_file2               10017387 f   LIBCMT:_file.obj
 0001:000163b9       __unlock_file              100173b9 f   LIBCMT:_file.obj
 0001:000163f5       __unlock_file2             100173f5 f   LIBCMT:_file.obj
 0001:00016424       __fileno                   10017424 f   LIBCMT:fileno.obj
 0001:00016456       __initp_misc_cfltcvt_tab   10017456 f   LIBCMT:cmiscdat.obj
 0001:00016477       __get_printf_count_output  10017477 f   LIBCMT:printf.obj
 0001:0001648d       __wctomb_s_l               1001748d f   LIBCMT:wctomb.obj
 0001:000165f9       _wctomb_s                  100175f9 f   LIBCMT:wctomb.obj
 0001:00016620       __aulldvrm                 10017620 f   LIBCMT:ulldvrm.obj
 0001:000166b5       __NMSG_WRITE               100176b5 f   LIBCMT:crt0msg.obj
 0001:00016860       __FF_MSGBANNER             10017860 f   LIBCMT:crt0msg.obj
 0001:00016899       __initp_misc_initcrit      10017899 f   LIBCMT:initcrit.obj
 0001:000168a8       ___crtInitCritSecAndSpinCount 100178a8 f   LIBCMT:initcrit.obj
 0001:00016908       __local_unwind4            10017908 f   LIBCMT:exsup4.obj
 0001:000169de       __seh_longjmp_unwind4@4    100179de f   LIBCMT:exsup4.obj
 0001:000169fa       @_EH4_CallFilterFunc@8     100179fa f   LIBCMT:exsup4.obj
 0001:00016a11       @_EH4_TransferToHandler@8  10017a11 f   LIBCMT:exsup4.obj
 0001:00016a2a       @_EH4_GlobalUnwind@4       10017a2a f   LIBCMT:exsup4.obj
 0001:00016a44       @_EH4_LocalUnwind@16       10017a44 f   LIBCMT:exsup4.obj
 0001:00016a60       __ValidateImageBase        10017a60 f   LIBCMT:pesect.obj
 0001:00016aa0       __FindPESection            10017aa0 f   LIBCMT:pesect.obj
 0001:00016af0       __IsNonwritableInCurrentImage 10017af0 f   LIBCMT:pesect.obj
 0001:00016d67       ___crtGetStringTypeA       10017d67 f   LIBCMT:a_str.obj
 0001:00016da9       ___free_lc_time            10017da9 f   LIBCMT:inittime.obj
 0001:00016f3e       ___free_lconv_num          10017f3e f   LIBCMT:initnum.obj
 0001:00016f83       ___free_lconv_mon          10017f83 f   LIBCMT:initmon.obj
 0001:00017011       _strcat_s                  10018011 f   LIBCMT:strcat_s.obj
 0001:00017090       _strcspn                   10018090 f   LIBCMT:strcspn.obj
 0001:000170d6       _strncpy_s                 100180d6 f   LIBCMT:strncpy_s.obj
 0001:00017190       _strpbrk                   10018190 f   LIBCMT:strpbrk.obj
 0001:000171d0       ___ansicp                  100181d0 f   LIBCMT:convrtcp.obj
 0001:00017219       ___convertcp               10018219 f   LIBCMT:convrtcp.obj
 0001:000173d0       __alloca_probe_16          100183d0 f   LIBCMT:alloca16.obj
 0001:000173e6       __alloca_probe_8           100183e6     LIBCMT:alloca16.obj
 0001:00017453       __VEC_memzero              10018453 f   LIBCMT:p4_memset.obj
 0001:000174e2       __msize                    100184e2 f   LIBCMT:msize.obj
 0001:00017585       __calloc_impl              10018585 f   LIBCMT:calloc_impl.obj
 0001:000176a3       _realloc                   100186a3 f   LIBCMT:realloc.obj
 0001:000178be       __initp_misc_winsig        100188be f   LIBCMT:winsig.obj
 0001:00017913       ___get_sigabrt             10018913 f   LIBCMT:winsig.obj
 0001:00017920       _raise                     10018920 f   LIBCMT:winsig.obj
 0001:00017ad0       __initp_misc_rand_s        10018ad0 f   LIBCMT:rand_s.obj
 0001:00017adf       __initp_misc_purevirt      10018adf f   LIBCMT:inithelp.obj
 0001:00017b41       __ismbblead                10018b41 f   LIBCMT:ismbbyte.obj
 0001:00017b59       ?_ValidateRead@@YAHPBXI@Z  10018b59 f   LIBCMT:validate.obj
 0001:00017b59       ?_ValidateWrite@@YAHPAXI@Z 10018b59 f   LIBCMT:validate.obj
 0001:00017b59       ?_ValidateExecute@@YAHP6GHXZ@Z 10018b59 f   LIBCMT:validate.obj
 0001:00017b6b       _abort                     10018b6b f   LIBCMT:abort.obj
 0001:00017c84       __global_unwind2           10018c84 f   LIBCMT:exsup.obj
 0001:00017ce9       __local_unwind2            10018ce9 f   LIBCMT:exsup.obj
 0001:00017d6d       __abnormal_termination     10018d6d f   LIBCMT:exsup.obj
 0001:00017d90       __NLG_Notify1              10018d90 f   LIBCMT:exsup.obj
 0001:00017d99       __NLG_Notify               10018d99 f   LIBCMT:exsup.obj
 0001:00017db0       __NLG_Dispatch2            10018db0     LIBCMT:exsup.obj
 0001:00017db0       __NLG_Dispatch             10018db0     LIBCMT:exsup.obj
 0001:00017db8       __NLG_Call                 10018db8 f   LIBCMT:exsup.obj
 0001:00017dba       __NLG_Return2              10018dba     LIBCMT:exsup.obj
 0001:00017dbb       __free_osfhnd              10018dbb f   LIBCMT:osfinfo.obj
 0001:00017e41       __get_osfhandle            10018e41 f   LIBCMT:osfinfo.obj
 0001:00017eb8       ___lock_fhandle            10018eb8 f   LIBCMT:osfinfo.obj
 0001:00017f58       __unlock_fhandle           10018f58 f   LIBCMT:osfinfo.obj
 0001:00017f7f       __putwch_nolock            10018f7f f   LIBCMT:putwch.obj
 0001:00018044       __mbtowc_l                 10019044 f   LIBCMT:mbtowc.obj
 0001:0001815b       _mbtowc                    1001915b f   LIBCMT:mbtowc.obj
 0001:00018180       __alloca_probe             10019180     LIBCMT:chkstk.obj
 0001:00018180       __chkstk                   10019180 f   LIBCMT:chkstk.obj
 0001:000181ab       __fcloseall                100191ab f   LIBCMT:closeall.obj
 0001:0001824a       __flush                    1001924a f   LIBCMT:fflush.obj
 0001:000182b2       __fflush_nolock            100192b2 f   LIBCMT:fflush.obj
 0001:000183d4       __flushall                 100193d4 f   LIBCMT:fflush.obj
 0001:000183dd       __fptrap                   100193dd f   LIBCMT:crt0fp.obj
 0001:00018615       _strtol                    10019615 f   LIBCMT:strtol.obj
 0001:00018640       ___crtMessageBoxA          10019640 f   LIBCMT:crtmbox.obj
 0001:000187a9       __set_error_mode           100197a9 f   LIBCMT:errmode.obj
 0001:000187f4       _atol                      100197f4 f   LIBCMT:atox.obj
 0001:00018810       __allmul                   10019810 f   LIBCMT:llmul.obj
 0001:00018844       __isdigit_l                10019844 f i LIBCMT:_ctype.obj
 0001:00018895       _isdigit                   10019895 f i LIBCMT:_ctype.obj
 0001:000188c3       ___initconout              100198c3 f   LIBCMT:initcon.obj
 0001:000188e2       ___termcon                 100198e2 f   LIBCMT:initcon.obj
 0001:0001890f       __fclose_nolock            1001990f f   LIBCMT:fclose.obj
 0001:00018986       _fclose                    10019986 f   LIBCMT:fclose.obj
 0001:00018a02       __commit                   10019a02 f   LIBCMT:commit.obj
 0001:00018af0       ___ascii_strnicmp          10019af0 f   LIBCMT:_strnicm.obj
 0001:00018b51       __close_nolock             10019b51 f   LIBCMT:close.obj
 0001:00018bed       __close                    10019bed f   LIBCMT:close.obj
 0001:00018cba       __freebuf                  10019cba f   LIBCMT:_freebuf.obj
 0001:00018d00       _strchr                    10019d00 f   LIBCMT:strchr.obj
 0001:00018d06       ___from_strstr_to_strchr   10019d06     LIBCMT:strchr.obj
 0001:00018dbe       _RtlUnwind@16              10019dbe f   kernel32:KERNEL32.dll
 0001:00018dc4       __fpclear                  10019dc4 f   LIBCMT:_fpinit_.obj
 0001:00018dc4       __initp_misc_winxfltr      10019dc4 f   LIBCMT:winxfltr.obj
 0001:00018dc5       __cfltcvt_init             10019dc5 f   LIBCMT:_fpinit_.obj
 0001:00018e25       __fpmath                   10019e25 f   LIBCMT:_fpinit_.obj
 0001:00018e50       __ftol2_sse                10019e50 f   LIBCMT:ftol2.obj
 0001:00018e59       __ftol2_pentium4           10019e59 f   LIBCMT:ftol2.obj
 0001:00018e6c       __ftol2_sse_excpt          10019e6c f   LIBCMT:ftol2.obj
 0001:00018e86       __ftol2                    10019e86 f   LIBCMT:ftol2.obj
 0001:00018efb       __forcdecpt_l              10019efb f   LIBCMT:cvt.obj
 0001:00018f6e       __cropzeros_l              10019f6e f   LIBCMT:cvt.obj
 0001:00018ff0       __positive                 10019ff0 f   LIBCMT:cvt.obj
 0001:0001900c       __fassign_l                1001a00c f   LIBCMT:cvt.obj
 0001:0001904e       __fassign                  1001a04e f   LIBCMT:cvt.obj
 0001:00019087       __forcdecpt                1001a087 f   LIBCMT:cvt.obj
 0001:0001909a       __cropzeros                1001a09a f   LIBCMT:cvt.obj
 0001:0001921c       __cftoe_l                  1001a21c f   LIBCMT:cvt.obj
 0001:000192ec       __cftoe                    1001a2ec f   LIBCMT:cvt.obj
 0001:0001930c       __cftoa_l                  1001a30c f   LIBCMT:cvt.obj
 0001:00019776       __cftof_l                  1001a776 f   LIBCMT:cvt.obj
 0001:00019831       __cftog_l                  1001a831 f   LIBCMT:cvt.obj
 0001:0001992b       __cfltcvt_l                1001a92b f   LIBCMT:cvt.obj
 0001:000199b3       __cfltcvt                  1001a9b3 f   LIBCMT:cvt.obj
 0001:000199d6       __setdefaultprecision      1001a9d6 f   LIBCMT:fp8.obj
 0001:00019a01       __ms_p5_test_fdiv          1001aa01 f   LIBCMT:_testfdiv_.obj
 0001:00019a3f       __ms_p5_mp_test_fdiv       1001aa3f f   LIBCMT:_testfdiv_.obj
 0001:00019a70       _strrchr                   1001aa70 f   LIBCMT:strrchr.obj
 0001:00019a9d       __atodbl_l                 1001aa9d f   LIBCMT:atodbl.obj
 0001:00019b45       __atoflt_l                 1001ab45 f   LIBCMT:atodbl.obj
 0001:00019bed       __fptostr                  1001abed f   LIBCMT:_fptostr.obj
 0001:00019cac       ___dtold                   1001acac f   LIBCMT:_cfout_.obj
 0001:00019d69       __fltout2                  1001ad69 f   LIBCMT:_cfout_.obj
 0001:00019e00       __alldvrm                  1001ae00 f   LIBCMT:lldvrm.obj
 0001:00019ee0       __aullshr                  1001aee0 f   LIBCMT:ullshr.obj
 0001:00019eff       __controlfp_s              1001aeff f   LIBCMT:_contrlfp_.obj
 0001:00019f6b       __ld12tod                  1001af6b f   LIBCMT:_intrncvt_.obj
 0001:0001a4af       __ld12tof                  1001b4af f   LIBCMT:_intrncvt_.obj
 0001:0001a9f3       ___strgtold12_l            1001b9f3 f   LIBCMT:_strgtold_.obj
 0001:0001b0eb       _$I10_OUTPUT               1001c0eb f   LIBCMT:_x10fout_.obj
 0001:0001bb3d       __control87                1001cb3d f i LIBCMT:_ieee87_.obj
 0001:0001be4c       ___mtold12                 1001ce4c f   LIBCMT:_mantold_.obj
 0001:0001c01a       ___set_fpsr_sse2           1001d01a f   LIBCMT:_fpctrl_.obj
 0002:00000000       __imp__GetProcAddress@8    1001e000     kernel32:KERNEL32.dll
 0002:00000004       __imp__LoadLibraryA@4      1001e004     kernel32:KERNEL32.dll
 0002:00000008       __imp__CreateFileA@28      1001e008     kernel32:KERNEL32.dll
 0002:0000000c       __imp__SetFilePointer@16   1001e00c     kernel32:KERNEL32.dll
 0002:00000010       __imp__CloseHandle@4       1001e010     kernel32:KERNEL32.dll
 0002:00000014       __imp__GetLastError@0      1001e014     kernel32:KERNEL32.dll
 0002:00000018       __imp__HeapFree@12         1001e018     kernel32:KERNEL32.dll
 0002:0000001c       __imp__TerminateProcess@8  1001e01c     kernel32:KERNEL32.dll
 0002:00000020       __imp__GetCurrentProcess@0 1001e020     kernel32:KERNEL32.dll
 0002:00000024       __imp__UnhandledExceptionFilter@4 1001e024     kernel32:KERNEL32.dll
 0002:00000028       __imp__SetUnhandledExceptionFilter@4 1001e028     kernel32:KERNEL32.dll
 0002:0000002c       __imp__IsDebuggerPresent@0 1001e02c     kernel32:KERNEL32.dll
 0002:00000030       __imp__GetCurrentThreadId@0 1001e030     kernel32:KERNEL32.dll
 0002:00000034       __imp__GetCommandLineA@0   1001e034     kernel32:KERNEL32.dll
 0002:00000038       __imp__RaiseException@16   1001e038     kernel32:KERNEL32.dll
 0002:0000003c       __imp__RtlUnwind@16        1001e03c     kernel32:KERNEL32.dll
 0002:00000040       __imp__HeapAlloc@12        1001e040     kernel32:KERNEL32.dll
 0002:00000044       __imp__HeapCreate@12       1001e044     kernel32:KERNEL32.dll
 0002:00000048       __imp__HeapDestroy@4       1001e048     kernel32:KERNEL32.dll
 0002:0000004c       __imp__VirtualFree@12      1001e04c     kernel32:KERNEL32.dll
 0002:00000050       __imp__DeleteCriticalSection@4 1001e050     kernel32:KERNEL32.dll
 0002:00000054       __imp__LeaveCriticalSection@4 1001e054     kernel32:KERNEL32.dll
 0002:00000058       __imp__EnterCriticalSection@4 1001e058     kernel32:KERNEL32.dll
 0002:0000005c       __imp__VirtualAlloc@16     1001e05c     kernel32:KERNEL32.dll
 0002:00000060       __imp__HeapReAlloc@16      1001e060     kernel32:KERNEL32.dll
 0002:00000064       __imp__GetCPInfo@8         1001e064     kernel32:KERNEL32.dll
 0002:00000068       __imp__InterlockedIncrement@4 1001e068     kernel32:KERNEL32.dll
 0002:0000006c       __imp__InterlockedDecrement@4 1001e06c     kernel32:KERNEL32.dll
 0002:00000070       __imp__GetACP@0            1001e070     kernel32:KERNEL32.dll
 0002:00000074       __imp__GetOEMCP@0          1001e074     kernel32:KERNEL32.dll
 0002:00000078       __imp__IsValidCodePage@4   1001e078     kernel32:KERNEL32.dll
 0002:0000007c       __imp__GetModuleHandleW@4  1001e07c     kernel32:KERNEL32.dll
 0002:00000080       __imp__TlsGetValue@4       1001e080     kernel32:KERNEL32.dll
 0002:00000084       __imp__TlsAlloc@0          1001e084     kernel32:KERNEL32.dll
 0002:00000088       __imp__TlsSetValue@8       1001e088     kernel32:KERNEL32.dll
 0002:0000008c       __imp__TlsFree@4           1001e08c     kernel32:KERNEL32.dll
 0002:00000090       __imp__SetLastError@4      1001e090     kernel32:KERNEL32.dll
 0002:00000094       __imp__LCMapStringA@24     1001e094     kernel32:KERNEL32.dll
 0002:00000098       __imp__WideCharToMultiByte@32 1001e098     kernel32:KERNEL32.dll
 0002:0000009c       __imp__MultiByteToWideChar@24 1001e09c     kernel32:KERNEL32.dll
 0002:000000a0       __imp__LCMapStringW@24     1001e0a0     kernel32:KERNEL32.dll
 0002:000000a4       __imp__Sleep@4             1001e0a4     kernel32:KERNEL32.dll
 0002:000000a8       __imp__ExitProcess@4       1001e0a8     kernel32:KERNEL32.dll
 0002:000000ac       __imp__SetHandleCount@4    1001e0ac     kernel32:KERNEL32.dll
 0002:000000b0       __imp__GetStdHandle@4      1001e0b0     kernel32:KERNEL32.dll
 0002:000000b4       __imp__GetFileType@4       1001e0b4     kernel32:KERNEL32.dll
 0002:000000b8       __imp__GetStartupInfoA@4   1001e0b8     kernel32:KERNEL32.dll
 0002:000000bc       __imp__GetModuleFileNameA@12 1001e0bc     kernel32:KERNEL32.dll
 0002:000000c0       __imp__FreeEnvironmentStringsA@4 1001e0c0     kernel32:KERNEL32.dll
 0002:000000c4       __imp__GetEnvironmentStrings@0 1001e0c4     kernel32:KERNEL32.dll
 0002:000000c8       __imp__FreeEnvironmentStringsW@4 1001e0c8     kernel32:KERNEL32.dll
 0002:000000cc       __imp__GetEnvironmentStringsW@0 1001e0cc     kernel32:KERNEL32.dll
 0002:000000d0       __imp__QueryPerformanceCounter@4 1001e0d0     kernel32:KERNEL32.dll
 0002:000000d4       __imp__GetTickCount@0      1001e0d4     kernel32:KERNEL32.dll
 0002:000000d8       __imp__GetCurrentProcessId@0 1001e0d8     kernel32:KERNEL32.dll
 0002:000000dc       __imp__GetSystemTimeAsFileTime@4 1001e0dc     kernel32:KERNEL32.dll
 0002:000000e0       __imp__WriteFile@20        1001e0e0     kernel32:KERNEL32.dll
 0002:000000e4       __imp__GetConsoleCP@0      1001e0e4     kernel32:KERNEL32.dll
 0002:000000e8       __imp__GetConsoleMode@8    1001e0e8     kernel32:KERNEL32.dll
 0002:000000ec       __imp__InitializeCriticalSectionAndSpinCount@8 1001e0ec     kernel32:KERNEL32.dll
 0002:000000f0       __imp__GetStringTypeA@20   1001e0f0     kernel32:KERNEL32.dll
 0002:000000f4       __imp__GetStringTypeW@16   1001e0f4     kernel32:KERNEL32.dll
 0002:000000f8       __imp__GetLocaleInfoA@16   1001e0f8     kernel32:KERNEL32.dll
 0002:000000fc       __imp__HeapSize@12         1001e0fc     kernel32:KERNEL32.dll
 0002:00000100       __imp__SetStdHandle@8      1001e100     kernel32:KERNEL32.dll
 0002:00000104       __imp__WriteConsoleA@20    1001e104     kernel32:KERNEL32.dll
 0002:00000108       __imp__GetConsoleOutputCP@0 1001e108     kernel32:KERNEL32.dll
 0002:0000010c       __imp__WriteConsoleW@20    1001e10c     kernel32:KERNEL32.dll
 0002:00000110       __imp__FlushFileBuffers@4  1001e110     kernel32:KERNEL32.dll
 0002:00000114       __imp__GetModuleHandleA@4  1001e114     kernel32:KERNEL32.dll
 0002:00000118       \177KERNEL32_NULL_THUNK_DATA 1001e118     kernel32:KERNEL32.dll
 0002:0000011c       __imp__GetKeyState@4       1001e11c     user32:USER32.dll
 0002:00000120       \177USER32_NULL_THUNK_DATA 1001e120     user32:USER32.dll
 0002:00000124       ___xc_a                    1001e124     LIBCMT:crt0init.obj
 0002:00000128       ___xc_z                    1001e128     LIBCMT:crt0init.obj
 0002:0000012c       ___xi_a                    1001e12c     LIBCMT:crt0init.obj
 0002:00000140       ___xi_z                    1001e140     LIBCMT:crt0init.obj
 0002:00000144       ___xp_a                    1001e144     LIBCMT:crt0init.obj
 0002:00000150       ___xp_z                    1001e150     LIBCMT:crt0init.obj
 0002:00000154       ___xt_a                    1001e154     LIBCMT:crt0init.obj
 0002:00000158       ___xt_z                    1001e158     LIBCMT:crt0init.obj
 0002:00000180       ??_7bad_alloc@std@@6B@     1001e180     libcpmt:string.obj
 0002:0000018c       ??_7logic_error@std@@6B@   1001e18c     libcpmt:string.obj
 0002:00000198       ??_7length_error@std@@6B@  1001e198     libcpmt:string.obj
 0002:000001a4       ??_7out_of_range@std@@6B@  1001e1a4     libcpmt:string.obj
 0002:000001ac       ??_C@_0BA@JFNIOLAK@string?5too?5long?$AA@ 1001e1ac     libcpmt:string.obj
 0002:000001bc       ??_C@_0BI@CFPLBAOH@invalid?5string?5position?$AA@ 1001e1bc     libcpmt:string.obj
 0002:000001d8       ??_7exception@std@@6B@     1001e1d8     LIBCMT:stdexcpt.obj
 0002:000001e0       ??_C@_0BC@EOODALEL@Unknown?5exception?$AA@ 1001e1e0     LIBCMT:stdexcpt.obj
 0002:000001f8       ??_7type_info@@6B@         1001e1f8     LIBCMT:typinfo.obj
 0002:000001fc       __pRawDllMain              1001e1fc     LIBCMT:dllcrt0.obj
 0002:000001fc       __pDefaultRawDllMain       1001e1fc     LIBCMT:dllcrt0.obj
 0002:00000228       ??_C@_1O@CEDCILHN@?$AA?$CI?$AAn?$AAu?$AAl?$AAl?$AA?$CJ?$AA?$AA@ 1001e228     LIBCMT:output.obj
 0002:00000238       ??_C@_06OJHGLDPL@?$CInull?$CJ?$AA@ 1001e238     LIBCMT:output.obj
 0002:00000240       ___lookuptable             1001e240     LIBCMT:output.obj
 0002:00000320       ??_C@_01NEMOKFLO@?$DN?$AA@ 1001e320     LIBCMT:setlocal.obj
 0002:00000324       ??_C@_0O@NLDKAIKN@EncodePointer?$AA@ 1001e324     LIBCMT:tidtable.obj
 0002:00000334       ??_C@_1BK@DBDEIDLH@?$AAK?$AAE?$AAR?$AAN?$AAE?$AAL?$AA3?$AA2?$AA?4?$AAD?$AAL?$AAL?$AA?$AA@ 1001e334     LIBCMT:tidtable.obj
 0002:00000350       ??_C@_0O@KBPMFGHI@DecodePointer?$AA@ 1001e350     LIBCMT:tidtable.obj
 0002:00000360       ??_C@_07PEJMOBNF@FlsFree?$AA@ 1001e360     LIBCMT:tidtable.obj
 0002:00000368       ??_C@_0M@JCPCPOEF@FlsSetValue?$AA@ 1001e368     LIBCMT:tidtable.obj
 0002:00000374       ??_C@_0M@GDNOONDI@FlsGetValue?$AA@ 1001e374     LIBCMT:tidtable.obj
 0002:00000380       ??_C@_08KNHFBNJ@FlsAlloc?$AA@ 1001e380     LIBCMT:tidtable.obj
 0002:0000038c       ??_C@_13NOLLCAOD@?$AA?$AA?$AA?$AA@ 1001e38c     LIBCMT:a_map.obj
 0002:00000390       ??_C@_0P@MIGLKIOC@CorExitProcess?$AA@ 1001e390     LIBCMT:crt0dat.obj
 0002:000003a0       ??_C@_1BI@BGOHAHKC@?$AAm?$AAs?$AAc?$AAo?$AAr?$AAe?$AAe?$AA?4?$AAd?$AAl?$AAl?$AA?$AA@ 1001e3a0     LIBCMT:crt0dat.obj
 0002:000003b8       __XcptActTab               1001e3b8     LIBCMT:winxfltr.obj
 0002:00000430       __pDestructExceptionObject 1001e430     LIBCMT:frame.obj
 0002:00000438       ??_7bad_exception@std@@6B@ 1001e438     LIBCMT:frame.obj
 0002:00000440       ??_C@_0O@DPKOEFFH@bad?5exception?$AA@ 1001e440     LIBCMT:frame.obj
 0002:00000450       ___lookuptable_s           1001e450     LIBCMT:outputs.obj
 0002:000004ac       ??_C@_0P@GGKDKEEG@runtime?5error?5?$AA@ 1001e4ac     LIBCMT:crt0msg.obj
 0002:000004bc       ??_C@_02PCIJFNDE@?$AN?6?$AA@ 1001e4bc     LIBCMT:crt0msg.obj
 0002:000004c0       ??_C@_0O@MJNIPGOH@TLOSS?5error?$AN?6?$AA@ 1001e4c0     LIBCMT:crt0msg.obj
 0002:000004d0       ??_C@_0N@BONNPDHF@SING?5error?$AN?6?$AA@ 1001e4d0     LIBCMT:crt0msg.obj
 0002:000004e0       ??_C@_0P@MBDAJNE@DOMAIN?5error?$AN?6?$AA@ 1001e4e0     LIBCMT:crt0msg.obj
 0002:000004f0       ??_C@_0JL@DFDOOABL@R6034?$AN?6An?5application?5has?5made?5a@ 1001e4f0     LIBCMT:crt0msg.obj
 0002:00000590       ??_C@_0PH@EPAFIJ@R6033?$AN?6?9?5Attempt?5to?5use?5MSIL?5cod@ 1001e590     LIBCMT:crt0msg.obj
 0002:00000688       ??_C@_0DD@BKEEABMM@R6032?$AN?6?9?5not?5enough?5space?5for?5lo@ 1001e688     LIBCMT:crt0msg.obj
 0002:000006c0       ??_C@_0GD@OFKILIED@R6031?$AN?6?9?5Attempt?5to?5initialize?5t@ 1001e6c0     LIBCMT:crt0msg.obj
 0002:00000724       ??_C@_0BP@LPMHJOKI@R6030?$AN?6?9?5CRT?5not?5initialized?$AN?6?$AA@ 1001e724     LIBCMT:crt0msg.obj
 0002:00000744       ??_C@_0CF@KJDAIALP@R6028?$AN?6?9?5unable?5to?5initialize?5he@ 1001e744     LIBCMT:crt0msg.obj
 0002:0000076c       ??_C@_0DF@GAKBPDFP@R6027?$AN?6?9?5not?5enough?5space?5for?5lo@ 1001e76c     LIBCMT:crt0msg.obj
 0002:000007a4       ??_C@_0DF@IBLNNAIG@R6026?$AN?6?9?5not?5enough?5space?5for?5st@ 1001e7a4     LIBCMT:crt0msg.obj
 0002:000007dc       ??_C@_0CG@IOHKGFNJ@R6025?$AN?6?9?5pure?5virtual?5function?5c@ 1001e7dc     LIBCMT:crt0msg.obj
 0002:00000804       ??_C@_0DF@JIJJFJDC@R6024?$AN?6?9?5not?5enough?5space?5for?5_o@ 1001e804     LIBCMT:crt0msg.obj
 0002:0000083c       ??_C@_0CJ@EGEJHFME@R6019?$AN?6?9?5unable?5to?5open?5console?5@ 1001e83c     LIBCMT:crt0msg.obj
 0002:00000868       ??_C@_0CB@GNHNIELH@R6018?$AN?6?9?5unexpected?5heap?5error?$AN?6@ 1001e868     LIBCMT:crt0msg.obj
 0002:0000088c       ??_C@_0CN@FOLDKNG@R6017?$AN?6?9?5unexpected?5multithread?5@ 1001e88c     LIBCMT:crt0msg.obj
 0002:000008bc       ??_C@_0CM@FAHFJNHO@R6016?$AN?6?9?5not?5enough?5space?5for?5th@ 1001e8bc     LIBCMT:crt0msg.obj
 0002:000008e8       ??_C@_0JG@LBKMGKLD@?$AN?6This?5application?5has?5requested@ 1001e8e8     LIBCMT:crt0msg.obj
 0002:00000980       ??_C@_0CM@FLCNIPKK@R6009?$AN?6?9?5not?5enough?5space?5for?5en@ 1001e980     LIBCMT:crt0msg.obj
 0002:000009ac       ??_C@_0CK@KMMJOAPP@R6008?$AN?6?9?5not?5enough?5space?5for?5ar@ 1001e9ac     LIBCMT:crt0msg.obj
 0002:000009d8       ??_C@_0CN@LEKKICBM@R6002?$AN?6?9?5floating?5point?5support?5@ 1001e9d8     LIBCMT:crt0msg.obj
 0002:00000a08       ??_C@_0CF@GOGNBNAK@Microsoft?5Visual?5C?$CL?$CL?5Runtime?5Lib@ 1001ea08     LIBCMT:crt0msg.obj
 0002:00000a30       ??_C@_02PHMGELLB@?6?6?$AA@ 1001ea30     LIBCMT:crt0msg.obj
 0002:00000a34       ??_C@_03KHICJKCI@?4?4?4?$AA@ 1001ea34     LIBCMT:crt0msg.obj
 0002:00000a38       ??_C@_0BH@DNAGHKFM@?$DMprogram?5name?5unknown?$DO?$AA@ 1001ea38     LIBCMT:crt0msg.obj
 0002:00000a50       ??_C@_0BK@OFGJDLJJ@Runtime?5Error?$CB?6?6Program?3?5?$AA@ 1001ea50     LIBCMT:crt0msg.obj
 0002:00000a70       ___newctype                1001ea70     LIBCMT:ctype.obj
 0002:00000d70       __wctype                   1001ed70     LIBCMT:ctype.obj
 0002:00000f78       ___newclmap                1001ef78     LIBCMT:ctype.obj
 0002:000010f8       ___newcumap                1001f0f8     LIBCMT:ctype.obj
 0002:00001278       ??_C@_08JCCMCCIL@HH?3mm?3ss?$AA@ 1001f278     LIBCMT:strftime.obj
 0002:00001284       ??_C@_0BE@CKGJFCPC@dddd?0?5MMMM?5dd?0?5yyyy?$AA@ 1001f284     LIBCMT:strftime.obj
 0002:00001298       ??_C@_08BPBNCDIB@MM?1dd?1yy?$AA@ 1001f298     LIBCMT:strftime.obj
 0002:000012a4       ??_C@_02CJNFDJBF@PM?$AA@   1001f2a4     LIBCMT:strftime.obj
 0002:000012a8       ??_C@_02DEDBPAFC@AM?$AA@   1001f2a8     LIBCMT:strftime.obj
 0002:000012ac       ??_C@_08EDHMEBNP@December?$AA@ 1001f2ac     LIBCMT:strftime.obj
 0002:000012b8       ??_C@_08HCHEGEOA@November?$AA@ 1001f2b8     LIBCMT:strftime.obj
 0002:000012c4       ??_C@_07JJNFCEND@October?$AA@ 1001f2c4     LIBCMT:strftime.obj
 0002:000012cc       ??_C@_09BHHEALKD@September?$AA@ 1001f2cc     LIBCMT:strftime.obj
 0002:000012d8       ??_C@_06LBBHFDDG@August?$AA@ 1001f2d8     LIBCMT:strftime.obj
 0002:000012e0       ??_C@_04MIEPOIFP@July?$AA@ 1001f2e0     LIBCMT:strftime.obj
 0002:000012e8       ??_C@_04CNLMGBGM@June?$AA@ 1001f2e8     LIBCMT:strftime.obj
 0002:000012f0       ??_C@_05DMJDNLEJ@April?$AA@ 1001f2f0     LIBCMT:strftime.obj
 0002:000012f8       ??_C@_05HPCKOFNC@March?$AA@ 1001f2f8     LIBCMT:strftime.obj
 0002:00001300       ??_C@_08GNJGEPFN@February?$AA@ 1001f300     LIBCMT:strftime.obj
 0002:0000130c       ??_C@_07CGJPFGJA@January?$AA@ 1001f30c     LIBCMT:strftime.obj
 0002:00001314       ??_C@_03MKABNOCG@Dec?$AA@  1001f314     LIBCMT:strftime.obj
 0002:00001318       ??_C@_03JPJOFNIA@Nov?$AA@  1001f318     LIBCMT:strftime.obj
 0002:0000131c       ??_C@_03BMAOKBAD@Oct?$AA@  1001f31c     LIBCMT:strftime.obj
 0002:00001320       ??_C@_03GGCAPAJC@Sep?$AA@  1001f320     LIBCMT:strftime.obj
 0002:00001324       ??_C@_03IFJFEIGA@Aug?$AA@  1001f324     LIBCMT:strftime.obj
 0002:00001328       ??_C@_03LBGABGKK@Jul?$AA@  1001f328     LIBCMT:strftime.obj
 0002:0000132c       ??_C@_03IDFGHECI@Jun?$AA@  1001f32c     LIBCMT:strftime.obj
 0002:00001330       ??_C@_03CNMDKL@May?$AA@    1001f330     LIBCMT:strftime.obj
 0002:00001334       ??_C@_03LEOLGMJP@Apr?$AA@  1001f334     LIBCMT:strftime.obj
 0002:00001338       ??_C@_03ODNJBKGA@Mar?$AA@  1001f338     LIBCMT:strftime.obj
 0002:0000133c       ??_C@_03HJBDCHOM@Feb?$AA@  1001f33c     LIBCMT:strftime.obj
 0002:00001340       ??_C@_03JIHJHPIE@Jan?$AA@  1001f340     LIBCMT:strftime.obj
 0002:00001344       ??_C@_08INBOOONO@Saturday?$AA@ 1001f344     LIBCMT:strftime.obj
 0002:00001350       ??_C@_06JECMNKMI@Friday?$AA@ 1001f350     LIBCMT:strftime.obj
 0002:00001358       ??_C@_08HACCIKIA@Thursday?$AA@ 1001f358     LIBCMT:strftime.obj
 0002:00001364       ??_C@_09DLIGFAKA@Wednesday?$AA@ 1001f364     LIBCMT:strftime.obj
 0002:00001370       ??_C@_07BAAGCFCM@Tuesday?$AA@ 1001f370     LIBCMT:strftime.obj
 0002:00001378       ??_C@_06JLEDEDGH@Monday?$AA@ 1001f378     LIBCMT:strftime.obj
 0002:00001380       ??_C@_06OOPIFAJ@Sunday?$AA@ 1001f380     LIBCMT:strftime.obj
 0002:00001388       ??_C@_03FEFJNEK@Sat?$AA@   1001f388     LIBCMT:strftime.obj
 0002:0000138c       ??_C@_03IDIOELNC@Fri?$AA@  1001f38c     LIBCMT:strftime.obj
 0002:00001390       ??_C@_03IOFIKPDN@Thu?$AA@  1001f390     LIBCMT:strftime.obj
 0002:00001394       ??_C@_03MHOMLAJA@Wed?$AA@  1001f394     LIBCMT:strftime.obj
 0002:00001398       ??_C@_03NAGEINEP@Tue?$AA@  1001f398     LIBCMT:strftime.obj
 0002:0000139c       ??_C@_03PDAGKDH@Mon?$AA@   1001f39c     LIBCMT:strftime.obj
 0002:000013a0       ??_C@_03KOEHGMDN@Sun?$AA@  1001f3a0     LIBCMT:strftime.obj
 0002:000013a4       ??_C@_0BK@CFCOFLF@?5Complete?5Object?5Locator?8?$AA@ 1001f3a4     LIBCMT:undname.obj
 0002:000013c0       ??_C@_0BN@MECKDCOJ@?5Class?5Hierarchy?5Descriptor?8?$AA@ 1001f3c0     LIBCMT:undname.obj
 0002:000013e0       ??_C@_0BD@LGICGFMM@?5Base?5Class?5Array?8?$AA@ 1001f3e0     LIBCMT:undname.obj
 0002:000013f4       ??_C@_0BM@LDKODKLH@?5Base?5Class?5Descriptor?5at?5?$CI?$AA@ 1001f3f4     LIBCMT:undname.obj
 0002:00001410       ??_C@_0BC@DAFEJGAK@?5Type?5Descriptor?8?$AA@ 1001f410     LIBCMT:undname.obj
 0002:00001424       ??_C@_0BM@PMGGMLDN@?$GAlocal?5static?5thread?5guard?8?$AA@ 1001f424     LIBCMT:undname.obj
 0002:00001440       ??_C@_0CL@FGIJHLCE@?$GAmanaged?5vector?5copy?5constructor@ 1001f440     LIBCMT:undname.obj
 0002:0000146c       ??_C@_0CJ@GJELGAMM@?$GAvector?5vbase?5copy?5constructor?5i@ 1001f46c     LIBCMT:undname.obj
 0002:00001498       ??_C@_0CD@CGAJBKEJ@?$GAvector?5copy?5constructor?5iterato@ 1001f498     LIBCMT:undname.obj
 0002:000014bc       ??_C@_0CB@PDBIFEP@?$GAdynamic?5atexit?5destructor?5for?5?8@ 1001f4bc     LIBCMT:undname.obj
 0002:000014e0       ??_C@_0BL@CLIPGLGB@?$GAdynamic?5initializer?5for?5?8?$AA@ 1001f4e0     LIBCMT:undname.obj
 0002:000014fc       ??_C@_0CM@FCBBDIGB@?$GAeh?5vector?5vbase?5copy?5constructo@ 1001f4fc     LIBCMT:undname.obj
 0002:00001528       ??_C@_0CG@HLDDJMAG@?$GAeh?5vector?5copy?5constructor?5iter@ 1001f528     LIBCMT:undname.obj
 0002:00001550       ??_C@_0CF@IMGKMJNO@?$GAmanaged?5vector?5destructor?5itera@ 1001f550     LIBCMT:undname.obj
 0002:00001578       ??_C@_0CG@CFDHKGGD@?$GAmanaged?5vector?5constructor?5iter@ 1001f578     LIBCMT:undname.obj
 0002:000015a0       ??_C@_0BN@CKNJLHMB@?$GAplacement?5delete?$FL?$FN?5closure?8?$AA@ 1001f5a0     LIBCMT:undname.obj
 0002:000015c0       ??_C@_0BL@CNOONJFP@?$GAplacement?5delete?5closure?8?$AA@ 1001f5c0     LIBCMT:undname.obj
 0002:000015dc       ??_C@_0P@HJKNJFNN@?$GAomni?5callsig?8?$AA@ 1001f5dc     LIBCMT:undname.obj
 0002:000015ec       ??_C@_09LBNFPBCA@?5delete?$FL?$FN?$AA@ 1001f5ec     LIBCMT:undname.obj
 0002:000015f8       ??_C@_06FHBGPFGH@?5new?$FL?$FN?$AA@ 1001f5f8     LIBCMT:undname.obj
 0002:00001600       ??_C@_0CE@IIHCMGGL@?$GAlocal?5vftable?5constructor?5closu@ 1001f600     LIBCMT:undname.obj
 0002:00001624       ??_C@_0BA@KKLDJDLB@?$GAlocal?5vftable?8?$AA@ 1001f624     LIBCMT:undname.obj
 0002:00001634       ??_C@_05KHLCHHI@?$GARTTI?$AA@ 1001f634     LIBCMT:undname.obj
 0002:0000163c       ??_C@_03KLGMFNMG@?$GAEH?$AA@ 1001f63c     LIBCMT:undname.obj
 0002:00001640       ??_C@_0BA@KBCDOMBN@?$GAudt?5returning?8?$AA@ 1001f640     LIBCMT:undname.obj
 0002:00001650       ??_C@_0BL@LLKPOHJI@?$GAcopy?5constructor?5closure?8?$AA@ 1001f650     LIBCMT:undname.obj
 0002:0000166c       ??_C@_0CH@OOJPLCPH@?$GAeh?5vector?5vbase?5constructor?5ite@ 1001f66c     LIBCMT:undname.obj
 0002:00001694       ??_C@_0CA@GCEOPDGL@?$GAeh?5vector?5destructor?5iterator?8?$AA@ 1001f694     LIBCMT:undname.obj
 0002:000016b4       ??_C@_0CB@JONCMFFK@?$GAeh?5vector?5constructor?5iterator?8@ 1001f6b4     LIBCMT:undname.obj
 0002:000016d8       ??_C@_0BL@NILFHHPC@?$GAvirtual?5displacement?5map?8?$AA@ 1001f6d8     LIBCMT:undname.obj
 0002:000016f4       ??_C@_0CE@IKBNEHA@?$GAvector?5vbase?5constructor?5iterat@ 1001f6f4     LIBCMT:undname.obj
 0002:00001718       ??_C@_0BN@LFPFMEDL@?$GAvector?5destructor?5iterator?8?$AA@ 1001f718     LIBCMT:undname.obj
 0002:00001738       ??_C@_0BO@PFGOCPJJ@?$GAvector?5constructor?5iterator?8?$AA@ 1001f738     LIBCMT:undname.obj
 0002:00001758       ??_C@_0BN@IMDCHIKM@?$GAscalar?5deleting?5destructor?8?$AA@ 1001f758     LIBCMT:undname.obj
 0002:00001778       ??_C@_0BO@OBMKPJIG@?$GAdefault?5constructor?5closure?8?$AA@ 1001f778     LIBCMT:undname.obj
 0002:00001798       ??_C@_0BN@DEGPLNFK@?$GAvector?5deleting?5destructor?8?$AA@ 1001f798     LIBCMT:undname.obj
 0002:000017b8       ??_C@_0BD@JDLKDPAB@?$GAvbase?5destructor?8?$AA@ 1001f7b8     LIBCMT:undname.obj
 0002:000017cc       ??_C@_08OBABFOLI@?$GAstring?8?$AA@ 1001f7cc     LIBCMT:undname.obj
 0002:000017d8       ??_C@_0BF@KDPPACIK@?$GAlocal?5static?5guard?8?$AA@ 1001f7d8     LIBCMT:undname.obj
 0002:000017f0       ??_C@_08LLFFHHDJ@?$GAtypeof?8?$AA@ 1001f7f0     LIBCMT:undname.obj
 0002:000017fc       ??_C@_07FEEIOKP@?$GAvcall?8?$AA@ 1001f7fc     LIBCMT:undname.obj
 0002:00001804       ??_C@_09BLBHBJP@?$GAvbtable?8?$AA@ 1001f804     LIBCMT:undname.obj
 0002:00001810       ??_C@_09IFPLHPGF@?$GAvftable?8?$AA@ 1001f810     LIBCMT:undname.obj
 0002:0000181c       ??_C@_02MHEGNOJ@?$FO?$DN?$AA@ 1001f81c     LIBCMT:undname.obj
 0002:00001820       ??_C@_02DHLNPPGH@?$HM?$DN?$AA@ 1001f820     LIBCMT:undname.obj
 0002:00001824       ??_C@_02FGJGFEAB@?$CG?$DN?$AA@ 1001f824     LIBCMT:undname.obj
 0002:00001828       ??_C@_03CDNPDDLA@?$DM?$DM?$DN?$AA@ 1001f828     LIBCMT:undname.obj
 0002:0000182c       ??_C@_03IKFCCPFF@?$DO?$DO?$DN?$AA@ 1001f82c     LIBCMT:undname.obj
 0002:00001830       ??_C@_02FENAOKFI@?$CF?$DN?$AA@ 1001f830     LIBCMT:undname.obj
 0002:00001834       ??_C@_02FJEHGPIO@?1?$DN?$AA@ 1001f834     LIBCMT:undname.obj
 0002:00001838       ??_C@_02FKMDLLOA@?9?$DN?$AA@ 1001f838     LIBCMT:undname.obj
 0002:0000183c       ??_C@_02FOEOMHFC@?$CL?$DN?$AA@ 1001f83c     LIBCMT:undname.obj
 0002:00001840       ??_C@_02FPIMKNGF@?$CK?$DN?$AA@ 1001f840     LIBCMT:undname.obj
 0002:00001844       ??_C@_02NONPIBCD@?$HM?$HM?$AA@ 1001f844     LIBCMT:undname.obj
 0002:00001848       ??_C@_02PPKAJPJL@?$CG?$CG?$AA@ 1001f848     LIBCMT:undname.obj
 0002:0000184c       ??_C@_01DNKMNLPK@?$HM?$AA@ 1001f84c     LIBCMT:undname.obj
 0002:00001850       ??_C@_01JKBOJNNK@?$FO?$AA@ 1001f850     LIBCMT:undname.obj
 0002:00001854       ??_C@_01PJKLJHI@?$HO?$AA@  1001f854     LIBCMT:undname.obj
 0002:00001858       ??_C@_02HCKGKOFO@?$CI?$CJ?$AA@ 1001f858     LIBCMT:undname.obj
 0002:0000185c       ??_C@_01IHBHIGKO@?0?$AA@   1001f85c     LIBCMT:undname.obj
 0002:00001860       ??_C@_02EEKDKGMJ@?$DO?$DN?$AA@ 1001f860     LIBCMT:undname.obj
 0002:00001864       ??_C@_01PPODPGHN@?$DO?$AA@ 1001f864     LIBCMT:undname.obj
 0002:00001868       ??_C@_02EHCHHCKH@?$DM?$DN?$AA@ 1001f868     LIBCMT:undname.obj
 0002:0000186c       ??_C@_01MNNFJEPP@?$DM?$AA@ 1001f86c     LIBCMT:undname.obj
 0002:00001870       ??_C@_01FGNFDNOH@?$CF?$AA@ 1001f870     LIBCMT:undname.obj
 0002:00001874       ??_C@_01KMDKNFGN@?1?$AA@   1001f874     LIBCMT:undname.obj
 0002:00001878       ??_C@_03MNHNFDLC@?9?$DO?$CK?$AA@ 1001f878     LIBCMT:undname.obj
 0002:0000187c       ??_C@_01HNPIGOCE@?$CG?$AA@ 1001f87c     LIBCMT:undname.obj
 0002:00001880       ??_C@_01MIFGBAGJ@?$CL?$AA@ 1001f880     LIBCMT:undname.obj
 0002:00001884       ??_C@_01JOAMLHOP@?9?$AA@   1001f884     LIBCMT:undname.obj
 0002:00001888       ??_C@_02BAABKJLB@?9?9?$AA@ 1001f888     LIBCMT:undname.obj
 0002:0000188c       ??_C@_02ECNGHCIF@?$CL?$CL?$AA@ 1001f88c     LIBCMT:undname.obj
 0002:00001890       ??_C@_01NBENCBCI@?$CK?$AA@ 1001f890     LIBCMT:undname.obj
 0002:00001894       ??_C@_02HBOOOICD@?9?$DO?$AA@ 1001f894     LIBCMT:undname.obj
 0002:00001898       ??_C@_08LHJFAFGD@operator?$AA@ 1001f898     LIBCMT:undname.obj
 0002:000018a4       ??_C@_02GPECMEKF@?$FL?$FN?$AA@ 1001f8a4     LIBCMT:undname.obj
 0002:000018a8       ??_C@_02FDNJECIE@?$CB?$DN?$AA@ 1001f8a8     LIBCMT:undname.obj
 0002:000018ac       ??_C@_02EGOFBIJA@?$DN?$DN?$AA@ 1001f8ac     LIBCMT:undname.obj
 0002:000018b0       ??_C@_01DCLJPIOD@?$CB?$AA@ 1001f8b0     LIBCMT:undname.obj
 0002:000018b4       ??_C@_02FODMEDOG@?$DM?$DM?$AA@ 1001f8b4     LIBCMT:undname.obj
 0002:000018b8       ??_C@_02GPIOPFAK@?$DO?$DO?$AA@ 1001f8b8     LIBCMT:undname.obj
 0002:000018bc       ??_C@_07FPCDHGMM@?5delete?$AA@ 1001f8bc     LIBCMT:undname.obj
 0002:000018c4       ??_C@_04NIHEBCM@?5new?$AA@ 1001f8c4     LIBCMT:undname.obj
 0002:000018cc       ??_C@_0M@GFIIJFMG@__unaligned?$AA@ 1001f8cc     LIBCMT:undname.obj
 0002:000018d8       ??_C@_0L@PILCLIHE@__restrict?$AA@ 1001f8d8     LIBCMT:undname.obj
 0002:000018e4       ??_C@_07JOMMBBKO@__ptr64?$AA@ 1001f8e4     LIBCMT:undname.obj
 0002:000018ec       ??_C@_09HIJEGCPM@__clrcall?$AA@ 1001f8ec     LIBCMT:undname.obj
 0002:000018f8       ??_C@_0L@JMKHOMEK@__fastcall?$AA@ 1001f8f8     LIBCMT:undname.obj
 0002:00001904       ??_C@_0L@NPHFGOKO@__thiscall?$AA@ 1001f904     LIBCMT:undname.obj
 0002:00001910       ??_C@_09IFJBGAPI@__stdcall?$AA@ 1001f910     LIBCMT:undname.obj
 0002:0000191c       ??_C@_08GHMPAG@__pascal?$AA@ 1001f91c     LIBCMT:undname.obj
 0002:00001928       ??_C@_07KOLFKCDI@__cdecl?$AA@ 1001f928     LIBCMT:undname.obj
 0002:00001930       ??_C@_08EHJDFFNH@__based?$CI?$AA@ 1001f930     LIBCMT:undname.obj
 0002:00001ac0       ??_C@_0BI@DFKBFLJE@GetProcessWindowStation?$AA@ 1001fac0     LIBCMT:crtmbox.obj
 0002:00001ad8       ??_C@_0BK@CIDNPOGP@GetUserObjectInformationA?$AA@ 1001fad8     LIBCMT:crtmbox.obj
 0002:00001af4       ??_C@_0BD@HHGDFDBJ@GetLastActivePopup?$AA@ 1001faf4     LIBCMT:crtmbox.obj
 0002:00001b08       ??_C@_0BA@HNOPNCHB@GetActiveWindow?$AA@ 1001fb08     LIBCMT:crtmbox.obj
 0002:00001b18       ??_C@_0M@CHKKJDAI@MessageBoxA?$AA@ 1001fb18     LIBCMT:crtmbox.obj
 0002:00001b24       ??_C@_0L@NDEGIDAG@USER32?4DLL?$AA@ 1001fb24     LIBCMT:crtmbox.obj
 0002:00001b30       ___dnames                  1001fb30     LIBCMT:timeset.obj
 0002:00001b48       ___mnames                  1001fb48     LIBCMT:timeset.obj
 0002:00001b70       ??_C@_07GPDNMNG@CONOUT$?$AA@ 1001fb70     LIBCMT:initcon.obj
 0002:00001b78       ??_C@_0BH@CCFOECBH@wog_options?4main?4intro?$AA@ 1001fb78     wog native dialogs.obj
 0002:00001b90       ??_C@_0BH@HMJALHLI@wog_options?4main?4popup?$AA@ 1001fb90     wog native dialogs.obj
 0002:00001ba8       ??_C@_0BG@GGAFECFG@wog_options?4main?4hint?$AA@ 1001fba8     wog native dialogs.obj
 0002:00001bc0       ??_C@_0BG@HNGOACFA@wog_options?4main?4name?$AA@ 1001fbc0     wog native dialogs.obj
 0002:00001bd8       ??_C@_05EIEHMANA@popup?$AA@ 1001fbd8     wog native dialogs.obj
 0002:00001be0       ??_C@_04NPKLNGDP@hint?$AA@ 1001fbe0     wog native dialogs.obj
 0002:00001be8       ??_C@_04MEMAJGDJ@name?$AA@ 1001fbe8     wog native dialogs.obj
 0002:00001bf0       ??_C@_0L@NFIDKKJM@group?$CFd?4?$CFs?$AA@ 1001fbf0     wog native dialogs.obj
 0002:00001bfc       ??_C@_0BG@DJKCIHGG@wog_options?4page?$CFd?4?$CFs?$AA@ 1001fbfc     wog native dialogs.obj
 0002:00001c18       ??_C@_0HM@FELLPIAL@?$HLGotcha?$CB?$CB?$CB?$HN?6?6You?8re?5trying?5to?5up@ 1001fc18     wog native dialogs.obj
 0002:00001c94       ??_C@_0O@EGGGBKCF@DlgExpMon?4def?$AA@ 1001fc94     wog native dialogs.obj
 0002:00001ca4       ??_C@_0N@JCGCDINI@Dlg_NPC3?4def?$AA@ 1001fca4     wog native dialogs.obj
 0002:00001cb4       ??_C@_0N@FJDOOLHN@Dlg_NPC2?4def?$AA@ 1001fcb4     wog native dialogs.obj
 0002:00001cc4       ??_C@_0N@NPKKJJND@Dlg_NPC1?4def?$AA@ 1001fcc4     wog native dialogs.obj
 0002:00001cd4       ??_C@_02DKCKIIND@?$CFs?$AA@ 1001fcd4     wog native dialogs.obj
 0002:00001cd8       ??_C@_0N@BHMGKPNG@checkbox?4def?$AA@ 1001fcd8     wog native dialogs.obj
 0002:00001ce8       ??_C@_0O@BBFJMKLN@radiobttn?4def?$AA@ 1001fce8     wog native dialogs.obj
 0002:00001cf8       ??_C@_0O@LKNNDHCJ@smalfont2?4fnt?$AA@ 1001fcf8     wog native dialogs.obj
 0002:00001d08       ??_C@_0N@PAEBLKHN@bigfont2?4fnt?$AA@ 1001fd08     wog native dialogs.obj
 0002:00001d18       ??_C@_0L@CKGMCMBJ@06?406?42021?$AA@ 1001fd18     wog native dialogs.obj
 0002:00001d24       ??_C@_05EKONIBEH@igrik?$AA@ 1001fd24     wog native dialogs.obj
 0002:00001d2c       ??_C@_0BD@GHHHDDGH@WoG?5native?5dialogs?$AA@ 1001fd2c     wog native dialogs.obj
 0002:00001d40       ??_C@_0P@GHFPNOJB@bad?5allocation?$AA@ 1001fd40     wog native dialogs.obj
 0002:00001d50       ??_C@_0BA@FDLNIKIG@patcher_x86?4dll?$AA@ 1001fd50     wog native dialogs.obj
 0002:00001d60       ??_C@_0BB@CKHJKIEB@_GetPatcherX86?$EA0?$AA@ 1001fd60     wog native dialogs.obj
 0002:00001d74       ??_C@_02DPKJAMEF@?$CFd?$AA@ 1001fd74     wog native dialogs.obj
 0002:00001d78       ??_C@_0N@NGJLFBMI@DiBoxBck?4pcx?$AA@ 1001fd78     wog native dialogs.obj
 0002:00001d88       ??_C@_0N@FGPGDOPK@dialgbox?4def?$AA@ 1001fd88     wog native dialogs.obj
 0002:00001d98       ??_C@_0N@ELNJEEMI@medfont2?4fnt?$AA@ 1001fd98     wog native dialogs.obj
 0002:00001da8       ??_C@_09IIFHEAOO@angel?4dll?$AA@ 1001fda8     wog native dialogs.obj
 0002:00001db4       ??_C@_0M@BFOAAPGP@EventParams?$AA@ 1001fdb4     wog native dialogs.obj
 0002:00001dc0       ??_C@_0BD@KPOAIKLJ@RestoreEventParams?$AA@ 1001fdc0     wog native dialogs.obj
 0002:00001dd4       ??_C@_0BA@JJKLPBHG@SaveEventParams?$AA@ 1001fdd4     wog native dialogs.obj
 0002:00001de4       ??_C@_07PILJHEGK@era?4dll?$AA@ 1001fde4     wog native dialogs.obj
 0002:00001dec       ??_C@_02EOEPPNBF@tr?$AA@   1001fdec     wog native dialogs.obj
 0002:00001df0       ??_C@_07HCDNKGPA@ApiHook?$AA@ 1001fdf0     wog native dialogs.obj
 0002:00001df8       ??_C@_0BB@NFICFMFA@ClearAllIniCache?$AA@ 1001fdf8     wog native dialogs.obj
 0002:00001e0c       ??_C@_0O@KHPPEFLJ@ClearIniCache?$AA@ 1001fe0c     wog native dialogs.obj
 0002:00001e1c       ??_C@_0L@GHCNBJIK@ExecErmCmd?$AA@ 1001fe1c     wog native dialogs.obj
 0002:00001e28       ??_C@_0L@BBNMEHJH@ExtractErm?$AA@ 1001fe28     wog native dialogs.obj
 0002:00001e34       ??_C@_0L@CKILDBJC@FatalError?$AA@ 1001fe34     wog native dialogs.obj
 0002:00001e40       ??_C@_0N@HFGMKLEN@FireErmEvent?$AA@ 1001fe40     wog native dialogs.obj
 0002:00001e50       ??_C@_09GEAPPBGH@FireEvent?$AA@ 1001fe50     wog native dialogs.obj
 0002:00001e5c       ??_C@_0M@KJHFCLAP@GetButtonID?$AA@ 1001fe5c     wog native dialogs.obj
 0002:00001e68       ??_C@_0L@LNAOMCPJ@GetVersion?$AA@ 1001fe68     wog native dialogs.obj
 0002:00001e74       ??_C@_0O@FNMDEAHG@GetVersionNum?$AA@ 1001fe74     wog native dialogs.obj
 0002:00001e84       ??_C@_0N@CFMBLIKP@GetGameState?$AA@ 1001fe84     wog native dialogs.obj
 0002:00001e94       ??_C@_0M@LKIFOAN@GetRealAddr?$AA@ 1001fe94     wog native dialogs.obj
 0002:00001ea0       ??_C@_0BD@DPCJBLFO@GlobalRedirectFile?$AA@ 1001fea0     wog native dialogs.obj
 0002:00001eb4       ??_C@_04PHJJMCEO@Hook?$AA@ 1001feb4     wog native dialogs.obj
 0002:00001ebc       ??_C@_08EBPIACBO@HookCode?$AA@ 1001febc     wog native dialogs.obj
 0002:00001ec8       ??_C@_0BB@PHLEIINC@LoadImageAsPcx16?$AA@ 1001fec8     wog native dialogs.obj
 0002:00001edc       ??_C@_07GDNFNLKF@LoadTxt?$AA@ 1001fedc     wog native dialogs.obj
 0002:00001ee4       ??_C@_07FLCNLLL@MemFree?$AA@ 1001fee4     wog native dialogs.obj
 0002:00001eec       ??_C@_09PIKCKENJ@NameColor?$AA@ 1001feec     wog native dialogs.obj
 0002:00001ef8       ??_C@_0M@LNHBMGFH@NotifyError?$AA@ 1001fef8     wog native dialogs.obj
 0002:00001f04       ??_C@_0M@PLEJCMGM@PatchExists?$AA@ 1001ff04     wog native dialogs.obj
 0002:00001f10       ??_C@_0N@BGLGOOMO@PluginExists?$AA@ 1001ff10     wog native dialogs.obj
 0002:00001f20       ??_C@_0BE@CIDOCKGN@ReadSavegameSection?$AA@ 1001ff20     wog native dialogs.obj
 0002:00001f34       ??_C@_0P@CCLIEMKP@ReadStrFromIni?$AA@ 1001ff34     wog native dialogs.obj
 0002:00001f44       ??_C@_09IJJOFFNH@RecallAPI?$AA@ 1001ff44     wog native dialogs.obj
 0002:00001f50       ??_C@_0N@EADKAOLK@RedirectFile?$AA@ 1001ff50     wog native dialogs.obj
 0002:00001f60       ??_C@_0BE@OJOEEMJD@RedirectMemoryBlock?$AA@ 1001ff60     wog native dialogs.obj
 0002:00001f74       ??_C@_0BA@BCNGHKCC@RegisterHandler?$AA@ 1001ff74     wog native dialogs.obj
 0002:00001f84       ??_C@_09MJCMIAEG@ReloadErm?$AA@ 1001ff84     wog native dialogs.obj
 0002:00001f90       ??_C@_0BE@JBKGKCON@ReportPluginVersion?$AA@ 1001ff90     wog native dialogs.obj
 0002:00001fa4       ??_C@_07PAHGKEHA@SaveIni?$AA@ 1001ffa4     wog native dialogs.obj
 0002:00001fac       ??_C@_06DDHLBGDE@Splice?$AA@ 1001ffac     wog native dialogs.obj
 0002:00001fb4       ??_C@_0M@OFFBOJCJ@ToStaticStr?$AA@ 1001ffb4     wog native dialogs.obj
 0002:00001fc0       ??_C@_0M@CLLMHKFF@WriteAtCode?$AA@ 1001ffc0     wog native dialogs.obj
 0002:00001fcc       ??_C@_0BF@HMHBLPO@WriteSavegameSection?$AA@ 1001ffcc     wog native dialogs.obj
 0002:00001fe4       ??_C@_0O@POMBDOKD@WriteStrToIni?$AA@ 1001ffe4     wog native dialogs.obj
 0002:00001ff4       ??_C@_0BN@DPBDBLAF@_GetPreselectedDialog8ItemId?$AA@ 1001fff4     wog native dialogs.obj
 0002:00002014       ??_C@_0BO@NKNJIFPC@_GetDialog8SelectablePicsMask?$AA@ 10020014     wog native dialogs.obj
 0002:00002034       ??_C@_05JIKHPHGN@90?590?$AA@ 10020034     wog native dialogs.obj
 0002:0000203c       ??_C@_05DIALNFFA@?$CFs?5?$CFd?$AA@ 1002003c     wog native dialogs.obj
 0002:00002044       ??_C@_05DNIIFBMG@?$CFs?5?$CFs?$AA@ 10020044     wog native dialogs.obj
 0002:0000204c       ??_C@_0L@FIDKBHJC@?$CFs?5?$CFd?5?$CI?$CFd?$CJ?$AA@ 1002004c     wog native dialogs.obj
 0002:00002058       ??_C@_0L@JDILLOGP@?$CFs?5?$CFd?5?9?5?$CFd?$AA@ 10020058     wog native dialogs.obj
 0002:00002064       ??_C@_07JKHHBHOI@?$CFs?5?$CFd?$CF?$CF?$AA@ 10020064     wog native dialogs.obj
 0002:0000206c       ??_C@_06GNDJBPCO@?$CFs?6?6?$CFs?$AA@ 1002006c     wog native dialogs.obj
 0002:00002074       ??_C@_0N@CNMFKAFE@Dlg_NPCn?4pcx?$AA@ 10020074     wog native dialogs.obj
 0002:00002084       ??_C@_0N@EENEFCAM@Dlg_NPCu?4pcx?$AA@ 10020084     wog native dialogs.obj
 0002:00002094       ??_C@_0P@GMMOFIOD@Dlg_NPCdel?4def?$AA@ 10020094     wog native dialogs.obj
 0002:000020a4       ??_C@_07DONLOGLK@?$CFd?5?$CI?$CFd?$CJ?$AA@ 100200a4     wog native dialogs.obj
 0002:000020ac       ??_C@_07PFGKEPEH@?$CFd?5?9?5?$CFd?$AA@ 100200ac     wog native dialogs.obj
 0002:000020b4       ??_C@_04FCMNJMCO@?$CFd?$CF?$CF?$AA@ 100200b4     wog native dialogs.obj
 0002:000020bc       ??_C@_0M@EELLOAND@bttnNPC?4def?$AA@ 100200bc     wog native dialogs.obj
 0002:000020c8       ??_C@_0BB@OPCILBBM@C742?53C?5FFFFFFFF?$AA@ 100200c8     wog native dialogs.obj
 0002:000020dc       ??_C@_07JMKCEEPK@?$CFs?5?$CI?$CFd?$CJ?$AA@ 100200dc     wog native dialogs.obj
 0002:000020e4       ??_C@_09PCPEDHFE@?$CFd?$CF?$CF?5?$CI?$CFd?$CJ?$AA@ 100200e4     wog native dialogs.obj
 0002:000020f0       ??_C@_03DMDECJFG@?$CFhf?$AA@ 100200f0     wog native dialogs.obj
 0002:000020f4       ??_C@_03OFAPEBGM@?$CFs?6?$AA@ 100200f4     wog native dialogs.obj
 0002:000020f8       ??_C@_08MNBIIGN@?$CFs?6?6?5?$CFs?6?$AA@ 100200f8     wog native dialogs.obj
 0002:00002104       ??_C@_0N@ILHBCDMB@DlgExpUp?4def?$AA@ 10020104     wog native dialogs.obj
 0002:00002114       ??_C@_08OFBPMKML@tiny?4fnt?$AA@ 10020114     wog native dialogs.obj
 0002:00002120       ??_C@_09KAONFINP@?$HL?$CFs?$HN?6?$CI?$CFs?$CJ?$AA@ 10020120     wog native dialogs.obj
 0002:0000212c       ??_C@_0N@DCLMLLBB@WoGCurse?4def?$AA@ 1002012c     wog native dialogs.obj
 0002:0000213c       ??_C@_06DJHOIPC@?$CFs?3?5?$CFs?$AA@ 1002013c     wog native dialogs.obj
 0002:00002144       ??_C@_0M@HFKPFJGG@artslot?4pcx?$AA@ 10020144     wog native dialogs.obj
 0002:00002150       ??_C@_0N@KAILJDHD@def?4SpScrArt?$AA@ 10020150     wog native dialogs.obj
 0002:00002160       ??_C@_0M@KBOHMMJH@default?4bmp?$AA@ 10020160     wog native dialogs.obj
 0002:0000216c       ??_C@_01LFCBOECM@?4?$AA@   1002016c     wog native dialogs.obj
 0002:00002170       ??_C@_03BIPDAGPI@pcx?$AA@  10020170     wog native dialogs.obj
 0002:00002174       ??_C@_05JJLDMIKB@pcx16?$AA@ 10020174     wog native dialogs.obj
 0002:0000217c       ??_C@_03CAKEDOOO@bmp?$AA@  1002017c     wog native dialogs.obj
 0002:00002180       ??_C@_03PEGNKCLE@jpg?$AA@  10020180     wog native dialogs.obj
 0002:00002184       ??_C@_04OFMADDDJ@jpeg?$AA@ 10020184     wog native dialogs.obj
 0002:0000218c       ??_C@_03NNHBJLDF@png?$AA@  1002018c     wog native dialogs.obj
 0002:00002190       ??_C@_03MOLNDNH@gif?$AA@   10020190     wog native dialogs.obj
 0002:00002194       ??_C@_03LJGCHEIJ@avi?$AA@  10020194     wog native dialogs.obj
 0002:00002198       ??_C@_06CLPJCMIK@IF?3D?1E?$AA@ 10020198     wog native dialogs.obj
 0002:000021a0       ??_C@_0BA@CACHJGMJ@WoGTextEdit?4pcx?$AA@ 100201a0     wog native dialogs.obj
 0002:000021b0       ??_C@_06DJCHJFEC@IF?3B?1P?$AA@ 100201b0     wog native dialogs.obj
 0002:000021b8       ??_C@_09EIMBAPBP@?4?2Maps?2?$CFs?$AA@ 100201b8     wog native dialogs.obj
 0002:000021c4       ??_C@_02MFEGOEMP@?$CFn?$AA@ 100201c4     wog native dialogs.obj
 0002:000021c8       ??_C@_04OMBFFHIC@?$HL?$CFs?$HN?$AA@ 100201c8     wog native dialogs.obj
 0002:000021d0       ??_C@_0EO@CGDPPKOB@Error?5?$CIfor?5?$CFs?$CJ?$CB?$CB?$CB?6?6?5Debug?6Page?3?5@ 100201d0     wog native dialogs.obj
 0002:00002220       ??_C@_0P@HDPJJOMN@WoGOptions?4pcx?$AA@ 10020220     wog native dialogs.obj
 0002:00002230       ??_C@_0M@DGCKOOBG@WoGBttn?4def?$AA@ 10020230     wog native dialogs.obj
 0002:0000223c       ??_C@_0M@FBOGBOAE@GSPBUT2?4DEF?$AA@ 1002023c     wog native dialogs.obj
 0002:00002248       ??_C@_0BI@DHELOEJM@dlg_datfile?4captionsave?$AA@ 10020248     wog native dialogs.obj
 0002:00002260       ??_C@_0BG@KPGNCFF@dlg_datfile?4descrsave?$AA@ 10020260     wog native dialogs.obj
 0002:00002278       ??_C@_0BF@NFMFBOP@dlg_datfile?4filemask?$AA@ 10020278     wog native dialogs.obj
[...]
 0003:00001084       __ldused                   10023084     LIBCMT:_fpinit_.obj
 0003:000010c0       __pow10pos                 100230c0     LIBCMT:_constpow_.obj
 0003:00001220       __pow10neg                 10023220     LIBCMT:_constpow_.obj
 0003:000013a0       ___pInvalidArgHandler      100233a0     LIBCMT:invarg.obj
 0003:000013b8       __aenvptr                  100233b8     LIBCMT:dllcrt0.obj
 0003:000013bc       __wenvptr                  100233bc     LIBCMT:dllcrt0.obj
 0003:000013c0       ___error_mode              100233c0     LIBCMT:dllcrt0.obj
 0003:000013c4       ___app_type                100233c4     LIBCMT:dllcrt0.obj
 0003:000016ec       __crtheap                  100236ec     LIBCMT:heapinit.obj
 0003:00001840       ___sbh_pHeaderDefer        10023840     LIBCMT:sbheap.obj
 0003:00001848       ___mbulinfo                10023848     LIBCMT:mbctype.obj
 0003:00001854       ___mbcodepage              10023854     LIBCMT:mbctype.obj
 0003:00001858       ___ismbcodepage            10023858     LIBCMT:mbctype.obj
 0003:0000185c       ___mblcid                  1002385c     LIBCMT:mbctype.obj
 0003:00001860       ___locale_changed          10023860     LIBCMT:setlocal.obj
 0003:00001864       ___lc_handle               10023864     LIBCMT:nlsdata2.obj
 0003:0000187c       ___lc_codepage             1002387c     LIBCMT:nlsdata2.obj
 0003:00001880       ___lc_collate_cp           10023880     LIBCMT:nlsdata2.obj
 0003:00001884       _gpFlsAlloc                10023884     LIBCMT:tidtable.obj
 0003:00001888       _gpFlsGetValue             10023888     LIBCMT:tidtable.obj
 0003:0000188c       _gpFlsSetValue             1002388c     LIBCMT:tidtable.obj
 0003:00001890       _gpFlsFree                 10023890     LIBCMT:tidtable.obj
 0003:000018a0       ?_pnhHeap@@3P6AHI@ZA       100238a0     LIBCMT:handler.obj
 0003:000018a4       __maxwait                  100238a4     LIBCMT:crtheap.obj
 0003:000018a8       __umaskval                 100238a8     LIBCMT:crt0dat.obj
 0003:000018ac       ___argc                    100238ac     LIBCMT:crt0dat.obj
 0003:000018b0       ___argv                    100238b0     LIBCMT:crt0dat.obj
 0003:000018b4       ___wargv                   100238b4     LIBCMT:crt0dat.obj
 0003:000018b8       __environ                  100238b8     LIBCMT:crt0dat.obj
 0003:000018bc       ___initenv                 100238bc     LIBCMT:crt0dat.obj
 0003:000018c0       __wenviron                 100238c0     LIBCMT:crt0dat.obj
 0003:000018c4       ___winitenv                100238c4     LIBCMT:crt0dat.obj
 0003:000018c8       __pgmptr                   100238c8     LIBCMT:crt0dat.obj
 0003:000018cc       __wpgmptr                  100238cc     LIBCMT:crt0dat.obj
 0003:000018d0       __exitflag                 100238d0     LIBCMT:crt0dat.obj
 0003:000018d4       __C_Termination_Done       100238d4     LIBCMT:crt0dat.obj
 0003:000018d8       __C_Exit_Done              100238d8     LIBCMT:crt0dat.obj
 0003:000019ec       ?__pInconsistency@@3P6AXXZA 100239ec     LIBCMT:hooks.obj
 0003:000019f0       __cflush                   100239f0     LIBCMT:_file.obj
 0003:00001d0c       __newmode                  10023d0c     LIBCMT:_newmode.obj
 0003:00001d18       ___lconv_static_null       10023d18     LIBCMT:lconv.obj
 0003:00001d30       ?pArgList@UnDecorator@@0PAVReplicator@@A 10023d30     LIBCMT:undname.obj
 0003:00001d34       ?pZNameList@UnDecorator@@0PAVReplicator@@A 10023d34     LIBCMT:undname.obj
 0003:00001d38       ?pTemplateArgList@UnDecorator@@0PAVReplicator@@A 10023d38     LIBCMT:undname.obj
 0003:00001d3c       ?gName@UnDecorator@@0PBDB  10023d3c     LIBCMT:undname.obj
 0003:00001d40       ?name@UnDecorator@@0PBDB   10023d40     LIBCMT:undname.obj
 0003:00001d44       ?outputString@UnDecorator@@0PADA 10023d44     LIBCMT:undname.obj
 0003:00001d48       ?maxStringLength@UnDecorator@@0HA 10023d48     LIBCMT:undname.obj
 0003:00001d4c       ?disableFlags@UnDecorator@@0KA 10023d4c     LIBCMT:undname.obj
 0003:00001d50       ?m_pGetParameter@UnDecorator@@0P6APADJ@ZA 10023d50     LIBCMT:undname.obj
 0003:00001d54       ?fExplicitTemplateParams@UnDecorator@@0_NA 10023d54     LIBCMT:undname.obj
 0003:00001d55       ?fGetTemplateArgumentList@UnDecorator@@0_NA 10023d55     LIBCMT:undname.obj
 0003:00001d78       ___pPurecall               10023d78     LIBCMT:inithelp.obj
 0003:00001d7c       __stdbuf                   10023d7c     LIBCMT:_sftbuf.obj
 0003:00001e50       ?json_Combat@@3PAPADA      10023e50     wog native dialogs.obj
 0003:00001e58       ?myString2@@3PADA          10023e58     wog native dialogs.obj
 0003:00002258       ?NPC_Def@@3PAU_DlgStaticDef_@@A 10024258     wog native dialogs.obj
 0003:0000225c       ?json_WoGOpt@@3PAPADA      1002425c     wog native dialogs.obj
 0003:00002264       ?smalfont2@@3PAU_Fnt_@@A   10024264     wog native dialogs.obj
 0003:00002268       ?saveManaHero@@3PAY01HA    10024268     wog native dialogs.obj
 0003:00002278       ?dlgHeroLvlUp_heroID@@3IA  10024278     wog native dialogs.obj
 0003:0000227c       ?_PI@@3PAVPatcherInstance@@A 1002427c     wog native dialogs.obj
 0003:00002280       ?myString1@@3PADA          10024280     wog native dialogs.obj
 0003:00002680       ?inTownDlg@@3_NA           10024680     wog native dialogs.obj
 0003:00002684       ?_P@@3PAVPatcher@@A        10024684     wog native dialogs.obj
 0003:00002688       ?isNeedRestore@@3HA        10024688     wog native dialogs.obj
 0003:0000268c       ?json_CrExpo@@3PAPADA      1002468c     wog native dialogs.obj
 0003:000026bc       ?json_Npc@@3PAPADA         100246bc     wog native dialogs.obj
 0003:000026cc       ?damLo@@3HA                100246cc     wog native dialogs.obj
 0003:000026d0       ?strPage@@3PADA            100246d0     wog native dialogs.obj
 0003:00002ad0       ?strList@@3PADA            10024ad0     wog native dialogs.obj
 0003:00002ed0       ?medfont2@@3PAU_Fnt_@@A    10024ed0     wog native dialogs.obj
 0003:00002ed4       ?QuickBattle_SAVE@@3HA     10024ed4     wog native dialogs.obj
 0003:00002ed8       ?timeClickAvtoSolo@@3HA    10024ed8     wog native dialogs.obj
 0003:00002edc       ?HD_Version@@3HA           10024edc     wog native dialogs.obj
 0003:00002ee0       ?saveCursor@@3PAHA         10024ee0     wog native dialogs.obj
 0003:00002eec       ?time_click@@3HA           10024eec     wog native dialogs.obj
 0003:00002ef0       ?hAngel@Era@@3PAUHINSTANCE__@@A 10024ef0     wog native dialogs.obj
 0003:00002ef4       ?hEra@Era@@3PAUHINSTANCE__@@A 10024ef4     wog native dialogs.obj
 0003:00002ef8       ?focusedItemID@@3HA        10024ef8     wog native dialogs.obj
 0003:00002efc       ?my_TimeClick_MsgBox@@3HA  10024efc     wog native dialogs.obj
 0003:00002f00       ?txtresWOG@@3PAU_TXT_@@A   10024f00     wog native dialogs.obj
 0003:00002f04       ?damHi@@3HA                10024f04     wog native dialogs.obj
 0003:00002f08       ?myString3@@3PADA          10024f08     wog native dialogs.obj
 0003:00003308       ?bigfont2@@3PAU_Fnt_@@A    10025308     wog native dialogs.obj
 0003:0000330c       ?EventParams@Era@@3PAY0BA@HA 1002530c     wog native dialogs.obj
 0003:00003310       ?ApiHook@Era@@3P6GPAXPAXH0@ZA 10025310     wog native dialogs.obj
 0003:00003314       ?ClearAllIniCache@Era@@3P6GXXZA 10025314     wog native dialogs.obj
 0003:00003318       ?ClearIniCache@Era@@3P6GXPBD@ZA 10025318     wog native dialogs.obj
 0003:0000331c       ?ExecErmCmd@Era@@3P6GXPBD@ZA 1002531c     wog native dialogs.obj
 0003:00003320       ?ExtractErm@Era@@3P6GXXZA  10025320     wog native dialogs.obj
 0003:00003324       ?FatalError@Era@@3P6GXPBD@ZA 10025324     wog native dialogs.obj
 0003:00003328       ?FireErmEvent@Era@@3P6GXH@ZA 10025328     wog native dialogs.obj
 0003:0000332c       ?FireEvent@Era@@3P6GXPBDPAXH@ZA 1002532c     wog native dialogs.obj
 0003:00003330       ?GetButtonID@Era@@3P6GHPBD@ZA 10025330     wog native dialogs.obj
 0003:00003334       ?GetEraVersion@Era@@3P6GPBDXZA 10025334     wog native dialogs.obj
 0003:00003338       ?GetVersionNum@Era@@3P6GHXZA 10025338     wog native dialogs.obj
 0003:0000333c       ?GetGameState@Era@@3P6GXPAUTGameState@1@@ZA 1002533c     wog native dialogs.obj
 0003:00003340       ?GetRealAddr@Era@@3P6GPAXPAX@ZA 10025340     wog native dialogs.obj
 0003:00003344       ?GlobalRedirectFile@Era@@3P6GXXZA 10025344     wog native dialogs.obj
 0003:00003348       ?Hook@Era@@3P6GPAXPAXHH0@ZA 10025348     wog native dialogs.obj
 0003:0000334c       ?HookCode@Era@@3P6GPAXPAXP6GHPAUTHookContext@1@@ZPAPAX@ZA 1002534c     wog native dialogs.obj
 0003:00003350       ?LoadImageAsPcx16@Era@@3P6GPAXPBD0HHHHH@ZA 10025350     wog native dialogs.obj
 0003:00003354       ?LoadTxt@Era@@3P6GPAXPBD@ZA 10025354     wog native dialogs.obj
 0003:00003358       ?MemFree@Era@@3P6GXPBX@ZA  10025358     wog native dialogs.obj
 0003:0000335c       ?NameColor@Era@@3P6GXHPBD@ZA 1002535c     wog native dialogs.obj
 0003:00003360       ?NotifyError@Era@@3P6GXPBD@ZA 10025360     wog native dialogs.obj
 0003:00003364       ?PatchExists@Era@@3P6G_NPBD@ZA 10025364     wog native dialogs.obj
 0003:00003368       ?PluginExists@Era@@3P6G_NPBD@ZA 10025368     wog native dialogs.obj
 0003:0000336c       ?ReadSavegameSection@Era@@3P6GHHPAXPBD@ZA 1002536c     wog native dialogs.obj
 0003:00003370       ?ReadStrFromIni@Era@@3P6G_NPBD00PAD@ZA 10025370     wog native dialogs.obj
 0003:00003374       ?RecallAPI@Era@@3P6GHPAUTHookContext@1@H@ZA 10025374     wog native dialogs.obj
 0003:00003378       ?RedirectFile@Era@@3P6GXXZA 10025378     wog native dialogs.obj
 0003:0000337c       ?RedirectMemoryBlock@Era@@3P6GXPAXH0@ZA 1002537c     wog native dialogs.obj
 0003:00003380       ?RegisterHandler@Era@@3P6GXP6GXPAUTEvent@1@@ZPBD@ZA 10025380     wog native dialogs.obj
 0003:00003384       ?ReloadErm@Era@@3P6GXXZA   10025384     wog native dialogs.obj
 0003:00003388       ?ReportPluginVersion@Era@@3P6GXPBD@ZA 10025388     wog native dialogs.obj
 0003:0000338c       ?RestoreEventParams@Era@@3P6GXXZA 1002538c     wog native dialogs.obj
 0003:00003390       ?SaveEventParams@Era@@3P6GXXZA 10025390     wog native dialogs.obj
 0003:00003394       ?SaveIni@Era@@3P6G_NPBD@ZA 10025394     wog native dialogs.obj
 0003:00003398       ?Splice@Era@@3P6GPAXPAX0HHPAHPAPAX@ZA 10025398     wog native dialogs.obj
 0003:0000339c       ?ToStaticStr@Era@@3P6GPADPBD@ZA 1002539c     wog native dialogs.obj
 0003:000033a0       ?_tr@Era@@3P6GPADPBDPAPBDH@ZA 100253a0     wog native dialogs.obj
 0003:000033a4       ?WriteAtCode@Era@@3P6GXHPAX0@ZA 100253a4     wog native dialogs.obj
 0003:000033a8       ?WriteSavegameSection@Era@@3P6GXHPAXPBD@ZA 100253a8     wog native dialogs.obj
 0003:000033ac       ?WriteStrToIni@Era@@3P6G_NPBD000@ZA 100253ac     wog native dialogs.obj
 0003:000033b0       ?GetDefaultMsgBoxItId@Era@@3P6GHXZA 100253b0     wog native dialogs.obj
 0003:000033b4       ?GetMaskMsgBoxItId@Era@@3P6GHXZA 100253b4     wog native dialogs.obj
 0003:000033b8       ?ERA_VERSION@@3HA          100253b8     wog native dialogs.obj
 0003:000033bc       ?NPC_StatBar@@3PAU_DlgStaticTextPcx8ed_@@A 100253bc     wog native dialogs.obj
 0003:000033c0       ?BanDlg_CustomReq_EnterText@@3HA 100253c0     wog native dialogs.obj
 0003:000033c4       ?o_Sphinx1@@3PAU_Sphinx1_@@A 100253c4     wog native dialogs.obj
 0003:000033c8       ?statbarWoGOptions@@3PAU_DlgStaticTextPcx8ed_@@A 100253c8     wog native dialogs.obj
 0003:000033cc       ?apdFont@@3HA              100253cc     wog native dialogs.obj
 0003:000033d0       ?calls_count@?1??GetPatcher@@YAPAVPatcher@@XZ@4HA 100253d0     wog native dialogs.obj
 0003:000033d8       ___fastflag                100253d8     LIBCMT:_fpinit_.obj
 0003:000033dc       __adjust_fdiv              100253dc     LIBCMT:_fpinit_.obj
 0003:000033e0       __outputformat             100253e0     LIBCMT:outputformat.obj
 0003:000033e4       ___piob                    100253e4     <common>
 0003:00003400       __bufin                    10025400     <common>
 0003:00004400       __nstream                  10026400     <common>
 0003:00004404       ___sse2_available          10026404     <common>
 0003:00004408       __nhandle                  10026408     <common>
 0003:00004420       ___pioinfo                 10026420     <common>
 0003:00004520       ___env_initialized         10026520     <common>
 0003:00004524       ___onexitend               10026524     <common>
 0003:00004528       ___onexitbegin             10026528     <common>
 0003:0000452c       ___mbctype_initialized     1002652c     <common>
 0003:00004530       ___dyn_tls_init_callback   10026530     <common>
 0003:00004534       __debugger_hook_dummy      10026534     <common>
 0003:00004538       ___sbh_cntHeaderList       10026538     <common>
 0003:0000453c       ___sbh_pHeaderList         1002653c     <common>
 0003:00004540       ___sbh_threshold           10026540     <common>
 0003:00004544       ___sbh_pHeaderScan         10026544     <common>
 0003:00004548       ___sbh_sizeHeaderList      10026548     <common>
 0003:0000454c       ___sbh_indGroupDefer       1002654c     <common>
 0003:00004550       ___active_heap             10026550     <common>
 0003:00004554       __acmdln                   10026554     <common>

 entry point at        0001:0000f6d6

 Static symbols

 0001:0000e75f       __catch$?_Copy@?$basic_string@DU?$char_traits@D@std@@V?$allocator@D@2@@std@@IAEXII@Z$0 1000f75f f i  CIL library: CIL module
 0001:0000e7ee       __catch$?_Copy@?$basic_string@DU?$char_traits@D@std@@V?$allocator@D@2@@std@@IAEXII@Z$1 1000f7ee f i  CIL library: CIL module
 0001:0000f5e0       ___DllMainCRTStartup       100105e0 f   LIBCMT:dllcrt0.obj
 0001:0000f89a       ?CatchGuardHandler@@YA?AW4_EXCEPTION_DISPOSITION@@PAUEHExceptionRecord@@PAUCatchGuardRN@@PAX2@Z 1001089a f   LIBCMT:_trnsctrl_.obj
 0001:0000f9a4       ?TranslatorGuardHandler@@YA?AW4_EXCEPTION_DISPOSITION@@PAUEHExceptionRecord@@PAUTranslatorGuardRN@@PAX2@Z 100109a4 f   LIBCMT:_trnsctrl_.obj
 0001:00010294       _write_char                10011294 f   LIBCMT:output.obj
 0001:000102c7       _write_multi_char          100112c7 f   LIBCMT:output.obj
 0001:000102ed       _write_string              100112ed f   LIBCMT:output.obj
 0001:00011f5c       ?CPtoLCID@@YAHH@Z          10012f5c f   LIBCMT:mbctype.obj
 0001:00011f8b       ?setSBCS@@YAXPAUthreadmbcinfostruct@@@Z 10012f8b f   LIBCMT:mbctype.obj
 0001:00011fef       ?setSBUpLow@@YAXPAUthreadmbcinfostruct@@@Z 10012fef f   LIBCMT:mbctype.obj
 0001:00012226       ?getSystemCP@@YAHH@Z       10013226 f   LIBCMT:mbctype.obj
 0001:000128b0       __updatetlocinfoEx_nolock  100138b0 f   LIBCMT:setlocal.obj
 0001:00012f8f       ?__crtLCMapStringA_stat@@YAHPAUlocaleinfo_struct@@KKPBDHPADHHH@Z 10013f8f f   LIBCMT:a_map.obj
 0001:00013978       __onexit_nolock            10014978 f   LIBCMT:onexit.obj
 0001:00013c7a       __initterm                 10014c7a f   LIBCMT:crt0dat.obj
 0001:00013d40       _doexit                    10014d40 f   LIBCMT:crt0dat.obj
 0001:0001425f       _parse_cmdline             1001525f f   LIBCMT:stdargv.obj
 0001:00014a26       ?ExFilterRethrow@@YAHPAU_EXCEPTION_POINTERS@@@Z 10015a26 f   LIBCMT:frame.obj
 0001:00014ae9       ?IsInExceptionSpec@@YAEPAUEHExceptionRecord@@PBU_s_ESTypeList@@@Z 10015ae9 f   LIBCMT:frame.obj
 0001:00014b64       ?CallUnexpected@@YAXPBU_s_ESTypeList@@@Z 10015b64 f   LIBCMT:frame.obj
 0001:00014b95       __catch$?CallUnexpected@@YAXPBU_s_ESTypeList@@@Z$0 10015b95 f   LIBCMT:frame.obj
 0001:00014bad       ?CallCatchBlock@@YAPAXPAUEHExceptionRecord@@PAUEHRegistrationNode@@PAU_CONTEXT@@PBU_s_FuncInfo@@PAXHK@Z 10015bad f   LIBCMT:frame.obj
 0001:00014f5a       ?CatchIt@@YAXPAUEHExceptionRecord@@PAUEHRegistrationNode@@PAU_CONTEXT@@PAXPBU_s_FuncInfo@@PBU_s_HandlerType@@PBU_s_CatchableType@@PBU_s_TryBlockMapEntry@@H1E@Z 10015f5a f   LIBCMT:frame.obj
 0001:00014fc8       ?FindHandlerForForeignException@@YAXPAUEHExceptionRecord@@PAUEHRegistrationNode@@PAU_CONTEXT@@PAXPBU_s_FuncInfo@@HH1@Z 10015fc8 f   LIBCMT:frame.obj
 0001:000150bc       ?FindHandler@@YAXPAUEHExceptionRecord@@PAUEHRegistrationNode@@PAU_CONTEXT@@PAXPBU_s_FuncInfo@@EH1@Z 100160bc f   LIBCMT:frame.obj
 0001:000155ec       _fastcopy_I                100165ec f   LIBCMT:p4_memcpy.obj
 0001:00015756       _has_osfxsr_set            10016756 f   LIBCMT:cpu_disp.obj
 0001:00016998       __unwind_handler4          10017998 f   LIBCMT:exsup4.obj
 0001:00016bad       ?__crtGetStringTypeA_stat@@YAHPAUlocaleinfo_struct@@KPBDHPAGHHH@Z 10017bad f   LIBCMT:a_str.obj
 0001:000173fc       _fastzero_I                100183fc f   LIBCMT:p4_memset.obj
 0001:000178dc       _siglookup                 100188dc f   LIBCMT:winsig.obj
 0001:00017aee       ?x_ismbbtype_l@@YAHPAUlocaleinfo_struct@@IHH@Z 10018aee f   LIBCMT:ismbbyte.obj
 0001:00017ca4       __unwind_handler           10018ca4 f   LIBCMT:exsup.obj
 0001:000182fa       _flsall                    100192fa f   LIBCMT:fflush.obj
 0001:000183e6       ?strtoxl@@YAKPAUlocaleinfo_struct@@PBDPAPBDHH@Z 100193e6 f   LIBCMT:strtol.obj
 0001:00019068       __shift                    1001a068 f   LIBCMT:cvt.obj
 0001:000190ad       __cftoe2_l                 1001a0ad f   LIBCMT:cvt.obj
 0001:0001967f       __cftof2_l                 1001a67f f   LIBCMT:cvt.obj
 0001:0001ba0f       __hw_cw                    1001ca0f f   LIBCMT:_ieee87_.obj
 0001:0001ba9d       ___hw_cw_sse2              1001ca9d f   LIBCMT:_ieee87_.obj
 0001:0001c090       __unwindfunclet$?_Xran@_String_base@std@@SAXXZ$0 1001d090 f   libcpmt:string.obj
 0001:0001c090       __unwindfunclet$?_Xlen@_String_base@std@@SAXXZ$0 1001d090 f   libcpmt:string.obj
 0001:0001c098       __ehhandler$?_Xran@_String_base@std@@SAXXZ 1001d098 f   libcpmt:string.obj
 0001:0001c098       __ehhandler$?_Xlen@_String_base@std@@SAXXZ 1001d098 f   libcpmt:string.obj
 0001:0001c0b3       __unwindfunclet$??0logic_error@std@@QAE@ABV01@@Z$0 1001d0b3 f   libcpmt:string.obj
 0001:0001c0b3       __unwindfunclet$??0logic_error@std@@QAE@ABV?$basic_string@DU?$char_traits@D@std@@V?$allocator@D@2@@1@@Z$0 1001d0b3 f   libcpmt:string.obj
 0001:0001c0bb       __ehhandler$??0logic_error@std@@QAE@ABV?$basic_string@DU?$char_traits@D@std@@V?$allocator@D@2@@1@@Z 1001d0bb f   libcpmt:string.obj
 0001:0001c0bb       __ehhandler$??0logic_error@std@@QAE@ABV01@@Z 1001d0bb f   libcpmt:string.obj
 0001:0001c0d6       __ehhandler$?CallUnexpected@@YAXPBU_s_ESTypeList@@@Z 1001d0d6 f   LIBCMT:frame.obj
 0001:0001c100       __ehhandler$?_Copy@?$basic_string@DU?$char_traits@D@std@@V?$allocator@D@2@@std@@IAEXII@Z 1001d100 f    CIL library: CIL module
 0001:0001c120       __unwindfunclet$?CreateNewBattleLogDlg@@YAXPAU_BattleMgr_@@@Z$0 1001d120 f    CIL library: CIL module
 0001:0001c128       __ehhandler$?CreateNewBattleLogDlg@@YAXPAU_BattleMgr_@@@Z 1001d128 f    CIL library: CIL module
 0001:0001c150       __unwindfunclet$?IsSupportedFormatImage@@YAHPAD@Z$0 1001d150 f    CIL library: CIL module
 0001:0001c158       __unwindfunclet$?IsSupportedFormatImage@@YAHPAD@Z$1 1001d158 f    CIL library: CIL module
 0001:0001c160       __ehhandler$?IsSupportedFormatImage@@YAHPAD@Z 1001d160 f    CIL library: CIL module
 0001:0001c190       __unwindfunclet$?Y_Dlg_CustomPic@@YGHPAVHiHook@@HH@Z$0 1001d190 f    CIL library: CIL module
 0001:0001c198       __ehhandler$?Y_Dlg_CustomPic@@YGHPAVHiHook@@HH@Z 1001d198 f    CIL library: CIL module
 0001:0001c1c0       __unwindfunclet$?New_Dlg_CustomReq@@YAHPAU_Sphinx1_@@@Z$0 1001d1c0 f    CIL library: CIL module
 0001:0001c1c8       __ehhandler$?New_Dlg_CustomReq@@YAHPAU_Sphinx1_@@@Z 1001d1c8 f    CIL library: CIL module
 0001:0001c1f6       ??__Fnomem@?5???2@YAPAXI@Z@YAXXZ 1001d1f6 f   LIBCMT:new.obj
