 wog native dialogs

 Timestamp is 6186bddf (Sat Nov 06 20:39:43 2021)

 Preferred load address is 10000000

 Start         Length     Name                   Class
 0001:00000000 00022cfcH .text                   CODE
 0001:00022d00 000008c1H .text$x                 CODE
 0001:000235c1 00000014H .text$yd                CODE
 0002:00000000 0000013cH .idata$5                DATA
 0002:0000013c 00000004H .CRT$XCA                DATA
 0002:00000140 00000004H .CRT$XCZ                DATA
 0002:00000144 00000004H .CRT$XIA                DATA
 0002:00000148 00000010H .CRT$XIC                DATA
 0002:00000158 00000004H .CRT$XIZ                DATA
 0002:0000015c 00000004H .CRT$XPA                DATA
 0002:00000160 00000004H .CRT$XPX                DATA
 0002:00000164 00000004H .CRT$XPXA               DATA
 0002:00000168 00000004H .CRT$XPZ                DATA
 0002:0000016c 00000004H .CRT$XTA                DATA
 0002:00000170 00000004H .CRT$XTZ                DATA
 0002:00000180 00002678H .rdata                  DATA
 0002:000027f8 00000067H .rdata$debug            DATA
 0002:00002860 00000214H .rdata$r                DATA
 0002:00002a80 000000a4H .rdata$sxdata           DATA
 0002:00002b24 00000004H .rtc$IAA                DATA
 0002:00002b28 00000004H .rtc$IZZ                DATA
 0002:00002b2c 00000004H .rtc$TAA                DATA
 0002:00002b30 00000004H .rtc$TZZ                DATA
 0002:00002b38 00000e8cH .xdata$x                DATA
 0002:000039c4 00000028H .idata$2                DATA
 0002:000039ec 00000014H .idata$3                DATA
 0002:00003a00 0000013cH .idata$4                DATA
 0002:00003b3c 0000059cH .idata$6                DATA
 0002:000040e0 0000005eH .edata                  DATA
 0003:00000000 00001398H .data                   DATA
 0003:000013a0 000039b8H .bss                    DATA

  Address         Publics by Value              Rva+Base       Lib:Object

 0000:00000000       __except_list              00000000     <absolute>
 0000:00000029       ___safe_se_handler_count   00000029     <absolute>
 0000:00000000       ___ImageBase               10000000     <linker-defined>
 0001:00000000       ?WriteCodePatch@PatcherInstance@@QAAPAVPatch@@IPADZZ 10001000 f i wog native dialogs.obj
 0001:00000020       ??1bad_alloc@std@@UAE@XZ   10001020 f i wog native dialogs.obj
 0001:00000030       ??_Gbad_alloc@std@@UAEPAXI@Z 10001030 f i wog native dialogs.obj
 0001:00000030       ??_Ebad_alloc@std@@UAEPAXI@Z 10001030 f i  CIL library: CIL module
 0001:00000060       ??3@YAXPAX0@Z              10001060 f i wog native dialogs.obj
 0001:00000070       ?compare@?$char_traits@D@std@@SAHPBD0I@Z 10001070 f i wog native dialogs.obj
 0001:000000f0       ??0logic_error@std@@QAE@ABV?$basic_string@DU?$char_traits@D@std@@V?$allocator@D@2@@1@@Z 100010f0 f i wog native dialogs.obj
 0001:00000160       ??1logic_error@std@@UAE@XZ 10001160 f i wog native dialogs.obj
 0001:00000160       ??1length_error@std@@UAE@XZ 10001160 f i wog native dialogs.obj
 0001:000001a0       ?what@logic_error@std@@UBEPBDXZ 100011a0 f i wog native dialogs.obj
 0001:000001b0       ??_Glength_error@std@@UAEPAXI@Z 100011b0 f i wog native dialogs.obj
 0001:000001b0       ??_Elength_error@std@@UAEPAXI@Z 100011b0 f i  CIL library: CIL module
 0001:000001b0       ??_Glogic_error@std@@UAEPAXI@Z 100011b0 f i wog native dialogs.obj
 0001:000001b0       ??_Elogic_error@std@@UAEPAXI@Z 100011b0 f i  CIL library: CIL module
 0001:00000200       ??0length_error@std@@QAE@ABV?$basic_string@DU?$char_traits@D@std@@V?$allocator@D@2@@1@@Z 10001200 f i wog native dialogs.obj
 0001:00000220       ??0logic_error@std@@QAE@ABV01@@Z 10001220 f i wog native dialogs.obj
 0001:000002a0       ?Redraw@_Dlg_@@QAEXH@Z     100012a0 f i wog native dialogs.obj
 0001:000002c0       ?AddItem@_Dlg_@@QAEXPAU_DlgItem_@@@Z 100012c0 f i wog native dialogs.obj
 0001:000002f0       ?Create@_DlgStaticPcx8_@@SAPAU1@HHHHHPAD@Z 100012f0 f i wog native dialogs.obj
 0001:00000330       ?Create@_DlgStaticPcx8_@@SAPAU1@HHHPAD@Z 10001330 f i wog native dialogs.obj
 0001:00000380       ?Create@_DlgStaticDef_@@SAPAU1@HHHPADHHH@Z 10001380 f i wog native dialogs.obj
 0001:000003e0       ?Create@_DlgStaticPcx16_@@SAPAU1@HHHHHPADI@Z 100013e0 f i wog native dialogs.obj
 0001:00000420       ?Create@_DlgButton_@@SAPAU1@HHHPADHHHH@Z 10001420 f i wog native dialogs.obj
 0001:00000470       ?Create@_DlgTextButton_@@SAPAU1@HHHPAD00HHHHH@Z 10001470 f i wog native dialogs.obj
 0001:000004d0       ?b_MsgBox@@YAHPADH@Z       100014d0 f i wog native dialogs.obj
 0001:00000500       ?b_MsgBoxD@@YAHPADHHH@Z    10001500 f i wog native dialogs.obj
 0001:00000540       ?GetHero@_GameMgr_@@QAEPAU_Hero_@@H@Z 10001540 f i wog native dialogs.obj
 0001:00000560       ?Get_ITxtExp@@YAPADH@Z     10001560 f i wog native dialogs.obj
 0001:00000580       ?Y_Mouse_SetCursor@@YAXH@Z 10001580 f   wog native dialogs.obj
 0001:00000610       ?Set_DlgBackground_RK@@YAHPAU_Dlg_@@HH@Z 10001610 f   wog native dialogs.obj
 0001:00000bc0       ?b_MsgBoxAndDef@@YAXPADH0@Z 10001bc0 f   wog native dialogs.obj
 0001:00000df0       ?b_MsgBoxAndPcx8@@YAXPAD0H@Z 10001df0 f   wog native dialogs.obj
 0001:00001170       ?b_MsgBoxBig@@YAXPADD@Z    10002170 f   wog native dialogs.obj
 0001:000012b0       ?Y_MsgBoxAndAnimatedDef_Proc@@YGHPAV_CustomDlg_@@PAU_DlgMsg_@@@Z 100022b0 f   wog native dialogs.obj
 0001:00001330       ?b_MsgBoxAndAnimatedDef@@YAXPAD0@Z 10002330 f   wog native dialogs.obj
 0001:000016a0       ?e_ClickSound@@YAXXZ       100026a0 f i wog native dialogs.obj
 0001:000016f0       ?ConnectEra@Era@@YAXXZ     100026f0 f   wog native dialogs.obj
 0001:00001a30       ?F_MsgBox_OnlyTwoFirstItemsExist@@YAHPAU_Dlg_@@@Z 10002a30 f   wog native dialogs.obj
 0001:00001a80       ?F_MsgBox_ResetYellowFrames@@YAHPAU_Dlg_@@H@Z 10002a80 f   wog native dialogs.obj
 0001:00001ad0       ?F_MsgBox_Return@@YAHPAU_DlgMsg_@@H@Z 10002ad0 f   wog native dialogs.obj
 0001:00001b00       ?Y_New_MsgBox_GetNextItem@@YAHHH@Z 10002b00 f   wog native dialogs.obj
 0001:00001c30       ?Y_New_MsgBox_Proc@@YGHPAVHiHook@@PAU_DlgMsg_@@@Z 10002c30 f   wog native dialogs.obj
 0001:00001eb0       ?Y_New_MsgBox_SetDefaultFrameEnabled@@YGHPAVLoHook@@PAUHookContext@@@Z 10002eb0 f   wog native dialogs.obj
 0001:00001f60       ?Y_New_MsgBox_GetBitMask@@YGHPAVHiHook@@PAU_GameMgr_@@@Z 10002f60 f   wog native dialogs.obj
 0001:00001fd0       ?Dlg_MsgBox@@YAXPAVPatcherInstance@@@Z 10002fd0 f   wog native dialogs.obj
 0001:00002060       ?Y_Dlg_WoGMessage@@YGHPAVHiHook@@PAD1111@Z 10003060 f   wog native dialogs.obj
 0001:00002220       ?Y_WoG_PicDlg_Pcx8@@YGXPAVHiHook@@PAD1@Z 10003220 f   wog native dialogs.obj
 0001:000024c0       ?Y_WoG_PicDlg_Def@@YGXPAVHiHook@@PAD1@Z 100034c0 f   wog native dialogs.obj
 0001:00002760       ?Dlg_WoGMessageBox@@YAXPAVPatcherInstance@@@Z 10003760 f   wog native dialogs.obj
 0001:000027c0       ?Dlg_ChangeBmp@@YAXPAVPatcherInstance@@@Z 100037c0 f   wog native dialogs.obj
 0001:000035d0       ?Y_New_CommanderDlg_Proc@@YGHPAV_CustomDlg_@@PAU_DlgMsg_@@@Z 100045d0 f   wog native dialogs.obj
 0001:00003d60       ?Y_Dlg_NPC_Show@@YGHPAVHiHook@@PAU_DlgNPC_@@@Z 10004d60 f   wog native dialogs.obj
 0001:00005460       ?Y_Dlg_NPC_Prepare@@YGXPAVHiHook@@PAU_Npc_@@HHH@Z 10006460 f   wog native dialogs.obj
 0001:000054a0       ?Y_Dlg_NPC_ShowAgain_IfGetArtHero@@YGHPAVLoHook@@PAUHookContext@@@Z 100064a0 f   wog native dialogs.obj
 0001:000054c0       ?Y_HeroDlg_Create@@YGPAV_CustomDlg_@@PAVHiHook@@PAV1@@Z 100064c0 f   wog native dialogs.obj
 0001:00005520       ?Y_HeroDlg_Proc@@YGHPAVHiHook@@PAV_CustomDlg_@@PAU_DlgMsg_@@@Z 10006520 f   wog native dialogs.obj
 0001:00005790       ?Dlg_NPC@@YAXPAVPatcherInstance@@@Z 10006790 f   wog native dialogs.obj
 0001:00005820       ?New_Dlg_ExpaMon_Case8@@YAHH@Z 10006820 f   wog native dialogs.obj
 0001:00006180       ?New_Dlg_ExpaMon_BannerDlg_Proc@@YGHPAV_CustomDlg_@@PAU_DlgMsg_@@@Z 10007180 f   wog native dialogs.obj
 0001:00006250       ?New_Dlg_ExpaMon_BannerDlg@@YAHXZ 10007250 f   wog native dialogs.obj
 0001:00006650       ?New_Dlg_ExpaMon_Proc@@YGHPAV_CustomDlg_@@PAU_DlgMsg_@@@Z 10007650 f   wog native dialogs.obj
 0001:00006a70       ?Y_NewDlg_CreatureExpo@@YGHPAVHiHook@@PAU_CreatureExpo_@@@Z 10007a70 f   wog native dialogs.obj
 0001:00007640       ?Y_WoGCurseDlg_Proc@@YGHPAV_CustomDlg_@@PAU_DlgMsg_@@@Z 10008640 f   wog native dialogs.obj
 0001:00007740       ?Y_WoGCurseDlg_Show@@YGHPAVLoHook@@PAUHookContext@@@Z 10008740 f   wog native dialogs.obj
 0001:00007ae0       ?Y_WoGDlg_ChooseArt_Proc@@YGHPAV_CustomDlg_@@PAU_DlgMsg_@@@Z 10008ae0 f   wog native dialogs.obj
 0001:00007dd0       ?Y_WoGDlg_ChooseArt@@YGHPAVHiHook@@HPAU_Hero_@@H@Z 10008dd0 f   wog native dialogs.obj
 0001:00008450       ?WoG_PlaceCreature_RMC_Crtl@@YGHPAVLoHook@@PAUHookContext@@@Z 10009450 f   wog native dialogs.obj
 0001:00008480       _UseWin32InputControl      10009480 f   wog native dialogs.obj
 0001:000084a0       ?IsSupportedFormatImage@@YAHPAD@Z 100094a0 f   wog native dialogs.obj
 0001:00008780       ?New_Dlg_CustomReq_Proc@@YGHPAV_CustomDlg_@@PAU_DlgMsg_@@@Z 10009780 f   wog native dialogs.obj
 0001:00008940       ?New_Dlg_CustomReq@@YAHPAU_Sphinx1_@@@Z 10009940 f   wog native dialogs.obj
 0001:00009ba0       ?Y_Dlg_CustomReq@@YGHPAVHiHook@@HHPAPAD@Z 1000aba0 f   wog native dialogs.obj
 0001:00009e70       ?Y_WoGDlg_SphinxReq@@YGHPAVHiHook@@H@Z 1000ae70 f   wog native dialogs.obj
 0001:0000a000       ?Y_Dlg_QuickDialog@@YGHPAVHiHook@@PAU_Sphinx1_@@@Z 1000b000 f   wog native dialogs.obj
 0001:0000a090       ?Y_Dlg_CustomPic@@YGHPAVHiHook@@HH@Z 1000b090 f   wog native dialogs.obj
 0001:0000a3f0       ?Dlg_Sphinx@@YAXPAVPatcherInstance@@@Z 1000b3f0 f   wog native dialogs.obj
 0001:0000a4b0       ?New_Dlg_IF_G_Proc@@YGHPAV_CustomDlg_@@PAU_DlgMsg_@@@Z 1000b4b0 f   wog native dialogs.obj
 0001:0000a5d0       ?New_Dlg_IF_G@@YAHPAU_CheckBoxes_@@@Z 1000b5d0 f   wog native dialogs.obj
 0001:0000aa20       ?New_Dlg_IF_G_Lo@@YGHPAVLoHook@@PAUHookContext@@@Z 1000ba20 f   wog native dialogs.obj
 0001:0000aa80       ?Dlg_IFG@@YAXPAVPatcherInstance@@@Z 1000ba80 f   wog native dialogs.obj
 0001:0000aad0       ?Dlg_ChooseMonAttack_Proc@@YGHPAV_CustomDlg_@@PAU_DlgMsg_@@@Z 1000bad0 f   wog native dialogs.obj
 0001:0000ab10       ?Dlg_ChooseMonAttack@@YGHPAVHiHook@@HHH@Z 1000bb10 f   wog native dialogs.obj
 0001:0000adf0       ?Y_NewScenarioDlg_SetScrolledShoose@@YAHPAU_NewScenarioDlg_@@PAU_DlgMsg_@@@Z 1000bdf0 f   wog native dialogs.obj
 0001:0000ae80       ?Redraw_WoGDlgSetup_ElemOnPage@@YAHPAV_CustomDlg_@@PAU_DlgSetup_@@H@Z 1000be80 f   wog native dialogs.obj
 0001:0000b070       ?ShowHide_WoGDlgSetup_ElemOnPage@@YAHPAV_CustomDlg_@@HPAU_DlgSetup_@@H@Z 1000c070 f   wog native dialogs.obj
 0001:0000b260       ?Create_WoGDlgSetup_ElemOnPage@@YAHPAV_CustomDlg_@@HPAU_DlgSetup_@@@Z 1000c260 f   wog native dialogs.obj
 0001:0000b650       ?setYellowFrames@@YAXPAV_CustomDlg_@@H@Z 1000c650 f   wog native dialogs.obj
 0001:0000c1b0       ?Dlg_WoG_Options_Proc@@YGHPAV_CustomDlg_@@PAU_DlgMsg_@@@Z 1000d1b0 f   wog native dialogs.obj
 0001:0000c900       ?Dlg_WoG_Options_Show@@YGXPAVHiHook@@H@Z 1000d900 f   wog native dialogs.obj
 0001:0000ce50       ?Y_NewScenarioDlg_Proc@@YGHPAVHiHook@@PAU_NewScenarioDlg_@@PAU_DlgMsg_@@@Z 1000de50 f   wog native dialogs.obj
 0001:0000cee0       ?Y_NewScenarioDlg_BlockScrollBar@@YGHPAVHiHook@@PAX@Z 1000dee0 f   wog native dialogs.obj
 0001:0000cf10       ?Y_NewScenarioDlg_Create@@YGXPAVHiHook@@PAU_NewScenarioDlg_@@H@Z 1000df10 f   wog native dialogs.obj
 0001:0000cf70       ?Dlg_WoGOptions@@YAXPAVPatcherInstance@@@Z 1000df70 f   wog native dialogs.obj
 0001:0000d020       ?WOG_ProcessAll@@YGXPAVHiHook@@@Z 1000e020 f   wog native dialogs.obj
 0001:0000d300       ?Dlg_SaveDatFile1@@YGHPAVLoHook@@PAUHookContext@@@Z 1000e300 f   wog native dialogs.obj
 0001:0000d390       ?Dlg_LoadDatFile1@@YGHPAVLoHook@@PAUHookContext@@@Z 1000e390 f   wog native dialogs.obj
 0001:0000d420       ?WoGOptionsStrings@@YAXPAVPatcherInstance@@@Z 1000e420 f   wog native dialogs.obj
 0001:0000d480       ?Dlg_ChooseCastleReBuild_Proc@@YGHPAV_CustomDlg_@@PAU_DlgMsg_@@@Z 1000e480 f   wog native dialogs.obj
 0001:0000d5d0       ?Dlg_ChooseCastleReBuild@@YAHXZ 1000e5d0 f   wog native dialogs.obj
 0001:0000db90       ?HiHook_Dlg_ChooseCastleReBuild@@YGHPAVHiHook@@@Z 1000eb90 f   wog native dialogs.obj
 0001:0000dba0       ?LoHook_Dlg_ChooseCastleReBuild@@YGHPAVLoHook@@PAUHookContext@@@Z 1000eba0 f   wog native dialogs.obj
 0001:0000dbd0       ?Y_Dlg_HeroLvlUp_Proc@@YGHPAVHiHook@@HPAU_DlgMsg_@@@Z 1000ebd0 f   wog native dialogs.obj
 0001:0000dcc0       ?Y_Lo_Dlg_HeroLvlUp_Create@@YGHPAVLoHook@@PAUHookContext@@@Z 1000ecc0 f   wog native dialogs.obj
 0001:0000dce0       ?Y_BATTLE_Proc@@YGHPAVHiHook@@PAU_BattleMgr_@@PAU_DlgMsg_@@@Z 1000ece0 f   wog native dialogs.obj
 0001:0000de30       ?Y_EndBattle@@YGHPAVLoHook@@PAUHookContext@@@Z 1000ee30 f   wog native dialogs.obj
 0001:0000dee0       ?StartHD5Functions@@YAXXZ  1000eee0 f   wog native dialogs.obj
 0001:0000df50       ?HD5_Functions@@YAXPAVPatcherInstance@@@Z 1000ef50 f   wog native dialogs.obj
 0001:0000dfa0       ?NewBattleLogDlg_Proc@@YGHPAV_CustomDlg_@@PAU_DlgMsg_@@@Z 1000efa0 f   wog native dialogs.obj
 0001:0000dfe0       ?CreateNewBattleLogDlg@@YAXPAU_BattleMgr_@@@Z 1000efe0 f   wog native dialogs.obj
 0001:0000e510       ?BattleLog_Proc@@YGHPAVHiHook@@PAU_BattleMgr_@@PAU_DlgMsg_@@@Z 1000f510 f   wog native dialogs.obj
 0001:0000e570       ?BattleLog_ReportNewRound@@YGXPAVHiHook@@IPBDHD@Z 1000f570 f   wog native dialogs.obj
 0001:0000e5c0       ?expandFilePath@fsman@@YA?AV?$basic_string@DU?$char_traits@D@std@@V?$allocator@D@2@@std@@ABV23@@Z 1000f5c0 f   wog native dialogs.obj
 0001:0000e810       ?isAbsPath@fsman@@YA_NABV?$basic_string@DU?$char_traits@D@std@@V?$allocator@D@2@@std@@@Z 1000f810 f   wog native dialogs.obj
 0001:0000e870       ?compareCaseInsensitively@fsman@@YA_NABV?$basic_string@DU?$char_traits@D@std@@V?$allocator@D@2@@std@@0@Z 1000f870 f   wog native dialogs.obj
 0001:0000e950       ?sortCaseInsensitively@fsman@@YAXAAV?$vector@V?$basic_string@DU?$char_traits@D@std@@V?$allocator@D@2@@std@@V?$allocator@V?$basic_string@DU?$char_traits@D@std@@V?$allocator@D@2@@std@@@2@@std@@@Z 1000f950 f   wog native dialogs.obj
 0001:0000e9b0       ??0FsMan@fsman@@QAE@ABV?$basic_string@DU?$char_traits@D@std@@V?$allocator@D@2@@std@@@Z 1000f9b0 f   wog native dialogs.obj
 0001:0000ea40       ?expandFilePath@FsMan@fsman@@QAE?AV?$basic_string@DU?$char_traits@D@std@@V?$allocator@D@2@@std@@ABV34@@Z 1000fa40 f   wog native dialogs.obj
 0001:0000eb40       ?changeDirectory@FsMan@fsman@@QAE_NABV?$basic_string@DU?$char_traits@D@std@@V?$allocator@D@2@@std@@@Z 1000fb40 f   wog native dialogs.obj
 0001:0000ec00       ?listDirectories@FsMan@fsman@@QAE?AV?$vector@V?$basic_string@DU?$char_traits@D@std@@V?$allocator@D@2@@std@@V?$allocator@V?$basic_string@DU?$char_traits@D@std@@V?$allocator@D@2@@std@@@2@@std@@XZ 1000fc00 f   wog native dialogs.obj
 0001:0000efb0       ?listFiles@FsMan@fsman@@QAE?AV?$vector@V?$basic_string@DU?$char_traits@D@std@@V?$allocator@D@2@@std@@V?$allocator@V?$basic_string@DU?$char_traits@D@std@@V?$allocator@D@2@@std@@@2@@std@@ABV?$basic_string@DU?$char_traits@D@std@@V?$allocator@D@2@@4@@Z 1000ffb0 f   wog native dialogs.obj
 0001:0000f370       ?NewDlg_ChooseFile_ChangeDirectory@@YAHPAV_CustomDlg_@@PAD@Z 10010370 f   wog native dialogs.obj
 0001:0000f4b0       ?NewDlg_ChooseFile_FolderOut@@YAHPAV_CustomDlg_@@@Z 100104b0 f   wog native dialogs.obj
 0001:0000f710       ?NewDlg_ChooseFile_FolderIn@@YAHPAV_CustomDlg_@@@Z 10010710 f   wog native dialogs.obj
 0001:0000f8a0       ?NewDlg_ChooseFile_JumpRootFolder@@YAHPAV_CustomDlg_@@@Z 100108a0 f   wog native dialogs.obj
 0001:0000fa20       ?NewDlg_ChooseFile_RedrawFrames@@YAHPAV_CustomDlg_@@PAU_ScrollFiles_@@@Z 10010a20 f   wog native dialogs.obj
 0001:0000fa80       ?NewDlg_ChooseFile_MooveFrameUp@@YAHPAV_CustomDlg_@@@Z 10010a80 f   wog native dialogs.obj
 0001:0000fb80       ?NewDlg_ChooseFile_MooveFrameDown@@YAHPAV_CustomDlg_@@@Z 10010b80 f   wog native dialogs.obj
 0001:0000fc80       ?NewDlg_ChooseFile_ScrollProc@@YIXHPAV_CustomDlg_@@@Z 10010c80 f   wog native dialogs.obj
 0001:00010240       ?NewDlg_ChooseFile_Rebuild@@YGHPAV_CustomDlg_@@@Z 10011240 f   wog native dialogs.obj
 0001:00010a80       ?NewDlg_ChooseFile_UdateEditText@@YAHPAV_CustomDlg_@@PAD@Z 10011a80 f   wog native dialogs.obj
 0001:00010b00       ?NewDlg_ChooseFile_SetTextOnEditTextItem@@YAHPAV_CustomDlg_@@H@Z 10011b00 f   wog native dialogs.obj
 0001:00010b60       ?NewDlg_ChooseFile_UpdateHintText@@YAXPAV_CustomDlg_@@PAU_DlgMsg_@@@Z 10011b60 f   wog native dialogs.obj
 0001:00010ca0       ?NewDlg_ChooseFile_Proc@@YGHPAV_CustomDlg_@@PAU_DlgMsg_@@@Z 10011ca0 f   wog native dialogs.obj
 0001:00011040       ?NewDlg_ChooseFile@@YGHPAU_ChooseFile_@@@Z 10012040 f   wog native dialogs.obj
 0001:00011b20       ??1FsMan@fsman@@QAE@XZ     10012b20 f i wog native dialogs.obj
 0001:00011b20       ?destroy@?$allocator@V?$basic_string@DU?$char_traits@D@std@@V?$allocator@D@2@@std@@@std@@QAEXPAV?$basic_string@DU?$char_traits@D@std@@V?$allocator@D@2@@2@@Z 10012b20 f i wog native dialogs.obj
 0001:00011b50       ?NewDlg_ChooseFile_Prepare@@YAHPAU_ChooseFile_@@@Z 10012b50 f   wog native dialogs.obj
 0001:00011f00       ?Dlg_WoG_Options_SaveOrLoad@@YGHPAVHiHook@@PAU_ChooseFile_@@PAD@Z 10012f00 f   wog native dialogs.obj
 0001:00012010       ?DlgEdit_IsCorrectInpulSymbol@@YGHPAVHiHook@@PAU_DlgTextEdit_@@PAU_DlgMsg_@@@Z 10013010 f   wog native dialogs.obj
 0001:00012130       ?Y_DlgTown_Proc@@YGHPAVHiHook@@PAU_TownMgr_@@PAU_DlgMsg_@@@Z 10013130 f   wog native dialogs.obj
 0001:000122a0       ?Y_Dlg_HeroesMeet@@YGHPAVLoHook@@PAUHookContext@@@Z 100132a0 f   wog native dialogs.obj
 0001:000122d0       ?Y_Battle_SetHintAttackGetDamage@@YGHPAVLoHook@@PAUHookContext@@@Z 100132d0 f   wog native dialogs.obj
 0001:000122f0       ?GetStringKilled@@YAPADPADPAU_BattleStack_@@@Z 100132f0 f   wog native dialogs.obj
 0001:00012420       ?BattleMgr_GetAttackDamage_Hint_LogString@@YGPAU_HStr_@@PAVHiHook@@PAU1@PAU_BattleStack_@@2EH@Z 10013420 f   wog native dialogs.obj
 0001:00012520       ?Y_Dlg_MainMenu_Create@@YGHPAVHiHook@@PAU_Dlg_@@@Z 10013520 f   wog native dialogs.obj
 0001:000125c0       ?OnReportVersion@@YGXPAUTEvent@Era@@@Z 100135c0 f   wog native dialogs.obj
 0001:000125f0       ?Y_LoadAllTXTinGames@@YGHPAVLoHook@@PAUHookContext@@@Z 100135f0 f   wog native dialogs.obj
 0001:00012610       ?Y_Hook_MainLoop@@YGHPAVLoHook@@PAUHookContext@@@Z 10013610 f   wog native dialogs.obj
 0001:00012a80       _DllMain@12                10013a80 f   wog native dialogs.obj
 0001:00012d70       ??0?$basic_string@DU?$char_traits@D@std@@V?$allocator@D@2@@std@@QAE@PBD@Z 10013d70 f i wog native dialogs.obj
 0001:00012db0       ??0?$basic_string@DU?$char_traits@D@std@@V?$allocator@D@2@@std@@QAE@ABV01@@Z 10013db0 f i wog native dialogs.obj
 0001:00012de0       ??1?$basic_string@DU?$char_traits@D@std@@V?$allocator@D@2@@std@@QAE@XZ 10013de0 f i wog native dialogs.obj
 0001:00012e10       ?append@?$basic_string@DU?$char_traits@D@std@@V?$allocator@D@2@@std@@QAEAAV12@PBD@Z 10013e10 f i wog native dialogs.obj
 0001:00012e30       ?erase@?$basic_string@DU?$char_traits@D@std@@V?$allocator@D@2@@std@@QAEAAV12@II@Z 10013e30 f i wog native dialogs.obj
 0001:00012ec0       ?begin@?$basic_string@DU?$char_traits@D@std@@V?$allocator@D@2@@std@@QAE?AV?$_String_iterator@DU?$char_traits@D@std@@V?$allocator@D@2@@2@XZ 10013ec0 f i wog native dialogs.obj
 0001:00012f20       ?end@?$basic_string@DU?$char_traits@D@std@@V?$allocator@D@2@@std@@QAE?AV?$_String_iterator@DU?$char_traits@D@std@@V?$allocator@D@2@@2@XZ 10013f20 f i wog native dialogs.obj
 0001:00012f80       ?substr@?$basic_string@DU?$char_traits@D@std@@V?$allocator@D@2@@std@@QBE?AV12@II@Z 10013f80 f i wog native dialogs.obj
 0001:00012fb0       ??0?$vector@V?$basic_string@DU?$char_traits@D@std@@V?$allocator@D@2@@std@@V?$allocator@V?$basic_string@DU?$char_traits@D@std@@V?$allocator@D@2@@std@@@2@@std@@QAE@XZ 10013fb0 f i wog native dialogs.obj
 0001:00012fb0       ??0?$vector@DV?$allocator@D@std@@@std@@QAE@XZ 10013fb0 f i wog native dialogs.obj
 0001:00013010       ??1?$vector@DV?$allocator@D@std@@@std@@QAE@XZ 10014010 f i wog native dialogs.obj
 0001:00013040       ??H?$_Vector_iterator@DV?$allocator@D@std@@@std@@QBE?AV01@H@Z 10014040 f i wog native dialogs.obj
 0001:00013090       ??1?$vector@V?$basic_string@DU?$char_traits@D@std@@V?$allocator@D@2@@std@@V?$allocator@V?$basic_string@DU?$char_traits@D@std@@V?$allocator@D@2@@std@@@2@@std@@QAE@XZ 10014090 f i wog native dialogs.obj
 0001:000130e0       ?push_back@?$vector@V?$basic_string@DU?$char_traits@D@std@@V?$allocator@D@2@@std@@V?$allocator@V?$basic_string@DU?$char_traits@D@std@@V?$allocator@D@2@@std@@@2@@std@@QAEXABV?$basic_string@DU?$char_traits@D@std@@V?$allocator@D@2@@2@@Z 100140e0 f i wog native dialogs.obj
 0001:00013190       ??1?$_Vector_val@DV?$allocator@D@std@@@std@@QAE@XZ 10014190 f i wog native dialogs.obj
 0001:00013190       ??1?$_Vector_val@V?$basic_string@DU?$char_traits@D@std@@V?$allocator@D@2@@std@@V?$allocator@V?$basic_string@DU?$char_traits@D@std@@V?$allocator@D@2@@std@@@2@@std@@QAE@XZ 10014190 f i wog native dialogs.obj
 0001:000131a0       ?append@?$basic_string@DU?$char_traits@D@std@@V?$allocator@D@2@@std@@QAEAAV12@PBDI@Z 100141a0 f i wog native dialogs.obj
 0001:000132b0       ?assign@?$basic_string@DU?$char_traits@D@std@@V?$allocator@D@2@@std@@QAEAAV12@ABV12@II@Z 100142b0 f i wog native dialogs.obj
 0001:00013390       ?assign@?$basic_string@DU?$char_traits@D@std@@V?$allocator@D@2@@std@@QAEAAV12@PBDI@Z 10014390 f i wog native dialogs.obj
 0001:00013470       ?find_last_of@?$basic_string@DU?$char_traits@D@std@@V?$allocator@D@2@@std@@QBEIPBDII@Z 10014470 f i wog native dialogs.obj
 0001:00013510       ?_Myptr@?$basic_string@DU?$char_traits@D@std@@V?$allocator@D@2@@std@@IBEPBDXZ 10014510 f i wog native dialogs.obj
 0001:00013520       ?resize@?$vector@DV?$allocator@D@std@@@std@@QAEXID@Z 10014520 f i wog native dialogs.obj
 0001:000135f0       ?_Ufill@?$vector@DV?$allocator@D@std@@@std@@IAEPADPADIABD@Z 100145f0 f i wog native dialogs.obj
 0001:00013620       ?insert@?$vector@V?$basic_string@DU?$char_traits@D@std@@V?$allocator@D@2@@std@@V?$allocator@V?$basic_string@DU?$char_traits@D@std@@V?$allocator@D@2@@std@@@2@@std@@QAE?AV?$_Vector_iterator@V?$basic_string@DU?$char_traits@D@std@@V?$allocator@D@2@@std@@V?$allocator@V?$basic_string@DU?$char_traits@D@std@@V?$allocator@D@2@@std@@@2@@2@V?$_Vector_const_iterator@V?$basic_string@DU?$char_traits@D@std@@V?$allocator@D@2@@std@@V?$allocator@V?$basic_string@DU?$char_traits@D@std@@V?$allocator@D@2@@std@@@2@@2@ABV?$basic_string@DU?$char_traits@D@std@@V?$allocator@D@2@@2@@Z 10014620 f i wog native dialogs.obj
 0001:00013700       ?_Ufill@?$vector@V?$basic_string@DU?$char_traits@D@std@@V?$allocator@D@2@@std@@V?$allocator@V?$basic_string@DU?$char_traits@D@std@@V?$allocator@D@2@@std@@@2@@std@@IAEPAV?$basic_string@DU?$char_traits@D@std@@V?$allocator@D@2@@2@PAV32@IABV32@@Z 10014700 f i wog native dialogs.obj
 0001:00013730       ?append@?$basic_string@DU?$char_traits@D@std@@V?$allocator@D@2@@std@@QAEAAV12@ABV12@II@Z 10014730 f i wog native dialogs.obj
 0001:00013820       ?_Grow@?$basic_string@DU?$char_traits@D@std@@V?$allocator@D@2@@std@@IAE_NI_N@Z 10014820 f i wog native dialogs.obj
 0001:000138e0       ?allocate@?$allocator@D@std@@QAEPADI@Z 100148e0 f i wog native dialogs.obj
 0001:00013940       ?erase@?$vector@DV?$allocator@D@std@@@std@@QAE?AV?$_Vector_iterator@DV?$allocator@D@std@@@2@V?$_Vector_const_iterator@DV?$allocator@D@std@@@2@0@Z 10014940 f i wog native dialogs.obj
 0001:000139d0       ?_Insert_n@?$vector@DV?$allocator@D@std@@@std@@IAEXV?$_Vector_const_iterator@DV?$allocator@D@std@@@2@IABD@Z 100149d0 f i wog native dialogs.obj
 0001:00013b90       ?_Insert_n@?$vector@V?$basic_string@DU?$char_traits@D@std@@V?$allocator@D@2@@std@@V?$allocator@V?$basic_string@DU?$char_traits@D@std@@V?$allocator@D@2@@std@@@2@@std@@IAEXV?$_Vector_const_iterator@V?$basic_string@DU?$char_traits@D@std@@V?$allocator@D@2@@std@@V?$allocator@V?$basic_string@DU?$char_traits@D@std@@V?$allocator@D@2@@std@@@2@@2@IABV?$basic_string@DU?$char_traits@D@std@@V?$allocator@D@2@@2@@Z 10014b90 f i wog native dialogs.obj
 0001:00013ee0       ?_Xlen@?$vector@DV?$allocator@D@std@@@std@@KAXXZ 10014ee0 f i wog native dialogs.obj
 0001:00013ee0       ?_Xlen@?$vector@V?$basic_string@DU?$char_traits@D@std@@V?$allocator@D@2@@std@@V?$allocator@V?$basic_string@DU?$char_traits@D@std@@V?$allocator@D@2@@std@@@2@@std@@KAXXZ 10014ee0 f i wog native dialogs.obj
 0001:00013f60       ?allocate@?$allocator@V?$basic_string@DU?$char_traits@D@std@@V?$allocator@D@2@@std@@@std@@QAEPAV?$basic_string@DU?$char_traits@D@std@@V?$allocator@D@2@@2@I@Z 10014f60 f i wog native dialogs.obj
 0001:00013fc0       ??0length_error@std@@QAE@ABV01@@Z 10014fc0 f i wog native dialogs.obj
 0001:00013fe0       ?_Copy@?$basic_string@DU?$char_traits@D@std@@V?$allocator@D@2@@std@@IAEXII@Z 10014fe0 f i wog native dialogs.obj
 0001:00014150       ??$transform@V?$_String_iterator@DU?$char_traits@D@std@@V?$allocator@D@2@@std@@V12@P6AHH@Z@std@@YA?AV?$_String_iterator@DU?$char_traits@D@std@@V?$allocator@D@2@@0@V10@00P6AHH@Z@Z 10015150 f i wog native dialogs.obj
 0001:000141b0       ??$?8DU?$char_traits@D@std@@V?$allocator@D@1@@std@@YA_NABV?$basic_string@DU?$char_traits@D@std@@V?$allocator@D@2@@0@PBD@Z 100151b0 f i wog native dialogs.obj
 0001:00014210       ??$?0V?$_Vector_iterator@DV?$allocator@D@std@@@std@@@?$basic_string@DU?$char_traits@D@std@@V?$allocator@D@2@@std@@QAE@V?$_Vector_iterator@DV?$allocator@D@std@@@1@0@Z 10015210 f i wog native dialogs.obj
 0001:00014250       ??$?HDU?$char_traits@D@std@@V?$allocator@D@1@@std@@YA?AV?$basic_string@DU?$char_traits@D@std@@V?$allocator@D@2@@0@ABV10@PBD@Z 10015250 f i wog native dialogs.obj
 0001:00014300       ??$?HDU?$char_traits@D@std@@V?$allocator@D@1@@std@@YA?AV?$basic_string@DU?$char_traits@D@std@@V?$allocator@D@2@@0@ABV10@0@Z 10015300 f i wog native dialogs.obj
 0001:000143b0       ??$VarValue@H@Patcher@@QAEAAHPAD@Z 100153b0 f i wog native dialogs.obj
 0001:000143f0       ??$_Umove@PAV?$basic_string@DU?$char_traits@D@std@@V?$allocator@D@2@@std@@@?$vector@V?$basic_string@DU?$char_traits@D@std@@V?$allocator@D@2@@std@@V?$allocator@V?$basic_string@DU?$char_traits@D@std@@V?$allocator@D@2@@std@@@2@@std@@IAEPAV?$basic_string@DU?$char_traits@D@std@@V?$allocator@D@2@@1@PAV21@00@Z 100153f0 f i wog native dialogs.obj
 0001:00014420       ??$fill@PAV?$basic_string@DU?$char_traits@D@std@@V?$allocator@D@2@@std@@V12@@std@@YAXPAV?$basic_string@DU?$char_traits@D@std@@V?$allocator@D@2@@0@0ABV10@@Z 10015420 f i wog native dialogs.obj
 0001:00014450       ??$_Unchecked_move_backward@PAV?$basic_string@DU?$char_traits@D@std@@V?$allocator@D@2@@std@@PAV12@@stdext@@YAPAV?$basic_string@DU?$char_traits@D@std@@V?$allocator@D@2@@std@@PAV12@00@Z 10015450 f i wog native dialogs.obj
 0001:000144b0       ??0bad_alloc@std@@QAE@ABV01@@Z 100154b0 f i wog native dialogs.obj
 0001:000144d0       ??$_Construct@V?$_Vector_iterator@DV?$allocator@D@std@@@std@@@?$basic_string@DU?$char_traits@D@std@@V?$allocator@D@2@@std@@QAEXV?$_Vector_iterator@DV?$allocator@D@std@@@1@0Uforward_iterator_tag@1@@Z 100154d0 f i wog native dialogs.obj
 0001:00014620       ??$_Sort@PAV?$basic_string@DU?$char_traits@D@std@@V?$allocator@D@2@@std@@HP6A_NABV12@0@Z@std@@YAXPAV?$basic_string@DU?$char_traits@D@std@@V?$allocator@D@2@@0@0HP6A_NABV10@1@Z@Z 10015620 f i wog native dialogs.obj
 0001:00014770       ??$?8DU?$char_traits@D@std@@V?$allocator@D@1@@std@@YA_NABV?$basic_string@DU?$char_traits@D@std@@V?$allocator@D@2@@0@0@Z 10015770 f i wog native dialogs.obj
 0001:000147e0       ??$_Uninit_fill_n@PAV?$basic_string@DU?$char_traits@D@std@@V?$allocator@D@2@@std@@IV12@V?$allocator@V?$basic_string@DU?$char_traits@D@std@@V?$allocator@D@2@@std@@@2@@std@@YAXPAV?$basic_string@DU?$char_traits@D@std@@V?$allocator@D@2@@0@IABV10@AAV?$allocator@V?$basic_string@DU?$char_traits@D@std@@V?$allocator@D@2@@std@@@0@U_Nonscalar_ptr_iterator_tag@0@U_Range_checked_iterator_tag@0@@Z 100157e0 f i wog native dialogs.obj
 0001:00014880       ??$_Destroy_range@V?$allocator@V?$basic_string@DU?$char_traits@D@std@@V?$allocator@D@2@@std@@@std@@@std@@YAXPAV?$basic_string@DU?$char_traits@D@std@@V?$allocator@D@2@@0@0AAV?$allocator@V?$basic_string@DU?$char_traits@D@std@@V?$allocator@D@2@@std@@@0@U_Nonscalar_ptr_iterator_tag@0@@Z 10015880 f i wog native dialogs.obj
 0001:000148c0       ?append@?$basic_string@DU?$char_traits@D@std@@V?$allocator@D@2@@std@@QAEAAV12@ID@Z 100158c0 f i wog native dialogs.obj
 0001:00014950       ??H?$_String_iterator@DU?$char_traits@D@std@@V?$allocator@D@2@@std@@QBE?AV01@H@Z 10015950 f i wog native dialogs.obj
 0001:000149c0       ??$_Unguarded_partition@PAV?$basic_string@DU?$char_traits@D@std@@V?$allocator@D@2@@std@@P6A_NABV12@0@Z@std@@YA?AU?$pair@PAV?$basic_string@DU?$char_traits@D@std@@V?$allocator@D@2@@std@@PAV12@@0@PAV?$basic_string@DU?$char_traits@D@std@@V?$allocator@D@2@@0@0P6A_NABV20@1@Z@Z 100159c0 f i wog native dialogs.obj
 0001:00014e60       ??$_Uninit_move@PAV?$basic_string@DU?$char_traits@D@std@@V?$allocator@D@2@@std@@PAV12@V?$allocator@V?$basic_string@DU?$char_traits@D@std@@V?$allocator@D@2@@std@@@2@@std@@YAPAV?$basic_string@DU?$char_traits@D@std@@V?$allocator@D@2@@0@PAV10@00AAV?$allocator@V?$basic_string@DU?$char_traits@D@std@@V?$allocator@D@2@@std@@@0@U_Swap_move_tag@0@U_Range_checked_iterator_tag@0@@Z 10015e60 f i wog native dialogs.obj
 0001:00014fa0       ??$_Move_backward_opt@PAV?$basic_string@DU?$char_traits@D@std@@V?$allocator@D@2@@std@@PAV12@Uforward_iterator_tag@2@@std@@YAPAV?$basic_string@DU?$char_traits@D@std@@V?$allocator@D@2@@0@PAV10@00Uforward_iterator_tag@0@U_Swap_move_tag@0@U_Range_checked_iterator_tag@0@@Z 10015fa0 f i wog native dialogs.obj
 0001:00015030       ??$_Median@PAV?$basic_string@DU?$char_traits@D@std@@V?$allocator@D@2@@std@@P6A_NABV12@0@Z@std@@YAXPAV?$basic_string@DU?$char_traits@D@std@@V?$allocator@D@2@@0@00P6A_NABV10@1@Z@Z 10016030 f i wog native dialogs.obj
 0001:00015210       ??$_Make_heap@PAV?$basic_string@DU?$char_traits@D@std@@V?$allocator@D@2@@std@@HV12@P6A_NABV12@0@Z@std@@YAXPAV?$basic_string@DU?$char_traits@D@std@@V?$allocator@D@2@@0@0P6A_NABV10@1@ZPAH0@Z 10016210 f i wog native dialogs.obj
 0001:00015290       ??$_Sort_heap@PAV?$basic_string@DU?$char_traits@D@std@@V?$allocator@D@2@@std@@P6A_NABV12@0@Z@std@@YAXPAV?$basic_string@DU?$char_traits@D@std@@V?$allocator@D@2@@0@0P6A_NABV10@1@Z@Z 10016290 f i wog native dialogs.obj
 0001:00015320       ??$_Insertion_sort1@PAV?$basic_string@DU?$char_traits@D@std@@V?$allocator@D@2@@std@@P6A_NABV12@0@ZV12@@std@@YAXPAV?$basic_string@DU?$char_traits@D@std@@V?$allocator@D@2@@0@0P6A_NABV10@1@Z0@Z 10016320 f i wog native dialogs.obj
 0001:00015470       ??$_Adjust_heap@PAV?$basic_string@DU?$char_traits@D@std@@V?$allocator@D@2@@std@@HV12@P6A_NABV12@0@Z@std@@YAXPAV?$basic_string@DU?$char_traits@D@std@@V?$allocator@D@2@@0@HHV10@P6A_NABV10@2@Z@Z 10016470 f i wog native dialogs.obj
 0001:000155a0       ?swap@?$basic_string@DU?$char_traits@D@std@@V?$allocator@D@2@@std@@QAEXAAV12@@Z 100165a0 f i wog native dialogs.obj
 0001:00015620       ??$_Push_heap@PAV?$basic_string@DU?$char_traits@D@std@@V?$allocator@D@2@@std@@HV12@P6A_NABV12@0@Z@std@@YAXPAV?$basic_string@DU?$char_traits@D@std@@V?$allocator@D@2@@0@HHV10@P6A_NABV10@2@Z@Z 10016620 f i wog native dialogs.obj
 0001:00015700       ??$_Pop_heap@PAV?$basic_string@DU?$char_traits@D@std@@V?$allocator@D@2@@std@@HV12@P6A_NABV12@0@Z@std@@YAXPAV?$basic_string@DU?$char_traits@D@std@@V?$allocator@D@2@@0@00V10@P6A_NABV10@2@ZPAH@Z 10016700 f i wog native dialogs.obj
 0001:000157b0       ?RedrawScreen@_DlgItem_@@QAEXXZ 100167b0 f   HoMM3_GUI.obj
 0001:000157e0       ?Create@_CustomDlg_@@SAPAV1@HHHHIP6GHPAV1@PAU_DlgMsg_@@@Z@Z 100167e0 f   HoMM3_GUI.obj
 0001:00015860       ?DlgProcBridge@_CustomDlg_@@SIHPAV1@IPAU_DlgMsg_@@@Z 10016860 f   HoMM3_GUI.obj
 0001:00015879       ??0out_of_range@std@@QAE@ABV?$basic_string@DU?$char_traits@D@std@@V?$allocator@D@2@@1@@Z 10016879 f i libcpmt:string.obj
 0001:00015896       ??1out_of_range@std@@UAE@XZ 10016896 f i libcpmt:string.obj
 0001:000158a1       ??_Eout_of_range@std@@UAEPAXI@Z 100168a1 f i libcpmt:string.obj
 0001:000158a1       ??_Gout_of_range@std@@UAEPAXI@Z 100168a1 f i libcpmt:string.obj
 0001:000158c8       ?_Xlen@_String_base@std@@SAXXZ 100168c8 f   libcpmt:string.obj
 0001:00015900       ?_Xran@_String_base@std@@SAXXZ 10016900 f   libcpmt:string.obj
 0001:00015938       ??0out_of_range@std@@QAE@ABV01@@Z 10016938 f i libcpmt:string.obj
 0001:00015955       @__security_check_cookie@4 10016955 f   LIBCMT:secchk.obj
 0001:00015964       _memmove_s                 10016964 f   LIBCMT:memmove_s.obj
 0001:000159c1       _sprintf                   100169c1 f   LIBCMT:sprintf.obj
 0001:00015a3e       ??0exception@std@@QAE@XZ   10016a3e f   LIBCMT:stdexcpt.obj
 0001:00015a4f       ??0exception@std@@QAE@ABQBD@Z 10016a4f f   LIBCMT:stdexcpt.obj
 0001:00015aa2       ??0exception@std@@QAE@ABQBDH@Z 10016aa2 f   LIBCMT:stdexcpt.obj
 0001:00015abf       ??0exception@std@@QAE@ABV01@@Z 10016abf f   LIBCMT:stdexcpt.obj
 0001:00015b1c       ??1exception@std@@UAE@XZ   10016b1c f   LIBCMT:stdexcpt.obj
 0001:00015b32       ?what@exception@std@@UBEPBDXZ 10016b32 f   LIBCMT:stdexcpt.obj
 0001:00015b3f       ??_Eexception@std@@UAEPAXI@Z 10016b3f f i LIBCMT:stdexcpt.obj
 0001:00015b3f       ??_Gexception@std@@UAEPAXI@Z 10016b3f f i LIBCMT:stdexcpt.obj
 0001:00015b60       _free                      10016b60 f   LIBCMT:free.obj
 0001:00015bf0       _memchr                    10016bf0 f   LIBCMT:memchr.obj
 0001:00015c9d       ??0_LocaleUpdate@@QAE@PAUlocaleinfo_struct@@@Z 10016c9d f i LIBCMT:tolower.obj
 0001:00015d24       __tolower_l                10016d24 f   LIBCMT:tolower.obj
 0001:00015e39       _tolower                   10016e39 f   LIBCMT:tolower.obj
 0001:00015e65       __initp_misc_invarg        10016e65 f   LIBCMT:invarg.obj
 0001:00015e74       __invoke_watson            10016e74 f   LIBCMT:invarg.obj
 0001:00015f9c       __invalid_parameter        10016f9c f   LIBCMT:invarg.obj
 0001:00015fc2       __invalid_parameter_noinfo 10016fc2 f   LIBCMT:invarg.obj
 0001:00015fd2       ??3@YAXPAX@Z               10016fd2 f   LIBCMT:delete.obj
 0001:00015fdd       _memcpy_s                  10016fdd f   LIBCMT:memcpy_s.obj
 0001:0001605a       ??1type_info@@UAE@XZ       1001705a f   LIBCMT:typinfo.obj
 0001:0001606a       ??_Gtype_info@@UAEPAXI@Z   1001706a f i LIBCMT:typinfo.obj
 0001:0001606a       ??_Etype_info@@UAEPAXI@Z   1001706a f i LIBCMT:typinfo.obj
 0001:0001608b       ??8type_info@@QBE_NABV0@@Z 1001708b f   LIBCMT:typinfo.obj
 0001:000160ab       ??0bad_alloc@std@@QAE@XZ   100170ab f i LIBCMT:new.obj
 0001:000160c6       ??2@YAPAXI@Z               100170c6 f   LIBCMT:new.obj
 0001:0001612b       __CRT_INIT@12              1001712b f   LIBCMT:dllcrt0.obj
 0001:00016356       __DllMainCRTStartup@12     10017356 f   LIBCMT:dllcrt0.obj
 0001:00016380       _strlen                    10017380 f   LIBCMT:strlen.obj
 0001:0001640b       __CxxThrowException@8      1001740b f   LIBCMT:throw.obj
 0001:00016457       ?_JumpToContinuation@@YGXPAXPAUEHRegistrationNode@@@Z 10017457 f   LIBCMT:_trnsctrl_.obj
 0001:00016489       ?_CallMemberFunction0@@YGXPAX0@Z 10017489 f   LIBCMT:_trnsctrl_.obj
 0001:00016489       ?_CallMemberFunction2@@YGXPAX00H@Z 10017489 f   LIBCMT:_trnsctrl_.obj
 0001:00016489       ?_CallMemberFunction1@@YGXPAX00@Z 10017489 f   LIBCMT:_trnsctrl_.obj
 0001:00016490       ?_UnwindNestedFrames@@YGXPAUEHRegistrationNode@@PAUEHExceptionRecord@@@Z 10017490 f   LIBCMT:_trnsctrl_.obj
 0001:000164e4       ___CxxFrameHandler3        100174e4 f   LIBCMT:_trnsctrl_.obj
 0001:0001654d       ?_CallSETranslator@@YAHPAUEHExceptionRecord@@PAUEHRegistrationNode@@PAX2PBU_s_FuncInfo@@H1@Z 1001754d f   LIBCMT:_trnsctrl_.obj
 0001:000166c3       ?_GetRangeOfTrysToCheck@@YAPBU_s_TryBlockMapEntry@@PBU_s_FuncInfo@@HHPAI1@Z 100176c3 f   LIBCMT:_trnsctrl_.obj
 0001:00016738       __CreateFrameInfo          10017738 f   LIBCMT:_trnsctrl_.obj
 0001:00016764       __IsExceptionObjectToBeDestroyed 10017764 f   LIBCMT:_trnsctrl_.obj
 0001:0001678b       __FindAndUnlinkFrame       1001778b f   LIBCMT:_trnsctrl_.obj
 0001:000167dd       ?_CallCatchBlock2@@YAPAXPAUEHRegistrationNode@@PBU_s_FuncInfo@@PAXHK@Z 100177dd f   LIBCMT:_trnsctrl_.obj
 0001:0001683d       __EH_prolog3               1001783d f   LIBCMT:ehprolg3.obj
 0001:00016870       __EH_prolog3_catch         10017870 f   LIBCMT:ehprolg3.obj
 0001:000168a6       ___report_gsfailure        100178a6 f   LIBCMT:gs_report.obj
 0001:000169b0       _memmove                   100179b0 f   LIBCMT:memmove.obj
 0001:00016d15       __get_errno_from_oserr     10017d15 f   LIBCMT:dosmap.obj
 0001:00016d57       __errno                    10017d57 f   LIBCMT:dosmap.obj
 0001:00016d6a       ___doserrno                10017d6a f   LIBCMT:dosmap.obj
 0001:00016d7d       __dosmaperr                10017d7d f   LIBCMT:dosmap.obj
 0001:00016da0       __flsbuf                   10017da0 f   LIBCMT:_flsbuf.obj
 0001:00016faa       __output_l                 10017faa f   LIBCMT:output.obj
 0001:00017b42       _strcpy_s                  10018b42 f   LIBCMT:strcpy_s.obj
 0001:00017baa       _V6_HeapAlloc              10018baa f   LIBCMT:malloc.obj
 0001:00017bf9       _malloc                    10018bf9 f   LIBCMT:malloc.obj
 0001:00017cc3       __heap_init                10018cc3 f   LIBCMT:heapinit.obj
 0001:00017cf3       __heap_term                10018cf3 f   LIBCMT:heapinit.obj
 0001:00017d67       __mtinitlocks              10018d67 f   LIBCMT:mlock.obj
 0001:00017db2       __mtdeletelocks            10018db2 f   LIBCMT:mlock.obj
 0001:00017e09       __unlock                   10018e09 f   LIBCMT:mlock.obj
 0001:00017e20       __mtinitlocknum            10018e20 f   LIBCMT:mlock.obj
 0001:00017ee3       __lock                     10018ee3 f   LIBCMT:mlock.obj
 0001:00017f16       ___sbh_find_block          10018f16 f   LIBCMT:sbheap.obj
 0001:00017f46       ___sbh_free_block          10018f46 f   LIBCMT:sbheap.obj
 0001:0001825c       ___sbh_alloc_new_region    1001925c f   LIBCMT:sbheap.obj
 0001:0001830c       ___sbh_alloc_new_group     1001930c f   LIBCMT:sbheap.obj
 0001:00018414       ___sbh_resize_block        10019414 f   LIBCMT:sbheap.obj
 0001:000186f5       ___sbh_alloc_block         100196f5 f   LIBCMT:sbheap.obj
 0001:000189dc       __SEH_prolog4              100199dc f   LIBCMT:sehprolg4.obj
 0001:00018a21       __SEH_epilog4              10019a21 f   LIBCMT:sehprolg4.obj
 0001:00018a40       __except_handler4          10019a40 f   LIBCMT:chandler4.obj
 0001:00018df2       ___updatetmbcinfo          10019df2 f   LIBCMT:mbctype.obj
 0001:00018f12       __setmbcp_nolock           10019f12 f   LIBCMT:mbctype.obj
 0001:000190f7       __setmbcp                  1001a0f7 f   LIBCMT:mbctype.obj
 0001:00019291       ___initmbctable            1001a291 f   LIBCMT:mbctype.obj
 0001:000192af       ___freetlocinfo            1001a2af f   LIBCMT:setlocal.obj
 0001:000193f8       ___addlocaleref            1001a3f8 f   LIBCMT:setlocal.obj
 0001:00019487       ___removelocaleref         1001a487 f   LIBCMT:setlocal.obj
 0001:0001955e       ___updatetlocinfo          1001a55e f   LIBCMT:setlocal.obj
 0001:000195d4       __encode_pointer           1001a5d4 f   LIBCMT:tidtable.obj
 0001:00019646       __encoded_null             1001a646 f   LIBCMT:tidtable.obj
 0001:0001964f       __decode_pointer           1001a64f f   LIBCMT:tidtable.obj
 0001:000196c1       ___crtTlsAlloc@4           1001a6c1 f   LIBCMT:tidtable.obj
 0001:000196ca       ___set_flsgetvalue         1001a6ca f   LIBCMT:tidtable.obj
 0001:000196fe       __mtterm                   1001a6fe f   LIBCMT:tidtable.obj
 0001:0001973b       __initptd                  1001a73b f   LIBCMT:tidtable.obj
 0001:00019822       __getptd_noexit            1001a822 f   LIBCMT:tidtable.obj
 0001:0001989b       __getptd                   1001a89b f   LIBCMT:tidtable.obj
 0001:000198b5       __freefls@4                1001a8b5 f   LIBCMT:tidtable.obj
 0001:000199e4       __freeptd                  1001a9e4 f   LIBCMT:tidtable.obj
 0001:00019a52       __mtinit                   1001aa52 f   LIBCMT:tidtable.obj
 0001:00019bdf       __freea                    1001abdf f i LIBCMT:a_map.obj
 0001:00019fa4       ___crtLCMapStringA         1001afa4 f   LIBCMT:a_map.obj
 0001:00019fe9       __isleadbyte_l             1001afe9 f i LIBCMT:_wctype.obj
 0001:0001a021       _isleadbyte                1001b021 f i LIBCMT:_wctype.obj
 0001:0001a034       __isctype_l                1001b034 f   LIBCMT:isctype.obj
 0001:0001a0ec       __crt_debugger_hook        1001b0ec f   LIBCMT:dbghook.obj
 0001:0001a100       _memset                    1001b100 f   LIBCMT:memset.obj
 0001:0001a180       _memcpy                    1001b180 f   LIBCMT:memcpy.obj
 0001:0001a4e5       ?_Type_info_dtor@type_info@@CAXPAV1@@Z 1001b4e5 f   LIBCMT:typname.obj
 0001:0001a560       _strcmp                    1001b560 f   LIBCMT:strcmp.obj
 0001:0001a6a2       ___onexitinit              1001b6a2 f   LIBCMT:onexit.obj
 0001:0001a6d3       __onexit                   1001b6d3 f   LIBCMT:onexit.obj
 0001:0001a70f       _atexit                    1001b70f f   LIBCMT:onexit.obj
 0001:0001a726       __initp_heap_handler       1001b726 f   LIBCMT:handler.obj
 0001:0001a735       __callnewh                 1001b735 f   LIBCMT:handler.obj
 0001:0001a75d       __malloc_crt               1001b75d f   LIBCMT:crtheap.obj
 0001:0001a7a2       __calloc_crt               1001b7a2 f   LIBCMT:crtheap.obj
 0001:0001a7ee       __realloc_crt              1001b7ee f   LIBCMT:crtheap.obj
 0001:0001a83c       __crt_waiting_on_module_handle 1001b83c f   LIBCMT:crt0dat.obj
 0001:0001a86c       __amsg_exit                1001b86c f   LIBCMT:crt0dat.obj
 0001:0001a895       ___crtCorExitProcess       1001b895 f   LIBCMT:crt0dat.obj
 0001:0001a8c0       ___crtExitProcess          1001b8c0 f   LIBCMT:crt0dat.obj
 0001:0001a8d8       __lockexit                 1001b8d8 f   LIBCMT:crt0dat.obj
 0001:0001a8e1       __unlockexit               1001b8e1 f   LIBCMT:crt0dat.obj
 0001:0001a907       __initterm_e               1001b907 f   LIBCMT:crt0dat.obj
 0001:0001a92b       __cinit                    1001b92b f   LIBCMT:crt0dat.obj
 0001:0001aadc       __exit                     1001badc f   LIBCMT:crt0dat.obj
 0001:0001aaf2       __cexit                    1001baf2 f   LIBCMT:crt0dat.obj
 0001:0001ab01       __init_pointers            1001bb01 f   LIBCMT:crt0dat.obj
 0001:0001ab4f       __ioinit                   1001bb4f f   LIBCMT:ioinit.obj
 0001:0001ada3       __ioterm                   1001bda3 f   LIBCMT:ioinit.obj
 0001:0001adf1       __setenvp                  1001bdf1 f   LIBCMT:stdenvp.obj
 0001:0001b069       __setargv                  1001c069 f   LIBCMT:stdargv.obj
 0001:0001b124       ___crtGetEnvironmentStringsA 1001c124 f   LIBCMT:a_env.obj
 0001:0001b25b       __RTC_Initialize           1001c25b f   LIBCMT:_initsect_.obj
 0001:0001b281       __RTC_Terminate            1001c281 f   LIBCMT:_initsect_.obj
 0001:0001b2a7       __fpclear                  1001c2a7 f   LIBCMT:_fpinit_.obj
 0001:0001b2a7       __initp_misc_winxfltr      1001c2a7 f   LIBCMT:winxfltr.obj
 0001:0001b2a8       __XcptFilter               1001c2a8 f   LIBCMT:winxfltr.obj
 0001:0001b408       ___CppXcptFilter           1001c408 f   LIBCMT:winxfltr.obj
 0001:0001b428       ___security_init_cookie    1001c428 f   LIBCMT:gs_support.obj
 0001:0001b4be       ??0bad_exception@std@@QAE@PBD@Z 1001c4be f i LIBCMT:frame.obj
 0001:0001b4dc       ??1bad_exception@std@@UAE@XZ 1001c4dc f i LIBCMT:frame.obj
 0001:0001b4e7       ??_Gbad_exception@std@@UAEPAXI@Z 1001c4e7 f i LIBCMT:frame.obj
 0001:0001b4e7       ??_Ebad_exception@std@@UAEPAXI@Z 1001c4e7 f i LIBCMT:frame.obj
 0001:0001b50e       ___TypeMatch               1001c50e f   LIBCMT:frame.obj
 0001:0001b56d       ___FrameUnwindFilter       1001c56d f   LIBCMT:frame.obj
 0001:0001b5b6       ___FrameUnwindToState      1001c5b6 f   LIBCMT:frame.obj
 0001:0001b6dc       ___DestructExceptionObject 1001c6dc f   LIBCMT:frame.obj
 0001:0001b731       ___AdjustPointer           1001c731 f   LIBCMT:frame.obj
 0001:0001b9ba       ___BuildCatchObjectHelper  1001c9ba f   LIBCMT:frame.obj
 0001:0001bb39       ___BuildCatchObject        1001cb39 f   LIBCMT:frame.obj
 0001:0001c074       ??0bad_exception@std@@QAE@ABV01@@Z 1001d074 f i LIBCMT:frame.obj
 0001:0001c091       ___InternalCxxFrameHandler 1001d091 f   LIBCMT:frame.obj
 0001:0001c177       ?terminate@@YAXXZ          1001d177 f   LIBCMT:hooks.obj
 0001:0001c1b0       ?unexpected@@YAXXZ         1001d1b0 f   LIBCMT:hooks.obj
 0001:0001c1c3       ?_inconsistency@@YAXXZ     1001d1c3 f   LIBCMT:hooks.obj
 0001:0001c1fb       __initp_eh_hooks           1001d1fb f   LIBCMT:hooks.obj
 0001:0001c210       __CallSettingFrame@12      1001d210 f   LIBCMT:lowhelpr.obj
 0001:0001c237       __NLG_Return               1001d237     LIBCMT:lowhelpr.obj
 0001:0001c2e3       __VEC_memcpy               1001d2e3 f   LIBCMT:p4_memcpy.obj
 0001:0001c416       __get_sse2_info            1001d416 f   LIBCMT:cpu_disp.obj
 0001:0001c478       ___sse2_available_init     1001d478 f   LIBCMT:cpu_disp.obj
 0001:0001c485       __lseeki64_nolock          1001d485 f   LIBCMT:lseeki64.obj
 0001:0001c50a       __lseeki64                 1001d50a f   LIBCMT:lseeki64.obj
 0001:0001c623       __write_nolock             1001d623 f   LIBCMT:write.obj
 0001:0001cd56       __write                    1001dd56 f   LIBCMT:write.obj
 0001:0001ce32       __getbuf                   1001de32 f   LIBCMT:_getbuf.obj
 0001:0001ce7b       __isatty                   1001de7b f   LIBCMT:isatty.obj
 0001:0001cedf       ___iob_func                1001dedf f   LIBCMT:_file.obj
 0001:0001cee5       ___initstdio               1001dee5 f   LIBCMT:_file.obj
 0001:0001cf96       ___endstdio                1001df96 f   LIBCMT:_file.obj
 0001:0001cfb6       __lock_file                1001dfb6 f   LIBCMT:_file.obj
 0001:0001cff7       __lock_file2               1001dff7 f   LIBCMT:_file.obj
 0001:0001d029       __unlock_file              1001e029 f   LIBCMT:_file.obj
 0001:0001d065       __unlock_file2             1001e065 f   LIBCMT:_file.obj
 0001:0001d094       __fileno                   1001e094 f   LIBCMT:fileno.obj
 0001:0001d0c6       __initp_misc_cfltcvt_tab   1001e0c6 f   LIBCMT:cmiscdat.obj
 0001:0001d0e7       __get_printf_count_output  1001e0e7 f   LIBCMT:printf.obj
 0001:0001d0fd       __wctomb_s_l               1001e0fd f   LIBCMT:wctomb.obj
 0001:0001d269       _wctomb_s                  1001e269 f   LIBCMT:wctomb.obj
 0001:0001d290       __aulldvrm                 1001e290 f   LIBCMT:ulldvrm.obj
 0001:0001d325       __NMSG_WRITE               1001e325 f   LIBCMT:crt0msg.obj
 0001:0001d4d0       __FF_MSGBANNER             1001e4d0 f   LIBCMT:crt0msg.obj
 0001:0001d509       __initp_misc_initcrit      1001e509 f   LIBCMT:initcrit.obj
 0001:0001d518       ___crtInitCritSecAndSpinCount 1001e518 f   LIBCMT:initcrit.obj
 0001:0001d578       __local_unwind4            1001e578 f   LIBCMT:exsup4.obj
 0001:0001d64e       __seh_longjmp_unwind4@4    1001e64e f   LIBCMT:exsup4.obj
 0001:0001d66a       @_EH4_CallFilterFunc@8     1001e66a f   LIBCMT:exsup4.obj
 0001:0001d681       @_EH4_TransferToHandler@8  1001e681 f   LIBCMT:exsup4.obj
 0001:0001d69a       @_EH4_GlobalUnwind@4       1001e69a f   LIBCMT:exsup4.obj
 0001:0001d6b4       @_EH4_LocalUnwind@16       1001e6b4 f   LIBCMT:exsup4.obj
 0001:0001d6d0       __ValidateImageBase        1001e6d0 f   LIBCMT:pesect.obj
 0001:0001d710       __FindPESection            1001e710 f   LIBCMT:pesect.obj
 0001:0001d760       __IsNonwritableInCurrentImage 1001e760 f   LIBCMT:pesect.obj
 0001:0001d9d7       ___crtGetStringTypeA       1001e9d7 f   LIBCMT:a_str.obj
 0001:0001da19       ___free_lc_time            1001ea19 f   LIBCMT:inittime.obj
 0001:0001dbae       ___free_lconv_num          1001ebae f   LIBCMT:initnum.obj
 0001:0001dbf3       ___free_lconv_mon          1001ebf3 f   LIBCMT:initmon.obj
 0001:0001dc81       _strcat_s                  1001ec81 f   LIBCMT:strcat_s.obj
 0001:0001dd00       _strcspn                   1001ed00 f   LIBCMT:strcspn.obj
 0001:0001dd46       _strncpy_s                 1001ed46 f   LIBCMT:strncpy_s.obj
 0001:0001de00       _strpbrk                   1001ee00 f   LIBCMT:strpbrk.obj
 0001:0001de40       ___ansicp                  1001ee40 f   LIBCMT:convrtcp.obj
 0001:0001de89       ___convertcp               1001ee89 f   LIBCMT:convrtcp.obj
 0001:0001e040       __alloca_probe_16          1001f040 f   LIBCMT:alloca16.obj
 0001:0001e056       __alloca_probe_8           1001f056     LIBCMT:alloca16.obj
 0001:0001e0c3       __VEC_memzero              1001f0c3 f   LIBCMT:p4_memset.obj
 0001:0001e152       __msize                    1001f152 f   LIBCMT:msize.obj
 0001:0001e1f5       __calloc_impl              1001f1f5 f   LIBCMT:calloc_impl.obj
 0001:0001e313       _realloc                   1001f313 f   LIBCMT:realloc.obj
 0001:0001e52e       __initp_misc_winsig        1001f52e f   LIBCMT:winsig.obj
 0001:0001e583       ___get_sigabrt             1001f583 f   LIBCMT:winsig.obj
 0001:0001e590       _raise                     1001f590 f   LIBCMT:winsig.obj
 0001:0001e740       __initp_misc_rand_s        1001f740 f   LIBCMT:rand_s.obj
 0001:0001e74f       __initp_misc_purevirt      1001f74f f   LIBCMT:inithelp.obj
 0001:0001e7b1       __ismbblead                1001f7b1 f   LIBCMT:ismbbyte.obj
 0001:0001e7c9       ?_ValidateWrite@@YAHPAXI@Z 1001f7c9 f   LIBCMT:validate.obj
 0001:0001e7c9       ?_ValidateRead@@YAHPBXI@Z  1001f7c9 f   LIBCMT:validate.obj
 0001:0001e7c9       ?_ValidateExecute@@YAHP6GHXZ@Z 1001f7c9 f   LIBCMT:validate.obj
 0001:0001e7db       _abort                     1001f7db f   LIBCMT:abort.obj
 0001:0001e8f4       __global_unwind2           1001f8f4 f   LIBCMT:exsup.obj
 0001:0001e959       __local_unwind2            1001f959 f   LIBCMT:exsup.obj
 0001:0001e9dd       __abnormal_termination     1001f9dd f   LIBCMT:exsup.obj
 0001:0001ea00       __NLG_Notify1              1001fa00 f   LIBCMT:exsup.obj
 0001:0001ea09       __NLG_Notify               1001fa09 f   LIBCMT:exsup.obj
 0001:0001ea20       __NLG_Dispatch             1001fa20     LIBCMT:exsup.obj
 0001:0001ea20       __NLG_Dispatch2            1001fa20     LIBCMT:exsup.obj
 0001:0001ea28       __NLG_Call                 1001fa28 f   LIBCMT:exsup.obj
 0001:0001ea2a       __NLG_Return2              1001fa2a     LIBCMT:exsup.obj
 0001:0001ea2b       __free_osfhnd              1001fa2b f   LIBCMT:osfinfo.obj
 0001:0001eab1       __get_osfhandle            1001fab1 f   LIBCMT:osfinfo.obj
 0001:0001eb28       ___lock_fhandle            1001fb28 f   LIBCMT:osfinfo.obj
 0001:0001ebc8       __unlock_fhandle           1001fbc8 f   LIBCMT:osfinfo.obj
 0001:0001ebef       __putwch_nolock            1001fbef f   LIBCMT:putwch.obj
 0001:0001ecb4       __mbtowc_l                 1001fcb4 f   LIBCMT:mbtowc.obj
 0001:0001edcb       _mbtowc                    1001fdcb f   LIBCMT:mbtowc.obj
 0001:0001edf0       __chkstk                   1001fdf0 f   LIBCMT:chkstk.obj
 0001:0001edf0       __alloca_probe             1001fdf0     LIBCMT:chkstk.obj
 0001:0001ee1b       __fcloseall                1001fe1b f   LIBCMT:closeall.obj
 0001:0001eeba       __flush                    1001feba f   LIBCMT:fflush.obj
 0001:0001ef22       __fflush_nolock            1001ff22 f   LIBCMT:fflush.obj
 0001:0001f044       __flushall                 10020044 f   LIBCMT:fflush.obj
 0001:0001f04d       __fptrap                   1002004d f   LIBCMT:crt0fp.obj
 0001:0001f285       _strtol                    10020285 f   LIBCMT:strtol.obj
 0001:0001f2b0       ___crtMessageBoxA          100202b0 f   LIBCMT:crtmbox.obj
 0001:0001f419       __set_error_mode           10020419 f   LIBCMT:errmode.obj
 0001:0001f464       _atol                      10020464 f   LIBCMT:atox.obj
 0001:0001f480       __allmul                   10020480 f   LIBCMT:llmul.obj
 0001:0001f4b4       __isdigit_l                100204b4 f i LIBCMT:_ctype.obj
 0001:0001f505       _isdigit                   10020505 f i LIBCMT:_ctype.obj
 0001:0001f533       ___initconout              10020533 f   LIBCMT:initcon.obj
 0001:0001f552       ___termcon                 10020552 f   LIBCMT:initcon.obj
 0001:0001f57f       __fclose_nolock            1002057f f   LIBCMT:fclose.obj
 0001:0001f5f6       _fclose                    100205f6 f   LIBCMT:fclose.obj
 0001:0001f672       __commit                   10020672 f   LIBCMT:commit.obj
 0001:0001f760       ___ascii_strnicmp          10020760 f   LIBCMT:_strnicm.obj
 0001:0001f7c1       __close_nolock             100207c1 f   LIBCMT:close.obj
 0001:0001f85d       __close                    1002085d f   LIBCMT:close.obj
 0001:0001f92a       __freebuf                  1002092a f   LIBCMT:_freebuf.obj
 0001:0001f970       _strchr                    10020970 f   LIBCMT:strchr.obj
 0001:0001f976       ___from_strstr_to_strchr   10020976     LIBCMT:strchr.obj
 0001:0001fa2e       _RtlUnwind@16              10020a2e f   kernel32:KERNEL32.dll
 0001:0001fa34       __cfltcvt_init             10020a34 f   LIBCMT:_fpinit_.obj
 0001:0001fa94       __fpmath                   10020a94 f   LIBCMT:_fpinit_.obj
 0001:0001fac0       __ftol2_sse                10020ac0 f   LIBCMT:ftol2.obj
 0001:0001fac9       __ftol2_pentium4           10020ac9 f   LIBCMT:ftol2.obj
 0001:0001fadc       __ftol2_sse_excpt          10020adc f   LIBCMT:ftol2.obj
 0001:0001faf6       __ftol2                    10020af6 f   LIBCMT:ftol2.obj
 0001:0001fb6b       __forcdecpt_l              10020b6b f   LIBCMT:cvt.obj
 0001:0001fbde       __cropzeros_l              10020bde f   LIBCMT:cvt.obj
 0001:0001fc60       __positive                 10020c60 f   LIBCMT:cvt.obj
 0001:0001fc7c       __fassign_l                10020c7c f   LIBCMT:cvt.obj
 0001:0001fcbe       __fassign                  10020cbe f   LIBCMT:cvt.obj
 0001:0001fcf7       __forcdecpt                10020cf7 f   LIBCMT:cvt.obj
 0001:0001fd0a       __cropzeros                10020d0a f   LIBCMT:cvt.obj
 0001:0001fe8c       __cftoe_l                  10020e8c f   LIBCMT:cvt.obj
 0001:0001ff5c       __cftoe                    10020f5c f   LIBCMT:cvt.obj
 0001:0001ff7c       __cftoa_l                  10020f7c f   LIBCMT:cvt.obj
 0001:000203e6       __cftof_l                  100213e6 f   LIBCMT:cvt.obj
 0001:000204a1       __cftog_l                  100214a1 f   LIBCMT:cvt.obj
 0001:0002059b       __cfltcvt_l                1002159b f   LIBCMT:cvt.obj
 0001:00020623       __cfltcvt                  10021623 f   LIBCMT:cvt.obj
 0001:00020646       __setdefaultprecision      10021646 f   LIBCMT:fp8.obj
 0001:00020671       __ms_p5_test_fdiv          10021671 f   LIBCMT:_testfdiv_.obj
 0001:000206af       __ms_p5_mp_test_fdiv       100216af f   LIBCMT:_testfdiv_.obj
 0001:000206e0       _strrchr                   100216e0 f   LIBCMT:strrchr.obj
 0001:0002070d       __atodbl_l                 1002170d f   LIBCMT:atodbl.obj
 0001:000207b5       __atoflt_l                 100217b5 f   LIBCMT:atodbl.obj
 0001:0002085d       __fptostr                  1002185d f   LIBCMT:_fptostr.obj
 0001:0002091c       ___dtold                   1002191c f   LIBCMT:_cfout_.obj
 0001:000209d9       __fltout2                  100219d9 f   LIBCMT:_cfout_.obj
 0001:00020a70       __alldvrm                  10021a70 f   LIBCMT:lldvrm.obj
 0001:00020b50       __aullshr                  10021b50 f   LIBCMT:ullshr.obj
 0001:00020b6f       __controlfp_s              10021b6f f   LIBCMT:_contrlfp_.obj
 0001:00020bdb       __ld12tod                  10021bdb f   LIBCMT:_intrncvt_.obj
 0001:0002111f       __ld12tof                  1002211f f   LIBCMT:_intrncvt_.obj
 0001:00021663       ___strgtold12_l            10022663 f   LIBCMT:_strgtold_.obj
 0001:00021d5b       _$I10_OUTPUT               10022d5b f   LIBCMT:_x10fout_.obj
 0001:000227ad       __control87                100237ad f i LIBCMT:_ieee87_.obj
 0001:00022abc       ___mtold12                 10023abc f   LIBCMT:_mantold_.obj
 0001:00022c8a       ___set_fpsr_sse2           10023c8a f   LIBCMT:_fpctrl_.obj
 0002:00000000       __imp__GetFullPathNameA@16 10025000     kernel32:KERNEL32.dll
 0002:00000004       __imp__FindFirstFileA@8    10025004     kernel32:KERNEL32.dll
 0002:00000008       __imp__GetProcAddress@8    10025008     kernel32:KERNEL32.dll
 0002:0000000c       __imp__FindClose@4         1002500c     kernel32:KERNEL32.dll
 0002:00000010       __imp__GetPrivateProfileStringA@24 10025010     kernel32:KERNEL32.dll
 0002:00000014       __imp__LoadLibraryA@4      10025014     kernel32:KERNEL32.dll
 0002:00000018       __imp__FindNextFileA@8     10025018     kernel32:KERNEL32.dll
 0002:0000001c       __imp__GetCurrentDirectoryA@8 1002501c     kernel32:KERNEL32.dll
 0002:00000020       __imp__CreateFileA@28      10025020     kernel32:KERNEL32.dll
 0002:00000024       __imp__SetFilePointer@16   10025024     kernel32:KERNEL32.dll
 0002:00000028       __imp__CloseHandle@4       10025028     kernel32:KERNEL32.dll
 0002:0000002c       __imp__GetLastError@0      1002502c     kernel32:KERNEL32.dll
 0002:00000030       __imp__HeapFree@12         10025030     kernel32:KERNEL32.dll
 0002:00000034       __imp__TerminateProcess@8  10025034     kernel32:KERNEL32.dll
 0002:00000038       __imp__GetCurrentProcess@0 10025038     kernel32:KERNEL32.dll
 0002:0000003c       __imp__UnhandledExceptionFilter@4 1002503c     kernel32:KERNEL32.dll
 0002:00000040       __imp__SetUnhandledExceptionFilter@4 10025040     kernel32:KERNEL32.dll
 0002:00000044       __imp__IsDebuggerPresent@0 10025044     kernel32:KERNEL32.dll
 0002:00000048       __imp__GetCurrentThreadId@0 10025048     kernel32:KERNEL32.dll
 0002:0000004c       __imp__GetCommandLineA@0   1002504c     kernel32:KERNEL32.dll
 0002:00000050       __imp__RaiseException@16   10025050     kernel32:KERNEL32.dll
 0002:00000054       __imp__RtlUnwind@16        10025054     kernel32:KERNEL32.dll
 0002:00000058       __imp__HeapAlloc@12        10025058     kernel32:KERNEL32.dll
 0002:0000005c       __imp__HeapCreate@12       1002505c     kernel32:KERNEL32.dll
 0002:00000060       __imp__HeapDestroy@4       10025060     kernel32:KERNEL32.dll
 0002:00000064       __imp__VirtualFree@12      10025064     kernel32:KERNEL32.dll
 0002:00000068       __imp__DeleteCriticalSection@4 10025068     kernel32:KERNEL32.dll
 0002:0000006c       __imp__LeaveCriticalSection@4 1002506c     kernel32:KERNEL32.dll
 0002:00000070       __imp__EnterCriticalSection@4 10025070     kernel32:KERNEL32.dll
 0002:00000074       __imp__VirtualAlloc@16     10025074     kernel32:KERNEL32.dll
 0002:00000078       __imp__HeapReAlloc@16      10025078     kernel32:KERNEL32.dll
 0002:0000007c       __imp__GetCPInfo@8         1002507c     kernel32:KERNEL32.dll
 0002:00000080       __imp__InterlockedIncrement@4 10025080     kernel32:KERNEL32.dll
 0002:00000084       __imp__InterlockedDecrement@4 10025084     kernel32:KERNEL32.dll
 0002:00000088       __imp__GetACP@0            10025088     kernel32:KERNEL32.dll
 0002:0000008c       __imp__GetOEMCP@0          1002508c     kernel32:KERNEL32.dll
 0002:00000090       __imp__IsValidCodePage@4   10025090     kernel32:KERNEL32.dll
 0002:00000094       __imp__GetModuleHandleW@4  10025094     kernel32:KERNEL32.dll
 0002:00000098       __imp__TlsGetValue@4       10025098     kernel32:KERNEL32.dll
 0002:0000009c       __imp__TlsAlloc@0          1002509c     kernel32:KERNEL32.dll
 0002:000000a0       __imp__TlsSetValue@8       100250a0     kernel32:KERNEL32.dll
 0002:000000a4       __imp__TlsFree@4           100250a4     kernel32:KERNEL32.dll
 0002:000000a8       __imp__SetLastError@4      100250a8     kernel32:KERNEL32.dll
 0002:000000ac       __imp__LCMapStringA@24     100250ac     kernel32:KERNEL32.dll
 0002:000000b0       __imp__WideCharToMultiByte@32 100250b0     kernel32:KERNEL32.dll
 0002:000000b4       __imp__MultiByteToWideChar@24 100250b4     kernel32:KERNEL32.dll
 0002:000000b8       __imp__LCMapStringW@24     100250b8     kernel32:KERNEL32.dll
 0002:000000bc       __imp__Sleep@4             100250bc     kernel32:KERNEL32.dll
 0002:000000c0       __imp__ExitProcess@4       100250c0     kernel32:KERNEL32.dll
 0002:000000c4       __imp__SetHandleCount@4    100250c4     kernel32:KERNEL32.dll
 0002:000000c8       __imp__GetStdHandle@4      100250c8     kernel32:KERNEL32.dll
 0002:000000cc       __imp__GetFileType@4       100250cc     kernel32:KERNEL32.dll
 0002:000000d0       __imp__GetStartupInfoA@4   100250d0     kernel32:KERNEL32.dll
 0002:000000d4       __imp__GetModuleFileNameA@12 100250d4     kernel32:KERNEL32.dll
 0002:000000d8       __imp__FreeEnvironmentStringsA@4 100250d8     kernel32:KERNEL32.dll
 0002:000000dc       __imp__GetEnvironmentStrings@0 100250dc     kernel32:KERNEL32.dll
 0002:000000e0       __imp__FreeEnvironmentStringsW@4 100250e0     kernel32:KERNEL32.dll
 0002:000000e4       __imp__GetEnvironmentStringsW@0 100250e4     kernel32:KERNEL32.dll
 0002:000000e8       __imp__QueryPerformanceCounter@4 100250e8     kernel32:KERNEL32.dll
 0002:000000ec       __imp__GetTickCount@0      100250ec     kernel32:KERNEL32.dll
 0002:000000f0       __imp__GetCurrentProcessId@0 100250f0     kernel32:KERNEL32.dll
 0002:000000f4       __imp__GetSystemTimeAsFileTime@4 100250f4     kernel32:KERNEL32.dll
 0002:000000f8       __imp__WriteFile@20        100250f8     kernel32:KERNEL32.dll
 0002:000000fc       __imp__GetConsoleCP@0      100250fc     kernel32:KERNEL32.dll
 0002:00000100       __imp__GetConsoleMode@8    10025100     kernel32:KERNEL32.dll
 0002:00000104       __imp__InitializeCriticalSectionAndSpinCount@8 10025104     kernel32:KERNEL32.dll
 0002:00000108       __imp__GetStringTypeA@20   10025108     kernel32:KERNEL32.dll
 0002:0000010c       __imp__GetStringTypeW@16   1002510c     kernel32:KERNEL32.dll
 0002:00000110       __imp__GetLocaleInfoA@16   10025110     kernel32:KERNEL32.dll
 0002:00000114       __imp__HeapSize@12         10025114     kernel32:KERNEL32.dll
 0002:00000118       __imp__SetStdHandle@8      10025118     kernel32:KERNEL32.dll
 0002:0000011c       __imp__WriteConsoleA@20    1002511c     kernel32:KERNEL32.dll
 0002:00000120       __imp__GetConsoleOutputCP@0 10025120     kernel32:KERNEL32.dll
 0002:00000124       __imp__WriteConsoleW@20    10025124     kernel32:KERNEL32.dll
 0002:00000128       __imp__FlushFileBuffers@4  10025128     kernel32:KERNEL32.dll
 0002:0000012c       __imp__GetModuleHandleA@4  1002512c     kernel32:KERNEL32.dll
 0002:00000130       \177KERNEL32_NULL_THUNK_DATA 10025130     kernel32:KERNEL32.dll
 0002:00000134       __imp__GetKeyState@4       10025134     user32:USER32.dll
 0002:00000138       \177USER32_NULL_THUNK_DATA 10025138     user32:USER32.dll
 0002:0000013c       ___xc_a                    1002513c     LIBCMT:crt0init.obj
 0002:00000140       ___xc_z                    10025140     LIBCMT:crt0init.obj
 0002:00000144       ___xi_a                    10025144     LIBCMT:crt0init.obj
 0002:00000158       ___xi_z                    10025158     LIBCMT:crt0init.obj
 0002:0000015c       ___xp_a                    1002515c     LIBCMT:crt0init.obj
 0002:00000168       ___xp_z                    10025168     LIBCMT:crt0init.obj
 0002:0000016c       ___xt_a                    1002516c     LIBCMT:crt0init.obj
 0002:00000170       ___xt_z                    10025170     LIBCMT:crt0init.obj
 0002:000001a0       ??_7bad_alloc@std@@6B@     100251a0     libcpmt:string.obj
 0002:000001ac       ??_7logic_error@std@@6B@   100251ac     libcpmt:string.obj
 0002:000001b8       ??_7length_error@std@@6B@  100251b8     libcpmt:string.obj
 0002:000001c4       ??_7out_of_range@std@@6B@  100251c4     libcpmt:string.obj
 0002:000001cc       ??_C@_0BA@JFNIOLAK@string?5too?5long?$AA@ 100251cc     libcpmt:string.obj
 0002:000001dc       ??_C@_0BI@CFPLBAOH@invalid?5string?5position?$AA@ 100251dc     libcpmt:string.obj
 0002:000001f8       ??_7exception@std@@6B@     100251f8     LIBCMT:stdexcpt.obj
 0002:00000200       ??_C@_0BC@EOODALEL@Unknown?5exception?$AA@ 10025200     LIBCMT:stdexcpt.obj
 0002:00000218       ??_7type_info@@6B@         10025218     LIBCMT:typinfo.obj
 0002:0000021c       __pDefaultRawDllMain       1002521c     LIBCMT:dllcrt0.obj
 0002:0000021c       __pRawDllMain              1002521c     LIBCMT:dllcrt0.obj
 0002:00000248       ??_C@_1O@CEDCILHN@?$AA?$CI?$AAn?$AAu?$AAl?$AAl?$AA?$CJ?$AA?$AA@ 10025248     LIBCMT:output.obj
 0002:00000258       ??_C@_06OJHGLDPL@?$CInull?$CJ?$AA@ 10025258     LIBCMT:output.obj
 0002:00000260       ___lookuptable             10025260     LIBCMT:output.obj
 0002:00000340       ??_C@_01NEMOKFLO@?$DN?$AA@ 10025340     LIBCMT:setlocal.obj
 0002:00000344       ??_C@_0O@NLDKAIKN@EncodePointer?$AA@ 10025344     LIBCMT:tidtable.obj
 0002:00000354       ??_C@_1BK@DBDEIDLH@?$AAK?$AAE?$AAR?$AAN?$AAE?$AAL?$AA3?$AA2?$AA?4?$AAD?$AAL?$AAL?$AA?$AA@ 10025354     LIBCMT:tidtable.obj
 0002:00000370       ??_C@_0O@KBPMFGHI@DecodePointer?$AA@ 10025370     LIBCMT:tidtable.obj
 0002:00000380       ??_C@_07PEJMOBNF@FlsFree?$AA@ 10025380     LIBCMT:tidtable.obj
 0002:00000388       ??_C@_0M@JCPCPOEF@FlsSetValue?$AA@ 10025388     LIBCMT:tidtable.obj
 0002:00000394       ??_C@_0M@GDNOONDI@FlsGetValue?$AA@ 10025394     LIBCMT:tidtable.obj
 0002:000003a0       ??_C@_08KNHFBNJ@FlsAlloc?$AA@ 100253a0     LIBCMT:tidtable.obj
 0002:000003ac       ??_C@_13NOLLCAOD@?$AA?$AA?$AA?$AA@ 100253ac     LIBCMT:a_map.obj
 0002:000003b0       ??_C@_0P@MIGLKIOC@CorExitProcess?$AA@ 100253b0     LIBCMT:crt0dat.obj
 0002:000003c0       ??_C@_1BI@BGOHAHKC@?$AAm?$AAs?$AAc?$AAo?$AAr?$AAe?$AAe?$AA?4?$AAd?$AAl?$AAl?$AA?$AA@ 100253c0     LIBCMT:crt0dat.obj
 0002:000003d8       __XcptActTab               100253d8     LIBCMT:winxfltr.obj
 0002:00000450       __pDestructExceptionObject 10025450     LIBCMT:frame.obj
 0002:00000458       ??_7bad_exception@std@@6B@ 10025458     LIBCMT:frame.obj
 0002:00000460       ??_C@_0O@DPKOEFFH@bad?5exception?$AA@ 10025460     LIBCMT:frame.obj
 0002:00000470       ___lookuptable_s           10025470     LIBCMT:outputs.obj
 0002:000004cc       ??_C@_0P@GGKDKEEG@runtime?5error?5?$AA@ 100254cc     LIBCMT:crt0msg.obj
 0002:000004dc       ??_C@_02PCIJFNDE@?$AN?6?$AA@ 100254dc     LIBCMT:crt0msg.obj
 0002:000004e0       ??_C@_0O@MJNIPGOH@TLOSS?5error?$AN?6?$AA@ 100254e0     LIBCMT:crt0msg.obj
 0002:000004f0       ??_C@_0N@BONNPDHF@SING?5error?$AN?6?$AA@ 100254f0     LIBCMT:crt0msg.obj
 0002:00000500       ??_C@_0P@MBDAJNE@DOMAIN?5error?$AN?6?$AA@ 10025500     LIBCMT:crt0msg.obj
 0002:00000510       ??_C@_0JL@DFDOOABL@R6034?$AN?6An?5application?5has?5made?5a@ 10025510     LIBCMT:crt0msg.obj
 0002:000005b0       ??_C@_0PH@EPAFIJ@R6033?$AN?6?9?5Attempt?5to?5use?5MSIL?5cod@ 100255b0     LIBCMT:crt0msg.obj
 0002:000006a8       ??_C@_0DD@BKEEABMM@R6032?$AN?6?9?5not?5enough?5space?5for?5lo@ 100256a8     LIBCMT:crt0msg.obj
 0002:000006e0       ??_C@_0GD@OFKILIED@R6031?$AN?6?9?5Attempt?5to?5initialize?5t@ 100256e0     LIBCMT:crt0msg.obj
 0002:00000744       ??_C@_0BP@LPMHJOKI@R6030?$AN?6?9?5CRT?5not?5initialized?$AN?6?$AA@ 10025744     LIBCMT:crt0msg.obj
 0002:00000764       ??_C@_0CF@KJDAIALP@R6028?$AN?6?9?5unable?5to?5initialize?5he@ 10025764     LIBCMT:crt0msg.obj
 0002:0000078c       ??_C@_0DF@GAKBPDFP@R6027?$AN?6?9?5not?5enough?5space?5for?5lo@ 1002578c     LIBCMT:crt0msg.obj
 0002:000007c4       ??_C@_0DF@IBLNNAIG@R6026?$AN?6?9?5not?5enough?5space?5for?5st@ 100257c4     LIBCMT:crt0msg.obj
 0002:000007fc       ??_C@_0CG@IOHKGFNJ@R6025?$AN?6?9?5pure?5virtual?5function?5c@ 100257fc     LIBCMT:crt0msg.obj
 0002:00000824       ??_C@_0DF@JIJJFJDC@R6024?$AN?6?9?5not?5enough?5space?5for?5_o@ 10025824     LIBCMT:crt0msg.obj
 0002:0000085c       ??_C@_0CJ@EGEJHFME@R6019?$AN?6?9?5unable?5to?5open?5console?5@ 1002585c     LIBCMT:crt0msg.obj
 0002:00000888       ??_C@_0CB@GNHNIELH@R6018?$AN?6?9?5unexpected?5heap?5error?$AN?6@ 10025888     LIBCMT:crt0msg.obj
 0002:000008ac       ??_C@_0CN@FOLDKNG@R6017?$AN?6?9?5unexpected?5multithread?5@ 100258ac     LIBCMT:crt0msg.obj
 0002:000008dc       ??_C@_0CM@FAHFJNHO@R6016?$AN?6?9?5not?5enough?5space?5for?5th@ 100258dc     LIBCMT:crt0msg.obj
 0002:00000908       ??_C@_0JG@LBKMGKLD@?$AN?6This?5application?5has?5requested@ 10025908     LIBCMT:crt0msg.obj
 0002:000009a0       ??_C@_0CM@FLCNIPKK@R6009?$AN?6?9?5not?5enough?5space?5for?5en@ 100259a0     LIBCMT:crt0msg.obj
 0002:000009cc       ??_C@_0CK@KMMJOAPP@R6008?$AN?6?9?5not?5enough?5space?5for?5ar@ 100259cc     LIBCMT:crt0msg.obj
 0002:000009f8       ??_C@_0CN@LEKKICBM@R6002?$AN?6?9?5floating?5point?5support?5@ 100259f8     LIBCMT:crt0msg.obj
 0002:00000a28       ??_C@_0CF@GOGNBNAK@Microsoft?5Visual?5C?$CL?$CL?5Runtime?5Lib@ 10025a28     LIBCMT:crt0msg.obj
 0002:00000a50       ??_C@_02PHMGELLB@?6?6?$AA@ 10025a50     LIBCMT:crt0msg.obj
 0002:00000a54       ??_C@_03KHICJKCI@?4?4?4?$AA@ 10025a54     LIBCMT:crt0msg.obj
 0002:00000a58       ??_C@_0BH@DNAGHKFM@?$DMprogram?5name?5unknown?$DO?$AA@ 10025a58     LIBCMT:crt0msg.obj
 0002:00000a70       ??_C@_0BK@OFGJDLJJ@Runtime?5Error?$CB?6?6Program?3?5?$AA@ 10025a70     LIBCMT:crt0msg.obj
 0002:00000a90       ___newctype                10025a90     LIBCMT:ctype.obj
 0002:00000d90       __wctype                   10025d90     LIBCMT:ctype.obj
 0002:00000f98       ___newclmap                10025f98     LIBCMT:ctype.obj
 0002:00001118       ___newcumap                10026118     LIBCMT:ctype.obj
 0002:00001298       ??_C@_08JCCMCCIL@HH?3mm?3ss?$AA@ 10026298     LIBCMT:strftime.obj
 0002:000012a4       ??_C@_0BE@CKGJFCPC@dddd?0?5MMMM?5dd?0?5yyyy?$AA@ 100262a4     LIBCMT:strftime.obj
 0002:000012b8       ??_C@_08BPBNCDIB@MM?1dd?1yy?$AA@ 100262b8     LIBCMT:strftime.obj
 0002:000012c4       ??_C@_02CJNFDJBF@PM?$AA@   100262c4     LIBCMT:strftime.obj
 0002:000012c8       ??_C@_02DEDBPAFC@AM?$AA@   100262c8     LIBCMT:strftime.obj
 0002:000012cc       ??_C@_08EDHMEBNP@December?$AA@ 100262cc     LIBCMT:strftime.obj
 0002:000012d8       ??_C@_08HCHEGEOA@November?$AA@ 100262d8     LIBCMT:strftime.obj
 0002:000012e4       ??_C@_07JJNFCEND@October?$AA@ 100262e4     LIBCMT:strftime.obj
 0002:000012ec       ??_C@_09BHHEALKD@September?$AA@ 100262ec     LIBCMT:strftime.obj
 0002:000012f8       ??_C@_06LBBHFDDG@August?$AA@ 100262f8     LIBCMT:strftime.obj
 0002:00001300       ??_C@_04MIEPOIFP@July?$AA@ 10026300     LIBCMT:strftime.obj
 0002:00001308       ??_C@_04CNLMGBGM@June?$AA@ 10026308     LIBCMT:strftime.obj
 0002:00001310       ??_C@_05DMJDNLEJ@April?$AA@ 10026310     LIBCMT:strftime.obj
 0002:00001318       ??_C@_05HPCKOFNC@March?$AA@ 10026318     LIBCMT:strftime.obj
 0002:00001320       ??_C@_08GNJGEPFN@February?$AA@ 10026320     LIBCMT:strftime.obj
 0002:0000132c       ??_C@_07CGJPFGJA@January?$AA@ 1002632c     LIBCMT:strftime.obj
 0002:00001334       ??_C@_03MKABNOCG@Dec?$AA@  10026334     LIBCMT:strftime.obj
 0002:00001338       ??_C@_03JPJOFNIA@Nov?$AA@  10026338     LIBCMT:strftime.obj
 0002:0000133c       ??_C@_03BMAOKBAD@Oct?$AA@  1002633c     LIBCMT:strftime.obj
 0002:00001340       ??_C@_03GGCAPAJC@Sep?$AA@  10026340     LIBCMT:strftime.obj
 0002:00001344       ??_C@_03IFJFEIGA@Aug?$AA@  10026344     LIBCMT:strftime.obj
 0002:00001348       ??_C@_03LBGABGKK@Jul?$AA@  10026348     LIBCMT:strftime.obj
 0002:0000134c       ??_C@_03IDFGHECI@Jun?$AA@  1002634c     LIBCMT:strftime.obj
 0002:00001350       ??_C@_03CNMDKL@May?$AA@    10026350     LIBCMT:strftime.obj
 0002:00001354       ??_C@_03LEOLGMJP@Apr?$AA@  10026354     LIBCMT:strftime.obj
 0002:00001358       ??_C@_03ODNJBKGA@Mar?$AA@  10026358     LIBCMT:strftime.obj
 0002:0000135c       ??_C@_03HJBDCHOM@Feb?$AA@  1002635c     LIBCMT:strftime.obj
 0002:00001360       ??_C@_03JIHJHPIE@Jan?$AA@  10026360     LIBCMT:strftime.obj
 0002:00001364       ??_C@_08INBOOONO@Saturday?$AA@ 10026364     LIBCMT:strftime.obj
 0002:00001370       ??_C@_06JECMNKMI@Friday?$AA@ 10026370     LIBCMT:strftime.obj
 0002:00001378       ??_C@_08HACCIKIA@Thursday?$AA@ 10026378     LIBCMT:strftime.obj
 0002:00001384       ??_C@_09DLIGFAKA@Wednesday?$AA@ 10026384     LIBCMT:strftime.obj
 0002:00001390       ??_C@_07BAAGCFCM@Tuesday?$AA@ 10026390     LIBCMT:strftime.obj
 0002:00001398       ??_C@_06JLEDEDGH@Monday?$AA@ 10026398     LIBCMT:strftime.obj
 0002:000013a0       ??_C@_06OOPIFAJ@Sunday?$AA@ 100263a0     LIBCMT:strftime.obj
 0002:000013a8       ??_C@_03FEFJNEK@Sat?$AA@   100263a8     LIBCMT:strftime.obj
 0002:000013ac       ??_C@_03IDIOELNC@Fri?$AA@  100263ac     LIBCMT:strftime.obj
 0002:000013b0       ??_C@_03IOFIKPDN@Thu?$AA@  100263b0     LIBCMT:strftime.obj
 0002:000013b4       ??_C@_03MHOMLAJA@Wed?$AA@  100263b4     LIBCMT:strftime.obj
 0002:000013b8       ??_C@_03NAGEINEP@Tue?$AA@  100263b8     LIBCMT:strftime.obj
 0002:000013bc       ??_C@_03PDAGKDH@Mon?$AA@   100263bc     LIBCMT:strftime.obj
 0002:000013c0       ??_C@_03KOEHGMDN@Sun?$AA@  100263c0     LIBCMT:strftime.obj
 0002:000013c4       ??_C@_0BK@CFCOFLF@?5Complete?5Object?5Locator?8?$AA@ 100263c4     LIBCMT:undname.obj
 0002:000013e0       ??_C@_0BN@MECKDCOJ@?5Class?5Hierarchy?5Descriptor?8?$AA@ 100263e0     LIBCMT:undname.obj
 0002:00001400       ??_C@_0BD@LGICGFMM@?5Base?5Class?5Array?8?$AA@ 10026400     LIBCMT:undname.obj
 0002:00001414       ??_C@_0BM@LDKODKLH@?5Base?5Class?5Descriptor?5at?5?$CI?$AA@ 10026414     LIBCMT:undname.obj
 0002:00001430       ??_C@_0BC@DAFEJGAK@?5Type?5Descriptor?8?$AA@ 10026430     LIBCMT:undname.obj
 0002:00001444       ??_C@_0BM@PMGGMLDN@?$GAlocal?5static?5thread?5guard?8?$AA@ 10026444     LIBCMT:undname.obj
 0002:00001460       ??_C@_0CL@FGIJHLCE@?$GAmanaged?5vector?5copy?5constructor@ 10026460     LIBCMT:undname.obj
 0002:0000148c       ??_C@_0CJ@GJELGAMM@?$GAvector?5vbase?5copy?5constructor?5i@ 1002648c     LIBCMT:undname.obj
 0002:000014b8       ??_C@_0CD@CGAJBKEJ@?$GAvector?5copy?5constructor?5iterato@ 100264b8     LIBCMT:undname.obj
 0002:000014dc       ??_C@_0CB@PDBIFEP@?$GAdynamic?5atexit?5destructor?5for?5?8@ 100264dc     LIBCMT:undname.obj
 0002:00001500       ??_C@_0BL@CLIPGLGB@?$GAdynamic?5initializer?5for?5?8?$AA@ 10026500     LIBCMT:undname.obj
 0002:0000151c       ??_C@_0CM@FCBBDIGB@?$GAeh?5vector?5vbase?5copy?5constructo@ 1002651c     LIBCMT:undname.obj
 0002:00001548       ??_C@_0CG@HLDDJMAG@?$GAeh?5vector?5copy?5constructor?5iter@ 10026548     LIBCMT:undname.obj
 0002:00001570       ??_C@_0CF@IMGKMJNO@?$GAmanaged?5vector?5destructor?5itera@ 10026570     LIBCMT:undname.obj
 0002:00001598       ??_C@_0CG@CFDHKGGD@?$GAmanaged?5vector?5constructor?5iter@ 10026598     LIBCMT:undname.obj
 0002:000015c0       ??_C@_0BN@CKNJLHMB@?$GAplacement?5delete?$FL?$FN?5closure?8?$AA@ 100265c0     LIBCMT:undname.obj
 0002:000015e0       ??_C@_0BL@CNOONJFP@?$GAplacement?5delete?5closure?8?$AA@ 100265e0     LIBCMT:undname.obj
 0002:000015fc       ??_C@_0P@HJKNJFNN@?$GAomni?5callsig?8?$AA@ 100265fc     LIBCMT:undname.obj
 0002:0000160c       ??_C@_09LBNFPBCA@?5delete?$FL?$FN?$AA@ 1002660c     LIBCMT:undname.obj
 0002:00001618       ??_C@_06FHBGPFGH@?5new?$FL?$FN?$AA@ 10026618     LIBCMT:undname.obj
 0002:00001620       ??_C@_0CE@IIHCMGGL@?$GAlocal?5vftable?5constructor?5closu@ 10026620     LIBCMT:undname.obj
 0002:00001644       ??_C@_0BA@KKLDJDLB@?$GAlocal?5vftable?8?$AA@ 10026644     LIBCMT:undname.obj
 0002:00001654       ??_C@_05KHLCHHI@?$GARTTI?$AA@ 10026654     LIBCMT:undname.obj
 0002:0000165c       ??_C@_03KLGMFNMG@?$GAEH?$AA@ 1002665c     LIBCMT:undname.obj
 0002:00001660       ??_C@_0BA@KBCDOMBN@?$GAudt?5returning?8?$AA@ 10026660     LIBCMT:undname.obj
 0002:00001670       ??_C@_0BL@LLKPOHJI@?$GAcopy?5constructor?5closure?8?$AA@ 10026670     LIBCMT:undname.obj
 0002:0000168c       ??_C@_0CH@OOJPLCPH@?$GAeh?5vector?5vbase?5constructor?5ite@ 1002668c     LIBCMT:undname.obj
 0002:000016b4       ??_C@_0CA@GCEOPDGL@?$GAeh?5vector?5destructor?5iterator?8?$AA@ 100266b4     LIBCMT:undname.obj
 0002:000016d4       ??_C@_0CB@JONCMFFK@?$GAeh?5vector?5constructor?5iterator?8@ 100266d4     LIBCMT:undname.obj
 0002:000016f8       ??_C@_0BL@NILFHHPC@?$GAvirtual?5displacement?5map?8?$AA@ 100266f8     LIBCMT:undname.obj
 0002:00001714       ??_C@_0CE@IKBNEHA@?$GAvector?5vbase?5constructor?5iterat@ 10026714     LIBCMT:undname.obj
 0002:00001738       ??_C@_0BN@LFPFMEDL@?$GAvector?5destructor?5iterator?8?$AA@ 10026738     LIBCMT:undname.obj
 0002:00001758       ??_C@_0BO@PFGOCPJJ@?$GAvector?5constructor?5iterator?8?$AA@ 10026758     LIBCMT:undname.obj
 0002:00001778       ??_C@_0BN@IMDCHIKM@?$GAscalar?5deleting?5destructor?8?$AA@ 10026778     LIBCMT:undname.obj
 0002:00001798       ??_C@_0BO@OBMKPJIG@?$GAdefault?5constructor?5closure?8?$AA@ 10026798     LIBCMT:undname.obj
 0002:000017b8       ??_C@_0BN@DEGPLNFK@?$GAvector?5deleting?5destructor?8?$AA@ 100267b8     LIBCMT:undname.obj
 0002:000017d8       ??_C@_0BD@JDLKDPAB@?$GAvbase?5destructor?8?$AA@ 100267d8     LIBCMT:undname.obj
 0002:000017ec       ??_C@_08OBABFOLI@?$GAstring?8?$AA@ 100267ec     LIBCMT:undname.obj
 0002:000017f8       ??_C@_0BF@KDPPACIK@?$GAlocal?5static?5guard?8?$AA@ 100267f8     LIBCMT:undname.obj
 0002:00001810       ??_C@_08LLFFHHDJ@?$GAtypeof?8?$AA@ 10026810     LIBCMT:undname.obj
 0002:0000181c       ??_C@_07FEEIOKP@?$GAvcall?8?$AA@ 1002681c     LIBCMT:undname.obj
 0002:00001824       ??_C@_09BLBHBJP@?$GAvbtable?8?$AA@ 10026824     LIBCMT:undname.obj
 0002:00001830       ??_C@_09IFPLHPGF@?$GAvftable?8?$AA@ 10026830     LIBCMT:undname.obj
 0002:0000183c       ??_C@_02MHEGNOJ@?$FO?$DN?$AA@ 1002683c     LIBCMT:undname.obj
 0002:00001840       ??_C@_02DHLNPPGH@?$HM?$DN?$AA@ 10026840     LIBCMT:undname.obj
 0002:00001844       ??_C@_02FGJGFEAB@?$CG?$DN?$AA@ 10026844     LIBCMT:undname.obj
 0002:00001848       ??_C@_03CDNPDDLA@?$DM?$DM?$DN?$AA@ 10026848     LIBCMT:undname.obj
 0002:0000184c       ??_C@_03IKFCCPFF@?$DO?$DO?$DN?$AA@ 1002684c     LIBCMT:undname.obj
 0002:00001850       ??_C@_02FENAOKFI@?$CF?$DN?$AA@ 10026850     LIBCMT:undname.obj
 0002:00001854       ??_C@_02FJEHGPIO@?1?$DN?$AA@ 10026854     LIBCMT:undname.obj
 0002:00001858       ??_C@_02FKMDLLOA@?9?$DN?$AA@ 10026858     LIBCMT:undname.obj
 0002:0000185c       ??_C@_02FOEOMHFC@?$CL?$DN?$AA@ 1002685c     LIBCMT:undname.obj
 0002:00001860       ??_C@_02FPIMKNGF@?$CK?$DN?$AA@ 10026860     LIBCMT:undname.obj
 0002:00001864       ??_C@_02NONPIBCD@?$HM?$HM?$AA@ 10026864     LIBCMT:undname.obj
 0002:00001868       ??_C@_02PPKAJPJL@?$CG?$CG?$AA@ 10026868     LIBCMT:undname.obj
 0002:0000186c       ??_C@_01DNKMNLPK@?$HM?$AA@ 1002686c     LIBCMT:undname.obj
 0002:00001870       ??_C@_01JKBOJNNK@?$FO?$AA@ 10026870     LIBCMT:undname.obj
 0002:00001874       ??_C@_01PJKLJHI@?$HO?$AA@  10026874     LIBCMT:undname.obj
[...]
 0001:00022e58       __ehhandler$??$_Adjust_heap@PAV?$basic_string@DU?$char_traits@D@std@@V?$allocator@D@2@@std@@HV12@P6A_NABV12@0@Z@std@@YAXPAV?$basic_string@DU?$char_traits@D@std@@V?$allocator@D@2@@0@HHV10@P6A_NABV10@2@Z@Z 10023e58 f    CIL library: CIL module
 0001:00022e80       __unwindfunclet$??$_Insertion_sort1@PAV?$basic_string@DU?$char_traits@D@std@@V?$allocator@D@2@@std@@P6A_NABV12@0@ZV12@@std@@YAXPAV?$basic_string@DU?$char_traits@D@std@@V?$allocator@D@2@@0@0P6A_NABV10@1@Z0@Z$0 10023e80 f    CIL library: CIL module
 0001:00022e80       __unwindfunclet$?CreateNewBattleLogDlg@@YAXPAU_BattleMgr_@@@Z$0 10023e80 f    CIL library: CIL module
 0001:00022e88       __ehhandler$?CreateNewBattleLogDlg@@YAXPAU_BattleMgr_@@@Z 10023e88 f    CIL library: CIL module
 0001:00022e88       __ehhandler$??$_Insertion_sort1@PAV?$basic_string@DU?$char_traits@D@std@@V?$allocator@D@2@@std@@P6A_NABV12@0@ZV12@@std@@YAXPAV?$basic_string@DU?$char_traits@D@std@@V?$allocator@D@2@@0@0P6A_NABV10@1@Z0@Z 10023e88 f    CIL library: CIL module
 0001:00022eb0       __unwindfunclet$??$_Uninit_fill_n@PAV?$basic_string@DU?$char_traits@D@std@@V?$allocator@D@2@@std@@IV12@V?$allocator@V?$basic_string@DU?$char_traits@D@std@@V?$allocator@D@2@@std@@@2@@std@@YAXPAV?$basic_string@DU?$char_traits@D@std@@V?$allocator@D@2@@0@IABV10@AAV?$allocator@V?$basic_string@DU?$char_traits@D@std@@V?$allocator@D@2@@std@@@0@U_Nonscalar_ptr_iterator_tag@0@U_Range_checked_iterator_tag@0@@Z$2 10023eb0 f    CIL library: CIL module
 0001:00022eb5       __ehhandler$??$_Uninit_fill_n@PAV?$basic_string@DU?$char_traits@D@std@@V?$allocator@D@2@@std@@IV12@V?$allocator@V?$basic_string@DU?$char_traits@D@std@@V?$allocator@D@2@@std@@@2@@std@@YAXPAV?$basic_string@DU?$char_traits@D@std@@V?$allocator@D@2@@0@IABV10@AAV?$allocator@V?$basic_string@DU?$char_traits@D@std@@V?$allocator@D@2@@std@@@0@U_Nonscalar_ptr_iterator_tag@0@U_Range_checked_iterator_tag@0@@Z 10023eb5 f    CIL library: CIL module
 0001:00022ed0       __ehhandler$??$_Construct@V?$_Vector_iterator@DV?$allocator@D@std@@@std@@@?$basic_string@DU?$char_traits@D@std@@V?$allocator@D@2@@std@@QAEXV?$_Vector_iterator@DV?$allocator@D@std@@@1@0Uforward_iterator_tag@1@@Z 10023ed0 f    CIL library: CIL module
 0001:00022ef0       __unwindfunclet$??$?HDU?$char_traits@D@std@@V?$allocator@D@1@@std@@YA?AV?$basic_string@DU?$char_traits@D@std@@V?$allocator@D@2@@0@ABV10@0@Z$0 10023ef0 f    CIL library: CIL module
 0001:00022ef0       __unwindfunclet$??$?HDU?$char_traits@D@std@@V?$allocator@D@1@@std@@YA?AV?$basic_string@DU?$char_traits@D@std@@V?$allocator@D@2@@0@ABV10@PBD@Z$0 10023ef0 f    CIL library: CIL module
 0001:00022ef8       __ehhandler$??$?HDU?$char_traits@D@std@@V?$allocator@D@1@@std@@YA?AV?$basic_string@DU?$char_traits@D@std@@V?$allocator@D@2@@0@ABV10@PBD@Z 10023ef8 f    CIL library: CIL module
 0001:00022ef8       __ehhandler$??$?HDU?$char_traits@D@std@@V?$allocator@D@1@@std@@YA?AV?$basic_string@DU?$char_traits@D@std@@V?$allocator@D@2@@0@ABV10@0@Z 10023ef8 f    CIL library: CIL module
 0001:00022f20       __unwindfunclet$?Y_Dlg_CustomPic@@YGHPAVHiHook@@HH@Z$0 10023f20 f    CIL library: CIL module
 0001:00022f28       __ehhandler$?Y_Dlg_CustomPic@@YGHPAVHiHook@@HH@Z 10023f28 f    CIL library: CIL module
 0001:00022f50       __unwindfunclet$?New_Dlg_CustomReq@@YAHPAU_Sphinx1_@@@Z$0 10023f50 f    CIL library: CIL module
 0001:00022f58       __ehhandler$?New_Dlg_CustomReq@@YAHPAU_Sphinx1_@@@Z 10023f58 f    CIL library: CIL module
 0001:00022f90       __unwindfunclet$?Y_WoG_PicDlg_Def@@YGXPAVHiHook@@PAD1@Z$0 10023f90 f    CIL library: CIL module
 0001:00022f90       __unwindfunclet$?Y_WoG_PicDlg_Pcx8@@YGXPAVHiHook@@PAD1@Z$0 10023f90 f    CIL library: CIL module
 0001:00022f90       __unwindfunclet$?IsSupportedFormatImage@@YAHPAD@Z$0 10023f90 f    CIL library: CIL module
 0001:00022f98       __unwindfunclet$?Y_WoG_PicDlg_Def@@YGXPAVHiHook@@PAD1@Z$1 10023f98 f    CIL library: CIL module
 0001:00022f98       __unwindfunclet$?Y_WoG_PicDlg_Pcx8@@YGXPAVHiHook@@PAD1@Z$1 10023f98 f    CIL library: CIL module
 0001:00022f98       __unwindfunclet$?IsSupportedFormatImage@@YAHPAD@Z$1 10023f98 f    CIL library: CIL module
 0001:00022fa0       __ehhandler$?IsSupportedFormatImage@@YAHPAD@Z 10023fa0 f    CIL library: CIL module
 0001:00022fa0       __ehhandler$?Y_WoG_PicDlg_Pcx8@@YGXPAVHiHook@@PAD1@Z 10023fa0 f    CIL library: CIL module
 0001:00022fa0       __ehhandler$?Y_WoG_PicDlg_Def@@YGXPAVHiHook@@PAD1@Z 10023fa0 f    CIL library: CIL module
 0001:00022fd0       __unwindfunclet$??$_Pop_heap@PAV?$basic_string@DU?$char_traits@D@std@@V?$allocator@D@2@@std@@HV12@P6A_NABV12@0@Z@std@@YAXPAV?$basic_string@DU?$char_traits@D@std@@V?$allocator@D@2@@0@00V10@P6A_NABV10@2@ZPAH@Z$0 10023fd0 f    CIL library: CIL module
 0001:00022fd8       __ehhandler$??$_Pop_heap@PAV?$basic_string@DU?$char_traits@D@std@@V?$allocator@D@2@@std@@HV12@P6A_NABV12@0@Z@std@@YAXPAV?$basic_string@DU?$char_traits@D@std@@V?$allocator@D@2@@0@00V10@P6A_NABV10@2@ZPAH@Z 10023fd8 f    CIL library: CIL module
 0001:00023000       __unwindfunclet$??$_Uninit_move@PAV?$basic_string@DU?$char_traits@D@std@@V?$allocator@D@2@@std@@PAV12@V?$allocator@V?$basic_string@DU?$char_traits@D@std@@V?$allocator@D@2@@std@@@2@@std@@YAPAV?$basic_string@DU?$char_traits@D@std@@V?$allocator@D@2@@0@PAV10@00AAV?$allocator@V?$basic_string@DU?$char_traits@D@std@@V?$allocator@D@2@@std@@@0@U_Swap_move_tag@0@U_Range_checked_iterator_tag@0@@Z$2 10024000 f    CIL library: CIL module
 0001:00023008       __unwindfunclet$??$_Uninit_move@PAV?$basic_string@DU?$char_traits@D@std@@V?$allocator@D@2@@std@@PAV12@V?$allocator@V?$basic_string@DU?$char_traits@D@std@@V?$allocator@D@2@@std@@@2@@std@@YAPAV?$basic_string@DU?$char_traits@D@std@@V?$allocator@D@2@@0@PAV10@00AAV?$allocator@V?$basic_string@DU?$char_traits@D@std@@V?$allocator@D@2@@std@@@0@U_Swap_move_tag@0@U_Range_checked_iterator_tag@0@@Z$3 10024008 f    CIL library: CIL module
 0001:0002300d       __ehhandler$??$_Uninit_move@PAV?$basic_string@DU?$char_traits@D@std@@V?$allocator@D@2@@std@@PAV12@V?$allocator@V?$basic_string@DU?$char_traits@D@std@@V?$allocator@D@2@@std@@@2@@std@@YAPAV?$basic_string@DU?$char_traits@D@std@@V?$allocator@D@2@@0@PAV10@00AAV?$allocator@V?$basic_string@DU?$char_traits@D@std@@V?$allocator@D@2@@std@@@0@U_Swap_move_tag@0@U_Range_checked_iterator_tag@0@@Z 1002400d f    CIL library: CIL module
 0001:00023040       __unwindfunclet$?_Xlen@?$vector@DV?$allocator@D@std@@@std@@KAXXZ$0 10024040 f    CIL library: CIL module
 0001:00023040       __unwindfunclet$?_Xlen@?$vector@V?$basic_string@DU?$char_traits@D@std@@V?$allocator@D@2@@std@@V?$allocator@V?$basic_string@DU?$char_traits@D@std@@V?$allocator@D@2@@std@@@2@@std@@KAXXZ$0 10024040 f    CIL library: CIL module
 0001:00023048       __ehhandler$?_Xlen@?$vector@V?$basic_string@DU?$char_traits@D@std@@V?$allocator@D@2@@std@@V?$allocator@V?$basic_string@DU?$char_traits@D@std@@V?$allocator@D@2@@std@@@2@@std@@KAXXZ 10024048 f    CIL library: CIL module
 0001:00023048       __ehhandler$?_Xlen@?$vector@DV?$allocator@D@std@@@std@@KAXXZ 10024048 f    CIL library: CIL module
 0001:00023070       __unwindfunclet$?_Insert_n@?$vector@V?$basic_string@DU?$char_traits@D@std@@V?$allocator@D@2@@std@@V?$allocator@V?$basic_string@DU?$char_traits@D@std@@V?$allocator@D@2@@std@@@2@@std@@IAEXV?$_Vector_const_iterator@V?$basic_string@DU?$char_traits@D@std@@V?$allocator@D@2@@std@@V?$allocator@V?$basic_string@DU?$char_traits@D@std@@V?$allocator@D@2@@std@@@2@@2@IABV?$basic_string@DU?$char_traits@D@std@@V?$allocator@D@2@@2@@Z$4 10024070 f    CIL library: CIL module
 0001:00023078       __unwindfunclet$?_Insert_n@?$vector@V?$basic_string@DU?$char_traits@D@std@@V?$allocator@D@2@@std@@V?$allocator@V?$basic_string@DU?$char_traits@D@std@@V?$allocator@D@2@@std@@@2@@std@@IAEXV?$_Vector_const_iterator@V?$basic_string@DU?$char_traits@D@std@@V?$allocator@D@2@@std@@V?$allocator@V?$basic_string@DU?$char_traits@D@std@@V?$allocator@D@2@@std@@@2@@2@IABV?$basic_string@DU?$char_traits@D@std@@V?$allocator@D@2@@2@@Z$5 10024078 f    CIL library: CIL module
 0001:00023080       __ehhandler$?_Insert_n@?$vector@V?$basic_string@DU?$char_traits@D@std@@V?$allocator@D@2@@std@@V?$allocator@V?$basic_string@DU?$char_traits@D@std@@V?$allocator@D@2@@std@@@2@@std@@IAEXV?$_Vector_const_iterator@V?$basic_string@DU?$char_traits@D@std@@V?$allocator@D@2@@std@@V?$allocator@V?$basic_string@DU?$char_traits@D@std@@V?$allocator@D@2@@std@@@2@@2@IABV?$basic_string@DU?$char_traits@D@std@@V?$allocator@D@2@@2@@Z 10024080 f    CIL library: CIL module
 0001:000230b0       __unwindfunclet$??0?$vector@V?$basic_string@DU?$char_traits@D@std@@V?$allocator@D@2@@std@@V?$allocator@V?$basic_string@DU?$char_traits@D@std@@V?$allocator@D@2@@std@@@2@@std@@QAE@XZ$0 100240b0 f    CIL library: CIL module
 0001:000230b0       __unwindfunclet$??0?$vector@DV?$allocator@D@std@@@std@@QAE@XZ$0 100240b0 f    CIL library: CIL module
 0001:000230b8       __ehhandler$??0?$vector@DV?$allocator@D@std@@@std@@QAE@XZ 100240b8 f    CIL library: CIL module
 0001:000230b8       __ehhandler$??0?$vector@V?$basic_string@DU?$char_traits@D@std@@V?$allocator@D@2@@std@@V?$allocator@V?$basic_string@DU?$char_traits@D@std@@V?$allocator@D@2@@std@@@2@@std@@QAE@XZ 100240b8 f    CIL library: CIL module
 0001:000230e0       __unwindfunclet$?expandFilePath@fsman@@YA?AV?$basic_string@DU?$char_traits@D@std@@V?$allocator@D@2@@std@@ABV23@@Z$0 100240e0 f    CIL library: CIL module
 0001:000230e8       __unwindfunclet$?expandFilePath@fsman@@YA?AV?$basic_string@DU?$char_traits@D@std@@V?$allocator@D@2@@std@@ABV23@@Z$1 100240e8 f    CIL library: CIL module
 0001:000230f0       __ehhandler$?expandFilePath@fsman@@YA?AV?$basic_string@DU?$char_traits@D@std@@V?$allocator@D@2@@std@@ABV23@@Z 100240f0 f    CIL library: CIL module
 0001:00023120       __unwindfunclet$?listFiles@FsMan@fsman@@QAE?AV?$vector@V?$basic_string@DU?$char_traits@D@std@@V?$allocator@D@2@@std@@V?$allocator@V?$basic_string@DU?$char_traits@D@std@@V?$allocator@D@2@@std@@@2@@std@@ABV?$basic_string@DU?$char_traits@D@std@@V?$allocator@D@2@@4@@Z$0 10024120 f    CIL library: CIL module
 0001:00023142       __unwindfunclet$?listFiles@FsMan@fsman@@QAE?AV?$vector@V?$basic_string@DU?$char_traits@D@std@@V?$allocator@D@2@@std@@V?$allocator@V?$basic_string@DU?$char_traits@D@std@@V?$allocator@D@2@@std@@@2@@std@@ABV?$basic_string@DU?$char_traits@D@std@@V?$allocator@D@2@@4@@Z$1 10024142 f    CIL library: CIL module
 0001:0002314d       __unwindfunclet$?listFiles@FsMan@fsman@@QAE?AV?$vector@V?$basic_string@DU?$char_traits@D@std@@V?$allocator@D@2@@std@@V?$allocator@V?$basic_string@DU?$char_traits@D@std@@V?$allocator@D@2@@std@@@2@@std@@ABV?$basic_string@DU?$char_traits@D@std@@V?$allocator@D@2@@4@@Z$3 1002414d f    CIL library: CIL module
 0001:0002316f       __unwindfunclet$?listFiles@FsMan@fsman@@QAE?AV?$vector@V?$basic_string@DU?$char_traits@D@std@@V?$allocator@D@2@@std@@V?$allocator@V?$basic_string@DU?$char_traits@D@std@@V?$allocator@D@2@@std@@@2@@std@@ABV?$basic_string@DU?$char_traits@D@std@@V?$allocator@D@2@@4@@Z$4 1002416f f    CIL library: CIL module
 0001:0002317a       __unwindfunclet$?listFiles@FsMan@fsman@@QAE?AV?$vector@V?$basic_string@DU?$char_traits@D@std@@V?$allocator@D@2@@std@@V?$allocator@V?$basic_string@DU?$char_traits@D@std@@V?$allocator@D@2@@std@@@2@@std@@ABV?$basic_string@DU?$char_traits@D@std@@V?$allocator@D@2@@4@@Z$5 1002417a f    CIL library: CIL module
 0001:0002319c       __unwindfunclet$?listFiles@FsMan@fsman@@QAE?AV?$vector@V?$basic_string@DU?$char_traits@D@std@@V?$allocator@D@2@@std@@V?$allocator@V?$basic_string@DU?$char_traits@D@std@@V?$allocator@D@2@@std@@@2@@std@@ABV?$basic_string@DU?$char_traits@D@std@@V?$allocator@D@2@@4@@Z$6 1002419c f    CIL library: CIL module
 0001:000231a7       __ehhandler$?listFiles@FsMan@fsman@@QAE?AV?$vector@V?$basic_string@DU?$char_traits@D@std@@V?$allocator@D@2@@std@@V?$allocator@V?$basic_string@DU?$char_traits@D@std@@V?$allocator@D@2@@std@@@2@@std@@ABV?$basic_string@DU?$char_traits@D@std@@V?$allocator@D@2@@4@@Z 100241a7 f    CIL library: CIL module
 0001:000231e0       __unwindfunclet$?listDirectories@FsMan@fsman@@QAE?AV?$vector@V?$basic_string@DU?$char_traits@D@std@@V?$allocator@D@2@@std@@V?$allocator@V?$basic_string@DU?$char_traits@D@std@@V?$allocator@D@2@@std@@@2@@std@@XZ$0 100241e0 f    CIL library: CIL module
 0001:00023202       __unwindfunclet$?listDirectories@FsMan@fsman@@QAE?AV?$vector@V?$basic_string@DU?$char_traits@D@std@@V?$allocator@D@2@@std@@V?$allocator@V?$basic_string@DU?$char_traits@D@std@@V?$allocator@D@2@@std@@@2@@std@@XZ$2 10024202 f    CIL library: CIL module
 0001:0002320d       __unwindfunclet$?listDirectories@FsMan@fsman@@QAE?AV?$vector@V?$basic_string@DU?$char_traits@D@std@@V?$allocator@D@2@@std@@V?$allocator@V?$basic_string@DU?$char_traits@D@std@@V?$allocator@D@2@@std@@@2@@std@@XZ$3 1002420d f    CIL library: CIL module
 0001:0002322f       __unwindfunclet$?listDirectories@FsMan@fsman@@QAE?AV?$vector@V?$basic_string@DU?$char_traits@D@std@@V?$allocator@D@2@@std@@V?$allocator@V?$basic_string@DU?$char_traits@D@std@@V?$allocator@D@2@@std@@@2@@std@@XZ$4 1002422f f    CIL library: CIL module
 0001:0002323a       __unwindfunclet$?listDirectories@FsMan@fsman@@QAE?AV?$vector@V?$basic_string@DU?$char_traits@D@std@@V?$allocator@D@2@@std@@V?$allocator@V?$basic_string@DU?$char_traits@D@std@@V?$allocator@D@2@@std@@@2@@std@@XZ$5 1002423a f    CIL library: CIL module
 0001:0002325c       __unwindfunclet$?listDirectories@FsMan@fsman@@QAE?AV?$vector@V?$basic_string@DU?$char_traits@D@std@@V?$allocator@D@2@@std@@V?$allocator@V?$basic_string@DU?$char_traits@D@std@@V?$allocator@D@2@@std@@@2@@std@@XZ$6 1002425c f    CIL library: CIL module
 0001:00023267       __ehhandler$?listDirectories@FsMan@fsman@@QAE?AV?$vector@V?$basic_string@DU?$char_traits@D@std@@V?$allocator@D@2@@std@@V?$allocator@V?$basic_string@DU?$char_traits@D@std@@V?$allocator@D@2@@std@@@2@@std@@XZ 10024267 f    CIL library: CIL module
 0001:000232a0       __unwindfunclet$?expandFilePath@FsMan@fsman@@QAE?AV?$basic_string@DU?$char_traits@D@std@@V?$allocator@D@2@@std@@ABV34@@Z$0 100242a0 f    CIL library: CIL module
 0001:000232b9       __unwindfunclet$?expandFilePath@FsMan@fsman@@QAE?AV?$basic_string@DU?$char_traits@D@std@@V?$allocator@D@2@@std@@ABV34@@Z$1 100242b9 f    CIL library: CIL module
 0001:000232d2       __ehhandler$?expandFilePath@FsMan@fsman@@QAE?AV?$basic_string@DU?$char_traits@D@std@@V?$allocator@D@2@@std@@ABV34@@Z 100242d2 f    CIL library: CIL module
 0001:000232f0       __unwindfunclet$??0FsMan@fsman@@QAE@ABV?$basic_string@DU?$char_traits@D@std@@V?$allocator@D@2@@std@@@Z$0 100242f0 f    CIL library: CIL module
 0001:000232f8       __unwindfunclet$??0FsMan@fsman@@QAE@ABV?$basic_string@DU?$char_traits@D@std@@V?$allocator@D@2@@std@@@Z$1 100242f8 f    CIL library: CIL module
 0001:00023300       __ehhandler$??0FsMan@fsman@@QAE@ABV?$basic_string@DU?$char_traits@D@std@@V?$allocator@D@2@@std@@@Z 10024300 f    CIL library: CIL module
 0001:00023320       __unwindfunclet$?NewDlg_ChooseFile_Rebuild@@YGHPAV_CustomDlg_@@@Z$0 10024320 f    CIL library: CIL module
 0001:00023328       __unwindfunclet$?NewDlg_ChooseFile_Rebuild@@YGHPAV_CustomDlg_@@@Z$1 10024328 f    CIL library: CIL module
 0001:00023330       __unwindfunclet$?NewDlg_ChooseFile_Rebuild@@YGHPAV_CustomDlg_@@@Z$2 10024330 f    CIL library: CIL module
 0001:00023338       __unwindfunclet$?NewDlg_ChooseFile_Rebuild@@YGHPAV_CustomDlg_@@@Z$5 10024338 f    CIL library: CIL module
 0001:00023340       __unwindfunclet$?NewDlg_ChooseFile_Rebuild@@YGHPAV_CustomDlg_@@@Z$7 10024340 f    CIL library: CIL module
 0001:0002334b       __unwindfunclet$?NewDlg_ChooseFile_Rebuild@@YGHPAV_CustomDlg_@@@Z$8 1002434b f    CIL library: CIL module
 0001:00023356       __unwindfunclet$?NewDlg_ChooseFile_Rebuild@@YGHPAV_CustomDlg_@@@Z$9 10024356 f    CIL library: CIL module
 0001:0002335e       __unwindfunclet$?NewDlg_ChooseFile_Rebuild@@YGHPAV_CustomDlg_@@@Z$10 1002435e f    CIL library: CIL module
 0001:00023369       __ehhandler$?NewDlg_ChooseFile_Rebuild@@YGHPAV_CustomDlg_@@@Z 10024369 f    CIL library: CIL module
 0001:000233a0       __unwindfunclet$?NewDlg_ChooseFile_ScrollProc@@YIXHPAV_CustomDlg_@@@Z$1 100243a0 f    CIL library: CIL module
 0001:000233a8       __unwindfunclet$?NewDlg_ChooseFile_ScrollProc@@YIXHPAV_CustomDlg_@@@Z$3 100243a8 f    CIL library: CIL module
 0001:000233b3       __unwindfunclet$?NewDlg_ChooseFile_ScrollProc@@YIXHPAV_CustomDlg_@@@Z$4 100243b3 f    CIL library: CIL module
 0001:000233be       __unwindfunclet$?NewDlg_ChooseFile_ScrollProc@@YIXHPAV_CustomDlg_@@@Z$5 100243be f    CIL library: CIL module
 0001:000233c6       __unwindfunclet$?NewDlg_ChooseFile_ScrollProc@@YIXHPAV_CustomDlg_@@@Z$6 100243c6 f    CIL library: CIL module
 0001:000233ce       __ehhandler$?NewDlg_ChooseFile_ScrollProc@@YIXHPAV_CustomDlg_@@@Z 100243ce f    CIL library: CIL module
 0001:000233f0       __unwindfunclet$?changeDirectory@FsMan@fsman@@QAE_NABV?$basic_string@DU?$char_traits@D@std@@V?$allocator@D@2@@std@@@Z$0 100243f0 f    CIL library: CIL module
 0001:000233f8       __ehhandler$?changeDirectory@FsMan@fsman@@QAE_NABV?$basic_string@DU?$char_traits@D@std@@V?$allocator@D@2@@std@@@Z 100243f8 f    CIL library: CIL module
 0001:00023420       __unwindfunclet$?NewDlg_ChooseFile_JumpRootFolder@@YAHPAV_CustomDlg_@@@Z$0 10024420 f    CIL library: CIL module
 0001:0002342b       __ehhandler$?NewDlg_ChooseFile_JumpRootFolder@@YAHPAV_CustomDlg_@@@Z 1002442b f    CIL library: CIL module
 0001:00023460       __unwindfunclet$?NewDlg_ChooseFile_ChangeDirectory@@YAHPAV_CustomDlg_@@PAD@Z$0 10024460 f    CIL library: CIL module
 0001:00023468       __ehhandler$?NewDlg_ChooseFile_ChangeDirectory@@YAHPAV_CustomDlg_@@PAD@Z 10024468 f    CIL library: CIL module
 0001:00023490       __unwindfunclet$?NewDlg_ChooseFile_FolderIn@@YAHPAV_CustomDlg_@@@Z$1 10024490 f    CIL library: CIL module
 0001:00023498       __ehhandler$?NewDlg_ChooseFile_FolderIn@@YAHPAV_CustomDlg_@@@Z 10024498 f    CIL library: CIL module
 0001:000234c0       __unwindfunclet$?NewDlg_ChooseFile_FolderOut@@YAHPAV_CustomDlg_@@@Z$0 100244c0 f    CIL library: CIL module
 0001:000234c8       __unwindfunclet$?NewDlg_ChooseFile_FolderOut@@YAHPAV_CustomDlg_@@@Z$2 100244c8 f    CIL library: CIL module
 0001:000234d0       __ehhandler$?NewDlg_ChooseFile_FolderOut@@YAHPAV_CustomDlg_@@@Z 100244d0 f    CIL library: CIL module
 0001:00023500       __unwindfunclet$?NewDlg_ChooseFile_Proc@@YGHPAV_CustomDlg_@@PAU_DlgMsg_@@@Z$0 10024500 f    CIL library: CIL module
 0001:00023508       __ehhandler$?NewDlg_ChooseFile_Proc@@YGHPAV_CustomDlg_@@PAU_DlgMsg_@@@Z 10024508 f    CIL library: CIL module
 0001:00023530       __unwindfunclet$?NewDlg_ChooseFile@@YGHPAU_ChooseFile_@@@Z$0 10024530 f    CIL library: CIL module
 0001:00023538       __unwindfunclet$?NewDlg_ChooseFile@@YGHPAU_ChooseFile_@@@Z$1 10024538 f    CIL library: CIL module
 0001:00023540       __ehhandler$?NewDlg_ChooseFile@@YGHPAU_ChooseFile_@@@Z 10024540 f    CIL library: CIL module
 0001:00023570       __unwindfunclet$?NewDlg_ChooseFile_Prepare@@YAHPAU_ChooseFile_@@@Z$0 10024570 f    CIL library: CIL module
 0001:0002357b       __unwindfunclet$?NewDlg_ChooseFile_Prepare@@YAHPAU_ChooseFile_@@@Z$1 1002457b f    CIL library: CIL module
 0001:00023583       __unwindfunclet$?NewDlg_ChooseFile_Prepare@@YAHPAU_ChooseFile_@@@Z$2 10024583 f    CIL library: CIL module
 0001:0002358b       __unwindfunclet$?NewDlg_ChooseFile_Prepare@@YAHPAU_ChooseFile_@@@Z$3 1002458b f    CIL library: CIL module
 0001:00023593       __ehhandler$?NewDlg_ChooseFile_Prepare@@YAHPAU_ChooseFile_@@@Z 10024593 f    CIL library: CIL module
 0001:000235c1       ??__Fnomem@?5???2@YAPAXI@Z@YAXXZ 100245c1 f   LIBCMT:new.obj
