 wog native dialogs

 Timestamp is 5f0f420b (Wed Jul 15 20:51:07 2020)

 Preferred load address is 10000000

 Start         Length     Name                   Class
 0001:00000000 00017c7cH .text                   CODE
 0001:00017c80 00000000H .text$x                 CODE
 0001:00017c80 00000000H .text$yd                CODE
 0002:00000000 00000118H .idata$5                DATA
 0002:00000118 00000004H .CRT$XCA                DATA
 0002:0000011c 00000004H .CRT$XCZ                DATA
 0002:00000120 00000004H .CRT$XIA                DATA
 0002:00000124 00000010H .CRT$XIC                DATA
 0002:00000134 00000004H .CRT$XIZ                DATA
 0002:00000138 00000004H .CRT$XPA                DATA
 0002:0000013c 00000004H .CRT$XPX                DATA
 0002:00000140 00000004H .CRT$XPXA               DATA
 0002:00000144 00000004H .CRT$XPZ                DATA
 0002:00000148 00000004H .CRT$XTA                DATA
 0002:0000014c 00000004H .CRT$XTZ                DATA
 0002:00000150 00001fe8H .rdata                  DATA
 0002:00002138 0000006aH .rdata$debug            DATA
 0002:000021a4 00000000H .rdata$r                DATA
 0002:000021b0 0000000cH .rdata$sxdata           DATA
 0002:000021bc 00000004H .rtc$IAA                DATA
 0002:000021c0 00000004H .rtc$IZZ                DATA
 0002:000021c4 00000004H .rtc$TAA                DATA
 0002:000021c8 00000004H .rtc$TZZ                DATA
 0002:000021d0 000003d4H .xdata$x                DATA
 0002:000025a4 00000014H .idata$2                DATA
 0002:000025b8 00000014H .idata$3                DATA
 0002:000025cc 00000118H .idata$4                DATA
 0002:000026e4 000004faH .idata$6                DATA
 0002:00002bde 00000000H .edata                  DATA
 0003:00000000 00001278H .data                   DATA
 0003:00001280 00001d38H .bss                    DATA

  Address         Publics by Value              Rva+Base       Lib:Object

 0000:00000000       __except_list              00000000     <absolute>
 0000:00000003       ___safe_se_handler_count   00000003     <absolute>
 0000:00000000       ___ImageBase               10000000     <linker-defined>
 0001:00000000       ?WriteCodePatch@PatcherInstance@@QAAPAVPatch@@IPADZZ 10001000 f i wog native dialogs.obj
 0001:00000020       ?Redraw@_Dlg_@@QAEXXZ      10001020 f i wog native dialogs.obj
 0001:00000040       ?Create@_DlgStaticDef_@@SAPAU1@HHHPADHHH@Z 10001040 f i wog native dialogs.obj
 0001:000000a0       ?Create@_DlgButton_@@SAPAU1@HHHPADHHHH@Z 100010a0 f i wog native dialogs.obj
 0001:000000f0       ?b_MsgBox@@YAHPADH@Z       100010f0 f i wog native dialogs.obj
 0001:00000120       ?b_MsgBoxD@@YAHPADHHH@Z    10001120 f i wog native dialogs.obj
 0001:00000160       ?Get_ITxtExp@@YAPADH@Z     10001160 f i wog native dialogs.obj
 0001:00000180       ?Set_DlgBackground_RK@@YAHPAV_CustomDlg_@@HH@Z 10001180 f   wog native dialogs.obj
 0001:00000760       ?b_MsgBoxAndDef@@YAXPADH0@Z 10001760 f   wog native dialogs.obj
 0001:00000990       ?b_MsgBoxBig@@YAXPADD@Z    10001990 f   wog native dialogs.obj
 0001:00000ad0       ?e_ClickSound@@YAXXZ       10001ad0 f i wog native dialogs.obj
 0001:00000b20       ?ConnectEra@Era@@YAXXZ     10001b20 f   wog native dialogs.obj
 0001:00000e30       ?Y_New_CommanderDlg_Proc@@YGHPAV_CustomDlg_@@PAU_DlgMsg_@@@Z 10001e30 f   wog native dialogs.obj
 0001:000015f0       ?Y_Dlg_NPC_Show@@YGHPAVHiHook@@PAU_DlgNPC_@@@Z 100025f0 f   wog native dialogs.obj
 0001:00002c90       ?Y_Dlg_NPC_Prepare@@YGXPAVHiHook@@PAU_Npc_@@HHH@Z 10003c90 f   wog native dialogs.obj
 0001:00002cd0       ?Y_Dlg_NPC_ShowAgain_IfGetArtHero@@YGHPAVLoHook@@PAUHookContext@@@Z 10003cd0 f   wog native dialogs.obj
 0001:00002cf0       ?New_Dlg_ExpaMon_Case8@@YAHH@Z 10003cf0 f   wog native dialogs.obj
 0001:00003630       ?New_Dlg_ExpaMon_BannerDlg_Proc@@YGHPAV_CustomDlg_@@PAU_DlgMsg_@@@Z 10004630 f   wog native dialogs.obj
 0001:00003700       ?New_Dlg_ExpaMon_BannerDlg@@YAHXZ 10004700 f   wog native dialogs.obj
 0001:00003b20       ?New_Dlg_ExpaMon_Proc@@YGHPAV_CustomDlg_@@PAU_DlgMsg_@@@Z 10004b20 f   wog native dialogs.obj
 0001:00003f90       ?New_Dlg_ExpaMon@@YAHHHHI@Z 10004f90 f   wog native dialogs.obj
 0001:00004bc0       ?Y_ChangeBmp_To_DefFrame@@YAHXZ 10005bc0 f   wog native dialogs.obj
 0001:00005e30       ?New_Dlg_IF_G_Proc@@YGHPAV_CustomDlg_@@PAU_DlgMsg_@@@Z 10006e30 f   wog native dialogs.obj
 0001:00005f70       ?New_Dlg_IF_G@@YAHHHHHH@Z  10006f70 f   wog native dialogs.obj
 0001:000063c0       ?Dlg_ChooseMonAttack_Proc@@YGHPAV_CustomDlg_@@PAU_DlgMsg_@@@Z 100073c0 f   wog native dialogs.obj
 0001:00006400       ?Dlg_ChooseMonAttack@@YGHPAVHiHook@@HHH@Z 10007400 f   wog native dialogs.obj
 0001:000066e0       ?Redraw_WoGDlgSetup_ElemOnPage@@YAHPAV_CustomDlg_@@PAU_DlgSetup_@@H@Z 100076e0 f   wog native dialogs.obj
 0001:000068d0       ?ShowHide_WoGDlgSetup_ElemOnPage@@YAHPAV_CustomDlg_@@HPAU_DlgSetup_@@H@Z 100078d0 f   wog native dialogs.obj
 0001:00006ac0       ?Create_WoGDlgSetup_ElemOnPage@@YAHPAV_CustomDlg_@@HPAU_DlgSetup_@@@Z 10007ac0 f   wog native dialogs.obj
 0001:00006eb0       ?setYellowFrames@@YAXPAV_CustomDlg_@@H@Z 10007eb0 f   wog native dialogs.obj
 0001:00007a10       ?Dlg_WoG_Options_Proc@@YGHPAV_CustomDlg_@@PAU_DlgMsg_@@@Z 10008a10 f   wog native dialogs.obj
 0001:00008160       ?Dlg_WoG_Options_Show@@YGXPAVHiHook@@H@Z 10009160 f   wog native dialogs.obj
 0001:000086a0       ?Dlg_ChooseCastleReBuild_Proc@@YGHPAV_CustomDlg_@@PAU_DlgMsg_@@@Z 100096a0 f   wog native dialogs.obj
 0001:000087e0       ?Dlg_ChooseCastleReBuild@@YGHPAVHiHook@@HH@Z 100097e0 f   wog native dialogs.obj
 0001:00008ad0       ?Y_WoGDlg_ChooseArt_Proc@@YGHPAV_CustomDlg_@@PAU_DlgMsg_@@@Z 10009ad0 f   wog native dialogs.obj
 0001:00008dc0       ?Y_WoGDlg_ChooseArt@@YGHPAVHiHook@@HPAU_Hero_@@H@Z 10009dc0 f   wog native dialogs.obj
 0001:00009440       ?Y_WoGCurseDlg_Proc@@YGHPAV_CustomDlg_@@PAU_DlgMsg_@@@Z 1000a440 f   wog native dialogs.obj
 0001:00009540       ?Y_WoGCurseDlg_Show@@YGHPAVLoHook@@PAUHookContext@@@Z 1000a540 f   wog native dialogs.obj
 0001:000098e0       ?IsSupportedFormatImage@@YA_NPAD@Z 1000a8e0 f   wog native dialogs.obj
 0001:00009a70       ?New_Dlg_CustomReq_Proc@@YGHPAV_CustomDlg_@@PAU_DlgMsg_@@@Z 1000aa70 f   wog native dialogs.obj
 0001:00009c30       ?New_Dlg_CustomReq@@YAHPAU_Sphinx1_@@@Z 1000ac30 f   wog native dialogs.obj
 0001:0000ad00       ?Y_Dlg_CustomReq@@YGHPAVLoHook@@PAUHookContext@@@Z 1000bd00 f   wog native dialogs.obj
 0001:0000ae10       ?Y_WoGDlg_SphinxReq@@YGHPAVHiHook@@H@Z 1000be10 f   wog native dialogs.obj
 0001:0000af70       ?New_Dlg_ExpaMon_Lo@@YGHPAVLoHook@@PAUHookContext@@@Z 1000bf70 f   wog native dialogs.obj
 0001:0000afb0       ?New_Dlg_ExpaMon_Lo_IsBattle@@YGHPAVLoHook@@PAUHookContext@@@Z 1000bfb0 f   wog native dialogs.obj
 0001:0000afd0       ?New_Dlg_ExpaMon_NULL@@YGHPAVLoHook@@PAUHookContext@@@Z 1000bfd0 f   wog native dialogs.obj
 0001:0000afe0       ?New_Dlg_IF_G_Lo@@YGHPAVLoHook@@PAUHookContext@@@Z 1000bfe0 f   wog native dialogs.obj
 0001:0000b020       ?Y_HeroDlg_Create@@YGPAV_CustomDlg_@@PAVHiHook@@PAV1@@Z 1000c020 f   wog native dialogs.obj
 0001:0000b080       ?Y_HeroDlg_Proc@@YGHPAVHiHook@@PAV_CustomDlg_@@PAU_DlgMsg_@@@Z 1000c080 f   wog native dialogs.obj
 0001:0000b1d0       ?Y_NewScenarioDlg_Proc@@YGHPAVHiHook@@PAV_CustomDlg_@@PAU_DlgMsg_@@@Z 1000c1d0 f   wog native dialogs.obj
 0001:0000b220       ?Y_NewScenarioDlg_Create@@YGXPAVHiHook@@PAU_NewScenarioDlg_@@H@Z 1000c220 f   wog native dialogs.obj
 0001:0000b2d0       ?Y_Dlg_HeroLvlUp_Proc@@YGHPAVHiHook@@HPAU_DlgMsg_@@@Z 1000c2d0 f   wog native dialogs.obj
 0001:0000b3b0       ?Y_Lo_Dlg_HeroLvlUp_Create@@YGHPAVLoHook@@PAUHookContext@@@Z 1000c3b0 f   wog native dialogs.obj
 0001:0000b3d0       ?b_MsgBox_Proc@@YGHPAVHiHook@@PAU_DlgMsg_@@@Z 1000c3d0 f   wog native dialogs.obj
 0001:0000b480       ?Y_BATTLE_Proc@@YGHPAVHiHook@@PAU_BattleMgr_@@PAU_DlgMsg_@@@Z 1000c480 f   wog native dialogs.obj
 0001:0000b5d0       ?Y_EndBattle@@YGHPAVLoHook@@PAUHookContext@@@Z 1000c5d0 f   wog native dialogs.obj
 0001:0000b670       ?StartHD5Functions@@YAXXZ  1000c670 f   wog native dialogs.obj
 0001:0000b700       ?Y_Dlg_MainMenu_Create@@YGHPAVHiHook@@PAU_Dlg_@@@Z 1000c700 f   wog native dialogs.obj
 0001:0000b7a0       ?Y_LoadAllTXTinGames@@YGHPAVLoHook@@PAUHookContext@@@Z 1000c7a0 f   wog native dialogs.obj
 0001:0000b7d0       ?Y_Hook_MainLoop@@YGHPAVLoHook@@PAUHookContext@@@Z 1000c7d0 f   wog native dialogs.obj
 0001:0000b8e0       _DllMain@12                1000c8e0 f   wog native dialogs.obj
 0001:0000bd40       ?RedrawScreen@_DlgItem_@@QAEXXZ 1000cd40 f   HoMM3_GUI.obj
 0001:0000bd70       ?Create@_CustomDlg_@@SAPAV1@HHHHIP6GHPAV1@PAU_DlgMsg_@@@Z@Z 1000cd70 f   HoMM3_GUI.obj
 0001:0000bdf0       ?DlgProcBridge@_CustomDlg_@@SIHPAV1@IPAU_DlgMsg_@@@Z 1000cdf0 f   HoMM3_GUI.obj
 0001:0000be09       @__security_check_cookie@4 1000ce09 f   LIBCMT:secchk.obj
 0001:0000be18       _sprintf                   1000ce18 f   LIBCMT:sprintf.obj
 0001:0000be95       __CRT_INIT@12              1000ce95 f   LIBCMT:dllcrt0.obj
 0001:0000c0c0       __DllMainCRTStartup@12     1000d0c0 f   LIBCMT:dllcrt0.obj
 0001:0000c0f0       _strlen                    1000d0f0 f   LIBCMT:strlen.obj
 0001:0000c17b       ?_CallMemberFunction0@@YGXPAX0@Z 1000d17b f   LIBCMT:_trnsctrl_.obj
 0001:0000c182       ___report_gsfailure        1000d182 f   LIBCMT:gs_report.obj
 0001:0000c290       _memmove                   1000d290 f   LIBCMT:memmove.obj
 0001:0000c5f5       __initp_misc_invarg        1000d5f5 f   LIBCMT:invarg.obj
 0001:0000c604       __invoke_watson            1000d604 f   LIBCMT:invarg.obj
 0001:0000c72c       __invalid_parameter        1000d72c f   LIBCMT:invarg.obj
 0001:0000c752       __get_errno_from_oserr     1000d752 f   LIBCMT:dosmap.obj
 0001:0000c794       __errno                    1000d794 f   LIBCMT:dosmap.obj
 0001:0000c7a7       ___doserrno                1000d7a7 f   LIBCMT:dosmap.obj
 0001:0000c7ba       __dosmaperr                1000d7ba f   LIBCMT:dosmap.obj
 0001:0000c7dd       __flsbuf                   1000d7dd f   LIBCMT:_flsbuf.obj
 0001:0000c941       ??0_LocaleUpdate@@QAE@PAUlocaleinfo_struct@@@Z 1000d941 f i LIBCMT:output.obj
 0001:0000ca6e       __output_l                 1000da6e f   LIBCMT:output.obj
 0001:0000d606       _strcpy_s                  1000e606 f   LIBCMT:strcpy_s.obj
 0001:0000d66e       _V6_HeapAlloc              1000e66e f   LIBCMT:malloc.obj
 0001:0000d6bd       _malloc                    1000e6bd f   LIBCMT:malloc.obj
 0001:0000d787       _free                      1000e787 f   LIBCMT:free.obj
 0001:0000d820       _memset                    1000e820 f   LIBCMT:memset.obj
 0001:0000d8a0       _memcpy                    1000e8a0 f   LIBCMT:memcpy.obj
 0001:0000dc10       _strcmp                    1000ec10 f   LIBCMT:strcmp.obj
 0001:0000dd52       ___onexitinit              1000ed52 f   LIBCMT:onexit.obj
 0001:0000dd83       __onexit                   1000ed83 f   LIBCMT:onexit.obj
 0001:0000ddbf       _atexit                    1000edbf f   LIBCMT:onexit.obj
 0001:0000ddd6       __initp_heap_handler       1000edd6 f   LIBCMT:handler.obj
 0001:0000dde5       __callnewh                 1000ede5 f   LIBCMT:handler.obj
 0001:0000de0d       __encode_pointer           1000ee0d f   LIBCMT:tidtable.obj
 0001:0000de7f       __encoded_null             1000ee7f f   LIBCMT:tidtable.obj
 0001:0000de88       __decode_pointer           1000ee88 f   LIBCMT:tidtable.obj
 0001:0000defa       ___crtTlsAlloc@4           1000eefa f   LIBCMT:tidtable.obj
 0001:0000df03       ___set_flsgetvalue         1000ef03 f   LIBCMT:tidtable.obj
 0001:0000df37       __mtterm                   1000ef37 f   LIBCMT:tidtable.obj
 0001:0000df74       __initptd                  1000ef74 f   LIBCMT:tidtable.obj
 0001:0000e05b       __getptd_noexit            1000f05b f   LIBCMT:tidtable.obj
 0001:0000e0d4       __getptd                   1000f0d4 f   LIBCMT:tidtable.obj
 0001:0000e0ee       __freefls@4                1000f0ee f   LIBCMT:tidtable.obj
 0001:0000e21d       __freeptd                  1000f21d f   LIBCMT:tidtable.obj
 0001:0000e28b       __mtinit                   1000f28b f   LIBCMT:tidtable.obj
 0001:0000e418       __malloc_crt               1000f418 f   LIBCMT:crtheap.obj
 0001:0000e45d       __calloc_crt               1000f45d f   LIBCMT:crtheap.obj
 0001:0000e4a9       __realloc_crt              1000f4a9 f   LIBCMT:crtheap.obj
 0001:0000e4f7       __crt_waiting_on_module_handle 1000f4f7 f   LIBCMT:crt0dat.obj
 0001:0000e527       __amsg_exit                1000f527 f   LIBCMT:crt0dat.obj
 0001:0000e550       ___crtCorExitProcess       1000f550 f   LIBCMT:crt0dat.obj
 0001:0000e57b       ___crtExitProcess          1000f57b f   LIBCMT:crt0dat.obj
 0001:0000e593       __lockexit                 1000f593 f   LIBCMT:crt0dat.obj
 0001:0000e59c       __unlockexit               1000f59c f   LIBCMT:crt0dat.obj
 0001:0000e5c2       __initterm_e               1000f5c2 f   LIBCMT:crt0dat.obj
 0001:0000e5e6       __cinit                    1000f5e6 f   LIBCMT:crt0dat.obj
 0001:0000e797       __exit                     1000f797 f   LIBCMT:crt0dat.obj
 0001:0000e7ad       __cexit                    1000f7ad f   LIBCMT:crt0dat.obj
 0001:0000e7bc       __init_pointers            1000f7bc f   LIBCMT:crt0dat.obj
 0001:0000e80a       __ioinit                   1000f80a f   LIBCMT:ioinit.obj
 0001:0000ea5e       __ioterm                   1000fa5e f   LIBCMT:ioinit.obj
 0001:0000eaac       __setenvp                  1000faac f   LIBCMT:stdenvp.obj
 0001:0000ed24       __setargv                  1000fd24 f   LIBCMT:stdargv.obj
 0001:0000eddf       ___crtGetEnvironmentStringsA 1000fddf f   LIBCMT:a_env.obj
 0001:0000ef16       __RTC_Initialize           1000ff16 f   LIBCMT:_initsect_.obj
 0001:0000ef3c       __RTC_Terminate            1000ff3c f   LIBCMT:_initsect_.obj
 0001:0000ef62       __heap_init                1000ff62 f   LIBCMT:heapinit.obj
 0001:0000ef92       __heap_term                1000ff92 f   LIBCMT:heapinit.obj
 0001:0000f006       __fpclear                  10010006 f   LIBCMT:_fpinit_.obj
 0001:0000f006       __initp_misc_winxfltr      10010006 f   LIBCMT:winxfltr.obj
 0001:0000f007       __XcptFilter               10010007 f   LIBCMT:winxfltr.obj
 0001:0000f167       ___CppXcptFilter           10010167 f   LIBCMT:winxfltr.obj
 0001:0000f188       __SEH_prolog4              10010188 f   LIBCMT:sehprolg4.obj
 0001:0000f1cd       __SEH_epilog4              100101cd f   LIBCMT:sehprolg4.obj
 0001:0000f1f0       __except_handler4          100101f0 f   LIBCMT:chandler4.obj
 0001:0000f37c       ___security_init_cookie    1001037c f   LIBCMT:gs_support.obj
 0001:0000f412       ___DestructExceptionObject 10010412 f   LIBCMT:frame.obj
 0001:0000f467       ?terminate@@YAXXZ          10010467 f   LIBCMT:hooks.obj
 0001:0000f4a0       __initp_eh_hooks           100104a0 f   LIBCMT:hooks.obj
 0001:0000f4c0       __CallSettingFrame@12      100104c0 f   LIBCMT:lowhelpr.obj
 0001:0000f4e7       __NLG_Return               100104e7     LIBCMT:lowhelpr.obj
 0001:0000f50c       __crt_debugger_hook        1001050c f   LIBCMT:dbghook.obj
 0001:0000f59b       __VEC_memcpy               1001059b f   LIBCMT:p4_memcpy.obj
 0001:0000f6ce       __get_sse2_info            100106ce f   LIBCMT:cpu_disp.obj
 0001:0000f730       ___sse2_available_init     10010730 f   LIBCMT:cpu_disp.obj
 0001:0000f73d       __lseeki64_nolock          1001073d f   LIBCMT:lseeki64.obj
 0001:0000f7c2       __lseeki64                 100107c2 f   LIBCMT:lseeki64.obj
 0001:0000f8db       __write_nolock             100108db f   LIBCMT:write.obj
 0001:0001000e       __write                    1001100e f   LIBCMT:write.obj
 0001:000100ea       __getbuf                   100110ea f   LIBCMT:_getbuf.obj
 0001:00010133       __isatty                   10011133 f   LIBCMT:isatty.obj
 0001:00010197       ___iob_func                10011197 f   LIBCMT:_file.obj
 0001:0001019d       ___initstdio               1001119d f   LIBCMT:_file.obj
 0001:0001024e       ___endstdio                1001124e f   LIBCMT:_file.obj
 0001:0001026e       __lock_file                1001126e f   LIBCMT:_file.obj
 0001:000102af       __lock_file2               100112af f   LIBCMT:_file.obj
 0001:000102e1       __unlock_file              100112e1 f   LIBCMT:_file.obj
 0001:0001031d       __unlock_file2             1001131d f   LIBCMT:_file.obj
 0001:0001034c       __fileno                   1001134c f   LIBCMT:fileno.obj
 0001:000105a4       ___updatetmbcinfo          100115a4 f   LIBCMT:mbctype.obj
 0001:000106c4       __setmbcp_nolock           100116c4 f   LIBCMT:mbctype.obj
 0001:000108a9       __setmbcp                  100118a9 f   LIBCMT:mbctype.obj
 0001:00010a43       ___initmbctable            10011a43 f   LIBCMT:mbctype.obj
 0001:00010a61       ___freetlocinfo            10011a61 f   LIBCMT:setlocal.obj
 0001:00010baa       ___addlocaleref            10011baa f   LIBCMT:setlocal.obj
 0001:00010c39       ___removelocaleref         10011c39 f   LIBCMT:setlocal.obj
 0001:00010d10       ___updatetlocinfo          10011d10 f   LIBCMT:setlocal.obj
 0001:00010d86       __initp_misc_cfltcvt_tab   10011d86 f   LIBCMT:cmiscdat.obj
 0001:00010da7       __get_printf_count_output  10011da7 f   LIBCMT:printf.obj
 0001:00010dbd       __wctomb_s_l               10011dbd f   LIBCMT:wctomb.obj
 0001:00010f29       _wctomb_s                  10011f29 f   LIBCMT:wctomb.obj
 0001:00010f46       __isleadbyte_l             10011f46 f i LIBCMT:_wctype.obj
 0001:00010f7e       _isleadbyte                10011f7e f i LIBCMT:_wctype.obj
 0001:00010fa0       __aulldvrm                 10011fa0 f   LIBCMT:ulldvrm.obj
 0001:00011035       __mtinitlocks              10012035 f   LIBCMT:mlock.obj
 0001:00011080       __mtdeletelocks            10012080 f   LIBCMT:mlock.obj
 0001:000110d7       __unlock                   100120d7 f   LIBCMT:mlock.obj
 0001:000110ee       __mtinitlocknum            100120ee f   LIBCMT:mlock.obj
 0001:000111b1       __lock                     100121b1 f   LIBCMT:mlock.obj
 0001:000111e4       ___sbh_find_block          100121e4 f   LIBCMT:sbheap.obj
 0001:00011214       ___sbh_free_block          10012214 f   LIBCMT:sbheap.obj
 0001:0001152a       ___sbh_alloc_new_region    1001252a f   LIBCMT:sbheap.obj
 0001:000115da       ___sbh_alloc_new_group     100125da f   LIBCMT:sbheap.obj
 0001:000116e2       ___sbh_resize_block        100126e2 f   LIBCMT:sbheap.obj
 0001:000119c3       ___sbh_alloc_block         100129c3 f   LIBCMT:sbheap.obj
 0001:00011ca8       __NMSG_WRITE               10012ca8 f   LIBCMT:crt0msg.obj
 0001:00011e53       __FF_MSGBANNER             10012e53 f   LIBCMT:crt0msg.obj
 0001:00011ee3       __VEC_memzero              10012ee3 f   LIBCMT:p4_memset.obj
 0001:00011f74       __local_unwind4            10012f74 f   LIBCMT:exsup4.obj
 0001:0001204a       __seh_longjmp_unwind4@4    1001304a f   LIBCMT:exsup4.obj
 0001:00012066       @_EH4_CallFilterFunc@8     10013066 f   LIBCMT:exsup4.obj
 0001:0001207d       @_EH4_TransferToHandler@8  1001307d f   LIBCMT:exsup4.obj
 0001:00012096       @_EH4_GlobalUnwind@4       10013096 f   LIBCMT:exsup4.obj
 0001:000120b0       @_EH4_LocalUnwind@16       100130b0 f   LIBCMT:exsup4.obj
 0001:000120c7       __msize                    100130c7 f   LIBCMT:msize.obj
 0001:0001216a       __calloc_impl              1001316a f   LIBCMT:calloc_impl.obj
 0001:00012288       _realloc                   10013288 f   LIBCMT:realloc.obj
 0001:000124b0       __ValidateImageBase        100134b0 f   LIBCMT:pesect.obj
 0001:000124f0       __FindPESection            100134f0 f   LIBCMT:pesect.obj
 0001:00012540       __IsNonwritableInCurrentImage 10013540 f   LIBCMT:pesect.obj
 0001:000125fd       __initp_misc_winsig        100135fd f   LIBCMT:winsig.obj
 0001:00012652       ___get_sigabrt             10013652 f   LIBCMT:winsig.obj
 0001:0001265f       _raise                     1001365f f   LIBCMT:winsig.obj
 0001:0001280f       __initp_misc_rand_s        1001380f f   LIBCMT:rand_s.obj
 0001:0001281e       __initp_misc_purevirt      1001381e f   LIBCMT:inithelp.obj
 0001:0001282d       __initp_misc_initcrit      1001382d f   LIBCMT:initcrit.obj
 0001:0001283c       ___crtInitCritSecAndSpinCount 1001383c f   LIBCMT:initcrit.obj
 0001:000128ef       __ismbblead                100138ef f   LIBCMT:ismbbyte.obj
 0001:00012907       _abort                     10013907 f   LIBCMT:abort.obj
 0001:00012a20       __global_unwind2           10013a20 f   LIBCMT:exsup.obj
 0001:00012a85       __local_unwind2            10013a85 f   LIBCMT:exsup.obj
 0001:00012b09       __abnormal_termination     10013b09 f   LIBCMT:exsup.obj
 0001:00012b2c       __NLG_Notify1              10013b2c f   LIBCMT:exsup.obj
 0001:00012b35       __NLG_Notify               10013b35 f   LIBCMT:exsup.obj
 0001:00012b4c       __NLG_Dispatch             10013b4c     LIBCMT:exsup.obj
 0001:00012b4c       __NLG_Dispatch2            10013b4c     LIBCMT:exsup.obj
 0001:00012b54       __NLG_Call                 10013b54 f   LIBCMT:exsup.obj
 0001:00012b56       __NLG_Return2              10013b56     LIBCMT:exsup.obj
 0001:00012b57       __free_osfhnd              10013b57 f   LIBCMT:osfinfo.obj
 0001:00012bdd       __get_osfhandle            10013bdd f   LIBCMT:osfinfo.obj
 0001:00012c54       ___lock_fhandle            10013c54 f   LIBCMT:osfinfo.obj
 0001:00012cf4       __unlock_fhandle           10013cf4 f   LIBCMT:osfinfo.obj
 0001:00012d1b       __putwch_nolock            10013d1b f   LIBCMT:putwch.obj
 0001:00012de0       __mbtowc_l                 10013de0 f   LIBCMT:mbtowc.obj
 0001:00012ef7       _mbtowc                    10013ef7 f   LIBCMT:mbtowc.obj
 0001:00012f20       __chkstk                   10013f20 f   LIBCMT:chkstk.obj
 0001:00012f20       __alloca_probe             10013f20     LIBCMT:chkstk.obj
 0001:00012f4b       __fcloseall                10013f4b f   LIBCMT:closeall.obj
 0001:00012fea       __flush                    10013fea f   LIBCMT:fflush.obj
 0001:00013052       __fflush_nolock            10014052 f   LIBCMT:fflush.obj
 0001:00013174       __flushall                 10014174 f   LIBCMT:fflush.obj
 0001:0001317d       __freea                    1001417d f i LIBCMT:a_map.obj
 0001:00013542       ___crtLCMapStringA         10014542 f   LIBCMT:a_map.obj
 0001:00013741       ___crtGetStringTypeA       10014741 f   LIBCMT:a_str.obj
 0001:00013783       ___free_lc_time            10014783 f   LIBCMT:inittime.obj
 0001:00013918       ___free_lconv_num          10014918 f   LIBCMT:initnum.obj
 0001:0001395d       ___free_lconv_mon          1001495d f   LIBCMT:initmon.obj
 0001:000139eb       _strcat_s                  100149eb f   LIBCMT:strcat_s.obj
 0001:00013a60       _strcspn                   10014a60 f   LIBCMT:strcspn.obj
 0001:00013aa6       _strncpy_s                 10014aa6 f   LIBCMT:strncpy_s.obj
 0001:00013b60       _strpbrk                   10014b60 f   LIBCMT:strpbrk.obj
 0001:00013ba0       __fptrap                   10014ba0 f   LIBCMT:crt0fp.obj
 0001:00013dd8       _strtol                    10014dd8 f   LIBCMT:strtol.obj
 0001:00013e03       ___crtMessageBoxA          10014e03 f   LIBCMT:crtmbox.obj
 0001:00013f6c       __set_error_mode           10014f6c f   LIBCMT:errmode.obj
 0001:00013fc0       __allmul                   10014fc0 f   LIBCMT:llmul.obj
 0001:00013ff4       _atol                      10014ff4 f   LIBCMT:atox.obj
 0001:0001400a       __isdigit_l                1001500a f i LIBCMT:_ctype.obj
 0001:0001405b       _isdigit                   1001505b f i LIBCMT:_ctype.obj
 0001:00014089       ___initconout              10015089 f   LIBCMT:initcon.obj
 0001:000140a8       ___termcon                 100150a8 f   LIBCMT:initcon.obj
 0001:000140d5       __fclose_nolock            100150d5 f   LIBCMT:fclose.obj
 0001:0001414c       _fclose                    1001514c f   LIBCMT:fclose.obj
 0001:000141c8       __commit                   100151c8 f   LIBCMT:commit.obj
 0001:000142a9       ___ansicp                  100152a9 f   LIBCMT:convrtcp.obj
 0001:000142f2       ___convertcp               100152f2 f   LIBCMT:convrtcp.obj
 0001:000144b0       __alloca_probe_16          100154b0 f   LIBCMT:alloca16.obj
 0001:000144c6       __alloca_probe_8           100154c6     LIBCMT:alloca16.obj
 0001:000144dc       __isctype_l                100154dc f   LIBCMT:isctype.obj
 0001:00014594       __close_nolock             10015594 f   LIBCMT:close.obj
 0001:00014630       __close                    10015630 f   LIBCMT:close.obj
 0001:000146fd       __freebuf                  100156fd f   LIBCMT:_freebuf.obj
 0001:0001472e       __tolower_l                1001572e f   LIBCMT:tolower.obj
 0001:00014843       _tolower                   10015843 f   LIBCMT:tolower.obj
 0001:00014870       ___ascii_strnicmp          10015870 f   LIBCMT:_strnicm.obj
 0001:000148f0       _strchr                    100158f0 f   LIBCMT:strchr.obj
 0001:000148f6       ___from_strstr_to_strchr   100158f6     LIBCMT:strchr.obj
 0001:000149ae       _RtlUnwind@16              100159ae f   kernel32:KERNEL32.dll
 0001:000149b4       __cfltcvt_init             100159b4 f   LIBCMT:_fpinit_.obj
 0001:00014a14       __fpmath                   10015a14 f   LIBCMT:_fpinit_.obj
 0001:00014a40       __ftol2_sse                10015a40 f   LIBCMT:ftol2.obj
 0001:00014a49       __ftol2_pentium4           10015a49 f   LIBCMT:ftol2.obj
 0001:00014a5c       __ftol2_sse_excpt          10015a5c f   LIBCMT:ftol2.obj
 0001:00014a76       __ftol2                    10015a76 f   LIBCMT:ftol2.obj
 0001:00014aeb       __forcdecpt_l              10015aeb f   LIBCMT:cvt.obj
 0001:00014b5e       __cropzeros_l              10015b5e f   LIBCMT:cvt.obj
 0001:00014be0       __positive                 10015be0 f   LIBCMT:cvt.obj
 0001:00014bfc       __fassign_l                10015bfc f   LIBCMT:cvt.obj
 0001:00014c3e       __fassign                  10015c3e f   LIBCMT:cvt.obj
 0001:00014c77       __forcdecpt                10015c77 f   LIBCMT:cvt.obj
 0001:00014c8a       __cropzeros                10015c8a f   LIBCMT:cvt.obj
 0001:00014e0c       __cftoe_l                  10015e0c f   LIBCMT:cvt.obj
 0001:00014edc       __cftoe                    10015edc f   LIBCMT:cvt.obj
 0001:00014efc       __cftoa_l                  10015efc f   LIBCMT:cvt.obj
 0001:00015366       __cftof_l                  10016366 f   LIBCMT:cvt.obj
 0001:00015421       __cftog_l                  10016421 f   LIBCMT:cvt.obj
 0001:0001551b       __cfltcvt_l                1001651b f   LIBCMT:cvt.obj
 0001:000155a3       __cfltcvt                  100165a3 f   LIBCMT:cvt.obj
 0001:000155c6       __setdefaultprecision      100165c6 f   LIBCMT:fp8.obj
 0001:000155f1       __ms_p5_test_fdiv          100165f1 f   LIBCMT:_testfdiv_.obj
 0001:0001562f       __ms_p5_mp_test_fdiv       1001662f f   LIBCMT:_testfdiv_.obj
 0001:00015660       _strrchr                   10016660 f   LIBCMT:strrchr.obj
 0001:0001568d       __atodbl_l                 1001668d f   LIBCMT:atodbl.obj
 0001:00015735       __atoflt_l                 10016735 f   LIBCMT:atodbl.obj
 0001:000157dd       __fptostr                  100167dd f   LIBCMT:_fptostr.obj
 0001:0001589c       ___dtold                   1001689c f   LIBCMT:_cfout_.obj
 0001:00015959       __fltout2                  10016959 f   LIBCMT:_cfout_.obj
 0001:000159f0       __alldvrm                  100169f0 f   LIBCMT:lldvrm.obj
 0001:00015ad0       __aullshr                  10016ad0 f   LIBCMT:ullshr.obj
 0001:00015aef       __controlfp_s              10016aef f   LIBCMT:_contrlfp_.obj
 0001:00015b5b       __ld12tod                  10016b5b f   LIBCMT:_intrncvt_.obj
 0001:0001609f       __ld12tof                  1001709f f   LIBCMT:_intrncvt_.obj
 0001:000165e3       ___strgtold12_l            100175e3 f   LIBCMT:_strgtold_.obj
 0001:00016cdb       _$I10_OUTPUT               10017cdb f   LIBCMT:_x10fout_.obj
 0001:0001772d       __control87                1001872d f i LIBCMT:_ieee87_.obj
 0001:00017a3c       ___mtold12                 10018a3c f   LIBCMT:_mantold_.obj
 0001:00017c0a       ___set_fpsr_sse2           10018c0a f   LIBCMT:_fpctrl_.obj
 0002:00000000       __imp__GetProcAddress@8    10019000     kernel32:KERNEL32.dll
 0002:00000004       __imp__LoadLibraryA@4      10019004     kernel32:KERNEL32.dll
 0002:00000008       __imp__CreateFileA@28      10019008     kernel32:KERNEL32.dll
 0002:0000000c       __imp__SetFilePointer@16   1001900c     kernel32:KERNEL32.dll
 0002:00000010       __imp__CloseHandle@4       10019010     kernel32:KERNEL32.dll
 0002:00000014       __imp__GetCurrentThreadId@0 10019014     kernel32:KERNEL32.dll
 0002:00000018       __imp__GetCommandLineA@0   10019018     kernel32:KERNEL32.dll
 0002:0000001c       __imp__RtlUnwind@16        1001901c     kernel32:KERNEL32.dll
 0002:00000020       __imp__TerminateProcess@8  10019020     kernel32:KERNEL32.dll
 0002:00000024       __imp__GetCurrentProcess@0 10019024     kernel32:KERNEL32.dll
 0002:00000028       __imp__UnhandledExceptionFilter@4 10019028     kernel32:KERNEL32.dll
 0002:0000002c       __imp__SetUnhandledExceptionFilter@4 1001902c     kernel32:KERNEL32.dll
 0002:00000030       __imp__IsDebuggerPresent@0 10019030     kernel32:KERNEL32.dll
 0002:00000034       __imp__HeapAlloc@12        10019034     kernel32:KERNEL32.dll
 0002:00000038       __imp__GetLastError@0      10019038     kernel32:KERNEL32.dll
 0002:0000003c       __imp__HeapFree@12         1001903c     kernel32:KERNEL32.dll
 0002:00000040       __imp__GetModuleHandleW@4  10019040     kernel32:KERNEL32.dll
 0002:00000044       __imp__TlsGetValue@4       10019044     kernel32:KERNEL32.dll
 0002:00000048       __imp__TlsAlloc@0          10019048     kernel32:KERNEL32.dll
 0002:0000004c       __imp__TlsSetValue@8       1001904c     kernel32:KERNEL32.dll
 0002:00000050       __imp__TlsFree@4           10019050     kernel32:KERNEL32.dll
 0002:00000054       __imp__InterlockedIncrement@4 10019054     kernel32:KERNEL32.dll
 0002:00000058       __imp__SetLastError@4      10019058     kernel32:KERNEL32.dll
 0002:0000005c       __imp__InterlockedDecrement@4 1001905c     kernel32:KERNEL32.dll
 0002:00000060       __imp__Sleep@4             10019060     kernel32:KERNEL32.dll
 0002:00000064       __imp__ExitProcess@4       10019064     kernel32:KERNEL32.dll
 0002:00000068       __imp__SetHandleCount@4    10019068     kernel32:KERNEL32.dll
 0002:0000006c       __imp__GetStdHandle@4      1001906c     kernel32:KERNEL32.dll
 0002:00000070       __imp__GetFileType@4       10019070     kernel32:KERNEL32.dll
 0002:00000074       __imp__GetStartupInfoA@4   10019074     kernel32:KERNEL32.dll
 0002:00000078       __imp__DeleteCriticalSection@4 10019078     kernel32:KERNEL32.dll
 0002:0000007c       __imp__GetModuleFileNameA@12 1001907c     kernel32:KERNEL32.dll
 0002:00000080       __imp__FreeEnvironmentStringsA@4 10019080     kernel32:KERNEL32.dll
 0002:00000084       __imp__GetEnvironmentStrings@0 10019084     kernel32:KERNEL32.dll
 0002:00000088       __imp__FreeEnvironmentStringsW@4 10019088     kernel32:KERNEL32.dll
 0002:0000008c       __imp__WideCharToMultiByte@32 1001908c     kernel32:KERNEL32.dll
 0002:00000090       __imp__GetEnvironmentStringsW@0 10019090     kernel32:KERNEL32.dll
 0002:00000094       __imp__HeapCreate@12       10019094     kernel32:KERNEL32.dll
 0002:00000098       __imp__HeapDestroy@4       10019098     kernel32:KERNEL32.dll
 0002:0000009c       __imp__VirtualFree@12      1001909c     kernel32:KERNEL32.dll
 0002:000000a0       __imp__QueryPerformanceCounter@4 100190a0     kernel32:KERNEL32.dll
 0002:000000a4       __imp__GetTickCount@0      100190a4     kernel32:KERNEL32.dll
 0002:000000a8       __imp__GetCurrentProcessId@0 100190a8     kernel32:KERNEL32.dll
 0002:000000ac       __imp__GetSystemTimeAsFileTime@4 100190ac     kernel32:KERNEL32.dll
 0002:000000b0       __imp__WriteFile@20        100190b0     kernel32:KERNEL32.dll
 0002:000000b4       __imp__GetConsoleCP@0      100190b4     kernel32:KERNEL32.dll
 0002:000000b8       __imp__GetConsoleMode@8    100190b8     kernel32:KERNEL32.dll
 0002:000000bc       __imp__EnterCriticalSection@4 100190bc     kernel32:KERNEL32.dll
 0002:000000c0       __imp__LeaveCriticalSection@4 100190c0     kernel32:KERNEL32.dll
 0002:000000c4       __imp__GetCPInfo@8         100190c4     kernel32:KERNEL32.dll
 0002:000000c8       __imp__GetACP@0            100190c8     kernel32:KERNEL32.dll
 0002:000000cc       __imp__GetOEMCP@0          100190cc     kernel32:KERNEL32.dll
 0002:000000d0       __imp__IsValidCodePage@4   100190d0     kernel32:KERNEL32.dll
 0002:000000d4       __imp__VirtualAlloc@16     100190d4     kernel32:KERNEL32.dll
 0002:000000d8       __imp__HeapReAlloc@16      100190d8     kernel32:KERNEL32.dll
 0002:000000dc       __imp__HeapSize@12         100190dc     kernel32:KERNEL32.dll
 0002:000000e0       __imp__InitializeCriticalSectionAndSpinCount@8 100190e0     kernel32:KERNEL32.dll
 0002:000000e4       __imp__SetStdHandle@8      100190e4     kernel32:KERNEL32.dll
 0002:000000e8       __imp__WriteConsoleA@20    100190e8     kernel32:KERNEL32.dll
 0002:000000ec       __imp__GetConsoleOutputCP@0 100190ec     kernel32:KERNEL32.dll
 0002:000000f0       __imp__WriteConsoleW@20    100190f0     kernel32:KERNEL32.dll
 0002:000000f4       __imp__MultiByteToWideChar@24 100190f4     kernel32:KERNEL32.dll
 0002:000000f8       __imp__LCMapStringA@24     100190f8     kernel32:KERNEL32.dll
 0002:000000fc       __imp__LCMapStringW@24     100190fc     kernel32:KERNEL32.dll
 0002:00000100       __imp__GetStringTypeA@20   10019100     kernel32:KERNEL32.dll
 0002:00000104       __imp__GetStringTypeW@16   10019104     kernel32:KERNEL32.dll
 0002:00000108       __imp__GetLocaleInfoA@16   10019108     kernel32:KERNEL32.dll
 0002:0000010c       __imp__FlushFileBuffers@4  1001910c     kernel32:KERNEL32.dll
 0002:00000110       __imp__GetModuleHandleA@4  10019110     kernel32:KERNEL32.dll
 0002:00000114       \177KERNEL32_NULL_THUNK_DATA 10019114     kernel32:KERNEL32.dll
 0002:00000118       ___xc_a                    10019118     LIBCMT:crt0init.obj
 0002:0000011c       ___xc_z                    1001911c     LIBCMT:crt0init.obj
 0002:00000120       ___xi_a                    10019120     LIBCMT:crt0init.obj
 0002:00000134       ___xi_z                    10019134     LIBCMT:crt0init.obj
 0002:00000138       ___xp_a                    10019138     LIBCMT:crt0init.obj
 0002:00000144       ___xp_z                    10019144     LIBCMT:crt0init.obj
 0002:00000148       ___xt_a                    10019148     LIBCMT:crt0init.obj
 0002:0000014c       ___xt_z                    1001914c     LIBCMT:crt0init.obj
 0002:0000016c       __pDefaultRawDllMain       1001916c     LIBCMT:dllcrt0.obj
 0002:0000016c       __pRawDllMain              1001916c     LIBCMT:dllcrt0.obj
 0002:00000178       ??_C@_1O@CEDCILHN@?$AA?$CI?$AAn?$AAu?$AAl?$AAl?$AA?$CJ?$AA?$AA@ 10019178     LIBCMT:output.obj
 0002:00000188       ??_C@_06OJHGLDPL@?$CInull?$CJ?$AA@ 10019188     LIBCMT:output.obj
 0002:00000190       ___lookuptable             10019190     LIBCMT:output.obj
 0002:000001ec       ??_C@_0O@NLDKAIKN@EncodePointer?$AA@ 100191ec     LIBCMT:tidtable.obj
 0002:000001fc       ??_C@_1BK@DBDEIDLH@?$AAK?$AAE?$AAR?$AAN?$AAE?$AAL?$AA3?$AA2?$AA?4?$AAD?$AAL?$AAL?$AA?$AA@ 100191fc     LIBCMT:tidtable.obj
 0002:00000218       ??_C@_0O@KBPMFGHI@DecodePointer?$AA@ 10019218     LIBCMT:tidtable.obj
 0002:00000228       ??_C@_07PEJMOBNF@FlsFree?$AA@ 10019228     LIBCMT:tidtable.obj
 0002:00000230       ??_C@_0M@JCPCPOEF@FlsSetValue?$AA@ 10019230     LIBCMT:tidtable.obj
 0002:0000023c       ??_C@_0M@GDNOONDI@FlsGetValue?$AA@ 1001923c     LIBCMT:tidtable.obj
 0002:00000248       ??_C@_08KNHFBNJ@FlsAlloc?$AA@ 10019248     LIBCMT:tidtable.obj
 0002:00000254       ??_C@_0P@MIGLKIOC@CorExitProcess?$AA@ 10019254     LIBCMT:crt0dat.obj
 0002:00000264       ??_C@_1BI@BGOHAHKC@?$AAm?$AAs?$AAc?$AAo?$AAr?$AAe?$AAe?$AA?4?$AAd?$AAl?$AAl?$AA?$AA@ 10019264     LIBCMT:crt0dat.obj
 0002:00000280       __XcptActTab               10019280     LIBCMT:winxfltr.obj
 0002:000002f8       __pDestructExceptionObject 100192f8     LIBCMT:frame.obj
 0002:00000380       ??_C@_01NEMOKFLO@?$DN?$AA@ 10019380     LIBCMT:setlocal.obj
 0002:00000388       ___lookuptable_s           10019388     LIBCMT:outputs.obj
 0002:000003e4       ??_C@_0P@GGKDKEEG@runtime?5error?5?$AA@ 100193e4     LIBCMT:crt0msg.obj
 0002:000003f4       ??_C@_02PCIJFNDE@?$AN?6?$AA@ 100193f4     LIBCMT:crt0msg.obj
 0002:000003f8       ??_C@_0O@MJNIPGOH@TLOSS?5error?$AN?6?$AA@ 100193f8     LIBCMT:crt0msg.obj
 0002:00000408       ??_C@_0N@BONNPDHF@SING?5error?$AN?6?$AA@ 10019408     LIBCMT:crt0msg.obj
 0002:00000418       ??_C@_0P@MBDAJNE@DOMAIN?5error?$AN?6?$AA@ 10019418     LIBCMT:crt0msg.obj
 0002:00000428       ??_C@_0JL@DFDOOABL@R6034?$AN?6An?5application?5has?5made?5a@ 10019428     LIBCMT:crt0msg.obj
 0002:000004c8       ??_C@_0PH@EPAFIJ@R6033?$AN?6?9?5Attempt?5to?5use?5MSIL?5cod@ 100194c8     LIBCMT:crt0msg.obj
 0002:000005c0       ??_C@_0DD@BKEEABMM@R6032?$AN?6?9?5not?5enough?5space?5for?5lo@ 100195c0     LIBCMT:crt0msg.obj
 0002:000005f8       ??_C@_0GD@OFKILIED@R6031?$AN?6?9?5Attempt?5to?5initialize?5t@ 100195f8     LIBCMT:crt0msg.obj
 0002:0000065c       ??_C@_0BP@LPMHJOKI@R6030?$AN?6?9?5CRT?5not?5initialized?$AN?6?$AA@ 1001965c     LIBCMT:crt0msg.obj
 0002:0000067c       ??_C@_0CF@KJDAIALP@R6028?$AN?6?9?5unable?5to?5initialize?5he@ 1001967c     LIBCMT:crt0msg.obj
 0002:000006a4       ??_C@_0DF@GAKBPDFP@R6027?$AN?6?9?5not?5enough?5space?5for?5lo@ 100196a4     LIBCMT:crt0msg.obj
 0002:000006dc       ??_C@_0DF@IBLNNAIG@R6026?$AN?6?9?5not?5enough?5space?5for?5st@ 100196dc     LIBCMT:crt0msg.obj
 0002:00000714       ??_C@_0CG@IOHKGFNJ@R6025?$AN?6?9?5pure?5virtual?5function?5c@ 10019714     LIBCMT:crt0msg.obj
 0002:0000073c       ??_C@_0DF@JIJJFJDC@R6024?$AN?6?9?5not?5enough?5space?5for?5_o@ 1001973c     LIBCMT:crt0msg.obj
 0002:00000774       ??_C@_0CJ@EGEJHFME@R6019?$AN?6?9?5unable?5to?5open?5console?5@ 10019774     LIBCMT:crt0msg.obj
 0002:000007a0       ??_C@_0CB@GNHNIELH@R6018?$AN?6?9?5unexpected?5heap?5error?$AN?6@ 100197a0     LIBCMT:crt0msg.obj
 0002:000007c4       ??_C@_0CN@FOLDKNG@R6017?$AN?6?9?5unexpected?5multithread?5@ 100197c4     LIBCMT:crt0msg.obj
 0002:000007f4       ??_C@_0CM@FAHFJNHO@R6016?$AN?6?9?5not?5enough?5space?5for?5th@ 100197f4     LIBCMT:crt0msg.obj
 0002:00000820       ??_C@_0JG@LBKMGKLD@?$AN?6This?5application?5has?5requested@ 10019820     LIBCMT:crt0msg.obj
 0002:000008b8       ??_C@_0CM@FLCNIPKK@R6009?$AN?6?9?5not?5enough?5space?5for?5en@ 100198b8     LIBCMT:crt0msg.obj
 0002:000008e4       ??_C@_0CK@KMMJOAPP@R6008?$AN?6?9?5not?5enough?5space?5for?5ar@ 100198e4     LIBCMT:crt0msg.obj
 0002:00000910       ??_C@_0CN@LEKKICBM@R6002?$AN?6?9?5floating?5point?5support?5@ 10019910     LIBCMT:crt0msg.obj
 0002:00000940       ??_C@_0CF@GOGNBNAK@Microsoft?5Visual?5C?$CL?$CL?5Runtime?5Lib@ 10019940     LIBCMT:crt0msg.obj
 0002:00000968       ??_C@_02PHMGELLB@?6?6?$AA@ 10019968     LIBCMT:crt0msg.obj
 0002:0000096c       ??_C@_03KHICJKCI@?4?4?4?$AA@ 1001996c     LIBCMT:crt0msg.obj
 0002:00000970       ??_C@_0BH@DNAGHKFM@?$DMprogram?5name?5unknown?$DO?$AA@ 10019970     LIBCMT:crt0msg.obj
 0002:00000988       ??_C@_0BK@OFGJDLJJ@Runtime?5Error?$CB?6?6Program?3?5?$AA@ 10019988     LIBCMT:crt0msg.obj
 0002:000009a4       ??_C@_0BK@CFCOFLF@?5Complete?5Object?5Locator?8?$AA@ 100199a4     LIBCMT:undname.obj
 0002:000009c0       ??_C@_0BN@MECKDCOJ@?5Class?5Hierarchy?5Descriptor?8?$AA@ 100199c0     LIBCMT:undname.obj
 0002:000009e0       ??_C@_0BD@LGICGFMM@?5Base?5Class?5Array?8?$AA@ 100199e0     LIBCMT:undname.obj
 0002:000009f4       ??_C@_0BM@LDKODKLH@?5Base?5Class?5Descriptor?5at?5?$CI?$AA@ 100199f4     LIBCMT:undname.obj
 0002:00000a10       ??_C@_0BC@DAFEJGAK@?5Type?5Descriptor?8?$AA@ 10019a10     LIBCMT:undname.obj
 0002:00000a24       ??_C@_0BM@PMGGMLDN@?$GAlocal?5static?5thread?5guard?8?$AA@ 10019a24     LIBCMT:undname.obj
 0002:00000a40       ??_C@_0CL@FGIJHLCE@?$GAmanaged?5vector?5copy?5constructor@ 10019a40     LIBCMT:undname.obj
 0002:00000a6c       ??_C@_0CJ@GJELGAMM@?$GAvector?5vbase?5copy?5constructor?5i@ 10019a6c     LIBCMT:undname.obj
 0002:00000a98       ??_C@_0CD@CGAJBKEJ@?$GAvector?5copy?5constructor?5iterato@ 10019a98     LIBCMT:undname.obj
 0002:00000abc       ??_C@_0CB@PDBIFEP@?$GAdynamic?5atexit?5destructor?5for?5?8@ 10019abc     LIBCMT:undname.obj
 0002:00000ae0       ??_C@_0BL@CLIPGLGB@?$GAdynamic?5initializer?5for?5?8?$AA@ 10019ae0     LIBCMT:undname.obj
 0002:00000afc       ??_C@_0CM@FCBBDIGB@?$GAeh?5vector?5vbase?5copy?5constructo@ 10019afc     LIBCMT:undname.obj
 0002:00000b28       ??_C@_0CG@HLDDJMAG@?$GAeh?5vector?5copy?5constructor?5iter@ 10019b28     LIBCMT:undname.obj
 0002:00000b50       ??_C@_0CF@IMGKMJNO@?$GAmanaged?5vector?5destructor?5itera@ 10019b50     LIBCMT:undname.obj
 0002:00000b78       ??_C@_0CG@CFDHKGGD@?$GAmanaged?5vector?5constructor?5iter@ 10019b78     LIBCMT:undname.obj
 0002:00000ba0       ??_C@_0BN@CKNJLHMB@?$GAplacement?5delete?$FL?$FN?5closure?8?$AA@ 10019ba0     LIBCMT:undname.obj
 0002:00000bc0       ??_C@_0BL@CNOONJFP@?$GAplacement?5delete?5closure?8?$AA@ 10019bc0     LIBCMT:undname.obj
 0002:00000bdc       ??_C@_0P@HJKNJFNN@?$GAomni?5callsig?8?$AA@ 10019bdc     LIBCMT:undname.obj
 0002:00000bec       ??_C@_09LBNFPBCA@?5delete?$FL?$FN?$AA@ 10019bec     LIBCMT:undname.obj
 0002:00000bf8       ??_C@_06FHBGPFGH@?5new?$FL?$FN?$AA@ 10019bf8     LIBCMT:undname.obj
 0002:00000c00       ??_C@_0CE@IIHCMGGL@?$GAlocal?5vftable?5constructor?5closu@ 10019c00     LIBCMT:undname.obj
 0002:00000c24       ??_C@_0BA@KKLDJDLB@?$GAlocal?5vftable?8?$AA@ 10019c24     LIBCMT:undname.obj
 0002:00000c34       ??_C@_05KHLCHHI@?$GARTTI?$AA@ 10019c34     LIBCMT:undname.obj
 0002:00000c3c       ??_C@_03KLGMFNMG@?$GAEH?$AA@ 10019c3c     LIBCMT:undname.obj
 0002:00000c40       ??_C@_0BA@KBCDOMBN@?$GAudt?5returning?8?$AA@ 10019c40     LIBCMT:undname.obj
 0002:00000c50       ??_C@_0BL@LLKPOHJI@?$GAcopy?5constructor?5closure?8?$AA@ 10019c50     LIBCMT:undname.obj
 0002:00000c6c       ??_C@_0CH@OOJPLCPH@?$GAeh?5vector?5vbase?5constructor?5ite@ 10019c6c     LIBCMT:undname.obj
 0002:00000c94       ??_C@_0CA@GCEOPDGL@?$GAeh?5vector?5destructor?5iterator?8?$AA@ 10019c94     LIBCMT:undname.obj
 0002:00000cb4       ??_C@_0CB@JONCMFFK@?$GAeh?5vector?5constructor?5iterator?8@ 10019cb4     LIBCMT:undname.obj
 0002:00000cd8       ??_C@_0BL@NILFHHPC@?$GAvirtual?5displacement?5map?8?$AA@ 10019cd8     LIBCMT:undname.obj
 0002:00000cf4       ??_C@_0CE@IKBNEHA@?$GAvector?5vbase?5constructor?5iterat@ 10019cf4     LIBCMT:undname.obj
 0002:00000d18       ??_C@_0BN@LFPFMEDL@?$GAvector?5destructor?5iterator?8?$AA@ 10019d18     LIBCMT:undname.obj
 0002:00000d38       ??_C@_0BO@PFGOCPJJ@?$GAvector?5constructor?5iterator?8?$AA@ 10019d38     LIBCMT:undname.obj
 0002:00000d58       ??_C@_0BN@IMDCHIKM@?$GAscalar?5deleting?5destructor?8?$AA@ 10019d58     LIBCMT:undname.obj
 0002:00000d78       ??_C@_0BO@OBMKPJIG@?$GAdefault?5constructor?5closure?8?$AA@ 10019d78     LIBCMT:undname.obj
 0002:00000d98       ??_C@_0BN@DEGPLNFK@?$GAvector?5deleting?5destructor?8?$AA@ 10019d98     LIBCMT:undname.obj
 0002:00000db8       ??_C@_0BD@JDLKDPAB@?$GAvbase?5destructor?8?$AA@ 10019db8     LIBCMT:undname.obj
 0002:00000dcc       ??_C@_08OBABFOLI@?$GAstring?8?$AA@ 10019dcc     LIBCMT:undname.obj
 0002:00000dd8       ??_C@_0BF@KDPPACIK@?$GAlocal?5static?5guard?8?$AA@ 10019dd8     LIBCMT:undname.obj
 0002:00000df0       ??_C@_08LLFFHHDJ@?$GAtypeof?8?$AA@ 10019df0     LIBCMT:undname.obj
 0002:00000dfc       ??_C@_07FEEIOKP@?$GAvcall?8?$AA@ 10019dfc     LIBCMT:undname.obj
 0002:00000e04       ??_C@_09BLBHBJP@?$GAvbtable?8?$AA@ 10019e04     LIBCMT:undname.obj
 0002:00000e10       ??_C@_09IFPLHPGF@?$GAvftable?8?$AA@ 10019e10     LIBCMT:undname.obj
 0002:00000e1c       ??_C@_02MHEGNOJ@?$FO?$DN?$AA@ 10019e1c     LIBCMT:undname.obj
 0002:00000e20       ??_C@_02DHLNPPGH@?$HM?$DN?$AA@ 10019e20     LIBCMT:undname.obj
 0002:00000e24       ??_C@_02FGJGFEAB@?$CG?$DN?$AA@ 10019e24     LIBCMT:undname.obj
 0002:00000e28       ??_C@_03CDNPDDLA@?$DM?$DM?$DN?$AA@ 10019e28     LIBCMT:undname.obj
 0002:00000e2c       ??_C@_03IKFCCPFF@?$DO?$DO?$DN?$AA@ 10019e2c     LIBCMT:undname.obj
 0002:00000e30       ??_C@_02FENAOKFI@?$CF?$DN?$AA@ 10019e30     LIBCMT:undname.obj
 0002:00000e34       ??_C@_02FJEHGPIO@?1?$DN?$AA@ 10019e34     LIBCMT:undname.obj
 0002:00000e38       ??_C@_02FKMDLLOA@?9?$DN?$AA@ 10019e38     LIBCMT:undname.obj
 0002:00000e3c       ??_C@_02FOEOMHFC@?$CL?$DN?$AA@ 10019e3c     LIBCMT:undname.obj
 0002:00000e40       ??_C@_02FPIMKNGF@?$CK?$DN?$AA@ 10019e40     LIBCMT:undname.obj
 0002:00000e44       ??_C@_02NONPIBCD@?$HM?$HM?$AA@ 10019e44     LIBCMT:undname.obj
 0002:00000e48       ??_C@_02PPKAJPJL@?$CG?$CG?$AA@ 10019e48     LIBCMT:undname.obj
 0002:00000e4c       ??_C@_01DNKMNLPK@?$HM?$AA@ 10019e4c     LIBCMT:undname.obj
 0002:00000e50       ??_C@_01JKBOJNNK@?$FO?$AA@ 10019e50     LIBCMT:undname.obj
 0002:00000e54       ??_C@_01PJKLJHI@?$HO?$AA@  10019e54     LIBCMT:undname.obj
 0002:00000e58       ??_C@_02HCKGKOFO@?$CI?$CJ?$AA@ 10019e58     LIBCMT:undname.obj
 0002:00000e5c       ??_C@_01IHBHIGKO@?0?$AA@   10019e5c     LIBCMT:undname.obj
 0002:00000e60       ??_C@_02EEKDKGMJ@?$DO?$DN?$AA@ 10019e60     LIBCMT:undname.obj
 0002:00000e64       ??_C@_01PPODPGHN@?$DO?$AA@ 10019e64     LIBCMT:undname.obj
 0002:00000e68       ??_C@_02EHCHHCKH@?$DM?$DN?$AA@ 10019e68     LIBCMT:undname.obj
 0002:00000e6c       ??_C@_01MNNFJEPP@?$DM?$AA@ 10019e6c     LIBCMT:undname.obj
 0002:00000e70       ??_C@_01FGNFDNOH@?$CF?$AA@ 10019e70     LIBCMT:undname.obj
 0002:00000e74       ??_C@_01KMDKNFGN@?1?$AA@   10019e74     LIBCMT:undname.obj
 0002:00000e78       ??_C@_03MNHNFDLC@?9?$DO?$CK?$AA@ 10019e78     LIBCMT:undname.obj
 0002:00000e7c       ??_C@_01HNPIGOCE@?$CG?$AA@ 10019e7c     LIBCMT:undname.obj
 0002:00000e80       ??_C@_01MIFGBAGJ@?$CL?$AA@ 10019e80     LIBCMT:undname.obj
 0002:00000e84       ??_C@_01JOAMLHOP@?9?$AA@   10019e84     LIBCMT:undname.obj
 0002:00000e88       ??_C@_02BAABKJLB@?9?9?$AA@ 10019e88     LIBCMT:undname.obj
 0002:00000e8c       ??_C@_02ECNGHCIF@?$CL?$CL?$AA@ 10019e8c     LIBCMT:undname.obj
 0002:00000e90       ??_C@_01NBENCBCI@?$CK?$AA@ 10019e90     LIBCMT:undname.obj
 0002:00000e94       ??_C@_02HBOOOICD@?9?$DO?$AA@ 10019e94     LIBCMT:undname.obj
 0002:00000e98       ??_C@_08LHJFAFGD@operator?$AA@ 10019e98     LIBCMT:undname.obj
 0002:00000ea4       ??_C@_02GPECMEKF@?$FL?$FN?$AA@ 10019ea4     LIBCMT:undname.obj
 0002:00000ea8       ??_C@_02FDNJECIE@?$CB?$DN?$AA@ 10019ea8     LIBCMT:undname.obj
 0002:00000eac       ??_C@_02EGOFBIJA@?$DN?$DN?$AA@ 10019eac     LIBCMT:undname.obj
 0002:00000eb0       ??_C@_01DCLJPIOD@?$CB?$AA@ 10019eb0     LIBCMT:undname.obj
 0002:00000eb4       ??_C@_02FODMEDOG@?$DM?$DM?$AA@ 10019eb4     LIBCMT:undname.obj
 0002:00000eb8       ??_C@_02GPIOPFAK@?$DO?$DO?$AA@ 10019eb8     LIBCMT:undname.obj
 0002:00000ebc       ??_C@_07FPCDHGMM@?5delete?$AA@ 10019ebc     LIBCMT:undname.obj
 0002:00000ec4       ??_C@_04NIHEBCM@?5new?$AA@ 10019ec4     LIBCMT:undname.obj
 0002:00000ecc       ??_C@_0M@GFIIJFMG@__unaligned?$AA@ 10019ecc     LIBCMT:undname.obj
 0002:00000ed8       ??_C@_0L@PILCLIHE@__restrict?$AA@ 10019ed8     LIBCMT:undname.obj
 0002:00000ee4       ??_C@_07JOMMBBKO@__ptr64?$AA@ 10019ee4     LIBCMT:undname.obj
 0002:00000eec       ??_C@_09HIJEGCPM@__clrcall?$AA@ 10019eec     LIBCMT:undname.obj
 0002:00000ef8       ??_C@_0L@JMKHOMEK@__fastcall?$AA@ 10019ef8     LIBCMT:undname.obj
 0002:00000f04       ??_C@_0L@NPHFGOKO@__thiscall?$AA@ 10019f04     LIBCMT:undname.obj
 0002:00000f10       ??_C@_09IFJBGAPI@__stdcall?$AA@ 10019f10     LIBCMT:undname.obj
 0002:00000f1c       ??_C@_08GHMPAG@__pascal?$AA@ 10019f1c     LIBCMT:undname.obj
 0002:00000f28       ??_C@_07KOLFKCDI@__cdecl?$AA@ 10019f28     LIBCMT:undname.obj
 0002:00000f30       ??_C@_08EHJDFFNH@__based?$CI?$AA@ 10019f30     LIBCMT:undname.obj
 0002:000010c0       ??_C@_13NOLLCAOD@?$AA?$AA?$AA?$AA@ 1001a0c0     LIBCMT:a_map.obj
 0002:000010c8       ___newctype                1001a0c8     LIBCMT:ctype.obj
 0002:000013c8       __wctype                   1001a3c8     LIBCMT:ctype.obj
 0002:000015d0       ___newclmap                1001a5d0     LIBCMT:ctype.obj
 0002:00001750       ___newcumap                1001a750     LIBCMT:ctype.obj
 0002:000018d0       ??_C@_08JCCMCCIL@HH?3mm?3ss?$AA@ 1001a8d0     LIBCMT:strftime.obj
 0002:000018dc       ??_C@_0BE@CKGJFCPC@dddd?0?5MMMM?5dd?0?5yyyy?$AA@ 1001a8dc     LIBCMT:strftime.obj
 0002:000018f0       ??_C@_08BPBNCDIB@MM?1dd?1yy?$AA@ 1001a8f0     LIBCMT:strftime.obj
 0002:000018fc       ??_C@_02CJNFDJBF@PM?$AA@   1001a8fc     LIBCMT:strftime.obj
 0002:00001900       ??_C@_02DEDBPAFC@AM?$AA@   1001a900     LIBCMT:strftime.obj
 0002:00001904       ??_C@_08EDHMEBNP@December?$AA@ 1001a904     LIBCMT:strftime.obj
 0002:00001910       ??_C@_08HCHEGEOA@November?$AA@ 1001a910     LIBCMT:strftime.obj
 0002:0000191c       ??_C@_07JJNFCEND@October?$AA@ 1001a91c     LIBCMT:strftime.obj
 0002:00001924       ??_C@_09BHHEALKD@September?$AA@ 1001a924     LIBCMT:strftime.obj
 0002:00001930       ??_C@_06LBBHFDDG@August?$AA@ 1001a930     LIBCMT:strftime.obj
 0002:00001938       ??_C@_04MIEPOIFP@July?$AA@ 1001a938     LIBCMT:strftime.obj
 0002:00001940       ??_C@_04CNLMGBGM@June?$AA@ 1001a940     LIBCMT:strftime.obj
 0002:00001948       ??_C@_05DMJDNLEJ@April?$AA@ 1001a948     LIBCMT:strftime.obj
 0002:00001950       ??_C@_05HPCKOFNC@March?$AA@ 1001a950     LIBCMT:strftime.obj
 0002:00001958       ??_C@_08GNJGEPFN@February?$AA@ 1001a958     LIBCMT:strftime.obj
 0002:00001964       ??_C@_07CGJPFGJA@January?$AA@ 1001a964     LIBCMT:strftime.obj
 0002:0000196c       ??_C@_03MKABNOCG@Dec?$AA@  1001a96c     LIBCMT:strftime.obj
 0002:00001970       ??_C@_03JPJOFNIA@Nov?$AA@  1001a970     LIBCMT:strftime.obj
 0002:00001974       ??_C@_03BMAOKBAD@Oct?$AA@  1001a974     LIBCMT:strftime.obj
 0002:00001978       ??_C@_03GGCAPAJC@Sep?$AA@  1001a978     LIBCMT:strftime.obj
 0002:0000197c       ??_C@_03IFJFEIGA@Aug?$AA@  1001a97c     LIBCMT:strftime.obj
 0002:00001980       ??_C@_03LBGABGKK@Jul?$AA@  1001a980     LIBCMT:strftime.obj
 0002:00001984       ??_C@_03IDFGHECI@Jun?$AA@  1001a984     LIBCMT:strftime.obj
 0002:00001988       ??_C@_03CNMDKL@May?$AA@    1001a988     LIBCMT:strftime.obj
 0002:0000198c       ??_C@_03LEOLGMJP@Apr?$AA@  1001a98c     LIBCMT:strftime.obj
 0002:00001990       ??_C@_03ODNJBKGA@Mar?$AA@  1001a990     LIBCMT:strftime.obj
 0002:00001994       ??_C@_03HJBDCHOM@Feb?$AA@  1001a994     LIBCMT:strftime.obj
 0002:00001998       ??_C@_03JIHJHPIE@Jan?$AA@  1001a998     LIBCMT:strftime.obj
 0002:0000199c       ??_C@_08INBOOONO@Saturday?$AA@ 1001a99c     LIBCMT:strftime.obj
 0002:000019a8       ??_C@_06JECMNKMI@Friday?$AA@ 1001a9a8     LIBCMT:strftime.obj
 0002:000019b0       ??_C@_08HACCIKIA@Thursday?$AA@ 1001a9b0     LIBCMT:strftime.obj
 0002:000019bc       ??_C@_09DLIGFAKA@Wednesday?$AA@ 1001a9bc     LIBCMT:strftime.obj
 0002:000019c8       ??_C@_07BAAGCFCM@Tuesday?$AA@ 1001a9c8     LIBCMT:strftime.obj
 0002:000019d0       ??_C@_06JLEDEDGH@Monday?$AA@ 1001a9d0     LIBCMT:strftime.obj
 0002:000019d8       ??_C@_06OOPIFAJ@Sunday?$AA@ 1001a9d8     LIBCMT:strftime.obj
 0002:000019e0       ??_C@_03FEFJNEK@Sat?$AA@   1001a9e0     LIBCMT:strftime.obj
 0002:000019e4       ??_C@_03IDIOELNC@Fri?$AA@  1001a9e4     LIBCMT:strftime.obj
 0002:000019e8       ??_C@_03IOFIKPDN@Thu?$AA@  1001a9e8     LIBCMT:strftime.obj
 0002:000019ec       ??_C@_03MHOMLAJA@Wed?$AA@  1001a9ec     LIBCMT:strftime.obj
 0002:000019f0       ??_C@_03NAGEINEP@Tue?$AA@  1001a9f0     LIBCMT:strftime.obj
 0002:000019f4       ??_C@_03PDAGKDH@Mon?$AA@   1001a9f4     LIBCMT:strftime.obj
 0002:000019f8       ??_C@_03KOEHGMDN@Sun?$AA@  1001a9f8     LIBCMT:strftime.obj
 0002:000019fc       ??_C@_0BI@DFKBFLJE@GetProcessWindowStation?$AA@ 1001a9fc     LIBCMT:crtmbox.obj
 0002:00001a14       ??_C@_0BK@CIDNPOGP@GetUserObjectInformationA?$AA@ 1001aa14     LIBCMT:crtmbox.obj
 0002:00001a30       ??_C@_0BD@HHGDFDBJ@GetLastActivePopup?$AA@ 1001aa30     LIBCMT:crtmbox.obj
 0002:00001a44       ??_C@_0BA@HNOPNCHB@GetActiveWindow?$AA@ 1001aa44     LIBCMT:crtmbox.obj
 0002:00001a54       ??_C@_0M@CHKKJDAI@MessageBoxA?$AA@ 1001aa54     LIBCMT:crtmbox.obj
 0002:00001a60       ??_C@_0L@NDEGIDAG@USER32?4DLL?$AA@ 1001aa60     LIBCMT:crtmbox.obj
 0002:00001a6c       ??_C@_07GPDNMNG@CONOUT$?$AA@ 1001aa6c     LIBCMT:initcon.obj
 0002:00001a74       ___dnames                  1001aa74     LIBCMT:timeset.obj
 0002:00001a8c       ___mnames                  1001aa8c     LIBCMT:timeset.obj
 0002:00001ab4       ??_C@_0N@PAEBLKHN@bigfont2?4fnt?$AA@ 1001aab4     wog native dialogs.obj
 0002:00001ac4       ??_C@_0O@LKNNDHCJ@smalfont2?4fnt?$AA@ 1001aac4     wog native dialogs.obj
 0002:00001ad4       ??_C@_0P@GHFPNOJB@bad?5allocation?$AA@ 1001aad4     wog native dialogs.obj
 0002:00001ae4       ??_C@_0BA@FDLNIKIG@patcher_x86?4dll?$AA@ 1001aae4     wog native dialogs.obj
 0002:00001af4       ??_C@_0BB@CKHJKIEB@_GetPatcherX86?$EA0?$AA@ 1001aaf4     wog native dialogs.obj
 0002:00001b05       ??_C@_00CNPNBAHC@?$AA@     1001ab05     wog native dialogs.obj
 0002:00001b08       ??_C@_02DPKJAMEF@?$CFd?$AA@ 1001ab08     wog native dialogs.obj
 0002:00001b0c       ??_C@_0N@NGJLFBMI@DiBoxBck?4pcx?$AA@ 1001ab0c     wog native dialogs.obj
 0002:00001b1c       ??_C@_0N@FGPGDOPK@dialgbox?4def?$AA@ 1001ab1c     wog native dialogs.obj
 0002:00001b2c       ??_C@_0N@ELNJEEMI@medfont2?4fnt?$AA@ 1001ab2c     wog native dialogs.obj
 0002:00001b3c       ??_C@_0N@HPLADLMK@Box64x30?4pcx?$AA@ 1001ab3c     wog native dialogs.obj
 0002:00001b4c       ??_C@_09LMPOHIL@iOkay?4def?$AA@ 1001ab4c     wog native dialogs.obj
 0002:00001b58       ??_C@_09IIFHEAOO@angel?4dll?$AA@ 1001ab58     wog native dialogs.obj
 0002:00001b64       ??_C@_0M@BFOAAPGP@EventParams?$AA@ 1001ab64     wog native dialogs.obj
 0002:00001b70       ??_C@_0BD@KPOAIKLJ@RestoreEventParams?$AA@ 1001ab70     wog native dialogs.obj
 0002:00001b84       ??_C@_0BA@JJKLPBHG@SaveEventParams?$AA@ 1001ab84     wog native dialogs.obj
 0002:00001b94       ??_C@_07PILJHEGK@era?4dll?$AA@ 1001ab94     wog native dialogs.obj
 0002:00001b9c       ??_C@_02EOEPPNBF@tr?$AA@   1001ab9c     wog native dialogs.obj
 0002:00001ba0       ??_C@_07HCDNKGPA@ApiHook?$AA@ 1001aba0     wog native dialogs.obj
 0002:00001ba8       ??_C@_0BB@NFICFMFA@ClearAllIniCache?$AA@ 1001aba8     wog native dialogs.obj
 0002:00001bbc       ??_C@_0O@KHPPEFLJ@ClearIniCache?$AA@ 1001abbc     wog native dialogs.obj
 0002:00001bcc       ??_C@_0L@GHCNBJIK@ExecErmCmd?$AA@ 1001abcc     wog native dialogs.obj
 0002:00001bd8       ??_C@_0L@BBNMEHJH@ExtractErm?$AA@ 1001abd8     wog native dialogs.obj
 0002:00001be4       ??_C@_0L@CKILDBJC@FatalError?$AA@ 1001abe4     wog native dialogs.obj
 0002:00001bf0       ??_C@_0N@HFGMKLEN@FireErmEvent?$AA@ 1001abf0     wog native dialogs.obj
 0002:00001c00       ??_C@_09GEAPPBGH@FireEvent?$AA@ 1001ac00     wog native dialogs.obj
 0002:00001c0c       ??_C@_0M@KJHFCLAP@GetButtonID?$AA@ 1001ac0c     wog native dialogs.obj
 0002:00001c18       ??_C@_0L@LNAOMCPJ@GetVersion?$AA@ 1001ac18     wog native dialogs.obj
 0002:00001c24       ??_C@_0O@FNMDEAHG@GetVersionNum?$AA@ 1001ac24     wog native dialogs.obj
 0002:00001c34       ??_C@_0N@CFMBLIKP@GetGameState?$AA@ 1001ac34     wog native dialogs.obj
 0002:00001c44       ??_C@_0M@LKIFOAN@GetRealAddr?$AA@ 1001ac44     wog native dialogs.obj
 0002:00001c50       ??_C@_0BD@DPCJBLFO@GlobalRedirectFile?$AA@ 1001ac50     wog native dialogs.obj
 0002:00001c64       ??_C@_04PHJJMCEO@Hook?$AA@ 1001ac64     wog native dialogs.obj
 0002:00001c6c       ??_C@_08EBPIACBO@HookCode?$AA@ 1001ac6c     wog native dialogs.obj
 0002:00001c78       ??_C@_0BB@PHLEIINC@LoadImageAsPcx16?$AA@ 1001ac78     wog native dialogs.obj
 0002:00001c8c       ??_C@_07GDNFNLKF@LoadTxt?$AA@ 1001ac8c     wog native dialogs.obj
 0002:00001c94       ??_C@_07FLCNLLL@MemFree?$AA@ 1001ac94     wog native dialogs.obj
 0002:00001c9c       ??_C@_09PIKCKENJ@NameColor?$AA@ 1001ac9c     wog native dialogs.obj
 0002:00001ca8       ??_C@_0M@LNHBMGFH@NotifyError?$AA@ 1001aca8     wog native dialogs.obj
 0002:00001cb4       ??_C@_0M@PLEJCMGM@PatchExists?$AA@ 1001acb4     wog native dialogs.obj
 0002:00001cc0       ??_C@_0N@BGLGOOMO@PluginExists?$AA@ 1001acc0     wog native dialogs.obj
 0002:00001cd0       ??_C@_0BE@CIDOCKGN@ReadSavegameSection?$AA@ 1001acd0     wog native dialogs.obj
 0002:00001ce4       ??_C@_0P@CCLIEMKP@ReadStrFromIni?$AA@ 1001ace4     wog native dialogs.obj
 0002:00001cf4       ??_C@_09IJJOFFNH@RecallAPI?$AA@ 1001acf4     wog native dialogs.obj
 0002:00001d00       ??_C@_0N@EADKAOLK@RedirectFile?$AA@ 1001ad00     wog native dialogs.obj
 0002:00001d10       ??_C@_0BE@OJOEEMJD@RedirectMemoryBlock?$AA@ 1001ad10     wog native dialogs.obj
 0002:00001d24       ??_C@_0BA@BCNGHKCC@RegisterHandler?$AA@ 1001ad24     wog native dialogs.obj
 0002:00001d34       ??_C@_09MJCMIAEG@ReloadErm?$AA@ 1001ad34     wog native dialogs.obj
 0002:00001d40       ??_C@_0BE@JBKGKCON@ReportPluginVersion?$AA@ 1001ad40     wog native dialogs.obj
 0002:00001d54       ??_C@_07PAHGKEHA@SaveIni?$AA@ 1001ad54     wog native dialogs.obj
 0002:00001d5c       ??_C@_06DDHLBGDE@Splice?$AA@ 1001ad5c     wog native dialogs.obj
 0002:00001d64       ??_C@_0M@CLLMHKFF@WriteAtCode?$AA@ 1001ad64     wog native dialogs.obj
 0002:00001d70       ??_C@_0BF@HMHBLPO@WriteSavegameSection?$AA@ 1001ad70     wog native dialogs.obj
 0002:00001d88       ??_C@_0O@POMBDOKD@WriteStrToIni?$AA@ 1001ad88     wog native dialogs.obj
 0002:00001d98       ??_C@_05DIALNFFA@?$CFs?5?$CFd?$AA@ 1001ad98     wog native dialogs.obj
 0002:00001da0       ??_C@_05DNIIFBMG@?$CFs?5?$CFs?$AA@ 1001ada0     wog native dialogs.obj
 0002:00001da8       ??_C@_0L@FIDKBHJC@?$CFs?5?$CFd?5?$CI?$CFd?$CJ?$AA@ 1001ada8     wog native dialogs.obj
 0002:00001db4       ??_C@_0L@JDILLOGP@?$CFs?5?$CFd?5?9?5?$CFd?$AA@ 1001adb4     wog native dialogs.obj
 0002:00001dc0       ??_C@_07JKHHBHOI@?$CFs?5?$CFd?$CF?$CF?$AA@ 1001adc0     wog native dialogs.obj
 0002:00001dc8       ??_C@_0N@NPKKJJND@Dlg_NPC1?4def?$AA@ 1001adc8     wog native dialogs.obj
 0002:00001dd8       ??_C@_0N@FJDOOLHN@Dlg_NPC2?4def?$AA@ 1001add8     wog native dialogs.obj
 0002:00001de8       ??_C@_0N@JCGCDINI@Dlg_NPC3?4def?$AA@ 1001ade8     wog native dialogs.obj
 0002:00001df8       ??_C@_06GNDJBPCO@?$CFs?6?6?$CFs?$AA@ 1001adf8     wog native dialogs.obj
 0002:00001e00       ??_C@_0N@CNMFKAFE@Dlg_NPCn?4pcx?$AA@ 1001ae00     wog native dialogs.obj
 0002:00001e10       ??_C@_0N@EENEFCAM@Dlg_NPCu?4pcx?$AA@ 1001ae10     wog native dialogs.obj
 0002:00001e20       ??_C@_02DKCKIIND@?$CFs?$AA@ 1001ae20     wog native dialogs.obj
 0002:00001e24       ??_C@_0P@GMMOFIOD@Dlg_NPCdel?4def?$AA@ 1001ae24     wog native dialogs.obj
 0002:00001e34       ??_C@_0N@PHACKENN@AdRollvr?4pcx?$AA@ 1001ae34     wog native dialogs.obj
 0002:00001e44       ??_C@_07DONLOGLK@?$CFd?5?$CI?$CFd?$CJ?$AA@ 1001ae44     wog native dialogs.obj
 0002:00001e4c       ??_C@_07PFGKEPEH@?$CFd?5?9?5?$CFd?$AA@ 1001ae4c     wog native dialogs.obj
 0002:00001e54       ??_C@_04FCMNJMCO@?$CFd?$CF?$CF?$AA@ 1001ae54     wog native dialogs.obj
 0002:00001e5c       ??_C@_0N@CGENNOHJ@artifact?4def?$AA@ 1001ae5c     wog native dialogs.obj
 0002:00001e6c       ??_C@_0L@JIMPALKB@PSKILL?4def?$AA@ 1001ae6c     wog native dialogs.obj
 0002:00001e78       ??_C@_07JMKCEEPK@?$CFs?5?$CI?$CFd?$CJ?$AA@ 1001ae78     wog native dialogs.obj
 0002:00001e80       ??_C@_09PCPEDHFE@?$CFd?$CF?$CF?5?$CI?$CFd?$CJ?$AA@ 1001ae80     wog native dialogs.obj
 0002:00001e8c       ??_C@_03DMDECJFG@?$CFhf?$AA@ 1001ae8c     wog native dialogs.obj
 0002:00001e90       ??_C@_0O@BBFJMKLN@radiobttn?4def?$AA@ 1001ae90     wog native dialogs.obj
 0002:00001ea0       ??_C@_03OFAPEBGM@?$CFs?6?$AA@ 1001aea0     wog native dialogs.obj
 0002:00001ea4       ??_C@_08MNBIIGN@?$CFs?6?6?5?$CFs?6?$AA@ 1001aea4     wog native dialogs.obj
 0002:00001eb0       ??_C@_0O@EGGGBKCF@DlgExpMon?4def?$AA@ 1001aeb0     wog native dialogs.obj
 0002:00001ec0       ??_C@_0N@ILHBCDMB@DlgExpUp?4def?$AA@ 1001aec0     wog native dialogs.obj
 0002:00001ed0       ??_C@_0N@EELMKJEE@twcrport?4def?$AA@ 1001aed0     wog native dialogs.obj
 0002:00001ee0       ??_C@_0N@JFDDJFIM@Artifact?4def?$AA@ 1001aee0     wog native dialogs.obj
 0002:00001ef0       ??_C@_08OFBPMKML@tiny?4fnt?$AA@ 1001aef0     wog native dialogs.obj
 0002:00001efc       ??_C@_04OMBFFHIC@?$HL?$CFs?$HN?$AA@ 1001aefc     wog native dialogs.obj
 0002:00001f04       ??_C@_0N@BHMGKPNG@checkbox?4def?$AA@ 1001af04     wog native dialogs.obj
 0002:00001f18       ??_C@_0FB@LMJNIGPL@Error?5?$CIfor?5igrik?$CJ?$CB?$CB?$CB?6?6?5Debug?6Pag@ 1001af18     wog native dialogs.obj
 0002:00001f6c       ??_C@_0P@HDPJJOMN@WoGOptions?4pcx?$AA@ 1001af6c     wog native dialogs.obj
 0002:00001f7c       ??_C@_0M@DGCKOOBG@WoGBttn?4def?$AA@ 1001af7c     wog native dialogs.obj
 0002:00001f88       ??_C@_08KPJOIOD@itpt?4def?$AA@ 1001af88     wog native dialogs.obj
 0002:00001f94       ??_C@_06DJHOIPC@?$CFs?3?5?$CFs?$AA@ 1001af94     wog native dialogs.obj
 0002:00001f9c       ??_C@_0M@HFKPFJGG@artslot?4pcx?$AA@ 1001af9c     wog native dialogs.obj
 0002:00001fa8       ??_C@_0N@KAILJDHD@def?4SpScrArt?$AA@ 1001afa8     wog native dialogs.obj
 0002:00001fb8       ??_C@_0M@JLCNBKHP@iCancel?4def?$AA@ 1001afb8     wog native dialogs.obj
 0002:00001fc4       ??_C@_09KAONFINP@?$HL?$CFs?$HN?6?$CI?$CFs?$CJ?$AA@ 1001afc4     wog native dialogs.obj
 0002:00001fd0       ??_C@_0N@DCLMLLBB@WoGCurse?4def?$AA@ 1001afd0     wog native dialogs.obj
 0002:00001fe0       ??_C@_0BA@CACHJGMJ@WoGTextEdit?4pcx?$AA@ 1001afe0     wog native dialogs.obj
 0002:00001ff0       ??_C@_0M@EELLOAND@bttnNPC?4def?$AA@ 1001aff0     wog native dialogs.obj
 0002:00001ffc       ??_C@_0M@FBOGBOAE@GSPBUT2?4DEF?$AA@ 1001affc     wog native dialogs.obj
 0002:00002008       ??_C@_0N@HNNBMNKA@HoMM3?5ERA?5?$CFs?$AA@ 1001b008     wog native dialogs.obj
 0002:00002018       ??_C@_0BJ@KIEKHMHA@?2zvs?2Lib1?4res?2txtres?4txt?$AA@ 1001b018     wog native dialogs.obj
 0002:00002034       ??_C@_0M@FFKDNJKB@WogNDlg?4txt?$AA@ 1001b034     wog native dialogs.obj
 0002:00002040       ??_C@_0BD@GIFCLHII@WoG_Native_Dialogs?$AA@ 1001b040     wog native dialogs.obj
 0002:00002054       ??_C@_06FFCGKAEE@HD?4WoG?$AA@ 1001b054     wog native dialogs.obj
 0002:0000205c       ??_C@_0BB@GPEKGKKL@HD?4Version?4Dword?$AA@ 1001b05c     wog native dialogs.obj
 0002:00002070       ??_C@_02MFEGOEMP@?$CFn?$AA@ 1001b070     wog native dialogs.obj
 0002:00002078       __real@3fe0000000000000    1001b078      CIL library: CIL module
 0002:00002080       __FPinit                   1001b080     LIBCMT:_fpinit_.obj
 0002:00002084       __FPmtinit                 1001b084     LIBCMT:_fpinit_.obj
 0002:00002088       __FPmtterm                 1001b088     LIBCMT:_fpinit_.obj
 0002:0000208c       ??_C@_05KLBDPFGC@e?$CL000?$AA@ 1001b08c     LIBCMT:cvt.obj
 0002:00002098       __real@4150017ec0000000    1001b098     LIBCMT:_testfdiv_.obj
 0002:000020a0       __real@4147ffff80000000    1001b0a0     LIBCMT:_testfdiv_.obj
 0002:000020a8       ??_C@_0BK@NHEOCAHP@IsProcessorFeaturePresent?$AA@ 1001b0a8     LIBCMT:_testfdiv_.obj
 0002:000020c4       ??_C@_08CPNIBGIE@KERNEL32?$AA@ 1001b0c4     LIBCMT:_testfdiv_.obj
 0002:000020d0       ??_C@_06IMKFLFPG@1?$CDQNAN?$AA@ 1001b0d0     LIBCMT:_x10fout_.obj
 0002:000020d8       ??_C@_05DNEBIAHO@1?$CDINF?$AA@ 1001b0d8     LIBCMT:_x10fout_.obj
 0002:000020e0       ??_C@_05PHHOCPM@1?$CDIND?$AA@ 1001b0e0     LIBCMT:_x10fout_.obj
 0002:000020e8       ??_C@_06PGGFOGJG@1?$CDSNAN?$AA@ 1001b0e8     LIBCMT:_x10fout_.obj
 0002:000020f0       __load_config_used         1001b0f0     LIBCMT:loadcfg.obj
 0002:000021b0       ___safe_se_handler_table   1001b1b0     <linker-defined>
 0002:000021bc       ___rtc_iaa                 1001b1bc     LIBCMT:_initsect_.obj
 0002:000021c0       ___rtc_izz                 1001b1c0     LIBCMT:_initsect_.obj
 0002:000021c4       ___rtc_taa                 1001b1c4     LIBCMT:_initsect_.obj
 0002:000021c8       ___rtc_tzz                 1001b1c8     LIBCMT:_initsect_.obj
 0002:000025a4       __IMPORT_DESCRIPTOR_KERNEL32 1001b5a4     kernel32:KERNEL32.dll
 0002:000025b8       __NULL_IMPORT_DESCRIPTOR   1001b5b8     kernel32:KERNEL32.dll
 0003:00000010       ___security_cookie         1001c010     LIBCMT:gs_cookie.obj
 0003:00000014       ___security_cookie_complement 1001c014     LIBCMT:gs_cookie.obj
 0003:00000190       ___nullstring              1001c190     LIBCMT:output.obj
 0003:00000194       ___wnullstring             1001c194     LIBCMT:output.obj
 0003:000001b0       ___flsindex                1001c1b0     LIBCMT:tidtable.obj
 0003:000001b4       ___getvalueindex           1001c1b4     LIBCMT:tidtable.obj
 0003:000001b8       __aexit_rtn                1001c1b8     LIBCMT:crt0dat.obj
 0003:000001c0       ___badioinfo               1001c1c0     LIBCMT:ioinit.obj
 0003:00000200       __amblksiz                 1001c200     LIBCMT:heapinit.obj
 0003:00000204       __First_FPE_Indx           1001c204     LIBCMT:winxfltr.obj
 0003:00000208       __Num_FPE                  1001c208     LIBCMT:winxfltr.obj
 0003:0000020c       __XcptActTabSize           1001c20c     LIBCMT:winxfltr.obj
 0003:00000210       __XcptActTabCount          1001c210     LIBCMT:winxfltr.obj
 0003:00000220       __iob                      1001c220     LIBCMT:_file.obj
 0003:000004a0       ___initialmbcinfo          1001c4a0     LIBCMT:mbctype.obj
 0003:000006c0       __mbctype                  1001c6c0     LIBCMT:mbctype.obj
 0003:000007c8       __mbcasemap                1001c7c8     LIBCMT:mbctype.obj
 0003:000008c8       ___ptmbcinfo               1001c8c8     LIBCMT:mbctype.obj
 0003:000009c4       ___globallocalestatus      1001c9c4     LIBCMT:glstatus.obj
 0003:000009c8       ___clocalestr              1001c9c8     LIBCMT:nlsdata2.obj
 0003:000009d0       ___initiallocinfo          1001c9d0     LIBCMT:nlsdata2.obj
 0003:00000aa8       ___ptlocinfo               1001caa8     LIBCMT:nlsdata2.obj
 0003:00000aac       ___lc_clike                1001caac     LIBCMT:nlsdata2.obj
 0003:00000ab0       ___initiallocalestructinfo 1001cab0     LIBCMT:nlsdata2.obj
 0003:00000ab8       __cfltcvt_tab              1001cab8     LIBCMT:cmiscdat.obj
 0003:00000cb8       ___abort_behavior          1001ccb8     LIBCMT:abort.obj
 0003:00000cbc       __NLG_Destination          1001ccbc     LIBCMT:exsup.obj
 0003:00000cd0       __pctype                   1001ccd0     LIBCMT:ctype.obj
 0003:00000cd4       __pwctype                  1001ccd4     LIBCMT:ctype.obj
 0003:00000cd8       ___lc_time_c               1001ccd8     LIBCMT:strftime.obj
 0003:00000d90       ___lc_time_curr            1001cd90     LIBCMT:strftime.obj
 0003:00000d94       ___lconv_static_decimal    1001cd94     LIBCMT:lconv.obj
 0003:00000d98       ___lconv_c                 1001cd98     LIBCMT:lconv.obj
 0003:00000dc8       ___lconv                   1001cdc8     LIBCMT:lconv.obj
 0003:00000dcc       ___mb_cur_max              1001cdcc     LIBCMT:nlsdata1.obj
 0003:00000dd0       ___decimal_point           1001cdd0     LIBCMT:nlsdata1.obj
 0003:00000dd4       ___decimal_point_length    1001cdd4     LIBCMT:nlsdata1.obj
 0003:00000de0       __coninpfh                 1001cde0     LIBCMT:initcon.obj
 0003:00000de4       __confh                    1001cde4     LIBCMT:initcon.obj
 0003:00000df0       __timezone                 1001cdf0     LIBCMT:timeset.obj
 0003:00000df4       __daylight                 1001cdf4     LIBCMT:timeset.obj
 0003:00000df8       __dstbias                  1001cdf8     LIBCMT:timeset.obj
 0003:00000e80       __tzname                   1001ce80     LIBCMT:timeset.obj
 0003:00000ea0       __lpdays                   1001cea0     LIBCMT:days.obj
 0003:00000ed4       __days                     1001ced4     LIBCMT:days.obj
 0003:00000f18       ?v_table_funcs@_CustomDlg_@@2PAIA 1001cf18     HoMM3_GUI.obj
 0003:00000f58       ?n_medfont2@@3PADA         1001cf58     wog native dialogs.obj
 0003:00000f5c       ?n_smallfont2@@3PADA       1001cf5c     wog native dialogs.obj
 0003:00000f60       ?n_bigfont2@@3PADA         1001cf60     wog native dialogs.obj
 0003:00000f64       __fltused                  1001cf64     LIBCMT:_fpinit_.obj
 0003:00000f68       __ldused                   1001cf68     LIBCMT:_fpinit_.obj
 0003:00000fa0       __pow10pos                 1001cfa0     LIBCMT:_constpow_.obj
 0003:00001100       __pow10neg                 1001d100     LIBCMT:_constpow_.obj
 0003:00001284       __aenvptr                  1001d284     LIBCMT:dllcrt0.obj
 0003:00001288       __wenvptr                  1001d288     LIBCMT:dllcrt0.obj
 0003:0000128c       ___error_mode              1001d28c     LIBCMT:dllcrt0.obj
 0003:00001290       ___app_type                1001d290     LIBCMT:dllcrt0.obj
 0003:000015bc       ___pInvalidArgHandler      1001d5bc     LIBCMT:invarg.obj
 0003:000015c8       ?_pnhHeap@@3P6AHI@ZA       1001d5c8     LIBCMT:handler.obj
 0003:000015cc       _gpFlsAlloc                1001d5cc     LIBCMT:tidtable.obj
 0003:000015d0       _gpFlsGetValue             1001d5d0     LIBCMT:tidtable.obj
 0003:000015d4       _gpFlsSetValue             1001d5d4     LIBCMT:tidtable.obj
 0003:000015d8       _gpFlsFree                 1001d5d8     LIBCMT:tidtable.obj
 0003:000015dc       __maxwait                  1001d5dc     LIBCMT:crtheap.obj
 0003:000015e0       __umaskval                 1001d5e0     LIBCMT:crt0dat.obj
 0003:000015e4       ___argc                    1001d5e4     LIBCMT:crt0dat.obj
 0003:000015e8       ___argv                    1001d5e8     LIBCMT:crt0dat.obj
 0003:000015ec       ___wargv                   1001d5ec     LIBCMT:crt0dat.obj
 0003:000015f0       __environ                  1001d5f0     LIBCMT:crt0dat.obj
 0003:000015f4       ___initenv                 1001d5f4     LIBCMT:crt0dat.obj
 0003:000015f8       __wenviron                 1001d5f8     LIBCMT:crt0dat.obj
 0003:000015fc       ___winitenv                1001d5fc     LIBCMT:crt0dat.obj
 0003:00001600       __pgmptr                   1001d600     LIBCMT:crt0dat.obj
 0003:00001604       __wpgmptr                  1001d604     LIBCMT:crt0dat.obj
 0003:00001608       __exitflag                 1001d608     LIBCMT:crt0dat.obj
 0003:0000160c       __C_Termination_Done       1001d60c     LIBCMT:crt0dat.obj
 0003:00001610       __C_Exit_Done              1001d610     LIBCMT:crt0dat.obj
 0003:00001724       __crtheap                  1001d724     LIBCMT:heapinit.obj
 0003:00001728       ?__pInconsistency@@3P6AXXZA 1001d728     LIBCMT:hooks.obj
 0003:0000172c       __cflush                   1001d72c     LIBCMT:_file.obj
 0003:00001734       ___mbulinfo                1001d734     LIBCMT:mbctype.obj
 0003:00001740       ___mbcodepage              1001d740     LIBCMT:mbctype.obj
 0003:00001744       ___ismbcodepage            1001d744     LIBCMT:mbctype.obj
 0003:00001748       ___mblcid                  1001d748     LIBCMT:mbctype.obj
 0003:0000174c       ___locale_changed          1001d74c     LIBCMT:setlocal.obj
 0003:00001750       ___lc_handle               1001d750     LIBCMT:nlsdata2.obj
 0003:00001768       ___lc_codepage             1001d768     LIBCMT:nlsdata2.obj
 0003:0000176c       ___lc_collate_cp           1001d76c     LIBCMT:nlsdata2.obj
 0003:000018c8       ___sbh_pHeaderDefer        1001d8c8     LIBCMT:sbheap.obj
 0003:00001be4       __newmode                  1001dbe4     LIBCMT:_newmode.obj
 0003:00001bfc       ?pArgList@UnDecorator@@0PAVReplicator@@A 1001dbfc     LIBCMT:undname.obj
 0003:00001c00       ?pZNameList@UnDecorator@@0PAVReplicator@@A 1001dc00     LIBCMT:undname.obj
 0003:00001c04       ?pTemplateArgList@UnDecorator@@0PAVReplicator@@A 1001dc04     LIBCMT:undname.obj
 0003:00001c08       ?gName@UnDecorator@@0PBDB  1001dc08     LIBCMT:undname.obj
 0003:00001c0c       ?name@UnDecorator@@0PBDB   1001dc0c     LIBCMT:undname.obj
 0003:00001c10       ?outputString@UnDecorator@@0PADA 1001dc10     LIBCMT:undname.obj
 0003:00001c14       ?maxStringLength@UnDecorator@@0HA 1001dc14     LIBCMT:undname.obj
 0003:00001c18       ?disableFlags@UnDecorator@@0KA 1001dc18     LIBCMT:undname.obj
 0003:00001c1c       ?m_pGetParameter@UnDecorator@@0P6APADJ@ZA 1001dc1c     LIBCMT:undname.obj
 0003:00001c20       ?fExplicitTemplateParams@UnDecorator@@0_NA 1001dc20     LIBCMT:undname.obj
 0003:00001c21       ?fGetTemplateArgumentList@UnDecorator@@0_NA 1001dc21     LIBCMT:undname.obj
 0003:00001c44       ___pPurecall               1001dc44     LIBCMT:inithelp.obj
 0003:00001c54       ___lconv_static_null       1001dc54     LIBCMT:lconv.obj
 0003:00001c58       __stdbuf                   1001dc58     LIBCMT:_sftbuf.obj
 0003:00001d30       ?WogNDlg_TXT@@3PAU_TXT_@@A 1001dd30     wog native dialogs.obj
 0003:00001d34       ?NPC_Def@@3PAU_DlgStaticDef_@@A 1001dd34     wog native dialogs.obj
 0003:00001d38       ?smalfont2@@3PAU_Fnt_@@A   1001dd38     wog native dialogs.obj
 0003:00001d3c       ?saveManaHero@@3PAY01HA    1001dd3c     wog native dialogs.obj
 0003:00001d4c       ?dlgHeroLvlUp_heroID@@3IA  1001dd4c     wog native dialogs.obj
 0003:00001d50       ?_PI@@3PAVPatcherInstance@@A 1001dd50     wog native dialogs.obj
 0003:00001d54       ?_P@@3PAVPatcher@@A        1001dd54     wog native dialogs.obj
 0003:00001d58       ?time_click_MsgBox@@3IA    1001dd58     wog native dialogs.obj
 0003:00001d5c       ?isNeedRestore@@3HA        1001dd5c     wog native dialogs.obj
 0003:00001d60       ?ERA_version@@3PBDB        1001dd60     wog native dialogs.obj
 0003:00001d64       ?medfont2@@3PAU_Fnt_@@A    1001dd64     wog native dialogs.obj
 0003:00001d68       ?QuickBattle_SAVE@@3HA     1001dd68     wog native dialogs.obj
 0003:00001d6c       ?timeClickAvtoSolo@@3HA    1001dd6c     wog native dialogs.obj
 0003:00001d70       ?HD_Version@@3HA           1001dd70     wog native dialogs.obj
 0003:00001d74       ?time_click@@3HA           1001dd74     wog native dialogs.obj
 0003:00001d78       ?hAngel@Era@@3PAUHINSTANCE__@@A 1001dd78     wog native dialogs.obj
 0003:00001d7c       ?hEra@Era@@3PAUHINSTANCE__@@A 1001dd7c     wog native dialogs.obj
 0003:00001d80       ?txtresWOG@@3PAU_TXT_@@A   1001dd80     wog native dialogs.obj
 0003:00001d84       ?_HD@@3PAVPatcherInstance@@A 1001dd84     wog native dialogs.obj
 0003:00001d88       ?bigfont2@@3PAU_Fnt_@@A    1001dd88     wog native dialogs.obj
 0003:00001d8c       ?EventParams@Era@@3PAY0BA@HA 1001dd8c     wog native dialogs.obj
 0003:00001d90       ?ApiHook@Era@@3P6GPAXPAXH0@ZA 1001dd90     wog native dialogs.obj
 0003:00001d94       ?ClearAllIniCache@Era@@3P6GXXZA 1001dd94     wog native dialogs.obj
 0003:00001d98       ?ClearIniCache@Era@@3P6GXPBD@ZA 1001dd98     wog native dialogs.obj
 0003:00001d9c       ?ExecErmCmd@Era@@3P6GXPBD@ZA 1001dd9c     wog native dialogs.obj
 0003:00001da0       ?ExtractErm@Era@@3P6GXXZA  1001dda0     wog native dialogs.obj
 0003:00001da4       ?FatalError@Era@@3P6GXPBD@ZA 1001dda4     wog native dialogs.obj
 0003:00001da8       ?FireErmEvent@Era@@3P6GXH@ZA 1001dda8     wog native dialogs.obj
 0003:00001dac       ?FireEvent@Era@@3P6GXPBDPAXH@ZA 1001ddac     wog native dialogs.obj
 0003:00001db0       ?GetButtonID@Era@@3P6GHPBD@ZA 1001ddb0     wog native dialogs.obj
 0003:00001db4       ?GetEraVersion@Era@@3P6GPBDXZA 1001ddb4     wog native dialogs.obj
 0003:00001db8       ?GetVersionNum@Era@@3P6GHXZA 1001ddb8     wog native dialogs.obj
 0003:00001dbc       ?GetGameState@Era@@3P6GXPAUTGameState@1@@ZA 1001ddbc     wog native dialogs.obj
 0003:00001dc0       ?GetRealAddr@Era@@3P6GPAXPAX@ZA 1001ddc0     wog native dialogs.obj
 0003:00001dc4       ?GlobalRedirectFile@Era@@3P6GXXZA 1001ddc4     wog native dialogs.obj
 0003:00001dc8       ?Hook@Era@@3P6GPAXPAXHH0@ZA 1001ddc8     wog native dialogs.obj
 0003:00001dcc       ?HookCode@Era@@3P6GPAXPAXP6GHPAUTHookContext@1@@ZPAPAX@ZA 1001ddcc     wog native dialogs.obj
 0003:00001dd0       ?LoadImageAsPcx16@Era@@3P6GPAXPBD0HHHHH@ZA 1001ddd0     wog native dialogs.obj
 0003:00001dd4       ?LoadTxt@Era@@3P6GPAXPBD@ZA 1001ddd4     wog native dialogs.obj
 0003:00001dd8       ?MemFree@Era@@3P6GXPBX@ZA  1001ddd8     wog native dialogs.obj
 0003:00001ddc       ?NameColor@Era@@3P6GXHPBD@ZA 1001dddc     wog native dialogs.obj
 0003:00001de0       ?NotifyError@Era@@3P6GXPBD@ZA 1001dde0     wog native dialogs.obj
 0003:00001de4       ?PatchExists@Era@@3P6G_NPBD@ZA 1001dde4     wog native dialogs.obj
 0003:00001de8       ?PluginExists@Era@@3P6G_NPBD@ZA 1001dde8     wog native dialogs.obj
 0003:00001dec       ?ReadSavegameSection@Era@@3P6GHHPAXPBD@ZA 1001ddec     wog native dialogs.obj
 0003:00001df0       ?ReadStrFromIni@Era@@3P6G_NPBD00PAD@ZA 1001ddf0     wog native dialogs.obj
 0003:00001df4       ?RecallAPI@Era@@3P6GHPAUTHookContext@1@H@ZA 1001ddf4     wog native dialogs.obj
 0003:00001df8       ?RedirectFile@Era@@3P6GXXZA 1001ddf8     wog native dialogs.obj
 0003:00001dfc       ?RedirectMemoryBlock@Era@@3P6GXPAXH0@ZA 1001ddfc     wog native dialogs.obj
 0003:00001e00       ?RegisterHandler@Era@@3P6GXP6GXPAUTEvent@1@@ZPBD@ZA 1001de00     wog native dialogs.obj
 0003:00001e04       ?ReloadErm@Era@@3P6GXXZA   1001de04     wog native dialogs.obj
 0003:00001e08       ?ReportPluginVersion@Era@@3P6GXPBD@ZA 1001de08     wog native dialogs.obj
 0003:00001e0c       ?RestoreEventParams@Era@@3P6GXXZA 1001de0c     wog native dialogs.obj
 0003:00001e10       ?SaveEventParams@Era@@3P6GXXZA 1001de10     wog native dialogs.obj
 0003:00001e14       ?SaveIni@Era@@3P6G_NPBD@ZA 1001de14     wog native dialogs.obj
 0003:00001e18       ?Splice@Era@@3P6GPAXPAX0HHPAHPAPAX@ZA 1001de18     wog native dialogs.obj
 0003:00001e1c       ?_tr@Era@@3P6GPADPBDPAPBDH@ZA 1001de1c     wog native dialogs.obj
 0003:00001e20       ?WriteAtCode@Era@@3P6GXHPAX0@ZA 1001de20     wog native dialogs.obj
 0003:00001e24       ?WriteSavegameSection@Era@@3P6GXHPAXPBD@ZA 1001de24     wog native dialogs.obj
 0003:00001e28       ?WriteStrToIni@Era@@3P6G_NPBD000@ZA 1001de28     wog native dialogs.obj
 0003:00001e2c       ?isHD@@3HA                 1001de2c     wog native dialogs.obj
 0003:00001e30       ?NPC_StatBar@@3PAU_DlgStaticTextPcx8ed_@@A 1001de30     wog native dialogs.obj
 0003:00001e34       ?str_num_hook@@3HA         1001de34     wog native dialogs.obj
 0003:00001e38       ?statbarWoGOptions@@3PAU_DlgStaticTextPcx8ed_@@A 1001de38     wog native dialogs.obj
 0003:00001e3c       ?apdFont@@3HA              1001de3c     wog native dialogs.obj
 0003:00001e40       ?o_Sphinx1@@3PAU_Sphinx1_@@A 1001de40     wog native dialogs.obj
 0003:00001e44       ?Dlg_CustomReq_Ban@@3HA    1001de44     wog native dialogs.obj
 0003:00001e48       ?calls_count@?1??GetPatcher@@YAPAVPatcher@@XZ@4HA 1001de48     wog native dialogs.obj
 0003:00001e50       ___fastflag                1001de50     LIBCMT:_fpinit_.obj
 0003:00001e54       __adjust_fdiv              1001de54     LIBCMT:_fpinit_.obj
 0003:00001e58       __outputformat             1001de58     LIBCMT:outputformat.obj
 0003:00001e5c       ___sbh_cntHeaderList       1001de5c     <common>
 0003:00001e60       ___sbh_pHeaderList         1001de60     <common>
 0003:00001e64       ___sbh_threshold           1001de64     <common>
 0003:00001e68       ___sbh_pHeaderScan         1001de68     <common>
 0003:00001e6c       ___sbh_sizeHeaderList      1001de6c     <common>
 0003:00001e70       ___sbh_indGroupDefer       1001de70     <common>
 0003:00001e74       ___piob                    1001de74     <common>
 0003:00001e80       __bufin                    1001de80     <common>
 0003:00002e80       __nstream                  1001ee80     <common>
 0003:00002e84       ___sse2_available          1001ee84     <common>
 0003:00002e88       __debugger_hook_dummy      1001ee88     <common>
 0003:00002e8c       ___active_heap             1001ee8c     <common>
 0003:00002e90       __nhandle                  1001ee90     <common>
 0003:00002ea0       ___pioinfo                 1001eea0     <common>
 0003:00002fa0       ___env_initialized         1001efa0     <common>
 0003:00002fa4       ___onexitend               1001efa4     <common>
 0003:00002fa8       ___onexitbegin             1001efa8     <common>
 0003:00002fac       ___mbctype_initialized     1001efac     <common>
 0003:00002fb0       ___dyn_tls_init_callback   1001efb0     <common>
 0003:00002fb4       __acmdln                   1001efb4     <common>

 entry point at        0001:0000c0c0

 Static symbols

 0001:0000bfca       ___DllMainCRTStartup       1000cfca f   LIBCMT:dllcrt0.obj
 0001:0000c9c8       _write_char                1000d9c8 f   LIBCMT:output.obj
 0001:0000c9fb       _write_multi_char          1000d9fb f   LIBCMT:output.obj
 0001:0000ca21       _write_string              1000da21 f   LIBCMT:output.obj
 0001:0000dc98       __onexit_nolock            1000ec98 f   LIBCMT:onexit.obj
 0001:0000e5a5       __initterm                 1000f5a5 f   LIBCMT:crt0dat.obj
 0001:0000e66b       _doexit                    1000f66b f   LIBCMT:crt0dat.obj
 0001:0000eb8a       _parse_cmdline             1000fb8a f   LIBCMT:stdargv.obj
 0001:0000f514       _fastcopy_I                10010514 f   LIBCMT:p4_memcpy.obj
 0001:0000f67e       _has_osfxsr_set            1001067e f   LIBCMT:cpu_disp.obj
 0001:0001037e       ?CPtoLCID@@YAHH@Z          1001137e f   LIBCMT:mbctype.obj
 0001:000103ad       ?setSBCS@@YAXPAUthreadmbcinfostruct@@@Z 100113ad f   LIBCMT:mbctype.obj
 0001:00010411       ?setSBUpLow@@YAXPAUthreadmbcinfostruct@@@Z 10011411 f   LIBCMT:mbctype.obj
 0001:00010648       ?getSystemCP@@YAHH@Z       10011648 f   LIBCMT:mbctype.obj
 0001:00010cd2       __updatetlocinfoEx_nolock  10011cd2 f   LIBCMT:setlocal.obj
 0001:00011e8c       _fastzero_I                10012e8c f   LIBCMT:p4_memset.obj
 0001:00012004       __unwind_handler4          10013004 f   LIBCMT:exsup4.obj
 0001:0001261b       _siglookup                 1001361b f   LIBCMT:winsig.obj
 0001:0001289c       ?x_ismbbtype_l@@YAHPAUlocaleinfo_struct@@IHH@Z 1001389c f   LIBCMT:ismbbyte.obj
 0001:00012a40       __unwind_handler           10013a40 f   LIBCMT:exsup.obj
 0001:0001309a       _flsall                    1001409a f   LIBCMT:fflush.obj
 0001:0001319d       ?__crtLCMapStringA_stat@@YAHPAUlocaleinfo_struct@@KKPBDHPADHHH@Z 1001419d f   LIBCMT:a_map.obj
 0001:00013587       ?__crtGetStringTypeA_stat@@YAHPAUlocaleinfo_struct@@KPBDHPAGHHH@Z 10014587 f   LIBCMT:a_str.obj
 0001:00013ba9       ?strtoxl@@YAKPAUlocaleinfo_struct@@PBDPAPBDHH@Z 10014ba9 f   LIBCMT:strtol.obj
 0001:00014c58       __shift                    10015c58 f   LIBCMT:cvt.obj
 0001:00014c9d       __cftoe2_l                 10015c9d f   LIBCMT:cvt.obj
 0001:0001526f       __cftof2_l                 1001626f f   LIBCMT:cvt.obj
 0001:000175ff       __hw_cw                    100185ff f   LIBCMT:_ieee87_.obj
 0001:0001768d       ___hw_cw_sse2              1001868d f   LIBCMT:_ieee87_.obj
