 wog native dialogs

 Timestamp is 5f6b1ed4 (Wed Sep 23 13:09:24 2020)

 Preferred load address is 10000000

 Start         Length     Name                   Class
 0001:00000000 00018cfcH .text                   CODE
 0001:00018d00 00000000H .text$x                 CODE
 0001:00018d00 00000014H .text$yd                CODE
 0002:00000000 0000011cH .idata$5                DATA
 0002:0000011c 00000004H .CRT$XCA                DATA
 0002:00000120 00000004H .CRT$XCZ                DATA
 0002:00000124 00000004H .CRT$XIA                DATA
 0002:00000128 00000010H .CRT$XIC                DATA
 0002:00000138 00000004H .CRT$XIZ                DATA
 0002:0000013c 00000004H .CRT$XPA                DATA
 0002:00000140 00000004H .CRT$XPX                DATA
 0002:00000144 00000004H .CRT$XPXA               DATA
 0002:00000148 00000004H .CRT$XPZ                DATA
 0002:0000014c 00000004H .CRT$XTA                DATA
 0002:00000150 00000004H .CRT$XTZ                DATA
 0002:00000160 00002248H .rdata                  DATA
 0002:000023a8 00000061H .rdata$debug            DATA
 0002:0000240c 000000dcH .rdata$r                DATA
 0002:000024f0 0000000cH .rdata$sxdata           DATA
 0002:000024fc 00000004H .rtc$IAA                DATA
 0002:00002500 00000004H .rtc$IZZ                DATA
 0002:00002504 00000004H .rtc$TAA                DATA
 0002:00002508 00000004H .rtc$TZZ                DATA
 0002:00002510 00000444H .xdata$x                DATA
 0002:00002954 00000014H .idata$2                DATA
 0002:00002968 00000014H .idata$3                DATA
 0002:0000297c 0000011cH .idata$4                DATA
 0002:00002a98 0000050cH .idata$6                DATA
 0002:00002fb0 0000005eH .edata                  DATA
 0003:00000000 000012f8H .data                   DATA
 0003:00001300 000029b4H .bss                    DATA

  Address         Publics by Value              Rva+Base       Lib:Object

 0000:00000000       __except_list              00000000     <absolute>
 0000:00000003       ___safe_se_handler_count   00000003     <absolute>
 0000:00000000       ___ImageBase               10000000     <linker-defined>
 0001:00000000       ?WriteCodePatch@PatcherInstance@@QAAPAVPatch@@IPADZZ 10001000 f i wog native dialogs.obj
 0001:00000020       ??1bad_alloc@std@@UAE@XZ   10001020 f i wog native dialogs.obj
 0001:00000030       ??_Gbad_alloc@std@@UAEPAXI@Z 10001030 f i wog native dialogs.obj
 0001:00000030       ??_Ebad_alloc@std@@UAEPAXI@Z 10001030 f i  CIL library: CIL module
 0001:00000060       ?Redraw@_Dlg_@@QAEXXZ      10001060 f i wog native dialogs.obj
 0001:00000080       ?Create@_DlgStaticDef_@@SAPAU1@HHHPADHHH@Z 10001080 f i wog native dialogs.obj
 0001:000000e0       ?Create@_DlgButton_@@SAPAU1@HHHPADHHHH@Z 100010e0 f i wog native dialogs.obj
 0001:00000130       ?Create@_DlgTextButton_@@SAPAU1@HHHPAD00HHHHH@Z 10001130 f i wog native dialogs.obj
 0001:00000190       ?b_MsgBox@@YAHPADH@Z       10001190 f i wog native dialogs.obj
 0001:000001c0       ?b_MsgBoxD@@YAHPADHHH@Z    100011c0 f i wog native dialogs.obj
 0001:00000200       ?Get_ITxtExp@@YAPADH@Z     10001200 f i wog native dialogs.obj
 0001:00000220       ?Set_DlgBackground_RK@@YAHPAV_CustomDlg_@@HH@Z 10001220 f   wog native dialogs.obj
 0001:00000800       ?b_MsgBoxAndDef@@YAXPADH0@Z 10001800 f   wog native dialogs.obj
 0001:00000a30       ?b_MsgBoxBig@@YAXPADD@Z    10001a30 f   wog native dialogs.obj
 0001:00000b70       ?e_ClickSound@@YAXXZ       10001b70 f i wog native dialogs.obj
 0001:00000bc0       ?ConnectEra@Era@@YAXXZ     10001bc0 f   wog native dialogs.obj
 0001:00000ed0       ?Dlg_ChangeBmp@@YAXPAVPatcherInstance@@@Z 10001ed0 f   wog native dialogs.obj
 0001:00001cc0       ?Y_New_CommanderDlg_Proc@@YGHPAV_CustomDlg_@@PAU_DlgMsg_@@@Z 10002cc0 f   wog native dialogs.obj
 0001:00002440       ?Y_Dlg_NPC_Show@@YGHPAVHiHook@@PAU_DlgNPC_@@@Z 10003440 f   wog native dialogs.obj
 0001:00003b30       ?Y_Dlg_NPC_Prepare@@YGXPAVHiHook@@PAU_Npc_@@HHH@Z 10004b30 f   wog native dialogs.obj
 0001:00003b70       ?Y_Dlg_NPC_ShowAgain_IfGetArtHero@@YGHPAVLoHook@@PAUHookContext@@@Z 10004b70 f   wog native dialogs.obj
 0001:00003b90       ?Y_HeroDlg_Create@@YGPAV_CustomDlg_@@PAVHiHook@@PAV1@@Z 10004b90 f   wog native dialogs.obj
 0001:00003bf0       ?Y_HeroDlg_Proc@@YGHPAVHiHook@@PAV_CustomDlg_@@PAU_DlgMsg_@@@Z 10004bf0 f   wog native dialogs.obj
 0001:00003d20       ?Dlg_NPC@@YAXPAVPatcherInstance@@@Z 10004d20 f   wog native dialogs.obj
 0001:00003de0       ?New_Dlg_ExpaMon_Case8@@YAHH@Z 10004de0 f   wog native dialogs.obj
 0001:00004730       ?New_Dlg_ExpaMon_BannerDlg_Proc@@YGHPAV_CustomDlg_@@PAU_DlgMsg_@@@Z 10005730 f   wog native dialogs.obj
 0001:00004800       ?New_Dlg_ExpaMon_BannerDlg@@YAHXZ 10005800 f   wog native dialogs.obj
 0001:00004c30       ?New_Dlg_ExpaMon_Proc@@YGHPAV_CustomDlg_@@PAU_DlgMsg_@@@Z 10005c30 f   wog native dialogs.obj
 0001:00005080       ?New_Dlg_ExpaMon@@YAHHHHI@Z 10006080 f   wog native dialogs.obj
 0001:00005cc0       ?New_Dlg_ExpaMon_Lo@@YGHPAVLoHook@@PAUHookContext@@@Z 10006cc0 f   wog native dialogs.obj
 0001:00005d00       ?New_Dlg_ExpaMon_Lo_IsBattle@@YGHPAVLoHook@@PAUHookContext@@@Z 10006d00 f   wog native dialogs.obj
 0001:00005d20       ?New_Dlg_ExpaMon_NULL@@YGHPAVLoHook@@PAUHookContext@@@Z 10006d20 f   wog native dialogs.obj
 0001:00005d30       ?Dlg_ExpaMon@@YAXPAVPatcherInstance@@@Z 10006d30 f   wog native dialogs.obj
 0001:00005d80       ?Y_WoGCurseDlg_Proc@@YGHPAV_CustomDlg_@@PAU_DlgMsg_@@@Z 10006d80 f   wog native dialogs.obj
 0001:00005e80       ?Y_WoGCurseDlg_Show@@YGHPAVLoHook@@PAUHookContext@@@Z 10006e80 f   wog native dialogs.obj
 0001:00006220       ?Y_WoGDlg_ChooseArt_Proc@@YGHPAV_CustomDlg_@@PAU_DlgMsg_@@@Z 10007220 f   wog native dialogs.obj
 0001:00006510       ?Y_WoGDlg_ChooseArt@@YGHPAVHiHook@@HPAU_Hero_@@H@Z 10007510 f   wog native dialogs.obj
 0001:00006b90       _UseWin32InputControl      10007b90 f   wog native dialogs.obj
 0001:00006bb0       ?IsSupportedFormatImage@@YA_NPAD@Z 10007bb0 f   wog native dialogs.obj
 0001:00006d40       ?New_Dlg_CustomReq_Proc@@YGHPAV_CustomDlg_@@PAU_DlgMsg_@@@Z 10007d40 f   wog native dialogs.obj
 0001:00006f00       ?New_Dlg_CustomReq@@YAHPAU_Sphinx1_@@@Z 10007f00 f   wog native dialogs.obj
 0001:00007ff0       ?Y_Dlg_CustomReq@@YGHPAVLoHook@@PAUHookContext@@@Z 10008ff0 f   wog native dialogs.obj
 0001:00008130       ?Y_WoGDlg_SphinxReq@@YGHPAVHiHook@@H@Z 10009130 f   wog native dialogs.obj
 0001:000082c0       ?Y_Dlg_QuickDialog@@YGHPAVHiHook@@PAU_Sphinx1_@@@Z 100092c0 f   wog native dialogs.obj
 0001:00008350       ?Y_Dlg_CustomPic@@YGHPAVHiHook@@HH@Z 10009350 f   wog native dialogs.obj
 0001:00008650       ?Dlg_Sphinx@@YAXPAVPatcherInstance@@@Z 10009650 f   wog native dialogs.obj
 0001:00008730       ?New_Dlg_IF_G_Proc@@YGHPAV_CustomDlg_@@PAU_DlgMsg_@@@Z 10009730 f   wog native dialogs.obj
 0001:00008870       ?New_Dlg_IF_G@@YAHHHHHH@Z  10009870 f   wog native dialogs.obj
 0001:00008cd0       ?New_Dlg_IF_G_Lo@@YGHPAVLoHook@@PAUHookContext@@@Z 10009cd0 f   wog native dialogs.obj
 0001:00008d10       ?Dlg_IFG@@YAXPAVPatcherInstance@@@Z 10009d10 f   wog native dialogs.obj
 0001:00008d60       ?Dlg_ChooseMonAttack_Proc@@YGHPAV_CustomDlg_@@PAU_DlgMsg_@@@Z 10009d60 f   wog native dialogs.obj
 0001:00008da0       ?Dlg_ChooseMonAttack@@YGHPAVHiHook@@HHH@Z 10009da0 f   wog native dialogs.obj
 0001:00009080       ?Redraw_WoGDlgSetup_ElemOnPage@@YAHPAV_CustomDlg_@@PAU_DlgSetup_@@H@Z 1000a080 f   wog native dialogs.obj
 0001:00009270       ?ShowHide_WoGDlgSetup_ElemOnPage@@YAHPAV_CustomDlg_@@HPAU_DlgSetup_@@H@Z 1000a270 f   wog native dialogs.obj
 0001:00009460       ?Create_WoGDlgSetup_ElemOnPage@@YAHPAV_CustomDlg_@@HPAU_DlgSetup_@@@Z 1000a460 f   wog native dialogs.obj
 0001:00009850       ?setYellowFrames@@YAXPAV_CustomDlg_@@H@Z 1000a850 f   wog native dialogs.obj
 0001:0000a3b0       ?Dlg_WoG_Options_Proc@@YGHPAV_CustomDlg_@@PAU_DlgMsg_@@@Z 1000b3b0 f   wog native dialogs.obj
 0001:0000ab00       ?Dlg_WoG_Options_Show@@YGXPAVHiHook@@H@Z 1000bb00 f   wog native dialogs.obj
 0001:0000b050       ?Y_NewScenarioDlg_Proc@@YGHPAVHiHook@@PAV_CustomDlg_@@PAU_DlgMsg_@@@Z 1000c050 f   wog native dialogs.obj
 0001:0000b0a0       ?Y_NewScenarioDlg_Create@@YGXPAVHiHook@@PAU_NewScenarioDlg_@@H@Z 1000c0a0 f   wog native dialogs.obj
 0001:0000b100       ?Dlg_WoGOptions@@YAXPAVPatcherInstance@@@Z 1000c100 f   wog native dialogs.obj
 0001:0000b1a0       ?Dlg_ChooseCastleReBuild_Proc@@YGHPAV_CustomDlg_@@PAU_DlgMsg_@@@Z 1000c1a0 f   wog native dialogs.obj
 0001:0000b2f0       ?Dlg_ChooseCastleReBuild@@YAHXZ 1000c2f0 f   wog native dialogs.obj
 0001:0000b8b0       ?HiHook_Dlg_ChooseCastleReBuild@@YGHPAVHiHook@@@Z 1000c8b0 f   wog native dialogs.obj
 0001:0000b8c0       ?LoHook_Dlg_ChooseCastleReBuild@@YGHPAVLoHook@@PAUHookContext@@@Z 1000c8c0 f   wog native dialogs.obj
 0001:0000b8f0       ?Y_Dlg_HeroLvlUp_Proc@@YGHPAVHiHook@@HPAU_DlgMsg_@@@Z 1000c8f0 f   wog native dialogs.obj
 0001:0000b9d0       ?Y_Lo_Dlg_HeroLvlUp_Create@@YGHPAVLoHook@@PAUHookContext@@@Z 1000c9d0 f   wog native dialogs.obj
 0001:0000b9f0       ?b_MsgBox_Proc@@YGHPAVHiHook@@PAU_DlgMsg_@@@Z 1000c9f0 f   wog native dialogs.obj
 0001:0000baa0       ?Y_Dlg_Recuit_Proc@@YGHPAVHiHook@@PAU_Struct_@@PAU_DlgMsg_@@@Z 1000caa0 f   wog native dialogs.obj
 0001:0000bb30       ?Y_Dlg_Recuit_Create@@YGHPAVHiHook@@PAU_Struct_@@H@Z 1000cb30 f   wog native dialogs.obj
 0001:0000bba0       ?Y_DlgMainMenu_Proc@@YGHPAVHiHook@@PAU_DlgMsg_@@@Z 1000cba0 f   wog native dialogs.obj
 0001:0000bd70       ?Y_BATTLE_Proc@@YGHPAVHiHook@@PAU_BattleMgr_@@PAU_DlgMsg_@@@Z 1000cd70 f   wog native dialogs.obj
 0001:0000bec0       ?Y_EndBattle@@YGHPAVLoHook@@PAUHookContext@@@Z 1000cec0 f   wog native dialogs.obj
 0001:0000bf60       ?StartHD5Functions@@YAXXZ  1000cf60 f   wog native dialogs.obj
 0001:0000c080       ?HD5_Functions@@YAXPAVPatcherInstance@@@Z 1000d080 f   wog native dialogs.obj
 0001:0000c0d0       ?Y_DlgTown_Proc@@YGHPAVHiHook@@PAU_TownMgr_@@PAU_DlgMsg_@@@Z 1000d0d0 f   wog native dialogs.obj
 0001:0000c240       ?Y_Dlg_HeroesMeet@@YGHPAVLoHook@@PAUHookContext@@@Z 1000d240 f   wog native dialogs.obj
 0001:0000c270       ?Y_Battle_SetHintAttackGetDamage@@YGHPAVLoHook@@PAUHookContext@@@Z 1000d270 f   wog native dialogs.obj
 0001:0000c290       ?GetStringKilled@@YAPADPADPAU_BattleStack_@@@Z 1000d290 f   wog native dialogs.obj
 0001:0000c3c0       ?BattleMgr_GetAttackDamage_Hint_LogString@@YGPAU_HStr_@@PAVHiHook@@PAU1@PAU_BattleStack_@@2EH@Z 1000d3c0 f   wog native dialogs.obj
 0001:0000c4c0       ?Y_Dlg_MainMenu_Create@@YGHPAVHiHook@@PAU_Dlg_@@@Z 1000d4c0 f   wog native dialogs.obj
 0001:0000c560       ?Y_LoadAllTXTinGames@@YGHPAVLoHook@@PAUHookContext@@@Z 1000d560 f   wog native dialogs.obj
 0001:0000c580       ?Y_Hook_MainLoop@@YGHPAVLoHook@@PAUHookContext@@@Z 1000d580 f   wog native dialogs.obj
 0001:0000c8e0       _DllMain@12                1000d8e0 f   wog native dialogs.obj
 0001:0000cb50       ??$VarValue@H@Patcher@@QAEAAHPAD@Z 1000db50 f i wog native dialogs.obj
 0001:0000cb90       ??0bad_alloc@std@@QAE@ABV01@@Z 1000db90 f i wog native dialogs.obj
 0001:0000cbb0       ?RedrawScreen@_DlgItem_@@QAEXXZ 1000dbb0 f   HoMM3_GUI.obj
 0001:0000cbe0       ?Create@_CustomDlg_@@SAPAV1@HHHHIP6GHPAV1@PAU_DlgMsg_@@@Z@Z 1000dbe0 f   HoMM3_GUI.obj
 0001:0000cc60       ?DlgProcBridge@_CustomDlg_@@SIHPAV1@IPAU_DlgMsg_@@@Z 1000dc60 f   HoMM3_GUI.obj
 0001:0000cc79       @__security_check_cookie@4 1000dc79 f   LIBCMT:secchk.obj
 0001:0000cc88       _sprintf                   1000dc88 f   LIBCMT:sprintf.obj
 0001:0000cd05       ??0exception@std@@QAE@ABQBDH@Z 1000dd05 f   LIBCMT:stdexcpt.obj
 0001:0000cd22       ??0exception@std@@QAE@ABV01@@Z 1000dd22 f   LIBCMT:stdexcpt.obj
 0001:0000cd7f       ??1exception@std@@UAE@XZ   1000dd7f f   LIBCMT:stdexcpt.obj
 0001:0000cd95       ?what@exception@std@@UBEPBDXZ 1000dd95 f   LIBCMT:stdexcpt.obj
 0001:0000cda2       ??_Gexception@std@@UAEPAXI@Z 1000dda2 f i LIBCMT:stdexcpt.obj
 0001:0000cda2       ??_Eexception@std@@UAEPAXI@Z 1000dda2 f i LIBCMT:stdexcpt.obj
 0001:0000cdc3       _free                      1000ddc3 f   LIBCMT:free.obj
 0001:0000ce51       ??3@YAXPAX@Z               1000de51 f   LIBCMT:delete.obj
 0001:0000ce5c       ??1type_info@@UAE@XZ       1000de5c f   LIBCMT:typinfo.obj
 0001:0000ce6c       ??_Etype_info@@UAEPAXI@Z   1000de6c f i LIBCMT:typinfo.obj
 0001:0000ce6c       ??_Gtype_info@@UAEPAXI@Z   1000de6c f i LIBCMT:typinfo.obj
 0001:0000ce8d       ??0bad_alloc@std@@QAE@XZ   1000de8d f i LIBCMT:new.obj
 0001:0000cea8       ??2@YAPAXI@Z               1000dea8 f   LIBCMT:new.obj
 0001:0000cf0d       __CRT_INIT@12              1000df0d f   LIBCMT:dllcrt0.obj
 0001:0000d138       __DllMainCRTStartup@12     1000e138 f   LIBCMT:dllcrt0.obj
 0001:0000d160       _strlen                    1000e160 f   LIBCMT:strlen.obj
 0001:0000d1eb       __CxxThrowException@8      1000e1eb f   LIBCMT:throw.obj
 0001:0000d237       ?_CallMemberFunction0@@YGXPAX0@Z 1000e237 f   LIBCMT:_trnsctrl_.obj
 0001:0000d23e       ___report_gsfailure        1000e23e f   LIBCMT:gs_report.obj
 0001:0000d350       _memmove                   1000e350 f   LIBCMT:memmove.obj
 0001:0000d6b5       __initp_misc_invarg        1000e6b5 f   LIBCMT:invarg.obj
 0001:0000d6c4       __invoke_watson            1000e6c4 f   LIBCMT:invarg.obj
 0001:0000d7ec       __invalid_parameter        1000e7ec f   LIBCMT:invarg.obj
 0001:0000d812       __get_errno_from_oserr     1000e812 f   LIBCMT:dosmap.obj
 0001:0000d854       __errno                    1000e854 f   LIBCMT:dosmap.obj
 0001:0000d867       ___doserrno                1000e867 f   LIBCMT:dosmap.obj
 0001:0000d87a       __dosmaperr                1000e87a f   LIBCMT:dosmap.obj
 0001:0000d89d       __flsbuf                   1000e89d f   LIBCMT:_flsbuf.obj
 0001:0000da01       ??0_LocaleUpdate@@QAE@PAUlocaleinfo_struct@@@Z 1000ea01 f i LIBCMT:output.obj
 0001:0000db2e       __output_l                 1000eb2e f   LIBCMT:output.obj
 0001:0000e6c6       _strcpy_s                  1000f6c6 f   LIBCMT:strcpy_s.obj
 0001:0000e72e       _V6_HeapAlloc              1000f72e f   LIBCMT:malloc.obj
 0001:0000e77d       _malloc                    1000f77d f   LIBCMT:malloc.obj
 0001:0000e847       __heap_init                1000f847 f   LIBCMT:heapinit.obj
 0001:0000e877       __heap_term                1000f877 f   LIBCMT:heapinit.obj
 0001:0000e8eb       __mtinitlocks              1000f8eb f   LIBCMT:mlock.obj
 0001:0000e936       __mtdeletelocks            1000f936 f   LIBCMT:mlock.obj
 0001:0000e98d       __unlock                   1000f98d f   LIBCMT:mlock.obj
 0001:0000e9a4       __mtinitlocknum            1000f9a4 f   LIBCMT:mlock.obj
 0001:0000ea67       __lock                     1000fa67 f   LIBCMT:mlock.obj
 0001:0000ea9a       ___sbh_find_block          1000fa9a f   LIBCMT:sbheap.obj
 0001:0000eaca       ___sbh_free_block          1000faca f   LIBCMT:sbheap.obj
 0001:0000ede0       ___sbh_alloc_new_region    1000fde0 f   LIBCMT:sbheap.obj
 0001:0000ee90       ___sbh_alloc_new_group     1000fe90 f   LIBCMT:sbheap.obj
 0001:0000ef98       ___sbh_resize_block        1000ff98 f   LIBCMT:sbheap.obj
 0001:0000f279       ___sbh_alloc_block         10010279 f   LIBCMT:sbheap.obj
 0001:0000f560       __SEH_prolog4              10010560 f   LIBCMT:sehprolg4.obj
 0001:0000f5a5       __SEH_epilog4              100105a5 f   LIBCMT:sehprolg4.obj
 0001:0000f5c0       __except_handler4          100105c0 f   LIBCMT:chandler4.obj
 0001:0000f750       _memset                    10010750 f   LIBCMT:memset.obj
 0001:0000f7d0       _memcpy                    100107d0 f   LIBCMT:memcpy.obj
 0001:0000fb35       ?_Type_info_dtor@type_info@@CAXPAV1@@Z 10010b35 f   LIBCMT:typname.obj
 0001:0000fbb0       _strcmp                    10010bb0 f   LIBCMT:strcmp.obj
 0001:0000fcf2       ___onexitinit              10010cf2 f   LIBCMT:onexit.obj
 0001:0000fd23       __onexit                   10010d23 f   LIBCMT:onexit.obj
 0001:0000fd5f       _atexit                    10010d5f f   LIBCMT:onexit.obj
 0001:0000fd76       __initp_heap_handler       10010d76 f   LIBCMT:handler.obj
 0001:0000fd85       __callnewh                 10010d85 f   LIBCMT:handler.obj
 0001:0000fdad       __encode_pointer           10010dad f   LIBCMT:tidtable.obj
 0001:0000fe1f       __encoded_null             10010e1f f   LIBCMT:tidtable.obj
 0001:0000fe28       __decode_pointer           10010e28 f   LIBCMT:tidtable.obj
 0001:0000fe9a       ___crtTlsAlloc@4           10010e9a f   LIBCMT:tidtable.obj
 0001:0000fea3       ___set_flsgetvalue         10010ea3 f   LIBCMT:tidtable.obj
 0001:0000fed7       __mtterm                   10010ed7 f   LIBCMT:tidtable.obj
 0001:0000ff14       __initptd                  10010f14 f   LIBCMT:tidtable.obj
 0001:0000fffb       __getptd_noexit            10010ffb f   LIBCMT:tidtable.obj
 0001:00010074       __getptd                   10011074 f   LIBCMT:tidtable.obj
 0001:0001008e       __freefls@4                1001108e f   LIBCMT:tidtable.obj
 0001:000101bd       __freeptd                  100111bd f   LIBCMT:tidtable.obj
 0001:0001022b       __mtinit                   1001122b f   LIBCMT:tidtable.obj
 0001:000103b8       __malloc_crt               100113b8 f   LIBCMT:crtheap.obj
 0001:000103fd       __calloc_crt               100113fd f   LIBCMT:crtheap.obj
 0001:00010449       __realloc_crt              10011449 f   LIBCMT:crtheap.obj
 0001:00010497       __crt_waiting_on_module_handle 10011497 f   LIBCMT:crt0dat.obj
 0001:000104c7       __amsg_exit                100114c7 f   LIBCMT:crt0dat.obj
 0001:000104f0       ___crtCorExitProcess       100114f0 f   LIBCMT:crt0dat.obj
 0001:0001051b       ___crtExitProcess          1001151b f   LIBCMT:crt0dat.obj
 0001:00010533       __lockexit                 10011533 f   LIBCMT:crt0dat.obj
 0001:0001053c       __unlockexit               1001153c f   LIBCMT:crt0dat.obj
 0001:00010562       __initterm_e               10011562 f   LIBCMT:crt0dat.obj
 0001:00010586       __cinit                    10011586 f   LIBCMT:crt0dat.obj
 0001:00010737       __exit                     10011737 f   LIBCMT:crt0dat.obj
 0001:0001074d       __cexit                    1001174d f   LIBCMT:crt0dat.obj
 0001:0001075c       __init_pointers            1001175c f   LIBCMT:crt0dat.obj
 0001:000107aa       __ioinit                   100117aa f   LIBCMT:ioinit.obj
 0001:000109fe       __ioterm                   100119fe f   LIBCMT:ioinit.obj
 0001:00010a4c       __setenvp                  10011a4c f   LIBCMT:stdenvp.obj
 0001:00010cc4       __setargv                  10011cc4 f   LIBCMT:stdargv.obj
 0001:00010d7f       ___crtGetEnvironmentStringsA 10011d7f f   LIBCMT:a_env.obj
 0001:00010eb6       __RTC_Initialize           10011eb6 f   LIBCMT:_initsect_.obj
 0001:00010edc       __RTC_Terminate            10011edc f   LIBCMT:_initsect_.obj
 0001:00010f02       __XcptFilter               10011f02 f   LIBCMT:winxfltr.obj
 0001:00011062       ___CppXcptFilter           10012062 f   LIBCMT:winxfltr.obj
 0001:00011082       ___security_init_cookie    10012082 f   LIBCMT:gs_support.obj
 0001:00011118       ___DestructExceptionObject 10012118 f   LIBCMT:frame.obj
 0001:0001116d       ?terminate@@YAXXZ          1001216d f   LIBCMT:hooks.obj
 0001:000111a6       __initp_eh_hooks           100121a6 f   LIBCMT:hooks.obj
 0001:000111c0       __CallSettingFrame@12      100121c0 f   LIBCMT:lowhelpr.obj
 0001:000111e7       __NLG_Return               100121e7     LIBCMT:lowhelpr.obj
 0001:0001120c       __crt_debugger_hook        1001220c f   LIBCMT:dbghook.obj
 0001:0001129b       __VEC_memcpy               1001229b f   LIBCMT:p4_memcpy.obj
 0001:000113ce       __get_sse2_info            100123ce f   LIBCMT:cpu_disp.obj
 0001:00011430       ___sse2_available_init     10012430 f   LIBCMT:cpu_disp.obj
 0001:0001143d       __lseeki64_nolock          1001243d f   LIBCMT:lseeki64.obj
 0001:000114c2       __lseeki64                 100124c2 f   LIBCMT:lseeki64.obj
 0001:000115db       __write_nolock             100125db f   LIBCMT:write.obj
 0001:00011d0e       __write                    10012d0e f   LIBCMT:write.obj
 0001:00011dea       __getbuf                   10012dea f   LIBCMT:_getbuf.obj
 0001:00011e33       __isatty                   10012e33 f   LIBCMT:isatty.obj
 0001:00011e97       ___iob_func                10012e97 f   LIBCMT:_file.obj
 0001:00011e9d       ___initstdio               10012e9d f   LIBCMT:_file.obj
 0001:00011f4e       ___endstdio                10012f4e f   LIBCMT:_file.obj
 0001:00011f6e       __lock_file                10012f6e f   LIBCMT:_file.obj
 0001:00011faf       __lock_file2               10012faf f   LIBCMT:_file.obj
 0001:00011fe1       __unlock_file              10012fe1 f   LIBCMT:_file.obj
 0001:0001201d       __unlock_file2             1001301d f   LIBCMT:_file.obj
 0001:0001204c       __fileno                   1001304c f   LIBCMT:fileno.obj
 0001:000122a4       ___updatetmbcinfo          100132a4 f   LIBCMT:mbctype.obj
 0001:000123c4       __setmbcp_nolock           100133c4 f   LIBCMT:mbctype.obj
 0001:000125a9       __setmbcp                  100135a9 f   LIBCMT:mbctype.obj
 0001:00012743       ___initmbctable            10013743 f   LIBCMT:mbctype.obj
 0001:00012761       ___freetlocinfo            10013761 f   LIBCMT:setlocal.obj
 0001:000128aa       ___addlocaleref            100138aa f   LIBCMT:setlocal.obj
 0001:00012939       ___removelocaleref         10013939 f   LIBCMT:setlocal.obj
 0001:00012a10       ___updatetlocinfo          10013a10 f   LIBCMT:setlocal.obj
 0001:00012a86       __initp_misc_cfltcvt_tab   10013a86 f   LIBCMT:cmiscdat.obj
 0001:00012aa7       __get_printf_count_output  10013aa7 f   LIBCMT:printf.obj
 0001:00012abd       __wctomb_s_l               10013abd f   LIBCMT:wctomb.obj
 0001:00012c29       _wctomb_s                  10013c29 f   LIBCMT:wctomb.obj
 0001:00012c46       __isleadbyte_l             10013c46 f i LIBCMT:_wctype.obj
 0001:00012c7e       _isleadbyte                10013c7e f i LIBCMT:_wctype.obj
 0001:00012ca0       __aulldvrm                 10013ca0 f   LIBCMT:ulldvrm.obj
 0001:00012d35       __NMSG_WRITE               10013d35 f   LIBCMT:crt0msg.obj
 0001:00012ee0       __FF_MSGBANNER             10013ee0 f   LIBCMT:crt0msg.obj
 0001:00012f19       __initp_misc_initcrit      10013f19 f   LIBCMT:initcrit.obj
 0001:00012f28       ___crtInitCritSecAndSpinCount 10013f28 f   LIBCMT:initcrit.obj
 0001:00012f88       __local_unwind4            10013f88 f   LIBCMT:exsup4.obj
 0001:0001305e       __seh_longjmp_unwind4@4    1001405e f   LIBCMT:exsup4.obj
 0001:0001307a       @_EH4_CallFilterFunc@8     1001407a f   LIBCMT:exsup4.obj
 0001:00013091       @_EH4_TransferToHandler@8  10014091 f   LIBCMT:exsup4.obj
 0001:000130aa       @_EH4_GlobalUnwind@4       100140aa f   LIBCMT:exsup4.obj
 0001:000130c4       @_EH4_LocalUnwind@16       100140c4 f   LIBCMT:exsup4.obj
 0001:000130e0       __ValidateImageBase        100140e0 f   LIBCMT:pesect.obj
 0001:00013120       __FindPESection            10014120 f   LIBCMT:pesect.obj
 0001:00013170       __IsNonwritableInCurrentImage 10014170 f   LIBCMT:pesect.obj
 0001:00013284       __VEC_memzero              10014284 f   LIBCMT:p4_memset.obj
 0001:00013313       __msize                    10014313 f   LIBCMT:msize.obj
 0001:000133b6       __calloc_impl              100143b6 f   LIBCMT:calloc_impl.obj
 0001:000134d4       _realloc                   100144d4 f   LIBCMT:realloc.obj
 0001:000136ef       __initp_misc_winsig        100146ef f   LIBCMT:winsig.obj
 0001:00013744       ___get_sigabrt             10014744 f   LIBCMT:winsig.obj
 0001:00013751       _raise                     10014751 f   LIBCMT:winsig.obj
 0001:00013901       __initp_misc_rand_s        10014901 f   LIBCMT:rand_s.obj
 0001:00013910       __initp_misc_purevirt      10014910 f   LIBCMT:inithelp.obj
 0001:00013972       __ismbblead                10014972 f   LIBCMT:ismbbyte.obj
 0001:0001398a       _abort                     1001498a f   LIBCMT:abort.obj
 0001:00013aa4       __global_unwind2           10014aa4 f   LIBCMT:exsup.obj
 0001:00013b09       __local_unwind2            10014b09 f   LIBCMT:exsup.obj
 0001:00013b8d       __abnormal_termination     10014b8d f   LIBCMT:exsup.obj
 0001:00013bb0       __NLG_Notify1              10014bb0 f   LIBCMT:exsup.obj
 0001:00013bb9       __NLG_Notify               10014bb9 f   LIBCMT:exsup.obj
 0001:00013bd0       __NLG_Dispatch             10014bd0     LIBCMT:exsup.obj
 0001:00013bd0       __NLG_Dispatch2            10014bd0     LIBCMT:exsup.obj
 0001:00013bd8       __NLG_Call                 10014bd8 f   LIBCMT:exsup.obj
 0001:00013bda       __NLG_Return2              10014bda     LIBCMT:exsup.obj
 0001:00013bdb       __free_osfhnd              10014bdb f   LIBCMT:osfinfo.obj
 0001:00013c61       __get_osfhandle            10014c61 f   LIBCMT:osfinfo.obj
 0001:00013cd8       ___lock_fhandle            10014cd8 f   LIBCMT:osfinfo.obj
 0001:00013d78       __unlock_fhandle           10014d78 f   LIBCMT:osfinfo.obj
 0001:00013d9f       __putwch_nolock            10014d9f f   LIBCMT:putwch.obj
 0001:00013e64       __mbtowc_l                 10014e64 f   LIBCMT:mbtowc.obj
 0001:00013f7b       _mbtowc                    10014f7b f   LIBCMT:mbtowc.obj
 0001:00013fa0       __chkstk                   10014fa0 f   LIBCMT:chkstk.obj
 0001:00013fa0       __alloca_probe             10014fa0     LIBCMT:chkstk.obj
 0001:00013fcb       __fcloseall                10014fcb f   LIBCMT:closeall.obj
 0001:0001406a       __flush                    1001506a f   LIBCMT:fflush.obj
 0001:000140d2       __fflush_nolock            100150d2 f   LIBCMT:fflush.obj
 0001:000141f4       __flushall                 100151f4 f   LIBCMT:fflush.obj
 0001:000141fd       __freea                    100151fd f i LIBCMT:a_map.obj
 0001:000145c2       ___crtLCMapStringA         100155c2 f   LIBCMT:a_map.obj
 0001:000147c1       ___crtGetStringTypeA       100157c1 f   LIBCMT:a_str.obj
 0001:00014803       ___free_lc_time            10015803 f   LIBCMT:inittime.obj
 0001:00014998       ___free_lconv_num          10015998 f   LIBCMT:initnum.obj
 0001:000149dd       ___free_lconv_mon          100159dd f   LIBCMT:initmon.obj
 0001:00014a6b       _strcat_s                  10015a6b f   LIBCMT:strcat_s.obj
 0001:00014ae0       _strcspn                   10015ae0 f   LIBCMT:strcspn.obj
 0001:00014b26       _strncpy_s                 10015b26 f   LIBCMT:strncpy_s.obj
 0001:00014be0       _strpbrk                   10015be0 f   LIBCMT:strpbrk.obj
 0001:00014c20       __fptrap                   10015c20 f   LIBCMT:crt0fp.obj
 0001:00014e58       _strtol                    10015e58 f   LIBCMT:strtol.obj
 0001:00014e83       ___crtMessageBoxA          10015e83 f   LIBCMT:crtmbox.obj
 0001:00014fec       __set_error_mode           10015fec f   LIBCMT:errmode.obj
 0001:00015040       __allmul                   10016040 f   LIBCMT:llmul.obj
 0001:00015074       _atol                      10016074 f   LIBCMT:atox.obj
 0001:0001508a       __isdigit_l                1001608a f i LIBCMT:_ctype.obj
 0001:000150db       _isdigit                   100160db f i LIBCMT:_ctype.obj
 0001:00015109       ___initconout              10016109 f   LIBCMT:initcon.obj
 0001:00015128       ___termcon                 10016128 f   LIBCMT:initcon.obj
 0001:00015155       __fclose_nolock            10016155 f   LIBCMT:fclose.obj
 0001:000151cc       _fclose                    100161cc f   LIBCMT:fclose.obj
 0001:00015248       __commit                   10016248 f   LIBCMT:commit.obj
 0001:00015329       ___ansicp                  10016329 f   LIBCMT:convrtcp.obj
 0001:00015372       ___convertcp               10016372 f   LIBCMT:convrtcp.obj
 0001:00015530       __alloca_probe_16          10016530 f   LIBCMT:alloca16.obj
 0001:00015546       __alloca_probe_8           10016546     LIBCMT:alloca16.obj
 0001:0001555c       __isctype_l                1001655c f   LIBCMT:isctype.obj
 0001:00015614       __close_nolock             10016614 f   LIBCMT:close.obj
 0001:000156b0       __close                    100166b0 f   LIBCMT:close.obj
 0001:0001577d       __freebuf                  1001677d f   LIBCMT:_freebuf.obj
 0001:000157ae       __tolower_l                100167ae f   LIBCMT:tolower.obj
 0001:000158c3       _tolower                   100168c3 f   LIBCMT:tolower.obj
 0001:000158f0       ___ascii_strnicmp          100168f0 f   LIBCMT:_strnicm.obj
 0001:00015970       _strchr                    10016970 f   LIBCMT:strchr.obj
 0001:00015976       ___from_strstr_to_strchr   10016976     LIBCMT:strchr.obj
 0001:00015a2e       _RtlUnwind@16              10016a2e f   kernel32:KERNEL32.dll
 0001:00015a34       __fpclear                  10016a34 f   LIBCMT:_fpinit_.obj
 0001:00015a34       __initp_misc_winxfltr      10016a34 f   LIBCMT:winxfltr.obj
 0001:00015a35       __cfltcvt_init             10016a35 f   LIBCMT:_fpinit_.obj
 0001:00015a95       __fpmath                   10016a95 f   LIBCMT:_fpinit_.obj
 0001:00015ac0       __ftol2_sse                10016ac0 f   LIBCMT:ftol2.obj
 0001:00015ac9       __ftol2_pentium4           10016ac9 f   LIBCMT:ftol2.obj
 0001:00015adc       __ftol2_sse_excpt          10016adc f   LIBCMT:ftol2.obj
 0001:00015af6       __ftol2                    10016af6 f   LIBCMT:ftol2.obj
 0001:00015b6b       __forcdecpt_l              10016b6b f   LIBCMT:cvt.obj
 0001:00015bde       __cropzeros_l              10016bde f   LIBCMT:cvt.obj
 0001:00015c60       __positive                 10016c60 f   LIBCMT:cvt.obj
 0001:00015c7c       __fassign_l                10016c7c f   LIBCMT:cvt.obj
 0001:00015cbe       __fassign                  10016cbe f   LIBCMT:cvt.obj
 0001:00015cf7       __forcdecpt                10016cf7 f   LIBCMT:cvt.obj
 0001:00015d0a       __cropzeros                10016d0a f   LIBCMT:cvt.obj
 0001:00015e8c       __cftoe_l                  10016e8c f   LIBCMT:cvt.obj
 0001:00015f5c       __cftoe                    10016f5c f   LIBCMT:cvt.obj
 0001:00015f7c       __cftoa_l                  10016f7c f   LIBCMT:cvt.obj
 0001:000163e6       __cftof_l                  100173e6 f   LIBCMT:cvt.obj
 0001:000164a1       __cftog_l                  100174a1 f   LIBCMT:cvt.obj
 0001:0001659b       __cfltcvt_l                1001759b f   LIBCMT:cvt.obj
 0001:00016623       __cfltcvt                  10017623 f   LIBCMT:cvt.obj
 0001:00016646       __setdefaultprecision      10017646 f   LIBCMT:fp8.obj
 0001:00016671       __ms_p5_test_fdiv          10017671 f   LIBCMT:_testfdiv_.obj
 0001:000166af       __ms_p5_mp_test_fdiv       100176af f   LIBCMT:_testfdiv_.obj
 0001:000166e0       _strrchr                   100176e0 f   LIBCMT:strrchr.obj
 0001:0001670d       __atodbl_l                 1001770d f   LIBCMT:atodbl.obj
 0001:000167b5       __atoflt_l                 100177b5 f   LIBCMT:atodbl.obj
 0001:0001685d       __fptostr                  1001785d f   LIBCMT:_fptostr.obj
 0001:0001691c       ___dtold                   1001791c f   LIBCMT:_cfout_.obj
 0001:000169d9       __fltout2                  100179d9 f   LIBCMT:_cfout_.obj
 0001:00016a70       __alldvrm                  10017a70 f   LIBCMT:lldvrm.obj
 0001:00016b50       __aullshr                  10017b50 f   LIBCMT:ullshr.obj
 0001:00016b6f       __controlfp_s              10017b6f f   LIBCMT:_contrlfp_.obj
 0001:00016bdb       __ld12tod                  10017bdb f   LIBCMT:_intrncvt_.obj
 0001:0001711f       __ld12tof                  1001811f f   LIBCMT:_intrncvt_.obj
 0001:00017663       ___strgtold12_l            10018663 f   LIBCMT:_strgtold_.obj
 0001:00017d5b       _$I10_OUTPUT               10018d5b f   LIBCMT:_x10fout_.obj
 0001:000187ad       __control87                100197ad f i LIBCMT:_ieee87_.obj
 0001:00018abc       ___mtold12                 10019abc f   LIBCMT:_mantold_.obj
 0001:00018c8a       ___set_fpsr_sse2           10019c8a f   LIBCMT:_fpctrl_.obj
 0002:00000000       __imp__GetProcAddress@8    1001a000     kernel32:KERNEL32.dll
 0002:00000004       __imp__LoadLibraryA@4      1001a004     kernel32:KERNEL32.dll
 0002:00000008       __imp__CreateFileA@28      1001a008     kernel32:KERNEL32.dll
 0002:0000000c       __imp__SetFilePointer@16   1001a00c     kernel32:KERNEL32.dll
 0002:00000010       __imp__CloseHandle@4       1001a010     kernel32:KERNEL32.dll
 0002:00000014       __imp__GetLastError@0      1001a014     kernel32:KERNEL32.dll
 0002:00000018       __imp__HeapFree@12         1001a018     kernel32:KERNEL32.dll
 0002:0000001c       __imp__GetCurrentThreadId@0 1001a01c     kernel32:KERNEL32.dll
 0002:00000020       __imp__GetCommandLineA@0   1001a020     kernel32:KERNEL32.dll
 0002:00000024       __imp__RaiseException@16   1001a024     kernel32:KERNEL32.dll
 0002:00000028       __imp__RtlUnwind@16        1001a028     kernel32:KERNEL32.dll
 0002:0000002c       __imp__TerminateProcess@8  1001a02c     kernel32:KERNEL32.dll
 0002:00000030       __imp__GetCurrentProcess@0 1001a030     kernel32:KERNEL32.dll
 0002:00000034       __imp__UnhandledExceptionFilter@4 1001a034     kernel32:KERNEL32.dll
 0002:00000038       __imp__SetUnhandledExceptionFilter@4 1001a038     kernel32:KERNEL32.dll
 0002:0000003c       __imp__IsDebuggerPresent@0 1001a03c     kernel32:KERNEL32.dll
 0002:00000040       __imp__HeapAlloc@12        1001a040     kernel32:KERNEL32.dll
 0002:00000044       __imp__HeapCreate@12       1001a044     kernel32:KERNEL32.dll
 0002:00000048       __imp__HeapDestroy@4       1001a048     kernel32:KERNEL32.dll
 0002:0000004c       __imp__VirtualFree@12      1001a04c     kernel32:KERNEL32.dll
 0002:00000050       __imp__DeleteCriticalSection@4 1001a050     kernel32:KERNEL32.dll
 0002:00000054       __imp__LeaveCriticalSection@4 1001a054     kernel32:KERNEL32.dll
 0002:00000058       __imp__EnterCriticalSection@4 1001a058     kernel32:KERNEL32.dll
 0002:0000005c       __imp__VirtualAlloc@16     1001a05c     kernel32:KERNEL32.dll
 0002:00000060       __imp__HeapReAlloc@16      1001a060     kernel32:KERNEL32.dll
 0002:00000064       __imp__GetModuleHandleW@4  1001a064     kernel32:KERNEL32.dll
 0002:00000068       __imp__TlsGetValue@4       1001a068     kernel32:KERNEL32.dll
 0002:0000006c       __imp__TlsAlloc@0          1001a06c     kernel32:KERNEL32.dll
 0002:00000070       __imp__TlsSetValue@8       1001a070     kernel32:KERNEL32.dll
 0002:00000074       __imp__TlsFree@4           1001a074     kernel32:KERNEL32.dll
 0002:00000078       __imp__InterlockedIncrement@4 1001a078     kernel32:KERNEL32.dll
 0002:0000007c       __imp__SetLastError@4      1001a07c     kernel32:KERNEL32.dll
 0002:00000080       __imp__InterlockedDecrement@4 1001a080     kernel32:KERNEL32.dll
 0002:00000084       __imp__Sleep@4             1001a084     kernel32:KERNEL32.dll
 0002:00000088       __imp__ExitProcess@4       1001a088     kernel32:KERNEL32.dll
 0002:0000008c       __imp__SetHandleCount@4    1001a08c     kernel32:KERNEL32.dll
 0002:00000090       __imp__GetStdHandle@4      1001a090     kernel32:KERNEL32.dll
 0002:00000094       __imp__GetFileType@4       1001a094     kernel32:KERNEL32.dll
 0002:00000098       __imp__GetStartupInfoA@4   1001a098     kernel32:KERNEL32.dll
 0002:0000009c       __imp__GetModuleFileNameA@12 1001a09c     kernel32:KERNEL32.dll
 0002:000000a0       __imp__FreeEnvironmentStringsA@4 1001a0a0     kernel32:KERNEL32.dll
 0002:000000a4       __imp__GetEnvironmentStrings@0 1001a0a4     kernel32:KERNEL32.dll
 0002:000000a8       __imp__FreeEnvironmentStringsW@4 1001a0a8     kernel32:KERNEL32.dll
 0002:000000ac       __imp__WideCharToMultiByte@32 1001a0ac     kernel32:KERNEL32.dll
 0002:000000b0       __imp__GetEnvironmentStringsW@0 1001a0b0     kernel32:KERNEL32.dll
 0002:000000b4       __imp__QueryPerformanceCounter@4 1001a0b4     kernel32:KERNEL32.dll
 0002:000000b8       __imp__GetTickCount@0      1001a0b8     kernel32:KERNEL32.dll
 0002:000000bc       __imp__GetCurrentProcessId@0 1001a0bc     kernel32:KERNEL32.dll
 0002:000000c0       __imp__GetSystemTimeAsFileTime@4 1001a0c0     kernel32:KERNEL32.dll
 0002:000000c4       __imp__WriteFile@20        1001a0c4     kernel32:KERNEL32.dll
 0002:000000c8       __imp__GetConsoleCP@0      1001a0c8     kernel32:KERNEL32.dll
 0002:000000cc       __imp__GetConsoleMode@8    1001a0cc     kernel32:KERNEL32.dll
 0002:000000d0       __imp__GetCPInfo@8         1001a0d0     kernel32:KERNEL32.dll
 0002:000000d4       __imp__GetACP@0            1001a0d4     kernel32:KERNEL32.dll
 0002:000000d8       __imp__GetOEMCP@0          1001a0d8     kernel32:KERNEL32.dll
 0002:000000dc       __imp__IsValidCodePage@4   1001a0dc     kernel32:KERNEL32.dll
 0002:000000e0       __imp__InitializeCriticalSectionAndSpinCount@8 1001a0e0     kernel32:KERNEL32.dll
 0002:000000e4       __imp__HeapSize@12         1001a0e4     kernel32:KERNEL32.dll
 0002:000000e8       __imp__SetStdHandle@8      1001a0e8     kernel32:KERNEL32.dll
 0002:000000ec       __imp__WriteConsoleA@20    1001a0ec     kernel32:KERNEL32.dll
 0002:000000f0       __imp__GetConsoleOutputCP@0 1001a0f0     kernel32:KERNEL32.dll
 0002:000000f4       __imp__WriteConsoleW@20    1001a0f4     kernel32:KERNEL32.dll
 0002:000000f8       __imp__MultiByteToWideChar@24 1001a0f8     kernel32:KERNEL32.dll
 0002:000000fc       __imp__LCMapStringA@24     1001a0fc     kernel32:KERNEL32.dll
 0002:00000100       __imp__LCMapStringW@24     1001a100     kernel32:KERNEL32.dll
 0002:00000104       __imp__GetStringTypeA@20   1001a104     kernel32:KERNEL32.dll
 0002:00000108       __imp__GetStringTypeW@16   1001a108     kernel32:KERNEL32.dll
 0002:0000010c       __imp__GetLocaleInfoA@16   1001a10c     kernel32:KERNEL32.dll
 0002:00000110       __imp__FlushFileBuffers@4  1001a110     kernel32:KERNEL32.dll
 0002:00000114       __imp__GetModuleHandleA@4  1001a114     kernel32:KERNEL32.dll
 0002:00000118       \177KERNEL32_NULL_THUNK_DATA 1001a118     kernel32:KERNEL32.dll
 0002:0000011c       ___xc_a                    1001a11c     LIBCMT:crt0init.obj
 0002:00000120       ___xc_z                    1001a120     LIBCMT:crt0init.obj
 0002:00000124       ___xi_a                    1001a124     LIBCMT:crt0init.obj
 0002:00000138       ___xi_z                    1001a138     LIBCMT:crt0init.obj
 0002:0000013c       ___xp_a                    1001a13c     LIBCMT:crt0init.obj
 0002:00000148       ___xp_z                    1001a148     LIBCMT:crt0init.obj
 0002:0000014c       ___xt_a                    1001a14c     LIBCMT:crt0init.obj
 0002:00000150       ___xt_z                    1001a150     LIBCMT:crt0init.obj
 0002:00000180       ??_7bad_alloc@std@@6B@     1001a180     libcpmt:string.obj
 0002:0000018c       ??_7exception@std@@6B@     1001a18c     LIBCMT:stdexcpt.obj
 0002:00000194       ??_C@_0BC@EOODALEL@Unknown?5exception?$AA@ 1001a194     LIBCMT:stdexcpt.obj
 0002:000001ac       ??_7type_info@@6B@         1001a1ac     LIBCMT:typinfo.obj
 0002:000001b0       __pRawDllMain              1001a1b0     LIBCMT:dllcrt0.obj
 0002:000001b0       __pDefaultRawDllMain       1001a1b0     LIBCMT:dllcrt0.obj
 0002:000001dc       ??_C@_1O@CEDCILHN@?$AA?$CI?$AAn?$AAu?$AAl?$AAl?$AA?$CJ?$AA?$AA@ 1001a1dc     LIBCMT:output.obj
 0002:000001ec       ??_C@_06OJHGLDPL@?$CInull?$CJ?$AA@ 1001a1ec     LIBCMT:output.obj
 0002:000001f8       ___lookuptable             1001a1f8     LIBCMT:output.obj
 0002:00000254       ??_C@_0O@NLDKAIKN@EncodePointer?$AA@ 1001a254     LIBCMT:tidtable.obj
 0002:00000264       ??_C@_1BK@DBDEIDLH@?$AAK?$AAE?$AAR?$AAN?$AAE?$AAL?$AA3?$AA2?$AA?4?$AAD?$AAL?$AAL?$AA?$AA@ 1001a264     LIBCMT:tidtable.obj
 0002:00000280       ??_C@_0O@KBPMFGHI@DecodePointer?$AA@ 1001a280     LIBCMT:tidtable.obj
 0002:00000290       ??_C@_07PEJMOBNF@FlsFree?$AA@ 1001a290     LIBCMT:tidtable.obj
 0002:00000298       ??_C@_0M@JCPCPOEF@FlsSetValue?$AA@ 1001a298     LIBCMT:tidtable.obj
 0002:000002a4       ??_C@_0M@GDNOONDI@FlsGetValue?$AA@ 1001a2a4     LIBCMT:tidtable.obj
 0002:000002b0       ??_C@_08KNHFBNJ@FlsAlloc?$AA@ 1001a2b0     LIBCMT:tidtable.obj
 0002:000002bc       ??_C@_0P@MIGLKIOC@CorExitProcess?$AA@ 1001a2bc     LIBCMT:crt0dat.obj
 0002:000002cc       ??_C@_1BI@BGOHAHKC@?$AAm?$AAs?$AAc?$AAo?$AAr?$AAe?$AAe?$AA?4?$AAd?$AAl?$AAl?$AA?$AA@ 1001a2cc     LIBCMT:crt0dat.obj
 0002:000002e8       __XcptActTab               1001a2e8     LIBCMT:winxfltr.obj
 0002:00000360       __pDestructExceptionObject 1001a360     LIBCMT:frame.obj
 0002:000003e8       ??_C@_01NEMOKFLO@?$DN?$AA@ 1001a3e8     LIBCMT:setlocal.obj
 0002:000003f0       ___lookuptable_s           1001a3f0     LIBCMT:outputs.obj
 0002:0000044c       ??_C@_0P@GGKDKEEG@runtime?5error?5?$AA@ 1001a44c     LIBCMT:crt0msg.obj
 0002:0000045c       ??_C@_02PCIJFNDE@?$AN?6?$AA@ 1001a45c     LIBCMT:crt0msg.obj
 0002:00000460       ??_C@_0O@MJNIPGOH@TLOSS?5error?$AN?6?$AA@ 1001a460     LIBCMT:crt0msg.obj
 0002:00000470       ??_C@_0N@BONNPDHF@SING?5error?$AN?6?$AA@ 1001a470     LIBCMT:crt0msg.obj
 0002:00000480       ??_C@_0P@MBDAJNE@DOMAIN?5error?$AN?6?$AA@ 1001a480     LIBCMT:crt0msg.obj
 0002:00000490       ??_C@_0JL@DFDOOABL@R6034?$AN?6An?5application?5has?5made?5a@ 1001a490     LIBCMT:crt0msg.obj
 0002:00000530       ??_C@_0PH@EPAFIJ@R6033?$AN?6?9?5Attempt?5to?5use?5MSIL?5cod@ 1001a530     LIBCMT:crt0msg.obj
 0002:00000628       ??_C@_0DD@BKEEABMM@R6032?$AN?6?9?5not?5enough?5space?5for?5lo@ 1001a628     LIBCMT:crt0msg.obj
 0002:00000660       ??_C@_0GD@OFKILIED@R6031?$AN?6?9?5Attempt?5to?5initialize?5t@ 1001a660     LIBCMT:crt0msg.obj
 0002:000006c4       ??_C@_0BP@LPMHJOKI@R6030?$AN?6?9?5CRT?5not?5initialized?$AN?6?$AA@ 1001a6c4     LIBCMT:crt0msg.obj
 0002:000006e4       ??_C@_0CF@KJDAIALP@R6028?$AN?6?9?5unable?5to?5initialize?5he@ 1001a6e4     LIBCMT:crt0msg.obj
 0002:0000070c       ??_C@_0DF@GAKBPDFP@R6027?$AN?6?9?5not?5enough?5space?5for?5lo@ 1001a70c     LIBCMT:crt0msg.obj
 0002:00000744       ??_C@_0DF@IBLNNAIG@R6026?$AN?6?9?5not?5enough?5space?5for?5st@ 1001a744     LIBCMT:crt0msg.obj
 0002:0000077c       ??_C@_0CG@IOHKGFNJ@R6025?$AN?6?9?5pure?5virtual?5function?5c@ 1001a77c     LIBCMT:crt0msg.obj
 0002:000007a4       ??_C@_0DF@JIJJFJDC@R6024?$AN?6?9?5not?5enough?5space?5for?5_o@ 1001a7a4     LIBCMT:crt0msg.obj
 0002:000007dc       ??_C@_0CJ@EGEJHFME@R6019?$AN?6?9?5unable?5to?5open?5console?5@ 1001a7dc     LIBCMT:crt0msg.obj
 0002:00000808       ??_C@_0CB@GNHNIELH@R6018?$AN?6?9?5unexpected?5heap?5error?$AN?6@ 1001a808     LIBCMT:crt0msg.obj
 0002:0000082c       ??_C@_0CN@FOLDKNG@R6017?$AN?6?9?5unexpected?5multithread?5@ 1001a82c     LIBCMT:crt0msg.obj
 0002:0000085c       ??_C@_0CM@FAHFJNHO@R6016?$AN?6?9?5not?5enough?5space?5for?5th@ 1001a85c     LIBCMT:crt0msg.obj
 0002:00000888       ??_C@_0JG@LBKMGKLD@?$AN?6This?5application?5has?5requested@ 1001a888     LIBCMT:crt0msg.obj
 0002:00000920       ??_C@_0CM@FLCNIPKK@R6009?$AN?6?9?5not?5enough?5space?5for?5en@ 1001a920     LIBCMT:crt0msg.obj
 0002:0000094c       ??_C@_0CK@KMMJOAPP@R6008?$AN?6?9?5not?5enough?5space?5for?5ar@ 1001a94c     LIBCMT:crt0msg.obj
 0002:00000978       ??_C@_0CN@LEKKICBM@R6002?$AN?6?9?5floating?5point?5support?5@ 1001a978     LIBCMT:crt0msg.obj
 0002:000009a8       ??_C@_0CF@GOGNBNAK@Microsoft?5Visual?5C?$CL?$CL?5Runtime?5Lib@ 1001a9a8     LIBCMT:crt0msg.obj
 0002:000009d0       ??_C@_02PHMGELLB@?6?6?$AA@ 1001a9d0     LIBCMT:crt0msg.obj
 0002:000009d4       ??_C@_03KHICJKCI@?4?4?4?$AA@ 1001a9d4     LIBCMT:crt0msg.obj
 0002:000009d8       ??_C@_0BH@DNAGHKFM@?$DMprogram?5name?5unknown?$DO?$AA@ 1001a9d8     LIBCMT:crt0msg.obj
 0002:000009f0       ??_C@_0BK@OFGJDLJJ@Runtime?5Error?$CB?6?6Program?3?5?$AA@ 1001a9f0     LIBCMT:crt0msg.obj
 0002:00000a0c       ??_C@_0BK@CFCOFLF@?5Complete?5Object?5Locator?8?$AA@ 1001aa0c     LIBCMT:undname.obj
 0002:00000a28       ??_C@_0BN@MECKDCOJ@?5Class?5Hierarchy?5Descriptor?8?$AA@ 1001aa28     LIBCMT:undname.obj
 0002:00000a48       ??_C@_0BD@LGICGFMM@?5Base?5Class?5Array?8?$AA@ 1001aa48     LIBCMT:undname.obj
 0002:00000a5c       ??_C@_0BM@LDKODKLH@?5Base?5Class?5Descriptor?5at?5?$CI?$AA@ 1001aa5c     LIBCMT:undname.obj
 0002:00000a78       ??_C@_0BC@DAFEJGAK@?5Type?5Descriptor?8?$AA@ 1001aa78     LIBCMT:undname.obj
 0002:00000a8c       ??_C@_0BM@PMGGMLDN@?$GAlocal?5static?5thread?5guard?8?$AA@ 1001aa8c     LIBCMT:undname.obj
 0002:00000aa8       ??_C@_0CL@FGIJHLCE@?$GAmanaged?5vector?5copy?5constructor@ 1001aaa8     LIBCMT:undname.obj
 0002:00000ad4       ??_C@_0CJ@GJELGAMM@?$GAvector?5vbase?5copy?5constructor?5i@ 1001aad4     LIBCMT:undname.obj
 0002:00000b00       ??_C@_0CD@CGAJBKEJ@?$GAvector?5copy?5constructor?5iterato@ 1001ab00     LIBCMT:undname.obj
 0002:00000b24       ??_C@_0CB@PDBIFEP@?$GAdynamic?5atexit?5destructor?5for?5?8@ 1001ab24     LIBCMT:undname.obj
 0002:00000b48       ??_C@_0BL@CLIPGLGB@?$GAdynamic?5initializer?5for?5?8?$AA@ 1001ab48     LIBCMT:undname.obj
 0002:00000b64       ??_C@_0CM@FCBBDIGB@?$GAeh?5vector?5vbase?5copy?5constructo@ 1001ab64     LIBCMT:undname.obj
 0002:00000b90       ??_C@_0CG@HLDDJMAG@?$GAeh?5vector?5copy?5constructor?5iter@ 1001ab90     LIBCMT:undname.obj
 0002:00000bb8       ??_C@_0CF@IMGKMJNO@?$GAmanaged?5vector?5destructor?5itera@ 1001abb8     LIBCMT:undname.obj
 0002:00000be0       ??_C@_0CG@CFDHKGGD@?$GAmanaged?5vector?5constructor?5iter@ 1001abe0     LIBCMT:undname.obj
 0002:00000c08       ??_C@_0BN@CKNJLHMB@?$GAplacement?5delete?$FL?$FN?5closure?8?$AA@ 1001ac08     LIBCMT:undname.obj
 0002:00000c28       ??_C@_0BL@CNOONJFP@?$GAplacement?5delete?5closure?8?$AA@ 1001ac28     LIBCMT:undname.obj
 0002:00000c44       ??_C@_0P@HJKNJFNN@?$GAomni?5callsig?8?$AA@ 1001ac44     LIBCMT:undname.obj
 0002:00000c54       ??_C@_09LBNFPBCA@?5delete?$FL?$FN?$AA@ 1001ac54     LIBCMT:undname.obj
 0002:00000c60       ??_C@_06FHBGPFGH@?5new?$FL?$FN?$AA@ 1001ac60     LIBCMT:undname.obj
 0002:00000c68       ??_C@_0CE@IIHCMGGL@?$GAlocal?5vftable?5constructor?5closu@ 1001ac68     LIBCMT:undname.obj
 0002:00000c8c       ??_C@_0BA@KKLDJDLB@?$GAlocal?5vftable?8?$AA@ 1001ac8c     LIBCMT:undname.obj
 0002:00000c9c       ??_C@_05KHLCHHI@?$GARTTI?$AA@ 1001ac9c     LIBCMT:undname.obj
 0002:00000ca4       ??_C@_03KLGMFNMG@?$GAEH?$AA@ 1001aca4     LIBCMT:undname.obj
 0002:00000ca8       ??_C@_0BA@KBCDOMBN@?$GAudt?5returning?8?$AA@ 1001aca8     LIBCMT:undname.obj
 0002:00000cb8       ??_C@_0BL@LLKPOHJI@?$GAcopy?5constructor?5closure?8?$AA@ 1001acb8     LIBCMT:undname.obj
 0002:00000cd4       ??_C@_0CH@OOJPLCPH@?$GAeh?5vector?5vbase?5constructor?5ite@ 1001acd4     LIBCMT:undname.obj
 0002:00000cfc       ??_C@_0CA@GCEOPDGL@?$GAeh?5vector?5destructor?5iterator?8?$AA@ 1001acfc     LIBCMT:undname.obj
 0002:00000d1c       ??_C@_0CB@JONCMFFK@?$GAeh?5vector?5constructor?5iterator?8@ 1001ad1c     LIBCMT:undname.obj
 0002:00000d40       ??_C@_0BL@NILFHHPC@?$GAvirtual?5displacement?5map?8?$AA@ 1001ad40     LIBCMT:undname.obj
 0002:00000d5c       ??_C@_0CE@IKBNEHA@?$GAvector?5vbase?5constructor?5iterat@ 1001ad5c     LIBCMT:undname.obj
 0002:00000d80       ??_C@_0BN@LFPFMEDL@?$GAvector?5destructor?5iterator?8?$AA@ 1001ad80     LIBCMT:undname.obj
 0002:00000da0       ??_C@_0BO@PFGOCPJJ@?$GAvector?5constructor?5iterator?8?$AA@ 1001ada0     LIBCMT:undname.obj
 0002:00000dc0       ??_C@_0BN@IMDCHIKM@?$GAscalar?5deleting?5destructor?8?$AA@ 1001adc0     LIBCMT:undname.obj
 0002:00000de0       ??_C@_0BO@OBMKPJIG@?$GAdefault?5constructor?5closure?8?$AA@ 1001ade0     LIBCMT:undname.obj
 0002:00000e00       ??_C@_0BN@DEGPLNFK@?$GAvector?5deleting?5destructor?8?$AA@ 1001ae00     LIBCMT:undname.obj
 0002:00000e20       ??_C@_0BD@JDLKDPAB@?$GAvbase?5destructor?8?$AA@ 1001ae20     LIBCMT:undname.obj
 0002:00000e34       ??_C@_08OBABFOLI@?$GAstring?8?$AA@ 1001ae34     LIBCMT:undname.obj
 0002:00000e40       ??_C@_0BF@KDPPACIK@?$GAlocal?5static?5guard?8?$AA@ 1001ae40     LIBCMT:undname.obj
 0002:00000e58       ??_C@_08LLFFHHDJ@?$GAtypeof?8?$AA@ 1001ae58     LIBCMT:undname.obj
 0002:00000e64       ??_C@_07FEEIOKP@?$GAvcall?8?$AA@ 1001ae64     LIBCMT:undname.obj
 0002:00000e6c       ??_C@_09BLBHBJP@?$GAvbtable?8?$AA@ 1001ae6c     LIBCMT:undname.obj
 0002:00000e78       ??_C@_09IFPLHPGF@?$GAvftable?8?$AA@ 1001ae78     LIBCMT:undname.obj
 0002:00000e84       ??_C@_02MHEGNOJ@?$FO?$DN?$AA@ 1001ae84     LIBCMT:undname.obj
 0002:00000e88       ??_C@_02DHLNPPGH@?$HM?$DN?$AA@ 1001ae88     LIBCMT:undname.obj
 0002:00000e8c       ??_C@_02FGJGFEAB@?$CG?$DN?$AA@ 1001ae8c     LIBCMT:undname.obj
 0002:00000e90       ??_C@_03CDNPDDLA@?$DM?$DM?$DN?$AA@ 1001ae90     LIBCMT:undname.obj
 0002:00000e94       ??_C@_03IKFCCPFF@?$DO?$DO?$DN?$AA@ 1001ae94     LIBCMT:undname.obj
 0002:00000e98       ??_C@_02FENAOKFI@?$CF?$DN?$AA@ 1001ae98     LIBCMT:undname.obj
 0002:00000e9c       ??_C@_02FJEHGPIO@?1?$DN?$AA@ 1001ae9c     LIBCMT:undname.obj
 0002:00000ea0       ??_C@_02FKMDLLOA@?9?$DN?$AA@ 1001aea0     LIBCMT:undname.obj
 0002:00000ea4       ??_C@_02FOEOMHFC@?$CL?$DN?$AA@ 1001aea4     LIBCMT:undname.obj
 0002:00000ea8       ??_C@_02FPIMKNGF@?$CK?$DN?$AA@ 1001aea8     LIBCMT:undname.obj
 0002:00000eac       ??_C@_02NONPIBCD@?$HM?$HM?$AA@ 1001aeac     LIBCMT:undname.obj
 0002:00000eb0       ??_C@_02PPKAJPJL@?$CG?$CG?$AA@ 1001aeb0     LIBCMT:undname.obj
 0002:00000eb4       ??_C@_01DNKMNLPK@?$HM?$AA@ 1001aeb4     LIBCMT:undname.obj
 0002:00000eb8       ??_C@_01JKBOJNNK@?$FO?$AA@ 1001aeb8     LIBCMT:undname.obj
 0002:00000ebc       ??_C@_01PJKLJHI@?$HO?$AA@  1001aebc     LIBCMT:undname.obj
 0002:00000ec0       ??_C@_02HCKGKOFO@?$CI?$CJ?$AA@ 1001aec0     LIBCMT:undname.obj
 0002:00000ec4       ??_C@_01IHBHIGKO@?0?$AA@   1001aec4     LIBCMT:undname.obj
 0002:00000ec8       ??_C@_02EEKDKGMJ@?$DO?$DN?$AA@ 1001aec8     LIBCMT:undname.obj
 0002:00000ecc       ??_C@_01PPODPGHN@?$DO?$AA@ 1001aecc     LIBCMT:undname.obj
 0002:00000ed0       ??_C@_02EHCHHCKH@?$DM?$DN?$AA@ 1001aed0     LIBCMT:undname.obj
 0002:00000ed4       ??_C@_01MNNFJEPP@?$DM?$AA@ 1001aed4     LIBCMT:undname.obj
 0002:00000ed8       ??_C@_01FGNFDNOH@?$CF?$AA@ 1001aed8     LIBCMT:undname.obj
 0002:00000edc       ??_C@_01KMDKNFGN@?1?$AA@   1001aedc     LIBCMT:undname.obj
 0002:00000ee0       ??_C@_03MNHNFDLC@?9?$DO?$CK?$AA@ 1001aee0     LIBCMT:undname.obj
 0002:00000ee4       ??_C@_01HNPIGOCE@?$CG?$AA@ 1001aee4     LIBCMT:undname.obj
 0002:00000ee8       ??_C@_01MIFGBAGJ@?$CL?$AA@ 1001aee8     LIBCMT:undname.obj
 0002:00000eec       ??_C@_01JOAMLHOP@?9?$AA@   1001aeec     LIBCMT:undname.obj
 0002:00000ef0       ??_C@_02BAABKJLB@?9?9?$AA@ 1001aef0     LIBCMT:undname.obj
 0002:00000ef4       ??_C@_02ECNGHCIF@?$CL?$CL?$AA@ 1001aef4     LIBCMT:undname.obj
 0002:00000ef8       ??_C@_01NBENCBCI@?$CK?$AA@ 1001aef8     LIBCMT:undname.obj
 0002:00000efc       ??_C@_02HBOOOICD@?9?$DO?$AA@ 1001aefc     LIBCMT:undname.obj
 0002:00000f00       ??_C@_08LHJFAFGD@operator?$AA@ 1001af00     LIBCMT:undname.obj
 0002:00000f0c       ??_C@_02GPECMEKF@?$FL?$FN?$AA@ 1001af0c     LIBCMT:undname.obj
 0002:00000f10       ??_C@_02FDNJECIE@?$CB?$DN?$AA@ 1001af10     LIBCMT:undname.obj
 0002:00000f14       ??_C@_02EGOFBIJA@?$DN?$DN?$AA@ 1001af14     LIBCMT:undname.obj
 0002:00000f18       ??_C@_01DCLJPIOD@?$CB?$AA@ 1001af18     LIBCMT:undname.obj
 0002:00000f1c       ??_C@_02FODMEDOG@?$DM?$DM?$AA@ 1001af1c     LIBCMT:undname.obj
 0002:00000f20       ??_C@_02GPIOPFAK@?$DO?$DO?$AA@ 1001af20     LIBCMT:undname.obj
 0002:00000f24       ??_C@_07FPCDHGMM@?5delete?$AA@ 1001af24     LIBCMT:undname.obj
 0002:00000f2c       ??_C@_04NIHEBCM@?5new?$AA@ 1001af2c     LIBCMT:undname.obj
 0002:00000f34       ??_C@_0M@GFIIJFMG@__unaligned?$AA@ 1001af34     LIBCMT:undname.obj
 0002:00000f40       ??_C@_0L@PILCLIHE@__restrict?$AA@ 1001af40     LIBCMT:undname.obj
 0002:00000f4c       ??_C@_07JOMMBBKO@__ptr64?$AA@ 1001af4c     LIBCMT:undname.obj
 0002:00000f54       ??_C@_09HIJEGCPM@__clrcall?$AA@ 1001af54     LIBCMT:undname.obj
 0002:00000f60       ??_C@_0L@JMKHOMEK@__fastcall?$AA@ 1001af60     LIBCMT:undname.obj
 0002:00000f6c       ??_C@_0L@NPHFGOKO@__thiscall?$AA@ 1001af6c     LIBCMT:undname.obj
 0002:00000f78       ??_C@_09IFJBGAPI@__stdcall?$AA@ 1001af78     LIBCMT:undname.obj
 0002:00000f84       ??_C@_08GHMPAG@__pascal?$AA@ 1001af84     LIBCMT:undname.obj
 0002:00000f90       ??_C@_07KOLFKCDI@__cdecl?$AA@ 1001af90     LIBCMT:undname.obj
 0002:00000f98       ??_C@_08EHJDFFNH@__based?$CI?$AA@ 1001af98     LIBCMT:undname.obj
 0002:00001128       ??_C@_13NOLLCAOD@?$AA?$AA?$AA?$AA@ 1001b128     LIBCMT:a_map.obj
 0002:00001130       ___newctype                1001b130     LIBCMT:ctype.obj
 0002:00001430       __wctype                   1001b430     LIBCMT:ctype.obj
 0002:00001638       ___newclmap                1001b638     LIBCMT:ctype.obj
 0002:000017b8       ___newcumap                1001b7b8     LIBCMT:ctype.obj
 0002:00001938       ??_C@_08JCCMCCIL@HH?3mm?3ss?$AA@ 1001b938     LIBCMT:strftime.obj
 0002:00001944       ??_C@_0BE@CKGJFCPC@dddd?0?5MMMM?5dd?0?5yyyy?$AA@ 1001b944     LIBCMT:strftime.obj
 0002:00001958       ??_C@_08BPBNCDIB@MM?1dd?1yy?$AA@ 1001b958     LIBCMT:strftime.obj
 0002:00001964       ??_C@_02CJNFDJBF@PM?$AA@   1001b964     LIBCMT:strftime.obj
 0002:00001968       ??_C@_02DEDBPAFC@AM?$AA@   1001b968     LIBCMT:strftime.obj
 0002:0000196c       ??_C@_08EDHMEBNP@December?$AA@ 1001b96c     LIBCMT:strftime.obj
 0002:00001978       ??_C@_08HCHEGEOA@November?$AA@ 1001b978     LIBCMT:strftime.obj
 0002:00001984       ??_C@_07JJNFCEND@October?$AA@ 1001b984     LIBCMT:strftime.obj
 0002:0000198c       ??_C@_09BHHEALKD@September?$AA@ 1001b98c     LIBCMT:strftime.obj
 0002:00001998       ??_C@_06LBBHFDDG@August?$AA@ 1001b998     LIBCMT:strftime.obj
 0002:000019a0       ??_C@_04MIEPOIFP@July?$AA@ 1001b9a0     LIBCMT:strftime.obj
 0002:000019a8       ??_C@_04CNLMGBGM@June?$AA@ 1001b9a8     LIBCMT:strftime.obj
 0002:000019b0       ??_C@_05DMJDNLEJ@April?$AA@ 1001b9b0     LIBCMT:strftime.obj
 0002:000019b8       ??_C@_05HPCKOFNC@March?$AA@ 1001b9b8     LIBCMT:strftime.obj
 0002:000019c0       ??_C@_08GNJGEPFN@February?$AA@ 1001b9c0     LIBCMT:strftime.obj
 0002:000019cc       ??_C@_07CGJPFGJA@January?$AA@ 1001b9cc     LIBCMT:strftime.obj
 0002:000019d4       ??_C@_03MKABNOCG@Dec?$AA@  1001b9d4     LIBCMT:strftime.obj
 0002:000019d8       ??_C@_03JPJOFNIA@Nov?$AA@  1001b9d8     LIBCMT:strftime.obj
 0002:000019dc       ??_C@_03BMAOKBAD@Oct?$AA@  1001b9dc     LIBCMT:strftime.obj
 0002:000019e0       ??_C@_03GGCAPAJC@Sep?$AA@  1001b9e0     LIBCMT:strftime.obj
 0002:000019e4       ??_C@_03IFJFEIGA@Aug?$AA@  1001b9e4     LIBCMT:strftime.obj
 0002:000019e8       ??_C@_03LBGABGKK@Jul?$AA@  1001b9e8     LIBCMT:strftime.obj
 0002:000019ec       ??_C@_03IDFGHECI@Jun?$AA@  1001b9ec     LIBCMT:strftime.obj
 0002:000019f0       ??_C@_03CNMDKL@May?$AA@    1001b9f0     LIBCMT:strftime.obj
 0002:000019f4       ??_C@_03LEOLGMJP@Apr?$AA@  1001b9f4     LIBCMT:strftime.obj
 0002:000019f8       ??_C@_03ODNJBKGA@Mar?$AA@  1001b9f8     LIBCMT:strftime.obj
 0002:000019fc       ??_C@_03HJBDCHOM@Feb?$AA@  1001b9fc     LIBCMT:strftime.obj
 0002:00001a00       ??_C@_03JIHJHPIE@Jan?$AA@  1001ba00     LIBCMT:strftime.obj
 0002:00001a04       ??_C@_08INBOOONO@Saturday?$AA@ 1001ba04     LIBCMT:strftime.obj
 0002:00001a10       ??_C@_06JECMNKMI@Friday?$AA@ 1001ba10     LIBCMT:strftime.obj
 0002:00001a18       ??_C@_08HACCIKIA@Thursday?$AA@ 1001ba18     LIBCMT:strftime.obj
 0002:00001a24       ??_C@_09DLIGFAKA@Wednesday?$AA@ 1001ba24     LIBCMT:strftime.obj
 0002:00001a30       ??_C@_07BAAGCFCM@Tuesday?$AA@ 1001ba30     LIBCMT:strftime.obj
 0002:00001a38       ??_C@_06JLEDEDGH@Monday?$AA@ 1001ba38     LIBCMT:strftime.obj
 0002:00001a40       ??_C@_06OOPIFAJ@Sunday?$AA@ 1001ba40     LIBCMT:strftime.obj
 0002:00001a48       ??_C@_03FEFJNEK@Sat?$AA@   1001ba48     LIBCMT:strftime.obj
 0002:00001a4c       ??_C@_03IDIOELNC@Fri?$AA@  1001ba4c     LIBCMT:strftime.obj
 0002:00001a50       ??_C@_03IOFIKPDN@Thu?$AA@  1001ba50     LIBCMT:strftime.obj
 0002:00001a54       ??_C@_03MHOMLAJA@Wed?$AA@  1001ba54     LIBCMT:strftime.obj
 0002:00001a58       ??_C@_03NAGEINEP@Tue?$AA@  1001ba58     LIBCMT:strftime.obj
 0002:00001a5c       ??_C@_03PDAGKDH@Mon?$AA@   1001ba5c     LIBCMT:strftime.obj
 0002:00001a60       ??_C@_03KOEHGMDN@Sun?$AA@  1001ba60     LIBCMT:strftime.obj
 0002:00001a64       ??_C@_0BI@DFKBFLJE@GetProcessWindowStation?$AA@ 1001ba64     LIBCMT:crtmbox.obj
 0002:00001a7c       ??_C@_0BK@CIDNPOGP@GetUserObjectInformationA?$AA@ 1001ba7c     LIBCMT:crtmbox.obj
 0002:00001a98       ??_C@_0BD@HHGDFDBJ@GetLastActivePopup?$AA@ 1001ba98     LIBCMT:crtmbox.obj
 0002:00001aac       ??_C@_0BA@HNOPNCHB@GetActiveWindow?$AA@ 1001baac     LIBCMT:crtmbox.obj
 0002:00001abc       ??_C@_0M@CHKKJDAI@MessageBoxA?$AA@ 1001babc     LIBCMT:crtmbox.obj
 0002:00001ac8       ??_C@_0L@NDEGIDAG@USER32?4DLL?$AA@ 1001bac8     LIBCMT:crtmbox.obj
 0002:00001ad4       ??_C@_07GPDNMNG@CONOUT$?$AA@ 1001bad4     LIBCMT:initcon.obj
 0002:00001adc       ___dnames                  1001badc     LIBCMT:timeset.obj
 0002:00001af4       ___mnames                  1001baf4     LIBCMT:timeset.obj
 0002:00001b1c       ??_C@_0O@EGGGBKCF@DlgExpMon?4def?$AA@ 1001bb1c     wog native dialogs.obj
 0002:00001b2c       ??_C@_0N@JCGCDINI@Dlg_NPC3?4def?$AA@ 1001bb2c     wog native dialogs.obj
 0002:00001b3c       ??_C@_0N@FJDOOLHN@Dlg_NPC2?4def?$AA@ 1001bb3c     wog native dialogs.obj
 0002:00001b4c       ??_C@_0N@NPKKJJND@Dlg_NPC1?4def?$AA@ 1001bb4c     wog native dialogs.obj
 0002:00001b5c       ??_C@_02DKCKIIND@?$CFs?$AA@ 1001bb5c     wog native dialogs.obj
 0002:00001b60       ??_C@_0N@BHMGKPNG@checkbox?4def?$AA@ 1001bb60     wog native dialogs.obj
 0002:00001b70       ??_C@_0O@BBFJMKLN@radiobttn?4def?$AA@ 1001bb70     wog native dialogs.obj
 0002:00001b80       ??_C@_0O@LKNNDHCJ@smalfont2?4fnt?$AA@ 1001bb80     wog native dialogs.obj
 0002:00001b90       ??_C@_0N@PAEBLKHN@bigfont2?4fnt?$AA@ 1001bb90     wog native dialogs.obj
 0002:00001ba0       ??_C@_0P@GHFPNOJB@bad?5allocation?$AA@ 1001bba0     wog native dialogs.obj
 0002:00001bb0       ??_C@_0BA@FDLNIKIG@patcher_x86?4dll?$AA@ 1001bbb0     wog native dialogs.obj
 0002:00001bc0       ??_C@_0BB@CKHJKIEB@_GetPatcherX86?$EA0?$AA@ 1001bbc0     wog native dialogs.obj
 0002:00001bd4       ??_C@_02DPKJAMEF@?$CFd?$AA@ 1001bbd4     wog native dialogs.obj
 0002:00001bd8       ??_C@_0N@NGJLFBMI@DiBoxBck?4pcx?$AA@ 1001bbd8     wog native dialogs.obj
 0002:00001be8       ??_C@_0N@FGPGDOPK@dialgbox?4def?$AA@ 1001bbe8     wog native dialogs.obj
 0002:00001bf8       ??_C@_0N@ELNJEEMI@medfont2?4fnt?$AA@ 1001bbf8     wog native dialogs.obj
 0002:00001c08       ??_C@_09IIFHEAOO@angel?4dll?$AA@ 1001bc08     wog native dialogs.obj
 0002:00001c14       ??_C@_0M@BFOAAPGP@EventParams?$AA@ 1001bc14     wog native dialogs.obj
 0002:00001c20       ??_C@_0BD@KPOAIKLJ@RestoreEventParams?$AA@ 1001bc20     wog native dialogs.obj
 0002:00001c34       ??_C@_0BA@JJKLPBHG@SaveEventParams?$AA@ 1001bc34     wog native dialogs.obj
 0002:00001c44       ??_C@_07PILJHEGK@era?4dll?$AA@ 1001bc44     wog native dialogs.obj
 0002:00001c4c       ??_C@_02EOEPPNBF@tr?$AA@   1001bc4c     wog native dialogs.obj
 0002:00001c50       ??_C@_07HCDNKGPA@ApiHook?$AA@ 1001bc50     wog native dialogs.obj
 0002:00001c58       ??_C@_0BB@NFICFMFA@ClearAllIniCache?$AA@ 1001bc58     wog native dialogs.obj
 0002:00001c6c       ??_C@_0O@KHPPEFLJ@ClearIniCache?$AA@ 1001bc6c     wog native dialogs.obj
 0002:00001c7c       ??_C@_0L@GHCNBJIK@ExecErmCmd?$AA@ 1001bc7c     wog native dialogs.obj
 0002:00001c88       ??_C@_0L@BBNMEHJH@ExtractErm?$AA@ 1001bc88     wog native dialogs.obj
 0002:00001c94       ??_C@_0L@CKILDBJC@FatalError?$AA@ 1001bc94     wog native dialogs.obj
 0002:00001ca0       ??_C@_0N@HFGMKLEN@FireErmEvent?$AA@ 1001bca0     wog native dialogs.obj
 0002:00001cb0       ??_C@_09GEAPPBGH@FireEvent?$AA@ 1001bcb0     wog native dialogs.obj
 0002:00001cbc       ??_C@_0M@KJHFCLAP@GetButtonID?$AA@ 1001bcbc     wog native dialogs.obj
 0002:00001cc8       ??_C@_0L@LNAOMCPJ@GetVersion?$AA@ 1001bcc8     wog native dialogs.obj
 0002:00001cd4       ??_C@_0O@FNMDEAHG@GetVersionNum?$AA@ 1001bcd4     wog native dialogs.obj
 0002:00001ce4       ??_C@_0N@CFMBLIKP@GetGameState?$AA@ 1001bce4     wog native dialogs.obj
 0002:00001cf4       ??_C@_0M@LKIFOAN@GetRealAddr?$AA@ 1001bcf4     wog native dialogs.obj
 0002:00001d00       ??_C@_0BD@DPCJBLFO@GlobalRedirectFile?$AA@ 1001bd00     wog native dialogs.obj
 0002:00001d14       ??_C@_04PHJJMCEO@Hook?$AA@ 1001bd14     wog native dialogs.obj
 0002:00001d1c       ??_C@_08EBPIACBO@HookCode?$AA@ 1001bd1c     wog native dialogs.obj
 0002:00001d28       ??_C@_0BB@PHLEIINC@LoadImageAsPcx16?$AA@ 1001bd28     wog native dialogs.obj
 0002:00001d3c       ??_C@_07GDNFNLKF@LoadTxt?$AA@ 1001bd3c     wog native dialogs.obj
 0002:00001d44       ??_C@_07FLCNLLL@MemFree?$AA@ 1001bd44     wog native dialogs.obj
 0002:00001d4c       ??_C@_09PIKCKENJ@NameColor?$AA@ 1001bd4c     wog native dialogs.obj
 0002:00001d58       ??_C@_0M@LNHBMGFH@NotifyError?$AA@ 1001bd58     wog native dialogs.obj
 0002:00001d64       ??_C@_0M@PLEJCMGM@PatchExists?$AA@ 1001bd64     wog native dialogs.obj
 0002:00001d70       ??_C@_0N@BGLGOOMO@PluginExists?$AA@ 1001bd70     wog native dialogs.obj
 0002:00001d80       ??_C@_0BE@CIDOCKGN@ReadSavegameSection?$AA@ 1001bd80     wog native dialogs.obj
 0002:00001d94       ??_C@_0P@CCLIEMKP@ReadStrFromIni?$AA@ 1001bd94     wog native dialogs.obj
 0002:00001da4       ??_C@_09IJJOFFNH@RecallAPI?$AA@ 1001bda4     wog native dialogs.obj
 0002:00001db0       ??_C@_0N@EADKAOLK@RedirectFile?$AA@ 1001bdb0     wog native dialogs.obj
 0002:00001dc0       ??_C@_0BE@OJOEEMJD@RedirectMemoryBlock?$AA@ 1001bdc0     wog native dialogs.obj
 0002:00001dd4       ??_C@_0BA@BCNGHKCC@RegisterHandler?$AA@ 1001bdd4     wog native dialogs.obj
 0002:00001de4       ??_C@_09MJCMIAEG@ReloadErm?$AA@ 1001bde4     wog native dialogs.obj
 0002:00001df0       ??_C@_0BE@JBKGKCON@ReportPluginVersion?$AA@ 1001bdf0     wog native dialogs.obj
 0002:00001e04       ??_C@_07PAHGKEHA@SaveIni?$AA@ 1001be04     wog native dialogs.obj
 0002:00001e0c       ??_C@_06DDHLBGDE@Splice?$AA@ 1001be0c     wog native dialogs.obj
 0002:00001e14       ??_C@_0M@CLLMHKFF@WriteAtCode?$AA@ 1001be14     wog native dialogs.obj
 0002:00001e20       ??_C@_0BF@HMHBLPO@WriteSavegameSection?$AA@ 1001be20     wog native dialogs.obj
 0002:00001e38       ??_C@_0O@POMBDOKD@WriteStrToIni?$AA@ 1001be38     wog native dialogs.obj
 0002:00001e48       ??_C@_05DIALNFFA@?$CFs?5?$CFd?$AA@ 1001be48     wog native dialogs.obj
 0002:00001e50       ??_C@_05DNIIFBMG@?$CFs?5?$CFs?$AA@ 1001be50     wog native dialogs.obj
 0002:00001e58       ??_C@_0L@FIDKBHJC@?$CFs?5?$CFd?5?$CI?$CFd?$CJ?$AA@ 1001be58     wog native dialogs.obj
 0002:00001e64       ??_C@_0L@JDILLOGP@?$CFs?5?$CFd?5?9?5?$CFd?$AA@ 1001be64     wog native dialogs.obj
 0002:00001e70       ??_C@_07JKHHBHOI@?$CFs?5?$CFd?$CF?$CF?$AA@ 1001be70     wog native dialogs.obj
 0002:00001e78       ??_C@_06GNDJBPCO@?$CFs?6?6?$CFs?$AA@ 1001be78     wog native dialogs.obj
 0002:00001e80       ??_C@_0N@CNMFKAFE@Dlg_NPCn?4pcx?$AA@ 1001be80     wog native dialogs.obj
 0002:00001e90       ??_C@_0N@EENEFCAM@Dlg_NPCu?4pcx?$AA@ 1001be90     wog native dialogs.obj
 0002:00001ea0       ??_C@_0P@GMMOFIOD@Dlg_NPCdel?4def?$AA@ 1001bea0     wog native dialogs.obj
 0002:00001eb0       ??_C@_07DONLOGLK@?$CFd?5?$CI?$CFd?$CJ?$AA@ 1001beb0     wog native dialogs.obj
 0002:00001eb8       ??_C@_07PFGKEPEH@?$CFd?5?9?5?$CFd?$AA@ 1001beb8     wog native dialogs.obj
 0002:00001ec0       ??_C@_04FCMNJMCO@?$CFd?$CF?$CF?$AA@ 1001bec0     wog native dialogs.obj
 0002:00001ec8       ??_C@_0M@EELLOAND@bttnNPC?4def?$AA@ 1001bec8     wog native dialogs.obj
 0002:00001ed4       ??_C@_07JMKCEEPK@?$CFs?5?$CI?$CFd?$CJ?$AA@ 1001bed4     wog native dialogs.obj
 0002:00001edc       ??_C@_09PCPEDHFE@?$CFd?$CF?$CF?5?$CI?$CFd?$CJ?$AA@ 1001bedc     wog native dialogs.obj
 0002:00001ee8       ??_C@_03DMDECJFG@?$CFhf?$AA@ 1001bee8     wog native dialogs.obj
 0002:00001eec       ??_C@_03OFAPEBGM@?$CFs?6?$AA@ 1001beec     wog native dialogs.obj
 0002:00001ef0       ??_C@_08MNBIIGN@?$CFs?6?6?5?$CFs?6?$AA@ 1001bef0     wog native dialogs.obj
 0002:00001efc       ??_C@_0N@ILHBCDMB@DlgExpUp?4def?$AA@ 1001befc     wog native dialogs.obj
 0002:00001f0c       ??_C@_08OFBPMKML@tiny?4fnt?$AA@ 1001bf0c     wog native dialogs.obj
 0002:00001f18       ??_C@_09KAONFINP@?$HL?$CFs?$HN?6?$CI?$CFs?$CJ?$AA@ 1001bf18     wog native dialogs.obj
 0002:00001f24       ??_C@_0N@DCLMLLBB@WoGCurse?4def?$AA@ 1001bf24     wog native dialogs.obj
 0002:00001f34       ??_C@_06DJHOIPC@?$CFs?3?5?$CFs?$AA@ 1001bf34     wog native dialogs.obj
 0002:00001f3c       ??_C@_0M@HFKPFJGG@artslot?4pcx?$AA@ 1001bf3c     wog native dialogs.obj
 0002:00001f48       ??_C@_0N@KAILJDHD@def?4SpScrArt?$AA@ 1001bf48     wog native dialogs.obj
 0002:00001f58       ??_C@_0BA@CACHJGMJ@WoGTextEdit?4pcx?$AA@ 1001bf58     wog native dialogs.obj
 0002:00001f68       ??_C@_09EIMBAPBP@?4?2Maps?2?$CFs?$AA@ 1001bf68     wog native dialogs.obj
 0002:00001f74       ??_C@_02MFEGOEMP@?$CFn?$AA@ 1001bf74     wog native dialogs.obj
 0002:00001f78       ??_C@_04OMBFFHIC@?$HL?$CFs?$HN?$AA@ 1001bf78     wog native dialogs.obj
 0002:00001f80       ??_C@_0FB@LMJNIGPL@Error?5?$CIfor?5igrik?$CJ?$CB?$CB?$CB?6?6?5Debug?6Pag@ 1001bf80     wog native dialogs.obj
 0002:00001fd4       ??_C@_0P@HDPJJOMN@WoGOptions?4pcx?$AA@ 1001bfd4     wog native dialogs.obj
 0002:00001fe4       ??_C@_0M@DGCKOOBG@WoGBttn?4def?$AA@ 1001bfe4     wog native dialogs.obj
 0002:00001ff0       ??_C@_0M@FBOGBOAE@GSPBUT2?4DEF?$AA@ 1001bff0     wog native dialogs.obj
 0002:00001ffc       ??_C@_0BB@GPEKGKKL@HD?4Version?4Dword?$AA@ 1001bffc     wog native dialogs.obj
 0002:00002010       ??_C@_0BL@MMODMCPC@HotA?4SwapMgrCalledFromTown?$AA@ 1001c010     wog native dialogs.obj
 0002:0000202c       ??_C@_03IAIAKOHP@?$CFdk?$AA@ 1001c02c     wog native dialogs.obj
 0002:00002030       ??_C@_07FBOLLOOC@?$CFdk?9?$CFdk?$AA@ 1001c030     wog native dialogs.obj
 0002:00002038       ??_C@_05BIKBEGBP@?$CFd?9?$CFd?$AA@ 1001c038     wog native dialogs.obj
 0002:00002040       ??_C@_0N@HNNBMNKA@HoMM3?5ERA?5?$CFs?$AA@ 1001c040     wog native dialogs.obj
 0002:00002050       ??_C@_0BJ@KIEKHMHA@?2zvs?2Lib1?4res?2txtres?4txt?$AA@ 1001c050     wog native dialogs.obj
 0002:0000206c       ??_C@_0BD@PDOEBPIC@wnd?4fonts?4big_font?$AA@ 1001c06c     wog native dialogs.obj
 0002:00002080       ??_C@_0BD@EKBKNPIB@wnd?4fonts?4med_font?$AA@ 1001c080     wog native dialogs.obj
 0002:00002094       ??_C@_0BF@IEAOALNJ@wnd?4fonts?4small_font?$AA@ 1001c094     wog native dialogs.obj
 0002:000020ac       ??_C@_0BF@EBIEFLBD@wnd?4dlg_crexpo?4line0?$AA@ 1001c0ac     wog native dialogs.obj
 0002:000020c4       ??_C@_0BF@FIJPGKFC@wnd?4dlg_crexpo?4line1?$AA@ 1001c0c4     wog native dialogs.obj
 0002:000020dc       ??_C@_0BF@HDLCDJJB@wnd?4dlg_crexpo?4line2?$AA@ 1001c0dc     wog native dialogs.obj
 0002:000020f4       ??_C@_0BF@GKKJAINA@wnd?4dlg_crexpo?4line3?$AA@ 1001c0f4     wog native dialogs.obj
 0002:0000210c       ??_C@_0BF@CFOIJOBH@wnd?4dlg_crexpo?4line4?$AA@ 1001c10c     wog native dialogs.obj
 0002:00002124       ??_C@_0BF@DMPDKPFG@wnd?4dlg_crexpo?4line5?$AA@ 1001c124     wog native dialogs.obj
 0002:0000213c       ??_C@_0BF@BHNOPMJF@wnd?4dlg_crexpo?4line6?$AA@ 1001c13c     wog native dialogs.obj
 0002:00002154       ??_C@_0BF@OMFMNNE@wnd?4dlg_crexpo?4line7?$AA@ 1001c154     wog native dialogs.obj
 0002:0000216c       ??_C@_0BF@IJFNNBBL@wnd?4dlg_crexpo?4line8?$AA@ 1001c16c     wog native dialogs.obj
 0002:00002184       ??_C@_0BF@JAEGOAFK@wnd?4dlg_crexpo?4line9?$AA@ 1001c184     wog native dialogs.obj
 0002:0000219c       ??_C@_0BG@FKHLJJEB@wnd?4dlg_crexpo?4line10?$AA@ 1001c19c     wog native dialogs.obj
 0002:000021b4       ??_C@_0BG@EDGAKIAA@wnd?4dlg_crexpo?4line11?$AA@ 1001c1b4     wog native dialogs.obj
 0002:000021cc       ??_C@_0BP@EOCIECHH@wnd?4dlg_wog_options?4intro_font?$AA@ 1001c1cc     wog native dialogs.obj
 0002:000021ec       ??_C@_0BO@PPEFPAOC@wnd?4dlg_wog_options?4bttn_name?$AA@ 1001c1ec     wog native dialogs.obj
 0002:0000220c       ??_C@_0CB@EPGBDFLB@wnd?4dlg_commander?4bttn_open_hint@ 1001c20c     wog native dialogs.obj
 0002:00002230       ??_C@_0CB@HHJKNBKP@wnd?4dlg_commander?4bttn_exit_hint@ 1001c230     wog native dialogs.obj
 0002:00002254       ??_C@_0CC@HPHIJKHC@wnd?4dlg_commander?4bttn_lvlup_hin@ 1001c254     wog native dialogs.obj
 0002:00002278       ??_C@_0CD@CPLKJKFP@wnd?4dlg_commander?4bttn_dismiss_r@ 1001c278     wog native dialogs.obj
 0002:0000229c       ??_C@_0BL@COONMGDI@wnd?4combat?4finish_question?$AA@ 1001c29c     wog native dialogs.obj
 0002:000022b8       ??_C@_0BH@EFIKECO@wnd?4combat?4show_killed?$AA@ 1001c2b8     wog native dialogs.obj
 0002:000022d0       ??_C@_0BD@BGMEGPKP@WoG?5Native?5Dialogs?$AA@ 1001c2d0     wog native dialogs.obj
 0002:000022e3       ??_C@_00CNPNBAHC@?$AA@     1001c2e3     HoMM3_GUI.obj
 0002:000022e8       __real@3fe0000000000000    1001c2e8      CIL library: CIL module
 0002:000022f0       __FPinit                   1001c2f0     LIBCMT:_fpinit_.obj
 0002:000022f4       __FPmtinit                 1001c2f4     LIBCMT:_fpinit_.obj
 0002:000022f8       __FPmtterm                 1001c2f8     LIBCMT:_fpinit_.obj
 0002:000022fc       ??_C@_05KLBDPFGC@e?$CL000?$AA@ 1001c2fc     LIBCMT:cvt.obj
 0002:00002308       __real@4150017ec0000000    1001c308     LIBCMT:_testfdiv_.obj
 0002:00002310       __real@4147ffff80000000    1001c310     LIBCMT:_testfdiv_.obj
 0002:00002318       ??_C@_0BK@NHEOCAHP@IsProcessorFeaturePresent?$AA@ 1001c318     LIBCMT:_testfdiv_.obj
 0002:00002334       ??_C@_08CPNIBGIE@KERNEL32?$AA@ 1001c334     LIBCMT:_testfdiv_.obj
 0002:00002340       ??_C@_06IMKFLFPG@1?$CDQNAN?$AA@ 1001c340     LIBCMT:_x10fout_.obj
 0002:00002348       ??_C@_05DNEBIAHO@1?$CDINF?$AA@ 1001c348     LIBCMT:_x10fout_.obj
 0002:00002350       ??_C@_05PHHOCPM@1?$CDIND?$AA@ 1001c350     LIBCMT:_x10fout_.obj
 0002:00002358       ??_C@_06PGGFOGJG@1?$CDSNAN?$AA@ 1001c358     LIBCMT:_x10fout_.obj
 0002:00002360       __load_config_used         1001c360     LIBCMT:loadcfg.obj
 0002:0000240c       ??_R4exception@std@@6B@    1001c40c     LIBCMT:stdexcpt.obj
 0002:00002420       ??_R4type_info@@6B@        1001c420     LIBCMT:typinfo.obj
 0002:00002434       ??_R3type_info@@8          1001c434     LIBCMT:typinfo.obj
 0002:00002444       ??_R2type_info@@8          1001c444     LIBCMT:typinfo.obj
 0002:0000244c       ??_R1A@?0A@EA@type_info@@8 1001c44c     LIBCMT:typinfo.obj
 0002:00002468       ??_R4bad_alloc@std@@6B@    1001c468     wog native dialogs.obj
 0002:0000247c       ??_R3bad_alloc@std@@8      1001c47c     wog native dialogs.obj
 0002:0000248c       ??_R2bad_alloc@std@@8      1001c48c     wog native dialogs.obj
 0002:00002498       ??_R1A@?0A@EA@exception@std@@8 1001c498     wog native dialogs.obj
 0002:000024b4       ??_R3exception@std@@8      1001c4b4     wog native dialogs.obj
 0002:000024c4       ??_R2exception@std@@8      1001c4c4     wog native dialogs.obj
 0002:000024cc       ??_R1A@?0A@EA@bad_alloc@std@@8 1001c4cc     wog native dialogs.obj
 0002:000024f0       ___safe_se_handler_table   1001c4f0     <linker-defined>
 0002:000024fc       ___rtc_iaa                 1001c4fc     LIBCMT:_initsect_.obj
 0002:00002500       ___rtc_izz                 1001c500     LIBCMT:_initsect_.obj
 0002:00002504       ___rtc_taa                 1001c504     LIBCMT:_initsect_.obj
 0002:00002508       ___rtc_tzz                 1001c508     LIBCMT:_initsect_.obj
 0002:000028e4       __CT??_R0?AVexception@std@@@8??0exception@std@@QAE@ABV01@@Z12 1001c8e4     wog native dialogs.obj
 0002:00002900       __CT??_R0?AVbad_alloc@std@@@8??0bad_alloc@std@@QAE@ABV01@@Z12 1001c900     wog native dialogs.obj
 0002:0000291c       __CTA2?AVbad_alloc@std@@   1001c91c     wog native dialogs.obj
 0002:00002928       __TI2?AVbad_alloc@std@@    1001c928     wog native dialogs.obj
 0002:00002954       __IMPORT_DESCRIPTOR_KERNEL32 1001c954     kernel32:KERNEL32.dll
 0002:00002968       __NULL_IMPORT_DESCRIPTOR   1001c968     kernel32:KERNEL32.dll
 0003:0000000c       ??_R0?AVtype_info@@@8      1001e00c     LIBCMT:typinfo.obj
 0003:00000030       ___security_cookie         1001e030     LIBCMT:gs_cookie.obj
 0003:00000034       ___security_cookie_complement 1001e034     LIBCMT:gs_cookie.obj
 0003:000001b0       ___nullstring              1001e1b0     LIBCMT:output.obj
 0003:000001b4       ___wnullstring             1001e1b4     LIBCMT:output.obj
 0003:000001b8       __amblksiz                 1001e1b8     LIBCMT:heapinit.obj
 0003:000002f0       ___flsindex                1001e2f0     LIBCMT:tidtable.obj
 0003:000002f4       ___getvalueindex           1001e2f4     LIBCMT:tidtable.obj
 0003:000002f8       __aexit_rtn                1001e2f8     LIBCMT:crt0dat.obj
 0003:00000300       ___badioinfo               1001e300     LIBCMT:ioinit.obj
 0003:00000340       __First_FPE_Indx           1001e340     LIBCMT:winxfltr.obj
 0003:00000344       __Num_FPE                  1001e344     LIBCMT:winxfltr.obj
 0003:00000348       __XcptActTabSize           1001e348     LIBCMT:winxfltr.obj
 0003:0000034c       __XcptActTabCount          1001e34c     LIBCMT:winxfltr.obj
 0003:00000360       __iob                      1001e360     LIBCMT:_file.obj
 0003:000005e0       ___initialmbcinfo          1001e5e0     LIBCMT:mbctype.obj
 0003:00000800       __mbctype                  1001e800     LIBCMT:mbctype.obj
 0003:00000908       __mbcasemap                1001e908     LIBCMT:mbctype.obj
 0003:00000a08       ___ptmbcinfo               1001ea08     LIBCMT:mbctype.obj
 0003:00000b04       ___globallocalestatus      1001eb04     LIBCMT:glstatus.obj
 0003:00000b08       ___clocalestr              1001eb08     LIBCMT:nlsdata2.obj
 0003:00000b10       ___initiallocinfo          1001eb10     LIBCMT:nlsdata2.obj
 0003:00000be8       ___ptlocinfo               1001ebe8     LIBCMT:nlsdata2.obj
 0003:00000bec       ___lc_clike                1001ebec     LIBCMT:nlsdata2.obj
 0003:00000bf0       ___initiallocalestructinfo 1001ebf0     LIBCMT:nlsdata2.obj
 0003:00000bf8       __cfltcvt_tab              1001ebf8     LIBCMT:cmiscdat.obj
 0003:00000cd8       ___abort_behavior          1001ecd8     LIBCMT:abort.obj
 0003:00000cdc       __NLG_Destination          1001ecdc     LIBCMT:exsup.obj
 0003:00000cf0       __pctype                   1001ecf0     LIBCMT:ctype.obj
 0003:00000cf4       __pwctype                  1001ecf4     LIBCMT:ctype.obj
 0003:00000cf8       ___lc_time_c               1001ecf8     LIBCMT:strftime.obj
 0003:00000db0       ___lc_time_curr            1001edb0     LIBCMT:strftime.obj
 0003:00000db4       ___lconv_static_decimal    1001edb4     LIBCMT:lconv.obj
 0003:00000db8       ___lconv_c                 1001edb8     LIBCMT:lconv.obj
 0003:00000de8       ___lconv                   1001ede8     LIBCMT:lconv.obj
 0003:00000dec       ___mb_cur_max              1001edec     LIBCMT:nlsdata1.obj
 0003:00000df0       ___decimal_point           1001edf0     LIBCMT:nlsdata1.obj
 0003:00000df4       ___decimal_point_length    1001edf4     LIBCMT:nlsdata1.obj
 0003:00000e00       __coninpfh                 1001ee00     LIBCMT:initcon.obj
 0003:00000e04       __confh                    1001ee04     LIBCMT:initcon.obj
 0003:00000e10       __timezone                 1001ee10     LIBCMT:timeset.obj
 0003:00000e14       __daylight                 1001ee14     LIBCMT:timeset.obj
 0003:00000e18       __dstbias                  1001ee18     LIBCMT:timeset.obj
 0003:00000ea0       __tzname                   1001eea0     LIBCMT:timeset.obj
 0003:00000ec0       __lpdays                   1001eec0     LIBCMT:days.obj
 0003:00000ef4       __days                     1001eef4     LIBCMT:days.obj
 0003:00000f38       ?v_table_funcs@_CustomDlg_@@2PAIA 1001ef38     HoMM3_GUI.obj
 0003:00000f78       ?n_BigFont@@3PADA          1001ef78     wog native dialogs.obj
 0003:00000f7c       ?n_MedFont@@3PADA          1001ef7c     wog native dialogs.obj
 0003:00000f80       ?n_SmallFont@@3PADA        1001ef80     wog native dialogs.obj
 0003:00000f84       ?radioBttnDef@@3PADA       1001ef84     wog native dialogs.obj
 0003:00000f88       ?checkboxDef@@3PADA        1001ef88     wog native dialogs.obj
 0003:00000f8c       ?textProcD@@3PADA          1001ef8c     wog native dialogs.obj
 0003:00000f90       ?textProcS@@3PADA          1001ef90     wog native dialogs.obj
 0003:00000f94       ?npc1Def@@3PADA            1001ef94     wog native dialogs.obj
 0003:00000f98       ?npc2Def@@3PADA            1001ef98     wog native dialogs.obj
 0003:00000f9c       ?npc3Def@@3PADA            1001ef9c     wog native dialogs.obj
 0003:00000fa0       ?n_DlgExpMon@@3PADA        1001efa0     wog native dialogs.obj
 0003:00000fa4       ??_R0?AVexception@std@@@8  1001efa4     wog native dialogs.obj
 0003:00000fc0       ??_R0?AVbad_alloc@std@@@8  1001efc0     wog native dialogs.obj
 0003:00000fdc       __fltused                  1001efdc     LIBCMT:_fpinit_.obj
 0003:00000fe0       __ldused                   1001efe0     LIBCMT:_fpinit_.obj
 0003:00001020       __pow10pos                 1001f020     LIBCMT:_constpow_.obj
 0003:00001180       __pow10neg                 1001f180     LIBCMT:_constpow_.obj
 0003:00001314       __aenvptr                  1001f314     LIBCMT:dllcrt0.obj
 0003:00001318       __wenvptr                  1001f318     LIBCMT:dllcrt0.obj
 0003:0000131c       ___error_mode              1001f31c     LIBCMT:dllcrt0.obj
 0003:00001320       ___app_type                1001f320     LIBCMT:dllcrt0.obj
 0003:0000164c       ___pInvalidArgHandler      1001f64c     LIBCMT:invarg.obj
 0003:00001650       __crtheap                  1001f650     LIBCMT:heapinit.obj
 0003:000017a8       ___sbh_pHeaderDefer        1001f7a8     LIBCMT:sbheap.obj
 0003:000017b4       ?_pnhHeap@@3P6AHI@ZA       1001f7b4     LIBCMT:handler.obj
 0003:000017b8       _gpFlsAlloc                1001f7b8     LIBCMT:tidtable.obj
 0003:000017bc       _gpFlsGetValue             1001f7bc     LIBCMT:tidtable.obj
 0003:000017c0       _gpFlsSetValue             1001f7c0     LIBCMT:tidtable.obj
 0003:000017c4       _gpFlsFree                 1001f7c4     LIBCMT:tidtable.obj
 0003:000017c8       __maxwait                  1001f7c8     LIBCMT:crtheap.obj
 0003:000017cc       __umaskval                 1001f7cc     LIBCMT:crt0dat.obj
 0003:000017d0       ___argc                    1001f7d0     LIBCMT:crt0dat.obj
 0003:000017d4       ___argv                    1001f7d4     LIBCMT:crt0dat.obj
 0003:000017d8       ___wargv                   1001f7d8     LIBCMT:crt0dat.obj
 0003:000017dc       __environ                  1001f7dc     LIBCMT:crt0dat.obj
 0003:000017e0       ___initenv                 1001f7e0     LIBCMT:crt0dat.obj
 0003:000017e4       __wenviron                 1001f7e4     LIBCMT:crt0dat.obj
 0003:000017e8       ___winitenv                1001f7e8     LIBCMT:crt0dat.obj
 0003:000017ec       __pgmptr                   1001f7ec     LIBCMT:crt0dat.obj
 0003:000017f0       __wpgmptr                  1001f7f0     LIBCMT:crt0dat.obj
 0003:000017f4       __exitflag                 1001f7f4     LIBCMT:crt0dat.obj
 0003:000017f8       __C_Termination_Done       1001f7f8     LIBCMT:crt0dat.obj
 0003:000017fc       __C_Exit_Done              1001f7fc     LIBCMT:crt0dat.obj
 0003:0000190c       ?__pInconsistency@@3P6AXXZA 1001f90c     LIBCMT:hooks.obj
 0003:00001910       __cflush                   1001f910     LIBCMT:_file.obj
 0003:00001918       ___mbulinfo                1001f918     LIBCMT:mbctype.obj
 0003:00001924       ___mbcodepage              1001f924     LIBCMT:mbctype.obj
 0003:00001928       ___ismbcodepage            1001f928     LIBCMT:mbctype.obj
 0003:0000192c       ___mblcid                  1001f92c     LIBCMT:mbctype.obj
 0003:00001930       ___locale_changed          1001f930     LIBCMT:setlocal.obj
 0003:00001934       ___lc_handle               1001f934     LIBCMT:nlsdata2.obj
 0003:0000194c       ___lc_codepage             1001f94c     LIBCMT:nlsdata2.obj
 0003:00001950       ___lc_collate_cp           1001f950     LIBCMT:nlsdata2.obj
 0003:00001c6c       __newmode                  1001fc6c     LIBCMT:_newmode.obj
 0003:00001c88       ?pArgList@UnDecorator@@0PAVReplicator@@A 1001fc88     LIBCMT:undname.obj
 0003:00001c8c       ?pZNameList@UnDecorator@@0PAVReplicator@@A 1001fc8c     LIBCMT:undname.obj
 0003:00001c90       ?pTemplateArgList@UnDecorator@@0PAVReplicator@@A 1001fc90     LIBCMT:undname.obj
 0003:00001c94       ?gName@UnDecorator@@0PBDB  1001fc94     LIBCMT:undname.obj
 0003:00001c98       ?name@UnDecorator@@0PBDB   1001fc98     LIBCMT:undname.obj
 0003:00001c9c       ?outputString@UnDecorator@@0PADA 1001fc9c     LIBCMT:undname.obj
 0003:00001ca0       ?maxStringLength@UnDecorator@@0HA 1001fca0     LIBCMT:undname.obj
 0003:00001ca4       ?disableFlags@UnDecorator@@0KA 1001fca4     LIBCMT:undname.obj
 0003:00001ca8       ?m_pGetParameter@UnDecorator@@0P6APADJ@ZA 1001fca8     LIBCMT:undname.obj
 0003:00001cac       ?fExplicitTemplateParams@UnDecorator@@0_NA 1001fcac     LIBCMT:undname.obj
 0003:00001cad       ?fGetTemplateArgumentList@UnDecorator@@0_NA 1001fcad     LIBCMT:undname.obj
 0003:00001cd0       ___pPurecall               1001fcd0     LIBCMT:inithelp.obj
 0003:00001cdc       ___lconv_static_null       1001fcdc     LIBCMT:lconv.obj
 0003:00001ce0       __stdbuf                   1001fce0     LIBCMT:_sftbuf.obj
 0003:00001db8       ?json_Combat@@3PAPADA      1001fdb8     wog native dialogs.obj
 0003:00001dc0       ?myString2@@3PADA          1001fdc0     wog native dialogs.obj
 0003:000021c0       ?NPC_Def@@3PAU_DlgStaticDef_@@A 100201c0     wog native dialogs.obj
 0003:000021c4       ?json_WoGOpt@@3PAPADA      100201c4     wog native dialogs.obj
 0003:000021cc       ?smalfont2@@3PAU_Fnt_@@A   100201cc     wog native dialogs.obj
 0003:000021d0       ?saveManaHero@@3PAY01HA    100201d0     wog native dialogs.obj
 0003:000021e0       ?dlgHeroLvlUp_heroID@@3IA  100201e0     wog native dialogs.obj
 0003:000021e4       ?_PI@@3PAVPatcherInstance@@A 100201e4     wog native dialogs.obj
 0003:000021e8       ?myString1@@3PADA          100201e8     wog native dialogs.obj
 0003:000025e8       ?inTownDlg@@3_NA           100205e8     wog native dialogs.obj
 0003:000025ec       ?_P@@3PAVPatcher@@A        100205ec     wog native dialogs.obj
 0003:000025f0       ?time_click_MsgBox@@3IA    100205f0     wog native dialogs.obj
 0003:000025f4       ?isNeedRestore@@3HA        100205f4     wog native dialogs.obj
 0003:000025f8       ?json_CrExpo@@3PAPADA      100205f8     wog native dialogs.obj
 0003:00002628       ?json_Npc@@3PAPADA         10020628     wog native dialogs.obj
 0003:00002638       ?damLo@@3HA                10020638     wog native dialogs.obj
 0003:0000263c       ?medfont2@@3PAU_Fnt_@@A    1002063c     wog native dialogs.obj
 0003:00002640       ?QuickBattle_SAVE@@3HA     10020640     wog native dialogs.obj
 0003:00002644       ?timeClickAvtoSolo@@3HA    10020644     wog native dialogs.obj
 0003:00002648       ?HD_Version@@3HA           10020648     wog native dialogs.obj
 0003:0000264c       ?saveCursor@@3PAHA         1002064c     wog native dialogs.obj
 0003:00002658       ?time_click@@3HA           10020658     wog native dialogs.obj
 0003:0000265c       ?hAngel@Era@@3PAUHINSTANCE__@@A 1002065c     wog native dialogs.obj
 0003:00002660       ?hEra@Era@@3PAUHINSTANCE__@@A 10020660     wog native dialogs.obj
 0003:00002664       ?txtresWOG@@3PAU_TXT_@@A   10020664     wog native dialogs.obj
 0003:00002668       ?damHi@@3HA                10020668     wog native dialogs.obj
 0003:0000266c       ?bigfont2@@3PAU_Fnt_@@A    1002066c     wog native dialogs.obj
 0003:00002670       ?myString3@@3PADA          10020670     wog native dialogs.obj
 0003:00002a70       ?EventParams@Era@@3PAY0BA@HA 10020a70     wog native dialogs.obj
 0003:00002a74       ?ApiHook@Era@@3P6GPAXPAXH0@ZA 10020a74     wog native dialogs.obj
 0003:00002a78       ?ClearAllIniCache@Era@@3P6GXXZA 10020a78     wog native dialogs.obj
 0003:00002a7c       ?ClearIniCache@Era@@3P6GXPBD@ZA 10020a7c     wog native dialogs.obj
 0003:00002a80       ?ExecErmCmd@Era@@3P6GXPBD@ZA 10020a80     wog native dialogs.obj
 0003:00002a84       ?ExtractErm@Era@@3P6GXXZA  10020a84     wog native dialogs.obj
 0003:00002a88       ?FatalError@Era@@3P6GXPBD@ZA 10020a88     wog native dialogs.obj
 0003:00002a8c       ?FireErmEvent@Era@@3P6GXH@ZA 10020a8c     wog native dialogs.obj
 0003:00002a90       ?FireEvent@Era@@3P6GXPBDPAXH@ZA 10020a90     wog native dialogs.obj
 0003:00002a94       ?GetButtonID@Era@@3P6GHPBD@ZA 10020a94     wog native dialogs.obj
 0003:00002a98       ?GetEraVersion@Era@@3P6GPBDXZA 10020a98     wog native dialogs.obj
 0003:00002a9c       ?GetVersionNum@Era@@3P6GHXZA 10020a9c     wog native dialogs.obj
 0003:00002aa0       ?GetGameState@Era@@3P6GXPAUTGameState@1@@ZA 10020aa0     wog native dialogs.obj
 0003:00002aa4       ?GetRealAddr@Era@@3P6GPAXPAX@ZA 10020aa4     wog native dialogs.obj
 0003:00002aa8       ?GlobalRedirectFile@Era@@3P6GXXZA 10020aa8     wog native dialogs.obj
 0003:00002aac       ?Hook@Era@@3P6GPAXPAXHH0@ZA 10020aac     wog native dialogs.obj
 0003:00002ab0       ?HookCode@Era@@3P6GPAXPAXP6GHPAUTHookContext@1@@ZPAPAX@ZA 10020ab0     wog native dialogs.obj
 0003:00002ab4       ?LoadImageAsPcx16@Era@@3P6GPAXPBD0HHHHH@ZA 10020ab4     wog native dialogs.obj
 0003:00002ab8       ?LoadTxt@Era@@3P6GPAXPBD@ZA 10020ab8     wog native dialogs.obj
 0003:00002abc       ?MemFree@Era@@3P6GXPBX@ZA  10020abc     wog native dialogs.obj
 0003:00002ac0       ?NameColor@Era@@3P6GXHPBD@ZA 10020ac0     wog native dialogs.obj
 0003:00002ac4       ?NotifyError@Era@@3P6GXPBD@ZA 10020ac4     wog native dialogs.obj
 0003:00002ac8       ?PatchExists@Era@@3P6G_NPBD@ZA 10020ac8     wog native dialogs.obj
 0003:00002acc       ?PluginExists@Era@@3P6G_NPBD@ZA 10020acc     wog native dialogs.obj
 0003:00002ad0       ?ReadSavegameSection@Era@@3P6GHHPAXPBD@ZA 10020ad0     wog native dialogs.obj
 0003:00002ad4       ?ReadStrFromIni@Era@@3P6G_NPBD00PAD@ZA 10020ad4     wog native dialogs.obj
 0003:00002ad8       ?RecallAPI@Era@@3P6GHPAUTHookContext@1@H@ZA 10020ad8     wog native dialogs.obj
 0003:00002adc       ?RedirectFile@Era@@3P6GXXZA 10020adc     wog native dialogs.obj
 0003:00002ae0       ?RedirectMemoryBlock@Era@@3P6GXPAXH0@ZA 10020ae0     wog native dialogs.obj
 0003:00002ae4       ?RegisterHandler@Era@@3P6GXP6GXPAUTEvent@1@@ZPBD@ZA 10020ae4     wog native dialogs.obj
 0003:00002ae8       ?ReloadErm@Era@@3P6GXXZA   10020ae8     wog native dialogs.obj
 0003:00002aec       ?ReportPluginVersion@Era@@3P6GXPBD@ZA 10020aec     wog native dialogs.obj
 0003:00002af0       ?RestoreEventParams@Era@@3P6GXXZA 10020af0     wog native dialogs.obj
 0003:00002af4       ?SaveEventParams@Era@@3P6GXXZA 10020af4     wog native dialogs.obj
 0003:00002af8       ?SaveIni@Era@@3P6G_NPBD@ZA 10020af8     wog native dialogs.obj
 0003:00002afc       ?Splice@Era@@3P6GPAXPAX0HHPAHPAPAX@ZA 10020afc     wog native dialogs.obj
 0003:00002b00       ?_tr@Era@@3P6GPADPBDPAPBDH@ZA 10020b00     wog native dialogs.obj
 0003:00002b04       ?WriteAtCode@Era@@3P6GXHPAX0@ZA 10020b04     wog native dialogs.obj
 0003:00002b08       ?WriteSavegameSection@Era@@3P6GXHPAXPBD@ZA 10020b08     wog native dialogs.obj
 0003:00002b0c       ?WriteStrToIni@Era@@3P6G_NPBD000@ZA 10020b0c     wog native dialogs.obj
 0003:00002b10       ?NPC_StatBar@@3PAU_DlgStaticTextPcx8ed_@@A 10020b10     wog native dialogs.obj
 0003:00002b14       ?str_num_hook@@3HA         10020b14     wog native dialogs.obj
 0003:00002b18       ?BanDlg_CustomReq_EnterText@@3HA 10020b18     wog native dialogs.obj
 0003:00002b1c       ?o_Sphinx1@@3PAU_Sphinx1_@@A 10020b1c     wog native dialogs.obj
 0003:00002b20       ?Dlg_CustomReq_Ban@@3HA    10020b20     wog native dialogs.obj
 0003:00002b24       ?statbarWoGOptions@@3PAU_DlgStaticTextPcx8ed_@@A 10020b24     wog native dialogs.obj
 0003:00002b28       ?apdFont@@3HA              10020b28     wog native dialogs.obj
 0003:00002b2c       ?calls_count@?1??GetPatcher@@YAPAVPatcher@@XZ@4HA 10020b2c     wog native dialogs.obj
 0003:00002b34       ___fastflag                10020b34     LIBCMT:_fpinit_.obj
 0003:00002b38       __adjust_fdiv              10020b38     LIBCMT:_fpinit_.obj
 0003:00002b3c       __outputformat             10020b3c     LIBCMT:outputformat.obj
 0003:00002b40       ___piob                    10020b40     <common>
 0003:00002b60       __bufin                    10020b60     <common>
 0003:00003b60       __nstream                  10021b60     <common>
 0003:00003b64       ___sse2_available          10021b64     <common>
 0003:00003b68       __debugger_hook_dummy      10021b68     <common>
 0003:00003b6c       __nhandle                  10021b6c     <common>
 0003:00003b80       ___pioinfo                 10021b80     <common>
 0003:00003c80       ___env_initialized         10021c80     <common>
 0003:00003c84       ___onexitend               10021c84     <common>
 0003:00003c88       ___onexitbegin             10021c88     <common>
 0003:00003c8c       ___mbctype_initialized     10021c8c     <common>
 0003:00003c90       ___dyn_tls_init_callback   10021c90     <common>
 0003:00003c94       ___sbh_cntHeaderList       10021c94     <common>
 0003:00003c98       ___sbh_pHeaderList         10021c98     <common>
 0003:00003c9c       ___sbh_threshold           10021c9c     <common>
 0003:00003ca0       ___sbh_pHeaderScan         10021ca0     <common>
 0003:00003ca4       ___sbh_sizeHeaderList      10021ca4     <common>
 0003:00003ca8       ___sbh_indGroupDefer       10021ca8     <common>
 0003:00003cac       ___active_heap             10021cac     <common>
 0003:00003cb0       __acmdln                   10021cb0     <common>

 entry point at        0001:0000d138

 Static symbols

 0001:0000d042       ___DllMainCRTStartup       1000e042 f   LIBCMT:dllcrt0.obj
 0001:0000da88       _write_char                1000ea88 f   LIBCMT:output.obj
 0001:0000dabb       _write_multi_char          1000eabb f   LIBCMT:output.obj
 0001:0000dae1       _write_string              1000eae1 f   LIBCMT:output.obj
 0001:0000fc38       __onexit_nolock            10010c38 f   LIBCMT:onexit.obj
 0001:00010545       __initterm                 10011545 f   LIBCMT:crt0dat.obj
 0001:0001060b       _doexit                    1001160b f   LIBCMT:crt0dat.obj
 0001:00010b2a       _parse_cmdline             10011b2a f   LIBCMT:stdargv.obj
 0001:00011214       _fastcopy_I                10012214 f   LIBCMT:p4_memcpy.obj
 0001:0001137e       _has_osfxsr_set            1001237e f   LIBCMT:cpu_disp.obj
 0001:0001207e       ?CPtoLCID@@YAHH@Z          1001307e f   LIBCMT:mbctype.obj
 0001:000120ad       ?setSBCS@@YAXPAUthreadmbcinfostruct@@@Z 100130ad f   LIBCMT:mbctype.obj
 0001:00012111       ?setSBUpLow@@YAXPAUthreadmbcinfostruct@@@Z 10013111 f   LIBCMT:mbctype.obj
 0001:00012348       ?getSystemCP@@YAHH@Z       10013348 f   LIBCMT:mbctype.obj
 0001:000129d2       __updatetlocinfoEx_nolock  100139d2 f   LIBCMT:setlocal.obj
 0001:00013018       __unwind_handler4          10014018 f   LIBCMT:exsup4.obj
 0001:0001322d       _fastzero_I                1001422d f   LIBCMT:p4_memset.obj
 0001:0001370d       _siglookup                 1001470d f   LIBCMT:winsig.obj
 0001:0001391f       ?x_ismbbtype_l@@YAHPAUlocaleinfo_struct@@IHH@Z 1001491f f   LIBCMT:ismbbyte.obj
 0001:00013ac4       __unwind_handler           10014ac4 f   LIBCMT:exsup.obj
 0001:0001411a       _flsall                    1001511a f   LIBCMT:fflush.obj
 0001:0001421d       ?__crtLCMapStringA_stat@@YAHPAUlocaleinfo_struct@@KKPBDHPADHHH@Z 1001521d f   LIBCMT:a_map.obj
 0001:00014607       ?__crtGetStringTypeA_stat@@YAHPAUlocaleinfo_struct@@KPBDHPAGHHH@Z 10015607 f   LIBCMT:a_str.obj
 0001:00014c29       ?strtoxl@@YAKPAUlocaleinfo_struct@@PBDPAPBDHH@Z 10015c29 f   LIBCMT:strtol.obj
 0001:00015cd8       __shift                    10016cd8 f   LIBCMT:cvt.obj
 0001:00015d1d       __cftoe2_l                 10016d1d f   LIBCMT:cvt.obj
 0001:000162ef       __cftof2_l                 100172ef f   LIBCMT:cvt.obj
 0001:0001867f       __hw_cw                    1001967f f   LIBCMT:_ieee87_.obj
 0001:0001870d       ___hw_cw_sse2              1001970d f   LIBCMT:_ieee87_.obj
 0001:00018d00       ??__Fnomem@?5???2@YAPAXI@Z@YAXXZ 10019d00 f   LIBCMT:new.obj
