 wog native dialogs

 Timestamp is 60b13dcb (Fri May 28 22:00:27 2021)

 Preferred load address is 10000000

 Start         Length     Name                   Class
 0001:00000000 0001bffcH .text                   CODE
 0001:0001c000 00000166H .text$x                 CODE
 0001:0001c166 00000014H .text$yd                CODE
 0002:00000000 00000124H .idata$5                DATA
 0002:00000124 00000004H .CRT$XCA                DATA
 0002:00000128 00000004H .CRT$XCZ                DATA
 0002:0000012c 00000004H .CRT$XIA                DATA
 0002:00000130 00000010H .CRT$XIC                DATA
 0002:00000140 00000004H .CRT$XIZ                DATA
 0002:00000144 00000004H .CRT$XPA                DATA
 0002:00000148 00000004H .CRT$XPX                DATA
 0002:0000014c 00000004H .CRT$XPXA               DATA
 0002:00000150 00000004H .CRT$XPZ                DATA
 0002:00000154 00000004H .CRT$XTA                DATA
 0002:00000158 00000004H .CRT$XTZ                DATA
 0002:00000160 00002528H .rdata                  DATA
 0002:00002688 00000067H .rdata$debug            DATA
 0002:000026f0 00000214H .rdata$r                DATA
 0002:00002910 00000030H .rdata$sxdata           DATA
 0002:00002940 00000004H .rtc$IAA                DATA
 0002:00002944 00000004H .rtc$IZZ                DATA
 0002:00002948 00000004H .rtc$TAA                DATA
 0002:0000294c 00000004H .rtc$TZZ                DATA
 0002:00002950 000007c4H .xdata$x                DATA
 0002:00003114 00000028H .idata$2                DATA
 0002:0000313c 00000014H .idata$3                DATA
 0002:00003150 00000124H .idata$4                DATA
 0002:00003274 00000526H .idata$6                DATA
 0002:000037a0 0000005eH .edata                  DATA
 0003:00000000 00001398H .data                   DATA
 0003:000013a0 000031b8H .bss                    DATA

  Address         Publics by Value              Rva+Base       Lib:Object

 0000:00000000       __except_list              00000000     <absolute>
 0000:0000000c       ___safe_se_handler_count   0000000c     <absolute>
 0000:00000000       ___ImageBase               10000000     <linker-defined>
 0001:00000000       ?WriteCodePatch@PatcherInstance@@QAAPAVPatch@@IPADZZ 10001000 f i wog native dialogs.obj
 0001:00000020       ??1bad_alloc@std@@UAE@XZ   10001020 f i wog native dialogs.obj
 0001:00000030       ??_Gbad_alloc@std@@UAEPAXI@Z 10001030 f i wog native dialogs.obj
 0001:00000030       ??_Ebad_alloc@std@@UAEPAXI@Z 10001030 f i  CIL library: CIL module
 0001:00000060       ?compare@?$char_traits@D@std@@SAHPBD0I@Z 10001060 f i wog native dialogs.obj
 0001:000000e0       ?Redraw@_Dlg_@@QAEXH@Z     100010e0 f i wog native dialogs.obj
 0001:00000100       ?Create@_DlgStaticDef_@@SAPAU1@HHHPADHHH@Z 10001100 f i wog native dialogs.obj
 0001:00000160       ?Create@_DlgButton_@@SAPAU1@HHHPADHHHH@Z 10001160 f i wog native dialogs.obj
 0001:000001b0       ?Create@_DlgTextButton_@@SAPAU1@HHHPAD00HHHHH@Z 100011b0 f i wog native dialogs.obj
 0001:00000210       ?b_MsgBox@@YAHPADH@Z       10001210 f i wog native dialogs.obj
 0001:00000240       ?b_MsgBoxD@@YAHPADHHH@Z    10001240 f i wog native dialogs.obj
 0001:00000280       ?GetHero@_GameMgr_@@QAEPAU_Hero_@@H@Z 10001280 f i wog native dialogs.obj
 0001:000002a0       ?Get_ITxtExp@@YAPADH@Z     100012a0 f i wog native dialogs.obj
 0001:000002c0       ?Set_DlgBackground_RK@@YAHPAU_Dlg_@@HH@Z 100012c0 f   wog native dialogs.obj
 0001:000008a0       ?b_MsgBoxAndDef@@YAXPADH0@Z 100018a0 f   wog native dialogs.obj
 0001:00000ad0       ?b_MsgBoxBig@@YAXPADD@Z    10001ad0 f   wog native dialogs.obj
 0001:00000c10       ?e_ClickSound@@YAXXZ       10001c10 f i wog native dialogs.obj
 0001:00000c60       ?ConnectEra@Era@@YAXXZ     10001c60 f   wog native dialogs.obj
 0001:00000fa0       ?F_MsgBox_ResetYellowFrames@@YAHPAU_Dlg_@@H@Z 10001fa0 f   wog native dialogs.obj
 0001:00000ff0       ?F_MsgBox_Return@@YAHPAU_DlgMsg_@@H@Z 10001ff0 f   wog native dialogs.obj
 0001:00001020       ?Y_New_MsgBox_GetNextItem@@YAHHH@Z 10002020 f   wog native dialogs.obj
 0001:00001120       ?Y_New_MsgBox_Proc@@YGHPAVHiHook@@PAU_DlgMsg_@@@Z 10002120 f   wog native dialogs.obj
 0001:00001330       ?Y_New_MsgBox_SetDefaultFrameEnabled@@YGHPAVLoHook@@PAUHookContext@@@Z 10002330 f   wog native dialogs.obj
 0001:000013e0       ?Y_New_MsgBox_GetBitMask@@YGHPAVHiHook@@PAU_GameMgr_@@@Z 100023e0 f   wog native dialogs.obj
 0001:00001450       ?Dlg_MsgBox@@YAXPAVPatcherInstance@@@Z 10002450 f   wog native dialogs.obj
 0001:000014e0       ?Dlg_ChangeBmp@@YAXPAVPatcherInstance@@@Z 100024e0 f   wog native dialogs.obj
 0001:000022f0       ?Y_New_CommanderDlg_Proc@@YGHPAV_CustomDlg_@@PAU_DlgMsg_@@@Z 100032f0 f   wog native dialogs.obj
 0001:00002a80       ?Y_Dlg_NPC_Show@@YGHPAVHiHook@@PAU_DlgNPC_@@@Z 10003a80 f   wog native dialogs.obj
 0001:00004180       ?Y_Dlg_NPC_Prepare@@YGXPAVHiHook@@PAU_Npc_@@HHH@Z 10005180 f   wog native dialogs.obj
 0001:000041c0       ?Y_Dlg_NPC_ShowAgain_IfGetArtHero@@YGHPAVLoHook@@PAUHookContext@@@Z 100051c0 f   wog native dialogs.obj
 0001:000041e0       ?Y_HeroDlg_Create@@YGPAV_CustomDlg_@@PAVHiHook@@PAV1@@Z 100051e0 f   wog native dialogs.obj
 0001:00004240       ?Y_HeroDlg_Proc@@YGHPAVHiHook@@PAV_CustomDlg_@@PAU_DlgMsg_@@@Z 10005240 f   wog native dialogs.obj
 0001:000044b0       ?Dlg_NPC@@YAXPAVPatcherInstance@@@Z 100054b0 f   wog native dialogs.obj
 0001:00004540       ?New_Dlg_ExpaMon_Case8@@YAHH@Z 10005540 f   wog native dialogs.obj
 0001:00004ea0       ?New_Dlg_ExpaMon_BannerDlg_Proc@@YGHPAV_CustomDlg_@@PAU_DlgMsg_@@@Z 10005ea0 f   wog native dialogs.obj
 0001:00004f70       ?New_Dlg_ExpaMon_BannerDlg@@YAHXZ 10005f70 f   wog native dialogs.obj
 0001:00005370       ?New_Dlg_ExpaMon_Proc@@YGHPAV_CustomDlg_@@PAU_DlgMsg_@@@Z 10006370 f   wog native dialogs.obj
 0001:00005790       ?Y_NewDlg_CreatureExpo@@YGHPAVHiHook@@PAU_CreatureExpo_@@@Z 10006790 f   wog native dialogs.obj
 0001:000062f0       ?Y_WoGCurseDlg_Proc@@YGHPAV_CustomDlg_@@PAU_DlgMsg_@@@Z 100072f0 f   wog native dialogs.obj
 0001:000063f0       ?Y_WoGCurseDlg_Show@@YGHPAVLoHook@@PAUHookContext@@@Z 100073f0 f   wog native dialogs.obj
 0001:00006790       ?Y_WoGDlg_ChooseArt_Proc@@YGHPAV_CustomDlg_@@PAU_DlgMsg_@@@Z 10007790 f   wog native dialogs.obj
 0001:00006a80       ?Y_WoGDlg_ChooseArt@@YGHPAVHiHook@@HPAU_Hero_@@H@Z 10007a80 f   wog native dialogs.obj
 0001:00007100       ?WoG_PlaceCreature_RMC_Crtl@@YGHPAVLoHook@@PAUHookContext@@@Z 10008100 f   wog native dialogs.obj
 0001:00007130       _UseWin32InputControl      10008130 f   wog native dialogs.obj
 0001:00007150       ?IsSupportedFormatImage@@YAHPAD@Z 10008150 f   wog native dialogs.obj
 0001:00007570       ?New_Dlg_CustomReq_Proc@@YGHPAV_CustomDlg_@@PAU_DlgMsg_@@@Z 10008570 f   wog native dialogs.obj
 0001:00007730       ?New_Dlg_CustomReq@@YAHPAU_Sphinx1_@@@Z 10008730 f   wog native dialogs.obj
 0001:00008970       ?Y_Dlg_CustomReq@@YGHPAVLoHook@@PAUHookContext@@@Z 10009970 f   wog native dialogs.obj
 0001:00008ab0       ?Y_WoGDlg_SphinxReq@@YGHPAVHiHook@@H@Z 10009ab0 f   wog native dialogs.obj
 0001:00008c40       ?Y_Dlg_QuickDialog@@YGHPAVHiHook@@PAU_Sphinx1_@@@Z 10009c40 f   wog native dialogs.obj
 0001:00008cd0       ?Y_Dlg_CustomPic@@YGHPAVHiHook@@HH@Z 10009cd0 f   wog native dialogs.obj
 0001:00008fd0       ?Dlg_Sphinx@@YAXPAVPatcherInstance@@@Z 10009fd0 f   wog native dialogs.obj
 0001:000090b0       ?New_Dlg_IF_G_Proc@@YGHPAV_CustomDlg_@@PAU_DlgMsg_@@@Z 1000a0b0 f   wog native dialogs.obj
 0001:000091d0       ?New_Dlg_IF_G@@YAHPAU_CheckBoxes_@@@Z 1000a1d0 f   wog native dialogs.obj
 0001:000095f0       ?New_Dlg_IF_G_Lo@@YGHPAVLoHook@@PAUHookContext@@@Z 1000a5f0 f   wog native dialogs.obj
 0001:00009650       ?Dlg_IFG@@YAXPAVPatcherInstance@@@Z 1000a650 f   wog native dialogs.obj
 0001:000096a0       ?Dlg_ChooseMonAttack_Proc@@YGHPAV_CustomDlg_@@PAU_DlgMsg_@@@Z 1000a6a0 f   wog native dialogs.obj
 0001:000096e0       ?Dlg_ChooseMonAttack@@YGHPAVHiHook@@HHH@Z 1000a6e0 f   wog native dialogs.obj
 0001:000099c0       ?Y_NewScenarioDlg_SetScrolledShoose@@YAHPAU_NewScenarioDlg_@@PAU_DlgMsg_@@@Z 1000a9c0 f   wog native dialogs.obj
 0001:00009a50       ?Redraw_WoGDlgSetup_ElemOnPage@@YAHPAV_CustomDlg_@@PAU_DlgSetup_@@H@Z 1000aa50 f   wog native dialogs.obj
 0001:00009c40       ?ShowHide_WoGDlgSetup_ElemOnPage@@YAHPAV_CustomDlg_@@HPAU_DlgSetup_@@H@Z 1000ac40 f   wog native dialogs.obj
 0001:00009e30       ?Create_WoGDlgSetup_ElemOnPage@@YAHPAV_CustomDlg_@@HPAU_DlgSetup_@@@Z 1000ae30 f   wog native dialogs.obj
 0001:0000a220       ?setYellowFrames@@YAXPAV_CustomDlg_@@H@Z 1000b220 f   wog native dialogs.obj
 0001:0000ad80       ?Dlg_WoG_Options_Proc@@YGHPAV_CustomDlg_@@PAU_DlgMsg_@@@Z 1000bd80 f   wog native dialogs.obj
 0001:0000b4d0       ?Dlg_WoG_Options_Show@@YGXPAVHiHook@@H@Z 1000c4d0 f   wog native dialogs.obj
 0001:0000ba20       ?Y_NewScenarioDlg_Proc@@YGHPAVHiHook@@PAU_NewScenarioDlg_@@PAU_DlgMsg_@@@Z 1000ca20 f   wog native dialogs.obj
 0001:0000bab0       ?Y_NewScenarioDlg_BlockScrollBar@@YGHPAVHiHook@@PAX@Z 1000cab0 f   wog native dialogs.obj
 0001:0000bae0       ?Y_NewScenarioDlg_Create@@YGXPAVHiHook@@PAU_NewScenarioDlg_@@H@Z 1000cae0 f   wog native dialogs.obj
 0001:0000bb40       ?Dlg_WoGOptions@@YAXPAVPatcherInstance@@@Z 1000cb40 f   wog native dialogs.obj
 0001:0000bbf0       ?SetupJsonText@@YAXPADPBD@Z 1000cbf0 f   wog native dialogs.obj
 0001:0000bc60       ?WOG_ProcessAll@@YGXPAVHiHook@@@Z 1000cc60 f   wog native dialogs.obj
 0001:0000c070       ?Dlg_SaveDatFile1@@YGHPAVLoHook@@PAUHookContext@@@Z 1000d070 f   wog native dialogs.obj
 0001:0000c0c0       ?Dlg_LoadDatFile1@@YGHPAVLoHook@@PAUHookContext@@@Z 1000d0c0 f   wog native dialogs.obj
 0001:0000c110       ?WoGOptionsStrings@@YAXPAVPatcherInstance@@@Z 1000d110 f   wog native dialogs.obj
 0001:0000c170       ?Dlg_ChooseCastleReBuild_Proc@@YGHPAV_CustomDlg_@@PAU_DlgMsg_@@@Z 1000d170 f   wog native dialogs.obj
 0001:0000c2c0       ?Dlg_ChooseCastleReBuild@@YAHXZ 1000d2c0 f   wog native dialogs.obj
 0001:0000c880       ?HiHook_Dlg_ChooseCastleReBuild@@YGHPAVHiHook@@@Z 1000d880 f   wog native dialogs.obj
 0001:0000c890       ?LoHook_Dlg_ChooseCastleReBuild@@YGHPAVLoHook@@PAUHookContext@@@Z 1000d890 f   wog native dialogs.obj
 0001:0000c8c0       ?Y_Dlg_HeroLvlUp_Proc@@YGHPAVHiHook@@HPAU_DlgMsg_@@@Z 1000d8c0 f   wog native dialogs.obj
 0001:0000c9b0       ?Y_Lo_Dlg_HeroLvlUp_Create@@YGHPAVLoHook@@PAUHookContext@@@Z 1000d9b0 f   wog native dialogs.obj
 0001:0000c9d0       ?Y_BATTLE_Proc@@YGHPAVHiHook@@PAU_BattleMgr_@@PAU_DlgMsg_@@@Z 1000d9d0 f   wog native dialogs.obj
 0001:0000cb20       ?Y_EndBattle@@YGHPAVLoHook@@PAUHookContext@@@Z 1000db20 f   wog native dialogs.obj
 0001:0000cbd0       ?StartHD5Functions@@YAXXZ  1000dbd0 f   wog native dialogs.obj
 0001:0000cc40       ?HD5_Functions@@YAXPAVPatcherInstance@@@Z 1000dc40 f   wog native dialogs.obj
 0001:0000cc90       ?NewBattleLogDlg_Proc@@YGHPAV_CustomDlg_@@PAU_DlgMsg_@@@Z 1000dc90 f   wog native dialogs.obj
 0001:0000ccd0       ?CreateNewBattleLogDlg@@YAXPAU_BattleMgr_@@@Z 1000dcd0 f   wog native dialogs.obj
 0001:0000d200       ?BattleLog_Proc@@YGHPAVHiHook@@PAU_BattleMgr_@@PAU_DlgMsg_@@@Z 1000e200 f   wog native dialogs.obj
 0001:0000d260       ?BattleLog_ReportNewRound@@YGXPAVHiHook@@IPBDHD@Z 1000e260 f   wog native dialogs.obj
 0001:0000d2b0       ?Y_DlgTown_Proc@@YGHPAVHiHook@@PAU_TownMgr_@@PAU_DlgMsg_@@@Z 1000e2b0 f   wog native dialogs.obj
 0001:0000d420       ?Y_Dlg_HeroesMeet@@YGHPAVLoHook@@PAUHookContext@@@Z 1000e420 f   wog native dialogs.obj
 0001:0000d450       ?Y_Battle_SetHintAttackGetDamage@@YGHPAVLoHook@@PAUHookContext@@@Z 1000e450 f   wog native dialogs.obj
 0001:0000d470       ?GetStringKilled@@YAPADPADPAU_BattleStack_@@@Z 1000e470 f   wog native dialogs.obj
 0001:0000d5a0       ?BattleMgr_GetAttackDamage_Hint_LogString@@YGPAU_HStr_@@PAVHiHook@@PAU1@PAU_BattleStack_@@2EH@Z 1000e5a0 f   wog native dialogs.obj
 0001:0000d6a0       ?Y_Dlg_MainMenu_Create@@YGHPAVHiHook@@PAU_Dlg_@@@Z 1000e6a0 f   wog native dialogs.obj
 0001:0000d740       ?OnReportVersion@@YGXPAUTEvent@Era@@@Z 1000e740 f   wog native dialogs.obj
 0001:0000d770       ?Y_LoadAllTXTinGames@@YGHPAVLoHook@@PAUHookContext@@@Z 1000e770 f   wog native dialogs.obj
 0001:0000d790       ?Y_Hook_MainLoop@@YGHPAVLoHook@@PAUHookContext@@@Z 1000e790 f   wog native dialogs.obj
 0001:0000dbd0       _DllMain@12                1000ebd0 f   wog native dialogs.obj
 0001:0000dec0       ??0?$basic_string@DU?$char_traits@D@std@@V?$allocator@D@2@@std@@QAE@PBD@Z 1000eec0 f i wog native dialogs.obj
 0001:0000df00       ??1?$basic_string@DU?$char_traits@D@std@@V?$allocator@D@2@@std@@QAE@XZ 1000ef00 f i wog native dialogs.obj
 0001:0000df30       ?erase@?$basic_string@DU?$char_traits@D@std@@V?$allocator@D@2@@std@@QAEAAV12@II@Z 1000ef30 f i wog native dialogs.obj
 0001:0000dfc0       ?find_last_of@?$basic_string@DU?$char_traits@D@std@@V?$allocator@D@2@@std@@QBEIPBDI@Z 1000efc0 f i wog native dialogs.obj
 0001:0000dfe0       ?substr@?$basic_string@DU?$char_traits@D@std@@V?$allocator@D@2@@std@@QBE?AV12@II@Z 1000efe0 f i wog native dialogs.obj
 0001:0000e010       ?append@?$basic_string@DU?$char_traits@D@std@@V?$allocator@D@2@@std@@QAEAAV12@PBDI@Z 1000f010 f i wog native dialogs.obj
 0001:0000e120       ?assign@?$basic_string@DU?$char_traits@D@std@@V?$allocator@D@2@@std@@QAEAAV12@ABV12@II@Z 1000f120 f i wog native dialogs.obj
 0001:0000e200       ?find_last_of@?$basic_string@DU?$char_traits@D@std@@V?$allocator@D@2@@std@@QBEIPBDII@Z 1000f200 f i wog native dialogs.obj
 0001:0000e2a0       ?_Eos@?$basic_string@DU?$char_traits@D@std@@V?$allocator@D@2@@std@@IAEXI@Z 1000f2a0 f i wog native dialogs.obj
 0001:0000e2c0       ?_Tidy@?$basic_string@DU?$char_traits@D@std@@V?$allocator@D@2@@std@@IAEX_NI@Z 1000f2c0 f i wog native dialogs.obj
 0001:0000e310       ?_Myptr@?$basic_string@DU?$char_traits@D@std@@V?$allocator@D@2@@std@@IBEPBDXZ 1000f310 f i wog native dialogs.obj
 0001:0000e320       ?append@?$basic_string@DU?$char_traits@D@std@@V?$allocator@D@2@@std@@QAEAAV12@ABV12@II@Z 1000f320 f i wog native dialogs.obj
 0001:0000e410       ?assign@?$basic_string@DU?$char_traits@D@std@@V?$allocator@D@2@@std@@QAEAAV12@PBDI@Z 1000f410 f i wog native dialogs.obj
 0001:0000e4f0       ?_Copy@?$basic_string@DU?$char_traits@D@std@@V?$allocator@D@2@@std@@IAEXII@Z 1000f4f0 f i wog native dialogs.obj
 0001:0000e660       ?allocate@?$allocator@D@std@@QAEPADI@Z 1000f660 f i wog native dialogs.obj
 0001:0000e6c0       ??$?8DU?$char_traits@D@std@@V?$allocator@D@1@@std@@YA_NABV?$basic_string@DU?$char_traits@D@std@@V?$allocator@D@2@@0@PBD@Z 1000f6c0 f i wog native dialogs.obj
 0001:0000e720       ??$VarValue@H@Patcher@@QAEAAHPAD@Z 1000f720 f i wog native dialogs.obj
 0001:0000e760       ??0bad_alloc@std@@QAE@ABV01@@Z 1000f760 f i wog native dialogs.obj
 0001:0000e780       ??$_Transform@PADV?$_String_iterator@DU?$char_traits@D@std@@V?$allocator@D@2@@std@@P6AHH@Z@std@@YA?AV?$_String_iterator@DU?$char_traits@D@std@@V?$allocator@D@2@@0@PAD0V10@P6AHH@ZUrandom_access_iterator_tag@0@U_Range_checked_iterator_tag@0@@Z 1000f780 f i wog native dialogs.obj
 0001:0000e810       ?RedrawScreen@_DlgItem_@@QAEXXZ 1000f810 f   HoMM3_GUI.obj
 0001:0000e840       ?Create@_CustomDlg_@@SAPAV1@HHHHIP6GHPAV1@PAU_DlgMsg_@@@Z@Z 1000f840 f   HoMM3_GUI.obj
 0001:0000e8c0       ?DlgProcBridge@_CustomDlg_@@SIHPAV1@IPAU_DlgMsg_@@@Z 1000f8c0 f   HoMM3_GUI.obj
 0001:0000e8d9       ??0logic_error@std@@QAE@ABV?$basic_string@DU?$char_traits@D@std@@V?$allocator@D@2@@1@@Z 1000f8d9 f i libcpmt:string.obj
 0001:0000e90e       ?what@logic_error@std@@UBEPBDXZ 1000f90e f i libcpmt:string.obj
 0001:0000e91c       ??1logic_error@std@@UAE@XZ 1000f91c f i libcpmt:string.obj
 0001:0000e93b       ??_Elogic_error@std@@UAEPAXI@Z 1000f93b f i libcpmt:string.obj
 0001:0000e93b       ??_Glogic_error@std@@UAEPAXI@Z 1000f93b f i libcpmt:string.obj
 0001:0000e95c       ??0length_error@std@@QAE@ABV?$basic_string@DU?$char_traits@D@std@@V?$allocator@D@2@@1@@Z 1000f95c f i libcpmt:string.obj
 0001:0000e979       ??1length_error@std@@UAE@XZ 1000f979 f i libcpmt:string.obj
 0001:0000e984       ??_Glength_error@std@@UAEPAXI@Z 1000f984 f i libcpmt:string.obj
 0001:0000e984       ??_Elength_error@std@@UAEPAXI@Z 1000f984 f i libcpmt:string.obj
 0001:0000e9ab       ??0out_of_range@std@@QAE@ABV?$basic_string@DU?$char_traits@D@std@@V?$allocator@D@2@@1@@Z 1000f9ab f i libcpmt:string.obj
 0001:0000e9c8       ??1out_of_range@std@@UAE@XZ 1000f9c8 f i libcpmt:string.obj
 0001:0000e9d3       ??_Gout_of_range@std@@UAEPAXI@Z 1000f9d3 f i libcpmt:string.obj
 0001:0000e9d3       ??_Eout_of_range@std@@UAEPAXI@Z 1000f9d3 f i libcpmt:string.obj
 0001:0000e9fa       ?_Xlen@_String_base@std@@SAXXZ 1000f9fa f   libcpmt:string.obj
 0001:0000ea32       ?_Xran@_String_base@std@@SAXXZ 1000fa32 f   libcpmt:string.obj
 0001:0000ea6a       ??0?$basic_string@DU?$char_traits@D@std@@V?$allocator@D@2@@std@@QAE@ABV01@@Z 1000fa6a f i libcpmt:string.obj
 0001:0000ea95       ??0logic_error@std@@QAE@ABV01@@Z 1000fa95 f i libcpmt:string.obj
 0001:0000eacf       ??0length_error@std@@QAE@ABV01@@Z 1000facf f i libcpmt:string.obj
 0001:0000eaec       ??0out_of_range@std@@QAE@ABV01@@Z 1000faec f i libcpmt:string.obj
 0001:0000eb09       @__security_check_cookie@4 1000fb09 f   LIBCMT:secchk.obj
 0001:0000eb18       _memmove_s                 1000fb18 f   LIBCMT:memmove_s.obj
 0001:0000eb75       _sprintf                   1000fb75 f   LIBCMT:sprintf.obj
 0001:0000ebf2       ??0exception@std@@QAE@XZ   1000fbf2 f   LIBCMT:stdexcpt.obj
 0001:0000ec03       ??0exception@std@@QAE@ABQBD@Z 1000fc03 f   LIBCMT:stdexcpt.obj
 0001:0000ec56       ??0exception@std@@QAE@ABQBDH@Z 1000fc56 f   LIBCMT:stdexcpt.obj
 0001:0000ec73       ??0exception@std@@QAE@ABV01@@Z 1000fc73 f   LIBCMT:stdexcpt.obj
 0001:0000ecd0       ??1exception@std@@UAE@XZ   1000fcd0 f   LIBCMT:stdexcpt.obj
 0001:0000ece6       ?what@exception@std@@UBEPBDXZ 1000fce6 f   LIBCMT:stdexcpt.obj
 0001:0000ecf3       ??_Eexception@std@@UAEPAXI@Z 1000fcf3 f i LIBCMT:stdexcpt.obj
 0001:0000ecf3       ??_Gexception@std@@UAEPAXI@Z 1000fcf3 f i LIBCMT:stdexcpt.obj
 0001:0000ed14       _free                      1000fd14 f   LIBCMT:free.obj
 0001:0000edb0       _memchr                    1000fdb0 f   LIBCMT:memchr.obj
 0001:0000ee5d       __initp_misc_invarg        1000fe5d f   LIBCMT:invarg.obj
 0001:0000ee6c       __invoke_watson            1000fe6c f   LIBCMT:invarg.obj
 0001:0000ef94       __invalid_parameter        1000ff94 f   LIBCMT:invarg.obj
 0001:0000efba       __invalid_parameter_noinfo 1000ffba f   LIBCMT:invarg.obj
 0001:0000efca       ??3@YAXPAX@Z               1000ffca f   LIBCMT:delete.obj
 0001:0000efd5       _memcpy_s                  1000ffd5 f   LIBCMT:memcpy_s.obj
 0001:0000f052       ??0_LocaleUpdate@@QAE@PAUlocaleinfo_struct@@@Z 10010052 f i LIBCMT:toupper.obj
 0001:0000f0d9       __toupper_l                100100d9 f   LIBCMT:toupper.obj
 0001:0000f1ef       _toupper                   100101ef f   LIBCMT:toupper.obj
 0001:0000f21b       ??1type_info@@UAE@XZ       1001021b f   LIBCMT:typinfo.obj
 0001:0000f22b       ??_Gtype_info@@UAEPAXI@Z   1001022b f i LIBCMT:typinfo.obj
 0001:0000f22b       ??_Etype_info@@UAEPAXI@Z   1001022b f i LIBCMT:typinfo.obj
 0001:0000f24c       ??8type_info@@QBE_NABV0@@Z 1001024c f   LIBCMT:typinfo.obj
 0001:0000f26c       ??0bad_alloc@std@@QAE@XZ   1001026c f i LIBCMT:new.obj
 0001:0000f287       ??2@YAPAXI@Z               10010287 f   LIBCMT:new.obj
 0001:0000f2ec       __CRT_INIT@12              100102ec f   LIBCMT:dllcrt0.obj
 0001:0000f517       __DllMainCRTStartup@12     10010517 f   LIBCMT:dllcrt0.obj
 0001:0000f540       _strlen                    10010540 f   LIBCMT:strlen.obj
 0001:0000f5cb       __CxxThrowException@8      100105cb f   LIBCMT:throw.obj
 0001:0000f617       ?_JumpToContinuation@@YGXPAXPAUEHRegistrationNode@@@Z 10010617 f   LIBCMT:_trnsctrl_.obj
 0001:0000f649       ?_CallMemberFunction0@@YGXPAX0@Z 10010649 f   LIBCMT:_trnsctrl_.obj
 0001:0000f649       ?_CallMemberFunction2@@YGXPAX00H@Z 10010649 f   LIBCMT:_trnsctrl_.obj
 0001:0000f649       ?_CallMemberFunction1@@YGXPAX00@Z 10010649 f   LIBCMT:_trnsctrl_.obj
 0001:0000f650       ?_UnwindNestedFrames@@YGXPAUEHRegistrationNode@@PAUEHExceptionRecord@@@Z 10010650 f   LIBCMT:_trnsctrl_.obj
 0001:0000f6a4       ___CxxFrameHandler3        100106a4 f   LIBCMT:_trnsctrl_.obj
 0001:0000f70d       ?_CallSETranslator@@YAHPAUEHExceptionRecord@@PAUEHRegistrationNode@@PAX2PBU_s_FuncInfo@@H1@Z 1001070d f   LIBCMT:_trnsctrl_.obj
 0001:0000f883       ?_GetRangeOfTrysToCheck@@YAPBU_s_TryBlockMapEntry@@PBU_s_FuncInfo@@HHPAI1@Z 10010883 f   LIBCMT:_trnsctrl_.obj
 0001:0000f8f8       __CreateFrameInfo          100108f8 f   LIBCMT:_trnsctrl_.obj
 0001:0000f924       __IsExceptionObjectToBeDestroyed 10010924 f   LIBCMT:_trnsctrl_.obj
 0001:0000f94b       __FindAndUnlinkFrame       1001094b f   LIBCMT:_trnsctrl_.obj
 0001:0000f99d       ?_CallCatchBlock2@@YAPAXPAUEHRegistrationNode@@PBU_s_FuncInfo@@PAXHK@Z 1001099d f   LIBCMT:_trnsctrl_.obj
 0001:0000f9fd       __EH_prolog3               100109fd f   LIBCMT:ehprolg3.obj
 0001:0000fa30       __EH_prolog3_catch         10010a30 f   LIBCMT:ehprolg3.obj
 0001:0000fa66       __EH_epilog3               10010a66 f   LIBCMT:ehprolg3.obj
 0001:0000fa7a       ___report_gsfailure        10010a7a f   LIBCMT:gs_report.obj
 0001:0000fb80       _memmove                   10010b80 f   LIBCMT:memmove.obj
 0001:0000fee5       __get_errno_from_oserr     10010ee5 f   LIBCMT:dosmap.obj
 0001:0000ff27       __errno                    10010f27 f   LIBCMT:dosmap.obj
 0001:0000ff3a       ___doserrno                10010f3a f   LIBCMT:dosmap.obj
 0001:0000ff4d       __dosmaperr                10010f4d f   LIBCMT:dosmap.obj
 0001:0000ff70       __flsbuf                   10010f70 f   LIBCMT:_flsbuf.obj
 0001:0001017a       __output_l                 1001117a f   LIBCMT:output.obj
 0001:00010d12       _strcpy_s                  10011d12 f   LIBCMT:strcpy_s.obj
 0001:00010d7a       _V6_HeapAlloc              10011d7a f   LIBCMT:malloc.obj
 0001:00010dc9       _malloc                    10011dc9 f   LIBCMT:malloc.obj
 0001:00010e93       __heap_init                10011e93 f   LIBCMT:heapinit.obj
 0001:00010ec3       __heap_term                10011ec3 f   LIBCMT:heapinit.obj
 0001:00010f37       __mtinitlocks              10011f37 f   LIBCMT:mlock.obj
 0001:00010f82       __mtdeletelocks            10011f82 f   LIBCMT:mlock.obj
 0001:00010fd9       __unlock                   10011fd9 f   LIBCMT:mlock.obj
 0001:00010ff0       __mtinitlocknum            10011ff0 f   LIBCMT:mlock.obj
 0001:000110b3       __lock                     100120b3 f   LIBCMT:mlock.obj
 0001:000110e6       ___sbh_find_block          100120e6 f   LIBCMT:sbheap.obj
 0001:00011116       ___sbh_free_block          10012116 f   LIBCMT:sbheap.obj
 0001:0001142c       ___sbh_alloc_new_region    1001242c f   LIBCMT:sbheap.obj
 0001:000114dc       ___sbh_alloc_new_group     100124dc f   LIBCMT:sbheap.obj
 0001:000115e4       ___sbh_resize_block        100125e4 f   LIBCMT:sbheap.obj
 0001:000118c5       ___sbh_alloc_block         100128c5 f   LIBCMT:sbheap.obj
 0001:00011bac       __SEH_prolog4              10012bac f   LIBCMT:sehprolg4.obj
 0001:00011bf1       __SEH_epilog4              10012bf1 f   LIBCMT:sehprolg4.obj
 0001:00011c10       __except_handler4          10012c10 f   LIBCMT:chandler4.obj
 0001:00011d9c       __crt_debugger_hook        10012d9c f   LIBCMT:dbghook.obj
 0001:00011db0       _memset                    10012db0 f   LIBCMT:memset.obj
 0001:00011e2a       __encode_pointer           10012e2a f   LIBCMT:tidtable.obj
 0001:00011e9c       __encoded_null             10012e9c f   LIBCMT:tidtable.obj
 0001:00011ea5       __decode_pointer           10012ea5 f   LIBCMT:tidtable.obj
 0001:00011f17       ___crtTlsAlloc@4           10012f17 f   LIBCMT:tidtable.obj
 0001:00011f20       ___set_flsgetvalue         10012f20 f   LIBCMT:tidtable.obj
 0001:00011f54       __mtterm                   10012f54 f   LIBCMT:tidtable.obj
 0001:00011f91       __initptd                  10012f91 f   LIBCMT:tidtable.obj
 0001:00012078       __getptd_noexit            10013078 f   LIBCMT:tidtable.obj
 0001:000120f1       __getptd                   100130f1 f   LIBCMT:tidtable.obj
 0001:0001210b       __freefls@4                1001310b f   LIBCMT:tidtable.obj
 0001:0001223a       __freeptd                  1001323a f   LIBCMT:tidtable.obj
 0001:000122a8       __mtinit                   100132a8 f   LIBCMT:tidtable.obj
 0001:00012440       _memcpy                    10013440 f   LIBCMT:memcpy.obj
 0001:000129cb       ___updatetmbcinfo          100139cb f   LIBCMT:mbctype.obj
 0001:00012aeb       __setmbcp_nolock           10013aeb f   LIBCMT:mbctype.obj
 0001:00012cd0       __setmbcp                  10013cd0 f   LIBCMT:mbctype.obj
 0001:00012e6a       ___initmbctable            10013e6a f   LIBCMT:mbctype.obj
 0001:00012e88       ___freetlocinfo            10013e88 f   LIBCMT:setlocal.obj
 0001:00012fd1       ___addlocaleref            10013fd1 f   LIBCMT:setlocal.obj
 0001:00013060       ___removelocaleref         10014060 f   LIBCMT:setlocal.obj
 0001:00013137       ___updatetlocinfo          10014137 f   LIBCMT:setlocal.obj
 0001:000131ad       __freea                    100141ad f i LIBCMT:a_map.obj
 0001:00013572       ___crtLCMapStringA         10014572 f   LIBCMT:a_map.obj
 0001:000135b7       __isleadbyte_l             100145b7 f i LIBCMT:_wctype.obj
 0001:000135ef       _isleadbyte                100145ef f i LIBCMT:_wctype.obj
 0001:00013602       __isctype_l                10014602 f   LIBCMT:isctype.obj
 0001:000136ba       ?_Type_info_dtor@type_info@@CAXPAV1@@Z 100146ba f   LIBCMT:typname.obj
 0001:00013730       _strcmp                    10014730 f   LIBCMT:strcmp.obj
 0001:00013872       ___onexitinit              10014872 f   LIBCMT:onexit.obj
 0001:000138a3       __onexit                   100148a3 f   LIBCMT:onexit.obj
 0001:000138df       _atexit                    100148df f   LIBCMT:onexit.obj
 0001:000138f6       __initp_heap_handler       100148f6 f   LIBCMT:handler.obj
 0001:00013905       __callnewh                 10014905 f   LIBCMT:handler.obj
 0001:0001392d       __malloc_crt               1001492d f   LIBCMT:crtheap.obj
 0001:00013972       __calloc_crt               10014972 f   LIBCMT:crtheap.obj
 0001:000139be       __realloc_crt              100149be f   LIBCMT:crtheap.obj
 0001:00013a0c       __crt_waiting_on_module_handle 10014a0c f   LIBCMT:crt0dat.obj
 0001:00013a3c       __amsg_exit                10014a3c f   LIBCMT:crt0dat.obj
 0001:00013a65       ___crtCorExitProcess       10014a65 f   LIBCMT:crt0dat.obj
 0001:00013a90       ___crtExitProcess          10014a90 f   LIBCMT:crt0dat.obj
 0001:00013aa8       __lockexit                 10014aa8 f   LIBCMT:crt0dat.obj
 0001:00013ab1       __unlockexit               10014ab1 f   LIBCMT:crt0dat.obj
 0001:00013ad7       __initterm_e               10014ad7 f   LIBCMT:crt0dat.obj
 0001:00013afb       __cinit                    10014afb f   LIBCMT:crt0dat.obj
 0001:00013cac       __exit                     10014cac f   LIBCMT:crt0dat.obj
 0001:00013cc2       __cexit                    10014cc2 f   LIBCMT:crt0dat.obj
 0001:00013cd1       __init_pointers            10014cd1 f   LIBCMT:crt0dat.obj
 0001:00013d1f       __ioinit                   10014d1f f   LIBCMT:ioinit.obj
 0001:00013f73       __ioterm                   10014f73 f   LIBCMT:ioinit.obj
 0001:00013fc1       __setenvp                  10014fc1 f   LIBCMT:stdenvp.obj
 0001:00014239       __setargv                  10015239 f   LIBCMT:stdargv.obj
 0001:000142f4       ___crtGetEnvironmentStringsA 100152f4 f   LIBCMT:a_env.obj
 0001:0001442b       __RTC_Initialize           1001542b f   LIBCMT:_initsect_.obj
 0001:00014451       __RTC_Terminate            10015451 f   LIBCMT:_initsect_.obj
 0001:00014477       __XcptFilter               10015477 f   LIBCMT:winxfltr.obj
 0001:000145d7       ___CppXcptFilter           100155d7 f   LIBCMT:winxfltr.obj
 0001:000145f7       ___security_init_cookie    100155f7 f   LIBCMT:gs_support.obj
 0001:0001468d       ??0bad_exception@std@@QAE@PBD@Z 1001568d f i LIBCMT:frame.obj
 0001:000146ab       ??1bad_exception@std@@UAE@XZ 100156ab f i LIBCMT:frame.obj
 0001:000146b6       ??_Ebad_exception@std@@UAEPAXI@Z 100156b6 f i LIBCMT:frame.obj
 0001:000146b6       ??_Gbad_exception@std@@UAEPAXI@Z 100156b6 f i LIBCMT:frame.obj
 0001:000146dd       ___TypeMatch               100156dd f   LIBCMT:frame.obj
 0001:0001473c       ___FrameUnwindFilter       1001573c f   LIBCMT:frame.obj
 0001:00014785       ___FrameUnwindToState      10015785 f   LIBCMT:frame.obj
 0001:000148ab       ___DestructExceptionObject 100158ab f   LIBCMT:frame.obj
 0001:00014900       ___AdjustPointer           10015900 f   LIBCMT:frame.obj
 0001:00014b89       ___BuildCatchObjectHelper  10015b89 f   LIBCMT:frame.obj
 0001:00014d08       ___BuildCatchObject        10015d08 f   LIBCMT:frame.obj
 0001:00015243       ??0bad_exception@std@@QAE@ABV01@@Z 10016243 f i LIBCMT:frame.obj
 0001:00015260       ___InternalCxxFrameHandler 10016260 f   LIBCMT:frame.obj
 0001:00015346       ?terminate@@YAXXZ          10016346 f   LIBCMT:hooks.obj
 0001:0001537f       ?unexpected@@YAXXZ         1001637f f   LIBCMT:hooks.obj
 0001:00015392       ?_inconsistency@@YAXXZ     10016392 f   LIBCMT:hooks.obj
 0001:000153ca       __initp_eh_hooks           100163ca f   LIBCMT:hooks.obj
 0001:000153e0       __CallSettingFrame@12      100163e0 f   LIBCMT:lowhelpr.obj
 0001:00015407       __NLG_Return               10016407     LIBCMT:lowhelpr.obj
 0001:000154b3       __VEC_memcpy               100164b3 f   LIBCMT:p4_memcpy.obj
 0001:000155e6       __get_sse2_info            100165e6 f   LIBCMT:cpu_disp.obj
 0001:00015648       ___sse2_available_init     10016648 f   LIBCMT:cpu_disp.obj
 0001:00015655       __lseeki64_nolock          10016655 f   LIBCMT:lseeki64.obj
 0001:000156da       __lseeki64                 100166da f   LIBCMT:lseeki64.obj
 0001:000157f3       __write_nolock             100167f3 f   LIBCMT:write.obj
 0001:00015f26       __write                    10016f26 f   LIBCMT:write.obj
 0001:00016002       __getbuf                   10017002 f   LIBCMT:_getbuf.obj
 0001:0001604b       __isatty                   1001704b f   LIBCMT:isatty.obj
 0001:000160af       ___iob_func                100170af f   LIBCMT:_file.obj
 0001:000160b5       ___initstdio               100170b5 f   LIBCMT:_file.obj
 0001:00016166       ___endstdio                10017166 f   LIBCMT:_file.obj
 0001:00016186       __lock_file                10017186 f   LIBCMT:_file.obj
 0001:000161c7       __lock_file2               100171c7 f   LIBCMT:_file.obj
 0001:000161f9       __unlock_file              100171f9 f   LIBCMT:_file.obj
 0001:00016235       __unlock_file2             10017235 f   LIBCMT:_file.obj
 0001:00016264       __fileno                   10017264 f   LIBCMT:fileno.obj
 0001:00016296       __initp_misc_cfltcvt_tab   10017296 f   LIBCMT:cmiscdat.obj
 0001:000162b7       __get_printf_count_output  100172b7 f   LIBCMT:printf.obj
 0001:000162cd       __wctomb_s_l               100172cd f   LIBCMT:wctomb.obj
 0001:00016439       _wctomb_s                  10017439 f   LIBCMT:wctomb.obj
 0001:00016460       __aulldvrm                 10017460 f   LIBCMT:ulldvrm.obj
 0001:000164f5       __NMSG_WRITE               100174f5 f   LIBCMT:crt0msg.obj
 0001:000166a0       __FF_MSGBANNER             100176a0 f   LIBCMT:crt0msg.obj
 0001:000166d9       __initp_misc_initcrit      100176d9 f   LIBCMT:initcrit.obj
 0001:000166e8       ___crtInitCritSecAndSpinCount 100176e8 f   LIBCMT:initcrit.obj
 0001:00016748       __local_unwind4            10017748 f   LIBCMT:exsup4.obj
 0001:0001681e       __seh_longjmp_unwind4@4    1001781e f   LIBCMT:exsup4.obj
 0001:0001683a       @_EH4_CallFilterFunc@8     1001783a f   LIBCMT:exsup4.obj
 0001:00016851       @_EH4_TransferToHandler@8  10017851 f   LIBCMT:exsup4.obj
 0001:0001686a       @_EH4_GlobalUnwind@4       1001786a f   LIBCMT:exsup4.obj
 0001:00016884       @_EH4_LocalUnwind@16       10017884 f   LIBCMT:exsup4.obj
 0001:000168a0       __ValidateImageBase        100178a0 f   LIBCMT:pesect.obj
 0001:000168e0       __FindPESection            100178e0 f   LIBCMT:pesect.obj
 0001:00016930       __IsNonwritableInCurrentImage 10017930 f   LIBCMT:pesect.obj
 0001:00016a44       __VEC_memzero              10017a44 f   LIBCMT:p4_memset.obj
 0001:00016c8d       ___crtGetStringTypeA       10017c8d f   LIBCMT:a_str.obj
 0001:00016ccf       ___free_lc_time            10017ccf f   LIBCMT:inittime.obj
 0001:00016e64       ___free_lconv_num          10017e64 f   LIBCMT:initnum.obj
 0001:00016ea9       ___free_lconv_mon          10017ea9 f   LIBCMT:initmon.obj
 0001:00016f37       _strcat_s                  10017f37 f   LIBCMT:strcat_s.obj
 0001:00016fb0       _strcspn                   10017fb0 f   LIBCMT:strcspn.obj
 0001:00016ff6       _strncpy_s                 10017ff6 f   LIBCMT:strncpy_s.obj
 0001:000170b0       _strpbrk                   100180b0 f   LIBCMT:strpbrk.obj
 0001:000170f0       ___ansicp                  100180f0 f   LIBCMT:convrtcp.obj
 0001:00017139       ___convertcp               10018139 f   LIBCMT:convrtcp.obj
 0001:000172f0       __alloca_probe_16          100182f0 f   LIBCMT:alloca16.obj
 0001:00017306       __alloca_probe_8           10018306     LIBCMT:alloca16.obj
 0001:0001731c       __msize                    1001831c f   LIBCMT:msize.obj
 0001:000173bf       __calloc_impl              100183bf f   LIBCMT:calloc_impl.obj
 0001:000174dd       _realloc                   100184dd f   LIBCMT:realloc.obj
 0001:000176f8       __initp_misc_winsig        100186f8 f   LIBCMT:winsig.obj
 0001:0001774d       ___get_sigabrt             1001874d f   LIBCMT:winsig.obj
 0001:0001775a       _raise                     1001875a f   LIBCMT:winsig.obj
 0001:0001790a       __initp_misc_rand_s        1001890a f   LIBCMT:rand_s.obj
 0001:00017919       __initp_misc_purevirt      10018919 f   LIBCMT:inithelp.obj
 0001:0001797b       __ismbblead                1001897b f   LIBCMT:ismbbyte.obj
 0001:00017993       ?_ValidateWrite@@YAHPAXI@Z 10018993 f   LIBCMT:validate.obj
 0001:00017993       ?_ValidateExecute@@YAHP6GHXZ@Z 10018993 f   LIBCMT:validate.obj
 0001:00017993       ?_ValidateRead@@YAHPBXI@Z  10018993 f   LIBCMT:validate.obj
 0001:000179a5       _abort                     100189a5 f   LIBCMT:abort.obj
 0001:00017abc       __global_unwind2           10018abc f   LIBCMT:exsup.obj
 0001:00017b21       __local_unwind2            10018b21 f   LIBCMT:exsup.obj
 0001:00017ba5       __abnormal_termination     10018ba5 f   LIBCMT:exsup.obj
 0001:00017bc8       __NLG_Notify1              10018bc8 f   LIBCMT:exsup.obj
 0001:00017bd1       __NLG_Notify               10018bd1 f   LIBCMT:exsup.obj
 0001:00017be8       __NLG_Dispatch2            10018be8     LIBCMT:exsup.obj
 0001:00017be8       __NLG_Dispatch             10018be8     LIBCMT:exsup.obj
 0001:00017bf0       __NLG_Call                 10018bf0 f   LIBCMT:exsup.obj
 0001:00017bf2       __NLG_Return2              10018bf2     LIBCMT:exsup.obj
 0001:00017bf3       __free_osfhnd              10018bf3 f   LIBCMT:osfinfo.obj
 0001:00017c79       __get_osfhandle            10018c79 f   LIBCMT:osfinfo.obj
 0001:00017cf0       ___lock_fhandle            10018cf0 f   LIBCMT:osfinfo.obj
 0001:00017d90       __unlock_fhandle           10018d90 f   LIBCMT:osfinfo.obj
 0001:00017db7       __putwch_nolock            10018db7 f   LIBCMT:putwch.obj
 0001:00017e7c       __mbtowc_l                 10018e7c f   LIBCMT:mbtowc.obj
 0001:00017f93       _mbtowc                    10018f93 f   LIBCMT:mbtowc.obj
 0001:00017fb0       __chkstk                   10018fb0 f   LIBCMT:chkstk.obj
 0001:00017fb0       __alloca_probe             10018fb0     LIBCMT:chkstk.obj
 0001:00017fdc       __fcloseall                10018fdc f   LIBCMT:closeall.obj
 0001:0001807b       __flush                    1001907b f   LIBCMT:fflush.obj
 0001:000180e3       __fflush_nolock            100190e3 f   LIBCMT:fflush.obj
 0001:00018205       __flushall                 10019205 f   LIBCMT:fflush.obj
 0001:0001820e       __fptrap                   1001920e f   LIBCMT:crt0fp.obj
 0001:00018446       _strtol                    10019446 f   LIBCMT:strtol.obj
 0001:00018471       ___crtMessageBoxA          10019471 f   LIBCMT:crtmbox.obj
 0001:000185da       __set_error_mode           100195da f   LIBCMT:errmode.obj
 0001:00018625       _atol                      10019625 f   LIBCMT:atox.obj
 0001:00018640       __allmul                   10019640 f   LIBCMT:llmul.obj
 0001:00018674       __isdigit_l                10019674 f i LIBCMT:_ctype.obj
 0001:000186c5       _isdigit                   100196c5 f i LIBCMT:_ctype.obj
 0001:000186f3       ___initconout              100196f3 f   LIBCMT:initcon.obj
 0001:00018712       ___termcon                 10019712 f   LIBCMT:initcon.obj
 0001:0001873f       __fclose_nolock            1001973f f   LIBCMT:fclose.obj
 0001:000187b6       _fclose                    100197b6 f   LIBCMT:fclose.obj
 0001:00018832       __commit                   10019832 f   LIBCMT:commit.obj
 0001:00018913       __tolower_l                10019913 f   LIBCMT:tolower.obj
 0001:00018a28       _tolower                   10019a28 f   LIBCMT:tolower.obj
 0001:00018a60       ___ascii_strnicmp          10019a60 f   LIBCMT:_strnicm.obj
 0001:00018ac1       __close_nolock             10019ac1 f   LIBCMT:close.obj
 0001:00018b5d       __close                    10019b5d f   LIBCMT:close.obj
 0001:00018c2a       __freebuf                  10019c2a f   LIBCMT:_freebuf.obj
 0001:00018c70       _strchr                    10019c70 f   LIBCMT:strchr.obj
 0001:00018c76       ___from_strstr_to_strchr   10019c76     LIBCMT:strchr.obj
 0001:00018d2e       _RtlUnwind@16              10019d2e f   kernel32:KERNEL32.dll
 0001:00018d34       __fpclear                  10019d34 f   LIBCMT:_fpinit_.obj
 0001:00018d34       __initp_misc_winxfltr      10019d34 f   LIBCMT:winxfltr.obj
 0001:00018d35       __cfltcvt_init             10019d35 f   LIBCMT:_fpinit_.obj
 0001:00018d95       __fpmath                   10019d95 f   LIBCMT:_fpinit_.obj
 0001:00018dc0       __ftol2_sse                10019dc0 f   LIBCMT:ftol2.obj
 0001:00018dc9       __ftol2_pentium4           10019dc9 f   LIBCMT:ftol2.obj
 0001:00018ddc       __ftol2_sse_excpt          10019ddc f   LIBCMT:ftol2.obj
 0001:00018df6       __ftol2                    10019df6 f   LIBCMT:ftol2.obj
 0001:00018e6b       __forcdecpt_l              10019e6b f   LIBCMT:cvt.obj
 0001:00018ede       __cropzeros_l              10019ede f   LIBCMT:cvt.obj
 0001:00018f60       __positive                 10019f60 f   LIBCMT:cvt.obj
 0001:00018f7c       __fassign_l                10019f7c f   LIBCMT:cvt.obj
 0001:00018fbe       __fassign                  10019fbe f   LIBCMT:cvt.obj
 0001:00018ff7       __forcdecpt                10019ff7 f   LIBCMT:cvt.obj
 0001:0001900a       __cropzeros                1001a00a f   LIBCMT:cvt.obj
 0001:0001918c       __cftoe_l                  1001a18c f   LIBCMT:cvt.obj
 0001:0001925c       __cftoe                    1001a25c f   LIBCMT:cvt.obj
 0001:0001927c       __cftoa_l                  1001a27c f   LIBCMT:cvt.obj
 0001:000196e6       __cftof_l                  1001a6e6 f   LIBCMT:cvt.obj
 0001:000197a1       __cftog_l                  1001a7a1 f   LIBCMT:cvt.obj
 0001:0001989b       __cfltcvt_l                1001a89b f   LIBCMT:cvt.obj
 0001:00019923       __cfltcvt                  1001a923 f   LIBCMT:cvt.obj
 0001:00019946       __setdefaultprecision      1001a946 f   LIBCMT:fp8.obj
 0001:00019971       __ms_p5_test_fdiv          1001a971 f   LIBCMT:_testfdiv_.obj
 0001:000199af       __ms_p5_mp_test_fdiv       1001a9af f   LIBCMT:_testfdiv_.obj
 0001:000199e0       _strrchr                   1001a9e0 f   LIBCMT:strrchr.obj
 0001:00019a0d       __atodbl_l                 1001aa0d f   LIBCMT:atodbl.obj
 0001:00019ab5       __atoflt_l                 1001aab5 f   LIBCMT:atodbl.obj
 0001:00019b5d       __fptostr                  1001ab5d f   LIBCMT:_fptostr.obj
 0001:00019c1c       ___dtold                   1001ac1c f   LIBCMT:_cfout_.obj
 0001:00019cd9       __fltout2                  1001acd9 f   LIBCMT:_cfout_.obj
 0001:00019d70       __alldvrm                  1001ad70 f   LIBCMT:lldvrm.obj
 0001:00019e50       __aullshr                  1001ae50 f   LIBCMT:ullshr.obj
 0001:00019e6f       __controlfp_s              1001ae6f f   LIBCMT:_contrlfp_.obj
 0001:00019edb       __ld12tod                  1001aedb f   LIBCMT:_intrncvt_.obj
 0001:0001a41f       __ld12tof                  1001b41f f   LIBCMT:_intrncvt_.obj
 0001:0001a963       ___strgtold12_l            1001b963 f   LIBCMT:_strgtold_.obj
 0001:0001b05b       _$I10_OUTPUT               1001c05b f   LIBCMT:_x10fout_.obj
 0001:0001baad       __control87                1001caad f i LIBCMT:_ieee87_.obj
 0001:0001bdbc       ___mtold12                 1001cdbc f   LIBCMT:_mantold_.obj
 0001:0001bf8a       ___set_fpsr_sse2           1001cf8a f   LIBCMT:_fpctrl_.obj
 0002:00000000       __imp__GetProcAddress@8    1001e000     kernel32:KERNEL32.dll
 0002:00000004       __imp__LoadLibraryA@4      1001e004     kernel32:KERNEL32.dll
 0002:00000008       __imp__CreateFileA@28      1001e008     kernel32:KERNEL32.dll
 0002:0000000c       __imp__SetFilePointer@16   1001e00c     kernel32:KERNEL32.dll
 0002:00000010       __imp__CloseHandle@4       1001e010     kernel32:KERNEL32.dll
 0002:00000014       __imp__GetLastError@0      1001e014     kernel32:KERNEL32.dll
 0002:00000018       __imp__HeapFree@12         1001e018     kernel32:KERNEL32.dll
 0002:0000001c       __imp__TerminateProcess@8  1001e01c     kernel32:KERNEL32.dll
 0002:00000020       __imp__GetCurrentProcess@0 1001e020     kernel32:KERNEL32.dll
 0002:00000024       __imp__UnhandledExceptionFilter@4 1001e024     kernel32:KERNEL32.dll
 0002:00000028       __imp__SetUnhandledExceptionFilter@4 1001e028     kernel32:KERNEL32.dll
 0002:0000002c       __imp__IsDebuggerPresent@0 1001e02c     kernel32:KERNEL32.dll
 0002:00000030       __imp__GetCurrentThreadId@0 1001e030     kernel32:KERNEL32.dll
 0002:00000034       __imp__GetCommandLineA@0   1001e034     kernel32:KERNEL32.dll
 0002:00000038       __imp__RaiseException@16   1001e038     kernel32:KERNEL32.dll
 0002:0000003c       __imp__RtlUnwind@16        1001e03c     kernel32:KERNEL32.dll
 0002:00000040       __imp__HeapAlloc@12        1001e040     kernel32:KERNEL32.dll
 0002:00000044       __imp__HeapCreate@12       1001e044     kernel32:KERNEL32.dll
 0002:00000048       __imp__HeapDestroy@4       1001e048     kernel32:KERNEL32.dll
 0002:0000004c       __imp__VirtualFree@12      1001e04c     kernel32:KERNEL32.dll
 0002:00000050       __imp__DeleteCriticalSection@4 1001e050     kernel32:KERNEL32.dll
 0002:00000054       __imp__LeaveCriticalSection@4 1001e054     kernel32:KERNEL32.dll
 0002:00000058       __imp__EnterCriticalSection@4 1001e058     kernel32:KERNEL32.dll
 0002:0000005c       __imp__VirtualAlloc@16     1001e05c     kernel32:KERNEL32.dll
 0002:00000060       __imp__HeapReAlloc@16      1001e060     kernel32:KERNEL32.dll
 0002:00000064       __imp__GetModuleHandleW@4  1001e064     kernel32:KERNEL32.dll
 0002:00000068       __imp__TlsGetValue@4       1001e068     kernel32:KERNEL32.dll
 0002:0000006c       __imp__TlsAlloc@0          1001e06c     kernel32:KERNEL32.dll
 0002:00000070       __imp__TlsSetValue@8       1001e070     kernel32:KERNEL32.dll
 0002:00000074       __imp__TlsFree@4           1001e074     kernel32:KERNEL32.dll
 0002:00000078       __imp__InterlockedIncrement@4 1001e078     kernel32:KERNEL32.dll
 0002:0000007c       __imp__SetLastError@4      1001e07c     kernel32:KERNEL32.dll
 0002:00000080       __imp__InterlockedDecrement@4 1001e080     kernel32:KERNEL32.dll
 0002:00000084       __imp__GetCPInfo@8         1001e084     kernel32:KERNEL32.dll
 0002:00000088       __imp__GetACP@0            1001e088     kernel32:KERNEL32.dll
 0002:0000008c       __imp__GetOEMCP@0          1001e08c     kernel32:KERNEL32.dll
 0002:00000090       __imp__IsValidCodePage@4   1001e090     kernel32:KERNEL32.dll
 0002:00000094       __imp__LCMapStringA@24     1001e094     kernel32:KERNEL32.dll
 0002:00000098       __imp__WideCharToMultiByte@32 1001e098     kernel32:KERNEL32.dll
 0002:0000009c       __imp__MultiByteToWideChar@24 1001e09c     kernel32:KERNEL32.dll
 0002:000000a0       __imp__LCMapStringW@24     1001e0a0     kernel32:KERNEL32.dll
 0002:000000a4       __imp__Sleep@4             1001e0a4     kernel32:KERNEL32.dll
 0002:000000a8       __imp__ExitProcess@4       1001e0a8     kernel32:KERNEL32.dll
 0002:000000ac       __imp__SetHandleCount@4    1001e0ac     kernel32:KERNEL32.dll
 0002:000000b0       __imp__GetStdHandle@4      1001e0b0     kernel32:KERNEL32.dll
 0002:000000b4       __imp__GetFileType@4       1001e0b4     kernel32:KERNEL32.dll
 0002:000000b8       __imp__GetStartupInfoA@4   1001e0b8     kernel32:KERNEL32.dll
 0002:000000bc       __imp__GetModuleFileNameA@12 1001e0bc     kernel32:KERNEL32.dll
 0002:000000c0       __imp__FreeEnvironmentStringsA@4 1001e0c0     kernel32:KERNEL32.dll
 0002:000000c4       __imp__GetEnvironmentStrings@0 1001e0c4     kernel32:KERNEL32.dll
 0002:000000c8       __imp__FreeEnvironmentStringsW@4 1001e0c8     kernel32:KERNEL32.dll
 0002:000000cc       __imp__GetEnvironmentStringsW@0 1001e0cc     kernel32:KERNEL32.dll
 0002:000000d0       __imp__QueryPerformanceCounter@4 1001e0d0     kernel32:KERNEL32.dll
 0002:000000d4       __imp__GetTickCount@0      1001e0d4     kernel32:KERNEL32.dll
 0002:000000d8       __imp__GetCurrentProcessId@0 1001e0d8     kernel32:KERNEL32.dll
 0002:000000dc       __imp__GetSystemTimeAsFileTime@4 1001e0dc     kernel32:KERNEL32.dll
 0002:000000e0       __imp__WriteFile@20        1001e0e0     kernel32:KERNEL32.dll
 0002:000000e4       __imp__GetConsoleCP@0      1001e0e4     kernel32:KERNEL32.dll
 0002:000000e8       __imp__GetConsoleMode@8    1001e0e8     kernel32:KERNEL32.dll
 0002:000000ec       __imp__InitializeCriticalSectionAndSpinCount@8 1001e0ec     kernel32:KERNEL32.dll
 0002:000000f0       __imp__GetStringTypeA@20   1001e0f0     kernel32:KERNEL32.dll
 0002:000000f4       __imp__GetStringTypeW@16   1001e0f4     kernel32:KERNEL32.dll
 0002:000000f8       __imp__GetLocaleInfoA@16   1001e0f8     kernel32:KERNEL32.dll
 0002:000000fc       __imp__HeapSize@12         1001e0fc     kernel32:KERNEL32.dll
 0002:00000100       __imp__SetStdHandle@8      1001e100     kernel32:KERNEL32.dll
 0002:00000104       __imp__WriteConsoleA@20    1001e104     kernel32:KERNEL32.dll
 0002:00000108       __imp__GetConsoleOutputCP@0 1001e108     kernel32:KERNEL32.dll
 0002:0000010c       __imp__WriteConsoleW@20    1001e10c     kernel32:KERNEL32.dll
 0002:00000110       __imp__FlushFileBuffers@4  1001e110     kernel32:KERNEL32.dll
 0002:00000114       __imp__GetModuleHandleA@4  1001e114     kernel32:KERNEL32.dll
 0002:00000118       \177KERNEL32_NULL_THUNK_DATA 1001e118     kernel32:KERNEL32.dll
 0002:0000011c       __imp__GetKeyState@4       1001e11c     user32:USER32.dll
 0002:00000120       \177USER32_NULL_THUNK_DATA 1001e120     user32:USER32.dll
 0002:00000124       ___xc_a                    1001e124     LIBCMT:crt0init.obj
 0002:00000128       ___xc_z                    1001e128     LIBCMT:crt0init.obj
 0002:0000012c       ___xi_a                    1001e12c     LIBCMT:crt0init.obj
 0002:00000140       ___xi_z                    1001e140     LIBCMT:crt0init.obj
 0002:00000144       ___xp_a                    1001e144     LIBCMT:crt0init.obj
 0002:00000150       ___xp_z                    1001e150     LIBCMT:crt0init.obj
 0002:00000154       ___xt_a                    1001e154     LIBCMT:crt0init.obj
 0002:00000158       ___xt_z                    1001e158     LIBCMT:crt0init.obj
 0002:00000180       ??_7bad_alloc@std@@6B@     1001e180     libcpmt:string.obj
 0002:0000018c       ??_7logic_error@std@@6B@   1001e18c     libcpmt:string.obj
 0002:00000198       ??_7length_error@std@@6B@  1001e198     libcpmt:string.obj
 0002:000001a4       ??_7out_of_range@std@@6B@  1001e1a4     libcpmt:string.obj
 0002:000001ac       ??_C@_0BA@JFNIOLAK@string?5too?5long?$AA@ 1001e1ac     libcpmt:string.obj
 0002:000001bc       ??_C@_0BI@CFPLBAOH@invalid?5string?5position?$AA@ 1001e1bc     libcpmt:string.obj
 0002:000001d8       ??_7exception@std@@6B@     1001e1d8     LIBCMT:stdexcpt.obj
 0002:000001e0       ??_C@_0BC@EOODALEL@Unknown?5exception?$AA@ 1001e1e0     LIBCMT:stdexcpt.obj
 0002:000001f8       ??_7type_info@@6B@         1001e1f8     LIBCMT:typinfo.obj
 0002:000001fc       __pDefaultRawDllMain       1001e1fc     LIBCMT:dllcrt0.obj
 0002:000001fc       __pRawDllMain              1001e1fc     LIBCMT:dllcrt0.obj
 0002:00000228       ??_C@_1O@CEDCILHN@?$AA?$CI?$AAn?$AAu?$AAl?$AAl?$AA?$CJ?$AA?$AA@ 1001e228     LIBCMT:output.obj
 0002:00000238       ??_C@_06OJHGLDPL@?$CInull?$CJ?$AA@ 1001e238     LIBCMT:output.obj
 0002:00000240       ___lookuptable             1001e240     LIBCMT:output.obj
 0002:0000029c       ??_C@_0O@NLDKAIKN@EncodePointer?$AA@ 1001e29c     LIBCMT:tidtable.obj
 0002:000002ac       ??_C@_1BK@DBDEIDLH@?$AAK?$AAE?$AAR?$AAN?$AAE?$AAL?$AA3?$AA2?$AA?4?$AAD?$AAL?$AAL?$AA?$AA@ 1001e2ac     LIBCMT:tidtable.obj
 0002:000002c8       ??_C@_0O@KBPMFGHI@DecodePointer?$AA@ 1001e2c8     LIBCMT:tidtable.obj
 0002:000002d8       ??_C@_07PEJMOBNF@FlsFree?$AA@ 1001e2d8     LIBCMT:tidtable.obj
 0002:000002e0       ??_C@_0M@JCPCPOEF@FlsSetValue?$AA@ 1001e2e0     LIBCMT:tidtable.obj
 0002:000002ec       ??_C@_0M@GDNOONDI@FlsGetValue?$AA@ 1001e2ec     LIBCMT:tidtable.obj
 0002:000002f8       ??_C@_08KNHFBNJ@FlsAlloc?$AA@ 1001e2f8     LIBCMT:tidtable.obj
 0002:00000388       ??_C@_01NEMOKFLO@?$DN?$AA@ 1001e388     LIBCMT:setlocal.obj
 0002:0000038c       ??_C@_13NOLLCAOD@?$AA?$AA?$AA?$AA@ 1001e38c     LIBCMT:a_map.obj
 0002:00000390       ??_C@_0P@MIGLKIOC@CorExitProcess?$AA@ 1001e390     LIBCMT:crt0dat.obj
 0002:000003a0       ??_C@_1BI@BGOHAHKC@?$AAm?$AAs?$AAc?$AAo?$AAr?$AAe?$AAe?$AA?4?$AAd?$AAl?$AAl?$AA?$AA@ 1001e3a0     LIBCMT:crt0dat.obj
 0002:000003b8       __XcptActTab               1001e3b8     LIBCMT:winxfltr.obj
 0002:00000430       __pDestructExceptionObject 1001e430     LIBCMT:frame.obj
 0002:00000438       ??_7bad_exception@std@@6B@ 1001e438     LIBCMT:frame.obj
 0002:00000440       ??_C@_0O@DPKOEFFH@bad?5exception?$AA@ 1001e440     LIBCMT:frame.obj
 0002:00000450       ___lookuptable_s           1001e450     LIBCMT:outputs.obj
 0002:000004ac       ??_C@_0P@GGKDKEEG@runtime?5error?5?$AA@ 1001e4ac     LIBCMT:crt0msg.obj
 0002:000004bc       ??_C@_02PCIJFNDE@?$AN?6?$AA@ 1001e4bc     LIBCMT:crt0msg.obj
 0002:000004c0       ??_C@_0O@MJNIPGOH@TLOSS?5error?$AN?6?$AA@ 1001e4c0     LIBCMT:crt0msg.obj
 0002:000004d0       ??_C@_0N@BONNPDHF@SING?5error?$AN?6?$AA@ 1001e4d0     LIBCMT:crt0msg.obj
 0002:000004e0       ??_C@_0P@MBDAJNE@DOMAIN?5error?$AN?6?$AA@ 1001e4e0     LIBCMT:crt0msg.obj
 0002:000004f0       ??_C@_0JL@DFDOOABL@R6034?$AN?6An?5application?5has?5made?5a@ 1001e4f0     LIBCMT:crt0msg.obj
 0002:00000590       ??_C@_0PH@EPAFIJ@R6033?$AN?6?9?5Attempt?5to?5use?5MSIL?5cod@ 1001e590     LIBCMT:crt0msg.obj
 0002:00000688       ??_C@_0DD@BKEEABMM@R6032?$AN?6?9?5not?5enough?5space?5for?5lo@ 1001e688     LIBCMT:crt0msg.obj
 0002:000006c0       ??_C@_0GD@OFKILIED@R6031?$AN?6?9?5Attempt?5to?5initialize?5t@ 1001e6c0     LIBCMT:crt0msg.obj
 0002:00000724       ??_C@_0BP@LPMHJOKI@R6030?$AN?6?9?5CRT?5not?5initialized?$AN?6?$AA@ 1001e724     LIBCMT:crt0msg.obj
 0002:00000744       ??_C@_0CF@KJDAIALP@R6028?$AN?6?9?5unable?5to?5initialize?5he@ 1001e744     LIBCMT:crt0msg.obj
 0002:0000076c       ??_C@_0DF@GAKBPDFP@R6027?$AN?6?9?5not?5enough?5space?5for?5lo@ 1001e76c     LIBCMT:crt0msg.obj
 0002:000007a4       ??_C@_0DF@IBLNNAIG@R6026?$AN?6?9?5not?5enough?5space?5for?5st@ 1001e7a4     LIBCMT:crt0msg.obj
 0002:000007dc       ??_C@_0CG@IOHKGFNJ@R6025?$AN?6?9?5pure?5virtual?5function?5c@ 1001e7dc     LIBCMT:crt0msg.obj
 0002:00000804       ??_C@_0DF@JIJJFJDC@R6024?$AN?6?9?5not?5enough?5space?5for?5_o@ 1001e804     LIBCMT:crt0msg.obj
 0002:0000083c       ??_C@_0CJ@EGEJHFME@R6019?$AN?6?9?5unable?5to?5open?5console?5@ 1001e83c     LIBCMT:crt0msg.obj
 0002:00000868       ??_C@_0CB@GNHNIELH@R6018?$AN?6?9?5unexpected?5heap?5error?$AN?6@ 1001e868     LIBCMT:crt0msg.obj
 0002:0000088c       ??_C@_0CN@FOLDKNG@R6017?$AN?6?9?5unexpected?5multithread?5@ 1001e88c     LIBCMT:crt0msg.obj
 0002:000008bc       ??_C@_0CM@FAHFJNHO@R6016?$AN?6?9?5not?5enough?5space?5for?5th@ 1001e8bc     LIBCMT:crt0msg.obj
 0002:000008e8       ??_C@_0JG@LBKMGKLD@?$AN?6This?5application?5has?5requested@ 1001e8e8     LIBCMT:crt0msg.obj
 0002:00000980       ??_C@_0CM@FLCNIPKK@R6009?$AN?6?9?5not?5enough?5space?5for?5en@ 1001e980     LIBCMT:crt0msg.obj
 0002:000009ac       ??_C@_0CK@KMMJOAPP@R6008?$AN?6?9?5not?5enough?5space?5for?5ar@ 1001e9ac     LIBCMT:crt0msg.obj
 0002:000009d8       ??_C@_0CN@LEKKICBM@R6002?$AN?6?9?5floating?5point?5support?5@ 1001e9d8     LIBCMT:crt0msg.obj
 0002:00000a08       ??_C@_0CF@GOGNBNAK@Microsoft?5Visual?5C?$CL?$CL?5Runtime?5Lib@ 1001ea08     LIBCMT:crt0msg.obj
 0002:00000a30       ??_C@_02PHMGELLB@?6?6?$AA@ 1001ea30     LIBCMT:crt0msg.obj
 0002:00000a34       ??_C@_03KHICJKCI@?4?4?4?$AA@ 1001ea34     LIBCMT:crt0msg.obj
 0002:00000a38       ??_C@_0BH@DNAGHKFM@?$DMprogram?5name?5unknown?$DO?$AA@ 1001ea38     LIBCMT:crt0msg.obj
 0002:00000a50       ??_C@_0BK@OFGJDLJJ@Runtime?5Error?$CB?6?6Program?3?5?$AA@ 1001ea50     LIBCMT:crt0msg.obj
 0002:00000a70       ___newctype                1001ea70     LIBCMT:ctype.obj
 0002:00000d70       __wctype                   1001ed70     LIBCMT:ctype.obj
 0002:00000f78       ___newclmap                1001ef78     LIBCMT:ctype.obj
 0002:000010f8       ___newcumap                1001f0f8     LIBCMT:ctype.obj
 0002:00001278       ??_C@_08JCCMCCIL@HH?3mm?3ss?$AA@ 1001f278     LIBCMT:strftime.obj
 0002:00001284       ??_C@_0BE@CKGJFCPC@dddd?0?5MMMM?5dd?0?5yyyy?$AA@ 1001f284     LIBCMT:strftime.obj
 0002:00001298       ??_C@_08BPBNCDIB@MM?1dd?1yy?$AA@ 1001f298     LIBCMT:strftime.obj
 0002:000012a4       ??_C@_02CJNFDJBF@PM?$AA@   1001f2a4     LIBCMT:strftime.obj
 0002:000012a8       ??_C@_02DEDBPAFC@AM?$AA@   1001f2a8     LIBCMT:strftime.obj
 0002:000012ac       ??_C@_08EDHMEBNP@December?$AA@ 1001f2ac     LIBCMT:strftime.obj
 0002:000012b8       ??_C@_08HCHEGEOA@November?$AA@ 1001f2b8     LIBCMT:strftime.obj
 0002:000012c4       ??_C@_07JJNFCEND@October?$AA@ 1001f2c4     LIBCMT:strftime.obj
 0002:000012cc       ??_C@_09BHHEALKD@September?$AA@ 1001f2cc     LIBCMT:strftime.obj
 0002:000012d8       ??_C@_06LBBHFDDG@August?$AA@ 1001f2d8     LIBCMT:strftime.obj
 0002:000012e0       ??_C@_04MIEPOIFP@July?$AA@ 1001f2e0     LIBCMT:strftime.obj
 0002:000012e8       ??_C@_04CNLMGBGM@June?$AA@ 1001f2e8     LIBCMT:strftime.obj
 0002:000012f0       ??_C@_05DMJDNLEJ@April?$AA@ 1001f2f0     LIBCMT:strftime.obj
 0002:000012f8       ??_C@_05HPCKOFNC@March?$AA@ 1001f2f8     LIBCMT:strftime.obj
 0002:00001300       ??_C@_08GNJGEPFN@February?$AA@ 1001f300     LIBCMT:strftime.obj
 0002:0000130c       ??_C@_07CGJPFGJA@January?$AA@ 1001f30c     LIBCMT:strftime.obj
 0002:00001314       ??_C@_03MKABNOCG@Dec?$AA@  1001f314     LIBCMT:strftime.obj
 0002:00001318       ??_C@_03JPJOFNIA@Nov?$AA@  1001f318     LIBCMT:strftime.obj
 0002:0000131c       ??_C@_03BMAOKBAD@Oct?$AA@  1001f31c     LIBCMT:strftime.obj
 0002:00001320       ??_C@_03GGCAPAJC@Sep?$AA@  1001f320     LIBCMT:strftime.obj
 0002:00001324       ??_C@_03IFJFEIGA@Aug?$AA@  1001f324     LIBCMT:strftime.obj
 0002:00001328       ??_C@_03LBGABGKK@Jul?$AA@  1001f328     LIBCMT:strftime.obj
 0002:0000132c       ??_C@_03IDFGHECI@Jun?$AA@  1001f32c     LIBCMT:strftime.obj
 0002:00001330       ??_C@_03CNMDKL@May?$AA@    1001f330     LIBCMT:strftime.obj
 0002:00001334       ??_C@_03LEOLGMJP@Apr?$AA@  1001f334     LIBCMT:strftime.obj
 0002:00001338       ??_C@_03ODNJBKGA@Mar?$AA@  1001f338     LIBCMT:strftime.obj
 0002:0000133c       ??_C@_03HJBDCHOM@Feb?$AA@  1001f33c     LIBCMT:strftime.obj
 0002:00001340       ??_C@_03JIHJHPIE@Jan?$AA@  1001f340     LIBCMT:strftime.obj
 0002:00001344       ??_C@_08INBOOONO@Saturday?$AA@ 1001f344     LIBCMT:strftime.obj
 0002:00001350       ??_C@_06JECMNKMI@Friday?$AA@ 1001f350     LIBCMT:strftime.obj
 0002:00001358       ??_C@_08HACCIKIA@Thursday?$AA@ 1001f358     LIBCMT:strftime.obj
 0002:00001364       ??_C@_09DLIGFAKA@Wednesday?$AA@ 1001f364     LIBCMT:strftime.obj
 0002:00001370       ??_C@_07BAAGCFCM@Tuesday?$AA@ 1001f370     LIBCMT:strftime.obj
 0002:00001378       ??_C@_06JLEDEDGH@Monday?$AA@ 1001f378     LIBCMT:strftime.obj
 0002:00001380       ??_C@_06OOPIFAJ@Sunday?$AA@ 1001f380     LIBCMT:strftime.obj
 0002:00001388       ??_C@_03FEFJNEK@Sat?$AA@   1001f388     LIBCMT:strftime.obj
 0002:0000138c       ??_C@_03IDIOELNC@Fri?$AA@  1001f38c     LIBCMT:strftime.obj
 0002:00001390       ??_C@_03IOFIKPDN@Thu?$AA@  1001f390     LIBCMT:strftime.obj
 0002:00001394       ??_C@_03MHOMLAJA@Wed?$AA@  1001f394     LIBCMT:strftime.obj
 0002:00001398       ??_C@_03NAGEINEP@Tue?$AA@  1001f398     LIBCMT:strftime.obj
 0002:0000139c       ??_C@_03PDAGKDH@Mon?$AA@   1001f39c     LIBCMT:strftime.obj
 0002:000013a0       ??_C@_03KOEHGMDN@Sun?$AA@  1001f3a0     LIBCMT:strftime.obj
 0002:000013a4       ??_C@_0BK@CFCOFLF@?5Complete?5Object?5Locator?8?$AA@ 1001f3a4     LIBCMT:undname.obj
 0002:000013c0       ??_C@_0BN@MECKDCOJ@?5Class?5Hierarchy?5Descriptor?8?$AA@ 1001f3c0     LIBCMT:undname.obj
 0002:000013e0       ??_C@_0BD@LGICGFMM@?5Base?5Class?5Array?8?$AA@ 1001f3e0     LIBCMT:undname.obj
 0002:000013f4       ??_C@_0BM@LDKODKLH@?5Base?5Class?5Descriptor?5at?5?$CI?$AA@ 1001f3f4     LIBCMT:undname.obj
 0002:00001410       ??_C@_0BC@DAFEJGAK@?5Type?5Descriptor?8?$AA@ 1001f410     LIBCMT:undname.obj
 0002:00001424       ??_C@_0BM@PMGGMLDN@?$GAlocal?5static?5thread?5guard?8?$AA@ 1001f424     LIBCMT:undname.obj
 0002:00001440       ??_C@_0CL@FGIJHLCE@?$GAmanaged?5vector?5copy?5constructor@ 1001f440     LIBCMT:undname.obj
 0002:0000146c       ??_C@_0CJ@GJELGAMM@?$GAvector?5vbase?5copy?5constructor?5i@ 1001f46c     LIBCMT:undname.obj
 0002:00001498       ??_C@_0CD@CGAJBKEJ@?$GAvector?5copy?5constructor?5iterato@ 1001f498     LIBCMT:undname.obj
 0002:000014bc       ??_C@_0CB@PDBIFEP@?$GAdynamic?5atexit?5destructor?5for?5?8@ 1001f4bc     LIBCMT:undname.obj
 0002:000014e0       ??_C@_0BL@CLIPGLGB@?$GAdynamic?5initializer?5for?5?8?$AA@ 1001f4e0     LIBCMT:undname.obj
 0002:000014fc       ??_C@_0CM@FCBBDIGB@?$GAeh?5vector?5vbase?5copy?5constructo@ 1001f4fc     LIBCMT:undname.obj
 0002:00001528       ??_C@_0CG@HLDDJMAG@?$GAeh?5vector?5copy?5constructor?5iter@ 1001f528     LIBCMT:undname.obj
 0002:00001550       ??_C@_0CF@IMGKMJNO@?$GAmanaged?5vector?5destructor?5itera@ 1001f550     LIBCMT:undname.obj
 0002:00001578       ??_C@_0CG@CFDHKGGD@?$GAmanaged?5vector?5constructor?5iter@ 1001f578     LIBCMT:undname.obj
 0002:000015a0       ??_C@_0BN@CKNJLHMB@?$GAplacement?5delete?$FL?$FN?5closure?8?$AA@ 1001f5a0     LIBCMT:undname.obj
 0002:000015c0       ??_C@_0BL@CNOONJFP@?$GAplacement?5delete?5closure?8?$AA@ 1001f5c0     LIBCMT:undname.obj
 0002:000015dc       ??_C@_0P@HJKNJFNN@?$GAomni?5callsig?8?$AA@ 1001f5dc     LIBCMT:undname.obj
 0002:000015ec       ??_C@_09LBNFPBCA@?5delete?$FL?$FN?$AA@ 1001f5ec     LIBCMT:undname.obj
 0002:000015f8       ??_C@_06FHBGPFGH@?5new?$FL?$FN?$AA@ 1001f5f8     LIBCMT:undname.obj
 0002:00001600       ??_C@_0CE@IIHCMGGL@?$GAlocal?5vftable?5constructor?5closu@ 1001f600     LIBCMT:undname.obj
 0002:00001624       ??_C@_0BA@KKLDJDLB@?$GAlocal?5vftable?8?$AA@ 1001f624     LIBCMT:undname.obj
 0002:00001634       ??_C@_05KHLCHHI@?$GARTTI?$AA@ 1001f634     LIBCMT:undname.obj
 0002:0000163c       ??_C@_03KLGMFNMG@?$GAEH?$AA@ 1001f63c     LIBCMT:undname.obj
 0002:00001640       ??_C@_0BA@KBCDOMBN@?$GAudt?5returning?8?$AA@ 1001f640     LIBCMT:undname.obj
 0002:00001650       ??_C@_0BL@LLKPOHJI@?$GAcopy?5constructor?5closure?8?$AA@ 1001f650     LIBCMT:undname.obj
 0002:0000166c       ??_C@_0CH@OOJPLCPH@?$GAeh?5vector?5vbase?5constructor?5ite@ 1001f66c     LIBCMT:undname.obj
 0002:00001694       ??_C@_0CA@GCEOPDGL@?$GAeh?5vector?5destructor?5iterator?8?$AA@ 1001f694     LIBCMT:undname.obj
 0002:000016b4       ??_C@_0CB@JONCMFFK@?$GAeh?5vector?5constructor?5iterator?8@ 1001f6b4     LIBCMT:undname.obj
 0002:000016d8       ??_C@_0BL@NILFHHPC@?$GAvirtual?5displacement?5map?8?$AA@ 1001f6d8     LIBCMT:undname.obj
 0002:000016f4       ??_C@_0CE@IKBNEHA@?$GAvector?5vbase?5constructor?5iterat@ 1001f6f4     LIBCMT:undname.obj
 0002:00001718       ??_C@_0BN@LFPFMEDL@?$GAvector?5destructor?5iterator?8?$AA@ 1001f718     LIBCMT:undname.obj
 0002:00001738       ??_C@_0BO@PFGOCPJJ@?$GAvector?5constructor?5iterator?8?$AA@ 1001f738     LIBCMT:undname.obj
 0002:00001758       ??_C@_0BN@IMDCHIKM@?$GAscalar?5deleting?5destructor?8?$AA@ 1001f758     LIBCMT:undname.obj
 0002:00001778       ??_C@_0BO@OBMKPJIG@?$GAdefault?5constructor?5closure?8?$AA@ 1001f778     LIBCMT:undname.obj
 0002:00001798       ??_C@_0BN@DEGPLNFK@?$GAvector?5deleting?5destructor?8?$AA@ 1001f798     LIBCMT:undname.obj
 0002:000017b8       ??_C@_0BD@JDLKDPAB@?$GAvbase?5destructor?8?$AA@ 1001f7b8     LIBCMT:undname.obj
 0002:000017cc       ??_C@_08OBABFOLI@?$GAstring?8?$AA@ 1001f7cc     LIBCMT:undname.obj
 0002:000017d8       ??_C@_0BF@KDPPACIK@?$GAlocal?5static?5guard?8?$AA@ 1001f7d8     LIBCMT:undname.obj
 0002:000017f0       ??_C@_08LLFFHHDJ@?$GAtypeof?8?$AA@ 1001f7f0     LIBCMT:undname.obj
 0002:000017fc       ??_C@_07FEEIOKP@?$GAvcall?8?$AA@ 1001f7fc     LIBCMT:undname.obj
 0002:00001804       ??_C@_09BLBHBJP@?$GAvbtable?8?$AA@ 1001f804     LIBCMT:undname.obj
 0002:00001810       ??_C@_09IFPLHPGF@?$GAvftable?8?$AA@ 1001f810     LIBCMT:undname.obj
 0002:0000181c       ??_C@_02MHEGNOJ@?$FO?$DN?$AA@ 1001f81c     LIBCMT:undname.obj
 0002:00001820       ??_C@_02DHLNPPGH@?$HM?$DN?$AA@ 1001f820     LIBCMT:undname.obj
 0002:00001824       ??_C@_02FGJGFEAB@?$CG?$DN?$AA@ 1001f824     LIBCMT:undname.obj
 0002:00001828       ??_C@_03CDNPDDLA@?$DM?$DM?$DN?$AA@ 1001f828     LIBCMT:undname.obj
 0002:0000182c       ??_C@_03IKFCCPFF@?$DO?$DO?$DN?$AA@ 1001f82c     LIBCMT:undname.obj
 0002:00001830       ??_C@_02FENAOKFI@?$CF?$DN?$AA@ 1001f830     LIBCMT:undname.obj
 0002:00001834       ??_C@_02FJEHGPIO@?1?$DN?$AA@ 1001f834     LIBCMT:undname.obj
 0002:00001838       ??_C@_02FKMDLLOA@?9?$DN?$AA@ 1001f838     LIBCMT:undname.obj
 0002:0000183c       ??_C@_02FOEOMHFC@?$CL?$DN?$AA@ 1001f83c     LIBCMT:undname.obj
 0002:00001840       ??_C@_02FPIMKNGF@?$CK?$DN?$AA@ 1001f840     LIBCMT:undname.obj
 0002:00001844       ??_C@_02NONPIBCD@?$HM?$HM?$AA@ 1001f844     LIBCMT:undname.obj
 0002:00001848       ??_C@_02PPKAJPJL@?$CG?$CG?$AA@ 1001f848     LIBCMT:undname.obj
 0002:0000184c       ??_C@_01DNKMNLPK@?$HM?$AA@ 1001f84c     LIBCMT:undname.obj
 0002:00001850       ??_C@_01JKBOJNNK@?$FO?$AA@ 1001f850     LIBCMT:undname.obj
 0002:00001854       ??_C@_01PJKLJHI@?$HO?$AA@  1001f854     LIBCMT:undname.obj
 0002:00001858       ??_C@_02HCKGKOFO@?$CI?$CJ?$AA@ 1001f858     LIBCMT:undname.obj
 0002:0000185c       ??_C@_01IHBHIGKO@?0?$AA@   1001f85c     LIBCMT:undname.obj
 0002:00001860       ??_C@_02EEKDKGMJ@?$DO?$DN?$AA@ 1001f860     LIBCMT:undname.obj
 0002:00001864       ??_C@_01PPODPGHN@?$DO?$AA@ 1001f864     LIBCMT:undname.obj
 0002:00001868       ??_C@_02EHCHHCKH@?$DM?$DN?$AA@ 1001f868     LIBCMT:undname.obj
 0002:0000186c       ??_C@_01MNNFJEPP@?$DM?$AA@ 1001f86c     LIBCMT:undname.obj
 0002:00001870       ??_C@_01FGNFDNOH@?$CF?$AA@ 1001f870     LIBCMT:undname.obj
 0002:00001874       ??_C@_01KMDKNFGN@?1?$AA@   1001f874     LIBCMT:undname.obj
 0002:00001878       ??_C@_03MNHNFDLC@?9?$DO?$CK?$AA@ 1001f878     LIBCMT:undname.obj
 0002:0000187c       ??_C@_01HNPIGOCE@?$CG?$AA@ 1001f87c     LIBCMT:undname.obj
 0002:00001880       ??_C@_01MIFGBAGJ@?$CL?$AA@ 1001f880     LIBCMT:undname.obj
 0002:00001884       ??_C@_01JOAMLHOP@?9?$AA@   1001f884     LIBCMT:undname.obj
 0002:00001888       ??_C@_02BAABKJLB@?9?9?$AA@ 1001f888     LIBCMT:undname.obj
 0002:0000188c       ??_C@_02ECNGHCIF@?$CL?$CL?$AA@ 1001f88c     LIBCMT:undname.obj
 0002:00001890       ??_C@_01NBENCBCI@?$CK?$AA@ 1001f890     LIBCMT:undname.obj
 0002:00001894       ??_C@_02HBOOOICD@?9?$DO?$AA@ 1001f894     LIBCMT:undname.obj
 0002:00001898       ??_C@_08LHJFAFGD@operator?$AA@ 1001f898     LIBCMT:undname.obj
 0002:000018a4       ??_C@_02GPECMEKF@?$FL?$FN?$AA@ 1001f8a4     LIBCMT:undname.obj
 0002:000018a8       ??_C@_02FDNJECIE@?$CB?$DN?$AA@ 1001f8a8     LIBCMT:undname.obj
 0002:000018ac       ??_C@_02EGOFBIJA@?$DN?$DN?$AA@ 1001f8ac     LIBCMT:undname.obj
 0002:000018b0       ??_C@_01DCLJPIOD@?$CB?$AA@ 1001f8b0     LIBCMT:undname.obj
 0002:000018b4       ??_C@_02FODMEDOG@?$DM?$DM?$AA@ 1001f8b4     LIBCMT:undname.obj
 0002:000018b8       ??_C@_02GPIOPFAK@?$DO?$DO?$AA@ 1001f8b8     LIBCMT:undname.obj
 0002:000018bc       ??_C@_07FPCDHGMM@?5delete?$AA@ 1001f8bc     LIBCMT:undname.obj
 0002:000018c4       ??_C@_04NIHEBCM@?5new?$AA@ 1001f8c4     LIBCMT:undname.obj
 0002:000018cc       ??_C@_0M@GFIIJFMG@__unaligned?$AA@ 1001f8cc     LIBCMT:undname.obj
 0002:000018d8       ??_C@_0L@PILCLIHE@__restrict?$AA@ 1001f8d8     LIBCMT:undname.obj
 0002:000018e4       ??_C@_07JOMMBBKO@__ptr64?$AA@ 1001f8e4     LIBCMT:undname.obj
 0002:000018ec       ??_C@_09HIJEGCPM@__clrcall?$AA@ 1001f8ec     LIBCMT:undname.obj
 0002:000018f8       ??_C@_0L@JMKHOMEK@__fastcall?$AA@ 1001f8f8     LIBCMT:undname.obj
 0002:00001904       ??_C@_0L@NPHFGOKO@__thiscall?$AA@ 1001f904     LIBCMT:undname.obj
 0002:00001910       ??_C@_09IFJBGAPI@__stdcall?$AA@ 1001f910     LIBCMT:undname.obj
 0002:0000191c       ??_C@_08GHMPAG@__pascal?$AA@ 1001f91c     LIBCMT:undname.obj
 0002:00001928       ??_C@_07KOLFKCDI@__cdecl?$AA@ 1001f928     LIBCMT:undname.obj
 0002:00001930       ??_C@_08EHJDFFNH@__based?$CI?$AA@ 1001f930     LIBCMT:undname.obj
 0002:00001ac0       ??_C@_0BI@DFKBFLJE@GetProcessWindowStation?$AA@ 1001fac0     LIBCMT:crtmbox.obj
 0002:00001ad8       ??_C@_0BK@CIDNPOGP@GetUserObjectInformationA?$AA@ 1001fad8     LIBCMT:crtmbox.obj
 0002:00001af4       ??_C@_0BD@HHGDFDBJ@GetLastActivePopup?$AA@ 1001faf4     LIBCMT:crtmbox.obj
 0002:00001b08       ??_C@_0BA@HNOPNCHB@GetActiveWindow?$AA@ 1001fb08     LIBCMT:crtmbox.obj
 0002:00001b18       ??_C@_0M@CHKKJDAI@MessageBoxA?$AA@ 1001fb18     LIBCMT:crtmbox.obj
 0002:00001b24       ??_C@_0L@NDEGIDAG@USER32?4DLL?$AA@ 1001fb24     LIBCMT:crtmbox.obj
 0002:00001b30       ___dnames                  1001fb30     LIBCMT:timeset.obj
 0002:00001b48       ___mnames                  1001fb48     LIBCMT:timeset.obj
 0002:00001b70       ??_C@_07GPDNMNG@CONOUT$?$AA@ 1001fb70     LIBCMT:initcon.obj
 0002:00001b78       ??_C@_0BH@CCFOECBH@wog_options?4main?4intro?$AA@ 1001fb78     wog native dialogs.obj
 0002:00001b90       ??_C@_0BH@HMJALHLI@wog_options?4main?4popup?$AA@ 1001fb90     wog native dialogs.obj
 0002:00001ba8       ??_C@_0BG@GGAFECFG@wog_options?4main?4hint?$AA@ 1001fba8     wog native dialogs.obj
 0002:00001bc0       ??_C@_0BG@HNGOACFA@wog_options?4main?4name?$AA@ 1001fbc0     wog native dialogs.obj
 0002:00001bd8       ??_C@_05EIEHMANA@popup?$AA@ 1001fbd8     wog native dialogs.obj
 0002:00001be0       ??_C@_04NPKLNGDP@hint?$AA@ 1001fbe0     wog native dialogs.obj
 0002:00001be8       ??_C@_04MEMAJGDJ@name?$AA@ 1001fbe8     wog native dialogs.obj
 0002:00001bf0       ??_C@_0L@NFIDKKJM@group?$CFd?4?$CFs?$AA@ 1001fbf0     wog native dialogs.obj
 0002:00001bfc       ??_C@_0BG@DJKCIHGG@wog_options?4page?$CFd?4?$CFs?$AA@ 1001fbfc     wog native dialogs.obj
 0002:00001c14       ??_C@_0O@EGGGBKCF@DlgExpMon?4def?$AA@ 1001fc14     wog native dialogs.obj
 0002:00001c24       ??_C@_0N@JCGCDINI@Dlg_NPC3?4def?$AA@ 1001fc24     wog native dialogs.obj
 0002:00001c34       ??_C@_0N@FJDOOLHN@Dlg_NPC2?4def?$AA@ 1001fc34     wog native dialogs.obj
 0002:00001c44       ??_C@_0N@NPKKJJND@Dlg_NPC1?4def?$AA@ 1001fc44     wog native dialogs.obj
 0002:00001c54       ??_C@_02DKCKIIND@?$CFs?$AA@ 1001fc54     wog native dialogs.obj
 0002:00001c58       ??_C@_0N@BHMGKPNG@checkbox?4def?$AA@ 1001fc58     wog native dialogs.obj
 0002:00001c68       ??_C@_0O@BBFJMKLN@radiobttn?4def?$AA@ 1001fc68     wog native dialogs.obj
 0002:00001c78       ??_C@_0O@LKNNDHCJ@smalfont2?4fnt?$AA@ 1001fc78     wog native dialogs.obj
 0002:00001c88       ??_C@_0N@PAEBLKHN@bigfont2?4fnt?$AA@ 1001fc88     wog native dialogs.obj
 0002:00001c98       ??_C@_0L@FNCBLPPG@28?405?42021?$AA@ 1001fc98     wog native dialogs.obj
 0002:00001ca4       ??_C@_05EKONIBEH@igrik?$AA@ 1001fca4     wog native dialogs.obj
 0002:00001cac       ??_C@_0BD@GHHHDDGH@WoG?5native?5dialogs?$AA@ 1001fcac     wog native dialogs.obj
 0002:00001cc0       ??_C@_0P@GHFPNOJB@bad?5allocation?$AA@ 1001fcc0     wog native dialogs.obj
 0002:00001cd0       ??_C@_0BA@FDLNIKIG@patcher_x86?4dll?$AA@ 1001fcd0     wog native dialogs.obj
 0002:00001ce0       ??_C@_0BB@CKHJKIEB@_GetPatcherX86?$EA0?$AA@ 1001fce0     wog native dialogs.obj
 0002:00001cf4       ??_C@_02DPKJAMEF@?$CFd?$AA@ 1001fcf4     wog native dialogs.obj
 0002:00001cf8       ??_C@_0N@NGJLFBMI@DiBoxBck?4pcx?$AA@ 1001fcf8     wog native dialogs.obj
 0002:00001d08       ??_C@_0N@FGPGDOPK@dialgbox?4def?$AA@ 1001fd08     wog native dialogs.obj
 0002:00001d18       ??_C@_0N@ELNJEEMI@medfont2?4fnt?$AA@ 1001fd18     wog native dialogs.obj
 0002:00001d28       ??_C@_09IIFHEAOO@angel?4dll?$AA@ 1001fd28     wog native dialogs.obj
 0002:00001d34       ??_C@_0M@BFOAAPGP@EventParams?$AA@ 1001fd34     wog native dialogs.obj
 0002:00001d40       ??_C@_0BD@KPOAIKLJ@RestoreEventParams?$AA@ 1001fd40     wog native dialogs.obj
 0002:00001d54       ??_C@_0BA@JJKLPBHG@SaveEventParams?$AA@ 1001fd54     wog native dialogs.obj
 0002:00001d64       ??_C@_07PILJHEGK@era?4dll?$AA@ 1001fd64     wog native dialogs.obj
 0002:00001d6c       ??_C@_02EOEPPNBF@tr?$AA@   1001fd6c     wog native dialogs.obj
 0002:00001d70       ??_C@_07HCDNKGPA@ApiHook?$AA@ 1001fd70     wog native dialogs.obj
 0002:00001d78       ??_C@_0BB@NFICFMFA@ClearAllIniCache?$AA@ 1001fd78     wog native dialogs.obj
 0002:00001d8c       ??_C@_0O@KHPPEFLJ@ClearIniCache?$AA@ 1001fd8c     wog native dialogs.obj
 0002:00001d9c       ??_C@_0L@GHCNBJIK@ExecErmCmd?$AA@ 1001fd9c     wog native dialogs.obj
 0002:00001da8       ??_C@_0L@BBNMEHJH@ExtractErm?$AA@ 1001fda8     wog native dialogs.obj
 0002:00001db4       ??_C@_0L@CKILDBJC@FatalError?$AA@ 1001fdb4     wog native dialogs.obj
 0002:00001dc0       ??_C@_0N@HFGMKLEN@FireErmEvent?$AA@ 1001fdc0     wog native dialogs.obj
 0002:00001dd0       ??_C@_09GEAPPBGH@FireEvent?$AA@ 1001fdd0     wog native dialogs.obj
 0002:00001ddc       ??_C@_0M@KJHFCLAP@GetButtonID?$AA@ 1001fddc     wog native dialogs.obj
 0002:00001de8       ??_C@_0L@LNAOMCPJ@GetVersion?$AA@ 1001fde8     wog native dialogs.obj
 0002:00001df4       ??_C@_0O@FNMDEAHG@GetVersionNum?$AA@ 1001fdf4     wog native dialogs.obj
 0002:00001e04       ??_C@_0N@CFMBLIKP@GetGameState?$AA@ 1001fe04     wog native dialogs.obj
 0002:00001e14       ??_C@_0M@LKIFOAN@GetRealAddr?$AA@ 1001fe14     wog native dialogs.obj
 0002:00001e20       ??_C@_0BD@DPCJBLFO@GlobalRedirectFile?$AA@ 1001fe20     wog native dialogs.obj
 0002:00001e34       ??_C@_04PHJJMCEO@Hook?$AA@ 1001fe34     wog native dialogs.obj
 0002:00001e3c       ??_C@_08EBPIACBO@HookCode?$AA@ 1001fe3c     wog native dialogs.obj
 0002:00001e48       ??_C@_0BB@PHLEIINC@LoadImageAsPcx16?$AA@ 1001fe48     wog native dialogs.obj
 0002:00001e5c       ??_C@_07GDNFNLKF@LoadTxt?$AA@ 1001fe5c     wog native dialogs.obj
 0002:00001e64       ??_C@_07FLCNLLL@MemFree?$AA@ 1001fe64     wog native dialogs.obj
 0002:00001e6c       ??_C@_09PIKCKENJ@NameColor?$AA@ 1001fe6c     wog native dialogs.obj
 0002:00001e78       ??_C@_0M@LNHBMGFH@NotifyError?$AA@ 1001fe78     wog native dialogs.obj
 0002:00001e84       ??_C@_0M@PLEJCMGM@PatchExists?$AA@ 1001fe84     wog native dialogs.obj
 0002:00001e90       ??_C@_0N@BGLGOOMO@PluginExists?$AA@ 1001fe90     wog native dialogs.obj
 0002:00001ea0       ??_C@_0BE@CIDOCKGN@ReadSavegameSection?$AA@ 1001fea0     wog native dialogs.obj
 0002:00001eb4       ??_C@_0P@CCLIEMKP@ReadStrFromIni?$AA@ 1001feb4     wog native dialogs.obj
 0002:00001ec4       ??_C@_09IJJOFFNH@RecallAPI?$AA@ 1001fec4     wog native dialogs.obj
 0002:00001ed0       ??_C@_0N@EADKAOLK@RedirectFile?$AA@ 1001fed0     wog native dialogs.obj
 0002:00001ee0       ??_C@_0BE@OJOEEMJD@RedirectMemoryBlock?$AA@ 1001fee0     wog native dialogs.obj
 0002:00001ef4       ??_C@_0BA@BCNGHKCC@RegisterHandler?$AA@ 1001fef4     wog native dialogs.obj
 0002:00001f04       ??_C@_09MJCMIAEG@ReloadErm?$AA@ 1001ff04     wog native dialogs.obj
 0002:00001f10       ??_C@_0BE@JBKGKCON@ReportPluginVersion?$AA@ 1001ff10     wog native dialogs.obj
 0002:00001f24       ??_C@_07PAHGKEHA@SaveIni?$AA@ 1001ff24     wog native dialogs.obj
 0002:00001f2c       ??_C@_06DDHLBGDE@Splice?$AA@ 1001ff2c     wog native dialogs.obj
 0002:00001f34       ??_C@_0M@OFFBOJCJ@ToStaticStr?$AA@ 1001ff34     wog native dialogs.obj
 0002:00001f40       ??_C@_0M@CLLMHKFF@WriteAtCode?$AA@ 1001ff40     wog native dialogs.obj
 0002:00001f4c       ??_C@_0BF@HMHBLPO@WriteSavegameSection?$AA@ 1001ff4c     wog native dialogs.obj
 0002:00001f64       ??_C@_0O@POMBDOKD@WriteStrToIni?$AA@ 1001ff64     wog native dialogs.obj
 0002:00001f74       ??_C@_0BN@DPBDBLAF@_GetPreselectedDialog8ItemId?$AA@ 1001ff74     wog native dialogs.obj
 0002:00001f94       ??_C@_0BO@NKNJIFPC@_GetDialog8SelectablePicsMask?$AA@ 1001ff94     wog native dialogs.obj
 0002:00001fb4       ??_C@_05JIKHPHGN@90?590?$AA@ 1001ffb4     wog native dialogs.obj
 0002:00001fbc       ??_C@_05DIALNFFA@?$CFs?5?$CFd?$AA@ 1001ffbc     wog native dialogs.obj
 0002:00001fc4       ??_C@_05DNIIFBMG@?$CFs?5?$CFs?$AA@ 1001ffc4     wog native dialogs.obj
 0002:00001fcc       ??_C@_0L@FIDKBHJC@?$CFs?5?$CFd?5?$CI?$CFd?$CJ?$AA@ 1001ffcc     wog native dialogs.obj
 0002:00001fd8       ??_C@_0L@JDILLOGP@?$CFs?5?$CFd?5?9?5?$CFd?$AA@ 1001ffd8     wog native dialogs.obj
 0002:00001fe4       ??_C@_07JKHHBHOI@?$CFs?5?$CFd?$CF?$CF?$AA@ 1001ffe4     wog native dialogs.obj
 0002:00001fec       ??_C@_06GNDJBPCO@?$CFs?6?6?$CFs?$AA@ 1001ffec     wog native dialogs.obj
 0002:00001ff4       ??_C@_0N@CNMFKAFE@Dlg_NPCn?4pcx?$AA@ 1001fff4     wog native dialogs.obj
 0002:00002004       ??_C@_0N@EENEFCAM@Dlg_NPCu?4pcx?$AA@ 10020004     wog native dialogs.obj
 0002:00002014       ??_C@_0P@GMMOFIOD@Dlg_NPCdel?4def?$AA@ 10020014     wog native dialogs.obj
 0002:00002024       ??_C@_07DONLOGLK@?$CFd?5?$CI?$CFd?$CJ?$AA@ 10020024     wog native dialogs.obj
 0002:0000202c       ??_C@_07PFGKEPEH@?$CFd?5?9?5?$CFd?$AA@ 1002002c     wog native dialogs.obj
 0002:00002034       ??_C@_04FCMNJMCO@?$CFd?$CF?$CF?$AA@ 10020034     wog native dialogs.obj
 0002:0000203c       ??_C@_0M@EELLOAND@bttnNPC?4def?$AA@ 1002003c     wog native dialogs.obj
 0002:00002048       ??_C@_0BB@OPCILBBM@C742?53C?5FFFFFFFF?$AA@ 10020048     wog native dialogs.obj
 0002:0000205c       ??_C@_07JMKCEEPK@?$CFs?5?$CI?$CFd?$CJ?$AA@ 1002005c     wog native dialogs.obj
 0002:00002064       ??_C@_09PCPEDHFE@?$CFd?$CF?$CF?5?$CI?$CFd?$CJ?$AA@ 10020064     wog native dialogs.obj
 0002:00002070       ??_C@_03DMDECJFG@?$CFhf?$AA@ 10020070     wog native dialogs.obj
 0002:00002074       ??_C@_03OFAPEBGM@?$CFs?6?$AA@ 10020074     wog native dialogs.obj
 0002:00002078       ??_C@_08MNBIIGN@?$CFs?6?6?5?$CFs?6?$AA@ 10020078     wog native dialogs.obj
 0002:00002084       ??_C@_0N@ILHBCDMB@DlgExpUp?4def?$AA@ 10020084     wog native dialogs.obj
 0002:00002094       ??_C@_08OFBPMKML@tiny?4fnt?$AA@ 10020094     wog native dialogs.obj
 0002:000020a0       ??_C@_09KAONFINP@?$HL?$CFs?$HN?6?$CI?$CFs?$CJ?$AA@ 100200a0     wog native dialogs.obj
 0002:000020ac       ??_C@_0N@DCLMLLBB@WoGCurse?4def?$AA@ 100200ac     wog native dialogs.obj
 0002:000020bc       ??_C@_06DJHOIPC@?$CFs?3?5?$CFs?$AA@ 100200bc     wog native dialogs.obj
 0002:000020c4       ??_C@_0M@HFKPFJGG@artslot?4pcx?$AA@ 100200c4     wog native dialogs.obj
 0002:000020d0       ??_C@_0N@KAILJDHD@def?4SpScrArt?$AA@ 100200d0     wog native dialogs.obj
 0002:000020e0       ??_C@_0M@KBOHMMJH@default?4bmp?$AA@ 100200e0     wog native dialogs.obj
 0002:000020ec       ??_C@_03BFAIMLIE@PCX?$AA@  100200ec     wog native dialogs.obj
 0002:000020f0       ??_C@_01LFCBOECM@?4?$AA@   100200f0     wog native dialogs.obj
 0002:000020f4       ??_C@_05PPOMENKN@PCX16?$AA@ 100200f4     wog native dialogs.obj
 0002:000020fc       ??_C@_03CNFPPDJC@BMP?$AA@  100200fc     wog native dialogs.obj
 0002:00002100       ??_C@_03PJJGGPMI@JPG?$AA@  10020100     wog native dialogs.obj
 0002:00002104       ??_C@_04CJPKNBEB@JPEG?$AA@ 10020104     wog native dialogs.obj
 0002:0000210c       ??_C@_03NAIKFGEJ@PNG?$AA@  1002010c     wog native dialogs.obj
 0002:00002110       ??_C@_03BBABOKL@GIF?$AA@   10020110     wog native dialogs.obj
 0002:00002114       ??_C@_03LEJJLJPF@AVI?$AA@  10020114     wog native dialogs.obj
 0002:00002118       ??_C@_0IA@GPIFDJNJ@?$HLGotcha?$CB?$CB?$CB?$HN?6?6You?8re?5trying?5to?5up@ 10020118     wog native dialogs.obj
 0002:00002198       ??_C@_0BA@CACHJGMJ@WoGTextEdit?4pcx?$AA@ 10020198     wog native dialogs.obj
 0002:000021a8       ??_C@_09EIMBAPBP@?4?2Maps?2?$CFs?$AA@ 100201a8     wog native dialogs.obj
 0002:000021b4       ??_C@_02MFEGOEMP@?$CFn?$AA@ 100201b4     wog native dialogs.obj
 0002:000021b8       ??_C@_04OMBFFHIC@?$HL?$CFs?$HN?$AA@ 100201b8     wog native dialogs.obj
 0002:000021c0       ??_C@_0EO@CGDPPKOB@Error?5?$CIfor?5?$CFs?$CJ?$CB?$CB?$CB?6?6?5Debug?6Page?3?5@ 100201c0     wog native dialogs.obj
 0002:00002210       ??_C@_0P@HDPJJOMN@WoGOptions?4pcx?$AA@ 10020210     wog native dialogs.obj
 0002:00002220       ??_C@_0M@DGCKOOBG@WoGBttn?4def?$AA@ 10020220     wog native dialogs.obj
 0002:0000222c       ??_C@_0M@FBOGBOAE@GSPBUT2?4DEF?$AA@ 1002022c     wog native dialogs.obj
 0002:00002238       ??_C@_0BI@DHELOEJM@dlg_datfile?4captionsave?$AA@ 10020238     wog native dialogs.obj
 0002:00002250       ??_C@_0BG@KPGNCFF@dlg_datfile?4descrsave?$AA@ 10020250     wog native dialogs.obj
 0002:00002268       ??_C@_0BF@NFMFBOP@dlg_datfile?4filemask?$AA@ 10020268     wog native dialogs.obj
 0002:00002280       ??_C@_0BI@DFFGBHEI@dlg_datfile?4captionload?$AA@ 10020280     wog native dialogs.obj
 0002:00002298       ??_C@_0BG@IOLCBIB@dlg_datfile?4descrload?$AA@ 10020298     wog native dialogs.obj
 0002:000022b0       ??_C@_0BB@GPEKGKKL@HD?4Version?4Dword?$AA@ 100202b0     wog native dialogs.obj
 0002:000022c4       ??_C@_0O@EHOKGOGC@BattleLog?4pcx?$AA@ 100202c4     wog native dialogs.obj
[...]
 0003:000016ec       __crtheap                  100236ec     LIBCMT:heapinit.obj
 0003:00001840       ___sbh_pHeaderDefer        10023840     LIBCMT:sbheap.obj
 0003:00001844       _gpFlsAlloc                10023844     LIBCMT:tidtable.obj
 0003:00001848       _gpFlsGetValue             10023848     LIBCMT:tidtable.obj
 0003:0000184c       _gpFlsSetValue             1002384c     LIBCMT:tidtable.obj
 0003:00001850       _gpFlsFree                 10023850     LIBCMT:tidtable.obj
 0003:00001858       ___mbulinfo                10023858     LIBCMT:mbctype.obj
 0003:00001864       ___mbcodepage              10023864     LIBCMT:mbctype.obj
 0003:00001868       ___ismbcodepage            10023868     LIBCMT:mbctype.obj
 0003:0000186c       ___mblcid                  1002386c     LIBCMT:mbctype.obj
 0003:00001870       ___locale_changed          10023870     LIBCMT:setlocal.obj
 0003:00001874       ___lc_handle               10023874     LIBCMT:nlsdata2.obj
 0003:0000188c       ___lc_codepage             1002388c     LIBCMT:nlsdata2.obj
 0003:00001890       ___lc_collate_cp           10023890     LIBCMT:nlsdata2.obj
 0003:000018a0       ?_pnhHeap@@3P6AHI@ZA       100238a0     LIBCMT:handler.obj
 0003:000018a4       __maxwait                  100238a4     LIBCMT:crtheap.obj
 0003:000018a8       __umaskval                 100238a8     LIBCMT:crt0dat.obj
 0003:000018ac       ___argc                    100238ac     LIBCMT:crt0dat.obj
 0003:000018b0       ___argv                    100238b0     LIBCMT:crt0dat.obj
 0003:000018b4       ___wargv                   100238b4     LIBCMT:crt0dat.obj
 0003:000018b8       __environ                  100238b8     LIBCMT:crt0dat.obj
 0003:000018bc       ___initenv                 100238bc     LIBCMT:crt0dat.obj
 0003:000018c0       __wenviron                 100238c0     LIBCMT:crt0dat.obj
 0003:000018c4       ___winitenv                100238c4     LIBCMT:crt0dat.obj
 0003:000018c8       __pgmptr                   100238c8     LIBCMT:crt0dat.obj
 0003:000018cc       __wpgmptr                  100238cc     LIBCMT:crt0dat.obj
 0003:000018d0       __exitflag                 100238d0     LIBCMT:crt0dat.obj
 0003:000018d4       __C_Termination_Done       100238d4     LIBCMT:crt0dat.obj
 0003:000018d8       __C_Exit_Done              100238d8     LIBCMT:crt0dat.obj
 0003:000019ec       ?__pInconsistency@@3P6AXXZA 100239ec     LIBCMT:hooks.obj
 0003:000019f0       __cflush                   100239f0     LIBCMT:_file.obj
 0003:00001d0c       __newmode                  10023d0c     LIBCMT:_newmode.obj
 0003:00001d18       ___lconv_static_null       10023d18     LIBCMT:lconv.obj
 0003:00001d30       ?pArgList@UnDecorator@@0PAVReplicator@@A 10023d30     LIBCMT:undname.obj
 0003:00001d34       ?pZNameList@UnDecorator@@0PAVReplicator@@A 10023d34     LIBCMT:undname.obj
 0003:00001d38       ?pTemplateArgList@UnDecorator@@0PAVReplicator@@A 10023d38     LIBCMT:undname.obj
 0003:00001d3c       ?gName@UnDecorator@@0PBDB  10023d3c     LIBCMT:undname.obj
 0003:00001d40       ?name@UnDecorator@@0PBDB   10023d40     LIBCMT:undname.obj
 0003:00001d44       ?outputString@UnDecorator@@0PADA 10023d44     LIBCMT:undname.obj
 0003:00001d48       ?maxStringLength@UnDecorator@@0HA 10023d48     LIBCMT:undname.obj
 0003:00001d4c       ?disableFlags@UnDecorator@@0KA 10023d4c     LIBCMT:undname.obj
 0003:00001d50       ?m_pGetParameter@UnDecorator@@0P6APADJ@ZA 10023d50     LIBCMT:undname.obj
 0003:00001d54       ?fExplicitTemplateParams@UnDecorator@@0_NA 10023d54     LIBCMT:undname.obj
 0003:00001d55       ?fGetTemplateArgumentList@UnDecorator@@0_NA 10023d55     LIBCMT:undname.obj
 0003:00001d78       ___pPurecall               10023d78     LIBCMT:inithelp.obj
 0003:00001d7c       __stdbuf                   10023d7c     LIBCMT:_sftbuf.obj
 0003:00001e50       ?json_Combat@@3PAPADA      10023e50     wog native dialogs.obj
 0003:00001e58       ?myString2@@3PADA          10023e58     wog native dialogs.obj
 0003:00002258       ?NPC_Def@@3PAU_DlgStaticDef_@@A 10024258     wog native dialogs.obj
 0003:0000225c       ?json_WoGOpt@@3PAPADA      1002425c     wog native dialogs.obj
 0003:00002264       ?smalfont2@@3PAU_Fnt_@@A   10024264     wog native dialogs.obj
 0003:00002268       ?saveManaHero@@3PAY01HA    10024268     wog native dialogs.obj
 0003:00002278       ?dlgHeroLvlUp_heroID@@3IA  10024278     wog native dialogs.obj
 0003:0000227c       ?_PI@@3PAVPatcherInstance@@A 1002427c     wog native dialogs.obj
 0003:00002280       ?myString1@@3PADA          10024280     wog native dialogs.obj
 0003:00002680       ?inTownDlg@@3_NA           10024680     wog native dialogs.obj
 0003:00002684       ?_P@@3PAVPatcher@@A        10024684     wog native dialogs.obj
 0003:00002688       ?isNeedRestore@@3HA        10024688     wog native dialogs.obj
 0003:0000268c       ?json_CrExpo@@3PAPADA      1002468c     wog native dialogs.obj
 0003:000026bc       ?json_Npc@@3PAPADA         100246bc     wog native dialogs.obj
 0003:000026cc       ?damLo@@3HA                100246cc     wog native dialogs.obj
 0003:000026d0       ?strPage@@3PADA            100246d0     wog native dialogs.obj
 0003:00002ad0       ?strList@@3PADA            10024ad0     wog native dialogs.obj
 0003:00002ed0       ?medfont2@@3PAU_Fnt_@@A    10024ed0     wog native dialogs.obj
 0003:00002ed4       ?QuickBattle_SAVE@@3HA     10024ed4     wog native dialogs.obj
 0003:00002ed8       ?timeClickAvtoSolo@@3HA    10024ed8     wog native dialogs.obj
 0003:00002edc       ?HD_Version@@3HA           10024edc     wog native dialogs.obj
 0003:00002ee0       ?saveCursor@@3PAHA         10024ee0     wog native dialogs.obj
 0003:00002eec       ?time_click@@3HA           10024eec     wog native dialogs.obj
 0003:00002ef0       ?hAngel@Era@@3PAUHINSTANCE__@@A 10024ef0     wog native dialogs.obj
 0003:00002ef4       ?hEra@Era@@3PAUHINSTANCE__@@A 10024ef4     wog native dialogs.obj
 0003:00002ef8       ?focusedItemID@@3HA        10024ef8     wog native dialogs.obj
 0003:00002efc       ?my_TimeClick_MsgBox@@3HA  10024efc     wog native dialogs.obj
 0003:00002f00       ?txtresWOG@@3PAU_TXT_@@A   10024f00     wog native dialogs.obj
 0003:00002f04       ?damHi@@3HA                10024f04     wog native dialogs.obj
 0003:00002f08       ?myString3@@3PADA          10024f08     wog native dialogs.obj
 0003:00003308       ?bigfont2@@3PAU_Fnt_@@A    10025308     wog native dialogs.obj
 0003:0000330c       ?EventParams@Era@@3PAY0BA@HA 1002530c     wog native dialogs.obj
 0003:00003310       ?ApiHook@Era@@3P6GPAXPAXH0@ZA 10025310     wog native dialogs.obj
 0003:00003314       ?ClearAllIniCache@Era@@3P6GXXZA 10025314     wog native dialogs.obj
 0003:00003318       ?ClearIniCache@Era@@3P6GXPBD@ZA 10025318     wog native dialogs.obj
 0003:0000331c       ?ExecErmCmd@Era@@3P6GXPBD@ZA 1002531c     wog native dialogs.obj
 0003:00003320       ?ExtractErm@Era@@3P6GXXZA  10025320     wog native dialogs.obj
 0003:00003324       ?FatalError@Era@@3P6GXPBD@ZA 10025324     wog native dialogs.obj
 0003:00003328       ?FireErmEvent@Era@@3P6GXH@ZA 10025328     wog native dialogs.obj
 0003:0000332c       ?FireEvent@Era@@3P6GXPBDPAXH@ZA 1002532c     wog native dialogs.obj
 0003:00003330       ?GetButtonID@Era@@3P6GHPBD@ZA 10025330     wog native dialogs.obj
 0003:00003334       ?GetEraVersion@Era@@3P6GPBDXZA 10025334     wog native dialogs.obj
 0003:00003338       ?GetVersionNum@Era@@3P6GHXZA 10025338     wog native dialogs.obj
 0003:0000333c       ?GetGameState@Era@@3P6GXPAUTGameState@1@@ZA 1002533c     wog native dialogs.obj
 0003:00003340       ?GetRealAddr@Era@@3P6GPAXPAX@ZA 10025340     wog native dialogs.obj
 0003:00003344       ?GlobalRedirectFile@Era@@3P6GXXZA 10025344     wog native dialogs.obj
 0003:00003348       ?Hook@Era@@3P6GPAXPAXHH0@ZA 10025348     wog native dialogs.obj
 0003:0000334c       ?HookCode@Era@@3P6GPAXPAXP6GHPAUTHookContext@1@@ZPAPAX@ZA 1002534c     wog native dialogs.obj
 0003:00003350       ?LoadImageAsPcx16@Era@@3P6GPAXPBD0HHHHH@ZA 10025350     wog native dialogs.obj
 0003:00003354       ?LoadTxt@Era@@3P6GPAXPBD@ZA 10025354     wog native dialogs.obj
 0003:00003358       ?MemFree@Era@@3P6GXPBX@ZA  10025358     wog native dialogs.obj
 0003:0000335c       ?NameColor@Era@@3P6GXHPBD@ZA 1002535c     wog native dialogs.obj
 0003:00003360       ?NotifyError@Era@@3P6GXPBD@ZA 10025360     wog native dialogs.obj
 0003:00003364       ?PatchExists@Era@@3P6G_NPBD@ZA 10025364     wog native dialogs.obj
 0003:00003368       ?PluginExists@Era@@3P6G_NPBD@ZA 10025368     wog native dialogs.obj
 0003:0000336c       ?ReadSavegameSection@Era@@3P6GHHPAXPBD@ZA 1002536c     wog native dialogs.obj
 0003:00003370       ?ReadStrFromIni@Era@@3P6G_NPBD00PAD@ZA 10025370     wog native dialogs.obj
 0003:00003374       ?RecallAPI@Era@@3P6GHPAUTHookContext@1@H@ZA 10025374     wog native dialogs.obj
 0003:00003378       ?RedirectFile@Era@@3P6GXXZA 10025378     wog native dialogs.obj
 0003:0000337c       ?RedirectMemoryBlock@Era@@3P6GXPAXH0@ZA 1002537c     wog native dialogs.obj
 0003:00003380       ?RegisterHandler@Era@@3P6GXP6GXPAUTEvent@1@@ZPBD@ZA 10025380     wog native dialogs.obj
 0003:00003384       ?ReloadErm@Era@@3P6GXXZA   10025384     wog native dialogs.obj
 0003:00003388       ?ReportPluginVersion@Era@@3P6GXPBD@ZA 10025388     wog native dialogs.obj
 0003:0000338c       ?RestoreEventParams@Era@@3P6GXXZA 1002538c     wog native dialogs.obj
 0003:00003390       ?SaveEventParams@Era@@3P6GXXZA 10025390     wog native dialogs.obj
 0003:00003394       ?SaveIni@Era@@3P6G_NPBD@ZA 10025394     wog native dialogs.obj
 0003:00003398       ?Splice@Era@@3P6GPAXPAX0HHPAHPAPAX@ZA 10025398     wog native dialogs.obj
 0003:0000339c       ?ToStaticStr@Era@@3P6GPADPBD@ZA 1002539c     wog native dialogs.obj
 0003:000033a0       ?_tr@Era@@3P6GPADPBDPAPBDH@ZA 100253a0     wog native dialogs.obj
 0003:000033a4       ?WriteAtCode@Era@@3P6GXHPAX0@ZA 100253a4     wog native dialogs.obj
 0003:000033a8       ?WriteSavegameSection@Era@@3P6GXHPAXPBD@ZA 100253a8     wog native dialogs.obj
 0003:000033ac       ?WriteStrToIni@Era@@3P6G_NPBD000@ZA 100253ac     wog native dialogs.obj
 0003:000033b0       ?GetDefaultMsgBoxItId@Era@@3P6GHXZA 100253b0     wog native dialogs.obj
 0003:000033b4       ?GetMaskMsgBoxItId@Era@@3P6GHXZA 100253b4     wog native dialogs.obj
 0003:000033b8       ?ERA_VERSION@@3HA          100253b8     wog native dialogs.obj
 0003:000033bc       ?NPC_StatBar@@3PAU_DlgStaticTextPcx8ed_@@A 100253bc     wog native dialogs.obj
 0003:000033c0       ?BanDlg_CustomReq_EnterText@@3HA 100253c0     wog native dialogs.obj
 0003:000033c4       ?o_Sphinx1@@3PAU_Sphinx1_@@A 100253c4     wog native dialogs.obj
 0003:000033c8       ?Dlg_CustomReq_Ban@@3HA    100253c8     wog native dialogs.obj
 0003:000033cc       ?statbarWoGOptions@@3PAU_DlgStaticTextPcx8ed_@@A 100253cc     wog native dialogs.obj
 0003:000033d0       ?apdFont@@3HA              100253d0     wog native dialogs.obj
 0003:000033d4       ?calls_count@?1??GetPatcher@@YAPAVPatcher@@XZ@4HA 100253d4     wog native dialogs.obj
 0003:000033dc       ___fastflag                100253dc     LIBCMT:_fpinit_.obj
 0003:000033e0       __adjust_fdiv              100253e0     LIBCMT:_fpinit_.obj
 0003:000033e4       __outputformat             100253e4     LIBCMT:outputformat.obj
 0003:000033e8       ___piob                    100253e8     <common>
 0003:00003400       __bufin                    10025400     <common>
 0003:00004400       __nstream                  10026400     <common>
 0003:00004404       ___sse2_available          10026404     <common>
 0003:00004408       __nhandle                  10026408     <common>
 0003:00004420       ___pioinfo                 10026420     <common>
 0003:00004520       ___env_initialized         10026520     <common>
 0003:00004524       ___onexitend               10026524     <common>
 0003:00004528       ___onexitbegin             10026528     <common>
 0003:0000452c       ___mbctype_initialized     1002652c     <common>
 0003:00004530       ___dyn_tls_init_callback   10026530     <common>
 0003:00004534       __debugger_hook_dummy      10026534     <common>
 0003:00004538       ___sbh_cntHeaderList       10026538     <common>
 0003:0000453c       ___sbh_pHeaderList         1002653c     <common>
 0003:00004540       ___sbh_threshold           10026540     <common>
 0003:00004544       ___sbh_pHeaderScan         10026544     <common>
 0003:00004548       ___sbh_sizeHeaderList      10026548     <common>
 0003:0000454c       ___sbh_indGroupDefer       1002654c     <common>
 0003:00004550       ___active_heap             10026550     <common>
 0003:00004554       __acmdln                   10026554     <common>

 entry point at        0001:0000f517

 Static symbols

 0001:0000e59f       __catch$?_Copy@?$basic_string@DU?$char_traits@D@std@@V?$allocator@D@2@@std@@IAEXII@Z$0 1000f59f f i  CIL library: CIL module
 0001:0000e62e       __catch$?_Copy@?$basic_string@DU?$char_traits@D@std@@V?$allocator@D@2@@std@@IAEXII@Z$1 1000f62e f i  CIL library: CIL module
 0001:0000f421       ___DllMainCRTStartup       10010421 f   LIBCMT:dllcrt0.obj
 0001:0000f6da       ?CatchGuardHandler@@YA?AW4_EXCEPTION_DISPOSITION@@PAUEHExceptionRecord@@PAUCatchGuardRN@@PAX2@Z 100106da f   LIBCMT:_trnsctrl_.obj
 0001:0000f7e4       ?TranslatorGuardHandler@@YA?AW4_EXCEPTION_DISPOSITION@@PAUEHExceptionRecord@@PAUTranslatorGuardRN@@PAX2@Z 100107e4 f   LIBCMT:_trnsctrl_.obj
 0001:000100d4       _write_char                100110d4 f   LIBCMT:output.obj
 0001:00010107       _write_multi_char          10011107 f   LIBCMT:output.obj
 0001:0001012d       _write_string              1001112d f   LIBCMT:output.obj
 0001:000127a5       ?CPtoLCID@@YAHH@Z          100137a5 f   LIBCMT:mbctype.obj
 0001:000127d4       ?setSBCS@@YAXPAUthreadmbcinfostruct@@@Z 100137d4 f   LIBCMT:mbctype.obj
 0001:00012838       ?setSBUpLow@@YAXPAUthreadmbcinfostruct@@@Z 10013838 f   LIBCMT:mbctype.obj
 0001:00012a6f       ?getSystemCP@@YAHH@Z       10013a6f f   LIBCMT:mbctype.obj
 0001:000130f9       __updatetlocinfoEx_nolock  100140f9 f   LIBCMT:setlocal.obj
 0001:000131cd       ?__crtLCMapStringA_stat@@YAHPAUlocaleinfo_struct@@KKPBDHPADHHH@Z 100141cd f   LIBCMT:a_map.obj
 0001:000137b8       __onexit_nolock            100147b8 f   LIBCMT:onexit.obj
 0001:00013aba       __initterm                 10014aba f   LIBCMT:crt0dat.obj
 0001:00013b80       _doexit                    10014b80 f   LIBCMT:crt0dat.obj
 0001:0001409f       _parse_cmdline             1001509f f   LIBCMT:stdargv.obj
 0001:00014866       ?ExFilterRethrow@@YAHPAU_EXCEPTION_POINTERS@@@Z 10015866 f   LIBCMT:frame.obj
 0001:00014929       ?IsInExceptionSpec@@YAEPAUEHExceptionRecord@@PBU_s_ESTypeList@@@Z 10015929 f   LIBCMT:frame.obj
 0001:000149a4       ?CallUnexpected@@YAXPBU_s_ESTypeList@@@Z 100159a4 f   LIBCMT:frame.obj
 0001:000149d5       __catch$?CallUnexpected@@YAXPBU_s_ESTypeList@@@Z$0 100159d5 f   LIBCMT:frame.obj
 0001:000149ed       ?CallCatchBlock@@YAPAXPAUEHExceptionRecord@@PAUEHRegistrationNode@@PAU_CONTEXT@@PBU_s_FuncInfo@@PAXHK@Z 100159ed f   LIBCMT:frame.obj
 0001:00014d9a       ?CatchIt@@YAXPAUEHExceptionRecord@@PAUEHRegistrationNode@@PAU_CONTEXT@@PAXPBU_s_FuncInfo@@PBU_s_HandlerType@@PBU_s_CatchableType@@PBU_s_TryBlockMapEntry@@H1E@Z 10015d9a f   LIBCMT:frame.obj
 0001:00014e08       ?FindHandlerForForeignException@@YAXPAUEHExceptionRecord@@PAUEHRegistrationNode@@PAU_CONTEXT@@PAXPBU_s_FuncInfo@@HH1@Z 10015e08 f   LIBCMT:frame.obj
 0001:00014efc       ?FindHandler@@YAXPAUEHExceptionRecord@@PAUEHRegistrationNode@@PAU_CONTEXT@@PAXPBU_s_FuncInfo@@EH1@Z 10015efc f   LIBCMT:frame.obj
 0001:0001542c       _fastcopy_I                1001642c f   LIBCMT:p4_memcpy.obj
 0001:00015596       _has_osfxsr_set            10016596 f   LIBCMT:cpu_disp.obj
 0001:000167d8       __unwind_handler4          100177d8 f   LIBCMT:exsup4.obj
 0001:000169ed       _fastzero_I                100179ed f   LIBCMT:p4_memset.obj
 0001:00016ad3       ?__crtGetStringTypeA_stat@@YAHPAUlocaleinfo_struct@@KPBDHPAGHHH@Z 10017ad3 f   LIBCMT:a_str.obj
 0001:00017716       _siglookup                 10018716 f   LIBCMT:winsig.obj
 0001:00017928       ?x_ismbbtype_l@@YAHPAUlocaleinfo_struct@@IHH@Z 10018928 f   LIBCMT:ismbbyte.obj
 0001:00017adc       __unwind_handler           10018adc f   LIBCMT:exsup.obj
 0001:0001812b       _flsall                    1001912b f   LIBCMT:fflush.obj
 0001:00018217       ?strtoxl@@YAKPAUlocaleinfo_struct@@PBDPAPBDHH@Z 10019217 f   LIBCMT:strtol.obj
 0001:00018fd8       __shift                    10019fd8 f   LIBCMT:cvt.obj
 0001:0001901d       __cftoe2_l                 1001a01d f   LIBCMT:cvt.obj
 0001:000195ef       __cftof2_l                 1001a5ef f   LIBCMT:cvt.obj
 0001:0001b97f       __hw_cw                    1001c97f f   LIBCMT:_ieee87_.obj
 0001:0001ba0d       ___hw_cw_sse2              1001ca0d f   LIBCMT:_ieee87_.obj
 0001:0001c000       __unwindfunclet$??0logic_error@std@@QAE@ABV?$basic_string@DU?$char_traits@D@std@@V?$allocator@D@2@@1@@Z$0 1001d000 f   libcpmt:string.obj
 0001:0001c000       __unwindfunclet$??0logic_error@std@@QAE@ABV01@@Z$0 1001d000 f   libcpmt:string.obj
 0001:0001c008       __ehhandler$??0logic_error@std@@QAE@ABV01@@Z 1001d008 f   libcpmt:string.obj
 0001:0001c008       __ehhandler$??0logic_error@std@@QAE@ABV?$basic_string@DU?$char_traits@D@std@@V?$allocator@D@2@@1@@Z 1001d008 f   libcpmt:string.obj
 0001:0001c023       __unwindfunclet$?_Xran@_String_base@std@@SAXXZ$0 1001d023 f   libcpmt:string.obj
 0001:0001c023       __unwindfunclet$?_Xlen@_String_base@std@@SAXXZ$0 1001d023 f   libcpmt:string.obj
 0001:0001c02b       __ehhandler$?_Xlen@_String_base@std@@SAXXZ 1001d02b f   libcpmt:string.obj
 0001:0001c02b       __ehhandler$?_Xran@_String_base@std@@SAXXZ 1001d02b f   libcpmt:string.obj
 0001:0001c046       __ehhandler$?CallUnexpected@@YAXPBU_s_ESTypeList@@@Z 1001d046 f   LIBCMT:frame.obj
 0001:0001c070       __ehhandler$?_Copy@?$basic_string@DU?$char_traits@D@std@@V?$allocator@D@2@@std@@IAEXII@Z 1001d070 f    CIL library: CIL module
 0001:0001c090       __unwindfunclet$?CreateNewBattleLogDlg@@YAXPAU_BattleMgr_@@@Z$0 1001d090 f    CIL library: CIL module
 0001:0001c098       __ehhandler$?CreateNewBattleLogDlg@@YAXPAU_BattleMgr_@@@Z 1001d098 f    CIL library: CIL module
 0001:0001c0c0       __unwindfunclet$?IsSupportedFormatImage@@YAHPAD@Z$0 1001d0c0 f    CIL library: CIL module
 0001:0001c0c8       __unwindfunclet$?IsSupportedFormatImage@@YAHPAD@Z$1 1001d0c8 f    CIL library: CIL module
 0001:0001c0d0       __unwindfunclet$?IsSupportedFormatImage@@YAHPAD@Z$2 1001d0d0 f    CIL library: CIL module
 0001:0001c0d8       __unwindfunclet$?IsSupportedFormatImage@@YAHPAD@Z$3 1001d0d8 f    CIL library: CIL module
 0001:0001c0e0       __unwindfunclet$?IsSupportedFormatImage@@YAHPAD@Z$4 1001d0e0 f    CIL library: CIL module
 0001:0001c0e8       __unwindfunclet$?IsSupportedFormatImage@@YAHPAD@Z$5 1001d0e8 f    CIL library: CIL module
 0001:0001c0f0       __unwindfunclet$?IsSupportedFormatImage@@YAHPAD@Z$6 1001d0f0 f    CIL library: CIL module
 0001:0001c0f8       __unwindfunclet$?IsSupportedFormatImage@@YAHPAD@Z$7 1001d0f8 f    CIL library: CIL module
 0001:0001c100       __unwindfunclet$?IsSupportedFormatImage@@YAHPAD@Z$8 1001d100 f    CIL library: CIL module
 0001:0001c108       __ehhandler$?IsSupportedFormatImage@@YAHPAD@Z 1001d108 f    CIL library: CIL module
 0001:0001c130       __unwindfunclet$?New_Dlg_CustomReq@@YAHPAU_Sphinx1_@@@Z$0 1001d130 f    CIL library: CIL module
 0001:0001c138       __ehhandler$?New_Dlg_CustomReq@@YAHPAU_Sphinx1_@@@Z 1001d138 f    CIL library: CIL module
 0001:0001c166       ??__Fnomem@?5???2@YAPAXI@Z@YAXXZ 1001d166 f   LIBCMT:new.obj
