 wog native dialogs

 Timestamp is 5fc6911c (Tue Dec 01 21:53:16 2020)

 Preferred load address is 10000000

 Start         Length     Name                   Class
 0001:00000000 00019c7cH .text                   CODE
 0001:00019c80 00000000H .text$x                 CODE
 0001:00019c80 00000014H .text$yd                CODE
 0002:00000000 0000011cH .idata$5                DATA
 0002:0000011c 00000004H .CRT$XCA                DATA
 0002:00000120 00000004H .CRT$XCZ                DATA
 0002:00000124 00000004H .CRT$XIA                DATA
 0002:00000128 00000010H .CRT$XIC                DATA
 0002:00000138 00000004H .CRT$XIZ                DATA
 0002:0000013c 00000004H .CRT$XPA                DATA
 0002:00000140 00000004H .CRT$XPX                DATA
 0002:00000144 00000004H .CRT$XPXA               DATA
 0002:00000148 00000004H .CRT$XPZ                DATA
 0002:0000014c 00000004H .CRT$XTA                DATA
 0002:00000150 00000004H .CRT$XTZ                DATA
 0002:00000160 000023e0H .rdata                  DATA
 0002:00002540 00000061H .rdata$debug            DATA
 0002:000025a4 000000dcH .rdata$r                DATA
 0002:00002680 0000000cH .rdata$sxdata           DATA
 0002:0000268c 00000004H .rtc$IAA                DATA
 0002:00002690 00000004H .rtc$IZZ                DATA
 0002:00002694 00000004H .rtc$TAA                DATA
 0002:00002698 00000004H .rtc$TZZ                DATA
 0002:000026a0 00000444H .xdata$x                DATA
 0002:00002ae4 00000014H .idata$2                DATA
 0002:00002af8 00000014H .idata$3                DATA
 0002:00002b0c 0000011cH .idata$4                DATA
 0002:00002c28 0000050cH .idata$6                DATA
 0002:00003140 0000005eH .edata                  DATA
 0003:00000000 00001318H .data                   DATA
 0003:00001320 000031b4H .bss                    DATA

  Address         Publics by Value              Rva+Base       Lib:Object

 0000:00000000       __except_list              00000000     <absolute>
 0000:00000003       ___safe_se_handler_count   00000003     <absolute>
 0000:00000000       ___ImageBase               10000000     <linker-defined>
 0001:00000000       ?WriteCodePatch@PatcherInstance@@QAAPAVPatch@@IPADZZ 10001000 f i wog native dialogs.obj
 0001:00000020       ??1bad_alloc@std@@UAE@XZ   10001020 f i wog native dialogs.obj
 0001:00000030       ??_Ebad_alloc@std@@UAEPAXI@Z 10001030 f i  CIL library: CIL module
 0001:00000030       ??_Gbad_alloc@std@@UAEPAXI@Z 10001030 f i wog native dialogs.obj
 0001:00000060       ?Redraw@_Dlg_@@QAEXH@Z     10001060 f i wog native dialogs.obj
 0001:00000080       ?Create@_DlgStaticDef_@@SAPAU1@HHHPADHHH@Z 10001080 f i wog native dialogs.obj
 0001:000000e0       ?Create@_DlgButton_@@SAPAU1@HHHPADHHHH@Z 100010e0 f i wog native dialogs.obj
 0001:00000130       ?Create@_DlgTextButton_@@SAPAU1@HHHPAD00HHHHH@Z 10001130 f i wog native dialogs.obj
 0001:00000190       ?b_MsgBox@@YAHPADH@Z       10001190 f i wog native dialogs.obj
 0001:000001c0       ?b_MsgBoxD@@YAHPADHHH@Z    100011c0 f i wog native dialogs.obj
 0001:00000200       ?GetHero@_GameMgr_@@QAEPAU_Hero_@@H@Z 10001200 f i wog native dialogs.obj
 0001:00000220       ?Get_ITxtExp@@YAPADH@Z     10001220 f i wog native dialogs.obj
 0001:00000240       ?Set_DlgBackground_RK@@YAHPAV_CustomDlg_@@HH@Z 10001240 f   wog native dialogs.obj
 0001:00000820       ?b_MsgBoxAndDef@@YAXPADH0@Z 10001820 f   wog native dialogs.obj
 0001:00000a50       ?b_MsgBoxBig@@YAXPADD@Z    10001a50 f   wog native dialogs.obj
 0001:00000b90       ?e_ClickSound@@YAXXZ       10001b90 f i wog native dialogs.obj
 0001:00000be0       ?ConnectEra@Era@@YAXXZ     10001be0 f   wog native dialogs.obj
 0001:00000f20       ?F_MsgBox_ResetYellowFrames@@YAHPAU_Dlg_@@H@Z 10001f20 f   wog native dialogs.obj
 0001:00000f70       ?F_MsgBox_Return@@YAHPAU_DlgMsg_@@H@Z 10001f70 f   wog native dialogs.obj
 0001:00000fa0       ?Y_New_MsgBox_Proc@@YGHPAVHiHook@@PAU_DlgMsg_@@@Z 10001fa0 f   wog native dialogs.obj
 0001:00001160       ?Y_New_MsgBox_SetDefaultFrameEnabled@@YGHPAVLoHook@@PAUHookContext@@@Z 10002160 f   wog native dialogs.obj
 0001:00001210       ?Y_New_MsgBox_GetBitMask@@YGHPAVHiHook@@PAU_GameMgr_@@@Z 10002210 f   wog native dialogs.obj
 0001:00001280       ?Dlg_MsgBox@@YAXPAVPatcherInstance@@@Z 10002280 f   wog native dialogs.obj
 0001:00001300       ?Dlg_ChangeBmp@@YAXPAVPatcherInstance@@@Z 10002300 f   wog native dialogs.obj
 0001:00002110       ?Y_New_CommanderDlg_Proc@@YGHPAV_CustomDlg_@@PAU_DlgMsg_@@@Z 10003110 f   wog native dialogs.obj
 0001:000028b0       ?Y_Dlg_NPC_Show@@YGHPAVHiHook@@PAU_DlgNPC_@@@Z 100038b0 f   wog native dialogs.obj
 0001:00003fb0       ?Y_Dlg_NPC_Prepare@@YGXPAVHiHook@@PAU_Npc_@@HHH@Z 10004fb0 f   wog native dialogs.obj
 0001:00003ff0       ?Y_Dlg_NPC_ShowAgain_IfGetArtHero@@YGHPAVLoHook@@PAUHookContext@@@Z 10004ff0 f   wog native dialogs.obj
 0001:00004010       ?Y_HeroDlg_Create@@YGPAV_CustomDlg_@@PAVHiHook@@PAV1@@Z 10005010 f   wog native dialogs.obj
 0001:00004070       ?Y_HeroDlg_Proc@@YGHPAVHiHook@@PAV_CustomDlg_@@PAU_DlgMsg_@@@Z 10005070 f   wog native dialogs.obj
 0001:000042e0       ?Dlg_NPC@@YAXPAVPatcherInstance@@@Z 100052e0 f   wog native dialogs.obj
 0001:00004370       ?New_Dlg_ExpaMon_Case8@@YAHH@Z 10005370 f   wog native dialogs.obj
 0001:00004cd0       ?New_Dlg_ExpaMon_BannerDlg_Proc@@YGHPAV_CustomDlg_@@PAU_DlgMsg_@@@Z 10005cd0 f   wog native dialogs.obj
 0001:00004da0       ?New_Dlg_ExpaMon_BannerDlg@@YAHXZ 10005da0 f   wog native dialogs.obj
 0001:000051a0       ?New_Dlg_ExpaMon_Proc@@YGHPAV_CustomDlg_@@PAU_DlgMsg_@@@Z 100061a0 f   wog native dialogs.obj
 0001:000055c0       ?Y_NewDlg_CreatureExpo@@YGHPAVHiHook@@PAU_CreatureExpo_@@@Z 100065c0 f   wog native dialogs.obj
 0001:00006120       ?Y_WoGCurseDlg_Proc@@YGHPAV_CustomDlg_@@PAU_DlgMsg_@@@Z 10007120 f   wog native dialogs.obj
 0001:00006220       ?Y_WoGCurseDlg_Show@@YGHPAVLoHook@@PAUHookContext@@@Z 10007220 f   wog native dialogs.obj
 0001:000065c0       ?Y_WoGDlg_ChooseArt_Proc@@YGHPAV_CustomDlg_@@PAU_DlgMsg_@@@Z 100075c0 f   wog native dialogs.obj
 0001:000068b0       ?Y_WoGDlg_ChooseArt@@YGHPAVHiHook@@HPAU_Hero_@@H@Z 100078b0 f   wog native dialogs.obj
 0001:00006f30       _UseWin32InputControl      10007f30 f   wog native dialogs.obj
 0001:00006f50       ?IsSupportedFormatImage@@YA_NPAD@Z 10007f50 f   wog native dialogs.obj
 0001:00007110       ?New_Dlg_CustomReq_Proc@@YGHPAV_CustomDlg_@@PAU_DlgMsg_@@@Z 10008110 f   wog native dialogs.obj
 0001:000072d0       ?New_Dlg_CustomReq@@YAHPAU_Sphinx1_@@@Z 100082d0 f   wog native dialogs.obj
 0001:000083c0       ?Y_Dlg_CustomReq@@YGHPAVLoHook@@PAUHookContext@@@Z 100093c0 f   wog native dialogs.obj
 0001:00008500       ?Y_WoGDlg_SphinxReq@@YGHPAVHiHook@@H@Z 10009500 f   wog native dialogs.obj
 0001:00008690       ?Y_Dlg_QuickDialog@@YGHPAVHiHook@@PAU_Sphinx1_@@@Z 10009690 f   wog native dialogs.obj
 0001:00008720       ?Y_Dlg_CustomPic@@YGHPAVHiHook@@HH@Z 10009720 f   wog native dialogs.obj
 0001:00008a20       ?Dlg_Sphinx@@YAXPAVPatcherInstance@@@Z 10009a20 f   wog native dialogs.obj
 0001:00008b00       ?New_Dlg_IF_G_Proc@@YGHPAV_CustomDlg_@@PAU_DlgMsg_@@@Z 10009b00 f   wog native dialogs.obj
 0001:00008c40       ?New_Dlg_IF_G@@YAHHHHHH@Z  10009c40 f   wog native dialogs.obj
 0001:000090a0       ?New_Dlg_IF_G_Lo@@YGHPAVLoHook@@PAUHookContext@@@Z 1000a0a0 f   wog native dialogs.obj
 0001:000090e0       ?Dlg_IFG@@YAXPAVPatcherInstance@@@Z 1000a0e0 f   wog native dialogs.obj
 0001:00009130       ?Dlg_ChooseMonAttack_Proc@@YGHPAV_CustomDlg_@@PAU_DlgMsg_@@@Z 1000a130 f   wog native dialogs.obj
 0001:00009170       ?Dlg_ChooseMonAttack@@YGHPAVHiHook@@HHH@Z 1000a170 f   wog native dialogs.obj
 0001:00009450       ?Y_NewScenarioDlg_SetScrolledShoose@@YAHPAU_NewScenarioDlg_@@PAU_DlgMsg_@@@Z 1000a450 f   wog native dialogs.obj
 0001:000094e0       ?Redraw_WoGDlgSetup_ElemOnPage@@YAHPAV_CustomDlg_@@PAU_DlgSetup_@@H@Z 1000a4e0 f   wog native dialogs.obj
 0001:000096d0       ?ShowHide_WoGDlgSetup_ElemOnPage@@YAHPAV_CustomDlg_@@HPAU_DlgSetup_@@H@Z 1000a6d0 f   wog native dialogs.obj
 0001:000098c0       ?Create_WoGDlgSetup_ElemOnPage@@YAHPAV_CustomDlg_@@HPAU_DlgSetup_@@@Z 1000a8c0 f   wog native dialogs.obj
 0001:00009cb0       ?setYellowFrames@@YAXPAV_CustomDlg_@@H@Z 1000acb0 f   wog native dialogs.obj
 0001:0000a810       ?Dlg_WoG_Options_Proc@@YGHPAV_CustomDlg_@@PAU_DlgMsg_@@@Z 1000b810 f   wog native dialogs.obj
 0001:0000af60       ?Dlg_WoG_Options_Show@@YGXPAVHiHook@@H@Z 1000bf60 f   wog native dialogs.obj
 0001:0000b4b0       ?Y_NewScenarioDlg_Proc@@YGHPAVHiHook@@PAU_NewScenarioDlg_@@PAU_DlgMsg_@@@Z 1000c4b0 f   wog native dialogs.obj
 0001:0000b540       ?Y_NewScenarioDlg_BlockScrollBar@@YGHPAVHiHook@@PAX@Z 1000c540 f   wog native dialogs.obj
 0001:0000b570       ?Y_NewScenarioDlg_Create@@YGXPAVHiHook@@PAU_NewScenarioDlg_@@H@Z 1000c570 f   wog native dialogs.obj
 0001:0000b5d0       ?Dlg_WoGOptions@@YAXPAVPatcherInstance@@@Z 1000c5d0 f   wog native dialogs.obj
 0001:0000b680       ?SetupJsonText@@YAXPADPBD@Z 1000c680 f   wog native dialogs.obj
 0001:0000b6f0       ?WOG_ProcessAll@@YGXPAVHiHook@@@Z 1000c6f0 f   wog native dialogs.obj
 0001:0000bb00       ?Dlg_SaveDatFile1@@YGHPAVLoHook@@PAUHookContext@@@Z 1000cb00 f   wog native dialogs.obj
 0001:0000bb50       ?Dlg_LoadDatFile1@@YGHPAVLoHook@@PAUHookContext@@@Z 1000cb50 f   wog native dialogs.obj
 0001:0000bba0       ?WoGOptionsStrings@@YAXPAVPatcherInstance@@@Z 1000cba0 f   wog native dialogs.obj
 0001:0000bc00       ?Dlg_ChooseCastleReBuild_Proc@@YGHPAV_CustomDlg_@@PAU_DlgMsg_@@@Z 1000cc00 f   wog native dialogs.obj
 0001:0000bd50       ?Dlg_ChooseCastleReBuild@@YAHXZ 1000cd50 f   wog native dialogs.obj
 0001:0000c310       ?HiHook_Dlg_ChooseCastleReBuild@@YGHPAVHiHook@@@Z 1000d310 f   wog native dialogs.obj
 0001:0000c320       ?LoHook_Dlg_ChooseCastleReBuild@@YGHPAVLoHook@@PAUHookContext@@@Z 1000d320 f   wog native dialogs.obj
 0001:0000c350       ?Y_Dlg_HeroLvlUp_Proc@@YGHPAVHiHook@@HPAU_DlgMsg_@@@Z 1000d350 f   wog native dialogs.obj
 0001:0000c440       ?Y_Lo_Dlg_HeroLvlUp_Create@@YGHPAVLoHook@@PAUHookContext@@@Z 1000d440 f   wog native dialogs.obj
 0001:0000c460       ?Y_BATTLE_Proc@@YGHPAVHiHook@@PAU_BattleMgr_@@PAU_DlgMsg_@@@Z 1000d460 f   wog native dialogs.obj
 0001:0000c5b0       ?Y_EndBattle@@YGHPAVLoHook@@PAUHookContext@@@Z 1000d5b0 f   wog native dialogs.obj
 0001:0000c660       ?StartHD5Functions@@YAXXZ  1000d660 f   wog native dialogs.obj
 0001:0000c6d0       ?HD5_Functions@@YAXPAVPatcherInstance@@@Z 1000d6d0 f   wog native dialogs.obj
 0001:0000c720       ?SimpleTextScrolled@@YIXHPAV_CustomDlg_@@@Z 1000d720 f   wog native dialogs.obj
 0001:0000c840       ?CreateNewBattleLogDlg@@YAXPAU_BattleMgr_@@@Z 1000d840 f   wog native dialogs.obj
 0001:0000ce60       ?BattleLog_Proc@@YGHPAVHiHook@@PAU_BattleMgr_@@PAU_DlgMsg_@@@Z 1000de60 f   wog native dialogs.obj
 0001:0000cec0       ?BattleLog_ReportNewRound@@YGXPAVHiHook@@IPBDHD@Z 1000dec0 f   wog native dialogs.obj
 0001:0000cf10       ?Y_DlgTown_Proc@@YGHPAVHiHook@@PAU_TownMgr_@@PAU_DlgMsg_@@@Z 1000df10 f   wog native dialogs.obj
 0001:0000d080       ?Y_Dlg_HeroesMeet@@YGHPAVLoHook@@PAUHookContext@@@Z 1000e080 f   wog native dialogs.obj
 0001:0000d0b0       ?Y_Battle_SetHintAttackGetDamage@@YGHPAVLoHook@@PAUHookContext@@@Z 1000e0b0 f   wog native dialogs.obj
 0001:0000d0d0       ?GetStringKilled@@YAPADPADPAU_BattleStack_@@@Z 1000e0d0 f   wog native dialogs.obj
 0001:0000d200       ?BattleMgr_GetAttackDamage_Hint_LogString@@YGPAU_HStr_@@PAVHiHook@@PAU1@PAU_BattleStack_@@2EH@Z 1000e200 f   wog native dialogs.obj
 0001:0000d300       ?Y_Dlg_MainMenu_Create@@YGHPAVHiHook@@PAU_Dlg_@@@Z 1000e300 f   wog native dialogs.obj
 0001:0000d3a0       ?Y_LoadAllTXTinGames@@YGHPAVLoHook@@PAUHookContext@@@Z 1000e3a0 f   wog native dialogs.obj
 0001:0000d3c0       ?Y_Hook_MainLoop@@YGHPAVLoHook@@PAUHookContext@@@Z 1000e3c0 f   wog native dialogs.obj
 0001:0000d800       _DllMain@12                1000e800 f   wog native dialogs.obj
 0001:0000dad0       ??$VarValue@H@Patcher@@QAEAAHPAD@Z 1000ead0 f i wog native dialogs.obj
 0001:0000db10       ??0bad_alloc@std@@QAE@ABV01@@Z 1000eb10 f i wog native dialogs.obj
 0001:0000db30       ?RedrawScreen@_DlgItem_@@QAEXXZ 1000eb30 f   HoMM3_GUI.obj
 0001:0000db60       ?Create@_CustomDlg_@@SAPAV1@HHHHIP6GHPAV1@PAU_DlgMsg_@@@Z@Z 1000eb60 f   HoMM3_GUI.obj
 0001:0000dbe0       ?DlgProcBridge@_CustomDlg_@@SIHPAV1@IPAU_DlgMsg_@@@Z 1000ebe0 f   HoMM3_GUI.obj
 0001:0000dbf9       @__security_check_cookie@4 1000ebf9 f   LIBCMT:secchk.obj
 0001:0000dc08       _sprintf                   1000ec08 f   LIBCMT:sprintf.obj
 0001:0000dc85       ??0exception@std@@QAE@ABQBDH@Z 1000ec85 f   LIBCMT:stdexcpt.obj
 0001:0000dca2       ??0exception@std@@QAE@ABV01@@Z 1000eca2 f   LIBCMT:stdexcpt.obj
 0001:0000dcff       ??1exception@std@@UAE@XZ   1000ecff f   LIBCMT:stdexcpt.obj
 0001:0000dd15       ?what@exception@std@@UBEPBDXZ 1000ed15 f   LIBCMT:stdexcpt.obj
 0001:0000dd22       ??_Eexception@std@@UAEPAXI@Z 1000ed22 f i LIBCMT:stdexcpt.obj
 0001:0000dd22       ??_Gexception@std@@UAEPAXI@Z 1000ed22 f i LIBCMT:stdexcpt.obj
 0001:0000dd43       _free                      1000ed43 f   LIBCMT:free.obj
 0001:0000ddd1       ??3@YAXPAX@Z               1000edd1 f   LIBCMT:delete.obj
 0001:0000dddc       ??1type_info@@UAE@XZ       1000eddc f   LIBCMT:typinfo.obj
 0001:0000ddec       ??_Etype_info@@UAEPAXI@Z   1000edec f i LIBCMT:typinfo.obj
 0001:0000ddec       ??_Gtype_info@@UAEPAXI@Z   1000edec f i LIBCMT:typinfo.obj
 0001:0000de0d       ??0bad_alloc@std@@QAE@XZ   1000ee0d f i LIBCMT:new.obj
 0001:0000de28       ??2@YAPAXI@Z               1000ee28 f   LIBCMT:new.obj
 0001:0000de8d       __CRT_INIT@12              1000ee8d f   LIBCMT:dllcrt0.obj
 0001:0000e0b8       __DllMainCRTStartup@12     1000f0b8 f   LIBCMT:dllcrt0.obj
 0001:0000e0e0       _strlen                    1000f0e0 f   LIBCMT:strlen.obj
 0001:0000e16b       __CxxThrowException@8      1000f16b f   LIBCMT:throw.obj
 0001:0000e1b7       ?_CallMemberFunction0@@YGXPAX0@Z 1000f1b7 f   LIBCMT:_trnsctrl_.obj
 0001:0000e1be       ___report_gsfailure        1000f1be f   LIBCMT:gs_report.obj
 0001:0000e2d0       _memmove                   1000f2d0 f   LIBCMT:memmove.obj
 0001:0000e635       __initp_misc_invarg        1000f635 f   LIBCMT:invarg.obj
 0001:0000e644       __invoke_watson            1000f644 f   LIBCMT:invarg.obj
 0001:0000e76c       __invalid_parameter        1000f76c f   LIBCMT:invarg.obj
 0001:0000e792       __get_errno_from_oserr     1000f792 f   LIBCMT:dosmap.obj
 0001:0000e7d4       __errno                    1000f7d4 f   LIBCMT:dosmap.obj
 0001:0000e7e7       ___doserrno                1000f7e7 f   LIBCMT:dosmap.obj
 0001:0000e7fa       __dosmaperr                1000f7fa f   LIBCMT:dosmap.obj
 0001:0000e81d       __flsbuf                   1000f81d f   LIBCMT:_flsbuf.obj
 0001:0000e981       ??0_LocaleUpdate@@QAE@PAUlocaleinfo_struct@@@Z 1000f981 f i LIBCMT:output.obj
 0001:0000eaae       __output_l                 1000faae f   LIBCMT:output.obj
 0001:0000f646       _strcpy_s                  10010646 f   LIBCMT:strcpy_s.obj
 0001:0000f6ae       _V6_HeapAlloc              100106ae f   LIBCMT:malloc.obj
 0001:0000f6fd       _malloc                    100106fd f   LIBCMT:malloc.obj
 0001:0000f7c7       __heap_init                100107c7 f   LIBCMT:heapinit.obj
 0001:0000f7f7       __heap_term                100107f7 f   LIBCMT:heapinit.obj
 0001:0000f86b       __mtinitlocks              1001086b f   LIBCMT:mlock.obj
 0001:0000f8b6       __mtdeletelocks            100108b6 f   LIBCMT:mlock.obj
 0001:0000f90d       __unlock                   1001090d f   LIBCMT:mlock.obj
 0001:0000f924       __mtinitlocknum            10010924 f   LIBCMT:mlock.obj
 0001:0000f9e7       __lock                     100109e7 f   LIBCMT:mlock.obj
 0001:0000fa1a       ___sbh_find_block          10010a1a f   LIBCMT:sbheap.obj
 0001:0000fa4a       ___sbh_free_block          10010a4a f   LIBCMT:sbheap.obj
 0001:0000fd60       ___sbh_alloc_new_region    10010d60 f   LIBCMT:sbheap.obj
 0001:0000fe10       ___sbh_alloc_new_group     10010e10 f   LIBCMT:sbheap.obj
 0001:0000ff18       ___sbh_resize_block        10010f18 f   LIBCMT:sbheap.obj
 0001:000101f9       ___sbh_alloc_block         100111f9 f   LIBCMT:sbheap.obj
 0001:000104e0       __SEH_prolog4              100114e0 f   LIBCMT:sehprolg4.obj
 0001:00010525       __SEH_epilog4              10011525 f   LIBCMT:sehprolg4.obj
 0001:00010540       __except_handler4          10011540 f   LIBCMT:chandler4.obj
 0001:000106d0       _memset                    100116d0 f   LIBCMT:memset.obj
 0001:00010750       _memcpy                    10011750 f   LIBCMT:memcpy.obj
 0001:00010ab5       ?_Type_info_dtor@type_info@@CAXPAV1@@Z 10011ab5 f   LIBCMT:typname.obj
 0001:00010b30       _strcmp                    10011b30 f   LIBCMT:strcmp.obj
 0001:00010c72       ___onexitinit              10011c72 f   LIBCMT:onexit.obj
 0001:00010ca3       __onexit                   10011ca3 f   LIBCMT:onexit.obj
 0001:00010cdf       _atexit                    10011cdf f   LIBCMT:onexit.obj
 0001:00010cf6       __initp_heap_handler       10011cf6 f   LIBCMT:handler.obj
 0001:00010d05       __callnewh                 10011d05 f   LIBCMT:handler.obj
 0001:00010d2d       __encode_pointer           10011d2d f   LIBCMT:tidtable.obj
 0001:00010d9f       __encoded_null             10011d9f f   LIBCMT:tidtable.obj
 0001:00010da8       __decode_pointer           10011da8 f   LIBCMT:tidtable.obj
 0001:00010e1a       ___crtTlsAlloc@4           10011e1a f   LIBCMT:tidtable.obj
 0001:00010e23       ___set_flsgetvalue         10011e23 f   LIBCMT:tidtable.obj
 0001:00010e57       __mtterm                   10011e57 f   LIBCMT:tidtable.obj
 0001:00010e94       __initptd                  10011e94 f   LIBCMT:tidtable.obj
 0001:00010f7b       __getptd_noexit            10011f7b f   LIBCMT:tidtable.obj
 0001:00010ff4       __getptd                   10011ff4 f   LIBCMT:tidtable.obj
 0001:0001100e       __freefls@4                1001200e f   LIBCMT:tidtable.obj
 0001:0001113d       __freeptd                  1001213d f   LIBCMT:tidtable.obj
 0001:000111ab       __mtinit                   100121ab f   LIBCMT:tidtable.obj
 0001:00011338       __malloc_crt               10012338 f   LIBCMT:crtheap.obj
 0001:0001137d       __calloc_crt               1001237d f   LIBCMT:crtheap.obj
 0001:000113c9       __realloc_crt              100123c9 f   LIBCMT:crtheap.obj
 0001:00011417       __crt_waiting_on_module_handle 10012417 f   LIBCMT:crt0dat.obj
 0001:00011447       __amsg_exit                10012447 f   LIBCMT:crt0dat.obj
 0001:00011470       ___crtCorExitProcess       10012470 f   LIBCMT:crt0dat.obj
 0001:0001149b       ___crtExitProcess          1001249b f   LIBCMT:crt0dat.obj
 0001:000114b3       __lockexit                 100124b3 f   LIBCMT:crt0dat.obj
 0001:000114bc       __unlockexit               100124bc f   LIBCMT:crt0dat.obj
 0001:000114e2       __initterm_e               100124e2 f   LIBCMT:crt0dat.obj
 0001:00011506       __cinit                    10012506 f   LIBCMT:crt0dat.obj
 0001:000116b7       __exit                     100126b7 f   LIBCMT:crt0dat.obj
 0001:000116cd       __cexit                    100126cd f   LIBCMT:crt0dat.obj
 0001:000116dc       __init_pointers            100126dc f   LIBCMT:crt0dat.obj
 0001:0001172a       __ioinit                   1001272a f   LIBCMT:ioinit.obj
 0001:0001197e       __ioterm                   1001297e f   LIBCMT:ioinit.obj
 0001:000119cc       __setenvp                  100129cc f   LIBCMT:stdenvp.obj
 0001:00011c44       __setargv                  10012c44 f   LIBCMT:stdargv.obj
 0001:00011cff       ___crtGetEnvironmentStringsA 10012cff f   LIBCMT:a_env.obj
 0001:00011e36       __RTC_Initialize           10012e36 f   LIBCMT:_initsect_.obj
 0001:00011e5c       __RTC_Terminate            10012e5c f   LIBCMT:_initsect_.obj
 0001:00011e82       __XcptFilter               10012e82 f   LIBCMT:winxfltr.obj
 0001:00011fe2       ___CppXcptFilter           10012fe2 f   LIBCMT:winxfltr.obj
 0001:00012002       ___security_init_cookie    10013002 f   LIBCMT:gs_support.obj
 0001:00012098       ___DestructExceptionObject 10013098 f   LIBCMT:frame.obj
 0001:000120ed       ?terminate@@YAXXZ          100130ed f   LIBCMT:hooks.obj
 0001:00012126       __initp_eh_hooks           10013126 f   LIBCMT:hooks.obj
 0001:00012140       __CallSettingFrame@12      10013140 f   LIBCMT:lowhelpr.obj
 0001:00012167       __NLG_Return               10013167     LIBCMT:lowhelpr.obj
 0001:0001218c       __crt_debugger_hook        1001318c f   LIBCMT:dbghook.obj
 0001:0001221b       __VEC_memcpy               1001321b f   LIBCMT:p4_memcpy.obj
 0001:0001234e       __get_sse2_info            1001334e f   LIBCMT:cpu_disp.obj
 0001:000123b0       ___sse2_available_init     100133b0 f   LIBCMT:cpu_disp.obj
 0001:000123bd       __lseeki64_nolock          100133bd f   LIBCMT:lseeki64.obj
 0001:00012442       __lseeki64                 10013442 f   LIBCMT:lseeki64.obj
 0001:0001255b       __write_nolock             1001355b f   LIBCMT:write.obj
 0001:00012c8e       __write                    10013c8e f   LIBCMT:write.obj
 0001:00012d6a       __getbuf                   10013d6a f   LIBCMT:_getbuf.obj
 0001:00012db3       __isatty                   10013db3 f   LIBCMT:isatty.obj
 0001:00012e17       ___iob_func                10013e17 f   LIBCMT:_file.obj
 0001:00012e1d       ___initstdio               10013e1d f   LIBCMT:_file.obj
 0001:00012ece       ___endstdio                10013ece f   LIBCMT:_file.obj
 0001:00012eee       __lock_file                10013eee f   LIBCMT:_file.obj
 0001:00012f2f       __lock_file2               10013f2f f   LIBCMT:_file.obj
 0001:00012f61       __unlock_file              10013f61 f   LIBCMT:_file.obj
 0001:00012f9d       __unlock_file2             10013f9d f   LIBCMT:_file.obj
 0001:00012fcc       __fileno                   10013fcc f   LIBCMT:fileno.obj
 0001:00013224       ___updatetmbcinfo          10014224 f   LIBCMT:mbctype.obj
 0001:00013344       __setmbcp_nolock           10014344 f   LIBCMT:mbctype.obj
 0001:00013529       __setmbcp                  10014529 f   LIBCMT:mbctype.obj
 0001:000136c3       ___initmbctable            100146c3 f   LIBCMT:mbctype.obj
 0001:000136e1       ___freetlocinfo            100146e1 f   LIBCMT:setlocal.obj
 0001:0001382a       ___addlocaleref            1001482a f   LIBCMT:setlocal.obj
 0001:000138b9       ___removelocaleref         100148b9 f   LIBCMT:setlocal.obj
 0001:00013990       ___updatetlocinfo          10014990 f   LIBCMT:setlocal.obj
 0001:00013a06       __initp_misc_cfltcvt_tab   10014a06 f   LIBCMT:cmiscdat.obj
 0001:00013a27       __get_printf_count_output  10014a27 f   LIBCMT:printf.obj
 0001:00013a3d       __wctomb_s_l               10014a3d f   LIBCMT:wctomb.obj
 0001:00013ba9       _wctomb_s                  10014ba9 f   LIBCMT:wctomb.obj
 0001:00013bc6       __isleadbyte_l             10014bc6 f i LIBCMT:_wctype.obj
 0001:00013bfe       _isleadbyte                10014bfe f i LIBCMT:_wctype.obj
 0001:00013c20       __aulldvrm                 10014c20 f   LIBCMT:ulldvrm.obj
 0001:00013cb5       __NMSG_WRITE               10014cb5 f   LIBCMT:crt0msg.obj
 0001:00013e60       __FF_MSGBANNER             10014e60 f   LIBCMT:crt0msg.obj
 0001:00013e99       __initp_misc_initcrit      10014e99 f   LIBCMT:initcrit.obj
 0001:00013ea8       ___crtInitCritSecAndSpinCount 10014ea8 f   LIBCMT:initcrit.obj
 0001:00013f08       __local_unwind4            10014f08 f   LIBCMT:exsup4.obj
 0001:00013fde       __seh_longjmp_unwind4@4    10014fde f   LIBCMT:exsup4.obj
 0001:00013ffa       @_EH4_CallFilterFunc@8     10014ffa f   LIBCMT:exsup4.obj
 0001:00014011       @_EH4_TransferToHandler@8  10015011 f   LIBCMT:exsup4.obj
 0001:0001402a       @_EH4_GlobalUnwind@4       1001502a f   LIBCMT:exsup4.obj
 0001:00014044       @_EH4_LocalUnwind@16       10015044 f   LIBCMT:exsup4.obj
 0001:00014060       __ValidateImageBase        10015060 f   LIBCMT:pesect.obj
 0001:000140a0       __FindPESection            100150a0 f   LIBCMT:pesect.obj
 0001:000140f0       __IsNonwritableInCurrentImage 100150f0 f   LIBCMT:pesect.obj
 0001:00014204       __VEC_memzero              10015204 f   LIBCMT:p4_memset.obj
 0001:00014293       __msize                    10015293 f   LIBCMT:msize.obj
 0001:00014336       __calloc_impl              10015336 f   LIBCMT:calloc_impl.obj
 0001:00014454       _realloc                   10015454 f   LIBCMT:realloc.obj
 0001:0001466f       __initp_misc_winsig        1001566f f   LIBCMT:winsig.obj
 0001:000146c4       ___get_sigabrt             100156c4 f   LIBCMT:winsig.obj
 0001:000146d1       _raise                     100156d1 f   LIBCMT:winsig.obj
 0001:00014881       __initp_misc_rand_s        10015881 f   LIBCMT:rand_s.obj
 0001:00014890       __initp_misc_purevirt      10015890 f   LIBCMT:inithelp.obj
 0001:000148f2       __ismbblead                100158f2 f   LIBCMT:ismbbyte.obj
 0001:0001490a       _abort                     1001590a f   LIBCMT:abort.obj
 0001:00014a24       __global_unwind2           10015a24 f   LIBCMT:exsup.obj
 0001:00014a89       __local_unwind2            10015a89 f   LIBCMT:exsup.obj
 0001:00014b0d       __abnormal_termination     10015b0d f   LIBCMT:exsup.obj
 0001:00014b30       __NLG_Notify1              10015b30 f   LIBCMT:exsup.obj
 0001:00014b39       __NLG_Notify               10015b39 f   LIBCMT:exsup.obj
 0001:00014b50       __NLG_Dispatch2            10015b50     LIBCMT:exsup.obj
 0001:00014b50       __NLG_Dispatch             10015b50     LIBCMT:exsup.obj
 0001:00014b58       __NLG_Call                 10015b58 f   LIBCMT:exsup.obj
 0001:00014b5a       __NLG_Return2              10015b5a     LIBCMT:exsup.obj
 0001:00014b5b       __free_osfhnd              10015b5b f   LIBCMT:osfinfo.obj
 0001:00014be1       __get_osfhandle            10015be1 f   LIBCMT:osfinfo.obj
 0001:00014c58       ___lock_fhandle            10015c58 f   LIBCMT:osfinfo.obj
 0001:00014cf8       __unlock_fhandle           10015cf8 f   LIBCMT:osfinfo.obj
 0001:00014d1f       __putwch_nolock            10015d1f f   LIBCMT:putwch.obj
 0001:00014de4       __mbtowc_l                 10015de4 f   LIBCMT:mbtowc.obj
 0001:00014efb       _mbtowc                    10015efb f   LIBCMT:mbtowc.obj
 0001:00014f20       __chkstk                   10015f20 f   LIBCMT:chkstk.obj
 0001:00014f20       __alloca_probe             10015f20     LIBCMT:chkstk.obj
 0001:00014f4b       __fcloseall                10015f4b f   LIBCMT:closeall.obj
 0001:00014fea       __flush                    10015fea f   LIBCMT:fflush.obj
 0001:00015052       __fflush_nolock            10016052 f   LIBCMT:fflush.obj
 0001:00015174       __flushall                 10016174 f   LIBCMT:fflush.obj
 0001:0001517d       __freea                    1001617d f i LIBCMT:a_map.obj
 0001:00015542       ___crtLCMapStringA         10016542 f   LIBCMT:a_map.obj
 0001:00015741       ___crtGetStringTypeA       10016741 f   LIBCMT:a_str.obj
 0001:00015783       ___free_lc_time            10016783 f   LIBCMT:inittime.obj
 0001:00015918       ___free_lconv_num          10016918 f   LIBCMT:initnum.obj
 0001:0001595d       ___free_lconv_mon          1001695d f   LIBCMT:initmon.obj
 0001:000159eb       _strcat_s                  100169eb f   LIBCMT:strcat_s.obj
 0001:00015a60       _strcspn                   10016a60 f   LIBCMT:strcspn.obj
 0001:00015aa6       _strncpy_s                 10016aa6 f   LIBCMT:strncpy_s.obj
 0001:00015b60       _strpbrk                   10016b60 f   LIBCMT:strpbrk.obj
 0001:00015ba0       __fptrap                   10016ba0 f   LIBCMT:crt0fp.obj
 0001:00015dd8       _strtol                    10016dd8 f   LIBCMT:strtol.obj
 0001:00015e03       ___crtMessageBoxA          10016e03 f   LIBCMT:crtmbox.obj
 0001:00015f6c       __set_error_mode           10016f6c f   LIBCMT:errmode.obj
 0001:00015fc0       __allmul                   10016fc0 f   LIBCMT:llmul.obj
 0001:00015ff4       _atol                      10016ff4 f   LIBCMT:atox.obj
 0001:0001600a       __isdigit_l                1001700a f i LIBCMT:_ctype.obj
 0001:0001605b       _isdigit                   1001705b f i LIBCMT:_ctype.obj
 0001:00016089       ___initconout              10017089 f   LIBCMT:initcon.obj
 0001:000160a8       ___termcon                 100170a8 f   LIBCMT:initcon.obj
 0001:000160d5       __fclose_nolock            100170d5 f   LIBCMT:fclose.obj
 0001:0001614c       _fclose                    1001714c f   LIBCMT:fclose.obj
 0001:000161c8       __commit                   100171c8 f   LIBCMT:commit.obj
 0001:000162a9       ___ansicp                  100172a9 f   LIBCMT:convrtcp.obj
 0001:000162f2       ___convertcp               100172f2 f   LIBCMT:convrtcp.obj
 0001:000164b0       __alloca_probe_16          100174b0 f   LIBCMT:alloca16.obj
 0001:000164c6       __alloca_probe_8           100174c6     LIBCMT:alloca16.obj
 0001:000164dc       __isctype_l                100174dc f   LIBCMT:isctype.obj
 0001:00016594       __close_nolock             10017594 f   LIBCMT:close.obj
 0001:00016630       __close                    10017630 f   LIBCMT:close.obj
 0001:000166fd       __freebuf                  100176fd f   LIBCMT:_freebuf.obj
 0001:0001672e       __tolower_l                1001772e f   LIBCMT:tolower.obj
 0001:00016843       _tolower                   10017843 f   LIBCMT:tolower.obj
 0001:00016870       ___ascii_strnicmp          10017870 f   LIBCMT:_strnicm.obj
 0001:000168f0       _strchr                    100178f0 f   LIBCMT:strchr.obj
 0001:000168f6       ___from_strstr_to_strchr   100178f6     LIBCMT:strchr.obj
 0001:000169ae       _RtlUnwind@16              100179ae f   kernel32:KERNEL32.dll
 0001:000169b4       __fpclear                  100179b4 f   LIBCMT:_fpinit_.obj
 0001:000169b4       __initp_misc_winxfltr      100179b4 f   LIBCMT:winxfltr.obj
 0001:000169b5       __cfltcvt_init             100179b5 f   LIBCMT:_fpinit_.obj
 0001:00016a15       __fpmath                   10017a15 f   LIBCMT:_fpinit_.obj
 0001:00016a40       __ftol2_sse                10017a40 f   LIBCMT:ftol2.obj
 0001:00016a49       __ftol2_pentium4           10017a49 f   LIBCMT:ftol2.obj
 0001:00016a5c       __ftol2_sse_excpt          10017a5c f   LIBCMT:ftol2.obj
 0001:00016a76       __ftol2                    10017a76 f   LIBCMT:ftol2.obj
 0001:00016aeb       __forcdecpt_l              10017aeb f   LIBCMT:cvt.obj
 0001:00016b5e       __cropzeros_l              10017b5e f   LIBCMT:cvt.obj
 0001:00016be0       __positive                 10017be0 f   LIBCMT:cvt.obj
 0001:00016bfc       __fassign_l                10017bfc f   LIBCMT:cvt.obj
 0001:00016c3e       __fassign                  10017c3e f   LIBCMT:cvt.obj
 0001:00016c77       __forcdecpt                10017c77 f   LIBCMT:cvt.obj
 0001:00016c8a       __cropzeros                10017c8a f   LIBCMT:cvt.obj
 0001:00016e0c       __cftoe_l                  10017e0c f   LIBCMT:cvt.obj
 0001:00016edc       __cftoe                    10017edc f   LIBCMT:cvt.obj
 0001:00016efc       __cftoa_l                  10017efc f   LIBCMT:cvt.obj
 0001:00017366       __cftof_l                  10018366 f   LIBCMT:cvt.obj
 0001:00017421       __cftog_l                  10018421 f   LIBCMT:cvt.obj
 0001:0001751b       __cfltcvt_l                1001851b f   LIBCMT:cvt.obj
 0001:000175a3       __cfltcvt                  100185a3 f   LIBCMT:cvt.obj
 0001:000175c6       __setdefaultprecision      100185c6 f   LIBCMT:fp8.obj
 0001:000175f1       __ms_p5_test_fdiv          100185f1 f   LIBCMT:_testfdiv_.obj
 0001:0001762f       __ms_p5_mp_test_fdiv       1001862f f   LIBCMT:_testfdiv_.obj
 0001:00017660       _strrchr                   10018660 f   LIBCMT:strrchr.obj
 0001:0001768d       __atodbl_l                 1001868d f   LIBCMT:atodbl.obj
 0001:00017735       __atoflt_l                 10018735 f   LIBCMT:atodbl.obj
 0001:000177dd       __fptostr                  100187dd f   LIBCMT:_fptostr.obj
 0001:0001789c       ___dtold                   1001889c f   LIBCMT:_cfout_.obj
 0001:00017959       __fltout2                  10018959 f   LIBCMT:_cfout_.obj
 0001:000179f0       __alldvrm                  100189f0 f   LIBCMT:lldvrm.obj
 0001:00017ad0       __aullshr                  10018ad0 f   LIBCMT:ullshr.obj
 0001:00017aef       __controlfp_s              10018aef f   LIBCMT:_contrlfp_.obj
 0001:00017b5b       __ld12tod                  10018b5b f   LIBCMT:_intrncvt_.obj
 0001:0001809f       __ld12tof                  1001909f f   LIBCMT:_intrncvt_.obj
 0001:000185e3       ___strgtold12_l            100195e3 f   LIBCMT:_strgtold_.obj
 0001:00018cdb       _$I10_OUTPUT               10019cdb f   LIBCMT:_x10fout_.obj
 0001:0001972d       __control87                1001a72d f i LIBCMT:_ieee87_.obj
 0001:00019a3c       ___mtold12                 1001aa3c f   LIBCMT:_mantold_.obj
 0001:00019c0a       ___set_fpsr_sse2           1001ac0a f   LIBCMT:_fpctrl_.obj
 0002:00000000       __imp__GetProcAddress@8    1001b000     kernel32:KERNEL32.dll
 0002:00000004       __imp__LoadLibraryA@4      1001b004     kernel32:KERNEL32.dll
 0002:00000008       __imp__CreateFileA@28      1001b008     kernel32:KERNEL32.dll
 0002:0000000c       __imp__SetFilePointer@16   1001b00c     kernel32:KERNEL32.dll
 0002:00000010       __imp__CloseHandle@4       1001b010     kernel32:KERNEL32.dll
 0002:00000014       __imp__GetLastError@0      1001b014     kernel32:KERNEL32.dll
 0002:00000018       __imp__HeapFree@12         1001b018     kernel32:KERNEL32.dll
 0002:0000001c       __imp__GetCurrentThreadId@0 1001b01c     kernel32:KERNEL32.dll
 0002:00000020       __imp__GetCommandLineA@0   1001b020     kernel32:KERNEL32.dll
 0002:00000024       __imp__RaiseException@16   1001b024     kernel32:KERNEL32.dll
 0002:00000028       __imp__RtlUnwind@16        1001b028     kernel32:KERNEL32.dll
 0002:0000002c       __imp__TerminateProcess@8  1001b02c     kernel32:KERNEL32.dll
 0002:00000030       __imp__GetCurrentProcess@0 1001b030     kernel32:KERNEL32.dll
 0002:00000034       __imp__UnhandledExceptionFilter@4 1001b034     kernel32:KERNEL32.dll
 0002:00000038       __imp__SetUnhandledExceptionFilter@4 1001b038     kernel32:KERNEL32.dll
 0002:0000003c       __imp__IsDebuggerPresent@0 1001b03c     kernel32:KERNEL32.dll
 0002:00000040       __imp__HeapAlloc@12        1001b040     kernel32:KERNEL32.dll
 0002:00000044       __imp__HeapCreate@12       1001b044     kernel32:KERNEL32.dll
 0002:00000048       __imp__HeapDestroy@4       1001b048     kernel32:KERNEL32.dll
 0002:0000004c       __imp__VirtualFree@12      1001b04c     kernel32:KERNEL32.dll
 0002:00000050       __imp__DeleteCriticalSection@4 1001b050     kernel32:KERNEL32.dll
 0002:00000054       __imp__LeaveCriticalSection@4 1001b054     kernel32:KERNEL32.dll
 0002:00000058       __imp__EnterCriticalSection@4 1001b058     kernel32:KERNEL32.dll
 0002:0000005c       __imp__VirtualAlloc@16     1001b05c     kernel32:KERNEL32.dll
 0002:00000060       __imp__HeapReAlloc@16      1001b060     kernel32:KERNEL32.dll
 0002:00000064       __imp__GetModuleHandleW@4  1001b064     kernel32:KERNEL32.dll
 0002:00000068       __imp__TlsGetValue@4       1001b068     kernel32:KERNEL32.dll
 0002:0000006c       __imp__TlsAlloc@0          1001b06c     kernel32:KERNEL32.dll
 0002:00000070       __imp__TlsSetValue@8       1001b070     kernel32:KERNEL32.dll
 0002:00000074       __imp__TlsFree@4           1001b074     kernel32:KERNEL32.dll
 0002:00000078       __imp__InterlockedIncrement@4 1001b078     kernel32:KERNEL32.dll
 0002:0000007c       __imp__SetLastError@4      1001b07c     kernel32:KERNEL32.dll
 0002:00000080       __imp__InterlockedDecrement@4 1001b080     kernel32:KERNEL32.dll
 0002:00000084       __imp__Sleep@4             1001b084     kernel32:KERNEL32.dll
 0002:00000088       __imp__ExitProcess@4       1001b088     kernel32:KERNEL32.dll
 0002:0000008c       __imp__SetHandleCount@4    1001b08c     kernel32:KERNEL32.dll
 0002:00000090       __imp__GetStdHandle@4      1001b090     kernel32:KERNEL32.dll
 0002:00000094       __imp__GetFileType@4       1001b094     kernel32:KERNEL32.dll
 0002:00000098       __imp__GetStartupInfoA@4   1001b098     kernel32:KERNEL32.dll
 0002:0000009c       __imp__GetModuleFileNameA@12 1001b09c     kernel32:KERNEL32.dll
 0002:000000a0       __imp__FreeEnvironmentStringsA@4 1001b0a0     kernel32:KERNEL32.dll
 0002:000000a4       __imp__GetEnvironmentStrings@0 1001b0a4     kernel32:KERNEL32.dll
 0002:000000a8       __imp__FreeEnvironmentStringsW@4 1001b0a8     kernel32:KERNEL32.dll
 0002:000000ac       __imp__WideCharToMultiByte@32 1001b0ac     kernel32:KERNEL32.dll
 0002:000000b0       __imp__GetEnvironmentStringsW@0 1001b0b0     kernel32:KERNEL32.dll
 0002:000000b4       __imp__QueryPerformanceCounter@4 1001b0b4     kernel32:KERNEL32.dll
 0002:000000b8       __imp__GetTickCount@0      1001b0b8     kernel32:KERNEL32.dll
 0002:000000bc       __imp__GetCurrentProcessId@0 1001b0bc     kernel32:KERNEL32.dll
 0002:000000c0       __imp__GetSystemTimeAsFileTime@4 1001b0c0     kernel32:KERNEL32.dll
 0002:000000c4       __imp__WriteFile@20        1001b0c4     kernel32:KERNEL32.dll
 0002:000000c8       __imp__GetConsoleCP@0      1001b0c8     kernel32:KERNEL32.dll
 0002:000000cc       __imp__GetConsoleMode@8    1001b0cc     kernel32:KERNEL32.dll
 0002:000000d0       __imp__GetCPInfo@8         1001b0d0     kernel32:KERNEL32.dll
 0002:000000d4       __imp__GetACP@0            1001b0d4     kernel32:KERNEL32.dll
 0002:000000d8       __imp__GetOEMCP@0          1001b0d8     kernel32:KERNEL32.dll
 0002:000000dc       __imp__IsValidCodePage@4   1001b0dc     kernel32:KERNEL32.dll
 0002:000000e0       __imp__InitializeCriticalSectionAndSpinCount@8 1001b0e0     kernel32:KERNEL32.dll
 0002:000000e4       __imp__HeapSize@12         1001b0e4     kernel32:KERNEL32.dll
 0002:000000e8       __imp__SetStdHandle@8      1001b0e8     kernel32:KERNEL32.dll
 0002:000000ec       __imp__WriteConsoleA@20    1001b0ec     kernel32:KERNEL32.dll
 0002:000000f0       __imp__GetConsoleOutputCP@0 1001b0f0     kernel32:KERNEL32.dll
 0002:000000f4       __imp__WriteConsoleW@20    1001b0f4     kernel32:KERNEL32.dll
 0002:000000f8       __imp__MultiByteToWideChar@24 1001b0f8     kernel32:KERNEL32.dll
 0002:000000fc       __imp__LCMapStringA@24     1001b0fc     kernel32:KERNEL32.dll
 0002:00000100       __imp__LCMapStringW@24     1001b100     kernel32:KERNEL32.dll
 0002:00000104       __imp__GetStringTypeA@20   1001b104     kernel32:KERNEL32.dll
 0002:00000108       __imp__GetStringTypeW@16   1001b108     kernel32:KERNEL32.dll
 0002:0000010c       __imp__GetLocaleInfoA@16   1001b10c     kernel32:KERNEL32.dll
 0002:00000110       __imp__FlushFileBuffers@4  1001b110     kernel32:KERNEL32.dll
 0002:00000114       __imp__GetModuleHandleA@4  1001b114     kernel32:KERNEL32.dll
 0002:00000118       \177KERNEL32_NULL_THUNK_DATA 1001b118     kernel32:KERNEL32.dll
 0002:0000011c       ___xc_a                    1001b11c     LIBCMT:crt0init.obj
 0002:00000120       ___xc_z                    1001b120     LIBCMT:crt0init.obj
 0002:00000124       ___xi_a                    1001b124     LIBCMT:crt0init.obj
 0002:00000138       ___xi_z                    1001b138     LIBCMT:crt0init.obj
 0002:0000013c       ___xp_a                    1001b13c     LIBCMT:crt0init.obj
 0002:00000148       ___xp_z                    1001b148     LIBCMT:crt0init.obj
 0002:0000014c       ___xt_a                    1001b14c     LIBCMT:crt0init.obj
 0002:00000150       ___xt_z                    1001b150     LIBCMT:crt0init.obj
 0002:00000180       ??_7bad_alloc@std@@6B@     1001b180     libcpmt:string.obj
 0002:0000018c       ??_7exception@std@@6B@     1001b18c     LIBCMT:stdexcpt.obj
 0002:00000194       ??_C@_0BC@EOODALEL@Unknown?5exception?$AA@ 1001b194     LIBCMT:stdexcpt.obj
 0002:000001ac       ??_7type_info@@6B@         1001b1ac     LIBCMT:typinfo.obj
 0002:000001b0       __pRawDllMain              1001b1b0     LIBCMT:dllcrt0.obj
 0002:000001b0       __pDefaultRawDllMain       1001b1b0     LIBCMT:dllcrt0.obj
 0002:000001dc       ??_C@_1O@CEDCILHN@?$AA?$CI?$AAn?$AAu?$AAl?$AAl?$AA?$CJ?$AA?$AA@ 1001b1dc     LIBCMT:output.obj
 0002:000001ec       ??_C@_06OJHGLDPL@?$CInull?$CJ?$AA@ 1001b1ec     LIBCMT:output.obj
 0002:000001f8       ___lookuptable             1001b1f8     LIBCMT:output.obj
 0002:00000254       ??_C@_0O@NLDKAIKN@EncodePointer?$AA@ 1001b254     LIBCMT:tidtable.obj
 0002:00000264       ??_C@_1BK@DBDEIDLH@?$AAK?$AAE?$AAR?$AAN?$AAE?$AAL?$AA3?$AA2?$AA?4?$AAD?$AAL?$AAL?$AA?$AA@ 1001b264     LIBCMT:tidtable.obj
 0002:00000280       ??_C@_0O@KBPMFGHI@DecodePointer?$AA@ 1001b280     LIBCMT:tidtable.obj
 0002:00000290       ??_C@_07PEJMOBNF@FlsFree?$AA@ 1001b290     LIBCMT:tidtable.obj
 0002:00000298       ??_C@_0M@JCPCPOEF@FlsSetValue?$AA@ 1001b298     LIBCMT:tidtable.obj
 0002:000002a4       ??_C@_0M@GDNOONDI@FlsGetValue?$AA@ 1001b2a4     LIBCMT:tidtable.obj
 0002:000002b0       ??_C@_08KNHFBNJ@FlsAlloc?$AA@ 1001b2b0     LIBCMT:tidtable.obj
 0002:000002bc       ??_C@_0P@MIGLKIOC@CorExitProcess?$AA@ 1001b2bc     LIBCMT:crt0dat.obj
 0002:000002cc       ??_C@_1BI@BGOHAHKC@?$AAm?$AAs?$AAc?$AAo?$AAr?$AAe?$AAe?$AA?4?$AAd?$AAl?$AAl?$AA?$AA@ 1001b2cc     LIBCMT:crt0dat.obj
 0002:000002e8       __XcptActTab               1001b2e8     LIBCMT:winxfltr.obj
 0002:00000360       __pDestructExceptionObject 1001b360     LIBCMT:frame.obj
 0002:000003e8       ??_C@_01NEMOKFLO@?$DN?$AA@ 1001b3e8     LIBCMT:setlocal.obj
 0002:000003f0       ___lookuptable_s           1001b3f0     LIBCMT:outputs.obj
 0002:0000044c       ??_C@_0P@GGKDKEEG@runtime?5error?5?$AA@ 1001b44c     LIBCMT:crt0msg.obj
 0002:0000045c       ??_C@_02PCIJFNDE@?$AN?6?$AA@ 1001b45c     LIBCMT:crt0msg.obj
 0002:00000460       ??_C@_0O@MJNIPGOH@TLOSS?5error?$AN?6?$AA@ 1001b460     LIBCMT:crt0msg.obj
 0002:00000470       ??_C@_0N@BONNPDHF@SING?5error?$AN?6?$AA@ 1001b470     LIBCMT:crt0msg.obj
 0002:00000480       ??_C@_0P@MBDAJNE@DOMAIN?5error?$AN?6?$AA@ 1001b480     LIBCMT:crt0msg.obj
 0002:00000490       ??_C@_0JL@DFDOOABL@R6034?$AN?6An?5application?5has?5made?5a@ 1001b490     LIBCMT:crt0msg.obj
 0002:00000530       ??_C@_0PH@EPAFIJ@R6033?$AN?6?9?5Attempt?5to?5use?5MSIL?5cod@ 1001b530     LIBCMT:crt0msg.obj
 0002:00000628       ??_C@_0DD@BKEEABMM@R6032?$AN?6?9?5not?5enough?5space?5for?5lo@ 1001b628     LIBCMT:crt0msg.obj
 0002:00000660       ??_C@_0GD@OFKILIED@R6031?$AN?6?9?5Attempt?5to?5initialize?5t@ 1001b660     LIBCMT:crt0msg.obj
 0002:000006c4       ??_C@_0BP@LPMHJOKI@R6030?$AN?6?9?5CRT?5not?5initialized?$AN?6?$AA@ 1001b6c4     LIBCMT:crt0msg.obj
 0002:000006e4       ??_C@_0CF@KJDAIALP@R6028?$AN?6?9?5unable?5to?5initialize?5he@ 1001b6e4     LIBCMT:crt0msg.obj
 0002:0000070c       ??_C@_0DF@GAKBPDFP@R6027?$AN?6?9?5not?5enough?5space?5for?5lo@ 1001b70c     LIBCMT:crt0msg.obj
 0002:00000744       ??_C@_0DF@IBLNNAIG@R6026?$AN?6?9?5not?5enough?5space?5for?5st@ 1001b744     LIBCMT:crt0msg.obj
 0002:0000077c       ??_C@_0CG@IOHKGFNJ@R6025?$AN?6?9?5pure?5virtual?5function?5c@ 1001b77c     LIBCMT:crt0msg.obj
 0002:000007a4       ??_C@_0DF@JIJJFJDC@R6024?$AN?6?9?5not?5enough?5space?5for?5_o@ 1001b7a4     LIBCMT:crt0msg.obj
 0002:000007dc       ??_C@_0CJ@EGEJHFME@R6019?$AN?6?9?5unable?5to?5open?5console?5@ 1001b7dc     LIBCMT:crt0msg.obj
 0002:00000808       ??_C@_0CB@GNHNIELH@R6018?$AN?6?9?5unexpected?5heap?5error?$AN?6@ 1001b808     LIBCMT:crt0msg.obj
 0002:0000082c       ??_C@_0CN@FOLDKNG@R6017?$AN?6?9?5unexpected?5multithread?5@ 1001b82c     LIBCMT:crt0msg.obj
 0002:0000085c       ??_C@_0CM@FAHFJNHO@R6016?$AN?6?9?5not?5enough?5space?5for?5th@ 1001b85c     LIBCMT:crt0msg.obj
 0002:00000888       ??_C@_0JG@LBKMGKLD@?$AN?6This?5application?5has?5requested@ 1001b888     LIBCMT:crt0msg.obj
 0002:00000920       ??_C@_0CM@FLCNIPKK@R6009?$AN?6?9?5not?5enough?5space?5for?5en@ 1001b920     LIBCMT:crt0msg.obj
 0002:0000094c       ??_C@_0CK@KMMJOAPP@R6008?$AN?6?9?5not?5enough?5space?5for?5ar@ 1001b94c     LIBCMT:crt0msg.obj
 0002:00000978       ??_C@_0CN@LEKKICBM@R6002?$AN?6?9?5floating?5point?5support?5@ 1001b978     LIBCMT:crt0msg.obj
 0002:000009a8       ??_C@_0CF@GOGNBNAK@Microsoft?5Visual?5C?$CL?$CL?5Runtime?5Lib@ 1001b9a8     LIBCMT:crt0msg.obj
 0002:000009d0       ??_C@_02PHMGELLB@?6?6?$AA@ 1001b9d0     LIBCMT:crt0msg.obj
 0002:000009d4       ??_C@_03KHICJKCI@?4?4?4?$AA@ 1001b9d4     LIBCMT:crt0msg.obj
 0002:000009d8       ??_C@_0BH@DNAGHKFM@?$DMprogram?5name?5unknown?$DO?$AA@ 1001b9d8     LIBCMT:crt0msg.obj
 0002:000009f0       ??_C@_0BK@OFGJDLJJ@Runtime?5Error?$CB?6?6Program?3?5?$AA@ 1001b9f0     LIBCMT:crt0msg.obj
 0002:00000a0c       ??_C@_0BK@CFCOFLF@?5Complete?5Object?5Locator?8?$AA@ 1001ba0c     LIBCMT:undname.obj
 0002:00000a28       ??_C@_0BN@MECKDCOJ@?5Class?5Hierarchy?5Descriptor?8?$AA@ 1001ba28     LIBCMT:undname.obj
 0002:00000a48       ??_C@_0BD@LGICGFMM@?5Base?5Class?5Array?8?$AA@ 1001ba48     LIBCMT:undname.obj
 0002:00000a5c       ??_C@_0BM@LDKODKLH@?5Base?5Class?5Descriptor?5at?5?$CI?$AA@ 1001ba5c     LIBCMT:undname.obj
 0002:00000a78       ??_C@_0BC@DAFEJGAK@?5Type?5Descriptor?8?$AA@ 1001ba78     LIBCMT:undname.obj
 0002:00000a8c       ??_C@_0BM@PMGGMLDN@?$GAlocal?5static?5thread?5guard?8?$AA@ 1001ba8c     LIBCMT:undname.obj
 0002:00000aa8       ??_C@_0CL@FGIJHLCE@?$GAmanaged?5vector?5copy?5constructor@ 1001baa8     LIBCMT:undname.obj
 0002:00000ad4       ??_C@_0CJ@GJELGAMM@?$GAvector?5vbase?5copy?5constructor?5i@ 1001bad4     LIBCMT:undname.obj
 0002:00000b00       ??_C@_0CD@CGAJBKEJ@?$GAvector?5copy?5constructor?5iterato@ 1001bb00     LIBCMT:undname.obj
 0002:00000b24       ??_C@_0CB@PDBIFEP@?$GAdynamic?5atexit?5destructor?5for?5?8@ 1001bb24     LIBCMT:undname.obj
 0002:00000b48       ??_C@_0BL@CLIPGLGB@?$GAdynamic?5initializer?5for?5?8?$AA@ 1001bb48     LIBCMT:undname.obj
 0002:00000b64       ??_C@_0CM@FCBBDIGB@?$GAeh?5vector?5vbase?5copy?5constructo@ 1001bb64     LIBCMT:undname.obj
 0002:00000b90       ??_C@_0CG@HLDDJMAG@?$GAeh?5vector?5copy?5constructor?5iter@ 1001bb90     LIBCMT:undname.obj
 0002:00000bb8       ??_C@_0CF@IMGKMJNO@?$GAmanaged?5vector?5destructor?5itera@ 1001bbb8     LIBCMT:undname.obj
 0002:00000be0       ??_C@_0CG@CFDHKGGD@?$GAmanaged?5vector?5constructor?5iter@ 1001bbe0     LIBCMT:undname.obj
 0002:00000c08       ??_C@_0BN@CKNJLHMB@?$GAplacement?5delete?$FL?$FN?5closure?8?$AA@ 1001bc08     LIBCMT:undname.obj
 0002:00000c28       ??_C@_0BL@CNOONJFP@?$GAplacement?5delete?5closure?8?$AA@ 1001bc28     LIBCMT:undname.obj
 0002:00000c44       ??_C@_0P@HJKNJFNN@?$GAomni?5callsig?8?$AA@ 1001bc44     LIBCMT:undname.obj
 0002:00000c54       ??_C@_09LBNFPBCA@?5delete?$FL?$FN?$AA@ 1001bc54     LIBCMT:undname.obj
 0002:00000c60       ??_C@_06FHBGPFGH@?5new?$FL?$FN?$AA@ 1001bc60     LIBCMT:undname.obj
 0002:00000c68       ??_C@_0CE@IIHCMGGL@?$GAlocal?5vftable?5constructor?5closu@ 1001bc68     LIBCMT:undname.obj
 0002:00000c8c       ??_C@_0BA@KKLDJDLB@?$GAlocal?5vftable?8?$AA@ 1001bc8c     LIBCMT:undname.obj
 0002:00000c9c       ??_C@_05KHLCHHI@?$GARTTI?$AA@ 1001bc9c     LIBCMT:undname.obj
 0002:00000ca4       ??_C@_03KLGMFNMG@?$GAEH?$AA@ 1001bca4     LIBCMT:undname.obj
 0002:00000ca8       ??_C@_0BA@KBCDOMBN@?$GAudt?5returning?8?$AA@ 1001bca8     LIBCMT:undname.obj
 0002:00000cb8       ??_C@_0BL@LLKPOHJI@?$GAcopy?5constructor?5closure?8?$AA@ 1001bcb8     LIBCMT:undname.obj
 0002:00000cd4       ??_C@_0CH@OOJPLCPH@?$GAeh?5vector?5vbase?5constructor?5ite@ 1001bcd4     LIBCMT:undname.obj
 0002:00000cfc       ??_C@_0CA@GCEOPDGL@?$GAeh?5vector?5destructor?5iterator?8?$AA@ 1001bcfc     LIBCMT:undname.obj
 0002:00000d1c       ??_C@_0CB@JONCMFFK@?$GAeh?5vector?5constructor?5iterator?8@ 1001bd1c     LIBCMT:undname.obj
 0002:00000d40       ??_C@_0BL@NILFHHPC@?$GAvirtual?5displacement?5map?8?$AA@ 1001bd40     LIBCMT:undname.obj
 0002:00000d5c       ??_C@_0CE@IKBNEHA@?$GAvector?5vbase?5constructor?5iterat@ 1001bd5c     LIBCMT:undname.obj
 0002:00000d80       ??_C@_0BN@LFPFMEDL@?$GAvector?5destructor?5iterator?8?$AA@ 1001bd80     LIBCMT:undname.obj
 0002:00000da0       ??_C@_0BO@PFGOCPJJ@?$GAvector?5constructor?5iterator?8?$AA@ 1001bda0     LIBCMT:undname.obj
 0002:00000dc0       ??_C@_0BN@IMDCHIKM@?$GAscalar?5deleting?5destructor?8?$AA@ 1001bdc0     LIBCMT:undname.obj
 0002:00000de0       ??_C@_0BO@OBMKPJIG@?$GAdefault?5constructor?5closure?8?$AA@ 1001bde0     LIBCMT:undname.obj
 0002:00000e00       ??_C@_0BN@DEGPLNFK@?$GAvector?5deleting?5destructor?8?$AA@ 1001be00     LIBCMT:undname.obj
 0002:00000e20       ??_C@_0BD@JDLKDPAB@?$GAvbase?5destructor?8?$AA@ 1001be20     LIBCMT:undname.obj
 0002:00000e34       ??_C@_08OBABFOLI@?$GAstring?8?$AA@ 1001be34     LIBCMT:undname.obj
 0002:00000e40       ??_C@_0BF@KDPPACIK@?$GAlocal?5static?5guard?8?$AA@ 1001be40     LIBCMT:undname.obj
 0002:00000e58       ??_C@_08LLFFHHDJ@?$GAtypeof?8?$AA@ 1001be58     LIBCMT:undname.obj
 0002:00000e64       ??_C@_07FEEIOKP@?$GAvcall?8?$AA@ 1001be64     LIBCMT:undname.obj
 0002:00000e6c       ??_C@_09BLBHBJP@?$GAvbtable?8?$AA@ 1001be6c     LIBCMT:undname.obj
 0002:00000e78       ??_C@_09IFPLHPGF@?$GAvftable?8?$AA@ 1001be78     LIBCMT:undname.obj
 0002:00000e84       ??_C@_02MHEGNOJ@?$FO?$DN?$AA@ 1001be84     LIBCMT:undname.obj
 0002:00000e88       ??_C@_02DHLNPPGH@?$HM?$DN?$AA@ 1001be88     LIBCMT:undname.obj
 0002:00000e8c       ??_C@_02FGJGFEAB@?$CG?$DN?$AA@ 1001be8c     LIBCMT:undname.obj
 0002:00000e90       ??_C@_03CDNPDDLA@?$DM?$DM?$DN?$AA@ 1001be90     LIBCMT:undname.obj
 0002:00000e94       ??_C@_03IKFCCPFF@?$DO?$DO?$DN?$AA@ 1001be94     LIBCMT:undname.obj
 0002:00000e98       ??_C@_02FENAOKFI@?$CF?$DN?$AA@ 1001be98     LIBCMT:undname.obj
 0002:00000e9c       ??_C@_02FJEHGPIO@?1?$DN?$AA@ 1001be9c     LIBCMT:undname.obj
 0002:00000ea0       ??_C@_02FKMDLLOA@?9?$DN?$AA@ 1001bea0     LIBCMT:undname.obj
 0002:00000ea4       ??_C@_02FOEOMHFC@?$CL?$DN?$AA@ 1001bea4     LIBCMT:undname.obj
 0002:00000ea8       ??_C@_02FPIMKNGF@?$CK?$DN?$AA@ 1001bea8     LIBCMT:undname.obj
 0002:00000eac       ??_C@_02NONPIBCD@?$HM?$HM?$AA@ 1001beac     LIBCMT:undname.obj
 0002:00000eb0       ??_C@_02PPKAJPJL@?$CG?$CG?$AA@ 1001beb0     LIBCMT:undname.obj
 0002:00000eb4       ??_C@_01DNKMNLPK@?$HM?$AA@ 1001beb4     LIBCMT:undname.obj
 0002:00000eb8       ??_C@_01JKBOJNNK@?$FO?$AA@ 1001beb8     LIBCMT:undname.obj
 0002:00000ebc       ??_C@_01PJKLJHI@?$HO?$AA@  1001bebc     LIBCMT:undname.obj
 0002:00000ec0       ??_C@_02HCKGKOFO@?$CI?$CJ?$AA@ 1001bec0     LIBCMT:undname.obj
 0002:00000ec4       ??_C@_01IHBHIGKO@?0?$AA@   1001bec4     LIBCMT:undname.obj
 0002:00000ec8       ??_C@_02EEKDKGMJ@?$DO?$DN?$AA@ 1001bec8     LIBCMT:undname.obj
 0002:00000ecc       ??_C@_01PPODPGHN@?$DO?$AA@ 1001becc     LIBCMT:undname.obj
 0002:00000ed0       ??_C@_02EHCHHCKH@?$DM?$DN?$AA@ 1001bed0     LIBCMT:undname.obj
 0002:00000ed4       ??_C@_01MNNFJEPP@?$DM?$AA@ 1001bed4     LIBCMT:undname.obj
 0002:00000ed8       ??_C@_01FGNFDNOH@?$CF?$AA@ 1001bed8     LIBCMT:undname.obj
 0002:00000edc       ??_C@_01KMDKNFGN@?1?$AA@   1001bedc     LIBCMT:undname.obj
 0002:00000ee0       ??_C@_03MNHNFDLC@?9?$DO?$CK?$AA@ 1001bee0     LIBCMT:undname.obj
 0002:00000ee4       ??_C@_01HNPIGOCE@?$CG?$AA@ 1001bee4     LIBCMT:undname.obj
 0002:00000ee8       ??_C@_01MIFGBAGJ@?$CL?$AA@ 1001bee8     LIBCMT:undname.obj
 0002:00000eec       ??_C@_01JOAMLHOP@?9?$AA@   1001beec     LIBCMT:undname.obj
 0002:00000ef0       ??_C@_02BAABKJLB@?9?9?$AA@ 1001bef0     LIBCMT:undname.obj
 0002:00000ef4       ??_C@_02ECNGHCIF@?$CL?$CL?$AA@ 1001bef4     LIBCMT:undname.obj
 0002:00000ef8       ??_C@_01NBENCBCI@?$CK?$AA@ 1001bef8     LIBCMT:undname.obj
 0002:00000efc       ??_C@_02HBOOOICD@?9?$DO?$AA@ 1001befc     LIBCMT:undname.obj
 0002:00000f00       ??_C@_08LHJFAFGD@operator?$AA@ 1001bf00     LIBCMT:undname.obj
 0002:00000f0c       ??_C@_02GPECMEKF@?$FL?$FN?$AA@ 1001bf0c     LIBCMT:undname.obj
 0002:00000f10       ??_C@_02FDNJECIE@?$CB?$DN?$AA@ 1001bf10     LIBCMT:undname.obj
 0002:00000f14       ??_C@_02EGOFBIJA@?$DN?$DN?$AA@ 1001bf14     LIBCMT:undname.obj
 0002:00000f18       ??_C@_01DCLJPIOD@?$CB?$AA@ 1001bf18     LIBCMT:undname.obj
 0002:00000f1c       ??_C@_02FODMEDOG@?$DM?$DM?$AA@ 1001bf1c     LIBCMT:undname.obj
 0002:00000f20       ??_C@_02GPIOPFAK@?$DO?$DO?$AA@ 1001bf20     LIBCMT:undname.obj
 0002:00000f24       ??_C@_07FPCDHGMM@?5delete?$AA@ 1001bf24     LIBCMT:undname.obj
 0002:00000f2c       ??_C@_04NIHEBCM@?5new?$AA@ 1001bf2c     LIBCMT:undname.obj
 0002:00000f34       ??_C@_0M@GFIIJFMG@__unaligned?$AA@ 1001bf34     LIBCMT:undname.obj
 0002:00000f40       ??_C@_0L@PILCLIHE@__restrict?$AA@ 1001bf40     LIBCMT:undname.obj
 0002:00000f4c       ??_C@_07JOMMBBKO@__ptr64?$AA@ 1001bf4c     LIBCMT:undname.obj
 0002:00000f54       ??_C@_09HIJEGCPM@__clrcall?$AA@ 1001bf54     LIBCMT:undname.obj
 0002:00000f60       ??_C@_0L@JMKHOMEK@__fastcall?$AA@ 1001bf60     LIBCMT:undname.obj
 0002:00000f6c       ??_C@_0L@NPHFGOKO@__thiscall?$AA@ 1001bf6c     LIBCMT:undname.obj
 0002:00000f78       ??_C@_09IFJBGAPI@__stdcall?$AA@ 1001bf78     LIBCMT:undname.obj
 0002:00000f84       ??_C@_08GHMPAG@__pascal?$AA@ 1001bf84     LIBCMT:undname.obj
 0002:00000f90       ??_C@_07KOLFKCDI@__cdecl?$AA@ 1001bf90     LIBCMT:undname.obj
 0002:00000f98       ??_C@_08EHJDFFNH@__based?$CI?$AA@ 1001bf98     LIBCMT:undname.obj
 0002:00001128       ??_C@_13NOLLCAOD@?$AA?$AA?$AA?$AA@ 1001c128     LIBCMT:a_map.obj
 0002:00001130       ___newctype                1001c130     LIBCMT:ctype.obj
 0002:00001430       __wctype                   1001c430     LIBCMT:ctype.obj
 0002:00001638       ___newclmap                1001c638     LIBCMT:ctype.obj
 0002:000017b8       ___newcumap                1001c7b8     LIBCMT:ctype.obj
 0002:00001938       ??_C@_08JCCMCCIL@HH?3mm?3ss?$AA@ 1001c938     LIBCMT:strftime.obj
 0002:00001944       ??_C@_0BE@CKGJFCPC@dddd?0?5MMMM?5dd?0?5yyyy?$AA@ 1001c944     LIBCMT:strftime.obj
 0002:00001958       ??_C@_08BPBNCDIB@MM?1dd?1yy?$AA@ 1001c958     LIBCMT:strftime.obj
 0002:00001964       ??_C@_02CJNFDJBF@PM?$AA@   1001c964     LIBCMT:strftime.obj
 0002:00001968       ??_C@_02DEDBPAFC@AM?$AA@   1001c968     LIBCMT:strftime.obj
 0002:0000196c       ??_C@_08EDHMEBNP@December?$AA@ 1001c96c     LIBCMT:strftime.obj
 0002:00001978       ??_C@_08HCHEGEOA@November?$AA@ 1001c978     LIBCMT:strftime.obj
 0002:00001984       ??_C@_07JJNFCEND@October?$AA@ 1001c984     LIBCMT:strftime.obj
 0002:0000198c       ??_C@_09BHHEALKD@September?$AA@ 1001c98c     LIBCMT:strftime.obj
 0002:00001998       ??_C@_06LBBHFDDG@August?$AA@ 1001c998     LIBCMT:strftime.obj
 0002:000019a0       ??_C@_04MIEPOIFP@July?$AA@ 1001c9a0     LIBCMT:strftime.obj
 0002:000019a8       ??_C@_04CNLMGBGM@June?$AA@ 1001c9a8     LIBCMT:strftime.obj
 0002:000019b0       ??_C@_05DMJDNLEJ@April?$AA@ 1001c9b0     LIBCMT:strftime.obj
 0002:000019b8       ??_C@_05HPCKOFNC@March?$AA@ 1001c9b8     LIBCMT:strftime.obj
 0002:000019c0       ??_C@_08GNJGEPFN@February?$AA@ 1001c9c0     LIBCMT:strftime.obj
 0002:000019cc       ??_C@_07CGJPFGJA@January?$AA@ 1001c9cc     LIBCMT:strftime.obj
 0002:000019d4       ??_C@_03MKABNOCG@Dec?$AA@  1001c9d4     LIBCMT:strftime.obj
 0002:000019d8       ??_C@_03JPJOFNIA@Nov?$AA@  1001c9d8     LIBCMT:strftime.obj
 0002:000019dc       ??_C@_03BMAOKBAD@Oct?$AA@  1001c9dc     LIBCMT:strftime.obj
 0002:000019e0       ??_C@_03GGCAPAJC@Sep?$AA@  1001c9e0     LIBCMT:strftime.obj
 0002:000019e4       ??_C@_03IFJFEIGA@Aug?$AA@  1001c9e4     LIBCMT:strftime.obj
 0002:000019e8       ??_C@_03LBGABGKK@Jul?$AA@  1001c9e8     LIBCMT:strftime.obj
 0002:000019ec       ??_C@_03IDFGHECI@Jun?$AA@  1001c9ec     LIBCMT:strftime.obj
 0002:000019f0       ??_C@_03CNMDKL@May?$AA@    1001c9f0     LIBCMT:strftime.obj
 0002:000019f4       ??_C@_03LEOLGMJP@Apr?$AA@  1001c9f4     LIBCMT:strftime.obj
 0002:000019f8       ??_C@_03ODNJBKGA@Mar?$AA@  1001c9f8     LIBCMT:strftime.obj
 0002:000019fc       ??_C@_03HJBDCHOM@Feb?$AA@  1001c9fc     LIBCMT:strftime.obj
 0002:00001a00       ??_C@_03JIHJHPIE@Jan?$AA@  1001ca00     LIBCMT:strftime.obj
 0002:00001a04       ??_C@_08INBOOONO@Saturday?$AA@ 1001ca04     LIBCMT:strftime.obj
 0002:00001a10       ??_C@_06JECMNKMI@Friday?$AA@ 1001ca10     LIBCMT:strftime.obj
 0002:00001a18       ??_C@_08HACCIKIA@Thursday?$AA@ 1001ca18     LIBCMT:strftime.obj
 0002:00001a24       ??_C@_09DLIGFAKA@Wednesday?$AA@ 1001ca24     LIBCMT:strftime.obj
 0002:00001a30       ??_C@_07BAAGCFCM@Tuesday?$AA@ 1001ca30     LIBCMT:strftime.obj
 0002:00001a38       ??_C@_06JLEDEDGH@Monday?$AA@ 1001ca38     LIBCMT:strftime.obj
 0002:00001a40       ??_C@_06OOPIFAJ@Sunday?$AA@ 1001ca40     LIBCMT:strftime.obj
 0002:00001a48       ??_C@_03FEFJNEK@Sat?$AA@   1001ca48     LIBCMT:strftime.obj
 0002:00001a4c       ??_C@_03IDIOELNC@Fri?$AA@  1001ca4c     LIBCMT:strftime.obj
 0002:00001a50       ??_C@_03IOFIKPDN@Thu?$AA@  1001ca50     LIBCMT:strftime.obj
 0002:00001a54       ??_C@_03MHOMLAJA@Wed?$AA@  1001ca54     LIBCMT:strftime.obj
 0002:00001a58       ??_C@_03NAGEINEP@Tue?$AA@  1001ca58     LIBCMT:strftime.obj
 0002:00001a5c       ??_C@_03PDAGKDH@Mon?$AA@   1001ca5c     LIBCMT:strftime.obj
 0002:00001a60       ??_C@_03KOEHGMDN@Sun?$AA@  1001ca60     LIBCMT:strftime.obj
 0002:00001a64       ??_C@_0BI@DFKBFLJE@GetProcessWindowStation?$AA@ 1001ca64     LIBCMT:crtmbox.obj
 0002:00001a7c       ??_C@_0BK@CIDNPOGP@GetUserObjectInformationA?$AA@ 1001ca7c     LIBCMT:crtmbox.obj
 0002:00001a98       ??_C@_0BD@HHGDFDBJ@GetLastActivePopup?$AA@ 1001ca98     LIBCMT:crtmbox.obj
 0002:00001aac       ??_C@_0BA@HNOPNCHB@GetActiveWindow?$AA@ 1001caac     LIBCMT:crtmbox.obj
 0002:00001abc       ??_C@_0M@CHKKJDAI@MessageBoxA?$AA@ 1001cabc     LIBCMT:crtmbox.obj
 0002:00001ac8       ??_C@_0L@NDEGIDAG@USER32?4DLL?$AA@ 1001cac8     LIBCMT:crtmbox.obj
 0002:00001ad4       ??_C@_07GPDNMNG@CONOUT$?$AA@ 1001cad4     LIBCMT:initcon.obj
 0002:00001adc       ___dnames                  1001cadc     LIBCMT:timeset.obj
 0002:00001af4       ___mnames                  1001caf4     LIBCMT:timeset.obj
 0002:00001b1c       ??_C@_0BH@CCFOECBH@wog_options?4main?4intro?$AA@ 1001cb1c     wog native dialogs.obj
 0002:00001b34       ??_C@_0BH@HMJALHLI@wog_options?4main?4popup?$AA@ 1001cb34     wog native dialogs.obj
 0002:00001b4c       ??_C@_0BG@GGAFECFG@wog_options?4main?4hint?$AA@ 1001cb4c     wog native dialogs.obj
 0002:00001b64       ??_C@_0BG@HNGOACFA@wog_options?4main?4name?$AA@ 1001cb64     wog native dialogs.obj
 0002:00001b7c       ??_C@_05EIEHMANA@popup?$AA@ 1001cb7c     wog native dialogs.obj
 0002:00001b84       ??_C@_04NPKLNGDP@hint?$AA@ 1001cb84     wog native dialogs.obj
 0002:00001b8c       ??_C@_04MEMAJGDJ@name?$AA@ 1001cb8c     wog native dialogs.obj
 0002:00001b94       ??_C@_0L@NFIDKKJM@group?$CFd?4?$CFs?$AA@ 1001cb94     wog native dialogs.obj
 0002:00001ba0       ??_C@_0BG@DJKCIHGG@wog_options?4page?$CFd?4?$CFs?$AA@ 1001cba0     wog native dialogs.obj
 0002:00001bb8       ??_C@_0O@EGGGBKCF@DlgExpMon?4def?$AA@ 1001cbb8     wog native dialogs.obj
 0002:00001bc8       ??_C@_0N@JCGCDINI@Dlg_NPC3?4def?$AA@ 1001cbc8     wog native dialogs.obj
 0002:00001bd8       ??_C@_0N@FJDOOLHN@Dlg_NPC2?4def?$AA@ 1001cbd8     wog native dialogs.obj
 0002:00001be8       ??_C@_0N@NPKKJJND@Dlg_NPC1?4def?$AA@ 1001cbe8     wog native dialogs.obj
 0002:00001bf8       ??_C@_02DKCKIIND@?$CFs?$AA@ 1001cbf8     wog native dialogs.obj
 0002:00001bfc       ??_C@_0N@BHMGKPNG@checkbox?4def?$AA@ 1001cbfc     wog native dialogs.obj
 0002:00001c0c       ??_C@_0O@BBFJMKLN@radiobttn?4def?$AA@ 1001cc0c     wog native dialogs.obj
 0002:00001c1c       ??_C@_0O@LKNNDHCJ@smalfont2?4fnt?$AA@ 1001cc1c     wog native dialogs.obj
 0002:00001c2c       ??_C@_0N@PAEBLKHN@bigfont2?4fnt?$AA@ 1001cc2c     wog native dialogs.obj
 0002:00001c3c       ??_C@_0P@GHFPNOJB@bad?5allocation?$AA@ 1001cc3c     wog native dialogs.obj
 0002:00001c4c       ??_C@_0BA@FDLNIKIG@patcher_x86?4dll?$AA@ 1001cc4c     wog native dialogs.obj
 0002:00001c5c       ??_C@_0BB@CKHJKIEB@_GetPatcherX86?$EA0?$AA@ 1001cc5c     wog native dialogs.obj
 0002:00001c70       ??_C@_02DPKJAMEF@?$CFd?$AA@ 1001cc70     wog native dialogs.obj
 0002:00001c74       ??_C@_0N@NGJLFBMI@DiBoxBck?4pcx?$AA@ 1001cc74     wog native dialogs.obj
 0002:00001c84       ??_C@_0N@FGPGDOPK@dialgbox?4def?$AA@ 1001cc84     wog native dialogs.obj
 0002:00001c94       ??_C@_0N@ELNJEEMI@medfont2?4fnt?$AA@ 1001cc94     wog native dialogs.obj
 0002:00001ca4       ??_C@_09IIFHEAOO@angel?4dll?$AA@ 1001cca4     wog native dialogs.obj
 0002:00001cb0       ??_C@_0M@BFOAAPGP@EventParams?$AA@ 1001ccb0     wog native dialogs.obj
 0002:00001cbc       ??_C@_0BD@KPOAIKLJ@RestoreEventParams?$AA@ 1001ccbc     wog native dialogs.obj
 0002:00001cd0       ??_C@_0BA@JJKLPBHG@SaveEventParams?$AA@ 1001ccd0     wog native dialogs.obj
 0002:00001ce0       ??_C@_07PILJHEGK@era?4dll?$AA@ 1001cce0     wog native dialogs.obj
 0002:00001ce8       ??_C@_02EOEPPNBF@tr?$AA@   1001cce8     wog native dialogs.obj
 0002:00001cec       ??_C@_07HCDNKGPA@ApiHook?$AA@ 1001ccec     wog native dialogs.obj
 0002:00001cf4       ??_C@_0BB@NFICFMFA@ClearAllIniCache?$AA@ 1001ccf4     wog native dialogs.obj
 0002:00001d08       ??_C@_0O@KHPPEFLJ@ClearIniCache?$AA@ 1001cd08     wog native dialogs.obj
 0002:00001d18       ??_C@_0L@GHCNBJIK@ExecErmCmd?$AA@ 1001cd18     wog native dialogs.obj
 0002:00001d24       ??_C@_0L@BBNMEHJH@ExtractErm?$AA@ 1001cd24     wog native dialogs.obj
 0002:00001d30       ??_C@_0L@CKILDBJC@FatalError?$AA@ 1001cd30     wog native dialogs.obj
 0002:00001d3c       ??_C@_0N@HFGMKLEN@FireErmEvent?$AA@ 1001cd3c     wog native dialogs.obj
 0002:00001d4c       ??_C@_09GEAPPBGH@FireEvent?$AA@ 1001cd4c     wog native dialogs.obj
 0002:00001d58       ??_C@_0M@KJHFCLAP@GetButtonID?$AA@ 1001cd58     wog native dialogs.obj
 0002:00001d64       ??_C@_0L@LNAOMCPJ@GetVersion?$AA@ 1001cd64     wog native dialogs.obj
 0002:00001d70       ??_C@_0O@FNMDEAHG@GetVersionNum?$AA@ 1001cd70     wog native dialogs.obj
 0002:00001d80       ??_C@_0N@CFMBLIKP@GetGameState?$AA@ 1001cd80     wog native dialogs.obj
 0002:00001d90       ??_C@_0M@LKIFOAN@GetRealAddr?$AA@ 1001cd90     wog native dialogs.obj
 0002:00001d9c       ??_C@_0BD@DPCJBLFO@GlobalRedirectFile?$AA@ 1001cd9c     wog native dialogs.obj
 0002:00001db0       ??_C@_04PHJJMCEO@Hook?$AA@ 1001cdb0     wog native dialogs.obj
 0002:00001db8       ??_C@_08EBPIACBO@HookCode?$AA@ 1001cdb8     wog native dialogs.obj
 0002:00001dc4       ??_C@_0BB@PHLEIINC@LoadImageAsPcx16?$AA@ 1001cdc4     wog native dialogs.obj
 0002:00001dd8       ??_C@_07GDNFNLKF@LoadTxt?$AA@ 1001cdd8     wog native dialogs.obj
 0002:00001de0       ??_C@_07FLCNLLL@MemFree?$AA@ 1001cde0     wog native dialogs.obj
 0002:00001de8       ??_C@_09PIKCKENJ@NameColor?$AA@ 1001cde8     wog native dialogs.obj
 0002:00001df4       ??_C@_0M@LNHBMGFH@NotifyError?$AA@ 1001cdf4     wog native dialogs.obj
 0002:00001e00       ??_C@_0M@PLEJCMGM@PatchExists?$AA@ 1001ce00     wog native dialogs.obj
 0002:00001e0c       ??_C@_0N@BGLGOOMO@PluginExists?$AA@ 1001ce0c     wog native dialogs.obj
 0002:00001e1c       ??_C@_0BE@CIDOCKGN@ReadSavegameSection?$AA@ 1001ce1c     wog native dialogs.obj
 0002:00001e30       ??_C@_0P@CCLIEMKP@ReadStrFromIni?$AA@ 1001ce30     wog native dialogs.obj
 0002:00001e40       ??_C@_09IJJOFFNH@RecallAPI?$AA@ 1001ce40     wog native dialogs.obj
 0002:00001e4c       ??_C@_0N@EADKAOLK@RedirectFile?$AA@ 1001ce4c     wog native dialogs.obj
 0002:00001e5c       ??_C@_0BE@OJOEEMJD@RedirectMemoryBlock?$AA@ 1001ce5c     wog native dialogs.obj
 0002:00001e70       ??_C@_0BA@BCNGHKCC@RegisterHandler?$AA@ 1001ce70     wog native dialogs.obj
 0002:00001e80       ??_C@_09MJCMIAEG@ReloadErm?$AA@ 1001ce80     wog native dialogs.obj
 0002:00001e8c       ??_C@_0BE@JBKGKCON@ReportPluginVersion?$AA@ 1001ce8c     wog native dialogs.obj
 0002:00001ea0       ??_C@_07PAHGKEHA@SaveIni?$AA@ 1001cea0     wog native dialogs.obj
 0002:00001ea8       ??_C@_06DDHLBGDE@Splice?$AA@ 1001cea8     wog native dialogs.obj
 0002:00001eb0       ??_C@_0M@OFFBOJCJ@ToStaticStr?$AA@ 1001ceb0     wog native dialogs.obj
 0002:00001ebc       ??_C@_0M@CLLMHKFF@WriteAtCode?$AA@ 1001cebc     wog native dialogs.obj
 0002:00001ec8       ??_C@_0BF@HMHBLPO@WriteSavegameSection?$AA@ 1001cec8     wog native dialogs.obj
 0002:00001ee0       ??_C@_0O@POMBDOKD@WriteStrToIni?$AA@ 1001cee0     wog native dialogs.obj
 0002:00001ef0       ??_C@_0BN@DPBDBLAF@_GetPreselectedDialog8ItemId?$AA@ 1001cef0     wog native dialogs.obj
 0002:00001f10       ??_C@_0BO@NKNJIFPC@_GetDialog8SelectablePicsMask?$AA@ 1001cf10     wog native dialogs.obj
 0002:00001f30       ??_C@_05JIKHPHGN@90?590?$AA@ 1001cf30     wog native dialogs.obj
 0002:00001f38       ??_C@_05DIALNFFA@?$CFs?5?$CFd?$AA@ 1001cf38     wog native dialogs.obj
 0002:00001f40       ??_C@_05DNIIFBMG@?$CFs?5?$CFs?$AA@ 1001cf40     wog native dialogs.obj
 0002:00001f48       ??_C@_0L@FIDKBHJC@?$CFs?5?$CFd?5?$CI?$CFd?$CJ?$AA@ 1001cf48     wog native dialogs.obj
 0002:00001f54       ??_C@_0L@JDILLOGP@?$CFs?5?$CFd?5?9?5?$CFd?$AA@ 1001cf54     wog native dialogs.obj
 0002:00001f60       ??_C@_07JKHHBHOI@?$CFs?5?$CFd?$CF?$CF?$AA@ 1001cf60     wog native dialogs.obj
 0002:00001f68       ??_C@_06GNDJBPCO@?$CFs?6?6?$CFs?$AA@ 1001cf68     wog native dialogs.obj
 0002:00001f70       ??_C@_0N@CNMFKAFE@Dlg_NPCn?4pcx?$AA@ 1001cf70     wog native dialogs.obj
 0002:00001f80       ??_C@_0N@EENEFCAM@Dlg_NPCu?4pcx?$AA@ 1001cf80     wog native dialogs.obj
 0002:00001f90       ??_C@_0P@GMMOFIOD@Dlg_NPCdel?4def?$AA@ 1001cf90     wog native dialogs.obj
 0002:00001fa0       ??_C@_07DONLOGLK@?$CFd?5?$CI?$CFd?$CJ?$AA@ 1001cfa0     wog native dialogs.obj
 0002:00001fa8       ??_C@_07PFGKEPEH@?$CFd?5?9?5?$CFd?$AA@ 1001cfa8     wog native dialogs.obj
 0002:00001fb0       ??_C@_04FCMNJMCO@?$CFd?$CF?$CF?$AA@ 1001cfb0     wog native dialogs.obj
 0002:00001fb8       ??_C@_0M@EELLOAND@bttnNPC?4def?$AA@ 1001cfb8     wog native dialogs.obj
 0002:00001fc4       ??_C@_0BB@OPCILBBM@C742?53C?5FFFFFFFF?$AA@ 1001cfc4     wog native dialogs.obj
 0002:00001fd8       ??_C@_07JMKCEEPK@?$CFs?5?$CI?$CFd?$CJ?$AA@ 1001cfd8     wog native dialogs.obj
 0002:00001fe0       ??_C@_09PCPEDHFE@?$CFd?$CF?$CF?5?$CI?$CFd?$CJ?$AA@ 1001cfe0     wog native dialogs.obj
 0002:00001fec       ??_C@_03DMDECJFG@?$CFhf?$AA@ 1001cfec     wog native dialogs.obj
 0002:00001ff0       ??_C@_03OFAPEBGM@?$CFs?6?$AA@ 1001cff0     wog native dialogs.obj
 0002:00001ff4       ??_C@_08MNBIIGN@?$CFs?6?6?5?$CFs?6?$AA@ 1001cff4     wog native dialogs.obj
 0002:00002000       ??_C@_0N@ILHBCDMB@DlgExpUp?4def?$AA@ 1001d000     wog native dialogs.obj
 0002:00002010       ??_C@_08OFBPMKML@tiny?4fnt?$AA@ 1001d010     wog native dialogs.obj
 0002:0000201c       ??_C@_09KAONFINP@?$HL?$CFs?$HN?6?$CI?$CFs?$CJ?$AA@ 1001d01c     wog native dialogs.obj
 0002:00002028       ??_C@_0N@DCLMLLBB@WoGCurse?4def?$AA@ 1001d028     wog native dialogs.obj
 0002:00002038       ??_C@_06DJHOIPC@?$CFs?3?5?$CFs?$AA@ 1001d038     wog native dialogs.obj
 0002:00002040       ??_C@_0M@HFKPFJGG@artslot?4pcx?$AA@ 1001d040     wog native dialogs.obj
 0002:0000204c       ??_C@_0N@KAILJDHD@def?4SpScrArt?$AA@ 1001d04c     wog native dialogs.obj
 0002:0000205c       ??_C@_0BA@CACHJGMJ@WoGTextEdit?4pcx?$AA@ 1001d05c     wog native dialogs.obj
 0002:0000206c       ??_C@_09EIMBAPBP@?4?2Maps?2?$CFs?$AA@ 1001d06c     wog native dialogs.obj
 0002:00002078       ??_C@_02MFEGOEMP@?$CFn?$AA@ 1001d078     wog native dialogs.obj
 0002:0000207c       ??_C@_04OMBFFHIC@?$HL?$CFs?$HN?$AA@ 1001d07c     wog native dialogs.obj
 0002:00002088       ??_C@_0FB@LMJNIGPL@Error?5?$CIfor?5igrik?$CJ?$CB?$CB?$CB?6?6?5Debug?6Pag@ 1001d088     wog native dialogs.obj
 0002:000020dc       ??_C@_0P@HDPJJOMN@WoGOptions?4pcx?$AA@ 1001d0dc     wog native dialogs.obj
 0002:000020ec       ??_C@_0M@DGCKOOBG@WoGBttn?4def?$AA@ 1001d0ec     wog native dialogs.obj
 0002:000020f8       ??_C@_0M@FBOGBOAE@GSPBUT2?4DEF?$AA@ 1001d0f8     wog native dialogs.obj
 0002:00002104       ??_C@_0BI@DHELOEJM@dlg_datfile?4captionsave?$AA@ 1001d104     wog native dialogs.obj
 0002:0000211c       ??_C@_0BG@KPGNCFF@dlg_datfile?4descrsave?$AA@ 1001d11c     wog native dialogs.obj
 0002:00002134       ??_C@_0BF@NFMFBOP@dlg_datfile?4filemask?$AA@ 1001d134     wog native dialogs.obj
 0002:0000214c       ??_C@_0BI@DFFGBHEI@dlg_datfile?4captionload?$AA@ 1001d14c     wog native dialogs.obj
 0002:00002164       ??_C@_0BG@IOLCBIB@dlg_datfile?4descrload?$AA@ 1001d164     wog native dialogs.obj
 0002:0000217c       ??_C@_0BB@GPEKGKKL@HD?4Version?4Dword?$AA@ 1001d17c     wog native dialogs.obj
 0002:00002190       ??_C@_0O@EHOKGOGC@BattleLog?4pcx?$AA@ 1001d190     wog native dialogs.obj
 0002:000021a0       ??_C@_09JAKBHLCF@?$CFs?5?$HL?$CI?$CFd?$CJ?$HN?$AA@ 1001d1a0     wog native dialogs.obj
 0002:000021ac       ??_C@_0BL@MMODMCPC@HotA?4SwapMgrCalledFromTown?$AA@ 1001d1ac     wog native dialogs.obj
 0002:000021c8       ??_C@_03IAIAKOHP@?$CFdk?$AA@ 1001d1c8     wog native dialogs.obj
 0002:000021cc       ??_C@_07FBOLLOOC@?$CFdk?9?$CFdk?$AA@ 1001d1cc     wog native dialogs.obj
 0002:000021d4       ??_C@_05BIKBEGBP@?$CFd?9?$CFd?$AA@ 1001d1d4     wog native dialogs.obj
 0002:000021dc       ??_C@_0N@HNNBMNKA@HoMM3?5ERA?5?$CFs?$AA@ 1001d1dc     wog native dialogs.obj
 0002:000021ec       ??_C@_0BJ@KIEKHMHA@?2zvs?2Lib1?4res?2txtres?4txt?$AA@ 1001d1ec     wog native dialogs.obj
 0002:00002208       ??_C@_0BD@PDOEBPIC@wnd?4fonts?4big_font?$AA@ 1001d208     wog native dialogs.obj
 0002:0000221c       ??_C@_0BD@EKBKNPIB@wnd?4fonts?4med_font?$AA@ 1001d21c     wog native dialogs.obj
 0002:00002230       ??_C@_0BF@IEAOALNJ@wnd?4fonts?4small_font?$AA@ 1001d230     wog native dialogs.obj
 0002:00002248       ??_C@_0BF@EBIEFLBD@wnd?4dlg_crexpo?4line0?$AA@ 1001d248     wog native dialogs.obj
 0002:00002260       ??_C@_0BF@FIJPGKFC@wnd?4dlg_crexpo?4line1?$AA@ 1001d260     wog native dialogs.obj
 0002:00002278       ??_C@_0BF@HDLCDJJB@wnd?4dlg_crexpo?4line2?$AA@ 1001d278     wog native dialogs.obj
 0002:00002290       ??_C@_0BF@GKKJAINA@wnd?4dlg_crexpo?4line3?$AA@ 1001d290     wog native dialogs.obj
 0002:000022a8       ??_C@_0BF@CFOIJOBH@wnd?4dlg_crexpo?4line4?$AA@ 1001d2a8     wog native dialogs.obj
 0002:000022c0       ??_C@_0BF@DMPDKPFG@wnd?4dlg_crexpo?4line5?$AA@ 1001d2c0     wog native dialogs.obj
 0002:000022d8       ??_C@_0BF@BHNOPMJF@wnd?4dlg_crexpo?4line6?$AA@ 1001d2d8     wog native dialogs.obj
 0002:000022f0       ??_C@_0BF@OMFMNNE@wnd?4dlg_crexpo?4line7?$AA@ 1001d2f0     wog native dialogs.obj
 0002:00002308       ??_C@_0BF@IJFNNBBL@wnd?4dlg_crexpo?4line8?$AA@ 1001d308     wog native dialogs.obj
 0002:00002320       ??_C@_0BF@JAEGOAFK@wnd?4dlg_crexpo?4line9?$AA@ 1001d320     wog native dialogs.obj
 0002:00002338       ??_C@_0BG@FKHLJJEB@wnd?4dlg_crexpo?4line10?$AA@ 1001d338     wog native dialogs.obj
 0002:00002350       ??_C@_0BG@EDGAKIAA@wnd?4dlg_crexpo?4line11?$AA@ 1001d350     wog native dialogs.obj
 0002:00002368       ??_C@_0BP@EOCIECHH@wnd?4dlg_wog_options?4intro_font?$AA@ 1001d368     wog native dialogs.obj
 0002:00002388       ??_C@_0BO@PPEFPAOC@wnd?4dlg_wog_options?4bttn_name?$AA@ 1001d388     wog native dialogs.obj
 0002:000023a8       ??_C@_0CB@EPGBDFLB@wnd?4dlg_commander?4bttn_open_hint@ 1001d3a8     wog native dialogs.obj
 0002:000023cc       ??_C@_0CB@HHJKNBKP@wnd?4dlg_commander?4bttn_exit_hint@ 1001d3cc     wog native dialogs.obj
 0002:000023f0       ??_C@_0CC@HPHIJKHC@wnd?4dlg_commander?4bttn_lvlup_hin@ 1001d3f0     wog native dialogs.obj
 0002:00002414       ??_C@_0CD@CPLKJKFP@wnd?4dlg_commander?4bttn_dismiss_r@ 1001d414     wog native dialogs.obj
 0002:00002438       ??_C@_0BL@COONMGDI@wnd?4combat?4finish_question?$AA@ 1001d438     wog native dialogs.obj
 0002:00002454       ??_C@_0BH@EFIKECO@wnd?4combat?4show_killed?$AA@ 1001d454     wog native dialogs.obj
 0002:0000246c       ??_C@_0BD@BGMEGPKP@WoG?5Native?5Dialogs?$AA@ 1001d46c     wog native dialogs.obj
 0002:0000247f       ??_C@_00CNPNBAHC@?$AA@     1001d47f     HoMM3_GUI.obj
 0002:00002480       __real@3fe0000000000000    1001d480      CIL library: CIL module
 0002:00002488       __FPinit                   1001d488     LIBCMT:_fpinit_.obj
 0002:0000248c       __FPmtinit                 1001d48c     LIBCMT:_fpinit_.obj
 0002:00002490       __FPmtterm                 1001d490     LIBCMT:_fpinit_.obj
 0002:00002494       ??_C@_05KLBDPFGC@e?$CL000?$AA@ 1001d494     LIBCMT:cvt.obj
 0002:000024a0       __real@4150017ec0000000    1001d4a0     LIBCMT:_testfdiv_.obj
 0002:000024a8       __real@4147ffff80000000    1001d4a8     LIBCMT:_testfdiv_.obj
 0002:000024b0       ??_C@_0BK@NHEOCAHP@IsProcessorFeaturePresent?$AA@ 1001d4b0     LIBCMT:_testfdiv_.obj
 0002:000024cc       ??_C@_08CPNIBGIE@KERNEL32?$AA@ 1001d4cc     LIBCMT:_testfdiv_.obj
 0002:000024d8       ??_C@_06IMKFLFPG@1?$CDQNAN?$AA@ 1001d4d8     LIBCMT:_x10fout_.obj
 0002:000024e0       ??_C@_05DNEBIAHO@1?$CDINF?$AA@ 1001d4e0     LIBCMT:_x10fout_.obj
 0002:000024e8       ??_C@_05PHHOCPM@1?$CDIND?$AA@ 1001d4e8     LIBCMT:_x10fout_.obj
 0002:000024f0       ??_C@_06PGGFOGJG@1?$CDSNAN?$AA@ 1001d4f0     LIBCMT:_x10fout_.obj
 0002:000024f8       __load_config_used         1001d4f8     LIBCMT:loadcfg.obj
 0002:000025a4       ??_R4exception@std@@6B@    1001d5a4     LIBCMT:stdexcpt.obj
 0002:000025b8       ??_R4type_info@@6B@        1001d5b8     LIBCMT:typinfo.obj
 0002:000025cc       ??_R3type_info@@8          1001d5cc     LIBCMT:typinfo.obj
 0002:000025dc       ??_R2type_info@@8          1001d5dc     LIBCMT:typinfo.obj
 0002:000025e4       ??_R1A@?0A@EA@type_info@@8 1001d5e4     LIBCMT:typinfo.obj
 0002:00002600       ??_R4bad_alloc@std@@6B@    1001d600     wog native dialogs.obj
 0002:00002614       ??_R3bad_alloc@std@@8      1001d614     wog native dialogs.obj
 0002:00002624       ??_R2bad_alloc@std@@8      1001d624     wog native dialogs.obj
 0002:00002630       ??_R1A@?0A@EA@exception@std@@8 1001d630     wog native dialogs.obj
 0002:0000264c       ??_R3exception@std@@8      1001d64c     wog native dialogs.obj
 0002:0000265c       ??_R2exception@std@@8      1001d65c     wog native dialogs.obj
 0002:00002664       ??_R1A@?0A@EA@bad_alloc@std@@8 1001d664     wog native dialogs.obj
 0002:00002680       ___safe_se_handler_table   1001d680     <linker-defined>
 0002:0000268c       ___rtc_iaa                 1001d68c     LIBCMT:_initsect_.obj
 0002:00002690       ___rtc_izz                 1001d690     LIBCMT:_initsect_.obj
 0002:00002694       ___rtc_taa                 1001d694     LIBCMT:_initsect_.obj
 0002:00002698       ___rtc_tzz                 1001d698     LIBCMT:_initsect_.obj
 0002:00002a74       __CT??_R0?AVexception@std@@@8??0exception@std@@QAE@ABV01@@Z12 1001da74     wog native dialogs.obj
 0002:00002a90       __CT??_R0?AVbad_alloc@std@@@8??0bad_alloc@std@@QAE@ABV01@@Z12 1001da90     wog native dialogs.obj
 0002:00002aac       __CTA2?AVbad_alloc@std@@   1001daac     wog native dialogs.obj
 0002:00002ab8       __TI2?AVbad_alloc@std@@    1001dab8     wog native dialogs.obj
 0002:00002ae4       __IMPORT_DESCRIPTOR_KERNEL32 1001dae4     kernel32:KERNEL32.dll
 0002:00002af8       __NULL_IMPORT_DESCRIPTOR   1001daf8     kernel32:KERNEL32.dll
 0003:0000000c       ??_R0?AVtype_info@@@8      1001f00c     LIBCMT:typinfo.obj
 0003:00000030       ___security_cookie         1001f030     LIBCMT:gs_cookie.obj
 0003:00000034       ___security_cookie_complement 1001f034     LIBCMT:gs_cookie.obj
 0003:000001b0       ___nullstring              1001f1b0     LIBCMT:output.obj
 0003:000001b4       ___wnullstring             1001f1b4     LIBCMT:output.obj
 0003:000001b8       __amblksiz                 1001f1b8     LIBCMT:heapinit.obj
 0003:000002f0       ___flsindex                1001f2f0     LIBCMT:tidtable.obj
 0003:000002f4       ___getvalueindex           1001f2f4     LIBCMT:tidtable.obj
 0003:000002f8       __aexit_rtn                1001f2f8     LIBCMT:crt0dat.obj
 0003:00000300       ___badioinfo               1001f300     LIBCMT:ioinit.obj
 0003:00000340       __First_FPE_Indx           1001f340     LIBCMT:winxfltr.obj
 0003:00000344       __Num_FPE                  1001f344     LIBCMT:winxfltr.obj
 0003:00000348       __XcptActTabSize           1001f348     LIBCMT:winxfltr.obj
 0003:0000034c       __XcptActTabCount          1001f34c     LIBCMT:winxfltr.obj
 0003:00000360       __iob                      1001f360     LIBCMT:_file.obj
 0003:000005e0       ___initialmbcinfo          1001f5e0     LIBCMT:mbctype.obj
 0003:00000800       __mbctype                  1001f800     LIBCMT:mbctype.obj
 0003:00000908       __mbcasemap                1001f908     LIBCMT:mbctype.obj
 0003:00000a08       ___ptmbcinfo               1001fa08     LIBCMT:mbctype.obj
 0003:00000b04       ___globallocalestatus      1001fb04     LIBCMT:glstatus.obj
 0003:00000b08       ___clocalestr              1001fb08     LIBCMT:nlsdata2.obj
 0003:00000b10       ___initiallocinfo          1001fb10     LIBCMT:nlsdata2.obj
 0003:00000be8       ___ptlocinfo               1001fbe8     LIBCMT:nlsdata2.obj
 0003:00000bec       ___lc_clike                1001fbec     LIBCMT:nlsdata2.obj
 0003:00000bf0       ___initiallocalestructinfo 1001fbf0     LIBCMT:nlsdata2.obj
 0003:00000bf8       __cfltcvt_tab              1001fbf8     LIBCMT:cmiscdat.obj
 0003:00000cd8       ___abort_behavior          1001fcd8     LIBCMT:abort.obj
 0003:00000cdc       __NLG_Destination          1001fcdc     LIBCMT:exsup.obj
 0003:00000cf0       __pctype                   1001fcf0     LIBCMT:ctype.obj
 0003:00000cf4       __pwctype                  1001fcf4     LIBCMT:ctype.obj
 0003:00000cf8       ___lc_time_c               1001fcf8     LIBCMT:strftime.obj
 0003:00000db0       ___lc_time_curr            1001fdb0     LIBCMT:strftime.obj
 0003:00000db4       ___lconv_static_decimal    1001fdb4     LIBCMT:lconv.obj
 0003:00000db8       ___lconv_c                 1001fdb8     LIBCMT:lconv.obj
 0003:00000de8       ___lconv                   1001fde8     LIBCMT:lconv.obj
 0003:00000dec       ___mb_cur_max              1001fdec     LIBCMT:nlsdata1.obj
 0003:00000df0       ___decimal_point           1001fdf0     LIBCMT:nlsdata1.obj
 0003:00000df4       ___decimal_point_length    1001fdf4     LIBCMT:nlsdata1.obj
 0003:00000e00       __coninpfh                 1001fe00     LIBCMT:initcon.obj
 0003:00000e04       __confh                    1001fe04     LIBCMT:initcon.obj
 0003:00000e10       __timezone                 1001fe10     LIBCMT:timeset.obj
 0003:00000e14       __daylight                 1001fe14     LIBCMT:timeset.obj
 0003:00000e18       __dstbias                  1001fe18     LIBCMT:timeset.obj
 0003:00000ea0       __tzname                   1001fea0     LIBCMT:timeset.obj
 0003:00000ec0       __lpdays                   1001fec0     LIBCMT:days.obj
 0003:00000ef4       __days                     1001fef4     LIBCMT:days.obj
 0003:00000f38       ?v_table_funcs@_CustomDlg_@@2PAIA 1001ff38     HoMM3_GUI.obj
 0003:00000f78       ?n_BigFont@@3PADA          1001ff78     wog native dialogs.obj
 0003:00000f7c       ?n_MedFont@@3PADA          1001ff7c     wog native dialogs.obj
 0003:00000f80       ?n_SmallFont@@3PADA        1001ff80     wog native dialogs.obj
 0003:00000f84       ?radioBttnDef@@3PADA       1001ff84     wog native dialogs.obj
 0003:00000f88       ?checkboxDef@@3PADA        1001ff88     wog native dialogs.obj
 0003:00000f8c       ?textProcD@@3PADA          1001ff8c     wog native dialogs.obj
 0003:00000f90       ?textProcS@@3PADA          1001ff90     wog native dialogs.obj
 0003:00000f94       ?npc1Def@@3PADA            1001ff94     wog native dialogs.obj
 0003:00000f98       ?npc2Def@@3PADA            1001ff98     wog native dialogs.obj
 0003:00000f9c       ?npc3Def@@3PADA            1001ff9c     wog native dialogs.obj
 0003:00000fa0       ?n_DlgExpMon@@3PADA        1001ffa0     wog native dialogs.obj
 0003:00000fa4       ?textPage@@3PADA           1001ffa4     wog native dialogs.obj
 0003:00000fa8       ?list@@3PADA               1001ffa8     wog native dialogs.obj
 0003:00000fac       ?name@@3PADA               1001ffac     wog native dialogs.obj
 0003:00000fb0       ?hint@@3PADA               1001ffb0     wog native dialogs.obj
 0003:00000fb4       ?popUp@@3PADA              1001ffb4     wog native dialogs.obj
 0003:00000fb8       ?optionsName@@3PADA        1001ffb8     wog native dialogs.obj
 0003:00000fbc       ?optionsHint@@3PADA        1001ffbc     wog native dialogs.obj
 0003:00000fc0       ?optionsPopUp@@3PADA       1001ffc0     wog native dialogs.obj
 0003:00000fc4       ?optionsIntro@@3PADA       1001ffc4     wog native dialogs.obj
 0003:00000fc8       ??_R0?AVexception@std@@@8  1001ffc8     wog native dialogs.obj
 0003:00000fe4       ??_R0?AVbad_alloc@std@@@8  1001ffe4     wog native dialogs.obj
 0003:00001000       __fltused                  10020000     LIBCMT:_fpinit_.obj
 0003:00001004       __ldused                   10020004     LIBCMT:_fpinit_.obj
 0003:00001040       __pow10pos                 10020040     LIBCMT:_constpow_.obj
 0003:000011a0       __pow10neg                 100201a0     LIBCMT:_constpow_.obj
 0003:00001334       __aenvptr                  10020334     LIBCMT:dllcrt0.obj
 0003:00001338       __wenvptr                  10020338     LIBCMT:dllcrt0.obj
 0003:0000133c       ___error_mode              1002033c     LIBCMT:dllcrt0.obj
 0003:00001340       ___app_type                10020340     LIBCMT:dllcrt0.obj
 0003:0000166c       ___pInvalidArgHandler      1002066c     LIBCMT:invarg.obj
 0003:00001670       __crtheap                  10020670     LIBCMT:heapinit.obj
 0003:000017c8       ___sbh_pHeaderDefer        100207c8     LIBCMT:sbheap.obj
 0003:000017d4       ?_pnhHeap@@3P6AHI@ZA       100207d4     LIBCMT:handler.obj
 0003:000017d8       _gpFlsAlloc                100207d8     LIBCMT:tidtable.obj
 0003:000017dc       _gpFlsGetValue             100207dc     LIBCMT:tidtable.obj
 0003:000017e0       _gpFlsSetValue             100207e0     LIBCMT:tidtable.obj
 0003:000017e4       _gpFlsFree                 100207e4     LIBCMT:tidtable.obj
 0003:000017e8       __maxwait                  100207e8     LIBCMT:crtheap.obj
 0003:000017ec       __umaskval                 100207ec     LIBCMT:crt0dat.obj
 0003:000017f0       ___argc                    100207f0     LIBCMT:crt0dat.obj
 0003:000017f4       ___argv                    100207f4     LIBCMT:crt0dat.obj
 0003:000017f8       ___wargv                   100207f8     LIBCMT:crt0dat.obj
 0003:000017fc       __environ                  100207fc     LIBCMT:crt0dat.obj
 0003:00001800       ___initenv                 10020800     LIBCMT:crt0dat.obj
 0003:00001804       __wenviron                 10020804     LIBCMT:crt0dat.obj
 0003:00001808       ___winitenv                10020808     LIBCMT:crt0dat.obj
 0003:0000180c       __pgmptr                   1002080c     LIBCMT:crt0dat.obj
 0003:00001810       __wpgmptr                  10020810     LIBCMT:crt0dat.obj
 0003:00001814       __exitflag                 10020814     LIBCMT:crt0dat.obj
 0003:00001818       __C_Termination_Done       10020818     LIBCMT:crt0dat.obj
 0003:0000181c       __C_Exit_Done              1002081c     LIBCMT:crt0dat.obj
 0003:0000192c       ?__pInconsistency@@3P6AXXZA 1002092c     LIBCMT:hooks.obj
 0003:00001930       __cflush                   10020930     LIBCMT:_file.obj
 0003:00001938       ___mbulinfo                10020938     LIBCMT:mbctype.obj
 0003:00001944       ___mbcodepage              10020944     LIBCMT:mbctype.obj
 0003:00001948       ___ismbcodepage            10020948     LIBCMT:mbctype.obj
 0003:0000194c       ___mblcid                  1002094c     LIBCMT:mbctype.obj
 0003:00001950       ___locale_changed          10020950     LIBCMT:setlocal.obj
 0003:00001954       ___lc_handle               10020954     LIBCMT:nlsdata2.obj
 0003:0000196c       ___lc_codepage             1002096c     LIBCMT:nlsdata2.obj
 0003:00001970       ___lc_collate_cp           10020970     LIBCMT:nlsdata2.obj
 0003:00001c8c       __newmode                  10020c8c     LIBCMT:_newmode.obj
 0003:00001ca8       ?pArgList@UnDecorator@@0PAVReplicator@@A 10020ca8     LIBCMT:undname.obj
 0003:00001cac       ?pZNameList@UnDecorator@@0PAVReplicator@@A 10020cac     LIBCMT:undname.obj
 0003:00001cb0       ?pTemplateArgList@UnDecorator@@0PAVReplicator@@A 10020cb0     LIBCMT:undname.obj
 0003:00001cb4       ?gName@UnDecorator@@0PBDB  10020cb4     LIBCMT:undname.obj
 0003:00001cb8       ?name@UnDecorator@@0PBDB   10020cb8     LIBCMT:undname.obj
 0003:00001cbc       ?outputString@UnDecorator@@0PADA 10020cbc     LIBCMT:undname.obj
 0003:00001cc0       ?maxStringLength@UnDecorator@@0HA 10020cc0     LIBCMT:undname.obj
 0003:00001cc4       ?disableFlags@UnDecorator@@0KA 10020cc4     LIBCMT:undname.obj
 0003:00001cc8       ?m_pGetParameter@UnDecorator@@0P6APADJ@ZA 10020cc8     LIBCMT:undname.obj
 0003:00001ccc       ?fExplicitTemplateParams@UnDecorator@@0_NA 10020ccc     LIBCMT:undname.obj
 0003:00001ccd       ?fGetTemplateArgumentList@UnDecorator@@0_NA 10020ccd     LIBCMT:undname.obj
 0003:00001cf0       ___pPurecall               10020cf0     LIBCMT:inithelp.obj
 0003:00001cfc       ___lconv_static_null       10020cfc     LIBCMT:lconv.obj
 0003:00001d00       __stdbuf                   10020d00     LIBCMT:_sftbuf.obj
 0003:00001dd8       ?json_Combat@@3PAPADA      10020dd8     wog native dialogs.obj
 0003:00001de0       ?myString2@@3PADA          10020de0     wog native dialogs.obj
 0003:000021e0       ?NPC_Def@@3PAU_DlgStaticDef_@@A 100211e0     wog native dialogs.obj
 0003:000021e4       ?json_WoGOpt@@3PAPADA      100211e4     wog native dialogs.obj
 0003:000021ec       ?smalfont2@@3PAU_Fnt_@@A   100211ec     wog native dialogs.obj
 0003:000021f0       ?saveManaHero@@3PAY01HA    100211f0     wog native dialogs.obj
 0003:00002200       ?dlgHeroLvlUp_heroID@@3IA  10021200     wog native dialogs.obj
 0003:00002204       ?_PI@@3PAVPatcherInstance@@A 10021204     wog native dialogs.obj
 0003:00002208       ?myString1@@3PADA          10021208     wog native dialogs.obj
 0003:00002608       ?inTownDlg@@3_NA           10021608     wog native dialogs.obj
 0003:0000260c       ?_P@@3PAVPatcher@@A        1002160c     wog native dialogs.obj
 0003:00002610       ?isNeedRestore@@3HA        10021610     wog native dialogs.obj
 0003:00002614       ?json_CrExpo@@3PAPADA      10021614     wog native dialogs.obj
 0003:00002644       ?json_Npc@@3PAPADA         10021644     wog native dialogs.obj
 0003:00002654       ?damLo@@3HA                10021654     wog native dialogs.obj
 0003:00002658       ?strPage@@3PADA            10021658     wog native dialogs.obj
 0003:00002a58       ?strList@@3PADA            10021a58     wog native dialogs.obj
 0003:00002e58       ?medfont2@@3PAU_Fnt_@@A    10021e58     wog native dialogs.obj
 0003:00002e5c       ?QuickBattle_SAVE@@3HA     10021e5c     wog native dialogs.obj
 0003:00002e60       ?o_ScrollItems@@3PAU_ScrollItems_@@A 10021e60     wog native dialogs.obj
 0003:00002e64       ?timeClickAvtoSolo@@3HA    10021e64     wog native dialogs.obj
 0003:00002e68       ?HD_Version@@3HA           10021e68     wog native dialogs.obj
 0003:00002e6c       ?saveCursor@@3PAHA         10021e6c     wog native dialogs.obj
 0003:00002e78       ?time_click@@3HA           10021e78     wog native dialogs.obj
 0003:00002e7c       ?hAngel@Era@@3PAUHINSTANCE__@@A 10021e7c     wog native dialogs.obj
 0003:00002e80       ?hEra@Era@@3PAUHINSTANCE__@@A 10021e80     wog native dialogs.obj
 0003:00002e84       ?focusedItemID@@3HA        10021e84     wog native dialogs.obj
 0003:00002e88       ?my_TimeClick_MsgBox@@3HA  10021e88     wog native dialogs.obj
 0003:00002e8c       ?txtresWOG@@3PAU_TXT_@@A   10021e8c     wog native dialogs.obj
 0003:00002e90       ?damHi@@3HA                10021e90     wog native dialogs.obj
 0003:00002e94       ?bigfont2@@3PAU_Fnt_@@A    10021e94     wog native dialogs.obj
 0003:00002e98       ?myString3@@3PADA          10021e98     wog native dialogs.obj
 0003:00003298       ?EventParams@Era@@3PAY0BA@HA 10022298     wog native dialogs.obj
 0003:0000329c       ?ApiHook@Era@@3P6GPAXPAXH0@ZA 1002229c     wog native dialogs.obj
 0003:000032a0       ?ClearAllIniCache@Era@@3P6GXXZA 100222a0     wog native dialogs.obj
 0003:000032a4       ?ClearIniCache@Era@@3P6GXPBD@ZA 100222a4     wog native dialogs.obj
 0003:000032a8       ?ExecErmCmd@Era@@3P6GXPBD@ZA 100222a8     wog native dialogs.obj
 0003:000032ac       ?ExtractErm@Era@@3P6GXXZA  100222ac     wog native dialogs.obj
 0003:000032b0       ?FatalError@Era@@3P6GXPBD@ZA 100222b0     wog native dialogs.obj
 0003:000032b4       ?FireErmEvent@Era@@3P6GXH@ZA 100222b4     wog native dialogs.obj
 0003:000032b8       ?FireEvent@Era@@3P6GXPBDPAXH@ZA 100222b8     wog native dialogs.obj
 0003:000032bc       ?GetButtonID@Era@@3P6GHPBD@ZA 100222bc     wog native dialogs.obj
 0003:000032c0       ?GetEraVersion@Era@@3P6GPBDXZA 100222c0     wog native dialogs.obj
 0003:000032c4       ?GetVersionNum@Era@@3P6GHXZA 100222c4     wog native dialogs.obj
 0003:000032c8       ?GetGameState@Era@@3P6GXPAUTGameState@1@@ZA 100222c8     wog native dialogs.obj
 0003:000032cc       ?GetRealAddr@Era@@3P6GPAXPAX@ZA 100222cc     wog native dialogs.obj
 0003:000032d0       ?GlobalRedirectFile@Era@@3P6GXXZA 100222d0     wog native dialogs.obj
 0003:000032d4       ?Hook@Era@@3P6GPAXPAXHH0@ZA 100222d4     wog native dialogs.obj
 0003:000032d8       ?HookCode@Era@@3P6GPAXPAXP6GHPAUTHookContext@1@@ZPAPAX@ZA 100222d8     wog native dialogs.obj
 0003:000032dc       ?LoadImageAsPcx16@Era@@3P6GPAXPBD0HHHHH@ZA 100222dc     wog native dialogs.obj
 0003:000032e0       ?LoadTxt@Era@@3P6GPAXPBD@ZA 100222e0     wog native dialogs.obj
 0003:000032e4       ?MemFree@Era@@3P6GXPBX@ZA  100222e4     wog native dialogs.obj
 0003:000032e8       ?NameColor@Era@@3P6GXHPBD@ZA 100222e8     wog native dialogs.obj
 0003:000032ec       ?NotifyError@Era@@3P6GXPBD@ZA 100222ec     wog native dialogs.obj
 0003:000032f0       ?PatchExists@Era@@3P6G_NPBD@ZA 100222f0     wog native dialogs.obj
 0003:000032f4       ?PluginExists@Era@@3P6G_NPBD@ZA 100222f4     wog native dialogs.obj
 0003:000032f8       ?ReadSavegameSection@Era@@3P6GHHPAXPBD@ZA 100222f8     wog native dialogs.obj
 0003:000032fc       ?ReadStrFromIni@Era@@3P6G_NPBD00PAD@ZA 100222fc     wog native dialogs.obj
 0003:00003300       ?RecallAPI@Era@@3P6GHPAUTHookContext@1@H@ZA 10022300     wog native dialogs.obj
 0003:00003304       ?RedirectFile@Era@@3P6GXXZA 10022304     wog native dialogs.obj
 0003:00003308       ?RedirectMemoryBlock@Era@@3P6GXPAXH0@ZA 10022308     wog native dialogs.obj
 0003:0000330c       ?RegisterHandler@Era@@3P6GXP6GXPAUTEvent@1@@ZPBD@ZA 1002230c     wog native dialogs.obj
 0003:00003310       ?ReloadErm@Era@@3P6GXXZA   10022310     wog native dialogs.obj
 0003:00003314       ?ReportPluginVersion@Era@@3P6GXPBD@ZA 10022314     wog native dialogs.obj
 0003:00003318       ?RestoreEventParams@Era@@3P6GXXZA 10022318     wog native dialogs.obj
 0003:0000331c       ?SaveEventParams@Era@@3P6GXXZA 1002231c     wog native dialogs.obj
 0003:00003320       ?SaveIni@Era@@3P6G_NPBD@ZA 10022320     wog native dialogs.obj
 0003:00003324       ?Splice@Era@@3P6GPAXPAX0HHPAHPAPAX@ZA 10022324     wog native dialogs.obj
 0003:00003328       ?ToStaticStr@Era@@3P6GPADPBD@ZA 10022328     wog native dialogs.obj
 0003:0000332c       ?_tr@Era@@3P6GPADPBDPAPBDH@ZA 1002232c     wog native dialogs.obj
 0003:00003330       ?WriteAtCode@Era@@3P6GXHPAX0@ZA 10022330     wog native dialogs.obj
 0003:00003334       ?WriteSavegameSection@Era@@3P6GXHPAXPBD@ZA 10022334     wog native dialogs.obj
 0003:00003338       ?WriteStrToIni@Era@@3P6G_NPBD000@ZA 10022338     wog native dialogs.obj
 0003:0000333c       ?GetDefaultMsgBoxItId@Era@@3P6GHXZA 1002233c     wog native dialogs.obj
 0003:00003340       ?GetMaskMsgBoxItId@Era@@3P6GHXZA 10022340     wog native dialogs.obj
 0003:00003344       ?ERA_VERSION@@3HA          10022344     wog native dialogs.obj
 0003:00003348       ?NPC_StatBar@@3PAU_DlgStaticTextPcx8ed_@@A 10022348     wog native dialogs.obj
 0003:0000334c       ?BanDlg_CustomReq_EnterText@@3HA 1002234c     wog native dialogs.obj
 0003:00003350       ?o_Sphinx1@@3PAU_Sphinx1_@@A 10022350     wog native dialogs.obj
 0003:00003354       ?Dlg_CustomReq_Ban@@3HA    10022354     wog native dialogs.obj
 0003:00003358       ?statbarWoGOptions@@3PAU_DlgStaticTextPcx8ed_@@A 10022358     wog native dialogs.obj
 0003:0000335c       ?apdFont@@3HA              1002235c     wog native dialogs.obj
 0003:00003360       ?calls_count@?1??GetPatcher@@YAPAVPatcher@@XZ@4HA 10022360     wog native dialogs.obj
 0003:00003368       ___fastflag                10022368     LIBCMT:_fpinit_.obj
 0003:0000336c       __adjust_fdiv              1002236c     LIBCMT:_fpinit_.obj
 0003:00003370       __outputformat             10022370     LIBCMT:outputformat.obj
 0003:00003374       ___piob                    10022374     <common>
 0003:00003380       __bufin                    10022380     <common>
 0003:00004380       __nstream                  10023380     <common>
 0003:00004384       ___sse2_available          10023384     <common>
 0003:00004388       __debugger_hook_dummy      10023388     <common>
 0003:0000438c       __nhandle                  1002338c     <common>
 0003:000043a0       ___pioinfo                 100233a0     <common>
 0003:000044a0       ___env_initialized         100234a0     <common>
 0003:000044a4       ___onexitend               100234a4     <common>
 0003:000044a8       ___onexitbegin             100234a8     <common>
 0003:000044ac       ___mbctype_initialized     100234ac     <common>
 0003:000044b0       ___dyn_tls_init_callback   100234b0     <common>
 0003:000044b4       ___sbh_cntHeaderList       100234b4     <common>
 0003:000044b8       ___sbh_pHeaderList         100234b8     <common>
 0003:000044bc       ___sbh_threshold           100234bc     <common>
 0003:000044c0       ___sbh_pHeaderScan         100234c0     <common>
 0003:000044c4       ___sbh_sizeHeaderList      100234c4     <common>
 0003:000044c8       ___sbh_indGroupDefer       100234c8     <common>
 0003:000044cc       ___active_heap             100234cc     <common>
 0003:000044d0       __acmdln                   100234d0     <common>

 entry point at        0001:0000e0b8

 Static symbols

 0001:0000dfc2       ___DllMainCRTStartup       1000efc2 f   LIBCMT:dllcrt0.obj
 0001:0000ea08       _write_char                1000fa08 f   LIBCMT:output.obj
 0001:0000ea3b       _write_multi_char          1000fa3b f   LIBCMT:output.obj
 0001:0000ea61       _write_string              1000fa61 f   LIBCMT:output.obj
 0001:00010bb8       __onexit_nolock            10011bb8 f   LIBCMT:onexit.obj
 0001:000114c5       __initterm                 100124c5 f   LIBCMT:crt0dat.obj
 0001:0001158b       _doexit                    1001258b f   LIBCMT:crt0dat.obj
 0001:00011aaa       _parse_cmdline             10012aaa f   LIBCMT:stdargv.obj
 0001:00012194       _fastcopy_I                10013194 f   LIBCMT:p4_memcpy.obj
 0001:000122fe       _has_osfxsr_set            100132fe f   LIBCMT:cpu_disp.obj
 0001:00012ffe       ?CPtoLCID@@YAHH@Z          10013ffe f   LIBCMT:mbctype.obj
 0001:0001302d       ?setSBCS@@YAXPAUthreadmbcinfostruct@@@Z 1001402d f   LIBCMT:mbctype.obj
 0001:00013091       ?setSBUpLow@@YAXPAUthreadmbcinfostruct@@@Z 10014091 f   LIBCMT:mbctype.obj
 0001:000132c8       ?getSystemCP@@YAHH@Z       100142c8 f   LIBCMT:mbctype.obj
 0001:00013952       __updatetlocinfoEx_nolock  10014952 f   LIBCMT:setlocal.obj
 0001:00013f98       __unwind_handler4          10014f98 f   LIBCMT:exsup4.obj
 0001:000141ad       _fastzero_I                100151ad f   LIBCMT:p4_memset.obj
 0001:0001468d       _siglookup                 1001568d f   LIBCMT:winsig.obj
 0001:0001489f       ?x_ismbbtype_l@@YAHPAUlocaleinfo_struct@@IHH@Z 1001589f f   LIBCMT:ismbbyte.obj
 0001:00014a44       __unwind_handler           10015a44 f   LIBCMT:exsup.obj
 0001:0001509a       _flsall                    1001609a f   LIBCMT:fflush.obj
 0001:0001519d       ?__crtLCMapStringA_stat@@YAHPAUlocaleinfo_struct@@KKPBDHPADHHH@Z 1001619d f   LIBCMT:a_map.obj
 0001:00015587       ?__crtGetStringTypeA_stat@@YAHPAUlocaleinfo_struct@@KPBDHPAGHHH@Z 10016587 f   LIBCMT:a_str.obj
 0001:00015ba9       ?strtoxl@@YAKPAUlocaleinfo_struct@@PBDPAPBDHH@Z 10016ba9 f   LIBCMT:strtol.obj
 0001:00016c58       __shift                    10017c58 f   LIBCMT:cvt.obj
 0001:00016c9d       __cftoe2_l                 10017c9d f   LIBCMT:cvt.obj
 0001:0001726f       __cftof2_l                 1001826f f   LIBCMT:cvt.obj
 0001:000195ff       __hw_cw                    1001a5ff f   LIBCMT:_ieee87_.obj
 0001:0001968d       ___hw_cw_sse2              1001a68d f   LIBCMT:_ieee87_.obj
 0001:00019c80       ??__Fnomem@?5???2@YAPAXI@Z@YAXXZ 1001ac80 f   LIBCMT:new.obj
