 wog native dialogs

 Timestamp is 617320a7 (Fri Oct 22 23:35:51 2021)

 Preferred load address is 10000000

 Start         Length     Name                   Class
 0001:00000000 00022a7cH .text                   CODE
 0001:00022a80 00000881H .text$x                 CODE
 0001:00023301 00000014H .text$yd                CODE
 0002:00000000 0000013cH .idata$5                DATA
 0002:0000013c 00000004H .CRT$XCA                DATA
 0002:00000140 00000004H .CRT$XCZ                DATA
 0002:00000144 00000004H .CRT$XIA                DATA
 0002:00000148 00000010H .CRT$XIC                DATA
 0002:00000158 00000004H .CRT$XIZ                DATA
 0002:0000015c 00000004H .CRT$XPA                DATA
 0002:00000160 00000004H .CRT$XPX                DATA
 0002:00000164 00000004H .CRT$XPXA               DATA
 0002:00000168 00000004H .CRT$XPZ                DATA
 0002:0000016c 00000004H .CRT$XTA                DATA
 0002:00000170 00000004H .CRT$XTZ                DATA
 0002:00000180 00002670H .rdata                  DATA
 0002:000027f0 00000067H .rdata$debug            DATA
 0002:00002858 00000214H .rdata$r                DATA
 0002:00002a70 000000a0H .rdata$sxdata           DATA
 0002:00002b10 00000004H .rtc$IAA                DATA
 0002:00002b14 00000004H .rtc$IZZ                DATA
 0002:00002b18 00000004H .rtc$TAA                DATA
 0002:00002b1c 00000004H .rtc$TZZ                DATA
 0002:00002b20 00000e64H .xdata$x                DATA
 0002:00003984 00000028H .idata$2                DATA
 0002:000039ac 00000014H .idata$3                DATA
 0002:000039c0 0000013cH .idata$4                DATA
 0002:00003afc 0000059cH .idata$6                DATA
 0002:000040a0 0000005eH .edata                  DATA
 0003:00000000 00001398H .data                   DATA
 0003:000013a0 000039b8H .bss                    DATA

  Address         Publics by Value              Rva+Base       Lib:Object

 0000:00000000       __except_list              00000000     <absolute>
 0000:00000028       ___safe_se_handler_count   00000028     <absolute>
 0000:00000000       ___ImageBase               10000000     <linker-defined>
 0001:00000000       ?WriteCodePatch@PatcherInstance@@QAAPAVPatch@@IPADZZ 10001000 f i wog native dialogs.obj
 0001:00000020       ??1bad_alloc@std@@UAE@XZ   10001020 f i wog native dialogs.obj
 0001:00000030       ??_Gbad_alloc@std@@UAEPAXI@Z 10001030 f i wog native dialogs.obj
 0001:00000030       ??_Ebad_alloc@std@@UAEPAXI@Z 10001030 f i  CIL library: CIL module
 0001:00000060       ??3@YAXPAX0@Z              10001060 f i wog native dialogs.obj
 0001:00000070       ?compare@?$char_traits@D@std@@SAHPBD0I@Z 10001070 f i wog native dialogs.obj
 0001:000000f0       ??0logic_error@std@@QAE@ABV?$basic_string@DU?$char_traits@D@std@@V?$allocator@D@2@@1@@Z 100010f0 f i wog native dialogs.obj
 0001:00000160       ??1logic_error@std@@UAE@XZ 10001160 f i wog native dialogs.obj
 0001:00000160       ??1length_error@std@@UAE@XZ 10001160 f i wog native dialogs.obj
 0001:000001a0       ?what@logic_error@std@@UBEPBDXZ 100011a0 f i wog native dialogs.obj
 0001:000001b0       ??0length_error@std@@QAE@ABV?$basic_string@DU?$char_traits@D@std@@V?$allocator@D@2@@1@@Z 100011b0 f i wog native dialogs.obj
 0001:000001d0       ??_Glogic_error@std@@UAEPAXI@Z 100011d0 f i wog native dialogs.obj
 0001:000001d0       ??_Elogic_error@std@@UAEPAXI@Z 100011d0 f i  CIL library: CIL module
 0001:000001d0       ??_Glength_error@std@@UAEPAXI@Z 100011d0 f i wog native dialogs.obj
 0001:000001d0       ??_Elength_error@std@@UAEPAXI@Z 100011d0 f i  CIL library: CIL module
 0001:00000220       ??0logic_error@std@@QAE@ABV01@@Z 10001220 f i wog native dialogs.obj
 0001:000002a0       ?Redraw@_Dlg_@@QAEXH@Z     100012a0 f i wog native dialogs.obj
 0001:000002c0       ?AddItem@_Dlg_@@QAEXPAU_DlgItem_@@@Z 100012c0 f i wog native dialogs.obj
 0001:000002f0       ?Create@_DlgStaticPcx8_@@SAPAU1@HHHHHPAD@Z 100012f0 f i wog native dialogs.obj
 0001:00000330       ?Create@_DlgStaticPcx8_@@SAPAU1@HHHPAD@Z 10001330 f i wog native dialogs.obj
 0001:00000380       ?Create@_DlgStaticDef_@@SAPAU1@HHHPADHHH@Z 10001380 f i wog native dialogs.obj
 0001:000003e0       ?Create@_DlgStaticPcx16_@@SAPAU1@HHHHHPADI@Z 100013e0 f i wog native dialogs.obj
 0001:00000420       ?Create@_DlgButton_@@SAPAU1@HHHPADHHHH@Z 10001420 f i wog native dialogs.obj
 0001:00000470       ?Create@_DlgTextButton_@@SAPAU1@HHHPAD00HHHHH@Z 10001470 f i wog native dialogs.obj
 0001:000004d0       ?b_MsgBox@@YAHPADH@Z       100014d0 f i wog native dialogs.obj
 0001:00000500       ?b_MsgBoxD@@YAHPADHHH@Z    10001500 f i wog native dialogs.obj
 0001:00000540       ?GetHero@_GameMgr_@@QAEPAU_Hero_@@H@Z 10001540 f i wog native dialogs.obj
 0001:00000560       ?Get_ITxtExp@@YAPADH@Z     10001560 f i wog native dialogs.obj
 0001:00000580       ?Y_Mouse_SetCursor@@YAXH@Z 10001580 f   wog native dialogs.obj
 0001:00000610       ?Set_DlgBackground_RK@@YAHPAU_Dlg_@@HH@Z 10001610 f   wog native dialogs.obj
 0001:00000bc0       ?b_MsgBoxAndDef@@YAXPADH0@Z 10001bc0 f   wog native dialogs.obj
 0001:00000df0       ?b_MsgBoxAndPcx8@@YAXPAD0H@Z 10001df0 f   wog native dialogs.obj
 0001:00001170       ?b_MsgBoxBig@@YAXPADD@Z    10002170 f   wog native dialogs.obj
 0001:000012b0       ?Y_MsgBoxAndAnimatedDef_Proc@@YGHPAV_CustomDlg_@@PAU_DlgMsg_@@@Z 100022b0 f   wog native dialogs.obj
 0001:00001330       ?b_MsgBoxAndAnimatedDef@@YAXPAD0@Z 10002330 f   wog native dialogs.obj
 0001:000016a0       ?e_ClickSound@@YAXXZ       100026a0 f i wog native dialogs.obj
 0001:000016f0       ?ConnectEra@Era@@YAXXZ     100026f0 f   wog native dialogs.obj
 0001:00001a30       ?F_MsgBox_ResetYellowFrames@@YAHPAU_Dlg_@@H@Z 10002a30 f   wog native dialogs.obj
 0001:00001a80       ?F_MsgBox_Return@@YAHPAU_DlgMsg_@@H@Z 10002a80 f   wog native dialogs.obj
 0001:00001ab0       ?Y_New_MsgBox_GetNextItem@@YAHHH@Z 10002ab0 f   wog native dialogs.obj
 0001:00001bb0       ?Y_New_MsgBox_Proc@@YGHPAVHiHook@@PAU_DlgMsg_@@@Z 10002bb0 f   wog native dialogs.obj
 0001:00001dc0       ?Y_New_MsgBox_SetDefaultFrameEnabled@@YGHPAVLoHook@@PAUHookContext@@@Z 10002dc0 f   wog native dialogs.obj
 0001:00001e70       ?Y_New_MsgBox_GetBitMask@@YGHPAVHiHook@@PAU_GameMgr_@@@Z 10002e70 f   wog native dialogs.obj
 0001:00001ee0       ?Dlg_MsgBox@@YAXPAVPatcherInstance@@@Z 10002ee0 f   wog native dialogs.obj
 0001:00001f70       ?Y_Dlg_WoGMessage@@YGHPAVHiHook@@PAD1111@Z 10002f70 f   wog native dialogs.obj
 0001:00002130       ?Y_WoG_PicDlg_Pcx8@@YGXPAVHiHook@@PAD1@Z 10003130 f   wog native dialogs.obj
 0001:000023d0       ?Y_WoG_PicDlg_Def@@YGXPAVHiHook@@PAD1@Z 100033d0 f   wog native dialogs.obj
 0001:00002670       ?Dlg_WoGMessageBox@@YAXPAVPatcherInstance@@@Z 10003670 f   wog native dialogs.obj
 0001:000026d0       ?Dlg_ChangeBmp@@YAXPAVPatcherInstance@@@Z 100036d0 f   wog native dialogs.obj
 0001:000034e0       ?Y_New_CommanderDlg_Proc@@YGHPAV_CustomDlg_@@PAU_DlgMsg_@@@Z 100044e0 f   wog native dialogs.obj
 0001:00003c70       ?Y_Dlg_NPC_Show@@YGHPAVHiHook@@PAU_DlgNPC_@@@Z 10004c70 f   wog native dialogs.obj
 0001:00005370       ?Y_Dlg_NPC_Prepare@@YGXPAVHiHook@@PAU_Npc_@@HHH@Z 10006370 f   wog native dialogs.obj
 0001:000053b0       ?Y_Dlg_NPC_ShowAgain_IfGetArtHero@@YGHPAVLoHook@@PAUHookContext@@@Z 100063b0 f   wog native dialogs.obj
 0001:000053d0       ?Y_HeroDlg_Create@@YGPAV_CustomDlg_@@PAVHiHook@@PAV1@@Z 100063d0 f   wog native dialogs.obj
 0001:00005430       ?Y_HeroDlg_Proc@@YGHPAVHiHook@@PAV_CustomDlg_@@PAU_DlgMsg_@@@Z 10006430 f   wog native dialogs.obj
 0001:000056a0       ?Dlg_NPC@@YAXPAVPatcherInstance@@@Z 100066a0 f   wog native dialogs.obj
 0001:00005730       ?New_Dlg_ExpaMon_Case8@@YAHH@Z 10006730 f   wog native dialogs.obj
 0001:00006090       ?New_Dlg_ExpaMon_BannerDlg_Proc@@YGHPAV_CustomDlg_@@PAU_DlgMsg_@@@Z 10007090 f   wog native dialogs.obj
 0001:00006160       ?New_Dlg_ExpaMon_BannerDlg@@YAHXZ 10007160 f   wog native dialogs.obj
 0001:00006560       ?New_Dlg_ExpaMon_Proc@@YGHPAV_CustomDlg_@@PAU_DlgMsg_@@@Z 10007560 f   wog native dialogs.obj
 0001:00006980       ?CreatureExpo_CompressedEmptyStrings@@YAXPAU_CreatureExpo_@@@Z 10007980 f   wog native dialogs.obj
 0001:00006a10       ?Y_NewDlg_CreatureExpo@@YGHPAVHiHook@@PAU_CreatureExpo_@@@Z 10007a10 f   wog native dialogs.obj
 0001:00007580       ?Y_WoGCurseDlg_Proc@@YGHPAV_CustomDlg_@@PAU_DlgMsg_@@@Z 10008580 f   wog native dialogs.obj
 0001:00007680       ?Y_WoGCurseDlg_Show@@YGHPAVLoHook@@PAUHookContext@@@Z 10008680 f   wog native dialogs.obj
 0001:00007a20       ?Y_WoGDlg_ChooseArt_Proc@@YGHPAV_CustomDlg_@@PAU_DlgMsg_@@@Z 10008a20 f   wog native dialogs.obj
 0001:00007d10       ?Y_WoGDlg_ChooseArt@@YGHPAVHiHook@@HPAU_Hero_@@H@Z 10008d10 f   wog native dialogs.obj
 0001:00008390       ?WoG_PlaceCreature_RMC_Crtl@@YGHPAVLoHook@@PAUHookContext@@@Z 10009390 f   wog native dialogs.obj
 0001:000083c0       _UseWin32InputControl      100093c0 f   wog native dialogs.obj
 0001:000083e0       ?IsSupportedFormatImage@@YAHPAD@Z 100093e0 f   wog native dialogs.obj
 0001:000086c0       ?New_Dlg_CustomReq_Proc@@YGHPAV_CustomDlg_@@PAU_DlgMsg_@@@Z 100096c0 f   wog native dialogs.obj
 0001:00008880       ?New_Dlg_CustomReq@@YAHPAU_Sphinx1_@@@Z 10009880 f   wog native dialogs.obj
 0001:00009ae0       ?Y_Dlg_CustomReq@@YGHPAVHiHook@@HHPAPAD@Z 1000aae0 f   wog native dialogs.obj
 0001:00009db0       ?Y_WoGDlg_SphinxReq@@YGHPAVHiHook@@H@Z 1000adb0 f   wog native dialogs.obj
 0001:00009f40       ?Y_Dlg_QuickDialog@@YGHPAVHiHook@@PAU_Sphinx1_@@@Z 1000af40 f   wog native dialogs.obj
 0001:00009fd0       ?Y_Dlg_CustomPic@@YGHPAVHiHook@@HH@Z 1000afd0 f   wog native dialogs.obj
 0001:0000a330       ?Dlg_Sphinx@@YAXPAVPatcherInstance@@@Z 1000b330 f   wog native dialogs.obj
 0001:0000a3f0       ?New_Dlg_IF_G_Proc@@YGHPAV_CustomDlg_@@PAU_DlgMsg_@@@Z 1000b3f0 f   wog native dialogs.obj
 0001:0000a510       ?New_Dlg_IF_G@@YAHPAU_CheckBoxes_@@@Z 1000b510 f   wog native dialogs.obj
 0001:0000a960       ?New_Dlg_IF_G_Lo@@YGHPAVLoHook@@PAUHookContext@@@Z 1000b960 f   wog native dialogs.obj
 0001:0000a9c0       ?Dlg_IFG@@YAXPAVPatcherInstance@@@Z 1000b9c0 f   wog native dialogs.obj
 0001:0000aa10       ?Dlg_ChooseMonAttack_Proc@@YGHPAV_CustomDlg_@@PAU_DlgMsg_@@@Z 1000ba10 f   wog native dialogs.obj
 0001:0000aa50       ?Dlg_ChooseMonAttack@@YGHPAVHiHook@@HHH@Z 1000ba50 f   wog native dialogs.obj
 0001:0000ad30       ?Y_NewScenarioDlg_SetScrolledShoose@@YAHPAU_NewScenarioDlg_@@PAU_DlgMsg_@@@Z 1000bd30 f   wog native dialogs.obj
 0001:0000adc0       ?Redraw_WoGDlgSetup_ElemOnPage@@YAHPAV_CustomDlg_@@PAU_DlgSetup_@@H@Z 1000bdc0 f   wog native dialogs.obj
 0001:0000afb0       ?ShowHide_WoGDlgSetup_ElemOnPage@@YAHPAV_CustomDlg_@@HPAU_DlgSetup_@@H@Z 1000bfb0 f   wog native dialogs.obj
 0001:0000b1a0       ?Create_WoGDlgSetup_ElemOnPage@@YAHPAV_CustomDlg_@@HPAU_DlgSetup_@@@Z 1000c1a0 f   wog native dialogs.obj
 0001:0000b590       ?setYellowFrames@@YAXPAV_CustomDlg_@@H@Z 1000c590 f   wog native dialogs.obj
 0001:0000c0f0       ?Dlg_WoG_Options_Proc@@YGHPAV_CustomDlg_@@PAU_DlgMsg_@@@Z 1000d0f0 f   wog native dialogs.obj
 0001:0000c840       ?Dlg_WoG_Options_Show@@YGXPAVHiHook@@H@Z 1000d840 f   wog native dialogs.obj
 0001:0000cd90       ?Y_NewScenarioDlg_Proc@@YGHPAVHiHook@@PAU_NewScenarioDlg_@@PAU_DlgMsg_@@@Z 1000dd90 f   wog native dialogs.obj
 0001:0000ce20       ?Y_NewScenarioDlg_BlockScrollBar@@YGHPAVHiHook@@PAX@Z 1000de20 f   wog native dialogs.obj
 0001:0000ce50       ?Y_NewScenarioDlg_Create@@YGXPAVHiHook@@PAU_NewScenarioDlg_@@H@Z 1000de50 f   wog native dialogs.obj
 0001:0000ceb0       ?Dlg_WoGOptions@@YAXPAVPatcherInstance@@@Z 1000deb0 f   wog native dialogs.obj
 0001:0000cf60       ?WOG_ProcessAll@@YGXPAVHiHook@@@Z 1000df60 f   wog native dialogs.obj
 0001:0000d240       ?Dlg_SaveDatFile1@@YGHPAVLoHook@@PAUHookContext@@@Z 1000e240 f   wog native dialogs.obj
 0001:0000d2d0       ?Dlg_LoadDatFile1@@YGHPAVLoHook@@PAUHookContext@@@Z 1000e2d0 f   wog native dialogs.obj
 0001:0000d360       ?WoGOptionsStrings@@YAXPAVPatcherInstance@@@Z 1000e360 f   wog native dialogs.obj
 0001:0000d3c0       ?Dlg_ChooseCastleReBuild_Proc@@YGHPAV_CustomDlg_@@PAU_DlgMsg_@@@Z 1000e3c0 f   wog native dialogs.obj
 0001:0000d510       ?Dlg_ChooseCastleReBuild@@YAHXZ 1000e510 f   wog native dialogs.obj
 0001:0000dad0       ?HiHook_Dlg_ChooseCastleReBuild@@YGHPAVHiHook@@@Z 1000ead0 f   wog native dialogs.obj
 0001:0000dae0       ?LoHook_Dlg_ChooseCastleReBuild@@YGHPAVLoHook@@PAUHookContext@@@Z 1000eae0 f   wog native dialogs.obj
 0001:0000db10       ?Y_Dlg_HeroLvlUp_Proc@@YGHPAVHiHook@@HPAU_DlgMsg_@@@Z 1000eb10 f   wog native dialogs.obj
 0001:0000dc00       ?Y_Lo_Dlg_HeroLvlUp_Create@@YGHPAVLoHook@@PAUHookContext@@@Z 1000ec00 f   wog native dialogs.obj
 0001:0000dc20       ?Y_BATTLE_Proc@@YGHPAVHiHook@@PAU_BattleMgr_@@PAU_DlgMsg_@@@Z 1000ec20 f   wog native dialogs.obj
 0001:0000dd70       ?Y_EndBattle@@YGHPAVLoHook@@PAUHookContext@@@Z 1000ed70 f   wog native dialogs.obj
 0001:0000de20       ?StartHD5Functions@@YAXXZ  1000ee20 f   wog native dialogs.obj
 0001:0000de90       ?HD5_Functions@@YAXPAVPatcherInstance@@@Z 1000ee90 f   wog native dialogs.obj
 0001:0000dee0       ?NewBattleLogDlg_Proc@@YGHPAV_CustomDlg_@@PAU_DlgMsg_@@@Z 1000eee0 f   wog native dialogs.obj
 0001:0000df20       ?CreateNewBattleLogDlg@@YAXPAU_BattleMgr_@@@Z 1000ef20 f   wog native dialogs.obj
 0001:0000e450       ?BattleLog_Proc@@YGHPAVHiHook@@PAU_BattleMgr_@@PAU_DlgMsg_@@@Z 1000f450 f   wog native dialogs.obj
 0001:0000e4b0       ?BattleLog_ReportNewRound@@YGXPAVHiHook@@IPBDHD@Z 1000f4b0 f   wog native dialogs.obj
 0001:0000e500       ?expandFilePath@fsman@@YA?AV?$basic_string@DU?$char_traits@D@std@@V?$allocator@D@2@@std@@ABV23@@Z 1000f500 f   wog native dialogs.obj
 0001:0000e750       ?isAbsPath@fsman@@YA_NABV?$basic_string@DU?$char_traits@D@std@@V?$allocator@D@2@@std@@@Z 1000f750 f   wog native dialogs.obj
 0001:0000e7b0       ?compareCaseInsensitively@fsman@@YA_NABV?$basic_string@DU?$char_traits@D@std@@V?$allocator@D@2@@std@@0@Z 1000f7b0 f   wog native dialogs.obj
 0001:0000e890       ?sortCaseInsensitively@fsman@@YAXAAV?$vector@V?$basic_string@DU?$char_traits@D@std@@V?$allocator@D@2@@std@@V?$allocator@V?$basic_string@DU?$char_traits@D@std@@V?$allocator@D@2@@std@@@2@@std@@@Z 1000f890 f   wog native dialogs.obj
 0001:0000e8f0       ??0FsMan@fsman@@QAE@ABV?$basic_string@DU?$char_traits@D@std@@V?$allocator@D@2@@std@@@Z 1000f8f0 f   wog native dialogs.obj
 0001:0000e980       ?expandFilePath@FsMan@fsman@@QAE?AV?$basic_string@DU?$char_traits@D@std@@V?$allocator@D@2@@std@@ABV34@@Z 1000f980 f   wog native dialogs.obj
 0001:0000ea80       ?changeDirectory@FsMan@fsman@@QAE_NABV?$basic_string@DU?$char_traits@D@std@@V?$allocator@D@2@@std@@@Z 1000fa80 f   wog native dialogs.obj
 0001:0000eb40       ?listDirectories@FsMan@fsman@@QAE?AV?$vector@V?$basic_string@DU?$char_traits@D@std@@V?$allocator@D@2@@std@@V?$allocator@V?$basic_string@DU?$char_traits@D@std@@V?$allocator@D@2@@std@@@2@@std@@XZ 1000fb40 f   wog native dialogs.obj
 0001:0000eef0       ?listFiles@FsMan@fsman@@QAE?AV?$vector@V?$basic_string@DU?$char_traits@D@std@@V?$allocator@D@2@@std@@V?$allocator@V?$basic_string@DU?$char_traits@D@std@@V?$allocator@D@2@@std@@@2@@std@@ABV?$basic_string@DU?$char_traits@D@std@@V?$allocator@D@2@@4@@Z 1000fef0 f   wog native dialogs.obj
 0001:0000f2b0       ?NewDlg_ChooseFile_ChangeDirectory@@YAHPAV_CustomDlg_@@PAD@Z 100102b0 f   wog native dialogs.obj
 0001:0000f3f0       ?NewDlg_ChooseFile_FolderOut@@YAHPAV_CustomDlg_@@@Z 100103f0 f   wog native dialogs.obj
 0001:0000f650       ?NewDlg_ChooseFile_FolderIn@@YAHPAV_CustomDlg_@@@Z 10010650 f   wog native dialogs.obj
 0001:0000f7e0       ?NewDlg_ChooseFile_RedrawFrames@@YAHPAV_CustomDlg_@@PAU_ScrollFiles_@@@Z 100107e0 f   wog native dialogs.obj
 0001:0000f840       ?NewDlg_ChooseFile_MooveFrameUp@@YAHPAV_CustomDlg_@@@Z 10010840 f   wog native dialogs.obj
 0001:0000f940       ?NewDlg_ChooseFile_MooveFrameDown@@YAHPAV_CustomDlg_@@@Z 10010940 f   wog native dialogs.obj
 0001:0000fa40       ?NewDlg_ChooseFile_ScrollProc@@YIXHPAV_CustomDlg_@@@Z 10010a40 f   wog native dialogs.obj
 0001:00010000       ?NewDlg_ChooseFile_Rebuild@@YGHPAV_CustomDlg_@@@Z 10011000 f   wog native dialogs.obj
 0001:00010840       ?NewDlg_ChooseFile_UdateEditText@@YAHPAV_CustomDlg_@@PAD@Z 10011840 f   wog native dialogs.obj
 0001:000108c0       ?NewDlg_ChooseFile_SetTextOnEditTextItem@@YAHPAV_CustomDlg_@@H@Z 100118c0 f   wog native dialogs.obj
 0001:00010920       ?NewDlg_ChooseFile_UpdateHintText@@YAXPAV_CustomDlg_@@PAU_DlgMsg_@@@Z 10011920 f   wog native dialogs.obj
 0001:00010a30       ?NewDlg_ChooseFile_Proc@@YGHPAV_CustomDlg_@@PAU_DlgMsg_@@@Z 10011a30 f   wog native dialogs.obj
 0001:00010dc0       ?NewDlg_ChooseFile@@YGHPAU_ChooseFile_@@@Z 10011dc0 f   wog native dialogs.obj
 0001:000118a0       ??1FsMan@fsman@@QAE@XZ     100128a0 f i wog native dialogs.obj
 0001:000118a0       ?destroy@?$allocator@V?$basic_string@DU?$char_traits@D@std@@V?$allocator@D@2@@std@@@std@@QAEXPAV?$basic_string@DU?$char_traits@D@std@@V?$allocator@D@2@@2@@Z 100128a0 f i wog native dialogs.obj
 0001:000118d0       ?NewDlg_ChooseFile_Prepare@@YAHPAU_ChooseFile_@@@Z 100128d0 f   wog native dialogs.obj
 0001:00011c80       ?Dlg_WoG_Options_SaveOrLoad@@YGHPAVHiHook@@PAU_ChooseFile_@@PAD@Z 10012c80 f   wog native dialogs.obj
 0001:00011d90       ?DlgEdit_IsCorrectInpulSymbol@@YGHPAVHiHook@@PAU_DlgTextEdit_@@PAU_DlgMsg_@@@Z 10012d90 f   wog native dialogs.obj
 0001:00011eb0       ?Y_DlgTown_Proc@@YGHPAVHiHook@@PAU_TownMgr_@@PAU_DlgMsg_@@@Z 10012eb0 f   wog native dialogs.obj
 0001:00012020       ?Y_Dlg_HeroesMeet@@YGHPAVLoHook@@PAUHookContext@@@Z 10013020 f   wog native dialogs.obj
 0001:00012050       ?Y_Battle_SetHintAttackGetDamage@@YGHPAVLoHook@@PAUHookContext@@@Z 10013050 f   wog native dialogs.obj
 0001:00012070       ?GetStringKilled@@YAPADPADPAU_BattleStack_@@@Z 10013070 f   wog native dialogs.obj
 0001:000121a0       ?BattleMgr_GetAttackDamage_Hint_LogString@@YGPAU_HStr_@@PAVHiHook@@PAU1@PAU_BattleStack_@@2EH@Z 100131a0 f   wog native dialogs.obj
 0001:000122a0       ?Y_Dlg_MainMenu_Create@@YGHPAVHiHook@@PAU_Dlg_@@@Z 100132a0 f   wog native dialogs.obj
 0001:00012340       ?OnReportVersion@@YGXPAUTEvent@Era@@@Z 10013340 f   wog native dialogs.obj
 0001:00012370       ?Y_LoadAllTXTinGames@@YGHPAVLoHook@@PAUHookContext@@@Z 10013370 f   wog native dialogs.obj
 0001:00012390       ?Y_Hook_MainLoop@@YGHPAVLoHook@@PAUHookContext@@@Z 10013390 f   wog native dialogs.obj
 0001:00012800       _DllMain@12                10013800 f   wog native dialogs.obj
 0001:00012af0       ??0?$basic_string@DU?$char_traits@D@std@@V?$allocator@D@2@@std@@QAE@PBD@Z 10013af0 f i wog native dialogs.obj
 0001:00012b30       ??0?$basic_string@DU?$char_traits@D@std@@V?$allocator@D@2@@std@@QAE@ABV01@@Z 10013b30 f i wog native dialogs.obj
 0001:00012b60       ??1?$basic_string@DU?$char_traits@D@std@@V?$allocator@D@2@@std@@QAE@XZ 10013b60 f i wog native dialogs.obj
 0001:00012b90       ?append@?$basic_string@DU?$char_traits@D@std@@V?$allocator@D@2@@std@@QAEAAV12@PBD@Z 10013b90 f i wog native dialogs.obj
 0001:00012bb0       ?erase@?$basic_string@DU?$char_traits@D@std@@V?$allocator@D@2@@std@@QAEAAV12@II@Z 10013bb0 f i wog native dialogs.obj
 0001:00012c40       ?begin@?$basic_string@DU?$char_traits@D@std@@V?$allocator@D@2@@std@@QAE?AV?$_String_iterator@DU?$char_traits@D@std@@V?$allocator@D@2@@2@XZ 10013c40 f i wog native dialogs.obj
 0001:00012ca0       ?end@?$basic_string@DU?$char_traits@D@std@@V?$allocator@D@2@@std@@QAE?AV?$_String_iterator@DU?$char_traits@D@std@@V?$allocator@D@2@@2@XZ 10013ca0 f i wog native dialogs.obj
 0001:00012d00       ?substr@?$basic_string@DU?$char_traits@D@std@@V?$allocator@D@2@@std@@QBE?AV12@II@Z 10013d00 f i wog native dialogs.obj
 0001:00012d30       ??0?$vector@V?$basic_string@DU?$char_traits@D@std@@V?$allocator@D@2@@std@@V?$allocator@V?$basic_string@DU?$char_traits@D@std@@V?$allocator@D@2@@std@@@2@@std@@QAE@XZ 10013d30 f i wog native dialogs.obj
 0001:00012d30       ??0?$vector@DV?$allocator@D@std@@@std@@QAE@XZ 10013d30 f i wog native dialogs.obj
 0001:00012d90       ??1?$vector@DV?$allocator@D@std@@@std@@QAE@XZ 10013d90 f i wog native dialogs.obj
 0001:00012dc0       ??H?$_Vector_iterator@DV?$allocator@D@std@@@std@@QBE?AV01@H@Z 10013dc0 f i wog native dialogs.obj
 0001:00012e10       ??1?$vector@V?$basic_string@DU?$char_traits@D@std@@V?$allocator@D@2@@std@@V?$allocator@V?$basic_string@DU?$char_traits@D@std@@V?$allocator@D@2@@std@@@2@@std@@QAE@XZ 10013e10 f i wog native dialogs.obj
 0001:00012e60       ?push_back@?$vector@V?$basic_string@DU?$char_traits@D@std@@V?$allocator@D@2@@std@@V?$allocator@V?$basic_string@DU?$char_traits@D@std@@V?$allocator@D@2@@std@@@2@@std@@QAEXABV?$basic_string@DU?$char_traits@D@std@@V?$allocator@D@2@@2@@Z 10013e60 f i wog native dialogs.obj
 0001:00012f10       ??1?$_Vector_val@DV?$allocator@D@std@@@std@@QAE@XZ 10013f10 f i wog native dialogs.obj
 0001:00012f10       ??1?$_Vector_val@V?$basic_string@DU?$char_traits@D@std@@V?$allocator@D@2@@std@@V?$allocator@V?$basic_string@DU?$char_traits@D@std@@V?$allocator@D@2@@std@@@2@@std@@QAE@XZ 10013f10 f i wog native dialogs.obj
 0001:00012f20       ?append@?$basic_string@DU?$char_traits@D@std@@V?$allocator@D@2@@std@@QAEAAV12@PBDI@Z 10013f20 f i wog native dialogs.obj
 0001:00013030       ?assign@?$basic_string@DU?$char_traits@D@std@@V?$allocator@D@2@@std@@QAEAAV12@ABV12@II@Z 10014030 f i wog native dialogs.obj
 0001:00013110       ?assign@?$basic_string@DU?$char_traits@D@std@@V?$allocator@D@2@@std@@QAEAAV12@PBDI@Z 10014110 f i wog native dialogs.obj
 0001:000131f0       ?find_last_of@?$basic_string@DU?$char_traits@D@std@@V?$allocator@D@2@@std@@QBEIPBDII@Z 100141f0 f i wog native dialogs.obj
 0001:00013290       ?_Myptr@?$basic_string@DU?$char_traits@D@std@@V?$allocator@D@2@@std@@IBEPBDXZ 10014290 f i wog native dialogs.obj
 0001:000132a0       ?resize@?$vector@DV?$allocator@D@std@@@std@@QAEXID@Z 100142a0 f i wog native dialogs.obj
 0001:00013370       ?_Ufill@?$vector@DV?$allocator@D@std@@@std@@IAEPADPADIABD@Z 10014370 f i wog native dialogs.obj
 0001:000133a0       ?insert@?$vector@V?$basic_string@DU?$char_traits@D@std@@V?$allocator@D@2@@std@@V?$allocator@V?$basic_string@DU?$char_traits@D@std@@V?$allocator@D@2@@std@@@2@@std@@QAE?AV?$_Vector_iterator@V?$basic_string@DU?$char_traits@D@std@@V?$allocator@D@2@@std@@V?$allocator@V?$basic_string@DU?$char_traits@D@std@@V?$allocator@D@2@@std@@@2@@2@V?$_Vector_const_iterator@V?$basic_string@DU?$char_traits@D@std@@V?$allocator@D@2@@std@@V?$allocator@V?$basic_string@DU?$char_traits@D@std@@V?$allocator@D@2@@std@@@2@@2@ABV?$basic_string@DU?$char_traits@D@std@@V?$allocator@D@2@@2@@Z 100143a0 f i wog native dialogs.obj
 0001:00013480       ?_Ufill@?$vector@V?$basic_string@DU?$char_traits@D@std@@V?$allocator@D@2@@std@@V?$allocator@V?$basic_string@DU?$char_traits@D@std@@V?$allocator@D@2@@std@@@2@@std@@IAEPAV?$basic_string@DU?$char_traits@D@std@@V?$allocator@D@2@@2@PAV32@IABV32@@Z 10014480 f i wog native dialogs.obj
 0001:000134b0       ?append@?$basic_string@DU?$char_traits@D@std@@V?$allocator@D@2@@std@@QAEAAV12@ABV12@II@Z 100144b0 f i wog native dialogs.obj
 0001:000135a0       ?_Grow@?$basic_string@DU?$char_traits@D@std@@V?$allocator@D@2@@std@@IAE_NI_N@Z 100145a0 f i wog native dialogs.obj
 0001:00013660       ?allocate@?$allocator@D@std@@QAEPADI@Z 10014660 f i wog native dialogs.obj
 0001:000136c0       ?erase@?$vector@DV?$allocator@D@std@@@std@@QAE?AV?$_Vector_iterator@DV?$allocator@D@std@@@2@V?$_Vector_const_iterator@DV?$allocator@D@std@@@2@0@Z 100146c0 f i wog native dialogs.obj
 0001:00013750       ?_Insert_n@?$vector@DV?$allocator@D@std@@@std@@IAEXV?$_Vector_const_iterator@DV?$allocator@D@std@@@2@IABD@Z 10014750 f i wog native dialogs.obj
 0001:00013910       ?_Xlen@?$vector@DV?$allocator@D@std@@@std@@KAXXZ 10014910 f i wog native dialogs.obj
 0001:00013910       ?_Xlen@?$vector@V?$basic_string@DU?$char_traits@D@std@@V?$allocator@D@2@@std@@V?$allocator@V?$basic_string@DU?$char_traits@D@std@@V?$allocator@D@2@@std@@@2@@std@@KAXXZ 10014910 f i wog native dialogs.obj
 0001:00013990       ?_Insert_n@?$vector@V?$basic_string@DU?$char_traits@D@std@@V?$allocator@D@2@@std@@V?$allocator@V?$basic_string@DU?$char_traits@D@std@@V?$allocator@D@2@@std@@@2@@std@@IAEXV?$_Vector_const_iterator@V?$basic_string@DU?$char_traits@D@std@@V?$allocator@D@2@@std@@V?$allocator@V?$basic_string@DU?$char_traits@D@std@@V?$allocator@D@2@@std@@@2@@2@IABV?$basic_string@DU?$char_traits@D@std@@V?$allocator@D@2@@2@@Z 10014990 f i wog native dialogs.obj
 0001:00013ce0       ?allocate@?$allocator@V?$basic_string@DU?$char_traits@D@std@@V?$allocator@D@2@@std@@@std@@QAEPAV?$basic_string@DU?$char_traits@D@std@@V?$allocator@D@2@@2@I@Z 10014ce0 f i wog native dialogs.obj
 0001:00013d40       ??0length_error@std@@QAE@ABV01@@Z 10014d40 f i wog native dialogs.obj
 0001:00013d60       ?_Copy@?$basic_string@DU?$char_traits@D@std@@V?$allocator@D@2@@std@@IAEXII@Z 10014d60 f i wog native dialogs.obj
 0001:00013ed0       ??$transform@V?$_String_iterator@DU?$char_traits@D@std@@V?$allocator@D@2@@std@@V12@P6AHH@Z@std@@YA?AV?$_String_iterator@DU?$char_traits@D@std@@V?$allocator@D@2@@0@V10@00P6AHH@Z@Z 10014ed0 f i wog native dialogs.obj
 0001:00013f30       ??$?8DU?$char_traits@D@std@@V?$allocator@D@1@@std@@YA_NABV?$basic_string@DU?$char_traits@D@std@@V?$allocator@D@2@@0@PBD@Z 10014f30 f i wog native dialogs.obj
 0001:00013f90       ??$?0V?$_Vector_iterator@DV?$allocator@D@std@@@std@@@?$basic_string@DU?$char_traits@D@std@@V?$allocator@D@2@@std@@QAE@V?$_Vector_iterator@DV?$allocator@D@std@@@1@0@Z 10014f90 f i wog native dialogs.obj
 0001:00013fd0       ??$?HDU?$char_traits@D@std@@V?$allocator@D@1@@std@@YA?AV?$basic_string@DU?$char_traits@D@std@@V?$allocator@D@2@@0@ABV10@PBD@Z 10014fd0 f i wog native dialogs.obj
 0001:00014080       ??$?HDU?$char_traits@D@std@@V?$allocator@D@1@@std@@YA?AV?$basic_string@DU?$char_traits@D@std@@V?$allocator@D@2@@0@ABV10@0@Z 10015080 f i wog native dialogs.obj
 0001:00014130       ??$VarValue@H@Patcher@@QAEAAHPAD@Z 10015130 f i wog native dialogs.obj
 0001:00014170       ??$_Umove@PAV?$basic_string@DU?$char_traits@D@std@@V?$allocator@D@2@@std@@@?$vector@V?$basic_string@DU?$char_traits@D@std@@V?$allocator@D@2@@std@@V?$allocator@V?$basic_string@DU?$char_traits@D@std@@V?$allocator@D@2@@std@@@2@@std@@IAEPAV?$basic_string@DU?$char_traits@D@std@@V?$allocator@D@2@@1@PAV21@00@Z 10015170 f i wog native dialogs.obj
 0001:000141a0       ??$fill@PAV?$basic_string@DU?$char_traits@D@std@@V?$allocator@D@2@@std@@V12@@std@@YAXPAV?$basic_string@DU?$char_traits@D@std@@V?$allocator@D@2@@0@0ABV10@@Z 100151a0 f i wog native dialogs.obj
 0001:000141d0       ??$_Unchecked_move_backward@PAV?$basic_string@DU?$char_traits@D@std@@V?$allocator@D@2@@std@@PAV12@@stdext@@YAPAV?$basic_string@DU?$char_traits@D@std@@V?$allocator@D@2@@std@@PAV12@00@Z 100151d0 f i wog native dialogs.obj
 0001:00014230       ??0bad_alloc@std@@QAE@ABV01@@Z 10015230 f i wog native dialogs.obj
 0001:00014250       ??$_Construct@V?$_Vector_iterator@DV?$allocator@D@std@@@std@@@?$basic_string@DU?$char_traits@D@std@@V?$allocator@D@2@@std@@QAEXV?$_Vector_iterator@DV?$allocator@D@std@@@1@0Uforward_iterator_tag@1@@Z 10015250 f i wog native dialogs.obj
 0001:000143a0       ??$_Sort@PAV?$basic_string@DU?$char_traits@D@std@@V?$allocator@D@2@@std@@HP6A_NABV12@0@Z@std@@YAXPAV?$basic_string@DU?$char_traits@D@std@@V?$allocator@D@2@@0@0HP6A_NABV10@1@Z@Z 100153a0 f i wog native dialogs.obj
 0001:000144f0       ??$?8DU?$char_traits@D@std@@V?$allocator@D@1@@std@@YA_NABV?$basic_string@DU?$char_traits@D@std@@V?$allocator@D@2@@0@0@Z 100154f0 f i wog native dialogs.obj
 0001:00014560       ??$_Uninit_fill_n@PAV?$basic_string@DU?$char_traits@D@std@@V?$allocator@D@2@@std@@IV12@V?$allocator@V?$basic_string@DU?$char_traits@D@std@@V?$allocator@D@2@@std@@@2@@std@@YAXPAV?$basic_string@DU?$char_traits@D@std@@V?$allocator@D@2@@0@IABV10@AAV?$allocator@V?$basic_string@DU?$char_traits@D@std@@V?$allocator@D@2@@std@@@0@U_Nonscalar_ptr_iterator_tag@0@U_Range_checked_iterator_tag@0@@Z 10015560 f i wog native dialogs.obj
 0001:00014600       ??$_Destroy_range@V?$allocator@V?$basic_string@DU?$char_traits@D@std@@V?$allocator@D@2@@std@@@std@@@std@@YAXPAV?$basic_string@DU?$char_traits@D@std@@V?$allocator@D@2@@0@0AAV?$allocator@V?$basic_string@DU?$char_traits@D@std@@V?$allocator@D@2@@std@@@0@U_Nonscalar_ptr_iterator_tag@0@@Z 10015600 f i wog native dialogs.obj
 0001:00014640       ?append@?$basic_string@DU?$char_traits@D@std@@V?$allocator@D@2@@std@@QAEAAV12@ID@Z 10015640 f i wog native dialogs.obj
 0001:000146d0       ??H?$_String_iterator@DU?$char_traits@D@std@@V?$allocator@D@2@@std@@QBE?AV01@H@Z 100156d0 f i wog native dialogs.obj
 0001:00014740       ??$_Unguarded_partition@PAV?$basic_string@DU?$char_traits@D@std@@V?$allocator@D@2@@std@@P6A_NABV12@0@Z@std@@YA?AU?$pair@PAV?$basic_string@DU?$char_traits@D@std@@V?$allocator@D@2@@std@@PAV12@@0@PAV?$basic_string@DU?$char_traits@D@std@@V?$allocator@D@2@@0@0P6A_NABV20@1@Z@Z 10015740 f i wog native dialogs.obj
 0001:00014be0       ??$_Uninit_move@PAV?$basic_string@DU?$char_traits@D@std@@V?$allocator@D@2@@std@@PAV12@V?$allocator@V?$basic_string@DU?$char_traits@D@std@@V?$allocator@D@2@@std@@@2@@std@@YAPAV?$basic_string@DU?$char_traits@D@std@@V?$allocator@D@2@@0@PAV10@00AAV?$allocator@V?$basic_string@DU?$char_traits@D@std@@V?$allocator@D@2@@std@@@0@U_Swap_move_tag@0@U_Range_checked_iterator_tag@0@@Z 10015be0 f i wog native dialogs.obj
 0001:00014d20       ??$_Move_backward_opt@PAV?$basic_string@DU?$char_traits@D@std@@V?$allocator@D@2@@std@@PAV12@Uforward_iterator_tag@2@@std@@YAPAV?$basic_string@DU?$char_traits@D@std@@V?$allocator@D@2@@0@PAV10@00Uforward_iterator_tag@0@U_Swap_move_tag@0@U_Range_checked_iterator_tag@0@@Z 10015d20 f i wog native dialogs.obj
 0001:00014db0       ??$_Median@PAV?$basic_string@DU?$char_traits@D@std@@V?$allocator@D@2@@std@@P6A_NABV12@0@Z@std@@YAXPAV?$basic_string@DU?$char_traits@D@std@@V?$allocator@D@2@@0@00P6A_NABV10@1@Z@Z 10015db0 f i wog native dialogs.obj
 0001:00014f90       ??$_Make_heap@PAV?$basic_string@DU?$char_traits@D@std@@V?$allocator@D@2@@std@@HV12@P6A_NABV12@0@Z@std@@YAXPAV?$basic_string@DU?$char_traits@D@std@@V?$allocator@D@2@@0@0P6A_NABV10@1@ZPAH0@Z 10015f90 f i wog native dialogs.obj
 0001:00015010       ??$_Sort_heap@PAV?$basic_string@DU?$char_traits@D@std@@V?$allocator@D@2@@std@@P6A_NABV12@0@Z@std@@YAXPAV?$basic_string@DU?$char_traits@D@std@@V?$allocator@D@2@@0@0P6A_NABV10@1@Z@Z 10016010 f i wog native dialogs.obj
 0001:000150a0       ??$_Insertion_sort1@PAV?$basic_string@DU?$char_traits@D@std@@V?$allocator@D@2@@std@@P6A_NABV12@0@ZV12@@std@@YAXPAV?$basic_string@DU?$char_traits@D@std@@V?$allocator@D@2@@0@0P6A_NABV10@1@Z0@Z 100160a0 f i wog native dialogs.obj
 0001:000151f0       ??$_Adjust_heap@PAV?$basic_string@DU?$char_traits@D@std@@V?$allocator@D@2@@std@@HV12@P6A_NABV12@0@Z@std@@YAXPAV?$basic_string@DU?$char_traits@D@std@@V?$allocator@D@2@@0@HHV10@P6A_NABV10@2@Z@Z 100161f0 f i wog native dialogs.obj
 0001:00015320       ?swap@?$basic_string@DU?$char_traits@D@std@@V?$allocator@D@2@@std@@QAEXAAV12@@Z 10016320 f i wog native dialogs.obj
 0001:000153a0       ??$_Push_heap@PAV?$basic_string@DU?$char_traits@D@std@@V?$allocator@D@2@@std@@HV12@P6A_NABV12@0@Z@std@@YAXPAV?$basic_string@DU?$char_traits@D@std@@V?$allocator@D@2@@0@HHV10@P6A_NABV10@2@Z@Z 100163a0 f i wog native dialogs.obj
 0001:00015480       ??$_Pop_heap@PAV?$basic_string@DU?$char_traits@D@std@@V?$allocator@D@2@@std@@HV12@P6A_NABV12@0@Z@std@@YAXPAV?$basic_string@DU?$char_traits@D@std@@V?$allocator@D@2@@0@00V10@P6A_NABV10@2@ZPAH@Z 10016480 f i wog native dialogs.obj
 0001:00015530       ?RedrawScreen@_DlgItem_@@QAEXXZ 10016530 f   HoMM3_GUI.obj
 0001:00015560       ?Create@_CustomDlg_@@SAPAV1@HHHHIP6GHPAV1@PAU_DlgMsg_@@@Z@Z 10016560 f   HoMM3_GUI.obj
 0001:000155e0       ?DlgProcBridge@_CustomDlg_@@SIHPAV1@IPAU_DlgMsg_@@@Z 100165e0 f   HoMM3_GUI.obj
 0001:000155f9       ??0out_of_range@std@@QAE@ABV?$basic_string@DU?$char_traits@D@std@@V?$allocator@D@2@@1@@Z 100165f9 f i libcpmt:string.obj
 0001:00015616       ??1out_of_range@std@@UAE@XZ 10016616 f i libcpmt:string.obj
 0001:00015621       ??_Gout_of_range@std@@UAEPAXI@Z 10016621 f i libcpmt:string.obj
 0001:00015621       ??_Eout_of_range@std@@UAEPAXI@Z 10016621 f i libcpmt:string.obj
 0001:00015648       ?_Xlen@_String_base@std@@SAXXZ 10016648 f   libcpmt:string.obj
 0001:00015680       ?_Xran@_String_base@std@@SAXXZ 10016680 f   libcpmt:string.obj
 0001:000156b8       ??0out_of_range@std@@QAE@ABV01@@Z 100166b8 f i libcpmt:string.obj
 0001:000156d5       @__security_check_cookie@4 100166d5 f   LIBCMT:secchk.obj
 0001:000156e4       _memmove_s                 100166e4 f   LIBCMT:memmove_s.obj
 0001:00015741       _sprintf                   10016741 f   LIBCMT:sprintf.obj
 0001:000157be       ??0exception@std@@QAE@XZ   100167be f   LIBCMT:stdexcpt.obj
 0001:000157cf       ??0exception@std@@QAE@ABQBD@Z 100167cf f   LIBCMT:stdexcpt.obj
 0001:00015822       ??0exception@std@@QAE@ABQBDH@Z 10016822 f   LIBCMT:stdexcpt.obj
 0001:0001583f       ??0exception@std@@QAE@ABV01@@Z 1001683f f   LIBCMT:stdexcpt.obj
 0001:0001589c       ??1exception@std@@UAE@XZ   1001689c f   LIBCMT:stdexcpt.obj
 0001:000158b2       ?what@exception@std@@UBEPBDXZ 100168b2 f   LIBCMT:stdexcpt.obj
 0001:000158bf       ??_Gexception@std@@UAEPAXI@Z 100168bf f i LIBCMT:stdexcpt.obj
 0001:000158bf       ??_Eexception@std@@UAEPAXI@Z 100168bf f i LIBCMT:stdexcpt.obj
 0001:000158e0       _free                      100168e0 f   LIBCMT:free.obj
 0001:00015970       _memchr                    10016970 f   LIBCMT:memchr.obj
 0001:00015a1d       ??0_LocaleUpdate@@QAE@PAUlocaleinfo_struct@@@Z 10016a1d f i LIBCMT:tolower.obj
 0001:00015aa4       __tolower_l                10016aa4 f   LIBCMT:tolower.obj
 0001:00015bb9       _tolower                   10016bb9 f   LIBCMT:tolower.obj
 0001:00015be5       __initp_misc_invarg        10016be5 f   LIBCMT:invarg.obj
 0001:00015bf4       __invoke_watson            10016bf4 f   LIBCMT:invarg.obj
 0001:00015d1c       __invalid_parameter        10016d1c f   LIBCMT:invarg.obj
 0001:00015d42       __invalid_parameter_noinfo 10016d42 f   LIBCMT:invarg.obj
 0001:00015d52       ??3@YAXPAX@Z               10016d52 f   LIBCMT:delete.obj
 0001:00015d5d       _memcpy_s                  10016d5d f   LIBCMT:memcpy_s.obj
 0001:00015dda       ??1type_info@@UAE@XZ       10016dda f   LIBCMT:typinfo.obj
 0001:00015dea       ??_Gtype_info@@UAEPAXI@Z   10016dea f i LIBCMT:typinfo.obj
 0001:00015dea       ??_Etype_info@@UAEPAXI@Z   10016dea f i LIBCMT:typinfo.obj
 0001:00015e0b       ??8type_info@@QBE_NABV0@@Z 10016e0b f   LIBCMT:typinfo.obj
 0001:00015e2b       ??0bad_alloc@std@@QAE@XZ   10016e2b f i LIBCMT:new.obj
 0001:00015e46       ??2@YAPAXI@Z               10016e46 f   LIBCMT:new.obj
 0001:00015eab       __CRT_INIT@12              10016eab f   LIBCMT:dllcrt0.obj
 0001:000160d7       __DllMainCRTStartup@12     100170d7 f   LIBCMT:dllcrt0.obj
 0001:00016100       _strlen                    10017100 f   LIBCMT:strlen.obj
 0001:0001618b       __CxxThrowException@8      1001718b f   LIBCMT:throw.obj
 0001:000161d7       ?_JumpToContinuation@@YGXPAXPAUEHRegistrationNode@@@Z 100171d7 f   LIBCMT:_trnsctrl_.obj
 0001:00016209       ?_CallMemberFunction1@@YGXPAX00@Z 10017209 f   LIBCMT:_trnsctrl_.obj
 0001:00016209       ?_CallMemberFunction2@@YGXPAX00H@Z 10017209 f   LIBCMT:_trnsctrl_.obj
 0001:00016209       ?_CallMemberFunction0@@YGXPAX0@Z 10017209 f   LIBCMT:_trnsctrl_.obj
 0001:00016210       ?_UnwindNestedFrames@@YGXPAUEHRegistrationNode@@PAUEHExceptionRecord@@@Z 10017210 f   LIBCMT:_trnsctrl_.obj
 0001:00016264       ___CxxFrameHandler3        10017264 f   LIBCMT:_trnsctrl_.obj
 0001:000162cd       ?_CallSETranslator@@YAHPAUEHExceptionRecord@@PAUEHRegistrationNode@@PAX2PBU_s_FuncInfo@@H1@Z 100172cd f   LIBCMT:_trnsctrl_.obj
 0001:00016443       ?_GetRangeOfTrysToCheck@@YAPBU_s_TryBlockMapEntry@@PBU_s_FuncInfo@@HHPAI1@Z 10017443 f   LIBCMT:_trnsctrl_.obj
 0001:000164b8       __CreateFrameInfo          100174b8 f   LIBCMT:_trnsctrl_.obj
 0001:000164e4       __IsExceptionObjectToBeDestroyed 100174e4 f   LIBCMT:_trnsctrl_.obj
 0001:0001650b       __FindAndUnlinkFrame       1001750b f   LIBCMT:_trnsctrl_.obj
 0001:0001655d       ?_CallCatchBlock2@@YAPAXPAUEHRegistrationNode@@PBU_s_FuncInfo@@PAXHK@Z 1001755d f   LIBCMT:_trnsctrl_.obj
 0001:000165bd       __EH_prolog3               100175bd f   LIBCMT:ehprolg3.obj
 0001:000165f0       __EH_prolog3_catch         100175f0 f   LIBCMT:ehprolg3.obj
 0001:00016626       ___report_gsfailure        10017626 f   LIBCMT:gs_report.obj
 0001:00016730       _memmove                   10017730 f   LIBCMT:memmove.obj
 0001:00016a95       __get_errno_from_oserr     10017a95 f   LIBCMT:dosmap.obj
 0001:00016ad7       __errno                    10017ad7 f   LIBCMT:dosmap.obj
 0001:00016aea       ___doserrno                10017aea f   LIBCMT:dosmap.obj
 0001:00016afd       __dosmaperr                10017afd f   LIBCMT:dosmap.obj
 0001:00016b20       __flsbuf                   10017b20 f   LIBCMT:_flsbuf.obj
 0001:00016d2a       __output_l                 10017d2a f   LIBCMT:output.obj
 0001:000178c2       _strcpy_s                  100188c2 f   LIBCMT:strcpy_s.obj
 0001:0001792a       _V6_HeapAlloc              1001892a f   LIBCMT:malloc.obj
 0001:00017979       _malloc                    10018979 f   LIBCMT:malloc.obj
 0001:00017a43       __heap_init                10018a43 f   LIBCMT:heapinit.obj
 0001:00017a73       __heap_term                10018a73 f   LIBCMT:heapinit.obj
 0001:00017ae7       __mtinitlocks              10018ae7 f   LIBCMT:mlock.obj
 0001:00017b32       __mtdeletelocks            10018b32 f   LIBCMT:mlock.obj
 0001:00017b89       __unlock                   10018b89 f   LIBCMT:mlock.obj
 0001:00017ba0       __mtinitlocknum            10018ba0 f   LIBCMT:mlock.obj
 0001:00017c63       __lock                     10018c63 f   LIBCMT:mlock.obj
 0001:00017c96       ___sbh_find_block          10018c96 f   LIBCMT:sbheap.obj
 0001:00017cc6       ___sbh_free_block          10018cc6 f   LIBCMT:sbheap.obj
 0001:00017fdd       ___sbh_alloc_new_region    10018fdd f   LIBCMT:sbheap.obj
 0001:0001808d       ___sbh_alloc_new_group     1001908d f   LIBCMT:sbheap.obj
 0001:00018195       ___sbh_resize_block        10019195 f   LIBCMT:sbheap.obj
 0001:00018476       ___sbh_alloc_block         10019476 f   LIBCMT:sbheap.obj
 0001:0001875c       __SEH_prolog4              1001975c f   LIBCMT:sehprolg4.obj
 0001:000187a1       __SEH_epilog4              100197a1 f   LIBCMT:sehprolg4.obj
 0001:000187c0       __except_handler4          100197c0 f   LIBCMT:chandler4.obj
 0001:00018b72       ___updatetmbcinfo          10019b72 f   LIBCMT:mbctype.obj
 0001:00018c92       __setmbcp_nolock           10019c92 f   LIBCMT:mbctype.obj
 0001:00018e77       __setmbcp                  10019e77 f   LIBCMT:mbctype.obj
 0001:00019011       ___initmbctable            1001a011 f   LIBCMT:mbctype.obj
 0001:0001902f       ___freetlocinfo            1001a02f f   LIBCMT:setlocal.obj
 0001:00019178       ___addlocaleref            1001a178 f   LIBCMT:setlocal.obj
 0001:00019207       ___removelocaleref         1001a207 f   LIBCMT:setlocal.obj
 0001:000192de       ___updatetlocinfo          1001a2de f   LIBCMT:setlocal.obj
 0001:00019354       __encode_pointer           1001a354 f   LIBCMT:tidtable.obj
 0001:000193c6       __encoded_null             1001a3c6 f   LIBCMT:tidtable.obj
 0001:000193cf       __decode_pointer           1001a3cf f   LIBCMT:tidtable.obj
 0001:00019441       ___crtTlsAlloc@4           1001a441 f   LIBCMT:tidtable.obj
 0001:0001944a       ___set_flsgetvalue         1001a44a f   LIBCMT:tidtable.obj
 0001:0001947e       __mtterm                   1001a47e f   LIBCMT:tidtable.obj
 0001:000194bb       __initptd                  1001a4bb f   LIBCMT:tidtable.obj
 0001:000195a2       __getptd_noexit            1001a5a2 f   LIBCMT:tidtable.obj
 0001:0001961b       __getptd                   1001a61b f   LIBCMT:tidtable.obj
 0001:00019635       __freefls@4                1001a635 f   LIBCMT:tidtable.obj
 0001:00019764       __freeptd                  1001a764 f   LIBCMT:tidtable.obj
 0001:000197d2       __mtinit                   1001a7d2 f   LIBCMT:tidtable.obj
 0001:0001995f       __freea                    1001a95f f i LIBCMT:a_map.obj
 0001:00019d24       ___crtLCMapStringA         1001ad24 f   LIBCMT:a_map.obj
 0001:00019d69       __isleadbyte_l             1001ad69 f i LIBCMT:_wctype.obj
 0001:00019da1       _isleadbyte                1001ada1 f i LIBCMT:_wctype.obj
 0001:00019db4       __isctype_l                1001adb4 f   LIBCMT:isctype.obj
 0001:00019e6c       __crt_debugger_hook        1001ae6c f   LIBCMT:dbghook.obj
 0001:00019e80       _memset                    1001ae80 f   LIBCMT:memset.obj
 0001:00019f00       _memcpy                    1001af00 f   LIBCMT:memcpy.obj
 0001:0001a265       ?_Type_info_dtor@type_info@@CAXPAV1@@Z 1001b265 f   LIBCMT:typname.obj
 0001:0001a2e0       _strcmp                    1001b2e0 f   LIBCMT:strcmp.obj
 0001:0001a422       ___onexitinit              1001b422 f   LIBCMT:onexit.obj
 0001:0001a453       __onexit                   1001b453 f   LIBCMT:onexit.obj
 0001:0001a48f       _atexit                    1001b48f f   LIBCMT:onexit.obj
 0001:0001a4a6       __initp_heap_handler       1001b4a6 f   LIBCMT:handler.obj
 0001:0001a4b5       __callnewh                 1001b4b5 f   LIBCMT:handler.obj
 0001:0001a4dd       __malloc_crt               1001b4dd f   LIBCMT:crtheap.obj
 0001:0001a522       __calloc_crt               1001b522 f   LIBCMT:crtheap.obj
 0001:0001a56e       __realloc_crt              1001b56e f   LIBCMT:crtheap.obj
 0001:0001a5bc       __crt_waiting_on_module_handle 1001b5bc f   LIBCMT:crt0dat.obj
 0001:0001a5ec       __amsg_exit                1001b5ec f   LIBCMT:crt0dat.obj
 0001:0001a615       ___crtCorExitProcess       1001b615 f   LIBCMT:crt0dat.obj
 0001:0001a640       ___crtExitProcess          1001b640 f   LIBCMT:crt0dat.obj
 0001:0001a658       __lockexit                 1001b658 f   LIBCMT:crt0dat.obj
 0001:0001a661       __unlockexit               1001b661 f   LIBCMT:crt0dat.obj
 0001:0001a687       __initterm_e               1001b687 f   LIBCMT:crt0dat.obj
 0001:0001a6ab       __cinit                    1001b6ab f   LIBCMT:crt0dat.obj
 0001:0001a85c       __exit                     1001b85c f   LIBCMT:crt0dat.obj
 0001:0001a872       __cexit                    1001b872 f   LIBCMT:crt0dat.obj
 0001:0001a881       __init_pointers            1001b881 f   LIBCMT:crt0dat.obj
 0001:0001a8cf       __ioinit                   1001b8cf f   LIBCMT:ioinit.obj
 0001:0001ab23       __ioterm                   1001bb23 f   LIBCMT:ioinit.obj
 0001:0001ab71       __setenvp                  1001bb71 f   LIBCMT:stdenvp.obj
 0001:0001ade9       __setargv                  1001bde9 f   LIBCMT:stdargv.obj
 0001:0001aea4       ___crtGetEnvironmentStringsA 1001bea4 f   LIBCMT:a_env.obj
 0001:0001afdb       __RTC_Initialize           1001bfdb f   LIBCMT:_initsect_.obj
 0001:0001b001       __RTC_Terminate            1001c001 f   LIBCMT:_initsect_.obj
 0001:0001b027       __fpclear                  1001c027 f   LIBCMT:_fpinit_.obj
 0001:0001b027       __initp_misc_winxfltr      1001c027 f   LIBCMT:winxfltr.obj
 0001:0001b028       __XcptFilter               1001c028 f   LIBCMT:winxfltr.obj
 0001:0001b188       ___CppXcptFilter           1001c188 f   LIBCMT:winxfltr.obj
 0001:0001b1a8       ___security_init_cookie    1001c1a8 f   LIBCMT:gs_support.obj
 0001:0001b23e       ??0bad_exception@std@@QAE@PBD@Z 1001c23e f i LIBCMT:frame.obj
 0001:0001b25c       ??1bad_exception@std@@UAE@XZ 1001c25c f i LIBCMT:frame.obj
 0001:0001b267       ??_Gbad_exception@std@@UAEPAXI@Z 1001c267 f i LIBCMT:frame.obj
 0001:0001b267       ??_Ebad_exception@std@@UAEPAXI@Z 1001c267 f i LIBCMT:frame.obj
 0001:0001b28e       ___TypeMatch               1001c28e f   LIBCMT:frame.obj
 0001:0001b2ed       ___FrameUnwindFilter       1001c2ed f   LIBCMT:frame.obj
 0001:0001b336       ___FrameUnwindToState      1001c336 f   LIBCMT:frame.obj
 0001:0001b45c       ___DestructExceptionObject 1001c45c f   LIBCMT:frame.obj
 0001:0001b4b1       ___AdjustPointer           1001c4b1 f   LIBCMT:frame.obj
 0001:0001b73a       ___BuildCatchObjectHelper  1001c73a f   LIBCMT:frame.obj
 0001:0001b8b9       ___BuildCatchObject        1001c8b9 f   LIBCMT:frame.obj
 0001:0001bdf4       ??0bad_exception@std@@QAE@ABV01@@Z 1001cdf4 f i LIBCMT:frame.obj
 0001:0001be11       ___InternalCxxFrameHandler 1001ce11 f   LIBCMT:frame.obj
 0001:0001bef7       ?terminate@@YAXXZ          1001cef7 f   LIBCMT:hooks.obj
 0001:0001bf30       ?unexpected@@YAXXZ         1001cf30 f   LIBCMT:hooks.obj
 0001:0001bf43       ?_inconsistency@@YAXXZ     1001cf43 f   LIBCMT:hooks.obj
 0001:0001bf7b       __initp_eh_hooks           1001cf7b f   LIBCMT:hooks.obj
 0001:0001bf90       __CallSettingFrame@12      1001cf90 f   LIBCMT:lowhelpr.obj
 0001:0001bfb7       __NLG_Return               1001cfb7     LIBCMT:lowhelpr.obj
 0001:0001c063       __VEC_memcpy               1001d063 f   LIBCMT:p4_memcpy.obj
 0001:0001c196       __get_sse2_info            1001d196 f   LIBCMT:cpu_disp.obj
 0001:0001c1f8       ___sse2_available_init     1001d1f8 f   LIBCMT:cpu_disp.obj
 0001:0001c205       __lseeki64_nolock          1001d205 f   LIBCMT:lseeki64.obj
 0001:0001c28a       __lseeki64                 1001d28a f   LIBCMT:lseeki64.obj
 0001:0001c3a3       __write_nolock             1001d3a3 f   LIBCMT:write.obj
 0001:0001cad6       __write                    1001dad6 f   LIBCMT:write.obj
 0001:0001cbb2       __getbuf                   1001dbb2 f   LIBCMT:_getbuf.obj
 0001:0001cbfb       __isatty                   1001dbfb f   LIBCMT:isatty.obj
 0001:0001cc5f       ___iob_func                1001dc5f f   LIBCMT:_file.obj
 0001:0001cc65       ___initstdio               1001dc65 f   LIBCMT:_file.obj
 0001:0001cd16       ___endstdio                1001dd16 f   LIBCMT:_file.obj
 0001:0001cd36       __lock_file                1001dd36 f   LIBCMT:_file.obj
 0001:0001cd77       __lock_file2               1001dd77 f   LIBCMT:_file.obj
 0001:0001cda9       __unlock_file              1001dda9 f   LIBCMT:_file.obj
 0001:0001cde5       __unlock_file2             1001dde5 f   LIBCMT:_file.obj
 0001:0001ce14       __fileno                   1001de14 f   LIBCMT:fileno.obj
 0001:0001ce46       __initp_misc_cfltcvt_tab   1001de46 f   LIBCMT:cmiscdat.obj
 0001:0001ce67       __get_printf_count_output  1001de67 f   LIBCMT:printf.obj
 0001:0001ce7d       __wctomb_s_l               1001de7d f   LIBCMT:wctomb.obj
 0001:0001cfe9       _wctomb_s                  1001dfe9 f   LIBCMT:wctomb.obj
 0001:0001d010       __aulldvrm                 1001e010 f   LIBCMT:ulldvrm.obj
 0001:0001d0a5       __NMSG_WRITE               1001e0a5 f   LIBCMT:crt0msg.obj
 0001:0001d250       __FF_MSGBANNER             1001e250 f   LIBCMT:crt0msg.obj
 0001:0001d289       __initp_misc_initcrit      1001e289 f   LIBCMT:initcrit.obj
 0001:0001d298       ___crtInitCritSecAndSpinCount 1001e298 f   LIBCMT:initcrit.obj
 0001:0001d2f8       __local_unwind4            1001e2f8 f   LIBCMT:exsup4.obj
 0001:0001d3ce       __seh_longjmp_unwind4@4    1001e3ce f   LIBCMT:exsup4.obj
 0001:0001d3ea       @_EH4_CallFilterFunc@8     1001e3ea f   LIBCMT:exsup4.obj
 0001:0001d401       @_EH4_TransferToHandler@8  1001e401 f   LIBCMT:exsup4.obj
 0001:0001d41a       @_EH4_GlobalUnwind@4       1001e41a f   LIBCMT:exsup4.obj
 0001:0001d434       @_EH4_LocalUnwind@16       1001e434 f   LIBCMT:exsup4.obj
 0001:0001d450       __ValidateImageBase        1001e450 f   LIBCMT:pesect.obj
 0001:0001d490       __FindPESection            1001e490 f   LIBCMT:pesect.obj
 0001:0001d4e0       __IsNonwritableInCurrentImage 1001e4e0 f   LIBCMT:pesect.obj
 0001:0001d757       ___crtGetStringTypeA       1001e757 f   LIBCMT:a_str.obj
 0001:0001d799       ___free_lc_time            1001e799 f   LIBCMT:inittime.obj
 0001:0001d92e       ___free_lconv_num          1001e92e f   LIBCMT:initnum.obj
 0001:0001d973       ___free_lconv_mon          1001e973 f   LIBCMT:initmon.obj
 0001:0001da01       _strcat_s                  1001ea01 f   LIBCMT:strcat_s.obj
 0001:0001da80       _strcspn                   1001ea80 f   LIBCMT:strcspn.obj
 0001:0001dac6       _strncpy_s                 1001eac6 f   LIBCMT:strncpy_s.obj
 0001:0001db80       _strpbrk                   1001eb80 f   LIBCMT:strpbrk.obj
 0001:0001dbc0       ___ansicp                  1001ebc0 f   LIBCMT:convrtcp.obj
 0001:0001dc09       ___convertcp               1001ec09 f   LIBCMT:convrtcp.obj
 0001:0001ddc0       __alloca_probe_16          1001edc0 f   LIBCMT:alloca16.obj
 0001:0001ddd6       __alloca_probe_8           1001edd6     LIBCMT:alloca16.obj
 0001:0001de43       __VEC_memzero              1001ee43 f   LIBCMT:p4_memset.obj
 0001:0001ded2       __msize                    1001eed2 f   LIBCMT:msize.obj
 0001:0001df75       __calloc_impl              1001ef75 f   LIBCMT:calloc_impl.obj
 0001:0001e093       _realloc                   1001f093 f   LIBCMT:realloc.obj
 0001:0001e2ae       __initp_misc_winsig        1001f2ae f   LIBCMT:winsig.obj
 0001:0001e303       ___get_sigabrt             1001f303 f   LIBCMT:winsig.obj
 0001:0001e310       _raise                     1001f310 f   LIBCMT:winsig.obj
 0001:0001e4c0       __initp_misc_rand_s        1001f4c0 f   LIBCMT:rand_s.obj
 0001:0001e4cf       __initp_misc_purevirt      1001f4cf f   LIBCMT:inithelp.obj
 0001:0001e531       __ismbblead                1001f531 f   LIBCMT:ismbbyte.obj
 0001:0001e549       ?_ValidateRead@@YAHPBXI@Z  1001f549 f   LIBCMT:validate.obj
 0001:0001e549       ?_ValidateWrite@@YAHPAXI@Z 1001f549 f   LIBCMT:validate.obj
 0001:0001e549       ?_ValidateExecute@@YAHP6GHXZ@Z 1001f549 f   LIBCMT:validate.obj
 0001:0001e55b       _abort                     1001f55b f   LIBCMT:abort.obj
 0001:0001e674       __global_unwind2           1001f674 f   LIBCMT:exsup.obj
 0001:0001e6d9       __local_unwind2            1001f6d9 f   LIBCMT:exsup.obj
 0001:0001e75d       __abnormal_termination     1001f75d f   LIBCMT:exsup.obj
 0001:0001e780       __NLG_Notify1              1001f780 f   LIBCMT:exsup.obj
 0001:0001e789       __NLG_Notify               1001f789 f   LIBCMT:exsup.obj
 0001:0001e7a0       __NLG_Dispatch             1001f7a0     LIBCMT:exsup.obj
 0001:0001e7a0       __NLG_Dispatch2            1001f7a0     LIBCMT:exsup.obj
 0001:0001e7a8       __NLG_Call                 1001f7a8 f   LIBCMT:exsup.obj
 0001:0001e7aa       __NLG_Return2              1001f7aa     LIBCMT:exsup.obj
 0001:0001e7ab       __free_osfhnd              1001f7ab f   LIBCMT:osfinfo.obj
 0001:0001e831       __get_osfhandle            1001f831 f   LIBCMT:osfinfo.obj
 0001:0001e8a8       ___lock_fhandle            1001f8a8 f   LIBCMT:osfinfo.obj
 0001:0001e948       __unlock_fhandle           1001f948 f   LIBCMT:osfinfo.obj
 0001:0001e96f       __putwch_nolock            1001f96f f   LIBCMT:putwch.obj
 0001:0001ea34       __mbtowc_l                 1001fa34 f   LIBCMT:mbtowc.obj
 0001:0001eb4b       _mbtowc                    1001fb4b f   LIBCMT:mbtowc.obj
 0001:0001eb70       __alloca_probe             1001fb70     LIBCMT:chkstk.obj
 0001:0001eb70       __chkstk                   1001fb70 f   LIBCMT:chkstk.obj
 0001:0001eb9b       __fcloseall                1001fb9b f   LIBCMT:closeall.obj
 0001:0001ec3a       __flush                    1001fc3a f   LIBCMT:fflush.obj
 0001:0001eca2       __fflush_nolock            1001fca2 f   LIBCMT:fflush.obj
 0001:0001edc4       __flushall                 1001fdc4 f   LIBCMT:fflush.obj
 0001:0001edcd       __fptrap                   1001fdcd f   LIBCMT:crt0fp.obj
 0001:0001f005       _strtol                    10020005 f   LIBCMT:strtol.obj
 0001:0001f030       ___crtMessageBoxA          10020030 f   LIBCMT:crtmbox.obj
 0001:0001f199       __set_error_mode           10020199 f   LIBCMT:errmode.obj
 0001:0001f1e4       _atol                      100201e4 f   LIBCMT:atox.obj
 0001:0001f200       __allmul                   10020200 f   LIBCMT:llmul.obj
 0001:0001f234       __isdigit_l                10020234 f i LIBCMT:_ctype.obj
 0001:0001f285       _isdigit                   10020285 f i LIBCMT:_ctype.obj
 0001:0001f2b3       ___initconout              100202b3 f   LIBCMT:initcon.obj
 0001:0001f2d2       ___termcon                 100202d2 f   LIBCMT:initcon.obj
 0001:0001f2ff       __fclose_nolock            100202ff f   LIBCMT:fclose.obj
 0001:0001f376       _fclose                    10020376 f   LIBCMT:fclose.obj
 0001:0001f3f2       __commit                   100203f2 f   LIBCMT:commit.obj
 0001:0001f4e0       ___ascii_strnicmp          100204e0 f   LIBCMT:_strnicm.obj
 0001:0001f541       __close_nolock             10020541 f   LIBCMT:close.obj
 0001:0001f5dd       __close                    100205dd f   LIBCMT:close.obj
 0001:0001f6aa       __freebuf                  100206aa f   LIBCMT:_freebuf.obj
 0001:0001f6f0       _strchr                    100206f0 f   LIBCMT:strchr.obj
 0001:0001f6f6       ___from_strstr_to_strchr   100206f6     LIBCMT:strchr.obj
 0001:0001f7ae       _RtlUnwind@16              100207ae f   kernel32:KERNEL32.dll
 0001:0001f7b4       __cfltcvt_init             100207b4 f   LIBCMT:_fpinit_.obj
 0001:0001f814       __fpmath                   10020814 f   LIBCMT:_fpinit_.obj
 0001:0001f840       __ftol2_sse                10020840 f   LIBCMT:ftol2.obj
 0001:0001f849       __ftol2_pentium4           10020849 f   LIBCMT:ftol2.obj
 0001:0001f85c       __ftol2_sse_excpt          1002085c f   LIBCMT:ftol2.obj
 0001:0001f876       __ftol2                    10020876 f   LIBCMT:ftol2.obj
 0001:0001f8eb       __forcdecpt_l              100208eb f   LIBCMT:cvt.obj
 0001:0001f95e       __cropzeros_l              1002095e f   LIBCMT:cvt.obj
 0001:0001f9e0       __positive                 100209e0 f   LIBCMT:cvt.obj
 0001:0001f9fc       __fassign_l                100209fc f   LIBCMT:cvt.obj
 0001:0001fa3e       __fassign                  10020a3e f   LIBCMT:cvt.obj
 0001:0001fa77       __forcdecpt                10020a77 f   LIBCMT:cvt.obj
 0001:0001fa8a       __cropzeros                10020a8a f   LIBCMT:cvt.obj
 0001:0001fc0c       __cftoe_l                  10020c0c f   LIBCMT:cvt.obj
 0001:0001fcdc       __cftoe                    10020cdc f   LIBCMT:cvt.obj
 0001:0001fcfc       __cftoa_l                  10020cfc f   LIBCMT:cvt.obj
 0001:00020166       __cftof_l                  10021166 f   LIBCMT:cvt.obj
 0001:00020221       __cftog_l                  10021221 f   LIBCMT:cvt.obj
 0001:0002031b       __cfltcvt_l                1002131b f   LIBCMT:cvt.obj
 0001:000203a3       __cfltcvt                  100213a3 f   LIBCMT:cvt.obj
 0001:000203c6       __setdefaultprecision      100213c6 f   LIBCMT:fp8.obj
 0001:000203f1       __ms_p5_test_fdiv          100213f1 f   LIBCMT:_testfdiv_.obj
 0001:0002042f       __ms_p5_mp_test_fdiv       1002142f f   LIBCMT:_testfdiv_.obj
 0001:00020460       _strrchr                   10021460 f   LIBCMT:strrchr.obj
 0001:0002048d       __atodbl_l                 1002148d f   LIBCMT:atodbl.obj
 0001:00020535       __atoflt_l                 10021535 f   LIBCMT:atodbl.obj
 0001:000205dd       __fptostr                  100215dd f   LIBCMT:_fptostr.obj
 0001:0002069c       ___dtold                   1002169c f   LIBCMT:_cfout_.obj
 0001:00020759       __fltout2                  10021759 f   LIBCMT:_cfout_.obj
 0001:000207f0       __alldvrm                  100217f0 f   LIBCMT:lldvrm.obj
 0001:000208d0       __aullshr                  100218d0 f   LIBCMT:ullshr.obj
 0001:000208ef       __controlfp_s              100218ef f   LIBCMT:_contrlfp_.obj
 0001:0002095b       __ld12tod                  1002195b f   LIBCMT:_intrncvt_.obj
 0001:00020e9f       __ld12tof                  10021e9f f   LIBCMT:_intrncvt_.obj
 0001:000213e3       ___strgtold12_l            100223e3 f   LIBCMT:_strgtold_.obj
 0001:00021adb       _$I10_OUTPUT               10022adb f   LIBCMT:_x10fout_.obj
 0001:0002252d       __control87                1002352d f i LIBCMT:_ieee87_.obj
 0001:0002283c       ___mtold12                 1002383c f   LIBCMT:_mantold_.obj
 0001:00022a0a       ___set_fpsr_sse2           10023a0a f   LIBCMT:_fpctrl_.obj
 0002:00000000       __imp__GetFullPathNameA@16 10025000     kernel32:KERNEL32.dll
 0002:00000004       __imp__FindFirstFileA@8    10025004     kernel32:KERNEL32.dll
 0002:00000008       __imp__GetProcAddress@8    10025008     kernel32:KERNEL32.dll
 0002:0000000c       __imp__FindClose@4         1002500c     kernel32:KERNEL32.dll
 0002:00000010       __imp__GetPrivateProfileStringA@24 10025010     kernel32:KERNEL32.dll
 0002:00000014       __imp__LoadLibraryA@4      10025014     kernel32:KERNEL32.dll
 0002:00000018       __imp__FindNextFileA@8     10025018     kernel32:KERNEL32.dll
 0002:0000001c       __imp__GetCurrentDirectoryA@8 1002501c     kernel32:KERNEL32.dll
 0002:00000020       __imp__CreateFileA@28      10025020     kernel32:KERNEL32.dll
 0002:00000024       __imp__SetFilePointer@16   10025024     kernel32:KERNEL32.dll
 0002:00000028       __imp__CloseHandle@4       10025028     kernel32:KERNEL32.dll
 0002:0000002c       __imp__GetLastError@0      1002502c     kernel32:KERNEL32.dll
 0002:00000030       __imp__HeapFree@12         10025030     kernel32:KERNEL32.dll
 0002:00000034       __imp__TerminateProcess@8  10025034     kernel32:KERNEL32.dll
 0002:00000038       __imp__GetCurrentProcess@0 10025038     kernel32:KERNEL32.dll
 0002:0000003c       __imp__UnhandledExceptionFilter@4 1002503c     kernel32:KERNEL32.dll
 0002:00000040       __imp__SetUnhandledExceptionFilter@4 10025040     kernel32:KERNEL32.dll
 0002:00000044       __imp__IsDebuggerPresent@0 10025044     kernel32:KERNEL32.dll
 0002:00000048       __imp__GetCurrentThreadId@0 10025048     kernel32:KERNEL32.dll
 0002:0000004c       __imp__GetCommandLineA@0   1002504c     kernel32:KERNEL32.dll
 0002:00000050       __imp__RaiseException@16   10025050     kernel32:KERNEL32.dll
 0002:00000054       __imp__RtlUnwind@16        10025054     kernel32:KERNEL32.dll
 0002:00000058       __imp__HeapAlloc@12        10025058     kernel32:KERNEL32.dll
 0002:0000005c       __imp__HeapCreate@12       1002505c     kernel32:KERNEL32.dll
 0002:00000060       __imp__HeapDestroy@4       10025060     kernel32:KERNEL32.dll
 0002:00000064       __imp__VirtualFree@12      10025064     kernel32:KERNEL32.dll
 0002:00000068       __imp__DeleteCriticalSection@4 10025068     kernel32:KERNEL32.dll
 0002:0000006c       __imp__LeaveCriticalSection@4 1002506c     kernel32:KERNEL32.dll
 0002:00000070       __imp__EnterCriticalSection@4 10025070     kernel32:KERNEL32.dll
 0002:00000074       __imp__VirtualAlloc@16     10025074     kernel32:KERNEL32.dll
 0002:00000078       __imp__HeapReAlloc@16      10025078     kernel32:KERNEL32.dll
 0002:0000007c       __imp__GetCPInfo@8         1002507c     kernel32:KERNEL32.dll
 0002:00000080       __imp__InterlockedIncrement@4 10025080     kernel32:KERNEL32.dll
 0002:00000084       __imp__InterlockedDecrement@4 10025084     kernel32:KERNEL32.dll
 0002:00000088       __imp__GetACP@0            10025088     kernel32:KERNEL32.dll
 0002:0000008c       __imp__GetOEMCP@0          1002508c     kernel32:KERNEL32.dll
 0002:00000090       __imp__IsValidCodePage@4   10025090     kernel32:KERNEL32.dll
 0002:00000094       __imp__GetModuleHandleW@4  10025094     kernel32:KERNEL32.dll
 0002:00000098       __imp__TlsGetValue@4       10025098     kernel32:KERNEL32.dll
 0002:0000009c       __imp__TlsAlloc@0          1002509c     kernel32:KERNEL32.dll
 0002:000000a0       __imp__TlsSetValue@8       100250a0     kernel32:KERNEL32.dll
 0002:000000a4       __imp__TlsFree@4           100250a4     kernel32:KERNEL32.dll
 0002:000000a8       __imp__SetLastError@4      100250a8     kernel32:KERNEL32.dll
 0002:000000ac       __imp__LCMapStringA@24     100250ac     kernel32:KERNEL32.dll
 0002:000000b0       __imp__WideCharToMultiByte@32 100250b0     kernel32:KERNEL32.dll
 0002:000000b4       __imp__MultiByteToWideChar@24 100250b4     kernel32:KERNEL32.dll
 0002:000000b8       __imp__LCMapStringW@24     100250b8     kernel32:KERNEL32.dll
 0002:000000bc       __imp__Sleep@4             100250bc     kernel32:KERNEL32.dll
 0002:000000c0       __imp__ExitProcess@4       100250c0     kernel32:KERNEL32.dll
 0002:000000c4       __imp__SetHandleCount@4    100250c4     kernel32:KERNEL32.dll
 0002:000000c8       __imp__GetStdHandle@4      100250c8     kernel32:KERNEL32.dll
 0002:000000cc       __imp__GetFileType@4       100250cc     kernel32:KERNEL32.dll
 0002:000000d0       __imp__GetStartupInfoA@4   100250d0     kernel32:KERNEL32.dll
 0002:000000d4       __imp__GetModuleFileNameA@12 100250d4     kernel32:KERNEL32.dll
 0002:000000d8       __imp__FreeEnvironmentStringsA@4 100250d8     kernel32:KERNEL32.dll
 0002:000000dc       __imp__GetEnvironmentStrings@0 100250dc     kernel32:KERNEL32.dll
 0002:000000e0       __imp__FreeEnvironmentStringsW@4 100250e0     kernel32:KERNEL32.dll
 0002:000000e4       __imp__GetEnvironmentStringsW@0 100250e4     kernel32:KERNEL32.dll
 0002:000000e8       __imp__QueryPerformanceCounter@4 100250e8     kernel32:KERNEL32.dll
 0002:000000ec       __imp__GetTickCount@0      100250ec     kernel32:KERNEL32.dll
 0002:000000f0       __imp__GetCurrentProcessId@0 100250f0     kernel32:KERNEL32.dll
 0002:000000f4       __imp__GetSystemTimeAsFileTime@4 100250f4     kernel32:KERNEL32.dll
 0002:000000f8       __imp__WriteFile@20        100250f8     kernel32:KERNEL32.dll
 0002:000000fc       __imp__GetConsoleCP@0      100250fc     kernel32:KERNEL32.dll
 0002:00000100       __imp__GetConsoleMode@8    10025100     kernel32:KERNEL32.dll
 0002:00000104       __imp__InitializeCriticalSectionAndSpinCount@8 10025104     kernel32:KERNEL32.dll
 0002:00000108       __imp__GetStringTypeA@20   10025108     kernel32:KERNEL32.dll
 0002:0000010c       __imp__GetStringTypeW@16   1002510c     kernel32:KERNEL32.dll
 0002:00000110       __imp__GetLocaleInfoA@16   10025110     kernel32:KERNEL32.dll
 0002:00000114       __imp__HeapSize@12         10025114     kernel32:KERNEL32.dll
 0002:00000118       __imp__SetStdHandle@8      10025118     kernel32:KERNEL32.dll
 0002:0000011c       __imp__WriteConsoleA@20    1002511c     kernel32:KERNEL32.dll
 0002:00000120       __imp__GetConsoleOutputCP@0 10025120     kernel32:KERNEL32.dll
 0002:00000124       __imp__WriteConsoleW@20    10025124     kernel32:KERNEL32.dll
 0002:00000128       __imp__FlushFileBuffers@4  10025128     kernel32:KERNEL32.dll
 0002:0000012c       __imp__GetModuleHandleA@4  1002512c     kernel32:KERNEL32.dll
 0002:00000130       \177KERNEL32_NULL_THUNK_DATA 10025130     kernel32:KERNEL32.dll
 0002:00000134       __imp__GetKeyState@4       10025134     user32:USER32.dll
 0002:00000138       \177USER32_NULL_THUNK_DATA 10025138     user32:USER32.dll
 0002:0000013c       ___xc_a                    1002513c     LIBCMT:crt0init.obj
 0002:00000140       ___xc_z                    10025140     LIBCMT:crt0init.obj
 0002:00000144       ___xi_a                    10025144     LIBCMT:crt0init.obj
 0002:00000158       ___xi_z                    10025158     LIBCMT:crt0init.obj
 0002:0000015c       ___xp_a                    1002515c     LIBCMT:crt0init.obj
 0002:00000168       ___xp_z                    10025168     LIBCMT:crt0init.obj
 0002:0000016c       ___xt_a                    1002516c     LIBCMT:crt0init.obj
 0002:00000170       ___xt_z                    10025170     LIBCMT:crt0init.obj
 0002:000001a0       ??_7bad_alloc@std@@6B@     100251a0     libcpmt:string.obj
 0002:000001ac       ??_7logic_error@std@@6B@   100251ac     libcpmt:string.obj
 0002:000001b8       ??_7length_error@std@@6B@  100251b8     libcpmt:string.obj
 0002:000001c4       ??_7out_of_range@std@@6B@  100251c4     libcpmt:string.obj
 0002:000001cc       ??_C@_0BA@JFNIOLAK@string?5too?5long?$AA@ 100251cc     libcpmt:string.obj
 0002:000001dc       ??_C@_0BI@CFPLBAOH@invalid?5string?5position?$AA@ 100251dc     libcpmt:string.obj
 0002:000001f8       ??_7exception@std@@6B@     100251f8     LIBCMT:stdexcpt.obj
 0002:00000200       ??_C@_0BC@EOODALEL@Unknown?5exception?$AA@ 10025200     LIBCMT:stdexcpt.obj
 0002:00000218       ??_7type_info@@6B@         10025218     LIBCMT:typinfo.obj
 0002:0000021c       __pRawDllMain              1002521c     LIBCMT:dllcrt0.obj
 0002:0000021c       __pDefaultRawDllMain       1002521c     LIBCMT:dllcrt0.obj
 0002:00000248       ??_C@_1O@CEDCILHN@?$AA?$CI?$AAn?$AAu?$AAl?$AAl?$AA?$CJ?$AA?$AA@ 10025248     LIBCMT:output.obj
 0002:00000258       ??_C@_06OJHGLDPL@?$CInull?$CJ?$AA@ 10025258     LIBCMT:output.obj
 0002:00000260       ___lookuptable             10025260     LIBCMT:output.obj
 0002:00000340       ??_C@_01NEMOKFLO@?$DN?$AA@ 10025340     LIBCMT:setlocal.obj
 0002:00000344       ??_C@_0O@NLDKAIKN@EncodePointer?$AA@ 10025344     LIBCMT:tidtable.obj
 0002:00000354       ??_C@_1BK@DBDEIDLH@?$AAK?$AAE?$AAR?$AAN?$AAE?$AAL?$AA3?$AA2?$AA?4?$AAD?$AAL?$AAL?$AA?$AA@ 10025354     LIBCMT:tidtable.obj
 0002:00000370       ??_C@_0O@KBPMFGHI@DecodePointer?$AA@ 10025370     LIBCMT:tidtable.obj
 0002:00000380       ??_C@_07PEJMOBNF@FlsFree?$AA@ 10025380     LIBCMT:tidtable.obj
 0002:00000388       ??_C@_0M@JCPCPOEF@FlsSetValue?$AA@ 10025388     LIBCMT:tidtable.obj
 0002:00000394       ??_C@_0M@GDNOONDI@FlsGetValue?$AA@ 10025394     LIBCMT:tidtable.obj
 0002:000003a0       ??_C@_08KNHFBNJ@FlsAlloc?$AA@ 100253a0     LIBCMT:tidtable.obj
 0002:000003ac       ??_C@_13NOLLCAOD@?$AA?$AA?$AA?$AA@ 100253ac     LIBCMT:a_map.obj
 0002:000003b0       ??_C@_0P@MIGLKIOC@CorExitProcess?$AA@ 100253b0     LIBCMT:crt0dat.obj
 0002:000003c0       ??_C@_1BI@BGOHAHKC@?$AAm?$AAs?$AAc?$AAo?$AAr?$AAe?$AAe?$AA?4?$AAd?$AAl?$AAl?$AA?$AA@ 100253c0     LIBCMT:crt0dat.obj
 0002:000003d8       __XcptActTab               100253d8     LIBCMT:winxfltr.obj
 0002:00000450       __pDestructExceptionObject 10025450     LIBCMT:frame.obj
 0002:00000458       ??_7bad_exception@std@@6B@ 10025458     LIBCMT:frame.obj
 0002:00000460       ??_C@_0O@DPKOEFFH@bad?5exception?$AA@ 10025460     LIBCMT:frame.obj
 0002:00000470       ___lookuptable_s           10025470     LIBCMT:outputs.obj
 0002:000004cc       ??_C@_0P@GGKDKEEG@runtime?5error?5?$AA@ 100254cc     LIBCMT:crt0msg.obj
 0002:000004dc       ??_C@_02PCIJFNDE@?$AN?6?$AA@ 100254dc     LIBCMT:crt0msg.obj
 0002:000004e0       ??_C@_0O@MJNIPGOH@TLOSS?5error?$AN?6?$AA@ 100254e0     LIBCMT:crt0msg.obj
 0002:000004f0       ??_C@_0N@BONNPDHF@SING?5error?$AN?6?$AA@ 100254f0     LIBCMT:crt0msg.obj
 0002:00000500       ??_C@_0P@MBDAJNE@DOMAIN?5error?$AN?6?$AA@ 10025500     LIBCMT:crt0msg.obj
 0002:00000510       ??_C@_0JL@DFDOOABL@R6034?$AN?6An?5application?5has?5made?5a@ 10025510     LIBCMT:crt0msg.obj
 0002:000005b0       ??_C@_0PH@EPAFIJ@R6033?$AN?6?9?5Attempt?5to?5use?5MSIL?5cod@ 100255b0     LIBCMT:crt0msg.obj
 0002:000006a8       ??_C@_0DD@BKEEABMM@R6032?$AN?6?9?5not?5enough?5space?5for?5lo@ 100256a8     LIBCMT:crt0msg.obj
 0002:000006e0       ??_C@_0GD@OFKILIED@R6031?$AN?6?9?5Attempt?5to?5initialize?5t@ 100256e0     LIBCMT:crt0msg.obj
 0002:00000744       ??_C@_0BP@LPMHJOKI@R6030?$AN?6?9?5CRT?5not?5initialized?$AN?6?$AA@ 10025744     LIBCMT:crt0msg.obj
 0002:00000764       ??_C@_0CF@KJDAIALP@R6028?$AN?6?9?5unable?5to?5initialize?5he@ 10025764     LIBCMT:crt0msg.obj
 0002:0000078c       ??_C@_0DF@GAKBPDFP@R6027?$AN?6?9?5not?5enough?5space?5for?5lo@ 1002578c     LIBCMT:crt0msg.obj
 0002:000007c4       ??_C@_0DF@IBLNNAIG@R6026?$AN?6?9?5not?5enough?5space?5for?5st@ 100257c4     LIBCMT:crt0msg.obj
 0002:000007fc       ??_C@_0CG@IOHKGFNJ@R6025?$AN?6?9?5pure?5virtual?5function?5c@ 100257fc     LIBCMT:crt0msg.obj
 0002:00000824       ??_C@_0DF@JIJJFJDC@R6024?$AN?6?9?5not?5enough?5space?5for?5_o@ 10025824     LIBCMT:crt0msg.obj
 0002:0000085c       ??_C@_0CJ@EGEJHFME@R6019?$AN?6?9?5unable?5to?5open?5console?5@ 1002585c     LIBCMT:crt0msg.obj
 0002:00000888       ??_C@_0CB@GNHNIELH@R6018?$AN?6?9?5unexpected?5heap?5error?$AN?6@ 10025888     LIBCMT:crt0msg.obj
 0002:000008ac       ??_C@_0CN@FOLDKNG@R6017?$AN?6?9?5unexpected?5multithread?5@ 100258ac     LIBCMT:crt0msg.obj
 0002:000008dc       ??_C@_0CM@FAHFJNHO@R6016?$AN?6?9?5not?5enough?5space?5for?5th@ 100258dc     LIBCMT:crt0msg.obj
 0002:00000908       ??_C@_0JG@LBKMGKLD@?$AN?6This?5application?5has?5requested@ 10025908     LIBCMT:crt0msg.obj
 0002:000009a0       ??_C@_0CM@FLCNIPKK@R6009?$AN?6?9?5not?5enough?5space?5for?5en@ 100259a0     LIBCMT:crt0msg.obj
 0002:000009cc       ??_C@_0CK@KMMJOAPP@R6008?$AN?6?9?5not?5enough?5space?5for?5ar@ 100259cc     LIBCMT:crt0msg.obj
 0002:000009f8       ??_C@_0CN@LEKKICBM@R6002?$AN?6?9?5floating?5point?5support?5@ 100259f8     LIBCMT:crt0msg.obj
 0002:00000a28       ??_C@_0CF@GOGNBNAK@Microsoft?5Visual?5C?$CL?$CL?5Runtime?5Lib@ 10025a28     LIBCMT:crt0msg.obj
 0002:00000a50       ??_C@_02PHMGELLB@?6?6?$AA@ 10025a50     LIBCMT:crt0msg.obj
 0002:00000a54       ??_C@_03KHICJKCI@?4?4?4?$AA@ 10025a54     LIBCMT:crt0msg.obj
 0002:00000a58       ??_C@_0BH@DNAGHKFM@?$DMprogram?5name?5unknown?$DO?$AA@ 10025a58     LIBCMT:crt0msg.obj
 0002:00000a70       ??_C@_0BK@OFGJDLJJ@Runtime?5Error?$CB?6?6Program?3?5?$AA@ 10025a70     LIBCMT:crt0msg.obj
 0002:00000a90       ___newctype                10025a90     LIBCMT:ctype.obj
 0002:00000d90       __wctype                   10025d90     LIBCMT:ctype.obj
 0002:00000f98       ___newclmap                10025f98     LIBCMT:ctype.obj
 0002:00001118       ___newcumap                10026118     LIBCMT:ctype.obj
 0002:00001298       ??_C@_08JCCMCCIL@HH?3mm?3ss?$AA@ 10026298     LIBCMT:strftime.obj
 0002:000012a4       ??_C@_0BE@CKGJFCPC@dddd?0?5MMMM?5dd?0?5yyyy?$AA@ 100262a4     LIBCMT:strftime.obj
 0002:000012b8       ??_C@_08BPBNCDIB@MM?1dd?1yy?$AA@ 100262b8     LIBCMT:strftime.obj
 0002:000012c4       ??_C@_02CJNFDJBF@PM?$AA@   100262c4     LIBCMT:strftime.obj
 0002:000012c8       ??_C@_02DEDBPAFC@AM?$AA@   100262c8     LIBCMT:strftime.obj
 0002:000012cc       ??_C@_08EDHMEBNP@December?$AA@ 100262cc     LIBCMT:strftime.obj
 0002:000012d8       ??_C@_08HCHEGEOA@November?$AA@ 100262d8     LIBCMT:strftime.obj
 0002:000012e4       ??_C@_07JJNFCEND@October?$AA@ 100262e4     LIBCMT:strftime.obj
 0002:000012ec       ??_C@_09BHHEALKD@September?$AA@ 100262ec     LIBCMT:strftime.obj
 0002:000012f8       ??_C@_06LBBHFDDG@August?$AA@ 100262f8     LIBCMT:strftime.obj
 0002:00001300       ??_C@_04MIEPOIFP@July?$AA@ 10026300     LIBCMT:strftime.obj
 0002:00001308       ??_C@_04CNLMGBGM@June?$AA@ 10026308     LIBCMT:strftime.obj
 0002:00001310       ??_C@_05DMJDNLEJ@April?$AA@ 10026310     LIBCMT:strftime.obj
 0002:00001318       ??_C@_05HPCKOFNC@March?$AA@ 10026318     LIBCMT:strftime.obj
 0002:00001320       ??_C@_08GNJGEPFN@February?$AA@ 10026320     LIBCMT:strftime.obj
 0002:0000132c       ??_C@_07CGJPFGJA@January?$AA@ 1002632c     LIBCMT:strftime.obj
 0002:00001334       ??_C@_03MKABNOCG@Dec?$AA@  10026334     LIBCMT:strftime.obj
 0002:00001338       ??_C@_03JPJOFNIA@Nov?$AA@  10026338     LIBCMT:strftime.obj
 0002:0000133c       ??_C@_03BMAOKBAD@Oct?$AA@  1002633c     LIBCMT:strftime.obj
 0002:00001340       ??_C@_03GGCAPAJC@Sep?$AA@  10026340     LIBCMT:strftime.obj
 0002:00001344       ??_C@_03IFJFEIGA@Aug?$AA@  10026344     LIBCMT:strftime.obj
 0002:00001348       ??_C@_03LBGABGKK@Jul?$AA@  10026348     LIBCMT:strftime.obj
 0002:0000134c       ??_C@_03IDFGHECI@Jun?$AA@  1002634c     LIBCMT:strftime.obj
 0002:00001350       ??_C@_03CNMDKL@May?$AA@    10026350     LIBCMT:strftime.obj
 0002:00001354       ??_C@_03LEOLGMJP@Apr?$AA@  10026354     LIBCMT:strftime.obj
 0002:00001358       ??_C@_03ODNJBKGA@Mar?$AA@  10026358     LIBCMT:strftime.obj
 0002:0000135c       ??_C@_03HJBDCHOM@Feb?$AA@  1002635c     LIBCMT:strftime.obj
 0002:00001360       ??_C@_03JIHJHPIE@Jan?$AA@  10026360     LIBCMT:strftime.obj
 0002:00001364       ??_C@_08INBOOONO@Saturday?$AA@ 10026364     LIBCMT:strftime.obj
 0002:00001370       ??_C@_06JECMNKMI@Friday?$AA@ 10026370     LIBCMT:strftime.obj
 0002:00001378       ??_C@_08HACCIKIA@Thursday?$AA@ 10026378     LIBCMT:strftime.obj
 0002:00001384       ??_C@_09DLIGFAKA@Wednesday?$AA@ 10026384     LIBCMT:strftime.obj
 0002:00001390       ??_C@_07BAAGCFCM@Tuesday?$AA@ 10026390     LIBCMT:strftime.obj
 0002:00001398       ??_C@_06JLEDEDGH@Monday?$AA@ 10026398     LIBCMT:strftime.obj
 0002:000013a0       ??_C@_06OOPIFAJ@Sunday?$AA@ 100263a0     LIBCMT:strftime.obj
 0002:000013a8       ??_C@_03FEFJNEK@Sat?$AA@   100263a8     LIBCMT:strftime.obj
 0002:000013ac       ??_C@_03IDIOELNC@Fri?$AA@  100263ac     LIBCMT:strftime.obj
 0002:000013b0       ??_C@_03IOFIKPDN@Thu?$AA@  100263b0     LIBCMT:strftime.obj
 0002:000013b4       ??_C@_03MHOMLAJA@Wed?$AA@  100263b4     LIBCMT:strftime.obj
 0002:000013b8       ??_C@_03NAGEINEP@Tue?$AA@  100263b8     LIBCMT:strftime.obj
 0002:000013bc       ??_C@_03PDAGKDH@Mon?$AA@   100263bc     LIBCMT:strftime.obj
 0002:000013c0       ??_C@_03KOEHGMDN@Sun?$AA@  100263c0     LIBCMT:strftime.obj
 0002:000013c4       ??_C@_0BK@CFCOFLF@?5Complete?5Object?5Locator?8?$AA@ 100263c4     LIBCMT:undname.obj
 0002:000013e0       ??_C@_0BN@MECKDCOJ@?5Class?5Hierarchy?5Descriptor?8?$AA@ 100263e0     LIBCMT:undname.obj
 0002:00001400       ??_C@_0BD@LGICGFMM@?5Base?5Class?5Array?8?$AA@ 10026400     LIBCMT:undname.obj
 0002:00001414       ??_C@_0BM@LDKODKLH@?5Base?5Class?5Descriptor?5at?5?$CI?$AA@ 10026414     LIBCMT:undname.obj
 0002:00001430       ??_C@_0BC@DAFEJGAK@?5Type?5Descriptor?8?$AA@ 10026430     LIBCMT:undname.obj
 0002:00001444       ??_C@_0BM@PMGGMLDN@?$GAlocal?5static?5thread?5guard?8?$AA@ 10026444     LIBCMT:undname.obj
 0002:00001460       ??_C@_0CL@FGIJHLCE@?$GAmanaged?5vector?5copy?5constructor@ 10026460     LIBCMT:undname.obj
 0002:0000148c       ??_C@_0CJ@GJELGAMM@?$GAvector?5vbase?5copy?5constructor?5i@ 1002648c     LIBCMT:undname.obj
 0002:000014b8       ??_C@_0CD@CGAJBKEJ@?$GAvector?5copy?5constructor?5iterato@ 100264b8     LIBCMT:undname.obj
 0002:000014dc       ??_C@_0CB@PDBIFEP@?$GAdynamic?5atexit?5destructor?5for?5?8@ 100264dc     LIBCMT:undname.obj
 0002:00001500       ??_C@_0BL@CLIPGLGB@?$GAdynamic?5initializer?5for?5?8?$AA@ 10026500     LIBCMT:undname.obj
 0002:0000151c       ??_C@_0CM@FCBBDIGB@?$GAeh?5vector?5vbase?5copy?5constructo@ 1002651c     LIBCMT:undname.obj
 0002:00001548       ??_C@_0CG@HLDDJMAG@?$GAeh?5vector?5copy?5constructor?5iter@ 10026548     LIBCMT:undname.obj
 0002:00001570       ??_C@_0CF@IMGKMJNO@?$GAmanaged?5vector?5destructor?5itera@ 10026570     LIBCMT:undname.obj
 0002:00001598       ??_C@_0CG@CFDHKGGD@?$GAmanaged?5vector?5constructor?5iter@ 10026598     LIBCMT:undname.obj
 0002:000015c0       ??_C@_0BN@CKNJLHMB@?$GAplacement?5delete?$FL?$FN?5closure?8?$AA@ 100265c0     LIBCMT:undname.obj
 0002:000015e0       ??_C@_0BL@CNOONJFP@?$GAplacement?5delete?5closure?8?$AA@ 100265e0     LIBCMT:undname.obj
 0002:000015fc       ??_C@_0P@HJKNJFNN@?$GAomni?5callsig?8?$AA@ 100265fc     LIBCMT:undname.obj
 0002:0000160c       ??_C@_09LBNFPBCA@?5delete?$FL?$FN?$AA@ 1002660c     LIBCMT:undname.obj
 0002:00001618       ??_C@_06FHBGPFGH@?5new?$FL?$FN?$AA@ 10026618     LIBCMT:undname.obj
 0002:00001620       ??_C@_0CE@IIHCMGGL@?$GAlocal?5vftable?5constructor?5closu@ 10026620     LIBCMT:undname.obj
 0002:00001644       ??_C@_0BA@KKLDJDLB@?$GAlocal?5vftable?8?$AA@ 10026644     LIBCMT:undname.obj
 0002:00001654       ??_C@_05KHLCHHI@?$GARTTI?$AA@ 10026654     LIBCMT:undname.obj
 0002:0000165c       ??_C@_03KLGMFNMG@?$GAEH?$AA@ 1002665c     LIBCMT:undname.obj
 0002:00001660       ??_C@_0BA@KBCDOMBN@?$GAudt?5returning?8?$AA@ 10026660     LIBCMT:undname.obj
 0002:00001670       ??_C@_0BL@LLKPOHJI@?$GAcopy?5constructor?5closure?8?$AA@ 10026670     LIBCMT:undname.obj
 0002:0000168c       ??_C@_0CH@OOJPLCPH@?$GAeh?5vector?5vbase?5constructor?5ite@ 1002668c     LIBCMT:undname.obj
 0002:000016b4       ??_C@_0CA@GCEOPDGL@?$GAeh?5vector?5destructor?5iterator?8?$AA@ 100266b4     LIBCMT:undname.obj
 0002:000016d4       ??_C@_0CB@JONCMFFK@?$GAeh?5vector?5constructor?5iterator?8@ 100266d4     LIBCMT:undname.obj
 0002:000016f8       ??_C@_0BL@NILFHHPC@?$GAvirtual?5displacement?5map?8?$AA@ 100266f8     LIBCMT:undname.obj
 0002:00001714       ??_C@_0CE@IKBNEHA@?$GAvector?5vbase?5constructor?5iterat@ 10026714     LIBCMT:undname.obj
 0002:00001738       ??_C@_0BN@LFPFMEDL@?$GAvector?5destructor?5iterator?8?$AA@ 10026738     LIBCMT:undname.obj
 0002:00001758       ??_C@_0BO@PFGOCPJJ@?$GAvector?5constructor?5iterator?8?$AA@ 10026758     LIBCMT:undname.obj
 0002:00001778       ??_C@_0BN@IMDCHIKM@?$GAscalar?5deleting?5destructor?8?$AA@ 10026778     LIBCMT:undname.obj
 0002:00001798       ??_C@_0BO@OBMKPJIG@?$GAdefault?5constructor?5closure?8?$AA@ 10026798     LIBCMT:undname.obj
 0002:000017b8       ??_C@_0BN@DEGPLNFK@?$GAvector?5deleting?5destructor?8?$AA@ 100267b8     LIBCMT:undname.obj
 0002:000017d8       ??_C@_0BD@JDLKDPAB@?$GAvbase?5destructor?8?$AA@ 100267d8     LIBCMT:undname.obj
 0002:000017ec       ??_C@_08OBABFOLI@?$GAstring?8?$AA@ 100267ec     LIBCMT:undname.obj
 0002:000017f8       ??_C@_0BF@KDPPACIK@?$GAlocal?5static?5guard?8?$AA@ 100267f8     LIBCMT:undname.obj
 0002:00001810       ??_C@_08LLFFHHDJ@?$GAtypeof?8?$AA@ 10026810     LIBCMT:undname.obj
 0002:0000181c       ??_C@_07FEEIOKP@?$GAvcall?8?$AA@ 1002681c     LIBCMT:undname.obj
 0002:00001824       ??_C@_09BLBHBJP@?$GAvbtable?8?$AA@ 10026824     LIBCMT:undname.obj
 0002:00001830       ??_C@_09IFPLHPGF@?$GAvftable?8?$AA@ 10026830     LIBCMT:undname.obj
 0002:0000183c       ??_C@_02MHEGNOJ@?$FO?$DN?$AA@ 1002683c     LIBCMT:undname.obj
 0002:00001840       ??_C@_02DHLNPPGH@?$HM?$DN?$AA@ 10026840     LIBCMT:undname.obj
 0002:00001844       ??_C@_02FGJGFEAB@?$CG?$DN?$AA@ 10026844     LIBCMT:undname.obj
 0002:00001848       ??_C@_03CDNPDDLA@?$DM?$DM?$DN?$AA@ 10026848     LIBCMT:undname.obj
 0002:0000184c       ??_C@_03IKFCCPFF@?$DO?$DO?$DN?$AA@ 1002684c     LIBCMT:undname.obj
 0002:00001850       ??_C@_02FENAOKFI@?$CF?$DN?$AA@ 10026850     LIBCMT:undname.obj
 0002:00001854       ??_C@_02FJEHGPIO@?1?$DN?$AA@ 10026854     LIBCMT:undname.obj
 0002:00001858       ??_C@_02FKMDLLOA@?9?$DN?$AA@ 10026858     LIBCMT:undname.obj
 0002:0000185c       ??_C@_02FOEOMHFC@?$CL?$DN?$AA@ 1002685c     LIBCMT:undname.obj
 0002:00001860       ??_C@_02FPIMKNGF@?$CK?$DN?$AA@ 10026860     LIBCMT:undname.obj
 0002:00001864       ??_C@_02NONPIBCD@?$HM?$HM?$AA@ 10026864     LIBCMT:undname.obj
 0002:00001868       ??_C@_02PPKAJPJL@?$CG?$CG?$AA@ 10026868     LIBCMT:undname.obj
 0002:0000186c       ??_C@_01DNKMNLPK@?$HM?$AA@ 1002686c     LIBCMT:undname.obj
 0002:00001870       ??_C@_01JKBOJNNK@?$FO?$AA@ 10026870     LIBCMT:undname.obj
 0002:00001874       ??_C@_01PJKLJHI@?$HO?$AA@  10026874     LIBCMT:undname.obj
 0002:00001878       ??_C@_02HCKGKOFO@?$CI?$CJ?$AA@ 10026878     LIBCMT:undname.obj
[...]
 0001:00022bd0       __unwindfunclet$??$_Adjust_heap@PAV?$basic_string@DU?$char_traits@D@std@@V?$allocator@D@2@@std@@HV12@P6A_NABV12@0@Z@std@@YAXPAV?$basic_string@DU?$char_traits@D@std@@V?$allocator@D@2@@0@HHV10@P6A_NABV10@2@Z@Z$0 10023bd0 f    CIL library: CIL module
 0001:00022bd8       __ehhandler$??$_Adjust_heap@PAV?$basic_string@DU?$char_traits@D@std@@V?$allocator@D@2@@std@@HV12@P6A_NABV12@0@Z@std@@YAXPAV?$basic_string@DU?$char_traits@D@std@@V?$allocator@D@2@@0@HHV10@P6A_NABV10@2@Z@Z 10023bd8 f    CIL library: CIL module
 0001:00022c00       __unwindfunclet$?CreateNewBattleLogDlg@@YAXPAU_BattleMgr_@@@Z$0 10023c00 f    CIL library: CIL module
 0001:00022c00       __unwindfunclet$??$_Insertion_sort1@PAV?$basic_string@DU?$char_traits@D@std@@V?$allocator@D@2@@std@@P6A_NABV12@0@ZV12@@std@@YAXPAV?$basic_string@DU?$char_traits@D@std@@V?$allocator@D@2@@0@0P6A_NABV10@1@Z0@Z$0 10023c00 f    CIL library: CIL module
 0001:00022c08       __ehhandler$?CreateNewBattleLogDlg@@YAXPAU_BattleMgr_@@@Z 10023c08 f    CIL library: CIL module
 0001:00022c08       __ehhandler$??$_Insertion_sort1@PAV?$basic_string@DU?$char_traits@D@std@@V?$allocator@D@2@@std@@P6A_NABV12@0@ZV12@@std@@YAXPAV?$basic_string@DU?$char_traits@D@std@@V?$allocator@D@2@@0@0P6A_NABV10@1@Z0@Z 10023c08 f    CIL library: CIL module
 0001:00022c30       __unwindfunclet$??$_Uninit_fill_n@PAV?$basic_string@DU?$char_traits@D@std@@V?$allocator@D@2@@std@@IV12@V?$allocator@V?$basic_string@DU?$char_traits@D@std@@V?$allocator@D@2@@std@@@2@@std@@YAXPAV?$basic_string@DU?$char_traits@D@std@@V?$allocator@D@2@@0@IABV10@AAV?$allocator@V?$basic_string@DU?$char_traits@D@std@@V?$allocator@D@2@@std@@@0@U_Nonscalar_ptr_iterator_tag@0@U_Range_checked_iterator_tag@0@@Z$2 10023c30 f    CIL library: CIL module
 0001:00022c35       __ehhandler$??$_Uninit_fill_n@PAV?$basic_string@DU?$char_traits@D@std@@V?$allocator@D@2@@std@@IV12@V?$allocator@V?$basic_string@DU?$char_traits@D@std@@V?$allocator@D@2@@std@@@2@@std@@YAXPAV?$basic_string@DU?$char_traits@D@std@@V?$allocator@D@2@@0@IABV10@AAV?$allocator@V?$basic_string@DU?$char_traits@D@std@@V?$allocator@D@2@@std@@@0@U_Nonscalar_ptr_iterator_tag@0@U_Range_checked_iterator_tag@0@@Z 10023c35 f    CIL library: CIL module
 0001:00022c50       __ehhandler$??$_Construct@V?$_Vector_iterator@DV?$allocator@D@std@@@std@@@?$basic_string@DU?$char_traits@D@std@@V?$allocator@D@2@@std@@QAEXV?$_Vector_iterator@DV?$allocator@D@std@@@1@0Uforward_iterator_tag@1@@Z 10023c50 f    CIL library: CIL module
 0001:00022c70       __unwindfunclet$??$?HDU?$char_traits@D@std@@V?$allocator@D@1@@std@@YA?AV?$basic_string@DU?$char_traits@D@std@@V?$allocator@D@2@@0@ABV10@PBD@Z$0 10023c70 f    CIL library: CIL module
 0001:00022c70       __unwindfunclet$??$?HDU?$char_traits@D@std@@V?$allocator@D@1@@std@@YA?AV?$basic_string@DU?$char_traits@D@std@@V?$allocator@D@2@@0@ABV10@0@Z$0 10023c70 f    CIL library: CIL module
 0001:00022c78       __ehhandler$??$?HDU?$char_traits@D@std@@V?$allocator@D@1@@std@@YA?AV?$basic_string@DU?$char_traits@D@std@@V?$allocator@D@2@@0@ABV10@0@Z 10023c78 f    CIL library: CIL module
 0001:00022c78       __ehhandler$??$?HDU?$char_traits@D@std@@V?$allocator@D@1@@std@@YA?AV?$basic_string@DU?$char_traits@D@std@@V?$allocator@D@2@@0@ABV10@PBD@Z 10023c78 f    CIL library: CIL module
 0001:00022ca0       __unwindfunclet$?Y_Dlg_CustomPic@@YGHPAVHiHook@@HH@Z$0 10023ca0 f    CIL library: CIL module
 0001:00022ca8       __ehhandler$?Y_Dlg_CustomPic@@YGHPAVHiHook@@HH@Z 10023ca8 f    CIL library: CIL module
 0001:00022cd0       __unwindfunclet$?New_Dlg_CustomReq@@YAHPAU_Sphinx1_@@@Z$0 10023cd0 f    CIL library: CIL module
 0001:00022cd8       __ehhandler$?New_Dlg_CustomReq@@YAHPAU_Sphinx1_@@@Z 10023cd8 f    CIL library: CIL module
 0001:00022d10       __unwindfunclet$?Y_WoG_PicDlg_Def@@YGXPAVHiHook@@PAD1@Z$0 10023d10 f    CIL library: CIL module
 0001:00022d10       __unwindfunclet$?Y_WoG_PicDlg_Pcx8@@YGXPAVHiHook@@PAD1@Z$0 10023d10 f    CIL library: CIL module
 0001:00022d10       __unwindfunclet$?IsSupportedFormatImage@@YAHPAD@Z$0 10023d10 f    CIL library: CIL module
 0001:00022d18       __unwindfunclet$?Y_WoG_PicDlg_Pcx8@@YGXPAVHiHook@@PAD1@Z$1 10023d18 f    CIL library: CIL module
 0001:00022d18       __unwindfunclet$?Y_WoG_PicDlg_Def@@YGXPAVHiHook@@PAD1@Z$1 10023d18 f    CIL library: CIL module
 0001:00022d18       __unwindfunclet$?IsSupportedFormatImage@@YAHPAD@Z$1 10023d18 f    CIL library: CIL module
 0001:00022d20       __ehhandler$?IsSupportedFormatImage@@YAHPAD@Z 10023d20 f    CIL library: CIL module
 0001:00022d20       __ehhandler$?Y_WoG_PicDlg_Pcx8@@YGXPAVHiHook@@PAD1@Z 10023d20 f    CIL library: CIL module
 0001:00022d20       __ehhandler$?Y_WoG_PicDlg_Def@@YGXPAVHiHook@@PAD1@Z 10023d20 f    CIL library: CIL module
 0001:00022d50       __unwindfunclet$??$_Pop_heap@PAV?$basic_string@DU?$char_traits@D@std@@V?$allocator@D@2@@std@@HV12@P6A_NABV12@0@Z@std@@YAXPAV?$basic_string@DU?$char_traits@D@std@@V?$allocator@D@2@@0@00V10@P6A_NABV10@2@ZPAH@Z$0 10023d50 f    CIL library: CIL module
 0001:00022d58       __ehhandler$??$_Pop_heap@PAV?$basic_string@DU?$char_traits@D@std@@V?$allocator@D@2@@std@@HV12@P6A_NABV12@0@Z@std@@YAXPAV?$basic_string@DU?$char_traits@D@std@@V?$allocator@D@2@@0@00V10@P6A_NABV10@2@ZPAH@Z 10023d58 f    CIL library: CIL module
 0001:00022d80       __unwindfunclet$??$_Uninit_move@PAV?$basic_string@DU?$char_traits@D@std@@V?$allocator@D@2@@std@@PAV12@V?$allocator@V?$basic_string@DU?$char_traits@D@std@@V?$allocator@D@2@@std@@@2@@std@@YAPAV?$basic_string@DU?$char_traits@D@std@@V?$allocator@D@2@@0@PAV10@00AAV?$allocator@V?$basic_string@DU?$char_traits@D@std@@V?$allocator@D@2@@std@@@0@U_Swap_move_tag@0@U_Range_checked_iterator_tag@0@@Z$2 10023d80 f    CIL library: CIL module
 0001:00022d88       __unwindfunclet$??$_Uninit_move@PAV?$basic_string@DU?$char_traits@D@std@@V?$allocator@D@2@@std@@PAV12@V?$allocator@V?$basic_string@DU?$char_traits@D@std@@V?$allocator@D@2@@std@@@2@@std@@YAPAV?$basic_string@DU?$char_traits@D@std@@V?$allocator@D@2@@0@PAV10@00AAV?$allocator@V?$basic_string@DU?$char_traits@D@std@@V?$allocator@D@2@@std@@@0@U_Swap_move_tag@0@U_Range_checked_iterator_tag@0@@Z$3 10023d88 f    CIL library: CIL module
 0001:00022d8d       __ehhandler$??$_Uninit_move@PAV?$basic_string@DU?$char_traits@D@std@@V?$allocator@D@2@@std@@PAV12@V?$allocator@V?$basic_string@DU?$char_traits@D@std@@V?$allocator@D@2@@std@@@2@@std@@YAPAV?$basic_string@DU?$char_traits@D@std@@V?$allocator@D@2@@0@PAV10@00AAV?$allocator@V?$basic_string@DU?$char_traits@D@std@@V?$allocator@D@2@@std@@@0@U_Swap_move_tag@0@U_Range_checked_iterator_tag@0@@Z 10023d8d f    CIL library: CIL module
 0001:00022dc0       __unwindfunclet$?_Insert_n@?$vector@V?$basic_string@DU?$char_traits@D@std@@V?$allocator@D@2@@std@@V?$allocator@V?$basic_string@DU?$char_traits@D@std@@V?$allocator@D@2@@std@@@2@@std@@IAEXV?$_Vector_const_iterator@V?$basic_string@DU?$char_traits@D@std@@V?$allocator@D@2@@std@@V?$allocator@V?$basic_string@DU?$char_traits@D@std@@V?$allocator@D@2@@std@@@2@@2@IABV?$basic_string@DU?$char_traits@D@std@@V?$allocator@D@2@@2@@Z$4 10023dc0 f    CIL library: CIL module
 0001:00022dc8       __unwindfunclet$?_Insert_n@?$vector@V?$basic_string@DU?$char_traits@D@std@@V?$allocator@D@2@@std@@V?$allocator@V?$basic_string@DU?$char_traits@D@std@@V?$allocator@D@2@@std@@@2@@std@@IAEXV?$_Vector_const_iterator@V?$basic_string@DU?$char_traits@D@std@@V?$allocator@D@2@@std@@V?$allocator@V?$basic_string@DU?$char_traits@D@std@@V?$allocator@D@2@@std@@@2@@2@IABV?$basic_string@DU?$char_traits@D@std@@V?$allocator@D@2@@2@@Z$5 10023dc8 f    CIL library: CIL module
 0001:00022dd0       __ehhandler$?_Insert_n@?$vector@V?$basic_string@DU?$char_traits@D@std@@V?$allocator@D@2@@std@@V?$allocator@V?$basic_string@DU?$char_traits@D@std@@V?$allocator@D@2@@std@@@2@@std@@IAEXV?$_Vector_const_iterator@V?$basic_string@DU?$char_traits@D@std@@V?$allocator@D@2@@std@@V?$allocator@V?$basic_string@DU?$char_traits@D@std@@V?$allocator@D@2@@std@@@2@@2@IABV?$basic_string@DU?$char_traits@D@std@@V?$allocator@D@2@@2@@Z 10023dd0 f    CIL library: CIL module
 0001:00022e00       __unwindfunclet$?_Xlen@?$vector@V?$basic_string@DU?$char_traits@D@std@@V?$allocator@D@2@@std@@V?$allocator@V?$basic_string@DU?$char_traits@D@std@@V?$allocator@D@2@@std@@@2@@std@@KAXXZ$0 10023e00 f    CIL library: CIL module
 0001:00022e00       __unwindfunclet$?_Xlen@?$vector@DV?$allocator@D@std@@@std@@KAXXZ$0 10023e00 f    CIL library: CIL module
 0001:00022e08       __ehhandler$?_Xlen@?$vector@V?$basic_string@DU?$char_traits@D@std@@V?$allocator@D@2@@std@@V?$allocator@V?$basic_string@DU?$char_traits@D@std@@V?$allocator@D@2@@std@@@2@@std@@KAXXZ 10023e08 f    CIL library: CIL module
 0001:00022e08       __ehhandler$?_Xlen@?$vector@DV?$allocator@D@std@@@std@@KAXXZ 10023e08 f    CIL library: CIL module
 0001:00022e30       __unwindfunclet$??0?$vector@DV?$allocator@D@std@@@std@@QAE@XZ$0 10023e30 f    CIL library: CIL module
 0001:00022e30       __unwindfunclet$??0?$vector@V?$basic_string@DU?$char_traits@D@std@@V?$allocator@D@2@@std@@V?$allocator@V?$basic_string@DU?$char_traits@D@std@@V?$allocator@D@2@@std@@@2@@std@@QAE@XZ$0 10023e30 f    CIL library: CIL module
 0001:00022e38       __ehhandler$??0?$vector@DV?$allocator@D@std@@@std@@QAE@XZ 10023e38 f    CIL library: CIL module
 0001:00022e38       __ehhandler$??0?$vector@V?$basic_string@DU?$char_traits@D@std@@V?$allocator@D@2@@std@@V?$allocator@V?$basic_string@DU?$char_traits@D@std@@V?$allocator@D@2@@std@@@2@@std@@QAE@XZ 10023e38 f    CIL library: CIL module
 0001:00022e60       __unwindfunclet$?expandFilePath@fsman@@YA?AV?$basic_string@DU?$char_traits@D@std@@V?$allocator@D@2@@std@@ABV23@@Z$0 10023e60 f    CIL library: CIL module
 0001:00022e68       __unwindfunclet$?expandFilePath@fsman@@YA?AV?$basic_string@DU?$char_traits@D@std@@V?$allocator@D@2@@std@@ABV23@@Z$1 10023e68 f    CIL library: CIL module
 0001:00022e70       __ehhandler$?expandFilePath@fsman@@YA?AV?$basic_string@DU?$char_traits@D@std@@V?$allocator@D@2@@std@@ABV23@@Z 10023e70 f    CIL library: CIL module
 0001:00022ea0       __unwindfunclet$?listFiles@FsMan@fsman@@QAE?AV?$vector@V?$basic_string@DU?$char_traits@D@std@@V?$allocator@D@2@@std@@V?$allocator@V?$basic_string@DU?$char_traits@D@std@@V?$allocator@D@2@@std@@@2@@std@@ABV?$basic_string@DU?$char_traits@D@std@@V?$allocator@D@2@@4@@Z$0 10023ea0 f    CIL library: CIL module
 0001:00022ec2       __unwindfunclet$?listFiles@FsMan@fsman@@QAE?AV?$vector@V?$basic_string@DU?$char_traits@D@std@@V?$allocator@D@2@@std@@V?$allocator@V?$basic_string@DU?$char_traits@D@std@@V?$allocator@D@2@@std@@@2@@std@@ABV?$basic_string@DU?$char_traits@D@std@@V?$allocator@D@2@@4@@Z$1 10023ec2 f    CIL library: CIL module
 0001:00022ecd       __unwindfunclet$?listFiles@FsMan@fsman@@QAE?AV?$vector@V?$basic_string@DU?$char_traits@D@std@@V?$allocator@D@2@@std@@V?$allocator@V?$basic_string@DU?$char_traits@D@std@@V?$allocator@D@2@@std@@@2@@std@@ABV?$basic_string@DU?$char_traits@D@std@@V?$allocator@D@2@@4@@Z$3 10023ecd f    CIL library: CIL module
 0001:00022eef       __unwindfunclet$?listFiles@FsMan@fsman@@QAE?AV?$vector@V?$basic_string@DU?$char_traits@D@std@@V?$allocator@D@2@@std@@V?$allocator@V?$basic_string@DU?$char_traits@D@std@@V?$allocator@D@2@@std@@@2@@std@@ABV?$basic_string@DU?$char_traits@D@std@@V?$allocator@D@2@@4@@Z$4 10023eef f    CIL library: CIL module
 0001:00022efa       __unwindfunclet$?listFiles@FsMan@fsman@@QAE?AV?$vector@V?$basic_string@DU?$char_traits@D@std@@V?$allocator@D@2@@std@@V?$allocator@V?$basic_string@DU?$char_traits@D@std@@V?$allocator@D@2@@std@@@2@@std@@ABV?$basic_string@DU?$char_traits@D@std@@V?$allocator@D@2@@4@@Z$5 10023efa f    CIL library: CIL module
 0001:00022f1c       __unwindfunclet$?listFiles@FsMan@fsman@@QAE?AV?$vector@V?$basic_string@DU?$char_traits@D@std@@V?$allocator@D@2@@std@@V?$allocator@V?$basic_string@DU?$char_traits@D@std@@V?$allocator@D@2@@std@@@2@@std@@ABV?$basic_string@DU?$char_traits@D@std@@V?$allocator@D@2@@4@@Z$6 10023f1c f    CIL library: CIL module
 0001:00022f27       __ehhandler$?listFiles@FsMan@fsman@@QAE?AV?$vector@V?$basic_string@DU?$char_traits@D@std@@V?$allocator@D@2@@std@@V?$allocator@V?$basic_string@DU?$char_traits@D@std@@V?$allocator@D@2@@std@@@2@@std@@ABV?$basic_string@DU?$char_traits@D@std@@V?$allocator@D@2@@4@@Z 10023f27 f    CIL library: CIL module
 0001:00022f60       __unwindfunclet$?listDirectories@FsMan@fsman@@QAE?AV?$vector@V?$basic_string@DU?$char_traits@D@std@@V?$allocator@D@2@@std@@V?$allocator@V?$basic_string@DU?$char_traits@D@std@@V?$allocator@D@2@@std@@@2@@std@@XZ$0 10023f60 f    CIL library: CIL module
 0001:00022f82       __unwindfunclet$?listDirectories@FsMan@fsman@@QAE?AV?$vector@V?$basic_string@DU?$char_traits@D@std@@V?$allocator@D@2@@std@@V?$allocator@V?$basic_string@DU?$char_traits@D@std@@V?$allocator@D@2@@std@@@2@@std@@XZ$2 10023f82 f    CIL library: CIL module
 0001:00022f8d       __unwindfunclet$?listDirectories@FsMan@fsman@@QAE?AV?$vector@V?$basic_string@DU?$char_traits@D@std@@V?$allocator@D@2@@std@@V?$allocator@V?$basic_string@DU?$char_traits@D@std@@V?$allocator@D@2@@std@@@2@@std@@XZ$3 10023f8d f    CIL library: CIL module
 0001:00022faf       __unwindfunclet$?listDirectories@FsMan@fsman@@QAE?AV?$vector@V?$basic_string@DU?$char_traits@D@std@@V?$allocator@D@2@@std@@V?$allocator@V?$basic_string@DU?$char_traits@D@std@@V?$allocator@D@2@@std@@@2@@std@@XZ$4 10023faf f    CIL library: CIL module
 0001:00022fba       __unwindfunclet$?listDirectories@FsMan@fsman@@QAE?AV?$vector@V?$basic_string@DU?$char_traits@D@std@@V?$allocator@D@2@@std@@V?$allocator@V?$basic_string@DU?$char_traits@D@std@@V?$allocator@D@2@@std@@@2@@std@@XZ$5 10023fba f    CIL library: CIL module
 0001:00022fdc       __unwindfunclet$?listDirectories@FsMan@fsman@@QAE?AV?$vector@V?$basic_string@DU?$char_traits@D@std@@V?$allocator@D@2@@std@@V?$allocator@V?$basic_string@DU?$char_traits@D@std@@V?$allocator@D@2@@std@@@2@@std@@XZ$6 10023fdc f    CIL library: CIL module
 0001:00022fe7       __ehhandler$?listDirectories@FsMan@fsman@@QAE?AV?$vector@V?$basic_string@DU?$char_traits@D@std@@V?$allocator@D@2@@std@@V?$allocator@V?$basic_string@DU?$char_traits@D@std@@V?$allocator@D@2@@std@@@2@@std@@XZ 10023fe7 f    CIL library: CIL module
 0001:00023020       __unwindfunclet$?expandFilePath@FsMan@fsman@@QAE?AV?$basic_string@DU?$char_traits@D@std@@V?$allocator@D@2@@std@@ABV34@@Z$0 10024020 f    CIL library: CIL module
 0001:00023039       __unwindfunclet$?expandFilePath@FsMan@fsman@@QAE?AV?$basic_string@DU?$char_traits@D@std@@V?$allocator@D@2@@std@@ABV34@@Z$1 10024039 f    CIL library: CIL module
 0001:00023052       __ehhandler$?expandFilePath@FsMan@fsman@@QAE?AV?$basic_string@DU?$char_traits@D@std@@V?$allocator@D@2@@std@@ABV34@@Z 10024052 f    CIL library: CIL module
 0001:00023070       __unwindfunclet$??0FsMan@fsman@@QAE@ABV?$basic_string@DU?$char_traits@D@std@@V?$allocator@D@2@@std@@@Z$0 10024070 f    CIL library: CIL module
 0001:00023078       __unwindfunclet$??0FsMan@fsman@@QAE@ABV?$basic_string@DU?$char_traits@D@std@@V?$allocator@D@2@@std@@@Z$1 10024078 f    CIL library: CIL module
 0001:00023080       __ehhandler$??0FsMan@fsman@@QAE@ABV?$basic_string@DU?$char_traits@D@std@@V?$allocator@D@2@@std@@@Z 10024080 f    CIL library: CIL module
 0001:000230a0       __unwindfunclet$?NewDlg_ChooseFile_Rebuild@@YGHPAV_CustomDlg_@@@Z$0 100240a0 f    CIL library: CIL module
 0001:000230a8       __unwindfunclet$?NewDlg_ChooseFile_Rebuild@@YGHPAV_CustomDlg_@@@Z$1 100240a8 f    CIL library: CIL module
 0001:000230b0       __unwindfunclet$?NewDlg_ChooseFile_Rebuild@@YGHPAV_CustomDlg_@@@Z$2 100240b0 f    CIL library: CIL module
 0001:000230b8       __unwindfunclet$?NewDlg_ChooseFile_Rebuild@@YGHPAV_CustomDlg_@@@Z$5 100240b8 f    CIL library: CIL module
 0001:000230c0       __unwindfunclet$?NewDlg_ChooseFile_Rebuild@@YGHPAV_CustomDlg_@@@Z$7 100240c0 f    CIL library: CIL module
 0001:000230cb       __unwindfunclet$?NewDlg_ChooseFile_Rebuild@@YGHPAV_CustomDlg_@@@Z$8 100240cb f    CIL library: CIL module
 0001:000230d6       __unwindfunclet$?NewDlg_ChooseFile_Rebuild@@YGHPAV_CustomDlg_@@@Z$9 100240d6 f    CIL library: CIL module
 0001:000230de       __unwindfunclet$?NewDlg_ChooseFile_Rebuild@@YGHPAV_CustomDlg_@@@Z$10 100240de f    CIL library: CIL module
 0001:000230e9       __ehhandler$?NewDlg_ChooseFile_Rebuild@@YGHPAV_CustomDlg_@@@Z 100240e9 f    CIL library: CIL module
 0001:00023120       __unwindfunclet$?NewDlg_ChooseFile_ScrollProc@@YIXHPAV_CustomDlg_@@@Z$1 10024120 f    CIL library: CIL module
 0001:00023128       __unwindfunclet$?NewDlg_ChooseFile_ScrollProc@@YIXHPAV_CustomDlg_@@@Z$3 10024128 f    CIL library: CIL module
 0001:00023133       __unwindfunclet$?NewDlg_ChooseFile_ScrollProc@@YIXHPAV_CustomDlg_@@@Z$4 10024133 f    CIL library: CIL module
 0001:0002313e       __unwindfunclet$?NewDlg_ChooseFile_ScrollProc@@YIXHPAV_CustomDlg_@@@Z$5 1002413e f    CIL library: CIL module
 0001:00023146       __unwindfunclet$?NewDlg_ChooseFile_ScrollProc@@YIXHPAV_CustomDlg_@@@Z$6 10024146 f    CIL library: CIL module
 0001:0002314e       __ehhandler$?NewDlg_ChooseFile_ScrollProc@@YIXHPAV_CustomDlg_@@@Z 1002414e f    CIL library: CIL module
 0001:00023170       __unwindfunclet$?changeDirectory@FsMan@fsman@@QAE_NABV?$basic_string@DU?$char_traits@D@std@@V?$allocator@D@2@@std@@@Z$0 10024170 f    CIL library: CIL module
 0001:00023178       __ehhandler$?changeDirectory@FsMan@fsman@@QAE_NABV?$basic_string@DU?$char_traits@D@std@@V?$allocator@D@2@@std@@@Z 10024178 f    CIL library: CIL module
 0001:000231a0       __unwindfunclet$?NewDlg_ChooseFile_ChangeDirectory@@YAHPAV_CustomDlg_@@PAD@Z$0 100241a0 f    CIL library: CIL module
 0001:000231a8       __ehhandler$?NewDlg_ChooseFile_ChangeDirectory@@YAHPAV_CustomDlg_@@PAD@Z 100241a8 f    CIL library: CIL module
 0001:000231d0       __unwindfunclet$?NewDlg_ChooseFile_FolderIn@@YAHPAV_CustomDlg_@@@Z$1 100241d0 f    CIL library: CIL module
 0001:000231d8       __ehhandler$?NewDlg_ChooseFile_FolderIn@@YAHPAV_CustomDlg_@@@Z 100241d8 f    CIL library: CIL module
 0001:00023200       __unwindfunclet$?NewDlg_ChooseFile_FolderOut@@YAHPAV_CustomDlg_@@@Z$0 10024200 f    CIL library: CIL module
 0001:00023208       __unwindfunclet$?NewDlg_ChooseFile_FolderOut@@YAHPAV_CustomDlg_@@@Z$2 10024208 f    CIL library: CIL module
 0001:00023210       __ehhandler$?NewDlg_ChooseFile_FolderOut@@YAHPAV_CustomDlg_@@@Z 10024210 f    CIL library: CIL module
 0001:00023240       __unwindfunclet$?NewDlg_ChooseFile_Proc@@YGHPAV_CustomDlg_@@PAU_DlgMsg_@@@Z$0 10024240 f    CIL library: CIL module
 0001:00023248       __ehhandler$?NewDlg_ChooseFile_Proc@@YGHPAV_CustomDlg_@@PAU_DlgMsg_@@@Z 10024248 f    CIL library: CIL module
 0001:00023270       __unwindfunclet$?NewDlg_ChooseFile@@YGHPAU_ChooseFile_@@@Z$0 10024270 f    CIL library: CIL module
 0001:00023278       __unwindfunclet$?NewDlg_ChooseFile@@YGHPAU_ChooseFile_@@@Z$1 10024278 f    CIL library: CIL module
 0001:00023280       __ehhandler$?NewDlg_ChooseFile@@YGHPAU_ChooseFile_@@@Z 10024280 f    CIL library: CIL module
 0001:000232b0       __unwindfunclet$?NewDlg_ChooseFile_Prepare@@YAHPAU_ChooseFile_@@@Z$0 100242b0 f    CIL library: CIL module
 0001:000232bb       __unwindfunclet$?NewDlg_ChooseFile_Prepare@@YAHPAU_ChooseFile_@@@Z$1 100242bb f    CIL library: CIL module
 0001:000232c3       __unwindfunclet$?NewDlg_ChooseFile_Prepare@@YAHPAU_ChooseFile_@@@Z$2 100242c3 f    CIL library: CIL module
 0001:000232cb       __unwindfunclet$?NewDlg_ChooseFile_Prepare@@YAHPAU_ChooseFile_@@@Z$3 100242cb f    CIL library: CIL module
 0001:000232d3       __ehhandler$?NewDlg_ChooseFile_Prepare@@YAHPAU_ChooseFile_@@@Z 100242d3 f    CIL library: CIL module
 0001:00023301       ??__Fnomem@?5???2@YAPAXI@Z@YAXXZ 10024301 f   LIBCMT:new.obj
