 wog native dialogs

 Timestamp is 62deff63 (Mon Jul 25 23:38:59 2022)

 Preferred load address is 10000000

 Start         Length     Name                   Class
 0001:00000000 000231ecH .text                   CODE
 0001:000231f0 00000981H .text$x                 CODE
 0001:00023b71 00000014H .text$yd                CODE
 0002:00000000 0000013cH .idata$5                DATA
 0002:0000013c 00000004H .CRT$XCA                DATA
 0002:00000140 00000004H .CRT$XCZ                DATA
 0002:00000144 00000004H .CRT$XIA                DATA
 0002:00000148 00000010H .CRT$XIC                DATA
 0002:00000158 00000004H .CRT$XIZ                DATA
 0002:0000015c 00000004H .CRT$XPA                DATA
 0002:00000160 00000004H .CRT$XPX                DATA
 0002:00000164 00000004H .CRT$XPXA               DATA
 0002:00000168 00000004H .CRT$XPZ                DATA
 0002:0000016c 00000004H .CRT$XTA                DATA
 0002:00000170 00000004H .CRT$XTZ                DATA
 0002:00000180 000026d0H .rdata                  DATA
 0002:00002850 00000067H .rdata$debug            DATA
 0002:000028b8 00000214H .rdata$r                DATA
 0002:00002ad0 000000b0H .rdata$sxdata           DATA
 0002:00002b80 00000004H .rtc$IAA                DATA
 0002:00002b84 00000004H .rtc$IZZ                DATA
 0002:00002b88 00000004H .rtc$TAA                DATA
 0002:00002b8c 00000004H .rtc$TZZ                DATA
 0002:00002b90 00000f24H .xdata$x                DATA
 0002:00003ab4 00000028H .idata$2                DATA
 0002:00003adc 00000014H .idata$3                DATA
 0002:00003af0 0000013cH .idata$4                DATA
 0002:00003c2c 0000059cH .idata$6                DATA
 0002:000041d0 0000005eH .edata                  DATA
 0003:00000000 00001398H .data                   DATA
 0003:000013a0 000039b8H .bss                    DATA

  Address         Publics by Value              Rva+Base       Lib:Object

 0000:00000000       __except_list              00000000     <absolute>
 0000:0000002c       ___safe_se_handler_count   0000002c     <absolute>
 0000:00000000       ___ImageBase               10000000     <linker-defined>
 0001:00000000       ?WriteCodePatch@PatcherInstance@@QAAPAVPatch@@IPADZZ 10001000 f i wog native dialogs.obj
 0001:00000020       ??1bad_alloc@std@@UAE@XZ   10001020 f i wog native dialogs.obj
 0001:00000030       ??_Ebad_alloc@std@@UAEPAXI@Z 10001030 f i  CIL library: CIL module
 0001:00000030       ??_Gbad_alloc@std@@UAEPAXI@Z 10001030 f i wog native dialogs.obj
 0001:00000060       ??3@YAXPAX0@Z              10001060 f i wog native dialogs.obj
 0001:00000070       ?compare@?$char_traits@D@std@@SAHPBD0I@Z 10001070 f i wog native dialogs.obj
 0001:000000f0       ??0logic_error@std@@QAE@ABV?$basic_string@DU?$char_traits@D@std@@V?$allocator@D@2@@1@@Z 100010f0 f i wog native dialogs.obj
 0001:00000160       ??1logic_error@std@@UAE@XZ 10001160 f i wog native dialogs.obj
 0001:00000160       ??1length_error@std@@UAE@XZ 10001160 f i wog native dialogs.obj
 0001:000001a0       ?what@logic_error@std@@UBEPBDXZ 100011a0 f i wog native dialogs.obj
 0001:000001b0       ??_Glength_error@std@@UAEPAXI@Z 100011b0 f i wog native dialogs.obj
 0001:000001b0       ??_Glogic_error@std@@UAEPAXI@Z 100011b0 f i wog native dialogs.obj
 0001:000001b0       ??_Elength_error@std@@UAEPAXI@Z 100011b0 f i  CIL library: CIL module
 0001:000001b0       ??_Elogic_error@std@@UAEPAXI@Z 100011b0 f i  CIL library: CIL module
 0001:00000200       ??0length_error@std@@QAE@ABV?$basic_string@DU?$char_traits@D@std@@V?$allocator@D@2@@1@@Z 10001200 f i wog native dialogs.obj
 0001:00000220       ??0logic_error@std@@QAE@ABV01@@Z 10001220 f i wog native dialogs.obj
 0001:000002a0       ?Redraw@_Dlg_@@QAEXH@Z     100012a0 f i wog native dialogs.obj
 0001:000002c0       ?AddItem@_Dlg_@@QAEXPAU_DlgItem_@@@Z 100012c0 f i wog native dialogs.obj
 0001:000002f0       ?Create@_DlgStaticPcx8_@@SAPAU1@HHHHHPAD@Z 100012f0 f i wog native dialogs.obj
 0001:00000330       ?Create@_DlgStaticPcx8_@@SAPAU1@HHHPAD@Z 10001330 f i wog native dialogs.obj
 0001:00000380       ?Create@_DlgStaticDef_@@SAPAU1@HHHPADHHH@Z 10001380 f i wog native dialogs.obj
 0001:000003e0       ?Create@_DlgStaticPcx16_@@SAPAU1@HHHHHPADI@Z 100013e0 f i wog native dialogs.obj
 0001:00000420       ?Create@_DlgButton_@@SAPAU1@HHHPADHHHH@Z 10001420 f i wog native dialogs.obj
 0001:00000470       ?Create@_DlgTextButton_@@SAPAU1@HHHPAD00HHHHH@Z 10001470 f i wog native dialogs.obj
 0001:000004d0       ?b_MsgBox@@YAHPADH@Z       100014d0 f i wog native dialogs.obj
 0001:00000500       ?b_MsgBoxD@@YAHPADHHH@Z    10001500 f i wog native dialogs.obj
 0001:00000540       ?GetHero@_GameMgr_@@QAEPAU_Hero_@@H@Z 10001540 f i wog native dialogs.obj
 0001:00000570       ?Get_ITxtExp@@YAPADH@Z     10001570 f i wog native dialogs.obj
 0001:00000590       ?Y_Mouse_SetCursor@@YAXH@Z 10001590 f   wog native dialogs.obj
 0001:00000620       ?Set_DlgBackground_RK@@YAHPAU_Dlg_@@HH@Z 10001620 f   wog native dialogs.obj
 0001:00000bd0       ?b_MsgBoxAndDef@@YAXPADH0@Z 10001bd0 f   wog native dialogs.obj
 0001:00000e00       ?b_MsgBoxAndPcx8@@YAXPAD0H@Z 10001e00 f   wog native dialogs.obj
 0001:00001180       ?b_MsgBoxBig@@YAXPADD@Z    10002180 f   wog native dialogs.obj
 0001:000012c0       ?Y_MsgBoxAndAnimatedDef_Proc@@YGHPAV_CustomDlg_@@PAU_DlgMsg_@@@Z 100022c0 f   wog native dialogs.obj
 0001:00001340       ?b_MsgBoxAndAnimatedDef@@YAXPAD0@Z 10002340 f   wog native dialogs.obj
 0001:000016b0       ?e_ClickSound@@YAXXZ       100026b0 f i wog native dialogs.obj
 0001:00001700       ?ConnectEra@Era@@YAXXZ     10002700 f   wog native dialogs.obj
 0001:00001a40       ?F_MsgBox_OnlyTwoFirstItemsExist@@YAHPAU_Dlg_@@@Z 10002a40 f   wog native dialogs.obj
 0001:00001a90       ?F_MsgBox_ResetYellowFrames@@YAHPAU_Dlg_@@H@Z 10002a90 f   wog native dialogs.obj
 0001:00001ae0       ?F_MsgBox_Return@@YAHPAU_DlgMsg_@@H@Z 10002ae0 f   wog native dialogs.obj
 0001:00001b10       ?Y_New_MsgBox_GetNextItem@@YAHHH@Z 10002b10 f   wog native dialogs.obj
 0001:00001c40       ?Y_New_MsgBox_Proc@@YGHPAVHiHook@@PAU_DlgMsg_@@@Z 10002c40 f   wog native dialogs.obj
 0001:00001ec0       ?Y_New_MsgBox_SetDefaultFrameEnabled@@YGHPAVLoHook@@PAUHookContext@@@Z 10002ec0 f   wog native dialogs.obj
 0001:00001f70       ?Y_New_MsgBox_GetBitMask@@YGHPAVHiHook@@PAU_GameMgr_@@@Z 10002f70 f   wog native dialogs.obj
 0001:00001fe0       ?Dlg_MsgBox@@YAXPAVPatcherInstance@@@Z 10002fe0 f   wog native dialogs.obj
 0001:00002070       ?Y_Dlg_WoGMessage@@YGHPAVHiHook@@PAD1111@Z 10003070 f   wog native dialogs.obj
 0001:00002230       ?Y_WoG_PicDlg_Pcx8@@YGXPAVHiHook@@PAD1@Z 10003230 f   wog native dialogs.obj
 0001:000024d0       ?Y_WoG_PicDlg_Def@@YGXPAVHiHook@@PAD1@Z 100034d0 f   wog native dialogs.obj
 0001:00002770       ?Dlg_WoGMessageBox@@YAXPAVPatcherInstance@@@Z 10003770 f   wog native dialogs.obj
 0001:000027d0       ?Dlg_ChangeBmp@@YAXPAVPatcherInstance@@@Z 100037d0 f   wog native dialogs.obj
 0001:000035e0       ?Y_New_CommanderDlg_Proc@@YGHPAV_CustomDlg_@@PAU_DlgMsg_@@@Z 100045e0 f   wog native dialogs.obj
 0001:00003d70       ?Y_Dlg_NPC_Show@@YGHPAVHiHook@@PAU_DlgNPC_@@@Z 10004d70 f   wog native dialogs.obj
 0001:00005480       ?Y_Dlg_NPC_Prepare@@YGXPAVHiHook@@PAU_Npc_@@HHH@Z 10006480 f   wog native dialogs.obj
 0001:000054c0       ?Y_Dlg_NPC_ShowAgain_IfGetArtHero@@YGHPAVLoHook@@PAUHookContext@@@Z 100064c0 f   wog native dialogs.obj
 0001:000054e0       ?Y_HeroDlg_Create@@YGPAV_CustomDlg_@@PAVHiHook@@PAV1@@Z 100064e0 f   wog native dialogs.obj
 0001:00005540       ?Y_HeroDlg_Proc@@YGHPAVHiHook@@PAV_CustomDlg_@@PAU_DlgMsg_@@@Z 10006540 f   wog native dialogs.obj
 0001:000057b0       ?Dlg_NPC@@YAXPAVPatcherInstance@@@Z 100067b0 f   wog native dialogs.obj
 0001:00005840       ?New_Dlg_ExpaMon_Case8@@YAHH@Z 10006840 f   wog native dialogs.obj
 0001:000061a0       ?New_Dlg_ExpaMon_BannerDlg_Proc@@YGHPAV_CustomDlg_@@PAU_DlgMsg_@@@Z 100071a0 f   wog native dialogs.obj
 0001:00006270       ?New_Dlg_ExpaMon_BannerDlg@@YAHXZ 10007270 f   wog native dialogs.obj
 0001:00006670       ?New_Dlg_ExpaMon_Proc@@YGHPAV_CustomDlg_@@PAU_DlgMsg_@@@Z 10007670 f   wog native dialogs.obj
 0001:00006aa0       ?Y_NewDlg_CreatureExpo@@YGHPAVHiHook@@PAU_CreatureExpo_@@@Z 10007aa0 f   wog native dialogs.obj
 0001:00007670       ?Y_WoGCurseDlg_Proc@@YGHPAV_CustomDlg_@@PAU_DlgMsg_@@@Z 10008670 f   wog native dialogs.obj
 0001:00007770       ?Y_WoGCurseDlg_Show@@YGHPAVLoHook@@PAUHookContext@@@Z 10008770 f   wog native dialogs.obj
 0001:00007b10       ?Y_WoGDlg_ChooseArt_Proc@@YGHPAV_CustomDlg_@@PAU_DlgMsg_@@@Z 10008b10 f   wog native dialogs.obj
 0001:00007e00       ?Y_WoGDlg_ChooseArt@@YGHPAVHiHook@@HPAU_Hero_@@H@Z 10008e00 f   wog native dialogs.obj
 0001:00008480       ?WoG_PlaceCreature_RMC_Crtl@@YGHPAVLoHook@@PAUHookContext@@@Z 10009480 f   wog native dialogs.obj
 0001:000084b0       _UseWin32InputControl      100094b0 f   wog native dialogs.obj
 0001:000084d0       ?IsSupportedFormatImage@@YAHPAD@Z 100094d0 f   wog native dialogs.obj
 0001:000087b0       ?New_Dlg_CustomReq_Proc@@YGHPAV_CustomDlg_@@PAU_DlgMsg_@@@Z 100097b0 f   wog native dialogs.obj
 0001:00008970       ?New_Dlg_CustomReq@@YAHPAU_Sphinx1_@@@Z 10009970 f   wog native dialogs.obj
 0001:00009bd0       ?Y_Dlg_CustomReq@@YGHPAVHiHook@@HHPAPAD@Z 1000abd0 f   wog native dialogs.obj
 0001:00009ea0       ?Y_WoGDlg_SphinxReq@@YGHPAVHiHook@@H@Z 1000aea0 f   wog native dialogs.obj
 0001:0000a030       ?Y_Dlg_QuickDialog@@YGHPAVHiHook@@PAU_Sphinx1_@@@Z 1000b030 f   wog native dialogs.obj
 0001:0000a0c0       ?Y_Dlg_CustomPic@@YGHPAVHiHook@@HH@Z 1000b0c0 f   wog native dialogs.obj
 0001:0000a420       ?Dlg_Sphinx@@YAXPAVPatcherInstance@@@Z 1000b420 f   wog native dialogs.obj
 0001:0000a4e0       ?New_Dlg_IF_G_Proc@@YGHPAV_CustomDlg_@@PAU_DlgMsg_@@@Z 1000b4e0 f   wog native dialogs.obj
 0001:0000a600       ?New_Dlg_IF_G@@YAHPAU_CheckBoxes_@@@Z 1000b600 f   wog native dialogs.obj
 0001:0000aa50       ?New_Dlg_IF_G_Lo@@YGHPAVLoHook@@PAUHookContext@@@Z 1000ba50 f   wog native dialogs.obj
 0001:0000aab0       ?Dlg_IFG@@YAXPAVPatcherInstance@@@Z 1000bab0 f   wog native dialogs.obj
 0001:0000ab00       ?Dlg_ChooseMonAttack_Proc@@YGHPAV_CustomDlg_@@PAU_DlgMsg_@@@Z 1000bb00 f   wog native dialogs.obj
 0001:0000ab40       ?Dlg_ChooseMonAttack@@YGHPAVHiHook@@HHH@Z 1000bb40 f   wog native dialogs.obj
 0001:0000ae20       ?Y_NewScenarioDlg_SetScrolledShoose@@YAHPAU_NewScenarioDlg_@@PAU_DlgMsg_@@@Z 1000be20 f   wog native dialogs.obj
 0001:0000aeb0       ?Redraw_WoGDlgSetup_ElemOnPage@@YAHPAV_CustomDlg_@@PAU_DlgSetup_@@H@Z 1000beb0 f   wog native dialogs.obj
 0001:0000b0a0       ?ShowHide_WoGDlgSetup_ElemOnPage@@YAHPAV_CustomDlg_@@HPAU_DlgSetup_@@H@Z 1000c0a0 f   wog native dialogs.obj
 0001:0000b290       ?Create_WoGDlgSetup_ElemOnPage@@YAHPAV_CustomDlg_@@HPAU_DlgSetup_@@@Z 1000c290 f   wog native dialogs.obj
 0001:0000b680       ?setYellowFrames@@YAXPAV_CustomDlg_@@H@Z 1000c680 f   wog native dialogs.obj
 0001:0000c1e0       ?Dlg_WoG_Options_Proc@@YGHPAV_CustomDlg_@@PAU_DlgMsg_@@@Z 1000d1e0 f   wog native dialogs.obj
 0001:0000c930       ?Dlg_WoG_Options_Show@@YGXPAVHiHook@@H@Z 1000d930 f   wog native dialogs.obj
 0001:0000ce80       ?Y_NewScenarioDlg_Proc@@YGHPAVHiHook@@PAU_NewScenarioDlg_@@PAU_DlgMsg_@@@Z 1000de80 f   wog native dialogs.obj
 0001:0000cf10       ?Y_NewScenarioDlg_BlockScrollBar@@YGHPAVHiHook@@PAX@Z 1000df10 f   wog native dialogs.obj
 0001:0000cf40       ?Y_NewScenarioDlg_Create@@YGXPAVHiHook@@PAU_NewScenarioDlg_@@H@Z 1000df40 f   wog native dialogs.obj
 0001:0000cfa0       ?Dlg_WoGOptions@@YAXPAVPatcherInstance@@@Z 1000dfa0 f   wog native dialogs.obj
 0001:0000d050       ?IsNeedUseJsonString@@YAXXZ 1000e050 f   wog native dialogs.obj
 0001:0000d280       ?SetupJsonText@@YAXPAPADPBD@Z 1000e280 f   wog native dialogs.obj
 0001:0000d3e0       ?WOG_ProcessAll@@YGXPAVHiHook@@@Z 1000e3e0 f   wog native dialogs.obj
 0001:0000d7f0       ?Dlg_SaveDatFile1@@YGHPAVLoHook@@PAUHookContext@@@Z 1000e7f0 f   wog native dialogs.obj
 0001:0000d830       ?Dlg_LoadDatFile1@@YGHPAVLoHook@@PAUHookContext@@@Z 1000e830 f   wog native dialogs.obj
 0001:0000d870       ?WoGOptionsStrings@@YAXPAVPatcherInstance@@@Z 1000e870 f   wog native dialogs.obj
 0001:0000d8d0       ?Dlg_ChooseCastleReBuild_Proc@@YGHPAV_CustomDlg_@@PAU_DlgMsg_@@@Z 1000e8d0 f   wog native dialogs.obj
 0001:0000da20       ?Dlg_ChooseCastleReBuild@@YAHXZ 1000ea20 f   wog native dialogs.obj
 0001:0000dfe0       ?HiHook_Dlg_ChooseCastleReBuild@@YGHPAVHiHook@@@Z 1000efe0 f   wog native dialogs.obj
 0001:0000dff0       ?LoHook_Dlg_ChooseCastleReBuild@@YGHPAVLoHook@@PAUHookContext@@@Z 1000eff0 f   wog native dialogs.obj
 0001:0000e020       ?Y_Dlg_HeroLvlUp_Proc@@YGHPAVHiHook@@HPAU_DlgMsg_@@@Z 1000f020 f   wog native dialogs.obj
 0001:0000e110       ?Y_Lo_Dlg_HeroLvlUp_Create@@YGHPAVLoHook@@PAUHookContext@@@Z 1000f110 f   wog native dialogs.obj
 0001:0000e130       ?Y_BATTLE_Proc@@YGHPAVHiHook@@PAU_BattleMgr_@@PAU_DlgMsg_@@@Z 1000f130 f   wog native dialogs.obj
 0001:0000e280       ?Y_EndBattle@@YGHPAVLoHook@@PAUHookContext@@@Z 1000f280 f   wog native dialogs.obj
 0001:0000e340       ?StartHD5Functions@@YAXXZ  1000f340 f   wog native dialogs.obj
 0001:0000e3b0       ?HD5_Functions@@YAXPAVPatcherInstance@@@Z 1000f3b0 f   wog native dialogs.obj
 0001:0000e400       ?NewBattleLogDlg_Proc@@YGHPAV_CustomDlg_@@PAU_DlgMsg_@@@Z 1000f400 f   wog native dialogs.obj
 0001:0000e440       ?CreateNewBattleLogDlg@@YAXPAU_BattleMgr_@@@Z 1000f440 f   wog native dialogs.obj
 0001:0000e970       ?BattleLog_Proc@@YGHPAVHiHook@@PAU_BattleMgr_@@PAU_DlgMsg_@@@Z 1000f970 f   wog native dialogs.obj
 0001:0000e9d0       ?BattleLog_ReportNewRound@@YGXPAVHiHook@@IPBDHD@Z 1000f9d0 f   wog native dialogs.obj
 0001:0000ea20       ?expandFilePath@fsman@@YA?AV?$basic_string@DU?$char_traits@D@std@@V?$allocator@D@2@@std@@ABV23@@Z 1000fa20 f   wog native dialogs.obj
 0001:0000ec70       ?isAbsPath@fsman@@YA_NABV?$basic_string@DU?$char_traits@D@std@@V?$allocator@D@2@@std@@@Z 1000fc70 f   wog native dialogs.obj
 0001:0000ecd0       ?compareCaseInsensitively@fsman@@YA_NABV?$basic_string@DU?$char_traits@D@std@@V?$allocator@D@2@@std@@0@Z 1000fcd0 f   wog native dialogs.obj
 0001:0000edb0       ?sortCaseInsensitively@fsman@@YAXAAV?$vector@V?$basic_string@DU?$char_traits@D@std@@V?$allocator@D@2@@std@@V?$allocator@V?$basic_string@DU?$char_traits@D@std@@V?$allocator@D@2@@std@@@2@@std@@@Z 1000fdb0 f   wog native dialogs.obj
 0001:0000ee10       ??0FsMan@fsman@@QAE@ABV?$basic_string@DU?$char_traits@D@std@@V?$allocator@D@2@@std@@@Z 1000fe10 f   wog native dialogs.obj
 0001:0000eea0       ?expandFilePath@FsMan@fsman@@QAE?AV?$basic_string@DU?$char_traits@D@std@@V?$allocator@D@2@@std@@ABV34@@Z 1000fea0 f   wog native dialogs.obj
 0001:0000efa0       ?changeDirectory@FsMan@fsman@@QAE_NABV?$basic_string@DU?$char_traits@D@std@@V?$allocator@D@2@@std@@@Z 1000ffa0 f   wog native dialogs.obj
 0001:0000f060       ?listDirectories@FsMan@fsman@@QAE?AV?$vector@V?$basic_string@DU?$char_traits@D@std@@V?$allocator@D@2@@std@@V?$allocator@V?$basic_string@DU?$char_traits@D@std@@V?$allocator@D@2@@std@@@2@@std@@XZ 10010060 f   wog native dialogs.obj
 0001:0000f410       ?listFiles@FsMan@fsman@@QAE?AV?$vector@V?$basic_string@DU?$char_traits@D@std@@V?$allocator@D@2@@std@@V?$allocator@V?$basic_string@DU?$char_traits@D@std@@V?$allocator@D@2@@std@@@2@@std@@ABV?$basic_string@DU?$char_traits@D@std@@V?$allocator@D@2@@4@@Z 10010410 f   wog native dialogs.obj
 0001:0000f7d0       ?NewDlg_ChooseFile_ChangeDirectory@@YAHPAV_CustomDlg_@@PAD@Z 100107d0 f   wog native dialogs.obj
 0001:0000f910       ?NewDlg_ChooseFile_FolderOut@@YAHPAV_CustomDlg_@@@Z 10010910 f   wog native dialogs.obj
 0001:0000fb70       ?NewDlg_ChooseFile_FolderIn@@YAHPAV_CustomDlg_@@@Z 10010b70 f   wog native dialogs.obj
 0001:0000fd00       ?NewDlg_ChooseFile_JumpRootFolder@@YAHPAV_CustomDlg_@@@Z 10010d00 f   wog native dialogs.obj
 0001:0000fe80       ?NewDlg_ChooseFile_RedrawFrames@@YAHPAV_CustomDlg_@@PAU_ScrollFiles_@@@Z 10010e80 f   wog native dialogs.obj
 0001:0000fee0       ?NewDlg_ChooseFile_MooveFrameUp@@YAHPAV_CustomDlg_@@@Z 10010ee0 f   wog native dialogs.obj
 0001:0000ffe0       ?NewDlg_ChooseFile_MooveFrameDown@@YAHPAV_CustomDlg_@@@Z 10010fe0 f   wog native dialogs.obj
 0001:000100e0       ?NewDlg_ChooseFile_ScrollProc@@YIXHPAV_CustomDlg_@@@Z 100110e0 f   wog native dialogs.obj
 0001:000106a0       ?NewDlg_ChooseFile_Rebuild@@YGHPAV_CustomDlg_@@@Z 100116a0 f   wog native dialogs.obj
 0001:00010ee0       ?NewDlg_ChooseFile_UdateEditText@@YAHPAV_CustomDlg_@@PAD@Z 10011ee0 f   wog native dialogs.obj
 0001:00010f60       ?NewDlg_ChooseFile_SetTextOnEditTextItem@@YAHPAV_CustomDlg_@@H@Z 10011f60 f   wog native dialogs.obj
 0001:00010fc0       ?NewDlg_ChooseFile_UpdateHintText@@YAXPAV_CustomDlg_@@PAU_DlgMsg_@@@Z 10011fc0 f   wog native dialogs.obj
 0001:00011100       ?NewDlg_ChooseFile_Proc@@YGHPAV_CustomDlg_@@PAU_DlgMsg_@@@Z 10012100 f   wog native dialogs.obj
 0001:000114a0       ?NewDlg_ChooseFile@@YGHPAU_ChooseFile_@@@Z 100124a0 f   wog native dialogs.obj
 0001:00011f80       ?NewDlg_ChooseFile_Prepare@@YAHPAU_ChooseFile_@@@Z 10012f80 f   wog native dialogs.obj
 0001:00012330       ?Dlg_WoG_Options_SaveOrLoad@@YGHPAVHiHook@@PAU_ChooseFile_@@PAD@Z 10013330 f   wog native dialogs.obj
 0001:00012440       ?DlgEdit_IsCorrectInpulSymbol@@YGHPAVHiHook@@PAU_DlgTextEdit_@@PAU_DlgMsg_@@@Z 10013440 f   wog native dialogs.obj
 0001:00012560       ?Y_DlgTown_Proc@@YGHPAVHiHook@@PAU_TownMgr_@@PAU_DlgMsg_@@@Z 10013560 f   wog native dialogs.obj
 0001:000126d0       ?Y_Dlg_HeroesMeet@@YGHPAVLoHook@@PAUHookContext@@@Z 100136d0 f   wog native dialogs.obj
 0001:00012700       ?Y_Battle_SetHintAttackGetDamage@@YGHPAVLoHook@@PAUHookContext@@@Z 10013700 f   wog native dialogs.obj
 0001:00012720       ?GetStringKilled@@YAPADPADPAU_BattleStack_@@@Z 10013720 f   wog native dialogs.obj
 0001:00012850       ?BattleMgr_GetAttackDamage_Hint_LogString@@YGPAU_HStr_@@PAVHiHook@@PAU1@PAU_BattleStack_@@2EH@Z 10013850 f   wog native dialogs.obj
 0001:00012950       ?Y_DlgCreditsSmoothly@@YGHPAVLoHook@@PAUHookContext@@@Z 10013950 f   wog native dialogs.obj
 0001:00012980       ?Y_Dlg_MainMenu_Create@@YGHPAVHiHook@@PAU_Dlg_@@@Z 10013980 f   wog native dialogs.obj
 0001:00012a20       ?OnReportVersion@@YGXPAUTEvent@Era@@@Z 10013a20 f   wog native dialogs.obj
 0001:00012a50       ?Y_LoadAllTXTinGames@@YGHPAVLoHook@@PAUHookContext@@@Z 10013a50 f   wog native dialogs.obj
 0001:00012a70       ?Y_Hook_MainLoop@@YGHPAVLoHook@@PAUHookContext@@@Z 10013a70 f   wog native dialogs.obj
 0001:00012ee0       _DllMain@12                10013ee0 f   wog native dialogs.obj
 0001:00013230       ??0?$basic_string@DU?$char_traits@D@std@@V?$allocator@D@2@@std@@QAE@PBD@Z 10014230 f i wog native dialogs.obj
 0001:00013270       ??0?$basic_string@DU?$char_traits@D@std@@V?$allocator@D@2@@std@@QAE@ABV01@@Z 10014270 f i wog native dialogs.obj
 0001:000132a0       ??1?$basic_string@DU?$char_traits@D@std@@V?$allocator@D@2@@std@@QAE@XZ 100142a0 f i wog native dialogs.obj
 0001:000132d0       ?append@?$basic_string@DU?$char_traits@D@std@@V?$allocator@D@2@@std@@QAEAAV12@PBD@Z 100142d0 f i wog native dialogs.obj
 0001:000132f0       ?erase@?$basic_string@DU?$char_traits@D@std@@V?$allocator@D@2@@std@@QAEAAV12@II@Z 100142f0 f i wog native dialogs.obj
 0001:00013380       ?begin@?$basic_string@DU?$char_traits@D@std@@V?$allocator@D@2@@std@@QAE?AV?$_String_iterator@DU?$char_traits@D@std@@V?$allocator@D@2@@2@XZ 10014380 f i wog native dialogs.obj
 0001:000133e0       ?end@?$basic_string@DU?$char_traits@D@std@@V?$allocator@D@2@@std@@QAE?AV?$_String_iterator@DU?$char_traits@D@std@@V?$allocator@D@2@@2@XZ 100143e0 f i wog native dialogs.obj
 0001:00013440       ?substr@?$basic_string@DU?$char_traits@D@std@@V?$allocator@D@2@@std@@QBE?AV12@II@Z 10014440 f i wog native dialogs.obj
 0001:00013470       ??1?$vector@DV?$allocator@D@std@@@std@@QAE@XZ 10014470 f i wog native dialogs.obj
 0001:000134a0       ??H?$_Vector_iterator@DV?$allocator@D@std@@@std@@QBE?AV01@H@Z 100144a0 f i wog native dialogs.obj
 0001:000134f0       ??0?$vector@DV?$allocator@D@std@@@std@@QAE@XZ 100144f0 f i wog native dialogs.obj
 0001:000134f0       ??0?$vector@V?$basic_string@DU?$char_traits@D@std@@V?$allocator@D@2@@std@@V?$allocator@V?$basic_string@DU?$char_traits@D@std@@V?$allocator@D@2@@std@@@2@@std@@QAE@XZ 100144f0 f i wog native dialogs.obj
 0001:00013550       ??1?$vector@V?$basic_string@DU?$char_traits@D@std@@V?$allocator@D@2@@std@@V?$allocator@V?$basic_string@DU?$char_traits@D@std@@V?$allocator@D@2@@std@@@2@@std@@QAE@XZ 10014550 f i wog native dialogs.obj
 0001:000135a0       ?push_back@?$vector@V?$basic_string@DU?$char_traits@D@std@@V?$allocator@D@2@@std@@V?$allocator@V?$basic_string@DU?$char_traits@D@std@@V?$allocator@D@2@@std@@@2@@std@@QAEXABV?$basic_string@DU?$char_traits@D@std@@V?$allocator@D@2@@2@@Z 100145a0 f i wog native dialogs.obj
 0001:00013650       ??1?$_Vector_val@V?$basic_string@DU?$char_traits@D@std@@V?$allocator@D@2@@std@@V?$allocator@V?$basic_string@DU?$char_traits@D@std@@V?$allocator@D@2@@std@@@2@@std@@QAE@XZ 10014650 f i wog native dialogs.obj
 0001:00013650       ??1?$_Vector_val@DV?$allocator@D@std@@@std@@QAE@XZ 10014650 f i wog native dialogs.obj
 0001:00013660       ?append@?$basic_string@DU?$char_traits@D@std@@V?$allocator@D@2@@std@@QAEAAV12@PBDI@Z 10014660 f i wog native dialogs.obj
 0001:00013770       ?assign@?$basic_string@DU?$char_traits@D@std@@V?$allocator@D@2@@std@@QAEAAV12@ABV12@II@Z 10014770 f i wog native dialogs.obj
 0001:00013850       ?assign@?$basic_string@DU?$char_traits@D@std@@V?$allocator@D@2@@std@@QAEAAV12@PBDI@Z 10014850 f i wog native dialogs.obj
 0001:00013930       ?find_last_of@?$basic_string@DU?$char_traits@D@std@@V?$allocator@D@2@@std@@QBEIPBDII@Z 10014930 f i wog native dialogs.obj
 0001:000139d0       ?_Myptr@?$basic_string@DU?$char_traits@D@std@@V?$allocator@D@2@@std@@IBEPBDXZ 100149d0 f i wog native dialogs.obj
 0001:000139e0       ?resize@?$vector@DV?$allocator@D@std@@@std@@QAEXID@Z 100149e0 f i wog native dialogs.obj
 0001:00013ab0       ?_Ufill@?$vector@DV?$allocator@D@std@@@std@@IAEPADPADIABD@Z 10014ab0 f i wog native dialogs.obj
 0001:00013ae0       ?insert@?$vector@V?$basic_string@DU?$char_traits@D@std@@V?$allocator@D@2@@std@@V?$allocator@V?$basic_string@DU?$char_traits@D@std@@V?$allocator@D@2@@std@@@2@@std@@QAE?AV?$_Vector_iterator@V?$basic_string@DU?$char_traits@D@std@@V?$allocator@D@2@@std@@V?$allocator@V?$basic_string@DU?$char_traits@D@std@@V?$allocator@D@2@@std@@@2@@2@V?$_Vector_const_iterator@V?$basic_string@DU?$char_traits@D@std@@V?$allocator@D@2@@std@@V?$allocator@V?$basic_string@DU?$char_traits@D@std@@V?$allocator@D@2@@std@@@2@@2@ABV?$basic_string@DU?$char_traits@D@std@@V?$allocator@D@2@@2@@Z 10014ae0 f i wog native dialogs.obj
 0001:00013bc0       ?_Ufill@?$vector@V?$basic_string@DU?$char_traits@D@std@@V?$allocator@D@2@@std@@V?$allocator@V?$basic_string@DU?$char_traits@D@std@@V?$allocator@D@2@@std@@@2@@std@@IAEPAV?$basic_string@DU?$char_traits@D@std@@V?$allocator@D@2@@2@PAV32@IABV32@@Z 10014bc0 f i wog native dialogs.obj
 0001:00013bf0       ?append@?$basic_string@DU?$char_traits@D@std@@V?$allocator@D@2@@std@@QAEAAV12@ABV12@II@Z 10014bf0 f i wog native dialogs.obj
 0001:00013ce0       ?_Grow@?$basic_string@DU?$char_traits@D@std@@V?$allocator@D@2@@std@@IAE_NI_N@Z 10014ce0 f i wog native dialogs.obj
 0001:00013da0       ?allocate@?$allocator@D@std@@QAEPADI@Z 10014da0 f i wog native dialogs.obj
 0001:00013e00       ?erase@?$vector@DV?$allocator@D@std@@@std@@QAE?AV?$_Vector_iterator@DV?$allocator@D@std@@@2@V?$_Vector_const_iterator@DV?$allocator@D@std@@@2@0@Z 10014e00 f i wog native dialogs.obj
 0001:00013e90       ?_Insert_n@?$vector@DV?$allocator@D@std@@@std@@IAEXV?$_Vector_const_iterator@DV?$allocator@D@std@@@2@IABD@Z 10014e90 f i wog native dialogs.obj
 0001:00014050       ?_Insert_n@?$vector@V?$basic_string@DU?$char_traits@D@std@@V?$allocator@D@2@@std@@V?$allocator@V?$basic_string@DU?$char_traits@D@std@@V?$allocator@D@2@@std@@@2@@std@@IAEXV?$_Vector_const_iterator@V?$basic_string@DU?$char_traits@D@std@@V?$allocator@D@2@@std@@V?$allocator@V?$basic_string@DU?$char_traits@D@std@@V?$allocator@D@2@@std@@@2@@2@IABV?$basic_string@DU?$char_traits@D@std@@V?$allocator@D@2@@2@@Z 10015050 f i wog native dialogs.obj
 0001:000143a0       ?_Xlen@?$vector@DV?$allocator@D@std@@@std@@KAXXZ 100153a0 f i wog native dialogs.obj
 0001:000143a0       ?_Xlen@?$vector@V?$basic_string@DU?$char_traits@D@std@@V?$allocator@D@2@@std@@V?$allocator@V?$basic_string@DU?$char_traits@D@std@@V?$allocator@D@2@@std@@@2@@std@@KAXXZ 100153a0 f i wog native dialogs.obj
 0001:00014420       ?allocate@?$allocator@V?$basic_string@DU?$char_traits@D@std@@V?$allocator@D@2@@std@@@std@@QAEPAV?$basic_string@DU?$char_traits@D@std@@V?$allocator@D@2@@2@I@Z 10015420 f i wog native dialogs.obj
 0001:00014480       ??0length_error@std@@QAE@ABV01@@Z 10015480 f i wog native dialogs.obj
 0001:000144a0       ?_Copy@?$basic_string@DU?$char_traits@D@std@@V?$allocator@D@2@@std@@IAEXII@Z 100154a0 f i wog native dialogs.obj
 0001:00014610       ??$transform@V?$_String_iterator@DU?$char_traits@D@std@@V?$allocator@D@2@@std@@V12@P6AHH@Z@std@@YA?AV?$_String_iterator@DU?$char_traits@D@std@@V?$allocator@D@2@@0@V10@00P6AHH@Z@Z 10015610 f i wog native dialogs.obj
 0001:00014670       ??$?8DU?$char_traits@D@std@@V?$allocator@D@1@@std@@YA_NABV?$basic_string@DU?$char_traits@D@std@@V?$allocator@D@2@@0@PBD@Z 10015670 f i wog native dialogs.obj
 0001:000146d0       ??$?8DU?$char_traits@D@std@@V?$allocator@D@1@@std@@YA_NABV?$basic_string@DU?$char_traits@D@std@@V?$allocator@D@2@@0@0@Z 100156d0 f i wog native dialogs.obj
 0001:00014740       ??$?0V?$_Vector_iterator@DV?$allocator@D@std@@@std@@@?$basic_string@DU?$char_traits@D@std@@V?$allocator@D@2@@std@@QAE@V?$_Vector_iterator@DV?$allocator@D@std@@@1@0@Z 10015740 f i wog native dialogs.obj
 0001:00014780       ??$?HDU?$char_traits@D@std@@V?$allocator@D@1@@std@@YA?AV?$basic_string@DU?$char_traits@D@std@@V?$allocator@D@2@@0@ABV10@PBD@Z 10015780 f i wog native dialogs.obj
 0001:00014830       ??$?HDU?$char_traits@D@std@@V?$allocator@D@1@@std@@YA?AV?$basic_string@DU?$char_traits@D@std@@V?$allocator@D@2@@0@ABV10@0@Z 10015830 f i wog native dialogs.obj
 0001:000148e0       ??$VarValue@H@Patcher@@QAEAAHPAD@Z 100158e0 f i wog native dialogs.obj
 0001:00014920       ??$_Umove@PAV?$basic_string@DU?$char_traits@D@std@@V?$allocator@D@2@@std@@@?$vector@V?$basic_string@DU?$char_traits@D@std@@V?$allocator@D@2@@std@@V?$allocator@V?$basic_string@DU?$char_traits@D@std@@V?$allocator@D@2@@std@@@2@@std@@IAEPAV?$basic_string@DU?$char_traits@D@std@@V?$allocator@D@2@@1@PAV21@00@Z 10015920 f i wog native dialogs.obj
 0001:00014950       ??$fill@PAV?$basic_string@DU?$char_traits@D@std@@V?$allocator@D@2@@std@@V12@@std@@YAXPAV?$basic_string@DU?$char_traits@D@std@@V?$allocator@D@2@@0@0ABV10@@Z 10015950 f i wog native dialogs.obj
 0001:00014980       ??$_Unchecked_move_backward@PAV?$basic_string@DU?$char_traits@D@std@@V?$allocator@D@2@@std@@PAV12@@stdext@@YAPAV?$basic_string@DU?$char_traits@D@std@@V?$allocator@D@2@@std@@PAV12@00@Z 10015980 f i wog native dialogs.obj
 0001:000149e0       ??0bad_alloc@std@@QAE@ABV01@@Z 100159e0 f i wog native dialogs.obj
 0001:00014a00       ??$_Construct@V?$_Vector_iterator@DV?$allocator@D@std@@@std@@@?$basic_string@DU?$char_traits@D@std@@V?$allocator@D@2@@std@@QAEXV?$_Vector_iterator@DV?$allocator@D@std@@@1@0Uforward_iterator_tag@1@@Z 10015a00 f i wog native dialogs.obj
 0001:00014b50       ??$_Sort@PAV?$basic_string@DU?$char_traits@D@std@@V?$allocator@D@2@@std@@HP6A_NABV12@0@Z@std@@YAXPAV?$basic_string@DU?$char_traits@D@std@@V?$allocator@D@2@@0@0HP6A_NABV10@1@Z@Z 10015b50 f i wog native dialogs.obj
 0001:00014ca0       ??$_Uninit_fill_n@PAV?$basic_string@DU?$char_traits@D@std@@V?$allocator@D@2@@std@@IV12@V?$allocator@V?$basic_string@DU?$char_traits@D@std@@V?$allocator@D@2@@std@@@2@@std@@YAXPAV?$basic_string@DU?$char_traits@D@std@@V?$allocator@D@2@@0@IABV10@AAV?$allocator@V?$basic_string@DU?$char_traits@D@std@@V?$allocator@D@2@@std@@@0@U_Nonscalar_ptr_iterator_tag@0@U_Range_checked_iterator_tag@0@@Z 10015ca0 f i wog native dialogs.obj
 0001:00014d40       ??$_Destroy_range@V?$allocator@V?$basic_string@DU?$char_traits@D@std@@V?$allocator@D@2@@std@@@std@@@std@@YAXPAV?$basic_string@DU?$char_traits@D@std@@V?$allocator@D@2@@0@0AAV?$allocator@V?$basic_string@DU?$char_traits@D@std@@V?$allocator@D@2@@std@@@0@U_Nonscalar_ptr_iterator_tag@0@@Z 10015d40 f i wog native dialogs.obj
 0001:00014d80       ?append@?$basic_string@DU?$char_traits@D@std@@V?$allocator@D@2@@std@@QAEAAV12@ID@Z 10015d80 f i wog native dialogs.obj
 0001:00014e10       ??H?$_String_iterator@DU?$char_traits@D@std@@V?$allocator@D@2@@std@@QBE?AV01@H@Z 10015e10 f i wog native dialogs.obj
 0001:00014e80       ?destroy@?$allocator@V?$basic_string@DU?$char_traits@D@std@@V?$allocator@D@2@@std@@@std@@QAEXPAV?$basic_string@DU?$char_traits@D@std@@V?$allocator@D@2@@2@@Z 10015e80 f i wog native dialogs.obj
 0001:00014e80       ??1FsMan@fsman@@QAE@XZ     10015e80 f i wog native dialogs.obj
 0001:00014eb0       ??$_Unguarded_partition@PAV?$basic_string@DU?$char_traits@D@std@@V?$allocator@D@2@@std@@P6A_NABV12@0@Z@std@@YA?AU?$pair@PAV?$basic_string@DU?$char_traits@D@std@@V?$allocator@D@2@@std@@PAV12@@0@PAV?$basic_string@DU?$char_traits@D@std@@V?$allocator@D@2@@0@0P6A_NABV20@1@Z@Z 10015eb0 f i wog native dialogs.obj
 0001:00015350       ??$_Uninit_move@PAV?$basic_string@DU?$char_traits@D@std@@V?$allocator@D@2@@std@@PAV12@V?$allocator@V?$basic_string@DU?$char_traits@D@std@@V?$allocator@D@2@@std@@@2@@std@@YAPAV?$basic_string@DU?$char_traits@D@std@@V?$allocator@D@2@@0@PAV10@00AAV?$allocator@V?$basic_string@DU?$char_traits@D@std@@V?$allocator@D@2@@std@@@0@U_Swap_move_tag@0@U_Range_checked_iterator_tag@0@@Z 10016350 f i wog native dialogs.obj
 0001:00015490       ??$_Move_backward_opt@PAV?$basic_string@DU?$char_traits@D@std@@V?$allocator@D@2@@std@@PAV12@Uforward_iterator_tag@2@@std@@YAPAV?$basic_string@DU?$char_traits@D@std@@V?$allocator@D@2@@0@PAV10@00Uforward_iterator_tag@0@U_Swap_move_tag@0@U_Range_checked_iterator_tag@0@@Z 10016490 f i wog native dialogs.obj
 0001:00015520       ??$_Median@PAV?$basic_string@DU?$char_traits@D@std@@V?$allocator@D@2@@std@@P6A_NABV12@0@Z@std@@YAXPAV?$basic_string@DU?$char_traits@D@std@@V?$allocator@D@2@@0@00P6A_NABV10@1@Z@Z 10016520 f i wog native dialogs.obj
 0001:00015700       ??$_Make_heap@PAV?$basic_string@DU?$char_traits@D@std@@V?$allocator@D@2@@std@@HV12@P6A_NABV12@0@Z@std@@YAXPAV?$basic_string@DU?$char_traits@D@std@@V?$allocator@D@2@@0@0P6A_NABV10@1@ZPAH0@Z 10016700 f i wog native dialogs.obj
 0001:00015780       ??$_Sort_heap@PAV?$basic_string@DU?$char_traits@D@std@@V?$allocator@D@2@@std@@P6A_NABV12@0@Z@std@@YAXPAV?$basic_string@DU?$char_traits@D@std@@V?$allocator@D@2@@0@0P6A_NABV10@1@Z@Z 10016780 f i wog native dialogs.obj
 0001:00015810       ??$_Insertion_sort1@PAV?$basic_string@DU?$char_traits@D@std@@V?$allocator@D@2@@std@@P6A_NABV12@0@ZV12@@std@@YAXPAV?$basic_string@DU?$char_traits@D@std@@V?$allocator@D@2@@0@0P6A_NABV10@1@Z0@Z 10016810 f i wog native dialogs.obj
 0001:00015960       ??$_Adjust_heap@PAV?$basic_string@DU?$char_traits@D@std@@V?$allocator@D@2@@std@@HV12@P6A_NABV12@0@Z@std@@YAXPAV?$basic_string@DU?$char_traits@D@std@@V?$allocator@D@2@@0@HHV10@P6A_NABV10@2@Z@Z 10016960 f i wog native dialogs.obj
 0001:00015a90       ?swap@?$basic_string@DU?$char_traits@D@std@@V?$allocator@D@2@@std@@QAEXAAV12@@Z 10016a90 f i wog native dialogs.obj
 0001:00015b10       ??$_Push_heap@PAV?$basic_string@DU?$char_traits@D@std@@V?$allocator@D@2@@std@@HV12@P6A_NABV12@0@Z@std@@YAXPAV?$basic_string@DU?$char_traits@D@std@@V?$allocator@D@2@@0@HHV10@P6A_NABV10@2@Z@Z 10016b10 f i wog native dialogs.obj
 0001:00015bf0       ??$_Pop_heap@PAV?$basic_string@DU?$char_traits@D@std@@V?$allocator@D@2@@std@@HV12@P6A_NABV12@0@Z@std@@YAXPAV?$basic_string@DU?$char_traits@D@std@@V?$allocator@D@2@@0@00V10@P6A_NABV10@2@ZPAH@Z 10016bf0 f i wog native dialogs.obj
 0001:00015ca0       ?RedrawScreen@_DlgItem_@@QAEXXZ 10016ca0 f   HoMM3_GUI.obj
 0001:00015cd0       ?Create@_CustomDlg_@@SAPAV1@HHHHIP6GHPAV1@PAU_DlgMsg_@@@Z@Z 10016cd0 f   HoMM3_GUI.obj
 0001:00015d50       ?DlgProcBridge@_CustomDlg_@@SIHPAV1@IPAU_DlgMsg_@@@Z 10016d50 f   HoMM3_GUI.obj
 0001:00015d69       ??0out_of_range@std@@QAE@ABV?$basic_string@DU?$char_traits@D@std@@V?$allocator@D@2@@1@@Z 10016d69 f i libcpmt:string.obj
 0001:00015d86       ??1out_of_range@std@@UAE@XZ 10016d86 f i libcpmt:string.obj
 0001:00015d91       ??_Eout_of_range@std@@UAEPAXI@Z 10016d91 f i libcpmt:string.obj
 0001:00015d91       ??_Gout_of_range@std@@UAEPAXI@Z 10016d91 f i libcpmt:string.obj
 0001:00015db8       ?_Xlen@_String_base@std@@SAXXZ 10016db8 f   libcpmt:string.obj
 0001:00015df0       ?_Xran@_String_base@std@@SAXXZ 10016df0 f   libcpmt:string.obj
 0001:00015e28       ??0out_of_range@std@@QAE@ABV01@@Z 10016e28 f i libcpmt:string.obj
 0001:00015e45       @__security_check_cookie@4 10016e45 f   LIBCMT:secchk.obj
 0001:00015e54       _memmove_s                 10016e54 f   LIBCMT:memmove_s.obj
 0001:00015eb1       _sprintf                   10016eb1 f   LIBCMT:sprintf.obj
 0001:00015f2e       ??0exception@std@@QAE@XZ   10016f2e f   LIBCMT:stdexcpt.obj
 0001:00015f3f       ??0exception@std@@QAE@ABQBD@Z 10016f3f f   LIBCMT:stdexcpt.obj
 0001:00015f92       ??0exception@std@@QAE@ABQBDH@Z 10016f92 f   LIBCMT:stdexcpt.obj
 0001:00015faf       ??0exception@std@@QAE@ABV01@@Z 10016faf f   LIBCMT:stdexcpt.obj
 0001:0001600c       ??1exception@std@@UAE@XZ   1001700c f   LIBCMT:stdexcpt.obj
 0001:00016022       ?what@exception@std@@UBEPBDXZ 10017022 f   LIBCMT:stdexcpt.obj
 0001:0001602f       ??_Gexception@std@@UAEPAXI@Z 1001702f f i LIBCMT:stdexcpt.obj
 0001:0001602f       ??_Eexception@std@@UAEPAXI@Z 1001702f f i LIBCMT:stdexcpt.obj
 0001:00016050       _free                      10017050 f   LIBCMT:free.obj
 0001:000160e0       _memchr                    100170e0 f   LIBCMT:memchr.obj
 0001:0001618d       ??0_LocaleUpdate@@QAE@PAUlocaleinfo_struct@@@Z 1001718d f i LIBCMT:tolower.obj
 0001:00016214       __tolower_l                10017214 f   LIBCMT:tolower.obj
 0001:00016329       _tolower                   10017329 f   LIBCMT:tolower.obj
 0001:00016355       __initp_misc_invarg        10017355 f   LIBCMT:invarg.obj
 0001:00016364       __invoke_watson            10017364 f   LIBCMT:invarg.obj
 0001:0001648c       __invalid_parameter        1001748c f   LIBCMT:invarg.obj
 0001:000164b2       __invalid_parameter_noinfo 100174b2 f   LIBCMT:invarg.obj
 0001:000164c2       ??3@YAXPAX@Z               100174c2 f   LIBCMT:delete.obj
 0001:000164cd       _memcpy_s                  100174cd f   LIBCMT:memcpy_s.obj
 0001:0001654a       ??1type_info@@UAE@XZ       1001754a f   LIBCMT:typinfo.obj
 0001:0001655a       ??_Gtype_info@@UAEPAXI@Z   1001755a f i LIBCMT:typinfo.obj
 0001:0001655a       ??_Etype_info@@UAEPAXI@Z   1001755a f i LIBCMT:typinfo.obj
 0001:0001657b       ??8type_info@@QBE_NABV0@@Z 1001757b f   LIBCMT:typinfo.obj
 0001:0001659b       ??0bad_alloc@std@@QAE@XZ   1001759b f i LIBCMT:new.obj
 0001:000165b6       ??2@YAPAXI@Z               100175b6 f   LIBCMT:new.obj
 0001:0001661b       __CRT_INIT@12              1001761b f   LIBCMT:dllcrt0.obj
 0001:00016846       __DllMainCRTStartup@12     10017846 f   LIBCMT:dllcrt0.obj
 0001:00016870       _strlen                    10017870 f   LIBCMT:strlen.obj
 0001:000168fb       __CxxThrowException@8      100178fb f   LIBCMT:throw.obj
 0001:00016947       ?_JumpToContinuation@@YGXPAXPAUEHRegistrationNode@@@Z 10017947 f   LIBCMT:_trnsctrl_.obj
 0001:00016979       ?_CallMemberFunction2@@YGXPAX00H@Z 10017979 f   LIBCMT:_trnsctrl_.obj
 0001:00016979       ?_CallMemberFunction0@@YGXPAX0@Z 10017979 f   LIBCMT:_trnsctrl_.obj
 0001:00016979       ?_CallMemberFunction1@@YGXPAX00@Z 10017979 f   LIBCMT:_trnsctrl_.obj
 0001:00016980       ?_UnwindNestedFrames@@YGXPAUEHRegistrationNode@@PAUEHExceptionRecord@@@Z 10017980 f   LIBCMT:_trnsctrl_.obj
 0001:000169d4       ___CxxFrameHandler3        100179d4 f   LIBCMT:_trnsctrl_.obj
 0001:00016a3d       ?_CallSETranslator@@YAHPAUEHExceptionRecord@@PAUEHRegistrationNode@@PAX2PBU_s_FuncInfo@@H1@Z 10017a3d f   LIBCMT:_trnsctrl_.obj
 0001:00016bb3       ?_GetRangeOfTrysToCheck@@YAPBU_s_TryBlockMapEntry@@PBU_s_FuncInfo@@HHPAI1@Z 10017bb3 f   LIBCMT:_trnsctrl_.obj
 0001:00016c28       __CreateFrameInfo          10017c28 f   LIBCMT:_trnsctrl_.obj
 0001:00016c54       __IsExceptionObjectToBeDestroyed 10017c54 f   LIBCMT:_trnsctrl_.obj
 0001:00016c7b       __FindAndUnlinkFrame       10017c7b f   LIBCMT:_trnsctrl_.obj
 0001:00016ccd       ?_CallCatchBlock2@@YAPAXPAUEHRegistrationNode@@PBU_s_FuncInfo@@PAXHK@Z 10017ccd f   LIBCMT:_trnsctrl_.obj
 0001:00016d2d       __EH_prolog3               10017d2d f   LIBCMT:ehprolg3.obj
 0001:00016d60       __EH_prolog3_catch         10017d60 f   LIBCMT:ehprolg3.obj
 0001:00016d96       ___report_gsfailure        10017d96 f   LIBCMT:gs_report.obj
 0001:00016ea0       _memmove                   10017ea0 f   LIBCMT:memmove.obj
 0001:00017205       __get_errno_from_oserr     10018205 f   LIBCMT:dosmap.obj
 0001:00017247       __errno                    10018247 f   LIBCMT:dosmap.obj
 0001:0001725a       ___doserrno                1001825a f   LIBCMT:dosmap.obj
 0001:0001726d       __dosmaperr                1001826d f   LIBCMT:dosmap.obj
 0001:00017290       __flsbuf                   10018290 f   LIBCMT:_flsbuf.obj
 0001:0001749a       __output_l                 1001849a f   LIBCMT:output.obj
 0001:00018032       _strcpy_s                  10019032 f   LIBCMT:strcpy_s.obj
 0001:0001809a       _V6_HeapAlloc              1001909a f   LIBCMT:malloc.obj
 0001:000180e9       _malloc                    100190e9 f   LIBCMT:malloc.obj
 0001:000181b3       __heap_init                100191b3 f   LIBCMT:heapinit.obj
 0001:000181e3       __heap_term                100191e3 f   LIBCMT:heapinit.obj
 0001:00018257       __mtinitlocks              10019257 f   LIBCMT:mlock.obj
 0001:000182a2       __mtdeletelocks            100192a2 f   LIBCMT:mlock.obj
 0001:000182f9       __unlock                   100192f9 f   LIBCMT:mlock.obj
 0001:00018310       __mtinitlocknum            10019310 f   LIBCMT:mlock.obj
 0001:000183d3       __lock                     100193d3 f   LIBCMT:mlock.obj
 0001:00018406       ___sbh_find_block          10019406 f   LIBCMT:sbheap.obj
 0001:00018436       ___sbh_free_block          10019436 f   LIBCMT:sbheap.obj
 0001:0001874c       ___sbh_alloc_new_region    1001974c f   LIBCMT:sbheap.obj
 0001:000187fc       ___sbh_alloc_new_group     100197fc f   LIBCMT:sbheap.obj
 0001:00018904       ___sbh_resize_block        10019904 f   LIBCMT:sbheap.obj
 0001:00018be5       ___sbh_alloc_block         10019be5 f   LIBCMT:sbheap.obj
 0001:00018ecc       __SEH_prolog4              10019ecc f   LIBCMT:sehprolg4.obj
 0001:00018f11       __SEH_epilog4              10019f11 f   LIBCMT:sehprolg4.obj
 0001:00018f30       __except_handler4          10019f30 f   LIBCMT:chandler4.obj
 0001:000192e2       ___updatetmbcinfo          1001a2e2 f   LIBCMT:mbctype.obj
 0001:00019402       __setmbcp_nolock           1001a402 f   LIBCMT:mbctype.obj
 0001:000195e7       __setmbcp                  1001a5e7 f   LIBCMT:mbctype.obj
 0001:00019781       ___initmbctable            1001a781 f   LIBCMT:mbctype.obj
 0001:0001979f       ___freetlocinfo            1001a79f f   LIBCMT:setlocal.obj
 0001:000198e8       ___addlocaleref            1001a8e8 f   LIBCMT:setlocal.obj
 0001:00019977       ___removelocaleref         1001a977 f   LIBCMT:setlocal.obj
 0001:00019a4e       ___updatetlocinfo          1001aa4e f   LIBCMT:setlocal.obj
 0001:00019ac4       __encode_pointer           1001aac4 f   LIBCMT:tidtable.obj
 0001:00019b36       __encoded_null             1001ab36 f   LIBCMT:tidtable.obj
 0001:00019b3f       __decode_pointer           1001ab3f f   LIBCMT:tidtable.obj
 0001:00019bb1       ___crtTlsAlloc@4           1001abb1 f   LIBCMT:tidtable.obj
 0001:00019bba       ___set_flsgetvalue         1001abba f   LIBCMT:tidtable.obj
 0001:00019bee       __mtterm                   1001abee f   LIBCMT:tidtable.obj
 0001:00019c2b       __initptd                  1001ac2b f   LIBCMT:tidtable.obj
 0001:00019d12       __getptd_noexit            1001ad12 f   LIBCMT:tidtable.obj
 0001:00019d8b       __getptd                   1001ad8b f   LIBCMT:tidtable.obj
 0001:00019da5       __freefls@4                1001ada5 f   LIBCMT:tidtable.obj
 0001:00019ed4       __freeptd                  1001aed4 f   LIBCMT:tidtable.obj
 0001:00019f42       __mtinit                   1001af42 f   LIBCMT:tidtable.obj
 0001:0001a0cf       __freea                    1001b0cf f i LIBCMT:a_map.obj
 0001:0001a494       ___crtLCMapStringA         1001b494 f   LIBCMT:a_map.obj
 0001:0001a4d9       __isleadbyte_l             1001b4d9 f i LIBCMT:_wctype.obj
 0001:0001a511       _isleadbyte                1001b511 f i LIBCMT:_wctype.obj
 0001:0001a524       __isctype_l                1001b524 f   LIBCMT:isctype.obj
 0001:0001a5dc       __crt_debugger_hook        1001b5dc f   LIBCMT:dbghook.obj
 0001:0001a5f0       _memset                    1001b5f0 f   LIBCMT:memset.obj
 0001:0001a670       _memcpy                    1001b670 f   LIBCMT:memcpy.obj
 0001:0001a9d5       ?_Type_info_dtor@type_info@@CAXPAV1@@Z 1001b9d5 f   LIBCMT:typname.obj
 0001:0001aa50       _strcmp                    1001ba50 f   LIBCMT:strcmp.obj
 0001:0001ab92       ___onexitinit              1001bb92 f   LIBCMT:onexit.obj
 0001:0001abc3       __onexit                   1001bbc3 f   LIBCMT:onexit.obj
 0001:0001abff       _atexit                    1001bbff f   LIBCMT:onexit.obj
 0001:0001ac16       __initp_heap_handler       1001bc16 f   LIBCMT:handler.obj
 0001:0001ac25       __callnewh                 1001bc25 f   LIBCMT:handler.obj
 0001:0001ac4d       __malloc_crt               1001bc4d f   LIBCMT:crtheap.obj
 0001:0001ac92       __calloc_crt               1001bc92 f   LIBCMT:crtheap.obj
 0001:0001acde       __realloc_crt              1001bcde f   LIBCMT:crtheap.obj
 0001:0001ad2c       __crt_waiting_on_module_handle 1001bd2c f   LIBCMT:crt0dat.obj
 0001:0001ad5c       __amsg_exit                1001bd5c f   LIBCMT:crt0dat.obj
 0001:0001ad85       ___crtCorExitProcess       1001bd85 f   LIBCMT:crt0dat.obj
 0001:0001adb0       ___crtExitProcess          1001bdb0 f   LIBCMT:crt0dat.obj
 0001:0001adc8       __lockexit                 1001bdc8 f   LIBCMT:crt0dat.obj
 0001:0001add1       __unlockexit               1001bdd1 f   LIBCMT:crt0dat.obj
 0001:0001adf7       __initterm_e               1001bdf7 f   LIBCMT:crt0dat.obj
 0001:0001ae1b       __cinit                    1001be1b f   LIBCMT:crt0dat.obj
 0001:0001afcc       __exit                     1001bfcc f   LIBCMT:crt0dat.obj
 0001:0001afe2       __cexit                    1001bfe2 f   LIBCMT:crt0dat.obj
 0001:0001aff1       __init_pointers            1001bff1 f   LIBCMT:crt0dat.obj
 0001:0001b03f       __ioinit                   1001c03f f   LIBCMT:ioinit.obj
 0001:0001b293       __ioterm                   1001c293 f   LIBCMT:ioinit.obj
 0001:0001b2e1       __setenvp                  1001c2e1 f   LIBCMT:stdenvp.obj
 0001:0001b559       __setargv                  1001c559 f   LIBCMT:stdargv.obj
 0001:0001b614       ___crtGetEnvironmentStringsA 1001c614 f   LIBCMT:a_env.obj
 0001:0001b74b       __RTC_Initialize           1001c74b f   LIBCMT:_initsect_.obj
 0001:0001b771       __RTC_Terminate            1001c771 f   LIBCMT:_initsect_.obj
 0001:0001b797       __XcptFilter               1001c797 f   LIBCMT:winxfltr.obj
 0001:0001b8f7       ___CppXcptFilter           1001c8f7 f   LIBCMT:winxfltr.obj
 0001:0001b917       ___security_init_cookie    1001c917 f   LIBCMT:gs_support.obj
 0001:0001b9ad       ??0bad_exception@std@@QAE@PBD@Z 1001c9ad f i LIBCMT:frame.obj
 0001:0001b9cb       ??1bad_exception@std@@UAE@XZ 1001c9cb f i LIBCMT:frame.obj
 0001:0001b9d6       ??_Gbad_exception@std@@UAEPAXI@Z 1001c9d6 f i LIBCMT:frame.obj
 0001:0001b9d6       ??_Ebad_exception@std@@UAEPAXI@Z 1001c9d6 f i LIBCMT:frame.obj
 0001:0001b9fd       ___TypeMatch               1001c9fd f   LIBCMT:frame.obj
 0001:0001ba5c       ___FrameUnwindFilter       1001ca5c f   LIBCMT:frame.obj
 0001:0001baa5       ___FrameUnwindToState      1001caa5 f   LIBCMT:frame.obj
 0001:0001bbcb       ___DestructExceptionObject 1001cbcb f   LIBCMT:frame.obj
 0001:0001bc20       ___AdjustPointer           1001cc20 f   LIBCMT:frame.obj
 0001:0001bea9       ___BuildCatchObjectHelper  1001cea9 f   LIBCMT:frame.obj
 0001:0001c028       ___BuildCatchObject        1001d028 f   LIBCMT:frame.obj
 0001:0001c563       ??0bad_exception@std@@QAE@ABV01@@Z 1001d563 f i LIBCMT:frame.obj
 0001:0001c580       ___InternalCxxFrameHandler 1001d580 f   LIBCMT:frame.obj
 0001:0001c666       ?terminate@@YAXXZ          1001d666 f   LIBCMT:hooks.obj
 0001:0001c69f       ?unexpected@@YAXXZ         1001d69f f   LIBCMT:hooks.obj
 0001:0001c6b2       ?_inconsistency@@YAXXZ     1001d6b2 f   LIBCMT:hooks.obj
 0001:0001c6ea       __initp_eh_hooks           1001d6ea f   LIBCMT:hooks.obj
 0001:0001c700       __CallSettingFrame@12      1001d700 f   LIBCMT:lowhelpr.obj
 0001:0001c727       __NLG_Return               1001d727     LIBCMT:lowhelpr.obj
 0001:0001c7d3       __VEC_memcpy               1001d7d3 f   LIBCMT:p4_memcpy.obj
 0001:0001c906       __get_sse2_info            1001d906 f   LIBCMT:cpu_disp.obj
 0001:0001c968       ___sse2_available_init     1001d968 f   LIBCMT:cpu_disp.obj
 0001:0001c975       __lseeki64_nolock          1001d975 f   LIBCMT:lseeki64.obj
 0001:0001c9fa       __lseeki64                 1001d9fa f   LIBCMT:lseeki64.obj
 0001:0001cb13       __write_nolock             1001db13 f   LIBCMT:write.obj
 0001:0001d246       __write                    1001e246 f   LIBCMT:write.obj
 0001:0001d322       __getbuf                   1001e322 f   LIBCMT:_getbuf.obj
 0001:0001d36b       __isatty                   1001e36b f   LIBCMT:isatty.obj
 0001:0001d3cf       ___iob_func                1001e3cf f   LIBCMT:_file.obj
 0001:0001d3d5       ___initstdio               1001e3d5 f   LIBCMT:_file.obj
 0001:0001d486       ___endstdio                1001e486 f   LIBCMT:_file.obj
 0001:0001d4a6       __lock_file                1001e4a6 f   LIBCMT:_file.obj
 0001:0001d4e7       __lock_file2               1001e4e7 f   LIBCMT:_file.obj
 0001:0001d519       __unlock_file              1001e519 f   LIBCMT:_file.obj
 0001:0001d555       __unlock_file2             1001e555 f   LIBCMT:_file.obj
 0001:0001d584       __fileno                   1001e584 f   LIBCMT:fileno.obj
 0001:0001d5b6       __initp_misc_cfltcvt_tab   1001e5b6 f   LIBCMT:cmiscdat.obj
 0001:0001d5d7       __get_printf_count_output  1001e5d7 f   LIBCMT:printf.obj
 0001:0001d5ed       __wctomb_s_l               1001e5ed f   LIBCMT:wctomb.obj
 0001:0001d759       _wctomb_s                  1001e759 f   LIBCMT:wctomb.obj
 0001:0001d780       __aulldvrm                 1001e780 f   LIBCMT:ulldvrm.obj
 0001:0001d815       __NMSG_WRITE               1001e815 f   LIBCMT:crt0msg.obj
 0001:0001d9c0       __FF_MSGBANNER             1001e9c0 f   LIBCMT:crt0msg.obj
 0001:0001d9f9       __initp_misc_initcrit      1001e9f9 f   LIBCMT:initcrit.obj
 0001:0001da08       ___crtInitCritSecAndSpinCount 1001ea08 f   LIBCMT:initcrit.obj
 0001:0001da68       __local_unwind4            1001ea68 f   LIBCMT:exsup4.obj
 0001:0001db3e       __seh_longjmp_unwind4@4    1001eb3e f   LIBCMT:exsup4.obj
 0001:0001db5a       @_EH4_CallFilterFunc@8     1001eb5a f   LIBCMT:exsup4.obj
 0001:0001db71       @_EH4_TransferToHandler@8  1001eb71 f   LIBCMT:exsup4.obj
 0001:0001db8a       @_EH4_GlobalUnwind@4       1001eb8a f   LIBCMT:exsup4.obj
 0001:0001dba4       @_EH4_LocalUnwind@16       1001eba4 f   LIBCMT:exsup4.obj
 0001:0001dbc0       __ValidateImageBase        1001ebc0 f   LIBCMT:pesect.obj
 0001:0001dc00       __FindPESection            1001ec00 f   LIBCMT:pesect.obj
 0001:0001dc50       __IsNonwritableInCurrentImage 1001ec50 f   LIBCMT:pesect.obj
 0001:0001dec7       ___crtGetStringTypeA       1001eec7 f   LIBCMT:a_str.obj
 0001:0001df09       ___free_lc_time            1001ef09 f   LIBCMT:inittime.obj
 0001:0001e09e       ___free_lconv_num          1001f09e f   LIBCMT:initnum.obj
 0001:0001e0e3       ___free_lconv_mon          1001f0e3 f   LIBCMT:initmon.obj
 0001:0001e171       _strcat_s                  1001f171 f   LIBCMT:strcat_s.obj
 0001:0001e1f0       _strcspn                   1001f1f0 f   LIBCMT:strcspn.obj
 0001:0001e236       _strncpy_s                 1001f236 f   LIBCMT:strncpy_s.obj
 0001:0001e2f0       _strpbrk                   1001f2f0 f   LIBCMT:strpbrk.obj
 0001:0001e330       ___ansicp                  1001f330 f   LIBCMT:convrtcp.obj
 0001:0001e379       ___convertcp               1001f379 f   LIBCMT:convrtcp.obj
 0001:0001e530       __alloca_probe_16          1001f530 f   LIBCMT:alloca16.obj
 0001:0001e546       __alloca_probe_8           1001f546     LIBCMT:alloca16.obj
 0001:0001e5b3       __VEC_memzero              1001f5b3 f   LIBCMT:p4_memset.obj
 0001:0001e642       __msize                    1001f642 f   LIBCMT:msize.obj
 0001:0001e6e5       __calloc_impl              1001f6e5 f   LIBCMT:calloc_impl.obj
 0001:0001e803       _realloc                   1001f803 f   LIBCMT:realloc.obj
 0001:0001ea1e       __initp_misc_winsig        1001fa1e f   LIBCMT:winsig.obj
 0001:0001ea73       ___get_sigabrt             1001fa73 f   LIBCMT:winsig.obj
 0001:0001ea80       _raise                     1001fa80 f   LIBCMT:winsig.obj
 0001:0001ec30       __initp_misc_rand_s        1001fc30 f   LIBCMT:rand_s.obj
 0001:0001ec3f       __initp_misc_purevirt      1001fc3f f   LIBCMT:inithelp.obj
 0001:0001eca1       __ismbblead                1001fca1 f   LIBCMT:ismbbyte.obj
 0001:0001ecb9       ?_ValidateRead@@YAHPBXI@Z  1001fcb9 f   LIBCMT:validate.obj
 0001:0001ecb9       ?_ValidateWrite@@YAHPAXI@Z 1001fcb9 f   LIBCMT:validate.obj
 0001:0001ecb9       ?_ValidateExecute@@YAHP6GHXZ@Z 1001fcb9 f   LIBCMT:validate.obj
 0001:0001eccb       _abort                     1001fccb f   LIBCMT:abort.obj
 0001:0001ede4       __global_unwind2           1001fde4 f   LIBCMT:exsup.obj
 0001:0001ee49       __local_unwind2            1001fe49 f   LIBCMT:exsup.obj
 0001:0001eecd       __abnormal_termination     1001fecd f   LIBCMT:exsup.obj
 0001:0001eef0       __NLG_Notify1              1001fef0 f   LIBCMT:exsup.obj
 0001:0001eef9       __NLG_Notify               1001fef9 f   LIBCMT:exsup.obj
 0001:0001ef10       __NLG_Dispatch             1001ff10     LIBCMT:exsup.obj
 0001:0001ef10       __NLG_Dispatch2            1001ff10     LIBCMT:exsup.obj
 0001:0001ef18       __NLG_Call                 1001ff18 f   LIBCMT:exsup.obj
 0001:0001ef1a       __NLG_Return2              1001ff1a     LIBCMT:exsup.obj
 0001:0001ef1b       __free_osfhnd              1001ff1b f   LIBCMT:osfinfo.obj
 0001:0001efa1       __get_osfhandle            1001ffa1 f   LIBCMT:osfinfo.obj
 0001:0001f018       ___lock_fhandle            10020018 f   LIBCMT:osfinfo.obj
 0001:0001f0b8       __unlock_fhandle           100200b8 f   LIBCMT:osfinfo.obj
 0001:0001f0df       __putwch_nolock            100200df f   LIBCMT:putwch.obj
 0001:0001f1a4       __mbtowc_l                 100201a4 f   LIBCMT:mbtowc.obj
 0001:0001f2bb       _mbtowc                    100202bb f   LIBCMT:mbtowc.obj
 0001:0001f2e0       __chkstk                   100202e0 f   LIBCMT:chkstk.obj
 0001:0001f2e0       __alloca_probe             100202e0     LIBCMT:chkstk.obj
 0001:0001f30b       __fcloseall                1002030b f   LIBCMT:closeall.obj
 0001:0001f3aa       __flush                    100203aa f   LIBCMT:fflush.obj
 0001:0001f412       __fflush_nolock            10020412 f   LIBCMT:fflush.obj
 0001:0001f534       __flushall                 10020534 f   LIBCMT:fflush.obj
 0001:0001f53d       __fptrap                   1002053d f   LIBCMT:crt0fp.obj
 0001:0001f775       _strtol                    10020775 f   LIBCMT:strtol.obj
 0001:0001f7a0       ___crtMessageBoxA          100207a0 f   LIBCMT:crtmbox.obj
 0001:0001f909       __set_error_mode           10020909 f   LIBCMT:errmode.obj
 0001:0001f954       _atol                      10020954 f   LIBCMT:atox.obj
 0001:0001f970       __allmul                   10020970 f   LIBCMT:llmul.obj
 0001:0001f9a4       __isdigit_l                100209a4 f i LIBCMT:_ctype.obj
 0001:0001f9f5       _isdigit                   100209f5 f i LIBCMT:_ctype.obj
 0001:0001fa23       ___initconout              10020a23 f   LIBCMT:initcon.obj
 0001:0001fa42       ___termcon                 10020a42 f   LIBCMT:initcon.obj
 0001:0001fa6f       __fclose_nolock            10020a6f f   LIBCMT:fclose.obj
 0001:0001fae6       _fclose                    10020ae6 f   LIBCMT:fclose.obj
 0001:0001fb62       __commit                   10020b62 f   LIBCMT:commit.obj
 0001:0001fc50       ___ascii_strnicmp          10020c50 f   LIBCMT:_strnicm.obj
 0001:0001fcb1       __close_nolock             10020cb1 f   LIBCMT:close.obj
 0001:0001fd4d       __close                    10020d4d f   LIBCMT:close.obj
 0001:0001fe1a       __freebuf                  10020e1a f   LIBCMT:_freebuf.obj
 0001:0001fe60       _strchr                    10020e60 f   LIBCMT:strchr.obj
 0001:0001fe66       ___from_strstr_to_strchr   10020e66     LIBCMT:strchr.obj
 0001:0001ff1e       _RtlUnwind@16              10020f1e f   kernel32:KERNEL32.dll
 0001:0001ff24       __fpclear                  10020f24 f   LIBCMT:_fpinit_.obj
 0001:0001ff24       __initp_misc_winxfltr      10020f24 f   LIBCMT:winxfltr.obj
 0001:0001ff25       __cfltcvt_init             10020f25 f   LIBCMT:_fpinit_.obj
 0001:0001ff85       __fpmath                   10020f85 f   LIBCMT:_fpinit_.obj
 0001:0001ffb0       __ftol2_sse                10020fb0 f   LIBCMT:ftol2.obj
 0001:0001ffb9       __ftol2_pentium4           10020fb9 f   LIBCMT:ftol2.obj
 0001:0001ffcc       __ftol2_sse_excpt          10020fcc f   LIBCMT:ftol2.obj
 0001:0001ffe6       __ftol2                    10020fe6 f   LIBCMT:ftol2.obj
 0001:0002005b       __forcdecpt_l              1002105b f   LIBCMT:cvt.obj
 0001:000200ce       __cropzeros_l              100210ce f   LIBCMT:cvt.obj
 0001:00020150       __positive                 10021150 f   LIBCMT:cvt.obj
 0001:0002016c       __fassign_l                1002116c f   LIBCMT:cvt.obj
 0001:000201ae       __fassign                  100211ae f   LIBCMT:cvt.obj
 0001:000201e7       __forcdecpt                100211e7 f   LIBCMT:cvt.obj
 0001:000201fa       __cropzeros                100211fa f   LIBCMT:cvt.obj
 0001:0002037c       __cftoe_l                  1002137c f   LIBCMT:cvt.obj
 0001:0002044c       __cftoe                    1002144c f   LIBCMT:cvt.obj
 0001:0002046c       __cftoa_l                  1002146c f   LIBCMT:cvt.obj
 0001:000208d6       __cftof_l                  100218d6 f   LIBCMT:cvt.obj
 0001:00020991       __cftog_l                  10021991 f   LIBCMT:cvt.obj
 0001:00020a8b       __cfltcvt_l                10021a8b f   LIBCMT:cvt.obj
 0001:00020b13       __cfltcvt                  10021b13 f   LIBCMT:cvt.obj
 0001:00020b36       __setdefaultprecision      10021b36 f   LIBCMT:fp8.obj
 0001:00020b61       __ms_p5_test_fdiv          10021b61 f   LIBCMT:_testfdiv_.obj
 0001:00020b9f       __ms_p5_mp_test_fdiv       10021b9f f   LIBCMT:_testfdiv_.obj
 0001:00020bd0       _strrchr                   10021bd0 f   LIBCMT:strrchr.obj
 0001:00020bfd       __atodbl_l                 10021bfd f   LIBCMT:atodbl.obj
 0001:00020ca5       __atoflt_l                 10021ca5 f   LIBCMT:atodbl.obj
 0001:00020d4d       __fptostr                  10021d4d f   LIBCMT:_fptostr.obj
 0001:00020e0c       ___dtold                   10021e0c f   LIBCMT:_cfout_.obj
 0001:00020ec9       __fltout2                  10021ec9 f   LIBCMT:_cfout_.obj
 0001:00020f60       __alldvrm                  10021f60 f   LIBCMT:lldvrm.obj
 0001:00021040       __aullshr                  10022040 f   LIBCMT:ullshr.obj
 0001:0002105f       __controlfp_s              1002205f f   LIBCMT:_contrlfp_.obj
 0001:000210cb       __ld12tod                  100220cb f   LIBCMT:_intrncvt_.obj
 0001:0002160f       __ld12tof                  1002260f f   LIBCMT:_intrncvt_.obj
 0001:00021b53       ___strgtold12_l            10022b53 f   LIBCMT:_strgtold_.obj
 0001:0002224b       _$I10_OUTPUT               1002324b f   LIBCMT:_x10fout_.obj
 0001:00022c9d       __control87                10023c9d f i LIBCMT:_ieee87_.obj
 0001:00022fac       ___mtold12                 10023fac f   LIBCMT:_mantold_.obj
 0001:0002317a       ___set_fpsr_sse2           1002417a f   LIBCMT:_fpctrl_.obj
 0002:00000000       __imp__GetFullPathNameA@16 10025000     kernel32:KERNEL32.dll
 0002:00000004       __imp__FindFirstFileA@8    10025004     kernel32:KERNEL32.dll
 0002:00000008       __imp__GetProcAddress@8    10025008     kernel32:KERNEL32.dll
 0002:0000000c       __imp__FindClose@4         1002500c     kernel32:KERNEL32.dll
 0002:00000010       __imp__GetPrivateProfileStringA@24 10025010     kernel32:KERNEL32.dll
 0002:00000014       __imp__LoadLibraryA@4      10025014     kernel32:KERNEL32.dll
 0002:00000018       __imp__FindNextFileA@8     10025018     kernel32:KERNEL32.dll
 0002:0000001c       __imp__GetCurrentDirectoryA@8 1002501c     kernel32:KERNEL32.dll
 0002:00000020       __imp__CreateFileA@28      10025020     kernel32:KERNEL32.dll
 0002:00000024       __imp__SetFilePointer@16   10025024     kernel32:KERNEL32.dll
 0002:00000028       __imp__CloseHandle@4       10025028     kernel32:KERNEL32.dll
 0002:0000002c       __imp__GetLastError@0      1002502c     kernel32:KERNEL32.dll
 0002:00000030       __imp__HeapFree@12         10025030     kernel32:KERNEL32.dll
 0002:00000034       __imp__TerminateProcess@8  10025034     kernel32:KERNEL32.dll
 0002:00000038       __imp__GetCurrentProcess@0 10025038     kernel32:KERNEL32.dll
 0002:0000003c       __imp__UnhandledExceptionFilter@4 1002503c     kernel32:KERNEL32.dll
 0002:00000040       __imp__SetUnhandledExceptionFilter@4 10025040     kernel32:KERNEL32.dll
 0002:00000044       __imp__IsDebuggerPresent@0 10025044     kernel32:KERNEL32.dll
 0002:00000048       __imp__GetCurrentThreadId@0 10025048     kernel32:KERNEL32.dll
 0002:0000004c       __imp__GetCommandLineA@0   1002504c     kernel32:KERNEL32.dll
 0002:00000050       __imp__RaiseException@16   10025050     kernel32:KERNEL32.dll
 0002:00000054       __imp__RtlUnwind@16        10025054     kernel32:KERNEL32.dll
 0002:00000058       __imp__HeapAlloc@12        10025058     kernel32:KERNEL32.dll
 0002:0000005c       __imp__HeapCreate@12       1002505c     kernel32:KERNEL32.dll
 0002:00000060       __imp__HeapDestroy@4       10025060     kernel32:KERNEL32.dll
 0002:00000064       __imp__VirtualFree@12      10025064     kernel32:KERNEL32.dll
 0002:00000068       __imp__DeleteCriticalSection@4 10025068     kernel32:KERNEL32.dll
 0002:0000006c       __imp__LeaveCriticalSection@4 1002506c     kernel32:KERNEL32.dll
 0002:00000070       __imp__EnterCriticalSection@4 10025070     kernel32:KERNEL32.dll
 0002:00000074       __imp__VirtualAlloc@16     10025074     kernel32:KERNEL32.dll
 0002:00000078       __imp__HeapReAlloc@16      10025078     kernel32:KERNEL32.dll
 0002:0000007c       __imp__GetCPInfo@8         1002507c     kernel32:KERNEL32.dll
 0002:00000080       __imp__InterlockedIncrement@4 10025080     kernel32:KERNEL32.dll
 0002:00000084       __imp__InterlockedDecrement@4 10025084     kernel32:KERNEL32.dll
 0002:00000088       __imp__GetACP@0            10025088     kernel32:KERNEL32.dll
 0002:0000008c       __imp__GetOEMCP@0          1002508c     kernel32:KERNEL32.dll
 0002:00000090       __imp__IsValidCodePage@4   10025090     kernel32:KERNEL32.dll
 0002:00000094       __imp__GetModuleHandleW@4  10025094     kernel32:KERNEL32.dll
 0002:00000098       __imp__TlsGetValue@4       10025098     kernel32:KERNEL32.dll
 0002:0000009c       __imp__TlsAlloc@0          1002509c     kernel32:KERNEL32.dll
 0002:000000a0       __imp__TlsSetValue@8       100250a0     kernel32:KERNEL32.dll
 0002:000000a4       __imp__TlsFree@4           100250a4     kernel32:KERNEL32.dll
 0002:000000a8       __imp__SetLastError@4      100250a8     kernel32:KERNEL32.dll
 0002:000000ac       __imp__LCMapStringA@24     100250ac     kernel32:KERNEL32.dll
 0002:000000b0       __imp__WideCharToMultiByte@32 100250b0     kernel32:KERNEL32.dll
 0002:000000b4       __imp__MultiByteToWideChar@24 100250b4     kernel32:KERNEL32.dll
 0002:000000b8       __imp__LCMapStringW@24     100250b8     kernel32:KERNEL32.dll
 0002:000000bc       __imp__Sleep@4             100250bc     kernel32:KERNEL32.dll
 0002:000000c0       __imp__ExitProcess@4       100250c0     kernel32:KERNEL32.dll
 0002:000000c4       __imp__SetHandleCount@4    100250c4     kernel32:KERNEL32.dll
 0002:000000c8       __imp__GetStdHandle@4      100250c8     kernel32:KERNEL32.dll
 0002:000000cc       __imp__GetFileType@4       100250cc     kernel32:KERNEL32.dll
 0002:000000d0       __imp__GetStartupInfoA@4   100250d0     kernel32:KERNEL32.dll
 0002:000000d4       __imp__GetModuleFileNameA@12 100250d4     kernel32:KERNEL32.dll
 0002:000000d8       __imp__FreeEnvironmentStringsA@4 100250d8     kernel32:KERNEL32.dll
 0002:000000dc       __imp__GetEnvironmentStrings@0 100250dc     kernel32:KERNEL32.dll
 0002:000000e0       __imp__FreeEnvironmentStringsW@4 100250e0     kernel32:KERNEL32.dll
 0002:000000e4       __imp__GetEnvironmentStringsW@0 100250e4     kernel32:KERNEL32.dll
 0002:000000e8       __imp__QueryPerformanceCounter@4 100250e8     kernel32:KERNEL32.dll
 0002:000000ec       __imp__GetTickCount@0      100250ec     kernel32:KERNEL32.dll
 0002:000000f0       __imp__GetCurrentProcessId@0 100250f0     kernel32:KERNEL32.dll
 0002:000000f4       __imp__GetSystemTimeAsFileTime@4 100250f4     kernel32:KERNEL32.dll
 0002:000000f8       __imp__WriteFile@20        100250f8     kernel32:KERNEL32.dll
 0002:000000fc       __imp__GetConsoleCP@0      100250fc     kernel32:KERNEL32.dll
 0002:00000100       __imp__GetConsoleMode@8    10025100     kernel32:KERNEL32.dll
 0002:00000104       __imp__InitializeCriticalSectionAndSpinCount@8 10025104     kernel32:KERNEL32.dll
 0002:00000108       __imp__GetStringTypeA@20   10025108     kernel32:KERNEL32.dll
 0002:0000010c       __imp__GetStringTypeW@16   1002510c     kernel32:KERNEL32.dll
 0002:00000110       __imp__GetLocaleInfoA@16   10025110     kernel32:KERNEL32.dll
 0002:00000114       __imp__HeapSize@12         10025114     kernel32:KERNEL32.dll
 0002:00000118       __imp__SetStdHandle@8      10025118     kernel32:KERNEL32.dll
 0002:0000011c       __imp__WriteConsoleA@20    1002511c     kernel32:KERNEL32.dll
 0002:00000120       __imp__GetConsoleOutputCP@0 10025120     kernel32:KERNEL32.dll
 0002:00000124       __imp__WriteConsoleW@20    10025124     kernel32:KERNEL32.dll
 0002:00000128       __imp__FlushFileBuffers@4  10025128     kernel32:KERNEL32.dll
 0002:0000012c       __imp__GetModuleHandleA@4  1002512c     kernel32:KERNEL32.dll
 0002:00000130       \177KERNEL32_NULL_THUNK_DATA 10025130     kernel32:KERNEL32.dll
 0002:00000134       __imp__GetKeyState@4       10025134     user32:USER32.dll
 0002:00000138       \177USER32_NULL_THUNK_DATA 10025138     user32:USER32.dll
 0002:0000013c       ___xc_a                    1002513c     LIBCMT:crt0init.obj
 0002:00000140       ___xc_z                    10025140     LIBCMT:crt0init.obj
 0002:00000144       ___xi_a                    10025144     LIBCMT:crt0init.obj
 0002:00000158       ___xi_z                    10025158     LIBCMT:crt0init.obj
 0002:0000015c       ___xp_a                    1002515c     LIBCMT:crt0init.obj
 0002:00000168       ___xp_z                    10025168     LIBCMT:crt0init.obj
 0002:0000016c       ___xt_a                    1002516c     LIBCMT:crt0init.obj
 0002:00000170       ___xt_z                    10025170     LIBCMT:crt0init.obj
 0002:000001a0       ??_7bad_alloc@std@@6B@     100251a0     libcpmt:string.obj
 0002:000001ac       ??_7logic_error@std@@6B@   100251ac     libcpmt:string.obj
 0002:000001b8       ??_7length_error@std@@6B@  100251b8     libcpmt:string.obj
 0002:000001c4       ??_7out_of_range@std@@6B@  100251c4     libcpmt:string.obj
 0002:000001cc       ??_C@_0BA@JFNIOLAK@string?5too?5long?$AA@ 100251cc     libcpmt:string.obj
 0002:000001dc       ??_C@_0BI@CFPLBAOH@invalid?5string?5position?$AA@ 100251dc     libcpmt:string.obj
 0002:000001f8       ??_7exception@std@@6B@     100251f8     LIBCMT:stdexcpt.obj
 0002:00000200       ??_C@_0BC@EOODALEL@Unknown?5exception?$AA@ 10025200     LIBCMT:stdexcpt.obj
 0002:00000218       ??_7type_info@@6B@         10025218     LIBCMT:typinfo.obj
 0002:0000021c       __pRawDllMain              1002521c     LIBCMT:dllcrt0.obj
 0002:0000021c       __pDefaultRawDllMain       1002521c     LIBCMT:dllcrt0.obj
 0002:00000248       ??_C@_1O@CEDCILHN@?$AA?$CI?$AAn?$AAu?$AAl?$AAl?$AA?$CJ?$AA?$AA@ 10025248     LIBCMT:output.obj
 0002:00000258       ??_C@_06OJHGLDPL@?$CInull?$CJ?$AA@ 10025258     LIBCMT:output.obj
 0002:00000260       ___lookuptable             10025260     LIBCMT:output.obj
 0002:00000340       ??_C@_01NEMOKFLO@?$DN?$AA@ 10025340     LIBCMT:setlocal.obj
 0002:00000344       ??_C@_0O@NLDKAIKN@EncodePointer?$AA@ 10025344     LIBCMT:tidtable.obj
 0002:00000354       ??_C@_1BK@DBDEIDLH@?$AAK?$AAE?$AAR?$AAN?$AAE?$AAL?$AA3?$AA2?$AA?4?$AAD?$AAL?$AAL?$AA?$AA@ 10025354     LIBCMT:tidtable.obj
 0002:00000370       ??_C@_0O@KBPMFGHI@DecodePointer?$AA@ 10025370     LIBCMT:tidtable.obj
 0002:00000380       ??_C@_07PEJMOBNF@FlsFree?$AA@ 10025380     LIBCMT:tidtable.obj
 0002:00000388       ??_C@_0M@JCPCPOEF@FlsSetValue?$AA@ 10025388     LIBCMT:tidtable.obj
 0002:00000394       ??_C@_0M@GDNOONDI@FlsGetValue?$AA@ 10025394     LIBCMT:tidtable.obj
 0002:000003a0       ??_C@_08KNHFBNJ@FlsAlloc?$AA@ 100253a0     LIBCMT:tidtable.obj
 0002:000003ac       ??_C@_13NOLLCAOD@?$AA?$AA?$AA?$AA@ 100253ac     LIBCMT:a_map.obj
 0002:000003b0       ??_C@_0P@MIGLKIOC@CorExitProcess?$AA@ 100253b0     LIBCMT:crt0dat.obj
 0002:000003c0       ??_C@_1BI@BGOHAHKC@?$AAm?$AAs?$AAc?$AAo?$AAr?$AAe?$AAe?$AA?4?$AAd?$AAl?$AAl?$AA?$AA@ 100253c0     LIBCMT:crt0dat.obj
 0002:000003d8       __XcptActTab               100253d8     LIBCMT:winxfltr.obj
 0002:00000450       __pDestructExceptionObject 10025450     LIBCMT:frame.obj
 0002:00000458       ??_7bad_exception@std@@6B@ 10025458     LIBCMT:frame.obj
 0002:00000460       ??_C@_0O@DPKOEFFH@bad?5exception?$AA@ 10025460     LIBCMT:frame.obj
 0002:00000470       ___lookuptable_s           10025470     LIBCMT:outputs.obj
 0002:000004cc       ??_C@_0P@GGKDKEEG@runtime?5error?5?$AA@ 100254cc     LIBCMT:crt0msg.obj
 0002:000004dc       ??_C@_02PCIJFNDE@?$AN?6?$AA@ 100254dc     LIBCMT:crt0msg.obj
 0002:000004e0       ??_C@_0O@MJNIPGOH@TLOSS?5error?$AN?6?$AA@ 100254e0     LIBCMT:crt0msg.obj
 0002:000004f0       ??_C@_0N@BONNPDHF@SING?5error?$AN?6?$AA@ 100254f0     LIBCMT:crt0msg.obj
 0002:00000500       ??_C@_0P@MBDAJNE@DOMAIN?5error?$AN?6?$AA@ 10025500     LIBCMT:crt0msg.obj
 0002:00000510       ??_C@_0JL@DFDOOABL@R6034?$AN?6An?5application?5has?5made?5a@ 10025510     LIBCMT:crt0msg.obj
 0002:000005b0       ??_C@_0PH@EPAFIJ@R6033?$AN?6?9?5Attempt?5to?5use?5MSIL?5cod@ 100255b0     LIBCMT:crt0msg.obj
 0002:000006a8       ??_C@_0DD@BKEEABMM@R6032?$AN?6?9?5not?5enough?5space?5for?5lo@ 100256a8     LIBCMT:crt0msg.obj
 0002:000006e0       ??_C@_0GD@OFKILIED@R6031?$AN?6?9?5Attempt?5to?5initialize?5t@ 100256e0     LIBCMT:crt0msg.obj
 0002:00000744       ??_C@_0BP@LPMHJOKI@R6030?$AN?6?9?5CRT?5not?5initialized?$AN?6?$AA@ 10025744     LIBCMT:crt0msg.obj
 0002:00000764       ??_C@_0CF@KJDAIALP@R6028?$AN?6?9?5unable?5to?5initialize?5he@ 10025764     LIBCMT:crt0msg.obj
 0002:0000078c       ??_C@_0DF@GAKBPDFP@R6027?$AN?6?9?5not?5enough?5space?5for?5lo@ 1002578c     LIBCMT:crt0msg.obj
 0002:000007c4       ??_C@_0DF@IBLNNAIG@R6026?$AN?6?9?5not?5enough?5space?5for?5st@ 100257c4     LIBCMT:crt0msg.obj
 0002:000007fc       ??_C@_0CG@IOHKGFNJ@R6025?$AN?6?9?5pure?5virtual?5function?5c@ 100257fc     LIBCMT:crt0msg.obj
 0002:00000824       ??_C@_0DF@JIJJFJDC@R6024?$AN?6?9?5not?5enough?5space?5for?5_o@ 10025824     LIBCMT:crt0msg.obj
 0002:0000085c       ??_C@_0CJ@EGEJHFME@R6019?$AN?6?9?5unable?5to?5open?5console?5@ 1002585c     LIBCMT:crt0msg.obj
 0002:00000888       ??_C@_0CB@GNHNIELH@R6018?$AN?6?9?5unexpected?5heap?5error?$AN?6@ 10025888     LIBCMT:crt0msg.obj
 0002:000008ac       ??_C@_0CN@FOLDKNG@R6017?$AN?6?9?5unexpected?5multithread?5@ 100258ac     LIBCMT:crt0msg.obj
 0002:000008dc       ??_C@_0CM@FAHFJNHO@R6016?$AN?6?9?5not?5enough?5space?5for?5th@ 100258dc     LIBCMT:crt0msg.obj
 0002:00000908       ??_C@_0JG@LBKMGKLD@?$AN?6This?5application?5has?5requested@ 10025908     LIBCMT:crt0msg.obj
 0002:000009a0       ??_C@_0CM@FLCNIPKK@R6009?$AN?6?9?5not?5enough?5space?5for?5en@ 100259a0     LIBCMT:crt0msg.obj
 0002:000009cc       ??_C@_0CK@KMMJOAPP@R6008?$AN?6?9?5not?5enough?5space?5for?5ar@ 100259cc     LIBCMT:crt0msg.obj
 0002:000009f8       ??_C@_0CN@LEKKICBM@R6002?$AN?6?9?5floating?5point?5support?5@ 100259f8     LIBCMT:crt0msg.obj
 0002:00000a28       ??_C@_0CF@GOGNBNAK@Microsoft?5Visual?5C?$CL?$CL?5Runtime?5Lib@ 10025a28     LIBCMT:crt0msg.obj
 0002:00000a50       ??_C@_02PHMGELLB@?6?6?$AA@ 10025a50     LIBCMT:crt0msg.obj
 0002:00000a54       ??_C@_03KHICJKCI@?4?4?4?$AA@ 10025a54     LIBCMT:crt0msg.obj
 0002:00000a58       ??_C@_0BH@DNAGHKFM@?$DMprogram?5name?5unknown?$DO?$AA@ 10025a58     LIBCMT:crt0msg.obj
 0002:00000a70       ??_C@_0BK@OFGJDLJJ@Runtime?5Error?$CB?6?6Program?3?5?$AA@ 10025a70     LIBCMT:crt0msg.obj
 0002:00000a90       ___newctype                10025a90     LIBCMT:ctype.obj
 0002:00000d90       __wctype                   10025d90     LIBCMT:ctype.obj
 0002:00000f98       ___newclmap                10025f98     LIBCMT:ctype.obj
 0002:00001118       ___newcumap                10026118     LIBCMT:ctype.obj
 0002:00001298       ??_C@_08JCCMCCIL@HH?3mm?3ss?$AA@ 10026298     LIBCMT:strftime.obj
 0002:000012a4       ??_C@_0BE@CKGJFCPC@dddd?0?5MMMM?5dd?0?5yyyy?$AA@ 100262a4     LIBCMT:strftime.obj
 0002:000012b8       ??_C@_08BPBNCDIB@MM?1dd?1yy?$AA@ 100262b8     LIBCMT:strftime.obj
 0002:000012c4       ??_C@_02CJNFDJBF@PM?$AA@   100262c4     LIBCMT:strftime.obj
 0002:000012c8       ??_C@_02DEDBPAFC@AM?$AA@   100262c8     LIBCMT:strftime.obj
 0002:000012cc       ??_C@_08EDHMEBNP@December?$AA@ 100262cc     LIBCMT:strftime.obj
 0002:000012d8       ??_C@_08HCHEGEOA@November?$AA@ 100262d8     LIBCMT:strftime.obj
 0002:000012e4       ??_C@_07JJNFCEND@October?$AA@ 100262e4     LIBCMT:strftime.obj
 0002:000012ec       ??_C@_09BHHEALKD@September?$AA@ 100262ec     LIBCMT:strftime.obj
 0002:000012f8       ??_C@_06LBBHFDDG@August?$AA@ 100262f8     LIBCMT:strftime.obj
 0002:00001300       ??_C@_04MIEPOIFP@July?$AA@ 10026300     LIBCMT:strftime.obj
 0002:00001308       ??_C@_04CNLMGBGM@June?$AA@ 10026308     LIBCMT:strftime.obj
 0002:00001310       ??_C@_05DMJDNLEJ@April?$AA@ 10026310     LIBCMT:strftime.obj
 0002:00001318       ??_C@_05HPCKOFNC@March?$AA@ 10026318     LIBCMT:strftime.obj
 0002:00001320       ??_C@_08GNJGEPFN@February?$AA@ 10026320     LIBCMT:strftime.obj
 0002:0000132c       ??_C@_07CGJPFGJA@January?$AA@ 1002632c     LIBCMT:strftime.obj
 0002:00001334       ??_C@_03MKABNOCG@Dec?$AA@  10026334     LIBCMT:strftime.obj
 0002:00001338       ??_C@_03JPJOFNIA@Nov?$AA@  10026338     LIBCMT:strftime.obj
 0002:0000133c       ??_C@_03BMAOKBAD@Oct?$AA@  1002633c     LIBCMT:strftime.obj
 0002:00001340       ??_C@_03GGCAPAJC@Sep?$AA@  10026340     LIBCMT:strftime.obj
 0002:00001344       ??_C@_03IFJFEIGA@Aug?$AA@  10026344     LIBCMT:strftime.obj
 0002:00001348       ??_C@_03LBGABGKK@Jul?$AA@  10026348     LIBCMT:strftime.obj
 0002:0000134c       ??_C@_03IDFGHECI@Jun?$AA@  1002634c     LIBCMT:strftime.obj
 0002:00001350       ??_C@_03CNMDKL@May?$AA@    10026350     LIBCMT:strftime.obj
 0002:00001354       ??_C@_03LEOLGMJP@Apr?$AA@  10026354     LIBCMT:strftime.obj
 0002:00001358       ??_C@_03ODNJBKGA@Mar?$AA@  10026358     LIBCMT:strftime.obj
 0002:0000135c       ??_C@_03HJBDCHOM@Feb?$AA@  1002635c     LIBCMT:strftime.obj
 0002:00001360       ??_C@_03JIHJHPIE@Jan?$AA@  10026360     LIBCMT:strftime.obj
 0002:00001364       ??_C@_08INBOOONO@Saturday?$AA@ 10026364     LIBCMT:strftime.obj
 0002:00001370       ??_C@_06JECMNKMI@Friday?$AA@ 10026370     LIBCMT:strftime.obj
 0002:00001378       ??_C@_08HACCIKIA@Thursday?$AA@ 10026378     LIBCMT:strftime.obj
 0002:00001384       ??_C@_09DLIGFAKA@Wednesday?$AA@ 10026384     LIBCMT:strftime.obj
 0002:00001390       ??_C@_07BAAGCFCM@Tuesday?$AA@ 10026390     LIBCMT:strftime.obj
 0002:00001398       ??_C@_06JLEDEDGH@Monday?$AA@ 10026398     LIBCMT:strftime.obj
 0002:000013a0       ??_C@_06OOPIFAJ@Sunday?$AA@ 100263a0     LIBCMT:strftime.obj
 0002:000013a8       ??_C@_03FEFJNEK@Sat?$AA@   100263a8     LIBCMT:strftime.obj
 0002:000013ac       ??_C@_03IDIOELNC@Fri?$AA@  100263ac     LIBCMT:strftime.obj
 0002:000013b0       ??_C@_03IOFIKPDN@Thu?$AA@  100263b0     LIBCMT:strftime.obj
 0002:000013b4       ??_C@_03MHOMLAJA@Wed?$AA@  100263b4     LIBCMT:strftime.obj
 0002:000013b8       ??_C@_03NAGEINEP@Tue?$AA@  100263b8     LIBCMT:strftime.obj
 0002:000013bc       ??_C@_03PDAGKDH@Mon?$AA@   100263bc     LIBCMT:strftime.obj
 0002:000013c0       ??_C@_03KOEHGMDN@Sun?$AA@  100263c0     LIBCMT:strftime.obj
 0002:000013c4       ??_C@_0BK@CFCOFLF@?5Complete?5Object?5Locator?8?$AA@ 100263c4     LIBCMT:undname.obj
 0002:000013e0       ??_C@_0BN@MECKDCOJ@?5Class?5Hierarchy?5Descriptor?8?$AA@ 100263e0     LIBCMT:undname.obj
 0002:00001400       ??_C@_0BD@LGICGFMM@?5Base?5Class?5Array?8?$AA@ 10026400     LIBCMT:undname.obj
 0002:00001414       ??_C@_0BM@LDKODKLH@?5Base?5Class?5Descriptor?5at?5?$CI?$AA@ 10026414     LIBCMT:undname.obj
 0002:00001430       ??_C@_0BC@DAFEJGAK@?5Type?5Descriptor?8?$AA@ 10026430     LIBCMT:undname.obj
 0002:00001444       ??_C@_0BM@PMGGMLDN@?$GAlocal?5static?5thread?5guard?8?$AA@ 10026444     LIBCMT:undname.obj
 0002:00001460       ??_C@_0CL@FGIJHLCE@?$GAmanaged?5vector?5copy?5constructor@ 10026460     LIBCMT:undname.obj
 0002:0000148c       ??_C@_0CJ@GJELGAMM@?$GAvector?5vbase?5copy?5constructor?5i@ 1002648c     LIBCMT:undname.obj
 0002:000014b8       ??_C@_0CD@CGAJBKEJ@?$GAvector?5copy?5constructor?5iterato@ 100264b8     LIBCMT:undname.obj
 0002:000014dc       ??_C@_0CB@PDBIFEP@?$GAdynamic?5atexit?5destructor?5for?5?8@ 100264dc     LIBCMT:undname.obj
 0002:00001500       ??_C@_0BL@CLIPGLGB@?$GAdynamic?5initializer?5for?5?8?$AA@ 10026500     LIBCMT:undname.obj
 0002:0000151c       ??_C@_0CM@FCBBDIGB@?$GAeh?5vector?5vbase?5copy?5constructo@ 1002651c     LIBCMT:undname.obj
 0002:00001548       ??_C@_0CG@HLDDJMAG@?$GAeh?5vector?5copy?5constructor?5iter@ 10026548     LIBCMT:undname.obj
 0002:00001570       ??_C@_0CF@IMGKMJNO@?$GAmanaged?5vector?5destructor?5itera@ 10026570     LIBCMT:undname.obj
 0002:00001598       ??_C@_0CG@CFDHKGGD@?$GAmanaged?5vector?5constructor?5iter@ 10026598     LIBCMT:undname.obj
 0002:000015c0       ??_C@_0BN@CKNJLHMB@?$GAplacement?5delete?$FL?$FN?5closure?8?$AA@ 100265c0     LIBCMT:undname.obj
 0002:000015e0       ??_C@_0BL@CNOONJFP@?$GAplacement?5delete?5closure?8?$AA@ 100265e0     LIBCMT:undname.obj
 0002:000015fc       ??_C@_0P@HJKNJFNN@?$GAomni?5callsig?8?$AA@ 100265fc     LIBCMT:undname.obj
 0002:0000160c       ??_C@_09LBNFPBCA@?5delete?$FL?$FN?$AA@ 1002660c     LIBCMT:undname.obj
 0002:00001618       ??_C@_06FHBGPFGH@?5new?$FL?$FN?$AA@ 10026618     LIBCMT:undname.obj
 0002:00001620       ??_C@_0CE@IIHCMGGL@?$GAlocal?5vftable?5constructor?5closu@ 10026620     LIBCMT:undname.obj
 0002:00001644       ??_C@_0BA@KKLDJDLB@?$GAlocal?5vftable?8?$AA@ 10026644     LIBCMT:undname.obj
 0002:00001654       ??_C@_05KHLCHHI@?$GARTTI?$AA@ 10026654     LIBCMT:undname.obj
 0002:0000165c       ??_C@_03KLGMFNMG@?$GAEH?$AA@ 1002665c     LIBCMT:undname.obj
 0002:00001660       ??_C@_0BA@KBCDOMBN@?$GAudt?5returning?8?$AA@ 10026660     LIBCMT:undname.obj
 0002:00001670       ??_C@_0BL@LLKPOHJI@?$GAcopy?5constructor?5closure?8?$AA@ 10026670     LIBCMT:undname.obj
 0002:0000168c       ??_C@_0CH@OOJPLCPH@?$GAeh?5vector?5vbase?5constructor?5ite@ 1002668c     LIBCMT:undname.obj
 0002:000016b4       ??_C@_0CA@GCEOPDGL@?$GAeh?5vector?5destructor?5iterator?8?$AA@ 100266b4     LIBCMT:undname.obj
 0002:000016d4       ??_C@_0CB@JONCMFFK@?$GAeh?5vector?5constructor?5iterator?8@ 100266d4     LIBCMT:undname.obj
 0002:000016f8       ??_C@_0BL@NILFHHPC@?$GAvirtual?5displacement?5map?8?$AA@ 100266f8     LIBCMT:undname.obj
 0002:00001714       ??_C@_0CE@IKBNEHA@?$GAvector?5vbase?5constructor?5iterat@ 10026714     LIBCMT:undname.obj
 0002:00001738       ??_C@_0BN@LFPFMEDL@?$GAvector?5destructor?5iterator?8?$AA@ 10026738     LIBCMT:undname.obj
 0002:00001758       ??_C@_0BO@PFGOCPJJ@?$GAvector?5constructor?5iterator?8?$AA@ 10026758     LIBCMT:undname.obj
 0002:00001778       ??_C@_0BN@IMDCHIKM@?$GAscalar?5deleting?5destructor?8?$AA@ 10026778     LIBCMT:undname.obj
 0002:00001798       ??_C@_0BO@OBMKPJIG@?$GAdefault?5constructor?5closure?8?$AA@ 10026798     LIBCMT:undname.obj
 0002:000017b8       ??_C@_0BN@DEGPLNFK@?$GAvector?5deleting?5destructor?8?$AA@ 100267b8     LIBCMT:undname.obj
 0002:000017d8       ??_C@_0BD@JDLKDPAB@?$GAvbase?5destructor?8?$AA@ 100267d8     LIBCMT:undname.obj
 0002:000017ec       ??_C@_08OBABFOLI@?$GAstring?8?$AA@ 100267ec     LIBCMT:undname.obj
 0002:000017f8       ??_C@_0BF@KDPPACIK@?$GAlocal?5static?5guard?8?$AA@ 100267f8     LIBCMT:undname.obj
 0002:00001810       ??_C@_08LLFFHHDJ@?$GAtypeof?8?$AA@ 10026810     LIBCMT:undname.obj
 0002:0000181c       ??_C@_07FEEIOKP@?$GAvcall?8?$AA@ 1002681c     LIBCMT:undname.obj
 0002:00001824       ??_C@_09BLBHBJP@?$GAvbtable?8?$AA@ 10026824     LIBCMT:undname.obj
 0002:00001830       ??_C@_09IFPLHPGF@?$GAvftable?8?$AA@ 10026830     LIBCMT:undname.obj
 0002:0000183c       ??_C@_02MHEGNOJ@?$FO?$DN?$AA@ 1002683c     LIBCMT:undname.obj
 0002:00001840       ??_C@_02DHLNPPGH@?$HM?$DN?$AA@ 10026840     LIBCMT:undname.obj
 0002:00001844       ??_C@_02FGJGFEAB@?$CG?$DN?$AA@ 10026844     LIBCMT:undname.obj
 0002:00001848       ??_C@_03CDNPDDLA@?$DM?$DM?$DN?$AA@ 10026848     LIBCMT:undname.obj
 0002:0000184c       ??_C@_03IKFCCPFF@?$DO?$DO?$DN?$AA@ 1002684c     LIBCMT:undname.obj
 0002:00001850       ??_C@_02FENAOKFI@?$CF?$DN?$AA@ 10026850     LIBCMT:undname.obj
 0002:00001854       ??_C@_02FJEHGPIO@?1?$DN?$AA@ 10026854     LIBCMT:undname.obj
 0002:00001858       ??_C@_02FKMDLLOA@?9?$DN?$AA@ 10026858     LIBCMT:undname.obj
 0002:0000185c       ??_C@_02FOEOMHFC@?$CL?$DN?$AA@ 1002685c     LIBCMT:undname.obj
 0002:00001860       ??_C@_02FPIMKNGF@?$CK?$DN?$AA@ 10026860     LIBCMT:undname.obj
 0002:00001864       ??_C@_02NONPIBCD@?$HM?$HM?$AA@ 10026864     LIBCMT:undname.obj
[...]
 0001:00023378       __ehhandler$?CreateNewBattleLogDlg@@YAXPAU_BattleMgr_@@@Z 10024378 f    CIL library: CIL module
 0001:000233a0       __unwindfunclet$??$_Uninit_fill_n@PAV?$basic_string@DU?$char_traits@D@std@@V?$allocator@D@2@@std@@IV12@V?$allocator@V?$basic_string@DU?$char_traits@D@std@@V?$allocator@D@2@@std@@@2@@std@@YAXPAV?$basic_string@DU?$char_traits@D@std@@V?$allocator@D@2@@0@IABV10@AAV?$allocator@V?$basic_string@DU?$char_traits@D@std@@V?$allocator@D@2@@std@@@0@U_Nonscalar_ptr_iterator_tag@0@U_Range_checked_iterator_tag@0@@Z$2 100243a0 f    CIL library: CIL module
 0001:000233a5       __ehhandler$??$_Uninit_fill_n@PAV?$basic_string@DU?$char_traits@D@std@@V?$allocator@D@2@@std@@IV12@V?$allocator@V?$basic_string@DU?$char_traits@D@std@@V?$allocator@D@2@@std@@@2@@std@@YAXPAV?$basic_string@DU?$char_traits@D@std@@V?$allocator@D@2@@0@IABV10@AAV?$allocator@V?$basic_string@DU?$char_traits@D@std@@V?$allocator@D@2@@std@@@0@U_Nonscalar_ptr_iterator_tag@0@U_Range_checked_iterator_tag@0@@Z 100243a5 f    CIL library: CIL module
 0001:000233c0       __ehhandler$??$_Construct@V?$_Vector_iterator@DV?$allocator@D@std@@@std@@@?$basic_string@DU?$char_traits@D@std@@V?$allocator@D@2@@std@@QAEXV?$_Vector_iterator@DV?$allocator@D@std@@@1@0Uforward_iterator_tag@1@@Z 100243c0 f    CIL library: CIL module
 0001:000233e0       __unwindfunclet$??$?HDU?$char_traits@D@std@@V?$allocator@D@1@@std@@YA?AV?$basic_string@DU?$char_traits@D@std@@V?$allocator@D@2@@0@ABV10@PBD@Z$0 100243e0 f    CIL library: CIL module
 0001:000233e0       __unwindfunclet$??$?HDU?$char_traits@D@std@@V?$allocator@D@1@@std@@YA?AV?$basic_string@DU?$char_traits@D@std@@V?$allocator@D@2@@0@ABV10@0@Z$0 100243e0 f    CIL library: CIL module
 0001:000233e8       __ehhandler$??$?HDU?$char_traits@D@std@@V?$allocator@D@1@@std@@YA?AV?$basic_string@DU?$char_traits@D@std@@V?$allocator@D@2@@0@ABV10@0@Z 100243e8 f    CIL library: CIL module
 0001:000233e8       __ehhandler$??$?HDU?$char_traits@D@std@@V?$allocator@D@1@@std@@YA?AV?$basic_string@DU?$char_traits@D@std@@V?$allocator@D@2@@0@ABV10@PBD@Z 100243e8 f    CIL library: CIL module
 0001:00023410       __unwindfunclet$?SetupJsonText@@YAXPAPADPBD@Z$0 10024410 f    CIL library: CIL module
 0001:00023418       __unwindfunclet$?SetupJsonText@@YAXPAPADPBD@Z$1 10024418 f    CIL library: CIL module
 0001:00023420       __ehhandler$?SetupJsonText@@YAXPAPADPBD@Z 10024420 f    CIL library: CIL module
 0001:00023450       __unwindfunclet$?IsNeedUseJsonString@@YAXXZ$0 10024450 f    CIL library: CIL module
 0001:00023458       __unwindfunclet$?IsNeedUseJsonString@@YAXXZ$1 10024458 f    CIL library: CIL module
 0001:00023460       __ehhandler$?IsNeedUseJsonString@@YAXXZ 10024460 f    CIL library: CIL module
 0001:00023490       __unwindfunclet$?Y_Dlg_CustomPic@@YGHPAVHiHook@@HH@Z$0 10024490 f    CIL library: CIL module
 0001:00023498       __ehhandler$?Y_Dlg_CustomPic@@YGHPAVHiHook@@HH@Z 10024498 f    CIL library: CIL module
 0001:000234c0       __unwindfunclet$?New_Dlg_CustomReq@@YAHPAU_Sphinx1_@@@Z$0 100244c0 f    CIL library: CIL module
 0001:000234c8       __ehhandler$?New_Dlg_CustomReq@@YAHPAU_Sphinx1_@@@Z 100244c8 f    CIL library: CIL module
 0001:00023500       __unwindfunclet$?Y_WoG_PicDlg_Def@@YGXPAVHiHook@@PAD1@Z$0 10024500 f    CIL library: CIL module
 0001:00023500       __unwindfunclet$?IsSupportedFormatImage@@YAHPAD@Z$0 10024500 f    CIL library: CIL module
 0001:00023500       __unwindfunclet$?Y_WoG_PicDlg_Pcx8@@YGXPAVHiHook@@PAD1@Z$0 10024500 f    CIL library: CIL module
 0001:00023508       __unwindfunclet$?Y_WoG_PicDlg_Pcx8@@YGXPAVHiHook@@PAD1@Z$1 10024508 f    CIL library: CIL module
 0001:00023508       __unwindfunclet$?Y_WoG_PicDlg_Def@@YGXPAVHiHook@@PAD1@Z$1 10024508 f    CIL library: CIL module
 0001:00023508       __unwindfunclet$?IsSupportedFormatImage@@YAHPAD@Z$1 10024508 f    CIL library: CIL module
 0001:00023510       __ehhandler$?IsSupportedFormatImage@@YAHPAD@Z 10024510 f    CIL library: CIL module
 0001:00023510       __ehhandler$?Y_WoG_PicDlg_Pcx8@@YGXPAVHiHook@@PAD1@Z 10024510 f    CIL library: CIL module
 0001:00023510       __ehhandler$?Y_WoG_PicDlg_Def@@YGXPAVHiHook@@PAD1@Z 10024510 f    CIL library: CIL module
 0001:00023540       __unwindfunclet$??$_Pop_heap@PAV?$basic_string@DU?$char_traits@D@std@@V?$allocator@D@2@@std@@HV12@P6A_NABV12@0@Z@std@@YAXPAV?$basic_string@DU?$char_traits@D@std@@V?$allocator@D@2@@0@00V10@P6A_NABV10@2@ZPAH@Z$0 10024540 f    CIL library: CIL module
 0001:00023548       __ehhandler$??$_Pop_heap@PAV?$basic_string@DU?$char_traits@D@std@@V?$allocator@D@2@@std@@HV12@P6A_NABV12@0@Z@std@@YAXPAV?$basic_string@DU?$char_traits@D@std@@V?$allocator@D@2@@0@00V10@P6A_NABV10@2@ZPAH@Z 10024548 f    CIL library: CIL module
 0001:00023570       __unwindfunclet$??$_Uninit_move@PAV?$basic_string@DU?$char_traits@D@std@@V?$allocator@D@2@@std@@PAV12@V?$allocator@V?$basic_string@DU?$char_traits@D@std@@V?$allocator@D@2@@std@@@2@@std@@YAPAV?$basic_string@DU?$char_traits@D@std@@V?$allocator@D@2@@0@PAV10@00AAV?$allocator@V?$basic_string@DU?$char_traits@D@std@@V?$allocator@D@2@@std@@@0@U_Swap_move_tag@0@U_Range_checked_iterator_tag@0@@Z$2 10024570 f    CIL library: CIL module
 0001:00023578       __unwindfunclet$??$_Uninit_move@PAV?$basic_string@DU?$char_traits@D@std@@V?$allocator@D@2@@std@@PAV12@V?$allocator@V?$basic_string@DU?$char_traits@D@std@@V?$allocator@D@2@@std@@@2@@std@@YAPAV?$basic_string@DU?$char_traits@D@std@@V?$allocator@D@2@@0@PAV10@00AAV?$allocator@V?$basic_string@DU?$char_traits@D@std@@V?$allocator@D@2@@std@@@0@U_Swap_move_tag@0@U_Range_checked_iterator_tag@0@@Z$3 10024578 f    CIL library: CIL module
 0001:0002357d       __ehhandler$??$_Uninit_move@PAV?$basic_string@DU?$char_traits@D@std@@V?$allocator@D@2@@std@@PAV12@V?$allocator@V?$basic_string@DU?$char_traits@D@std@@V?$allocator@D@2@@std@@@2@@std@@YAPAV?$basic_string@DU?$char_traits@D@std@@V?$allocator@D@2@@0@PAV10@00AAV?$allocator@V?$basic_string@DU?$char_traits@D@std@@V?$allocator@D@2@@std@@@0@U_Swap_move_tag@0@U_Range_checked_iterator_tag@0@@Z 1002457d f    CIL library: CIL module
 0001:000235b0       __unwindfunclet$?_Xlen@?$vector@DV?$allocator@D@std@@@std@@KAXXZ$0 100245b0 f    CIL library: CIL module
 0001:000235b0       __unwindfunclet$?_Xlen@?$vector@V?$basic_string@DU?$char_traits@D@std@@V?$allocator@D@2@@std@@V?$allocator@V?$basic_string@DU?$char_traits@D@std@@V?$allocator@D@2@@std@@@2@@std@@KAXXZ$0 100245b0 f    CIL library: CIL module
 0001:000235b8       __ehhandler$?_Xlen@?$vector@DV?$allocator@D@std@@@std@@KAXXZ 100245b8 f    CIL library: CIL module
 0001:000235b8       __ehhandler$?_Xlen@?$vector@V?$basic_string@DU?$char_traits@D@std@@V?$allocator@D@2@@std@@V?$allocator@V?$basic_string@DU?$char_traits@D@std@@V?$allocator@D@2@@std@@@2@@std@@KAXXZ 100245b8 f    CIL library: CIL module
 0001:000235e0       __unwindfunclet$?_Insert_n@?$vector@V?$basic_string@DU?$char_traits@D@std@@V?$allocator@D@2@@std@@V?$allocator@V?$basic_string@DU?$char_traits@D@std@@V?$allocator@D@2@@std@@@2@@std@@IAEXV?$_Vector_const_iterator@V?$basic_string@DU?$char_traits@D@std@@V?$allocator@D@2@@std@@V?$allocator@V?$basic_string@DU?$char_traits@D@std@@V?$allocator@D@2@@std@@@2@@2@IABV?$basic_string@DU?$char_traits@D@std@@V?$allocator@D@2@@2@@Z$4 100245e0 f    CIL library: CIL module
 0001:000235e8       __unwindfunclet$?_Insert_n@?$vector@V?$basic_string@DU?$char_traits@D@std@@V?$allocator@D@2@@std@@V?$allocator@V?$basic_string@DU?$char_traits@D@std@@V?$allocator@D@2@@std@@@2@@std@@IAEXV?$_Vector_const_iterator@V?$basic_string@DU?$char_traits@D@std@@V?$allocator@D@2@@std@@V?$allocator@V?$basic_string@DU?$char_traits@D@std@@V?$allocator@D@2@@std@@@2@@2@IABV?$basic_string@DU?$char_traits@D@std@@V?$allocator@D@2@@2@@Z$5 100245e8 f    CIL library: CIL module
 0001:000235f0       __ehhandler$?_Insert_n@?$vector@V?$basic_string@DU?$char_traits@D@std@@V?$allocator@D@2@@std@@V?$allocator@V?$basic_string@DU?$char_traits@D@std@@V?$allocator@D@2@@std@@@2@@std@@IAEXV?$_Vector_const_iterator@V?$basic_string@DU?$char_traits@D@std@@V?$allocator@D@2@@std@@V?$allocator@V?$basic_string@DU?$char_traits@D@std@@V?$allocator@D@2@@std@@@2@@2@IABV?$basic_string@DU?$char_traits@D@std@@V?$allocator@D@2@@2@@Z 100245f0 f    CIL library: CIL module
 0001:00023620       __unwindfunclet$??0?$vector@DV?$allocator@D@std@@@std@@QAE@XZ$0 10024620 f    CIL library: CIL module
 0001:00023620       __unwindfunclet$??0?$vector@V?$basic_string@DU?$char_traits@D@std@@V?$allocator@D@2@@std@@V?$allocator@V?$basic_string@DU?$char_traits@D@std@@V?$allocator@D@2@@std@@@2@@std@@QAE@XZ$0 10024620 f    CIL library: CIL module
 0001:00023628       __ehhandler$??0?$vector@V?$basic_string@DU?$char_traits@D@std@@V?$allocator@D@2@@std@@V?$allocator@V?$basic_string@DU?$char_traits@D@std@@V?$allocator@D@2@@std@@@2@@std@@QAE@XZ 10024628 f    CIL library: CIL module
 0001:00023628       __ehhandler$??0?$vector@DV?$allocator@D@std@@@std@@QAE@XZ 10024628 f    CIL library: CIL module
 0001:00023650       __unwindfunclet$?expandFilePath@fsman@@YA?AV?$basic_string@DU?$char_traits@D@std@@V?$allocator@D@2@@std@@ABV23@@Z$0 10024650 f    CIL library: CIL module
 0001:00023658       __unwindfunclet$?expandFilePath@fsman@@YA?AV?$basic_string@DU?$char_traits@D@std@@V?$allocator@D@2@@std@@ABV23@@Z$1 10024658 f    CIL library: CIL module
 0001:00023660       __ehhandler$?expandFilePath@fsman@@YA?AV?$basic_string@DU?$char_traits@D@std@@V?$allocator@D@2@@std@@ABV23@@Z 10024660 f    CIL library: CIL module
 0001:00023690       __unwindfunclet$?WOG_ProcessAll@@YGXPAVHiHook@@@Z$0 10024690 f    CIL library: CIL module
 0001:00023698       __unwindfunclet$?WOG_ProcessAll@@YGXPAVHiHook@@@Z$1 10024698 f    CIL library: CIL module
 0001:000236a0       __ehhandler$?WOG_ProcessAll@@YGXPAVHiHook@@@Z 100246a0 f    CIL library: CIL module
 0001:000236d0       __unwindfunclet$?listFiles@FsMan@fsman@@QAE?AV?$vector@V?$basic_string@DU?$char_traits@D@std@@V?$allocator@D@2@@std@@V?$allocator@V?$basic_string@DU?$char_traits@D@std@@V?$allocator@D@2@@std@@@2@@std@@ABV?$basic_string@DU?$char_traits@D@std@@V?$allocator@D@2@@4@@Z$0 100246d0 f    CIL library: CIL module
 0001:000236f2       __unwindfunclet$?listFiles@FsMan@fsman@@QAE?AV?$vector@V?$basic_string@DU?$char_traits@D@std@@V?$allocator@D@2@@std@@V?$allocator@V?$basic_string@DU?$char_traits@D@std@@V?$allocator@D@2@@std@@@2@@std@@ABV?$basic_string@DU?$char_traits@D@std@@V?$allocator@D@2@@4@@Z$1 100246f2 f    CIL library: CIL module
 0001:000236fd       __unwindfunclet$?listFiles@FsMan@fsman@@QAE?AV?$vector@V?$basic_string@DU?$char_traits@D@std@@V?$allocator@D@2@@std@@V?$allocator@V?$basic_string@DU?$char_traits@D@std@@V?$allocator@D@2@@std@@@2@@std@@ABV?$basic_string@DU?$char_traits@D@std@@V?$allocator@D@2@@4@@Z$3 100246fd f    CIL library: CIL module
 0001:0002371f       __unwindfunclet$?listFiles@FsMan@fsman@@QAE?AV?$vector@V?$basic_string@DU?$char_traits@D@std@@V?$allocator@D@2@@std@@V?$allocator@V?$basic_string@DU?$char_traits@D@std@@V?$allocator@D@2@@std@@@2@@std@@ABV?$basic_string@DU?$char_traits@D@std@@V?$allocator@D@2@@4@@Z$4 1002471f f    CIL library: CIL module
 0001:0002372a       __unwindfunclet$?listFiles@FsMan@fsman@@QAE?AV?$vector@V?$basic_string@DU?$char_traits@D@std@@V?$allocator@D@2@@std@@V?$allocator@V?$basic_string@DU?$char_traits@D@std@@V?$allocator@D@2@@std@@@2@@std@@ABV?$basic_string@DU?$char_traits@D@std@@V?$allocator@D@2@@4@@Z$5 1002472a f    CIL library: CIL module
 0001:0002374c       __unwindfunclet$?listFiles@FsMan@fsman@@QAE?AV?$vector@V?$basic_string@DU?$char_traits@D@std@@V?$allocator@D@2@@std@@V?$allocator@V?$basic_string@DU?$char_traits@D@std@@V?$allocator@D@2@@std@@@2@@std@@ABV?$basic_string@DU?$char_traits@D@std@@V?$allocator@D@2@@4@@Z$6 1002474c f    CIL library: CIL module
 0001:00023757       __ehhandler$?listFiles@FsMan@fsman@@QAE?AV?$vector@V?$basic_string@DU?$char_traits@D@std@@V?$allocator@D@2@@std@@V?$allocator@V?$basic_string@DU?$char_traits@D@std@@V?$allocator@D@2@@std@@@2@@std@@ABV?$basic_string@DU?$char_traits@D@std@@V?$allocator@D@2@@4@@Z 10024757 f    CIL library: CIL module
 0001:00023790       __unwindfunclet$?listDirectories@FsMan@fsman@@QAE?AV?$vector@V?$basic_string@DU?$char_traits@D@std@@V?$allocator@D@2@@std@@V?$allocator@V?$basic_string@DU?$char_traits@D@std@@V?$allocator@D@2@@std@@@2@@std@@XZ$0 10024790 f    CIL library: CIL module
 0001:000237b2       __unwindfunclet$?listDirectories@FsMan@fsman@@QAE?AV?$vector@V?$basic_string@DU?$char_traits@D@std@@V?$allocator@D@2@@std@@V?$allocator@V?$basic_string@DU?$char_traits@D@std@@V?$allocator@D@2@@std@@@2@@std@@XZ$2 100247b2 f    CIL library: CIL module
 0001:000237bd       __unwindfunclet$?listDirectories@FsMan@fsman@@QAE?AV?$vector@V?$basic_string@DU?$char_traits@D@std@@V?$allocator@D@2@@std@@V?$allocator@V?$basic_string@DU?$char_traits@D@std@@V?$allocator@D@2@@std@@@2@@std@@XZ$3 100247bd f    CIL library: CIL module
 0001:000237df       __unwindfunclet$?listDirectories@FsMan@fsman@@QAE?AV?$vector@V?$basic_string@DU?$char_traits@D@std@@V?$allocator@D@2@@std@@V?$allocator@V?$basic_string@DU?$char_traits@D@std@@V?$allocator@D@2@@std@@@2@@std@@XZ$4 100247df f    CIL library: CIL module
 0001:000237ea       __unwindfunclet$?listDirectories@FsMan@fsman@@QAE?AV?$vector@V?$basic_string@DU?$char_traits@D@std@@V?$allocator@D@2@@std@@V?$allocator@V?$basic_string@DU?$char_traits@D@std@@V?$allocator@D@2@@std@@@2@@std@@XZ$5 100247ea f    CIL library: CIL module
 0001:0002380c       __unwindfunclet$?listDirectories@FsMan@fsman@@QAE?AV?$vector@V?$basic_string@DU?$char_traits@D@std@@V?$allocator@D@2@@std@@V?$allocator@V?$basic_string@DU?$char_traits@D@std@@V?$allocator@D@2@@std@@@2@@std@@XZ$6 1002480c f    CIL library: CIL module
 0001:00023817       __ehhandler$?listDirectories@FsMan@fsman@@QAE?AV?$vector@V?$basic_string@DU?$char_traits@D@std@@V?$allocator@D@2@@std@@V?$allocator@V?$basic_string@DU?$char_traits@D@std@@V?$allocator@D@2@@std@@@2@@std@@XZ 10024817 f    CIL library: CIL module
 0001:00023850       __unwindfunclet$?expandFilePath@FsMan@fsman@@QAE?AV?$basic_string@DU?$char_traits@D@std@@V?$allocator@D@2@@std@@ABV34@@Z$0 10024850 f    CIL library: CIL module
 0001:00023869       __unwindfunclet$?expandFilePath@FsMan@fsman@@QAE?AV?$basic_string@DU?$char_traits@D@std@@V?$allocator@D@2@@std@@ABV34@@Z$1 10024869 f    CIL library: CIL module
 0001:00023882       __ehhandler$?expandFilePath@FsMan@fsman@@QAE?AV?$basic_string@DU?$char_traits@D@std@@V?$allocator@D@2@@std@@ABV34@@Z 10024882 f    CIL library: CIL module
 0001:000238a0       __unwindfunclet$??0FsMan@fsman@@QAE@ABV?$basic_string@DU?$char_traits@D@std@@V?$allocator@D@2@@std@@@Z$0 100248a0 f    CIL library: CIL module
 0001:000238a8       __unwindfunclet$??0FsMan@fsman@@QAE@ABV?$basic_string@DU?$char_traits@D@std@@V?$allocator@D@2@@std@@@Z$1 100248a8 f    CIL library: CIL module
 0001:000238b0       __ehhandler$??0FsMan@fsman@@QAE@ABV?$basic_string@DU?$char_traits@D@std@@V?$allocator@D@2@@std@@@Z 100248b0 f    CIL library: CIL module
 0001:000238d0       __unwindfunclet$?NewDlg_ChooseFile_Rebuild@@YGHPAV_CustomDlg_@@@Z$0 100248d0 f    CIL library: CIL module
 0001:000238d8       __unwindfunclet$?NewDlg_ChooseFile_Rebuild@@YGHPAV_CustomDlg_@@@Z$1 100248d8 f    CIL library: CIL module
 0001:000238e0       __unwindfunclet$?NewDlg_ChooseFile_Rebuild@@YGHPAV_CustomDlg_@@@Z$2 100248e0 f    CIL library: CIL module
 0001:000238e8       __unwindfunclet$?NewDlg_ChooseFile_Rebuild@@YGHPAV_CustomDlg_@@@Z$5 100248e8 f    CIL library: CIL module
 0001:000238f0       __unwindfunclet$?NewDlg_ChooseFile_Rebuild@@YGHPAV_CustomDlg_@@@Z$7 100248f0 f    CIL library: CIL module
 0001:000238fb       __unwindfunclet$?NewDlg_ChooseFile_Rebuild@@YGHPAV_CustomDlg_@@@Z$8 100248fb f    CIL library: CIL module
 0001:00023906       __unwindfunclet$?NewDlg_ChooseFile_Rebuild@@YGHPAV_CustomDlg_@@@Z$9 10024906 f    CIL library: CIL module
 0001:0002390e       __unwindfunclet$?NewDlg_ChooseFile_Rebuild@@YGHPAV_CustomDlg_@@@Z$10 1002490e f    CIL library: CIL module
 0001:00023919       __ehhandler$?NewDlg_ChooseFile_Rebuild@@YGHPAV_CustomDlg_@@@Z 10024919 f    CIL library: CIL module
 0001:00023950       __unwindfunclet$?NewDlg_ChooseFile_ScrollProc@@YIXHPAV_CustomDlg_@@@Z$1 10024950 f    CIL library: CIL module
 0001:00023958       __unwindfunclet$?NewDlg_ChooseFile_ScrollProc@@YIXHPAV_CustomDlg_@@@Z$3 10024958 f    CIL library: CIL module
 0001:00023963       __unwindfunclet$?NewDlg_ChooseFile_ScrollProc@@YIXHPAV_CustomDlg_@@@Z$4 10024963 f    CIL library: CIL module
 0001:0002396e       __unwindfunclet$?NewDlg_ChooseFile_ScrollProc@@YIXHPAV_CustomDlg_@@@Z$5 1002496e f    CIL library: CIL module
 0001:00023976       __unwindfunclet$?NewDlg_ChooseFile_ScrollProc@@YIXHPAV_CustomDlg_@@@Z$6 10024976 f    CIL library: CIL module
 0001:0002397e       __ehhandler$?NewDlg_ChooseFile_ScrollProc@@YIXHPAV_CustomDlg_@@@Z 1002497e f    CIL library: CIL module
 0001:000239a0       __unwindfunclet$?changeDirectory@FsMan@fsman@@QAE_NABV?$basic_string@DU?$char_traits@D@std@@V?$allocator@D@2@@std@@@Z$0 100249a0 f    CIL library: CIL module
 0001:000239a8       __ehhandler$?changeDirectory@FsMan@fsman@@QAE_NABV?$basic_string@DU?$char_traits@D@std@@V?$allocator@D@2@@std@@@Z 100249a8 f    CIL library: CIL module
 0001:000239d0       __unwindfunclet$?NewDlg_ChooseFile_JumpRootFolder@@YAHPAV_CustomDlg_@@@Z$0 100249d0 f    CIL library: CIL module
 0001:000239db       __ehhandler$?NewDlg_ChooseFile_JumpRootFolder@@YAHPAV_CustomDlg_@@@Z 100249db f    CIL library: CIL module
 0001:00023a10       __unwindfunclet$?NewDlg_ChooseFile_ChangeDirectory@@YAHPAV_CustomDlg_@@PAD@Z$0 10024a10 f    CIL library: CIL module
 0001:00023a18       __ehhandler$?NewDlg_ChooseFile_ChangeDirectory@@YAHPAV_CustomDlg_@@PAD@Z 10024a18 f    CIL library: CIL module
 0001:00023a40       __unwindfunclet$?NewDlg_ChooseFile_FolderIn@@YAHPAV_CustomDlg_@@@Z$1 10024a40 f    CIL library: CIL module
 0001:00023a48       __ehhandler$?NewDlg_ChooseFile_FolderIn@@YAHPAV_CustomDlg_@@@Z 10024a48 f    CIL library: CIL module
 0001:00023a70       __unwindfunclet$?NewDlg_ChooseFile_FolderOut@@YAHPAV_CustomDlg_@@@Z$0 10024a70 f    CIL library: CIL module
 0001:00023a78       __unwindfunclet$?NewDlg_ChooseFile_FolderOut@@YAHPAV_CustomDlg_@@@Z$2 10024a78 f    CIL library: CIL module
 0001:00023a80       __ehhandler$?NewDlg_ChooseFile_FolderOut@@YAHPAV_CustomDlg_@@@Z 10024a80 f    CIL library: CIL module
 0001:00023ab0       __unwindfunclet$?NewDlg_ChooseFile_Proc@@YGHPAV_CustomDlg_@@PAU_DlgMsg_@@@Z$0 10024ab0 f    CIL library: CIL module
 0001:00023ab8       __ehhandler$?NewDlg_ChooseFile_Proc@@YGHPAV_CustomDlg_@@PAU_DlgMsg_@@@Z 10024ab8 f    CIL library: CIL module
 0001:00023ae0       __unwindfunclet$?NewDlg_ChooseFile@@YGHPAU_ChooseFile_@@@Z$0 10024ae0 f    CIL library: CIL module
 0001:00023ae8       __unwindfunclet$?NewDlg_ChooseFile@@YGHPAU_ChooseFile_@@@Z$1 10024ae8 f    CIL library: CIL module
 0001:00023af0       __ehhandler$?NewDlg_ChooseFile@@YGHPAU_ChooseFile_@@@Z 10024af0 f    CIL library: CIL module
 0001:00023b20       __unwindfunclet$?NewDlg_ChooseFile_Prepare@@YAHPAU_ChooseFile_@@@Z$0 10024b20 f    CIL library: CIL module
 0001:00023b2b       __unwindfunclet$?NewDlg_ChooseFile_Prepare@@YAHPAU_ChooseFile_@@@Z$1 10024b2b f    CIL library: CIL module
 0001:00023b33       __unwindfunclet$?NewDlg_ChooseFile_Prepare@@YAHPAU_ChooseFile_@@@Z$2 10024b33 f    CIL library: CIL module
 0001:00023b3b       __unwindfunclet$?NewDlg_ChooseFile_Prepare@@YAHPAU_ChooseFile_@@@Z$3 10024b3b f    CIL library: CIL module
 0001:00023b43       __ehhandler$?NewDlg_ChooseFile_Prepare@@YAHPAU_ChooseFile_@@@Z 10024b43 f    CIL library: CIL module
 0001:00023b71       ??__Fnomem@?5???2@YAPAXI@Z@YAXXZ 10024b71 f   LIBCMT:new.obj
