 wog native dialogs

 Timestamp is 5d7a07ee (Thu Sep 12 11:55:10 2019)

 Preferred load address is 10000000

 Start         Length     Name                   Class
 0001:00000000 00016c7cH .text                   CODE
 0002:00000000 00000118H .idata$5                DATA
 0002:00000118 00000004H .CRT$XCA                DATA
 0002:0000011c 00000004H .CRT$XCZ                DATA
 0002:00000120 00000004H .CRT$XIA                DATA
 0002:00000124 00000010H .CRT$XIC                DATA
 0002:00000134 00000004H .CRT$XIZ                DATA
 0002:00000138 00000004H .CRT$XPA                DATA
 0002:0000013c 00000004H .CRT$XPX                DATA
 0002:00000140 00000004H .CRT$XPXA               DATA
 0002:00000144 00000004H .CRT$XPZ                DATA
 0002:00000148 00000004H .CRT$XTA                DATA
 0002:0000014c 00000004H .CRT$XTZ                DATA
 0002:00000150 000018c8H .rdata                  DATA
 0002:00001a18 00000069H .rdata$debug            DATA
 0002:00001a90 0000000cH .rdata$sxdata           DATA
 0002:00001a9c 00000004H .rtc$IAA                DATA
 0002:00001aa0 00000004H .rtc$IZZ                DATA
 0002:00001aa4 00000004H .rtc$TAA                DATA
 0002:00001aa8 00000004H .rtc$TZZ                DATA
 0002:00001ab0 000003b4H .xdata$x                DATA
 0002:00001e64 00000014H .idata$2                DATA
 0002:00001e78 00000014H .idata$3                DATA
 0002:00001e8c 00000118H .idata$4                DATA
 0002:00001fa4 000004faH .idata$6                DATA
 0002:0000249e 00000000H .edata                  DATA
 0003:00000000 00001248H .data                   DATA
 0003:00001260 00001cd8H .bss                    DATA

  Address         Publics by Value              Rva+Base       Lib:Object

 0000:00000000       __except_list              00000000     <absolute>
 0000:00000003       ___safe_se_handler_count   00000003     <absolute>
 0000:00000000       ___ImageBase               10000000     <linker-defined>
 0001:00000000       ?RedrawScreen@_DlgItem_@@QAEXXZ 10001000 f   HoMM3_GUI.obj
 0001:00000030       ?Create@_CustomDlg_@@SAPAV1@HHHHIP6GHPAV1@PAU_DlgMsg_@@@Z@Z 10001030 f   HoMM3_GUI.obj
 0001:000000b0       ?DlgProcBridge@_CustomDlg_@@SIHPAV1@IPAU_DlgMsg_@@@Z 100010b0 f   HoMM3_GUI.obj
 0001:000000d0       ?WriteCodePatch@PatcherInstance@@QAAPAVPatch@@IPADZZ 100010d0 f i wog native dialogs.obj
 0001:000000f0       ?Redraw@_Dlg_@@QAEXXZ      100010f0 f i wog native dialogs.obj
 0001:00000110       ?Create@_DlgStaticDef_@@SAPAU1@HHHPADHHH@Z 10001110 f i wog native dialogs.obj
 0001:00000170       ?Create@_DlgButton_@@SAPAU1@HHHPADHHHH@Z 10001170 f i wog native dialogs.obj
 0001:000001c0       ?b_MsgBox@@YAHPADH@Z       100011c0 f i wog native dialogs.obj
 0001:000001f0       ?b_MsgBoxD@@YAHPADHHH@Z    100011f0 f i wog native dialogs.obj
 0001:00000230       ?Get_ITxtExp@@YAPADH@Z     10001230 f i wog native dialogs.obj
 0001:00000250       ?Set_DlgBackground_RK@@YAHPAV_CustomDlg_@@HH@Z 10001250 f   wog native dialogs.obj
 0001:00000830       ?b_MsgBoxAndDef@@YAXPADH0@Z 10001830 f   wog native dialogs.obj
 0001:00000a60       ?b_MsgBoxBig@@YAXPADD@Z    10001a60 f   wog native dialogs.obj
 0001:00000ba0       ?e_ClickSound@@YAXXZ       10001ba0 f i wog native dialogs.obj
 0001:00000bf0       ?ConnectEra@Era@@YAXXZ     10001bf0 f   wog native dialogs.obj
 0001:00000ea0       ?Y_New_CommanderDlg_Proc@@YGHPAV_CustomDlg_@@PAU_DlgMsg_@@@Z 10001ea0 f   wog native dialogs.obj
 0001:00001660       ?Y_Dlg_NPC_Show@@YGHPAVHiHook@@PAU_DlgNPC_@@@Z 10002660 f   wog native dialogs.obj
 0001:00002d00       ?Y_Dlg_NPC_Prepare@@YGXPAVHiHook@@PAU_Npc_@@HHH@Z 10003d00 f   wog native dialogs.obj
 0001:00002d40       ?Y_Dlg_NPC_ShowAgain_IfGetArtHero@@YGHPAVLoHook@@PAUHookContext@@@Z 10003d40 f   wog native dialogs.obj
 0001:00002d60       ?New_Dlg_ExpaMon_Case8@@YAHH@Z 10003d60 f   wog native dialogs.obj
 0001:000036a0       ?New_Dlg_ExpaMon_BannerDlg_Proc@@YGHPAV_CustomDlg_@@PAU_DlgMsg_@@@Z 100046a0 f   wog native dialogs.obj
 0001:00003770       ?New_Dlg_ExpaMon_BannerDlg@@YAHXZ 10004770 f   wog native dialogs.obj
 0001:00003b90       ?New_Dlg_ExpaMon_Proc@@YGHPAV_CustomDlg_@@PAU_DlgMsg_@@@Z 10004b90 f   wog native dialogs.obj
 0001:00004000       ?New_Dlg_ExpaMon@@YAHHHHI@Z 10005000 f   wog native dialogs.obj
 0001:00004c30       ?Y_ChangeBmp_To_DefFrame@@YAHXZ 10005c30 f   wog native dialogs.obj
 0001:00005ea0       ?New_Dlg_IF_G_Proc@@YGHPAV_CustomDlg_@@PAU_DlgMsg_@@@Z 10006ea0 f   wog native dialogs.obj
 0001:00005fe0       ?New_Dlg_IF_G@@YAHHHHHH@Z  10006fe0 f   wog native dialogs.obj
 0001:00006410       ?Dlg_ChooseMonAttack_Proc@@YGHPAV_CustomDlg_@@PAU_DlgMsg_@@@Z 10007410 f   wog native dialogs.obj
 0001:00006450       ?Dlg_ChooseMonAttack@@YGHPAVHiHook@@HHH@Z 10007450 f   wog native dialogs.obj
 0001:00006750       ?Redraw_WoGDlgSetup_ElemOnPage@@YAHPAV_CustomDlg_@@PAU_DlgSetup_@@H@Z 10007750 f   wog native dialogs.obj
 0001:00006940       ?ShowHide_WoGDlgSetup_ElemOnPage@@YAHPAV_CustomDlg_@@HPAU_DlgSetup_@@H@Z 10007940 f   wog native dialogs.obj
 0001:00006b30       ?Create_WoGDlgSetup_ElemOnPage@@YAHPAV_CustomDlg_@@HPAU_DlgSetup_@@@Z 10007b30 f   wog native dialogs.obj
 0001:00006f20       ?setYellowFrames@@YAXPAV_CustomDlg_@@H@Z 10007f20 f   wog native dialogs.obj
 0001:00007a80       ?Dlg_WoG_Options_Proc@@YGHPAV_CustomDlg_@@PAU_DlgMsg_@@@Z 10008a80 f   wog native dialogs.obj
 0001:00008180       ?Dlg_WoG_Options_Show@@YGXPAVHiHook@@H@Z 10009180 f   wog native dialogs.obj
 0001:00008660       ?Dlg_ChooseCastleReBuild_Proc@@YGHPAV_CustomDlg_@@PAU_DlgMsg_@@@Z 10009660 f   wog native dialogs.obj
 0001:000087a0       ?Dlg_ChooseCastleReBuild@@YGHPAVHiHook@@HH@Z 100097a0 f   wog native dialogs.obj
 0001:00008a90       ?Y_WoGDlg_ChooseArt_Proc@@YGHPAV_CustomDlg_@@PAU_DlgMsg_@@@Z 10009a90 f   wog native dialogs.obj
 0001:00008d80       ?Y_WoGDlg_ChooseArt@@YGHPAVHiHook@@HPAU_Hero_@@H@Z 10009d80 f   wog native dialogs.obj
 0001:00009400       ?Y_WoGCurseDlg_Proc@@YGHPAV_CustomDlg_@@PAU_DlgMsg_@@@Z 1000a400 f   wog native dialogs.obj
 0001:00009500       ?Y_WoGCurseDlg_Show@@YGHPAVLoHook@@PAUHookContext@@@Z 1000a500 f   wog native dialogs.obj
 0001:000098a0       ?New_Dlg_ExpaMon_Lo@@YGHPAVLoHook@@PAUHookContext@@@Z 1000a8a0 f   wog native dialogs.obj
 0001:000098e0       ?New_Dlg_ExpaMon_Lo_IsBattle@@YGHPAVLoHook@@PAUHookContext@@@Z 1000a8e0 f   wog native dialogs.obj
 0001:00009900       ?New_Dlg_ExpaMon_NULL@@YGHPAVLoHook@@PAUHookContext@@@Z 1000a900 f   wog native dialogs.obj
 0001:00009910       ?New_Dlg_IF_G_Lo@@YGHPAVLoHook@@PAUHookContext@@@Z 1000a910 f   wog native dialogs.obj
 0001:00009950       ?getAIValue_NPC@@YA_JH@Z   1000a950 f   wog native dialogs.obj
 0001:00009a30       ?get_AIValue_Hook@@YG_JPAVHiHook@@H@Z 1000aa30 f   wog native dialogs.obj
 0001:00009a80       ?get_AIValue_And_NPC_Error@@YGHPAVLoHook@@PAUHookContext@@@Z 1000aa80 f   wog native dialogs.obj
 0001:00009a90       ?get_Fight_Value_Hook@@YGHPAVLoHook@@PAUHookContext@@@Z 1000aa90 f   wog native dialogs.obj
 0001:00009ac0       ?Y_DlgTown_Proc@@YGDPAVHiHook@@PAU_TownMgr_@@PAU_DlgMsg_@@@Z 1000aac0 f   wog native dialogs.obj
 0001:00009c40       ?Y_Dlg_HeroesMeet@@YGHPAVLoHook@@PAUHookContext@@@Z 1000ac40 f   wog native dialogs.obj
 0001:00009c70       ?Y_Battle_SetHintAttackWillKilled@@YGHPAVLoHook@@PAUHookContext@@@Z 1000ac70 f   wog native dialogs.obj
 0001:00009e00       ?Y_Battle_SetHintAttackGetDamage@@YGHPAVLoHook@@PAUHookContext@@@Z 1000ae00 f   wog native dialogs.obj
 0001:00009e20       ?Y_HeroDlg_Create@@YGPAV_CustomDlg_@@PAVHiHook@@PAV1@@Z 1000ae20 f   wog native dialogs.obj
 0001:00009e80       ?Y_HeroDlg_Proc@@YGHPAVHiHook@@PAV_CustomDlg_@@PAU_DlgMsg_@@@Z 1000ae80 f   wog native dialogs.obj
 0001:00009fd0       ?Y_NewScenarioDlg_Proc@@YGHPAVHiHook@@PAV_CustomDlg_@@PAU_DlgMsg_@@@Z 1000afd0 f   wog native dialogs.obj
 0001:0000a020       ?Y_NewScenarioDlg_Create@@YGXPAVHiHook@@PAU_NewScenarioDlg_@@H@Z 1000b020 f   wog native dialogs.obj
 0001:0000a0d0       ?Y_Dlg_HeroLvlUp_Proc@@YGHPAVHiHook@@HPAU_DlgMsg_@@@Z 1000b0d0 f   wog native dialogs.obj
 0001:0000a1b0       ?Y_Lo_Dlg_HeroLvlUp_Create@@YGHPAVLoHook@@PAUHookContext@@@Z 1000b1b0 f   wog native dialogs.obj
 0001:0000a1d0       ?b_MsgBox_Proc@@YGHPAVHiHook@@PAU_DlgMsg_@@@Z 1000b1d0 f   wog native dialogs.obj
 0001:0000a280       ?Y_Dlg_Recuit_Proc@@YGHPAVHiHook@@PAU_Struct_@@PAU_DlgMsg_@@@Z 1000b280 f   wog native dialogs.obj
 0001:0000a310       ?Y_Dlg_Recuit_Create@@YGHPAVHiHook@@PAU_Struct_@@H@Z 1000b310 f   wog native dialogs.obj
 0001:0000a380       ?Y_DlgMainMenu_Proc@@YGHPAVHiHook@@PAU_DlgMsg_@@@Z 1000b380 f   wog native dialogs.obj
 0001:0000a550       ?Y_BATTLE_Proc@@YGHPAVHiHook@@PAU_BattleMgr_@@PAU_DlgMsg_@@@Z 1000b550 f   wog native dialogs.obj
 0001:0000a5e0       ?Y_EndBattle@@YGHPAVLoHook@@PAUHookContext@@@Z 1000b5e0 f   wog native dialogs.obj
 0001:0000a610       ?Y_Dlg_MainMenu_Create@@YGHPAVHiHook@@PAU_Dlg_@@@Z 1000b610 f   wog native dialogs.obj
 0001:0000a6b0       ?StartHD5Functions@@YAXXZ  1000b6b0 f   wog native dialogs.obj
 0001:0000a7d0       ?Y_LoadAllTXTinGames@@YGHPAVLoHook@@PAUHookContext@@@Z 1000b7d0 f   wog native dialogs.obj
 0001:0000a800       ?Y_Hook_MainLoop@@YGHPAVLoHook@@PAUHookContext@@@Z 1000b800 f   wog native dialogs.obj
 0001:0000a9f0       _DllMain@12                1000b9f0 f   wog native dialogs.obj
 0001:0000aeb0       ??$VarValue@H@Patcher@@QAEAAHPAD@Z 1000beb0 f i wog native dialogs.obj
 0001:0000aee5       @__security_check_cookie@4 1000bee5 f   LIBCMT:secchk.obj
 0001:0000aef4       _sprintf                   1000bef4 f   LIBCMT:sprintf.obj
 0001:0000af71       __CRT_INIT@12              1000bf71 f   LIBCMT:dllcrt0.obj
 0001:0000b19c       __DllMainCRTStartup@12     1000c19c f   LIBCMT:dllcrt0.obj
 0001:0000b1bf       ___report_gsfailure        1000c1bf f   LIBCMT:gs_report.obj
 0001:0000b2c5       __flsbuf                   1000c2c5 f   LIBCMT:_flsbuf.obj
 0001:0000b429       ??0_LocaleUpdate@@QAE@PAUlocaleinfo_struct@@@Z 1000c429 f i LIBCMT:output.obj
 0001:0000b556       __output_l                 1000c556 f   LIBCMT:output.obj
 0001:0000c0ee       __initp_misc_invarg        1000d0ee f   LIBCMT:invarg.obj
 0001:0000c0fd       __invoke_watson            1000d0fd f   LIBCMT:invarg.obj
 0001:0000c225       __invalid_parameter        1000d225 f   LIBCMT:invarg.obj
 0001:0000c24b       __get_errno_from_oserr     1000d24b f   LIBCMT:dosmap.obj
 0001:0000c28d       __errno                    1000d28d f   LIBCMT:dosmap.obj
 0001:0000c2a0       ___doserrno                1000d2a0 f   LIBCMT:dosmap.obj
 0001:0000c2b3       __dosmaperr                1000d2b3 f   LIBCMT:dosmap.obj
 0001:0000c2d6       __encode_pointer           1000d2d6 f   LIBCMT:tidtable.obj
 0001:0000c348       __encoded_null             1000d348 f   LIBCMT:tidtable.obj
 0001:0000c351       __decode_pointer           1000d351 f   LIBCMT:tidtable.obj
 0001:0000c3c3       ___crtTlsAlloc@4           1000d3c3 f   LIBCMT:tidtable.obj
 0001:0000c3cc       ___set_flsgetvalue         1000d3cc f   LIBCMT:tidtable.obj
 0001:0000c400       __mtterm                   1000d400 f   LIBCMT:tidtable.obj
 0001:0000c43d       __initptd                  1000d43d f   LIBCMT:tidtable.obj
 0001:0000c524       __getptd_noexit            1000d524 f   LIBCMT:tidtable.obj
 0001:0000c59d       __getptd                   1000d59d f   LIBCMT:tidtable.obj
 0001:0000c5b7       __freefls@4                1000d5b7 f   LIBCMT:tidtable.obj
 0001:0000c6e6       __freeptd                  1000d6e6 f   LIBCMT:tidtable.obj
 0001:0000c754       __mtinit                   1000d754 f   LIBCMT:tidtable.obj
 0001:0000c8e1       _free                      1000d8e1 f   LIBCMT:free.obj
 0001:0000c96f       __malloc_crt               1000d96f f   LIBCMT:crtheap.obj
 0001:0000c9b4       __calloc_crt               1000d9b4 f   LIBCMT:crtheap.obj
 0001:0000ca00       __realloc_crt              1000da00 f   LIBCMT:crtheap.obj
 0001:0000ca4e       __crt_waiting_on_module_handle 1000da4e f   LIBCMT:crt0dat.obj
 0001:0000ca7e       __amsg_exit                1000da7e f   LIBCMT:crt0dat.obj
 0001:0000caa7       ___crtCorExitProcess       1000daa7 f   LIBCMT:crt0dat.obj
 0001:0000cad2       ___crtExitProcess          1000dad2 f   LIBCMT:crt0dat.obj
 0001:0000caea       __lockexit                 1000daea f   LIBCMT:crt0dat.obj
 0001:0000caf3       __unlockexit               1000daf3 f   LIBCMT:crt0dat.obj
 0001:0000cb19       __initterm_e               1000db19 f   LIBCMT:crt0dat.obj
 0001:0000cb3d       __cinit                    1000db3d f   LIBCMT:crt0dat.obj
 0001:0000ccee       __exit                     1000dcee f   LIBCMT:crt0dat.obj
 0001:0000cd04       __cexit                    1000dd04 f   LIBCMT:crt0dat.obj
 0001:0000cd13       __init_pointers            1000dd13 f   LIBCMT:crt0dat.obj
 0001:0000cd61       __ioinit                   1000dd61 f   LIBCMT:ioinit.obj
 0001:0000cfb5       __ioterm                   1000dfb5 f   LIBCMT:ioinit.obj
 0001:0000d003       __setenvp                  1000e003 f   LIBCMT:stdenvp.obj
 0001:0000d27b       __setargv                  1000e27b f   LIBCMT:stdargv.obj
 0001:0000d336       ___crtGetEnvironmentStringsA 1000e336 f   LIBCMT:a_env.obj
 0001:0000d46d       __RTC_Initialize           1000e46d f   LIBCMT:_initsect_.obj
 0001:0000d493       __RTC_Terminate            1000e493 f   LIBCMT:_initsect_.obj
 0001:0000d4b9       __heap_init                1000e4b9 f   LIBCMT:heapinit.obj
 0001:0000d4e9       __heap_term                1000e4e9 f   LIBCMT:heapinit.obj
 0001:0000d55d       __fpclear                  1000e55d f   LIBCMT:_fpinit_.obj
 0001:0000d55d       __initp_misc_winxfltr      1000e55d f   LIBCMT:winxfltr.obj
 0001:0000d55e       __XcptFilter               1000e55e f   LIBCMT:winxfltr.obj
 0001:0000d6be       ___CppXcptFilter           1000e6be f   LIBCMT:winxfltr.obj
 0001:0000d6e0       __SEH_prolog4              1000e6e0 f   LIBCMT:sehprolg4.obj
 0001:0000d725       __SEH_epilog4              1000e725 f   LIBCMT:sehprolg4.obj
 0001:0000d740       __except_handler4          1000e740 f   LIBCMT:chandler4.obj
 0001:0000d8cc       ___security_init_cookie    1000e8cc f   LIBCMT:gs_support.obj
 0001:0000d962       __crt_debugger_hook        1000e962 f   LIBCMT:dbghook.obj
 0001:0000d96a       __lseeki64_nolock          1000e96a f   LIBCMT:lseeki64.obj
 0001:0000d9ef       __lseeki64                 1000e9ef f   LIBCMT:lseeki64.obj
 0001:0000db08       __write_nolock             1000eb08 f   LIBCMT:write.obj
 0001:0000e23b       __write                    1000f23b f   LIBCMT:write.obj
 0001:0000e317       __getbuf                   1000f317 f   LIBCMT:_getbuf.obj
 0001:0000e360       __isatty                   1000f360 f   LIBCMT:isatty.obj
 0001:0000e3c4       ___iob_func                1000f3c4 f   LIBCMT:_file.obj
 0001:0000e3ca       ___initstdio               1000f3ca f   LIBCMT:_file.obj
 0001:0000e47b       ___endstdio                1000f47b f   LIBCMT:_file.obj
 0001:0000e49b       __lock_file                1000f49b f   LIBCMT:_file.obj
 0001:0000e4dc       __lock_file2               1000f4dc f   LIBCMT:_file.obj
 0001:0000e50e       __unlock_file              1000f50e f   LIBCMT:_file.obj
 0001:0000e54a       __unlock_file2             1000f54a f   LIBCMT:_file.obj
 0001:0000e579       __fileno                   1000f579 f   LIBCMT:fileno.obj
 0001:0000e7d1       ___updatetmbcinfo          1000f7d1 f   LIBCMT:mbctype.obj
 0001:0000e8f1       __setmbcp_nolock           1000f8f1 f   LIBCMT:mbctype.obj
 0001:0000ead6       __setmbcp                  1000fad6 f   LIBCMT:mbctype.obj
 0001:0000ec70       ___initmbctable            1000fc70 f   LIBCMT:mbctype.obj
 0001:0000ec8e       ___freetlocinfo            1000fc8e f   LIBCMT:setlocal.obj
 0001:0000edd7       ___addlocaleref            1000fdd7 f   LIBCMT:setlocal.obj
 0001:0000ee66       ___removelocaleref         1000fe66 f   LIBCMT:setlocal.obj
 0001:0000ef3d       ___updatetlocinfo          1000ff3d f   LIBCMT:setlocal.obj
 0001:0000efb3       __initp_misc_cfltcvt_tab   1000ffb3 f   LIBCMT:cmiscdat.obj
 0001:0000efd4       __get_printf_count_output  1000ffd4 f   LIBCMT:printf.obj
 0001:0000eff0       _strlen                    1000fff0 f   LIBCMT:strlen.obj
 0001:0000f07b       __wctomb_s_l               1001007b f   LIBCMT:wctomb.obj
 0001:0000f1e7       _wctomb_s                  100101e7 f   LIBCMT:wctomb.obj
 0001:0000f204       __isleadbyte_l             10010204 f i LIBCMT:_wctype.obj
 0001:0000f23c       _isleadbyte                1001023c f i LIBCMT:_wctype.obj
 0001:0000f250       __aulldvrm                 10010250 f   LIBCMT:ulldvrm.obj
 0001:0000f2f0       _memset                    100102f0 f   LIBCMT:memset.obj
 0001:0000f36a       __mtinitlocks              1001036a f   LIBCMT:mlock.obj
 0001:0000f3b5       __mtdeletelocks            100103b5 f   LIBCMT:mlock.obj
 0001:0000f40c       __unlock                   1001040c f   LIBCMT:mlock.obj
 0001:0000f423       __mtinitlocknum            10010423 f   LIBCMT:mlock.obj
 0001:0000f4e6       __lock                     100104e6 f   LIBCMT:mlock.obj
 0001:0000f519       ___sbh_find_block          10010519 f   LIBCMT:sbheap.obj
 0001:0000f549       ___sbh_free_block          10010549 f   LIBCMT:sbheap.obj
 0001:0000f85f       ___sbh_alloc_new_region    1001085f f   LIBCMT:sbheap.obj
 0001:0000f90f       ___sbh_alloc_new_group     1001090f f   LIBCMT:sbheap.obj
 0001:0000fa17       ___sbh_resize_block        10010a17 f   LIBCMT:sbheap.obj
 0001:0000fcf8       ___sbh_alloc_block         10010cf8 f   LIBCMT:sbheap.obj
 0001:0000ffdd       _V6_HeapAlloc              10010fdd f   LIBCMT:malloc.obj
 0001:0001002c       _malloc                    1001102c f   LIBCMT:malloc.obj
 0001:000100f6       __calloc_impl              100110f6 f   LIBCMT:calloc_impl.obj
 0001:00010214       _realloc                   10011214 f   LIBCMT:realloc.obj
 0001:0001042f       __NMSG_WRITE               1001142f f   LIBCMT:crt0msg.obj
 0001:000105da       __FF_MSGBANNER             100115da f   LIBCMT:crt0msg.obj
 0001:000106cd       ___onexitinit              100116cd f   LIBCMT:onexit.obj
 0001:000106fe       __onexit                   100116fe f   LIBCMT:onexit.obj
 0001:0001073a       _atexit                    1001173a f   LIBCMT:onexit.obj
 0001:00010760       __ValidateImageBase        10011760 f   LIBCMT:pesect.obj
 0001:000107a0       __FindPESection            100117a0 f   LIBCMT:pesect.obj
 0001:000107f0       __IsNonwritableInCurrentImage 100117f0 f   LIBCMT:pesect.obj
 0001:000108ad       ?terminate@@YAXXZ          100118ad f   LIBCMT:hooks.obj
 0001:000108e6       __initp_eh_hooks           100118e6 f   LIBCMT:hooks.obj
 0001:000108f7       __initp_misc_winsig        100118f7 f   LIBCMT:winsig.obj
 0001:0001094c       ___get_sigabrt             1001194c f   LIBCMT:winsig.obj
 0001:00010959       _raise                     10011959 f   LIBCMT:winsig.obj
 0001:00010b09       __initp_misc_rand_s        10011b09 f   LIBCMT:rand_s.obj
 0001:00010b18       __initp_misc_purevirt      10011b18 f   LIBCMT:inithelp.obj
 0001:00010b27       __initp_misc_initcrit      10011b27 f   LIBCMT:initcrit.obj
 0001:00010b36       ___crtInitCritSecAndSpinCount 10011b36 f   LIBCMT:initcrit.obj
 0001:00010b96       __initp_heap_handler       10011b96 f   LIBCMT:handler.obj
 0001:00010ba5       __callnewh                 10011ba5 f   LIBCMT:handler.obj
 0001:00010bcd       _strcpy_s                  10011bcd f   LIBCMT:strcpy_s.obj
 0001:00010c88       __ismbblead                10011c88 f   LIBCMT:ismbbyte.obj
 0001:00010ca0       _memcpy                    10011ca0 f   LIBCMT:memcpy.obj
 0001:00011008       __local_unwind4            10012008 f   LIBCMT:exsup4.obj
 0001:000110de       __seh_longjmp_unwind4@4    100120de f   LIBCMT:exsup4.obj
 0001:000110fa       @_EH4_CallFilterFunc@8     100120fa f   LIBCMT:exsup4.obj
 0001:00011111       @_EH4_TransferToHandler@8  10012111 f   LIBCMT:exsup4.obj
 0001:0001112a       @_EH4_GlobalUnwind@4       1001212a f   LIBCMT:exsup4.obj
 0001:00011144       @_EH4_LocalUnwind@16       10012144 f   LIBCMT:exsup4.obj
 0001:0001115b       __free_osfhnd              1001215b f   LIBCMT:osfinfo.obj
 0001:000111e1       __get_osfhandle            100121e1 f   LIBCMT:osfinfo.obj
 0001:00011258       ___lock_fhandle            10012258 f   LIBCMT:osfinfo.obj
 0001:000112f8       __unlock_fhandle           100122f8 f   LIBCMT:osfinfo.obj
 0001:0001131f       __putwch_nolock            1001231f f   LIBCMT:putwch.obj
 0001:000113e4       __mbtowc_l                 100123e4 f   LIBCMT:mbtowc.obj
 0001:000114fb       _mbtowc                    100124fb f   LIBCMT:mbtowc.obj
 0001:00011520       __alloca_probe             10012520     LIBCMT:chkstk.obj
 0001:00011520       __chkstk                   10012520 f   LIBCMT:chkstk.obj
 0001:0001154b       __fcloseall                1001254b f   LIBCMT:closeall.obj
 0001:000115ea       __flush                    100125ea f   LIBCMT:fflush.obj
 0001:00011652       __fflush_nolock            10012652 f   LIBCMT:fflush.obj
 0001:00011774       __flushall                 10012774 f   LIBCMT:fflush.obj
 0001:0001177d       __freea                    1001277d f i LIBCMT:a_map.obj
 0001:00011b42       ___crtLCMapStringA         10012b42 f   LIBCMT:a_map.obj
 0001:00011d41       ___crtGetStringTypeA       10012d41 f   LIBCMT:a_str.obj
 0001:00011d83       ___free_lc_time            10012d83 f   LIBCMT:inittime.obj
 0001:00011f18       ___free_lconv_num          10012f18 f   LIBCMT:initnum.obj
 0001:00011f5d       ___free_lconv_mon          10012f5d f   LIBCMT:initmon.obj
 0001:00011feb       _strcat_s                  10012feb f   LIBCMT:strcat_s.obj
 0001:00012060       _strcspn                   10013060 f   LIBCMT:strcspn.obj
 0001:000120a6       _strncpy_s                 100130a6 f   LIBCMT:strncpy_s.obj
 0001:00012160       _strcmp                    10013160 f   LIBCMT:strcmp.obj
 0001:000121f0       _strpbrk                   100131f0 f   LIBCMT:strpbrk.obj
 0001:00012230       __fptrap                   10013230 f   LIBCMT:crt0fp.obj
 0001:00012290       __VEC_memzero              10013290 f   LIBCMT:p4_memset.obj
 0001:0001236f       __get_sse2_info            1001336f f   LIBCMT:cpu_disp.obj
 0001:000123d1       ___sse2_available_init     100133d1 f   LIBCMT:cpu_disp.obj
 0001:0001260d       _strtol                    1001360d f   LIBCMT:strtol.obj
 0001:00012640       _memmove                   10013640 f   LIBCMT:memmove.obj
 0001:000129a5       __msize                    100139a5 f   LIBCMT:msize.obj
 0001:00012a48       ___crtMessageBoxA          10013a48 f   LIBCMT:crtmbox.obj
 0001:00012bb1       __set_error_mode           10013bb1 f   LIBCMT:errmode.obj
 0001:00012bfc       _abort                     10013bfc f   LIBCMT:abort.obj
 0001:00012d13       __isdigit_l                10013d13 f i LIBCMT:_ctype.obj
 0001:00012d64       _isdigit                   10013d64 f i LIBCMT:_ctype.obj
 0001:00012e19       __VEC_memcpy               10013e19 f   LIBCMT:p4_memcpy.obj
 0001:00012efc       __global_unwind2           10013efc f   LIBCMT:exsup.obj
 0001:00012f61       __local_unwind2            10013f61 f   LIBCMT:exsup.obj
 0001:00012fe5       __abnormal_termination     10013fe5 f   LIBCMT:exsup.obj
 0001:00013008       __NLG_Notify1              10014008 f   LIBCMT:exsup.obj
 0001:00013011       __NLG_Notify               10014011 f   LIBCMT:exsup.obj
 0001:00013028       __NLG_Dispatch2            10014028     LIBCMT:exsup.obj
 0001:00013028       __NLG_Dispatch             10014028     LIBCMT:exsup.obj
 0001:00013030       __NLG_Call                 10014030 f   LIBCMT:exsup.obj
 0001:00013032       __NLG_Return2              10014032     LIBCMT:exsup.obj
 0001:00013033       ___initconout              10014033 f   LIBCMT:initcon.obj
 0001:00013052       ___termcon                 10014052 f   LIBCMT:initcon.obj
 0001:0001307f       __fclose_nolock            1001407f f   LIBCMT:fclose.obj
 0001:000130f6       _fclose                    100140f6 f   LIBCMT:fclose.obj
 0001:00013172       __commit                   10014172 f   LIBCMT:commit.obj
 0001:00013253       ___ansicp                  10014253 f   LIBCMT:convrtcp.obj
 0001:0001329c       ___convertcp               1001429c f   LIBCMT:convrtcp.obj
 0001:00013450       __alloca_probe_16          10014450 f   LIBCMT:alloca16.obj
 0001:00013466       __alloca_probe_8           10014466     LIBCMT:alloca16.obj
 0001:0001347c       _atol                      1001447c f   LIBCMT:atox.obj
 0001:00013492       __isctype_l                10014492 f   LIBCMT:isctype.obj
 0001:0001354a       __close_nolock             1001454a f   LIBCMT:close.obj
 0001:000135e6       __close                    100145e6 f   LIBCMT:close.obj
 0001:000136b3       __freebuf                  100146b3 f   LIBCMT:_freebuf.obj
 0001:000136e4       __tolower_l                100146e4 f   LIBCMT:tolower.obj
 0001:000137f9       _tolower                   100147f9 f   LIBCMT:tolower.obj
 0001:00013830       ___ascii_strnicmp          10014830 f   LIBCMT:_strnicm.obj
 0001:000138a0       __allmul                   100148a0 f   LIBCMT:llmul.obj
 0001:000138f0       _strchr                    100148f0 f   LIBCMT:strchr.obj
 0001:000138f6       ___from_strstr_to_strchr   100148f6     LIBCMT:strchr.obj
 0001:000139ae       _RtlUnwind@16              100149ae f   kernel32:KERNEL32.dll
 0001:000139b4       __cfltcvt_init             100149b4 f   LIBCMT:_fpinit_.obj
 0001:00013a14       __fpmath                   10014a14 f   LIBCMT:_fpinit_.obj
 0001:00013a40       __ftol2_sse                10014a40 f   LIBCMT:ftol2.obj
 0001:00013a49       __ftol2_pentium4           10014a49 f   LIBCMT:ftol2.obj
 0001:00013a5c       __ftol2_sse_excpt          10014a5c f   LIBCMT:ftol2.obj
 0001:00013a76       __ftol2                    10014a76 f   LIBCMT:ftol2.obj
 0001:00013aeb       __forcdecpt_l              10014aeb f   LIBCMT:cvt.obj
 0001:00013b5e       __cropzeros_l              10014b5e f   LIBCMT:cvt.obj
 0001:00013be0       __positive                 10014be0 f   LIBCMT:cvt.obj
 0001:00013bfc       __fassign_l                10014bfc f   LIBCMT:cvt.obj
 0001:00013c3e       __fassign                  10014c3e f   LIBCMT:cvt.obj
 0001:00013c77       __forcdecpt                10014c77 f   LIBCMT:cvt.obj
 0001:00013c8a       __cropzeros                10014c8a f   LIBCMT:cvt.obj
 0001:00013e0c       __cftoe_l                  10014e0c f   LIBCMT:cvt.obj
 0001:00013edc       __cftoe                    10014edc f   LIBCMT:cvt.obj
 0001:00013efc       __cftoa_l                  10014efc f   LIBCMT:cvt.obj
 0001:00014366       __cftof_l                  10015366 f   LIBCMT:cvt.obj
 0001:00014421       __cftog_l                  10015421 f   LIBCMT:cvt.obj
 0001:0001451b       __cfltcvt_l                1001551b f   LIBCMT:cvt.obj
 0001:000145a3       __cfltcvt                  100155a3 f   LIBCMT:cvt.obj
 0001:000145c6       __setdefaultprecision      100155c6 f   LIBCMT:fp8.obj
 0001:000145f1       __ms_p5_test_fdiv          100155f1 f   LIBCMT:_testfdiv_.obj
 0001:0001462f       __ms_p5_mp_test_fdiv       1001562f f   LIBCMT:_testfdiv_.obj
 0001:00014660       _strrchr                   10015660 f   LIBCMT:strrchr.obj
 0001:0001468d       __atodbl_l                 1001568d f   LIBCMT:atodbl.obj
 0001:00014735       __atoflt_l                 10015735 f   LIBCMT:atodbl.obj
 0001:000147dd       __fptostr                  100157dd f   LIBCMT:_fptostr.obj
 0001:0001489c       ___dtold                   1001589c f   LIBCMT:_cfout_.obj
 0001:00014959       __fltout2                  10015959 f   LIBCMT:_cfout_.obj
 0001:000149f0       __alldvrm                  100159f0 f   LIBCMT:lldvrm.obj
 0001:00014ad0       __aullshr                  10015ad0 f   LIBCMT:ullshr.obj
 0001:00014aef       __controlfp_s              10015aef f   LIBCMT:_contrlfp_.obj
 0001:00014b5b       __ld12tod                  10015b5b f   LIBCMT:_intrncvt_.obj
 0001:0001509f       __ld12tof                  1001609f f   LIBCMT:_intrncvt_.obj
 0001:000155e3       ___strgtold12_l            100165e3 f   LIBCMT:_strgtold_.obj
 0001:00015cdb       _$I10_OUTPUT               10016cdb f   LIBCMT:_x10fout_.obj
 0001:0001672d       __control87                1001772d f i LIBCMT:_ieee87_.obj
 0001:00016a3c       ___mtold12                 10017a3c f   LIBCMT:_mantold_.obj
 0001:00016c0a       ___set_fpsr_sse2           10017c0a f   LIBCMT:_fpctrl_.obj
 0002:00000000       __imp__GetProcAddress@8    10018000     kernel32:KERNEL32.dll
 0002:00000004       __imp__LoadLibraryA@4      10018004     kernel32:KERNEL32.dll
 0002:00000008       __imp__CreateFileA@28      10018008     kernel32:KERNEL32.dll
 0002:0000000c       __imp__SetFilePointer@16   1001800c     kernel32:KERNEL32.dll
 0002:00000010       __imp__CloseHandle@4       10018010     kernel32:KERNEL32.dll
 0002:00000014       __imp__GetCurrentThreadId@0 10018014     kernel32:KERNEL32.dll
 0002:00000018       __imp__GetCommandLineA@0   10018018     kernel32:KERNEL32.dll
 0002:0000001c       __imp__TerminateProcess@8  1001801c     kernel32:KERNEL32.dll
 0002:00000020       __imp__GetCurrentProcess@0 10018020     kernel32:KERNEL32.dll
 0002:00000024       __imp__UnhandledExceptionFilter@4 10018024     kernel32:KERNEL32.dll
 0002:00000028       __imp__SetUnhandledExceptionFilter@4 10018028     kernel32:KERNEL32.dll
 0002:0000002c       __imp__IsDebuggerPresent@0 1001802c     kernel32:KERNEL32.dll
 0002:00000030       __imp__GetModuleHandleW@4  10018030     kernel32:KERNEL32.dll
 0002:00000034       __imp__TlsGetValue@4       10018034     kernel32:KERNEL32.dll
 0002:00000038       __imp__TlsAlloc@0          10018038     kernel32:KERNEL32.dll
 0002:0000003c       __imp__TlsSetValue@8       1001803c     kernel32:KERNEL32.dll
 0002:00000040       __imp__TlsFree@4           10018040     kernel32:KERNEL32.dll
 0002:00000044       __imp__InterlockedIncrement@4 10018044     kernel32:KERNEL32.dll
 0002:00000048       __imp__SetLastError@4      10018048     kernel32:KERNEL32.dll
 0002:0000004c       __imp__GetLastError@0      1001804c     kernel32:KERNEL32.dll
 0002:00000050       __imp__InterlockedDecrement@4 10018050     kernel32:KERNEL32.dll
 0002:00000054       __imp__HeapFree@12         10018054     kernel32:KERNEL32.dll
 0002:00000058       __imp__Sleep@4             10018058     kernel32:KERNEL32.dll
 0002:0000005c       __imp__ExitProcess@4       1001805c     kernel32:KERNEL32.dll
 0002:00000060       __imp__SetHandleCount@4    10018060     kernel32:KERNEL32.dll
 0002:00000064       __imp__GetStdHandle@4      10018064     kernel32:KERNEL32.dll
 0002:00000068       __imp__GetFileType@4       10018068     kernel32:KERNEL32.dll
 0002:0000006c       __imp__GetStartupInfoA@4   1001806c     kernel32:KERNEL32.dll
 0002:00000070       __imp__DeleteCriticalSection@4 10018070     kernel32:KERNEL32.dll
 0002:00000074       __imp__GetModuleFileNameA@12 10018074     kernel32:KERNEL32.dll
 0002:00000078       __imp__FreeEnvironmentStringsA@4 10018078     kernel32:KERNEL32.dll
 0002:0000007c       __imp__GetEnvironmentStrings@0 1001807c     kernel32:KERNEL32.dll
 0002:00000080       __imp__FreeEnvironmentStringsW@4 10018080     kernel32:KERNEL32.dll
 0002:00000084       __imp__WideCharToMultiByte@32 10018084     kernel32:KERNEL32.dll
 0002:00000088       __imp__GetEnvironmentStringsW@0 10018088     kernel32:KERNEL32.dll
 0002:0000008c       __imp__HeapCreate@12       1001808c     kernel32:KERNEL32.dll
 0002:00000090       __imp__HeapDestroy@4       10018090     kernel32:KERNEL32.dll
 0002:00000094       __imp__VirtualFree@12      10018094     kernel32:KERNEL32.dll
 0002:00000098       __imp__QueryPerformanceCounter@4 10018098     kernel32:KERNEL32.dll
 0002:0000009c       __imp__GetTickCount@0      1001809c     kernel32:KERNEL32.dll
 0002:000000a0       __imp__GetCurrentProcessId@0 100180a0     kernel32:KERNEL32.dll
 0002:000000a4       __imp__GetSystemTimeAsFileTime@4 100180a4     kernel32:KERNEL32.dll
 0002:000000a8       __imp__WriteFile@20        100180a8     kernel32:KERNEL32.dll
 0002:000000ac       __imp__GetConsoleCP@0      100180ac     kernel32:KERNEL32.dll
 0002:000000b0       __imp__GetConsoleMode@8    100180b0     kernel32:KERNEL32.dll
 0002:000000b4       __imp__EnterCriticalSection@4 100180b4     kernel32:KERNEL32.dll
 0002:000000b8       __imp__LeaveCriticalSection@4 100180b8     kernel32:KERNEL32.dll
 0002:000000bc       __imp__GetCPInfo@8         100180bc     kernel32:KERNEL32.dll
 0002:000000c0       __imp__GetACP@0            100180c0     kernel32:KERNEL32.dll
 0002:000000c4       __imp__GetOEMCP@0          100180c4     kernel32:KERNEL32.dll
 0002:000000c8       __imp__IsValidCodePage@4   100180c8     kernel32:KERNEL32.dll
 0002:000000cc       __imp__HeapAlloc@12        100180cc     kernel32:KERNEL32.dll
 0002:000000d0       __imp__VirtualAlloc@16     100180d0     kernel32:KERNEL32.dll
 0002:000000d4       __imp__HeapReAlloc@16      100180d4     kernel32:KERNEL32.dll
 0002:000000d8       __imp__InitializeCriticalSectionAndSpinCount@8 100180d8     kernel32:KERNEL32.dll
 0002:000000dc       __imp__RtlUnwind@16        100180dc     kernel32:KERNEL32.dll
 0002:000000e0       __imp__SetStdHandle@8      100180e0     kernel32:KERNEL32.dll
 0002:000000e4       __imp__WriteConsoleA@20    100180e4     kernel32:KERNEL32.dll
 0002:000000e8       __imp__GetConsoleOutputCP@0 100180e8     kernel32:KERNEL32.dll
 0002:000000ec       __imp__WriteConsoleW@20    100180ec     kernel32:KERNEL32.dll
 0002:000000f0       __imp__MultiByteToWideChar@24 100180f0     kernel32:KERNEL32.dll
 0002:000000f4       __imp__LCMapStringA@24     100180f4     kernel32:KERNEL32.dll
 0002:000000f8       __imp__LCMapStringW@24     100180f8     kernel32:KERNEL32.dll
 0002:000000fc       __imp__GetStringTypeA@20   100180fc     kernel32:KERNEL32.dll
 0002:00000100       __imp__GetStringTypeW@16   10018100     kernel32:KERNEL32.dll
 0002:00000104       __imp__GetLocaleInfoA@16   10018104     kernel32:KERNEL32.dll
 0002:00000108       __imp__HeapSize@12         10018108     kernel32:KERNEL32.dll
 0002:0000010c       __imp__FlushFileBuffers@4  1001810c     kernel32:KERNEL32.dll
 0002:00000110       __imp__GetModuleHandleA@4  10018110     kernel32:KERNEL32.dll
 0002:00000114       \177KERNEL32_NULL_THUNK_DATA 10018114     kernel32:KERNEL32.dll
 0002:00000118       ___xc_a                    10018118     LIBCMT:crt0init.obj
 0002:0000011c       ___xc_z                    1001811c     LIBCMT:crt0init.obj
 0002:00000120       ___xi_a                    10018120     LIBCMT:crt0init.obj
 0002:00000134       ___xi_z                    10018134     LIBCMT:crt0init.obj
 0002:00000138       ___xp_a                    10018138     LIBCMT:crt0init.obj
 0002:00000144       ___xp_z                    10018144     LIBCMT:crt0init.obj
 0002:00000148       ___xt_a                    10018148     LIBCMT:crt0init.obj
 0002:0000014c       ___xt_z                    1001814c     LIBCMT:crt0init.obj
 0002:0000016c       __pDefaultRawDllMain       1001816c     LIBCMT:dllcrt0.obj
 0002:0000016c       __pRawDllMain              1001816c     LIBCMT:dllcrt0.obj
 0002:00000178       ??_C@_1O@CEDCILHN@?$AA?$CI?$AAn?$AAu?$AAl?$AAl?$AA?$CJ?$AA?$AA@ 10018178     LIBCMT:output.obj
 0002:00000188       ??_C@_06OJHGLDPL@?$CInull?$CJ?$AA@ 10018188     LIBCMT:output.obj
 0002:00000190       ___lookuptable             10018190     LIBCMT:output.obj
 0002:000001ec       ??_C@_0O@NLDKAIKN@EncodePointer?$AA@ 100181ec     LIBCMT:tidtable.obj
 0002:000001fc       ??_C@_1BK@DBDEIDLH@?$AAK?$AAE?$AAR?$AAN?$AAE?$AAL?$AA3?$AA2?$AA?4?$AAD?$AAL?$AAL?$AA?$AA@ 100181fc     LIBCMT:tidtable.obj
 0002:00000218       ??_C@_0O@KBPMFGHI@DecodePointer?$AA@ 10018218     LIBCMT:tidtable.obj
 0002:00000228       ??_C@_07PEJMOBNF@FlsFree?$AA@ 10018228     LIBCMT:tidtable.obj
 0002:00000230       ??_C@_0M@JCPCPOEF@FlsSetValue?$AA@ 10018230     LIBCMT:tidtable.obj
 0002:0000023c       ??_C@_0M@GDNOONDI@FlsGetValue?$AA@ 1001823c     LIBCMT:tidtable.obj
 0002:00000248       ??_C@_08KNHFBNJ@FlsAlloc?$AA@ 10018248     LIBCMT:tidtable.obj
 0002:00000254       ??_C@_0P@MIGLKIOC@CorExitProcess?$AA@ 10018254     LIBCMT:crt0dat.obj
 0002:00000264       ??_C@_1BI@BGOHAHKC@?$AAm?$AAs?$AAc?$AAo?$AAr?$AAe?$AAe?$AA?4?$AAd?$AAl?$AAl?$AA?$AA@ 10018264     LIBCMT:crt0dat.obj
 0002:00000280       __XcptActTab               10018280     LIBCMT:winxfltr.obj
 0002:00000378       ___lookuptable_s           10018378     LIBCMT:outputs.obj
 0002:000003d4       ??_C@_0P@GGKDKEEG@runtime?5error?5?$AA@ 100183d4     LIBCMT:crt0msg.obj
 0002:000003e4       ??_C@_02PCIJFNDE@?$AN?6?$AA@ 100183e4     LIBCMT:crt0msg.obj
 0002:000003e8       ??_C@_0O@MJNIPGOH@TLOSS?5error?$AN?6?$AA@ 100183e8     LIBCMT:crt0msg.obj
 0002:000003f8       ??_C@_0N@BONNPDHF@SING?5error?$AN?6?$AA@ 100183f8     LIBCMT:crt0msg.obj
 0002:00000408       ??_C@_0P@MBDAJNE@DOMAIN?5error?$AN?6?$AA@ 10018408     LIBCMT:crt0msg.obj
 0002:00000418       ??_C@_0JL@DFDOOABL@R6034?$AN?6An?5application?5has?5made?5a@ 10018418     LIBCMT:crt0msg.obj
 0002:000004b8       ??_C@_0PH@EPAFIJ@R6033?$AN?6?9?5Attempt?5to?5use?5MSIL?5cod@ 100184b8     LIBCMT:crt0msg.obj
 0002:000005b0       ??_C@_0DD@BKEEABMM@R6032?$AN?6?9?5not?5enough?5space?5for?5lo@ 100185b0     LIBCMT:crt0msg.obj
 0002:000005e8       ??_C@_0GD@OFKILIED@R6031?$AN?6?9?5Attempt?5to?5initialize?5t@ 100185e8     LIBCMT:crt0msg.obj
 0002:0000064c       ??_C@_0BP@LPMHJOKI@R6030?$AN?6?9?5CRT?5not?5initialized?$AN?6?$AA@ 1001864c     LIBCMT:crt0msg.obj
 0002:0000066c       ??_C@_0CF@KJDAIALP@R6028?$AN?6?9?5unable?5to?5initialize?5he@ 1001866c     LIBCMT:crt0msg.obj
 0002:00000694       ??_C@_0DF@GAKBPDFP@R6027?$AN?6?9?5not?5enough?5space?5for?5lo@ 10018694     LIBCMT:crt0msg.obj
 0002:000006cc       ??_C@_0DF@IBLNNAIG@R6026?$AN?6?9?5not?5enough?5space?5for?5st@ 100186cc     LIBCMT:crt0msg.obj
 0002:00000704       ??_C@_0CG@IOHKGFNJ@R6025?$AN?6?9?5pure?5virtual?5function?5c@ 10018704     LIBCMT:crt0msg.obj
 0002:0000072c       ??_C@_0DF@JIJJFJDC@R6024?$AN?6?9?5not?5enough?5space?5for?5_o@ 1001872c     LIBCMT:crt0msg.obj
 0002:00000764       ??_C@_0CJ@EGEJHFME@R6019?$AN?6?9?5unable?5to?5open?5console?5@ 10018764     LIBCMT:crt0msg.obj
 0002:00000790       ??_C@_0CB@GNHNIELH@R6018?$AN?6?9?5unexpected?5heap?5error?$AN?6@ 10018790     LIBCMT:crt0msg.obj
 0002:000007b4       ??_C@_0CN@FOLDKNG@R6017?$AN?6?9?5unexpected?5multithread?5@ 100187b4     LIBCMT:crt0msg.obj
 0002:000007e4       ??_C@_0CM@FAHFJNHO@R6016?$AN?6?9?5not?5enough?5space?5for?5th@ 100187e4     LIBCMT:crt0msg.obj
 0002:00000810       ??_C@_0JG@LBKMGKLD@?$AN?6This?5application?5has?5requested@ 10018810     LIBCMT:crt0msg.obj
 0002:000008a8       ??_C@_0CM@FLCNIPKK@R6009?$AN?6?9?5not?5enough?5space?5for?5en@ 100188a8     LIBCMT:crt0msg.obj
 0002:000008d4       ??_C@_0CK@KMMJOAPP@R6008?$AN?6?9?5not?5enough?5space?5for?5ar@ 100188d4     LIBCMT:crt0msg.obj
 0002:00000900       ??_C@_0CN@LEKKICBM@R6002?$AN?6?9?5floating?5point?5support?5@ 10018900     LIBCMT:crt0msg.obj
 0002:00000930       ??_C@_0CF@GOGNBNAK@Microsoft?5Visual?5C?$CL?$CL?5Runtime?5Lib@ 10018930     LIBCMT:crt0msg.obj
 0002:00000958       ??_C@_02PHMGELLB@?6?6?$AA@ 10018958     LIBCMT:crt0msg.obj
 0002:0000095c       ??_C@_03KHICJKCI@?4?4?4?$AA@ 1001895c     LIBCMT:crt0msg.obj
 0002:00000960       ??_C@_0BH@DNAGHKFM@?$DMprogram?5name?5unknown?$DO?$AA@ 10018960     LIBCMT:crt0msg.obj
 0002:00000978       ??_C@_0BK@OFGJDLJJ@Runtime?5Error?$CB?6?6Program?3?5?$AA@ 10018978     LIBCMT:crt0msg.obj
 0002:00000994       ??_C@_13NOLLCAOD@?$AA?$AA?$AA?$AA@ 10018994     LIBCMT:a_map.obj
 0002:00000998       ___newctype                10018998     LIBCMT:ctype.obj
 0002:00000c98       __wctype                   10018c98     LIBCMT:ctype.obj
 0002:00000ea0       ___newclmap                10018ea0     LIBCMT:ctype.obj
 0002:00001020       ___newcumap                10019020     LIBCMT:ctype.obj
 0002:000011a0       ??_C@_08JCCMCCIL@HH?3mm?3ss?$AA@ 100191a0     LIBCMT:strftime.obj
 0002:000011ac       ??_C@_0BE@CKGJFCPC@dddd?0?5MMMM?5dd?0?5yyyy?$AA@ 100191ac     LIBCMT:strftime.obj
 0002:000011c0       ??_C@_08BPBNCDIB@MM?1dd?1yy?$AA@ 100191c0     LIBCMT:strftime.obj
 0002:000011cc       ??_C@_02CJNFDJBF@PM?$AA@   100191cc     LIBCMT:strftime.obj
 0002:000011d0       ??_C@_02DEDBPAFC@AM?$AA@   100191d0     LIBCMT:strftime.obj
 0002:000011d4       ??_C@_08EDHMEBNP@December?$AA@ 100191d4     LIBCMT:strftime.obj
 0002:000011e0       ??_C@_08HCHEGEOA@November?$AA@ 100191e0     LIBCMT:strftime.obj
 0002:000011ec       ??_C@_07JJNFCEND@October?$AA@ 100191ec     LIBCMT:strftime.obj
 0002:000011f4       ??_C@_09BHHEALKD@September?$AA@ 100191f4     LIBCMT:strftime.obj
 0002:00001200       ??_C@_06LBBHFDDG@August?$AA@ 10019200     LIBCMT:strftime.obj
 0002:00001208       ??_C@_04MIEPOIFP@July?$AA@ 10019208     LIBCMT:strftime.obj
 0002:00001210       ??_C@_04CNLMGBGM@June?$AA@ 10019210     LIBCMT:strftime.obj
 0002:00001218       ??_C@_05DMJDNLEJ@April?$AA@ 10019218     LIBCMT:strftime.obj
 0002:00001220       ??_C@_05HPCKOFNC@March?$AA@ 10019220     LIBCMT:strftime.obj
 0002:00001228       ??_C@_08GNJGEPFN@February?$AA@ 10019228     LIBCMT:strftime.obj
 0002:00001234       ??_C@_07CGJPFGJA@January?$AA@ 10019234     LIBCMT:strftime.obj
 0002:0000123c       ??_C@_03MKABNOCG@Dec?$AA@  1001923c     LIBCMT:strftime.obj
 0002:00001240       ??_C@_03JPJOFNIA@Nov?$AA@  10019240     LIBCMT:strftime.obj
 0002:00001244       ??_C@_03BMAOKBAD@Oct?$AA@  10019244     LIBCMT:strftime.obj
 0002:00001248       ??_C@_03GGCAPAJC@Sep?$AA@  10019248     LIBCMT:strftime.obj
 0002:0000124c       ??_C@_03IFJFEIGA@Aug?$AA@  1001924c     LIBCMT:strftime.obj
 0002:00001250       ??_C@_03LBGABGKK@Jul?$AA@  10019250     LIBCMT:strftime.obj
 0002:00001254       ??_C@_03IDFGHECI@Jun?$AA@  10019254     LIBCMT:strftime.obj
 0002:00001258       ??_C@_03CNMDKL@May?$AA@    10019258     LIBCMT:strftime.obj
 0002:0000125c       ??_C@_03LEOLGMJP@Apr?$AA@  1001925c     LIBCMT:strftime.obj
 0002:00001260       ??_C@_03ODNJBKGA@Mar?$AA@  10019260     LIBCMT:strftime.obj
 0002:00001264       ??_C@_03HJBDCHOM@Feb?$AA@  10019264     LIBCMT:strftime.obj
 0002:00001268       ??_C@_03JIHJHPIE@Jan?$AA@  10019268     LIBCMT:strftime.obj
 0002:0000126c       ??_C@_08INBOOONO@Saturday?$AA@ 1001926c     LIBCMT:strftime.obj
 0002:00001278       ??_C@_06JECMNKMI@Friday?$AA@ 10019278     LIBCMT:strftime.obj
 0002:00001280       ??_C@_08HACCIKIA@Thursday?$AA@ 10019280     LIBCMT:strftime.obj
 0002:0000128c       ??_C@_09DLIGFAKA@Wednesday?$AA@ 1001928c     LIBCMT:strftime.obj
 0002:00001298       ??_C@_07BAAGCFCM@Tuesday?$AA@ 10019298     LIBCMT:strftime.obj
 0002:000012a0       ??_C@_06JLEDEDGH@Monday?$AA@ 100192a0     LIBCMT:strftime.obj
 0002:000012a8       ??_C@_06OOPIFAJ@Sunday?$AA@ 100192a8     LIBCMT:strftime.obj
 0002:000012b0       ??_C@_03FEFJNEK@Sat?$AA@   100192b0     LIBCMT:strftime.obj
 0002:000012b4       ??_C@_03IDIOELNC@Fri?$AA@  100192b4     LIBCMT:strftime.obj
 0002:000012b8       ??_C@_03IOFIKPDN@Thu?$AA@  100192b8     LIBCMT:strftime.obj
 0002:000012bc       ??_C@_03MHOMLAJA@Wed?$AA@  100192bc     LIBCMT:strftime.obj
 0002:000012c0       ??_C@_03NAGEINEP@Tue?$AA@  100192c0     LIBCMT:strftime.obj
 0002:000012c4       ??_C@_03PDAGKDH@Mon?$AA@   100192c4     LIBCMT:strftime.obj
 0002:000012c8       ??_C@_03KOEHGMDN@Sun?$AA@  100192c8     LIBCMT:strftime.obj
 0002:000012cc       ??_C@_0BI@DFKBFLJE@GetProcessWindowStation?$AA@ 100192cc     LIBCMT:crtmbox.obj
 0002:000012e4       ??_C@_0BK@CIDNPOGP@GetUserObjectInformationA?$AA@ 100192e4     LIBCMT:crtmbox.obj
 0002:00001300       ??_C@_0BD@HHGDFDBJ@GetLastActivePopup?$AA@ 10019300     LIBCMT:crtmbox.obj
 0002:00001314       ??_C@_0BA@HNOPNCHB@GetActiveWindow?$AA@ 10019314     LIBCMT:crtmbox.obj
 0002:00001324       ??_C@_0M@CHKKJDAI@MessageBoxA?$AA@ 10019324     LIBCMT:crtmbox.obj
 0002:00001330       ??_C@_0L@NDEGIDAG@USER32?4DLL?$AA@ 10019330     LIBCMT:crtmbox.obj
 0002:0000133c       ??_C@_07GPDNMNG@CONOUT$?$AA@ 1001933c     LIBCMT:initcon.obj
 0002:00001344       ___dnames                  10019344     LIBCMT:timeset.obj
 0002:0000135c       ___mnames                  1001935c     LIBCMT:timeset.obj
 0002:00001384       ??_C@_0P@GHFPNOJB@bad?5allocation?$AA@ 10019384     HoMM3_GUI.obj
 0002:00001393       ??_C@_00CNPNBAHC@?$AA@     10019393     HoMM3_GUI.obj
 0002:00001394       ??_C@_0N@FGPGDOPK@dialgbox?4def?$AA@ 10019394     HoMM3_GUI.obj
 0002:000013a4       ??_C@_0BA@FDLNIKIG@patcher_x86?4dll?$AA@ 100193a4     wog native dialogs.obj
 0002:000013b4       ??_C@_0BB@CKHJKIEB@_GetPatcherX86?$EA0?$AA@ 100193b4     wog native dialogs.obj
 0002:000013c8       ??_C@_02DPKJAMEF@?$CFd?$AA@ 100193c8     wog native dialogs.obj
 0002:000013cc       ??_C@_0N@NGJLFBMI@DiBoxBck?4pcx?$AA@ 100193cc     wog native dialogs.obj
 0002:000013dc       ??_C@_0N@ELNJEEMI@medfont2?4fnt?$AA@ 100193dc     wog native dialogs.obj
 0002:000013ec       ??_C@_09IIFHEAOO@angel?4dll?$AA@ 100193ec     wog native dialogs.obj
 0002:000013f8       ??_C@_0M@BFOAAPGP@EventParams?$AA@ 100193f8     wog native dialogs.obj
 0002:00001404       ??_C@_0BA@JJKLPBHG@SaveEventParams?$AA@ 10019404     wog native dialogs.obj
 0002:00001414       ??_C@_0BD@KPOAIKLJ@RestoreEventParams?$AA@ 10019414     wog native dialogs.obj
 0002:00001428       ??_C@_07PILJHEGK@era?4dll?$AA@ 10019428     wog native dialogs.obj
 0002:00001430       ??_C@_0M@CLLMHKFF@WriteAtCode?$AA@ 10019430     wog native dialogs.obj
 0002:0000143c       ??_C@_04PHJJMCEO@Hook?$AA@ 1001943c     wog native dialogs.obj
 0002:00001444       ??_C@_07HCDNKGPA@ApiHook?$AA@ 10019444     wog native dialogs.obj
 0002:0000144c       ??_C@_0BA@HMGPJLP@KillThisProcess?$AA@ 1001944c     wog native dialogs.obj
 0002:0000145c       ??_C@_0L@CKILDBJC@FatalError?$AA@ 1001945c     wog native dialogs.obj
 0002:00001468       ??_C@_09IJJOFFNH@RecallAPI?$AA@ 10019468     wog native dialogs.obj
 0002:00001474       ??_C@_0BA@BCNGHKCC@RegisterHandler?$AA@ 10019474     wog native dialogs.obj
 0002:00001484       ??_C@_09GEAPPBGH@FireEvent?$AA@ 10019484     wog native dialogs.obj
 0002:00001490       ??_C@_07GDNFNLKF@LoadTxt?$AA@ 10019490     wog native dialogs.obj
 0002:00001498       ??_C@_0P@FJANCHAH@ForceTxtUnload?$AA@ 10019498     wog native dialogs.obj
 0002:000014a8       ??_C@_0L@GHCNBJIK@ExecErmCmd?$AA@ 100194a8     wog native dialogs.obj
 0002:000014b4       ??_C@_09MJCMIAEG@ReloadErm?$AA@ 100194b4     wog native dialogs.obj
 0002:000014c0       ??_C@_0L@BBNMEHJH@ExtractErm?$AA@ 100194c0     wog native dialogs.obj
 0002:000014cc       ??_C@_0N@HFGMKLEN@FireErmEvent?$AA@ 100194cc     wog native dialogs.obj
 0002:000014dc       ??_C@_0BB@NFICFMFA@ClearAllIniCache?$AA@ 100194dc     wog native dialogs.obj
 0002:000014f0       ??_C@_0O@KHPPEFLJ@ClearIniCache?$AA@ 100194f0     wog native dialogs.obj
 0002:00001500       ??_C@_0P@CCLIEMKP@ReadStrFromIni?$AA@ 10019500     wog native dialogs.obj
 0002:00001510       ??_C@_0O@POMBDOKD@WriteStrToIni?$AA@ 10019510     wog native dialogs.obj
 0002:00001520       ??_C@_07PAHGKEHA@SaveIni?$AA@ 10019520     wog native dialogs.obj
 0002:00001528       ??_C@_09PIKCKENJ@NameColor?$AA@ 10019528     wog native dialogs.obj
 0002:00001534       ??_C@_0BF@HMHBLPO@WriteSavegameSection?$AA@ 10019534     wog native dialogs.obj
 0002:0000154c       ??_C@_0BE@CIDOCKGN@ReadSavegameSection?$AA@ 1001954c     wog native dialogs.obj
 0002:00001560       ??_C@_0N@CFMBLIKP@GetGameState?$AA@ 10019560     wog native dialogs.obj
 0002:00001570       ??_C@_0M@KJHFCLAP@GetButtonID?$AA@ 10019570     wog native dialogs.obj
 0002:0000157c       ??_C@_0M@PLEJCMGM@PatchExists?$AA@ 1001957c     wog native dialogs.obj
 0002:00001588       ??_C@_0N@BGLGOOMO@PluginExists?$AA@ 10019588     wog native dialogs.obj
 0002:00001598       ??_C@_0N@EADKAOLK@RedirectFile?$AA@ 10019598     wog native dialogs.obj
 0002:000015a8       ??_C@_0BD@DPCJBLFO@GlobalRedirectFile?$AA@ 100195a8     wog native dialogs.obj
 0002:000015bc       ??_C@_0BE@OJOEEMJD@RedirectMemoryBlock?$AA@ 100195bc     wog native dialogs.obj
 0002:000015d0       ??_C@_0M@LKIFOAN@GetRealAddr?$AA@ 100195d0     wog native dialogs.obj
 0002:000015dc       ??_C@_0BE@JBKGKCON@ReportPluginVersion?$AA@ 100195dc     wog native dialogs.obj
 0002:000015f0       ??_C@_0L@LNAOMCPJ@GetVersion?$AA@ 100195f0     wog native dialogs.obj
 0002:000015fc       ??_C@_05DIALNFFA@?$CFs?5?$CFd?$AA@ 100195fc     wog native dialogs.obj
 0002:00001604       ??_C@_05DNIIFBMG@?$CFs?5?$CFs?$AA@ 10019604     wog native dialogs.obj
 0002:0000160c       ??_C@_0L@FIDKBHJC@?$CFs?5?$CFd?5?$CI?$CFd?$CJ?$AA@ 1001960c     wog native dialogs.obj
 0002:00001618       ??_C@_0L@JDILLOGP@?$CFs?5?$CFd?5?9?5?$CFd?$AA@ 10019618     wog native dialogs.obj
 0002:00001624       ??_C@_07JKHHBHOI@?$CFs?5?$CFd?$CF?$CF?$AA@ 10019624     wog native dialogs.obj
 0002:0000162c       ??_C@_0N@NPKKJJND@Dlg_NPC1?4def?$AA@ 1001962c     wog native dialogs.obj
 0002:0000163c       ??_C@_0N@FJDOOLHN@Dlg_NPC2?4def?$AA@ 1001963c     wog native dialogs.obj
 0002:0000164c       ??_C@_0N@JCGCDINI@Dlg_NPC3?4def?$AA@ 1001964c     wog native dialogs.obj
 0002:0000165c       ??_C@_06GNDJBPCO@?$CFs?6?6?$CFs?$AA@ 1001965c     wog native dialogs.obj
 0002:00001664       ??_C@_0N@CNMFKAFE@Dlg_NPCn?4pcx?$AA@ 10019664     wog native dialogs.obj
 0002:00001674       ??_C@_0N@EENEFCAM@Dlg_NPCu?4pcx?$AA@ 10019674     wog native dialogs.obj
 0002:00001684       ??_C@_02DKCKIIND@?$CFs?$AA@ 10019684     wog native dialogs.obj
 0002:00001688       ??_C@_09LMPOHIL@iOkay?4def?$AA@ 10019688     wog native dialogs.obj
 0002:00001694       ??_C@_0P@GMMOFIOD@Dlg_NPCdel?4def?$AA@ 10019694     wog native dialogs.obj
 0002:000016a4       ??_C@_0N@PHACKENN@AdRollvr?4pcx?$AA@ 100196a4     wog native dialogs.obj
 0002:000016b4       ??_C@_0O@LKNNDHCJ@smalfont2?4fnt?$AA@ 100196b4     wog native dialogs.obj
 0002:000016c4       ??_C@_07DONLOGLK@?$CFd?5?$CI?$CFd?$CJ?$AA@ 100196c4     wog native dialogs.obj
 0002:000016cc       ??_C@_07PFGKEPEH@?$CFd?5?9?5?$CFd?$AA@ 100196cc     wog native dialogs.obj
 0002:000016d4       ??_C@_04FCMNJMCO@?$CFd?$CF?$CF?$AA@ 100196d4     wog native dialogs.obj
 0002:000016dc       ??_C@_0N@CGENNOHJ@artifact?4def?$AA@ 100196dc     wog native dialogs.obj
 0002:000016ec       ??_C@_0L@JIMPALKB@PSKILL?4def?$AA@ 100196ec     wog native dialogs.obj
 0002:000016f8       ??_C@_0N@PAEBLKHN@bigfont2?4fnt?$AA@ 100196f8     wog native dialogs.obj
 0002:00001708       ??_C@_07JMKCEEPK@?$CFs?5?$CI?$CFd?$CJ?$AA@ 10019708     wog native dialogs.obj
 0002:00001710       ??_C@_09PCPEDHFE@?$CFd?$CF?$CF?5?$CI?$CFd?$CJ?$AA@ 10019710     wog native dialogs.obj
 0002:0000171c       ??_C@_03DMDECJFG@?$CFhf?$AA@ 1001971c     wog native dialogs.obj
 0002:00001720       ??_C@_0N@HPLADLMK@Box64x30?4pcx?$AA@ 10019720     wog native dialogs.obj
 0002:00001730       ??_C@_0O@BBFJMKLN@radiobttn?4def?$AA@ 10019730     wog native dialogs.obj
 0002:00001740       ??_C@_03OFAPEBGM@?$CFs?6?$AA@ 10019740     wog native dialogs.obj
 0002:00001744       ??_C@_08MNBIIGN@?$CFs?6?6?5?$CFs?6?$AA@ 10019744     wog native dialogs.obj
 0002:00001750       ??_C@_0O@EGGGBKCF@DlgExpMon?4def?$AA@ 10019750     wog native dialogs.obj
 0002:00001760       ??_C@_0N@ILHBCDMB@DlgExpUp?4def?$AA@ 10019760     wog native dialogs.obj
 0002:00001770       ??_C@_0N@EELMKJEE@twcrport?4def?$AA@ 10019770     wog native dialogs.obj
 0002:00001780       ??_C@_0N@JFDDJFIM@Artifact?4def?$AA@ 10019780     wog native dialogs.obj
 0002:00001790       ??_C@_08OFBPMKML@tiny?4fnt?$AA@ 10019790     wog native dialogs.obj
 0002:0000179c       ??_C@_04OMBFFHIC@?$HL?$CFs?$HN?$AA@ 1001979c     wog native dialogs.obj
 0002:000017a4       ??_C@_0N@BHMGKPNG@checkbox?4def?$AA@ 100197a4     wog native dialogs.obj
 0002:000017b8       ??_C@_0FB@LMJNIGPL@Error?5?$CIfor?5igrik?$CJ?$CB?$CB?$CB?6?6?5Debug?6Pag@ 100197b8     wog native dialogs.obj
 0002:0000180c       ??_C@_0P@HDPJJOMN@WoGOptions?4pcx?$AA@ 1001980c     wog native dialogs.obj
 0002:0000181c       ??_C@_0M@DGCKOOBG@WoGBttn?4def?$AA@ 1001981c     wog native dialogs.obj
 0002:00001828       ??_C@_08KPJOIOD@itpt?4def?$AA@ 10019828     wog native dialogs.obj
 0002:00001834       ??_C@_06DJHOIPC@?$CFs?3?5?$CFs?$AA@ 10019834     wog native dialogs.obj
 0002:0000183c       ??_C@_0M@HFKPFJGG@artslot?4pcx?$AA@ 1001983c     wog native dialogs.obj
 0002:00001848       ??_C@_0N@KAILJDHD@def?4SpScrArt?$AA@ 10019848     wog native dialogs.obj
 0002:00001858       ??_C@_0M@JLCNBKHP@iCancel?4def?$AA@ 10019858     wog native dialogs.obj
 0002:00001864       ??_C@_09KAONFINP@?$HL?$CFs?$HN?6?$CI?$CFs?$CJ?$AA@ 10019864     wog native dialogs.obj
 0002:00001870       ??_C@_0N@DCLMLLBB@WoGCurse?4def?$AA@ 10019870     wog native dialogs.obj
 0002:00001880       ??_C@_0BL@MMODMCPC@HotA?4SwapMgrCalledFromTown?$AA@ 10019880     wog native dialogs.obj
 0002:0000189c       ??_C@_0L@GMLHIIDA@?$CFs?0?5?$CFs?5?$CFdk?$AA@ 1001989c     wog native dialogs.obj
 0002:000018a8       ??_C@_09GLHNGFIE@?$CFs?0?5?$CFs?5?$CFd?$AA@ 100198a8     wog native dialogs.obj
 0002:000018b4       ??_C@_0P@JHOHMCLM@?$CFs?0?5?$CFs?5?$CFdk?9?$CFdk?$AA@ 100198b4     wog native dialogs.obj
 0002:000018c4       ??_C@_0N@LNENHMBP@?$CFs?0?5?$CFs?5?$CFd?9?$CFd?$AA@ 100198c4     wog native dialogs.obj
 0002:000018d4       ??_C@_0M@EELLOAND@bttnNPC?4def?$AA@ 100198d4     wog native dialogs.obj
 0002:000018e0       ??_C@_0M@FBOGBOAE@GSPBUT2?4DEF?$AA@ 100198e0     wog native dialogs.obj
 0002:000018ec       ??_C@_0N@HNNBMNKA@HoMM3?5ERA?5?$CFs?$AA@ 100198ec     wog native dialogs.obj
 0002:000018fc       ??_C@_0BJ@KIEKHMHA@?2zvs?2Lib1?4res?2txtres?4txt?$AA@ 100198fc     wog native dialogs.obj
 0002:00001918       ??_C@_0M@FFKDNJKB@WogNDlg?4txt?$AA@ 10019918     wog native dialogs.obj
 0002:00001924       ??_C@_0BD@GIFCLHII@WoG_Native_Dialogs?$AA@ 10019924     wog native dialogs.obj
 0002:00001938       ??_C@_06FFCGKAEE@HD?4WoG?$AA@ 10019938     wog native dialogs.obj
 0002:00001940       ??_C@_0BB@GPEKGKKL@HD?4Version?4Dword?$AA@ 10019940     wog native dialogs.obj
 0002:00001954       ??_C@_02MFEGOEMP@?$CFn?$AA@ 10019954     wog native dialogs.obj
 0002:00001958       __real@3fe0000000000000    10019958      CIL library: CIL module
 0002:00001960       __FPinit                   10019960     LIBCMT:_fpinit_.obj
 0002:00001964       __FPmtinit                 10019964     LIBCMT:_fpinit_.obj
 0002:00001968       __FPmtterm                 10019968     LIBCMT:_fpinit_.obj
 0002:0000196c       ??_C@_05KLBDPFGC@e?$CL000?$AA@ 1001996c     LIBCMT:cvt.obj
 0002:00001978       __real@4150017ec0000000    10019978     LIBCMT:_testfdiv_.obj
 0002:00001980       __real@4147ffff80000000    10019980     LIBCMT:_testfdiv_.obj
 0002:00001988       ??_C@_0BK@NHEOCAHP@IsProcessorFeaturePresent?$AA@ 10019988     LIBCMT:_testfdiv_.obj
 0002:000019a4       ??_C@_08CPNIBGIE@KERNEL32?$AA@ 100199a4     LIBCMT:_testfdiv_.obj
 0002:000019b0       ??_C@_06IMKFLFPG@1?$CDQNAN?$AA@ 100199b0     LIBCMT:_x10fout_.obj
 0002:000019b8       ??_C@_05DNEBIAHO@1?$CDINF?$AA@ 100199b8     LIBCMT:_x10fout_.obj
 0002:000019c0       ??_C@_05PHHOCPM@1?$CDIND?$AA@ 100199c0     LIBCMT:_x10fout_.obj
 0002:000019c8       ??_C@_06PGGFOGJG@1?$CDSNAN?$AA@ 100199c8     LIBCMT:_x10fout_.obj
 0002:000019d0       __load_config_used         100199d0     LIBCMT:loadcfg.obj
 0002:00001a90       ___safe_se_handler_table   10019a90     <linker-defined>
 0002:00001a9c       ___rtc_iaa                 10019a9c     LIBCMT:_initsect_.obj
 0002:00001aa0       ___rtc_izz                 10019aa0     LIBCMT:_initsect_.obj
 0002:00001aa4       ___rtc_taa                 10019aa4     LIBCMT:_initsect_.obj
 0002:00001aa8       ___rtc_tzz                 10019aa8     LIBCMT:_initsect_.obj
 0002:00001e64       __IMPORT_DESCRIPTOR_KERNEL32 10019e64     kernel32:KERNEL32.dll
 0002:00001e78       __NULL_IMPORT_DESCRIPTOR   10019e78     kernel32:KERNEL32.dll
 0003:00000000       ___security_cookie         1001b000     LIBCMT:gs_cookie.obj
 0003:00000004       ___security_cookie_complement 1001b004     LIBCMT:gs_cookie.obj
 0003:00000008       ___nullstring              1001b008     LIBCMT:output.obj
 0003:0000000c       ___wnullstring             1001b00c     LIBCMT:output.obj
 0003:00000180       ___flsindex                1001b180     LIBCMT:tidtable.obj
 0003:00000184       ___getvalueindex           1001b184     LIBCMT:tidtable.obj
 0003:00000188       __aexit_rtn                1001b188     LIBCMT:crt0dat.obj
 0003:00000190       ___badioinfo               1001b190     LIBCMT:ioinit.obj
 0003:000001d0       __amblksiz                 1001b1d0     LIBCMT:heapinit.obj
 0003:000001d4       __First_FPE_Indx           1001b1d4     LIBCMT:winxfltr.obj
 0003:000001d8       __Num_FPE                  1001b1d8     LIBCMT:winxfltr.obj
 0003:000001dc       __XcptActTabSize           1001b1dc     LIBCMT:winxfltr.obj
 0003:000001e0       __XcptActTabCount          1001b1e0     LIBCMT:winxfltr.obj
 0003:000001e8       __iob                      1001b1e8     LIBCMT:_file.obj
 0003:00000468       ___initialmbcinfo          1001b468     LIBCMT:mbctype.obj
 0003:00000688       __mbctype                  1001b688     LIBCMT:mbctype.obj
 0003:00000790       __mbcasemap                1001b790     LIBCMT:mbctype.obj
 0003:00000890       ___ptmbcinfo               1001b890     LIBCMT:mbctype.obj
 0003:0000098c       ___globallocalestatus      1001b98c     LIBCMT:glstatus.obj
 0003:00000990       ___clocalestr              1001b990     LIBCMT:nlsdata2.obj
 0003:00000998       ___initiallocinfo          1001b998     LIBCMT:nlsdata2.obj
 0003:00000a70       ___ptlocinfo               1001ba70     LIBCMT:nlsdata2.obj
 0003:00000a74       ___lc_clike                1001ba74     LIBCMT:nlsdata2.obj
 0003:00000a78       ___initiallocalestructinfo 1001ba78     LIBCMT:nlsdata2.obj
 0003:00000a80       __cfltcvt_tab              1001ba80     LIBCMT:cmiscdat.obj
 0003:00000ca0       __pctype                   1001bca0     LIBCMT:ctype.obj
 0003:00000ca4       __pwctype                  1001bca4     LIBCMT:ctype.obj
 0003:00000ca8       ___lc_time_c               1001bca8     LIBCMT:strftime.obj
 0003:00000d60       ___lc_time_curr            1001bd60     LIBCMT:strftime.obj
 0003:00000d64       ___lconv_static_decimal    1001bd64     LIBCMT:lconv.obj
 0003:00000d68       ___lconv_c                 1001bd68     LIBCMT:lconv.obj
 0003:00000d98       ___lconv                   1001bd98     LIBCMT:lconv.obj
 0003:00000d9c       ___mb_cur_max              1001bd9c     LIBCMT:nlsdata1.obj
 0003:00000da0       ___decimal_point           1001bda0     LIBCMT:nlsdata1.obj
 0003:00000da4       ___decimal_point_length    1001bda4     LIBCMT:nlsdata1.obj
 0003:00000db0       ___abort_behavior          1001bdb0     LIBCMT:abort.obj
 0003:00000db4       __NLG_Destination          1001bdb4     LIBCMT:exsup.obj
 0003:00000dc4       __coninpfh                 1001bdc4     LIBCMT:initcon.obj
 0003:00000dc8       __confh                    1001bdc8     LIBCMT:initcon.obj
 0003:00000dd0       __timezone                 1001bdd0     LIBCMT:timeset.obj
 0003:00000dd4       __daylight                 1001bdd4     LIBCMT:timeset.obj
 0003:00000dd8       __dstbias                  1001bdd8     LIBCMT:timeset.obj
 0003:00000e60       __tzname                   1001be60     LIBCMT:timeset.obj
 0003:00000e80       __lpdays                   1001be80     LIBCMT:days.obj
 0003:00000eb4       __days                     1001beb4     LIBCMT:days.obj
 0003:00000efc       ?v_table_funcs@_CustomDlg_@@2PAIA 1001befc     HoMM3_GUI.obj
 0003:00000f38       __fltused                  1001bf38     LIBCMT:_fpinit_.obj
 0003:00000f3c       __ldused                   1001bf3c     LIBCMT:_fpinit_.obj
 0003:00000f70       __pow10pos                 1001bf70     LIBCMT:_constpow_.obj
 0003:000010d0       __pow10neg                 1001c0d0     LIBCMT:_constpow_.obj
 0003:00001264       __aenvptr                  1001c264     LIBCMT:dllcrt0.obj
 0003:00001268       __wenvptr                  1001c268     LIBCMT:dllcrt0.obj
 0003:0000126c       ___error_mode              1001c26c     LIBCMT:dllcrt0.obj
 0003:00001270       ___app_type                1001c270     LIBCMT:dllcrt0.obj
 0003:0000159c       ___pInvalidArgHandler      1001c59c     LIBCMT:invarg.obj
 0003:000015a0       _gpFlsAlloc                1001c5a0     LIBCMT:tidtable.obj
 0003:000015a4       _gpFlsGetValue             1001c5a4     LIBCMT:tidtable.obj
 0003:000015a8       _gpFlsSetValue             1001c5a8     LIBCMT:tidtable.obj
 0003:000015ac       _gpFlsFree                 1001c5ac     LIBCMT:tidtable.obj
 0003:000015b0       __maxwait                  1001c5b0     LIBCMT:crtheap.obj
 0003:000015b4       __umaskval                 1001c5b4     LIBCMT:crt0dat.obj
 0003:000015b8       ___argc                    1001c5b8     LIBCMT:crt0dat.obj
 0003:000015bc       ___argv                    1001c5bc     LIBCMT:crt0dat.obj
 0003:000015c0       ___wargv                   1001c5c0     LIBCMT:crt0dat.obj
 0003:000015c4       __environ                  1001c5c4     LIBCMT:crt0dat.obj
 0003:000015c8       ___initenv                 1001c5c8     LIBCMT:crt0dat.obj
 0003:000015cc       __wenviron                 1001c5cc     LIBCMT:crt0dat.obj
 0003:000015d0       ___winitenv                1001c5d0     LIBCMT:crt0dat.obj
 0003:000015d4       __pgmptr                   1001c5d4     LIBCMT:crt0dat.obj
 0003:000015d8       __wpgmptr                  1001c5d8     LIBCMT:crt0dat.obj
 0003:000015dc       __exitflag                 1001c5dc     LIBCMT:crt0dat.obj
 0003:000015e0       __C_Termination_Done       1001c5e0     LIBCMT:crt0dat.obj
 0003:000015e4       __C_Exit_Done              1001c5e4     LIBCMT:crt0dat.obj
 0003:000016f4       __crtheap                  1001c6f4     LIBCMT:heapinit.obj
 0003:000016f8       __cflush                   1001c6f8     LIBCMT:_file.obj
 0003:00001700       ___mbulinfo                1001c700     LIBCMT:mbctype.obj
 0003:0000170c       ___mbcodepage              1001c70c     LIBCMT:mbctype.obj
 0003:00001710       ___ismbcodepage            1001c710     LIBCMT:mbctype.obj
 0003:00001714       ___mblcid                  1001c714     LIBCMT:mbctype.obj
 0003:00001718       ___locale_changed          1001c718     LIBCMT:setlocal.obj
 0003:0000171c       ___lc_handle               1001c71c     LIBCMT:nlsdata2.obj
 0003:00001734       ___lc_codepage             1001c734     LIBCMT:nlsdata2.obj
 0003:00001738       ___lc_collate_cp           1001c738     LIBCMT:nlsdata2.obj
 0003:00001890       ___sbh_pHeaderDefer        1001c890     LIBCMT:sbheap.obj
 0003:00001bac       ?__pInconsistency@@3P6AXXZA 1001cbac     LIBCMT:hooks.obj
 0003:00001bd0       ___pPurecall               1001cbd0     LIBCMT:inithelp.obj
 0003:00001bd8       ?_pnhHeap@@3P6AHI@ZA       1001cbd8     LIBCMT:handler.obj
 0003:00001be4       ___lconv_static_null       1001cbe4     LIBCMT:lconv.obj
 0003:00001be8       __stdbuf                   1001cbe8     LIBCMT:_sftbuf.obj
 0003:00001bf0       __newmode                  1001cbf0     LIBCMT:_newmode.obj
 0003:00001cc0       ?WogNDlg_TXT@@3PAU_TXT_@@A 1001ccc0     wog native dialogs.obj
 0003:00001cc4       ?NPC_Def@@3PAU_DlgStaticDef_@@A 1001ccc4     wog native dialogs.obj
 0003:00001cc8       ?smalfont2@@3PAU_Fnt_@@A   1001ccc8     wog native dialogs.obj
 0003:00001ccc       ?dlgHeroLvlUp_heroID@@3IA  1001cccc     wog native dialogs.obj
 0003:00001cd0       ?_PI@@3PAVPatcherInstance@@A 1001ccd0     wog native dialogs.obj
 0003:00001cd4       ?inTownDlg@@3_NA           1001ccd4     wog native dialogs.obj
 0003:00001cd8       ?_P@@3PAVPatcher@@A        1001ccd8     wog native dialogs.obj
 0003:00001cdc       ?time_click_MsgBox@@3IA    1001ccdc     wog native dialogs.obj
 0003:00001ce0       ?isNeedRestore@@3HA        1001cce0     wog native dialogs.obj
 0003:00001ce4       ?ERA_version@@3PBDB        1001cce4     wog native dialogs.obj
 0003:00001ce8       ?damLo@@3HA                1001cce8     wog native dialogs.obj
 0003:00001cec       ?medfont2@@3PAU_Fnt_@@A    1001ccec     wog native dialogs.obj
 0003:00001cf0       ?QuickBattle_SAVE@@3HA     1001ccf0     wog native dialogs.obj
 0003:00001cf4       ?timeClickAvtoSolo@@3HA    1001ccf4     wog native dialogs.obj
 0003:00001cf8       ?HD_Version@@3HA           1001ccf8     wog native dialogs.obj
 0003:00001cfc       ?time_click@@3HA           1001ccfc     wog native dialogs.obj
 0003:00001d00       ?hAngel@Era@@3PAUHINSTANCE__@@A 1001cd00     wog native dialogs.obj
 0003:00001d04       ?hEra@Era@@3PAUHINSTANCE__@@A 1001cd04     wog native dialogs.obj
 0003:00001d08       ?txtresWOG@@3PAU_TXT_@@A   1001cd08     wog native dialogs.obj
 0003:00001d0c       ?_HD@@3PAVPatcherInstance@@A 1001cd0c     wog native dialogs.obj
 0003:00001d10       ?damHi@@3HA                1001cd10     wog native dialogs.obj
 0003:00001d14       ?bigfont2@@3PAU_Fnt_@@A    1001cd14     wog native dialogs.obj
 0003:00001d18       ?EventParams@Era@@3PAY0BA@HA 1001cd18     wog native dialogs.obj
 0003:00001d1c       ?WriteAtCode@Era@@3P6GXHPAX0@ZA 1001cd1c     wog native dialogs.obj
 0003:00001d20       ?Hook@Era@@3P6GPAXPAXHH0@ZA 1001cd20     wog native dialogs.obj
 0003:00001d24       ?ApiHook@Era@@3P6GPAXPAXH0@ZA 1001cd24     wog native dialogs.obj
 0003:00001d28       ?KillThisProcess@Era@@3P6GXXZA 1001cd28     wog native dialogs.obj
 0003:00001d2c       ?FatalError@Era@@3P6GXPAD@ZA 1001cd2c     wog native dialogs.obj
 0003:00001d30       ?RecallAPI@Era@@3P6GHPAUTHookContext@1@H@ZA 1001cd30     wog native dialogs.obj
 0003:00001d34       ?RegisterHandler@Era@@3P6GXP6GXPAUTEvent@1@@ZPAD@ZA 1001cd34     wog native dialogs.obj
 0003:00001d38       ?FireEvent@Era@@3P6GXPADPAXH@ZA 1001cd38     wog native dialogs.obj
 0003:00001d3c       ?LoadTxt@Era@@3P6GPAXPAD@ZA 1001cd3c     wog native dialogs.obj
 0003:00001d40       ?ForceTxtUnload@Era@@3P6GXPAD@ZA 1001cd40     wog native dialogs.obj
 0003:00001d44       ?ExecErmCmd@Era@@3P6GXPAD@ZA 1001cd44     wog native dialogs.obj
 0003:00001d48       ?ReloadErm@Era@@3P6GXXZA   1001cd48     wog native dialogs.obj
 0003:00001d4c       ?ExtractErm@Era@@3P6GXXZA  1001cd4c     wog native dialogs.obj
 0003:00001d50       ?FireErmEvent@Era@@3P6GXH@ZA 1001cd50     wog native dialogs.obj
 0003:00001d54       ?ClearAllIniCache@Era@@3P6GXXZA 1001cd54     wog native dialogs.obj
 0003:00001d58       ?ClearIniCache@Era@@3P6GXPAD@ZA 1001cd58     wog native dialogs.obj
 0003:00001d5c       ?ReadStrFromIni@Era@@3P6G_NPAD000@ZA 1001cd5c     wog native dialogs.obj
 0003:00001d60       ?WriteStrToIni@Era@@3P6G_NPAD000@ZA 1001cd60     wog native dialogs.obj
 0003:00001d64       ?SaveIni@Era@@3P6G_NPAD@ZA 1001cd64     wog native dialogs.obj
 0003:00001d68       ?NameColor@Era@@3P6GXHPAD@ZA 1001cd68     wog native dialogs.obj
 0003:00001d6c       ?WriteSavegameSection@Era@@3P6GXHPAXPAD@ZA 1001cd6c     wog native dialogs.obj
 0003:00001d70       ?ReadSavegameSection@Era@@3P6GHHPAXPAD@ZA 1001cd70     wog native dialogs.obj
 0003:00001d74       ?GetGameState@Era@@3P6GXPAUTGameState@1@@ZA 1001cd74     wog native dialogs.obj
 0003:00001d78       ?GetButtonID@Era@@3P6GHPAD@ZA 1001cd78     wog native dialogs.obj
 0003:00001d7c       ?PatchExists@Era@@3P6G_NPAD@ZA 1001cd7c     wog native dialogs.obj
 0003:00001d80       ?PluginExists@Era@@3P6G_NPAD@ZA 1001cd80     wog native dialogs.obj
 0003:00001d84       ?RedirectFile@Era@@3P6GXXZA 1001cd84     wog native dialogs.obj
 0003:00001d88       ?GlobalRedirectFile@Era@@3P6GXXZA 1001cd88     wog native dialogs.obj
 0003:00001d8c       ?RedirectMemoryBlock@Era@@3P6GXPAXH0@ZA 1001cd8c     wog native dialogs.obj
 0003:00001d90       ?GetRealAddr@Era@@3P6GPAXPAX@ZA 1001cd90     wog native dialogs.obj
 0003:00001d94       ?SaveEventParams@Era@@3P6GXXZA 1001cd94     wog native dialogs.obj
 0003:00001d98       ?RestoreEventParams@Era@@3P6GXXZA 1001cd98     wog native dialogs.obj
 0003:00001d9c       ?ReportPluginVersion@Era@@3P6GXPAD@ZA 1001cd9c     wog native dialogs.obj
 0003:00001da0       ?GetEraVersion@Era@@3P6GPBDXZA 1001cda0     wog native dialogs.obj
 0003:00001da4       ?isHD@@3HA                 1001cda4     wog native dialogs.obj
 0003:00001da8       ?NPC_StatBar@@3PAU_DlgStaticTextPcx8ed_@@A 1001cda8     wog native dialogs.obj
 0003:00001dac       ?str_num_hook@@3HA         1001cdac     wog native dialogs.obj
 0003:00001db0       ?statbarWoGOptions@@3PAU_DlgStaticTextPcx8ed_@@A 1001cdb0     wog native dialogs.obj
 0003:00001db4       ?apdFont@@3HA              1001cdb4     wog native dialogs.obj
 0003:00001db8       ?check_AIValue_isNotHero@@3_NA 1001cdb8     wog native dialogs.obj
 0003:00001dbc       ?calls_count@?1??GetPatcher@@YAPAVPatcher@@XZ@4HA 1001cdbc     wog native dialogs.obj
 0003:00001dc4       ___fastflag                1001cdc4     LIBCMT:_fpinit_.obj
 0003:00001dc8       __adjust_fdiv              1001cdc8     LIBCMT:_fpinit_.obj
 0003:00001dcc       __outputformat             1001cdcc     LIBCMT:outputformat.obj
 0003:00001dd0       ___sse2_available          1001cdd0     <common>
 0003:00001dd4       ___sbh_cntHeaderList       1001cdd4     <common>
 0003:00001dd8       ___sbh_pHeaderList         1001cdd8     <common>
 0003:00001ddc       ___sbh_threshold           1001cddc     <common>
 0003:00001de0       ___sbh_pHeaderScan         1001cde0     <common>
 0003:00001de4       ___sbh_sizeHeaderList      1001cde4     <common>
 0003:00001de8       ___sbh_indGroupDefer       1001cde8     <common>
 0003:00001dec       ___piob                    1001cdec     <common>
 0003:00001e00       __bufin                    1001ce00     <common>
 0003:00002e00       __nstream                  1001de00     <common>
 0003:00002e04       __debugger_hook_dummy      1001de04     <common>
 0003:00002e08       __pDestructExceptionObject 1001de08     <common>
 0003:00002e0c       ___active_heap             1001de0c     <common>
 0003:00002e10       __nhandle                  1001de10     <common>
 0003:00002e20       ___pioinfo                 1001de20     <common>
 0003:00002f20       ___env_initialized         1001df20     <common>
 0003:00002f24       ___onexitend               1001df24     <common>
 0003:00002f28       ___onexitbegin             1001df28     <common>
 0003:00002f2c       ___mbctype_initialized     1001df2c     <common>
 0003:00002f30       ___dyn_tls_init_callback   1001df30     <common>
 0003:00002f34       __acmdln                   1001df34     <common>

 entry point at        0001:0000b19c

 Static symbols

 0001:0000b0a6       ___DllMainCRTStartup       1000c0a6 f   LIBCMT:dllcrt0.obj
 0001:0000b4b0       _write_char                1000c4b0 f   LIBCMT:output.obj
 0001:0000b4e3       _write_multi_char          1000c4e3 f   LIBCMT:output.obj
 0001:0000b509       _write_string              1000c509 f   LIBCMT:output.obj
 0001:0000cafc       __initterm                 1000dafc f   LIBCMT:crt0dat.obj
 0001:0000cbc2       _doexit                    1000dbc2 f   LIBCMT:crt0dat.obj
 0001:0000d0e1       _parse_cmdline             1000e0e1 f   LIBCMT:stdargv.obj
 0001:0000e5ab       ?CPtoLCID@@YAHH@Z          1000f5ab f   LIBCMT:mbctype.obj
 0001:0000e5da       ?setSBCS@@YAXPAUthreadmbcinfostruct@@@Z 1000f5da f   LIBCMT:mbctype.obj
 0001:0000e63e       ?setSBUpLow@@YAXPAUthreadmbcinfostruct@@@Z 1000f63e f   LIBCMT:mbctype.obj
 0001:0000e875       ?getSystemCP@@YAHH@Z       1000f875 f   LIBCMT:mbctype.obj
 0001:0000eeff       __updatetlocinfoEx_nolock  1000feff f   LIBCMT:setlocal.obj
 0001:00010613       __onexit_nolock            10011613 f   LIBCMT:onexit.obj
 0001:00010915       _siglookup                 10011915 f   LIBCMT:winsig.obj
 0001:00010c35       ?x_ismbbtype_l@@YAHPAUlocaleinfo_struct@@IHH@Z 10011c35 f   LIBCMT:ismbbyte.obj
 0001:00011098       __unwind_handler4          10012098 f   LIBCMT:exsup4.obj
 0001:0001169a       _flsall                    1001269a f   LIBCMT:fflush.obj
 0001:0001179d       ?__crtLCMapStringA_stat@@YAHPAUlocaleinfo_struct@@KKPBDHPADHHH@Z 1001279d f   LIBCMT:a_map.obj
 0001:00011b87       ?__crtGetStringTypeA_stat@@YAHPAUlocaleinfo_struct@@KPBDHPAGHHH@Z 10012b87 f   LIBCMT:a_str.obj
 0001:00012239       _fastzero_I                10013239 f   LIBCMT:p4_memset.obj
 0001:0001231f       _has_osfxsr_set            1001331f f   LIBCMT:cpu_disp.obj
 0001:000123de       ?strtoxl@@YAKPAUlocaleinfo_struct@@PBDPAPBDHH@Z 100133de f   LIBCMT:strtol.obj
 0001:00012d92       _fastcopy_I                10013d92 f   LIBCMT:p4_memcpy.obj
 0001:00012f1c       __unwind_handler           10013f1c f   LIBCMT:exsup.obj
 0001:00013c58       __shift                    10014c58 f   LIBCMT:cvt.obj
 0001:00013c9d       __cftoe2_l                 10014c9d f   LIBCMT:cvt.obj
 0001:0001426f       __cftof2_l                 1001526f f   LIBCMT:cvt.obj
 0001:000165ff       __hw_cw                    100175ff f   LIBCMT:_ieee87_.obj
 0001:0001668d       ___hw_cw_sse2              1001768d f   LIBCMT:_ieee87_.obj
