 wog native dialogs

 Timestamp is 5f64953a (Fri Sep 18 14:08:42 2020)

 Preferred load address is 10000000

 Start         Length     Name                   Class
 0001:00000000 00018bccH .text                   CODE
 0001:00018bd0 00000000H .text$x                 CODE
 0001:00018bd0 00000014H .text$yd                CODE
 0002:00000000 0000011cH .idata$5                DATA
 0002:0000011c 00000004H .CRT$XCA                DATA
 0002:00000120 00000004H .CRT$XCZ                DATA
 0002:00000124 00000004H .CRT$XIA                DATA
 0002:00000128 00000010H .CRT$XIC                DATA
 0002:00000138 00000004H .CRT$XIZ                DATA
 0002:0000013c 00000004H .CRT$XPA                DATA
 0002:00000140 00000004H .CRT$XPX                DATA
 0002:00000144 00000004H .CRT$XPXA               DATA
 0002:00000148 00000004H .CRT$XPZ                DATA
 0002:0000014c 00000004H .CRT$XTA                DATA
 0002:00000150 00000004H .CRT$XTZ                DATA
 0002:00000160 00002240H .rdata                  DATA
 0002:000023a0 00000061H .rdata$debug            DATA
 0002:00002404 000000dcH .rdata$r                DATA
 0002:000024e0 0000000cH .rdata$sxdata           DATA
 0002:000024ec 00000004H .rtc$IAA                DATA
 0002:000024f0 00000004H .rtc$IZZ                DATA
 0002:000024f4 00000004H .rtc$TAA                DATA
 0002:000024f8 00000004H .rtc$TZZ                DATA
 0002:00002500 00000444H .xdata$x                DATA
 0002:00002944 00000014H .idata$2                DATA
 0002:00002958 00000014H .idata$3                DATA
 0002:0000296c 0000011cH .idata$4                DATA
 0002:00002a88 0000050cH .idata$6                DATA
 0002:00002fa0 0000005eH .edata                  DATA
 0003:00000000 000012f8H .data                   DATA
 0003:00001300 000029b4H .bss                    DATA

  Address         Publics by Value              Rva+Base       Lib:Object

 0000:00000000       __except_list              00000000     <absolute>
 0000:00000003       ___safe_se_handler_count   00000003     <absolute>
 0000:00000000       ___ImageBase               10000000     <linker-defined>
 0001:00000000       ?WriteCodePatch@PatcherInstance@@QAAPAVPatch@@IPADZZ 10001000 f i wog native dialogs.obj
 0001:00000020       ??1bad_alloc@std@@UAE@XZ   10001020 f i wog native dialogs.obj
 0001:00000030       ??_Gbad_alloc@std@@UAEPAXI@Z 10001030 f i wog native dialogs.obj
 0001:00000030       ??_Ebad_alloc@std@@UAEPAXI@Z 10001030 f i  CIL library: CIL module
 0001:00000060       ?Redraw@_Dlg_@@QAEXXZ      10001060 f i wog native dialogs.obj
 0001:00000080       ?Create@_DlgStaticDef_@@SAPAU1@HHHPADHHH@Z 10001080 f i wog native dialogs.obj
 0001:000000e0       ?Create@_DlgButton_@@SAPAU1@HHHPADHHHH@Z 100010e0 f i wog native dialogs.obj
 0001:00000130       ?Create@_DlgTextButton_@@SAPAU1@HHHPAD00HHHHH@Z 10001130 f i wog native dialogs.obj
 0001:00000190       ?b_MsgBox@@YAHPADH@Z       10001190 f i wog native dialogs.obj
 0001:000001c0       ?b_MsgBoxD@@YAHPADHHH@Z    100011c0 f i wog native dialogs.obj
 0001:00000200       ?Get_ITxtExp@@YAPADH@Z     10001200 f i wog native dialogs.obj
 0001:00000220       ?Set_DlgBackground_RK@@YAHPAV_CustomDlg_@@HH@Z 10001220 f   wog native dialogs.obj
 0001:00000800       ?b_MsgBoxAndDef@@YAXPADH0@Z 10001800 f   wog native dialogs.obj
 0001:00000a30       ?b_MsgBoxBig@@YAXPADD@Z    10001a30 f   wog native dialogs.obj
 0001:00000b70       ?e_ClickSound@@YAXXZ       10001b70 f i wog native dialogs.obj
 0001:00000bc0       ?ConnectEra@Era@@YAXXZ     10001bc0 f   wog native dialogs.obj
 0001:00000ed0       ?Dlg_ChangeBmp@@YAXPAVPatcherInstance@@@Z 10001ed0 f   wog native dialogs.obj
 0001:00001cc0       ?Y_New_CommanderDlg_Proc@@YGHPAV_CustomDlg_@@PAU_DlgMsg_@@@Z 10002cc0 f   wog native dialogs.obj
 0001:00002440       ?Y_Dlg_NPC_Show@@YGHPAVHiHook@@PAU_DlgNPC_@@@Z 10003440 f   wog native dialogs.obj
 0001:00003b30       ?Y_Dlg_NPC_Prepare@@YGXPAVHiHook@@PAU_Npc_@@HHH@Z 10004b30 f   wog native dialogs.obj
 0001:00003b70       ?Y_Dlg_NPC_ShowAgain_IfGetArtHero@@YGHPAVLoHook@@PAUHookContext@@@Z 10004b70 f   wog native dialogs.obj
 0001:00003b90       ?Y_HeroDlg_Create@@YGPAV_CustomDlg_@@PAVHiHook@@PAV1@@Z 10004b90 f   wog native dialogs.obj
 0001:00003bf0       ?Y_HeroDlg_Proc@@YGHPAVHiHook@@PAV_CustomDlg_@@PAU_DlgMsg_@@@Z 10004bf0 f   wog native dialogs.obj
 0001:00003d20       ?Dlg_NPC@@YAXPAVPatcherInstance@@@Z 10004d20 f   wog native dialogs.obj
 0001:00003de0       ?New_Dlg_ExpaMon_Case8@@YAHH@Z 10004de0 f   wog native dialogs.obj
 0001:00004730       ?New_Dlg_ExpaMon_BannerDlg_Proc@@YGHPAV_CustomDlg_@@PAU_DlgMsg_@@@Z 10005730 f   wog native dialogs.obj
 0001:00004800       ?New_Dlg_ExpaMon_BannerDlg@@YAHXZ 10005800 f   wog native dialogs.obj
 0001:00004c30       ?New_Dlg_ExpaMon_Proc@@YGHPAV_CustomDlg_@@PAU_DlgMsg_@@@Z 10005c30 f   wog native dialogs.obj
 0001:00005080       ?New_Dlg_ExpaMon@@YAHHHHI@Z 10006080 f   wog native dialogs.obj
 0001:00005cc0       ?New_Dlg_ExpaMon_Lo@@YGHPAVLoHook@@PAUHookContext@@@Z 10006cc0 f   wog native dialogs.obj
 0001:00005d00       ?New_Dlg_ExpaMon_Lo_IsBattle@@YGHPAVLoHook@@PAUHookContext@@@Z 10006d00 f   wog native dialogs.obj
 0001:00005d20       ?New_Dlg_ExpaMon_NULL@@YGHPAVLoHook@@PAUHookContext@@@Z 10006d20 f   wog native dialogs.obj
 0001:00005d30       ?Dlg_ExpaMon@@YAXPAVPatcherInstance@@@Z 10006d30 f   wog native dialogs.obj
 0001:00005d80       ?Y_WoGCurseDlg_Proc@@YGHPAV_CustomDlg_@@PAU_DlgMsg_@@@Z 10006d80 f   wog native dialogs.obj
 0001:00005e80       ?Y_WoGCurseDlg_Show@@YGHPAVLoHook@@PAUHookContext@@@Z 10006e80 f   wog native dialogs.obj
 0001:00006220       ?Y_WoGDlg_ChooseArt_Proc@@YGHPAV_CustomDlg_@@PAU_DlgMsg_@@@Z 10007220 f   wog native dialogs.obj
 0001:00006510       ?Y_WoGDlg_ChooseArt@@YGHPAVHiHook@@HPAU_Hero_@@H@Z 10007510 f   wog native dialogs.obj
 0001:00006b90       _UseWin32InputControl      10007b90 f   wog native dialogs.obj
 0001:00006bb0       ?IsSupportedFormatImage@@YA_NPAD@Z 10007bb0 f   wog native dialogs.obj
 0001:00006d40       ?New_Dlg_CustomReq_Proc@@YGHPAV_CustomDlg_@@PAU_DlgMsg_@@@Z 10007d40 f   wog native dialogs.obj
 0001:00006f00       ?New_Dlg_CustomReq@@YAHPAU_Sphinx1_@@@Z 10007f00 f   wog native dialogs.obj
 0001:00007ff0       ?Y_Dlg_CustomReq@@YGHPAVLoHook@@PAUHookContext@@@Z 10008ff0 f   wog native dialogs.obj
 0001:00008130       ?Y_WoGDlg_SphinxReq@@YGHPAVHiHook@@H@Z 10009130 f   wog native dialogs.obj
 0001:000082c0       ?Y_Dlg_QuickDialog@@YGHPAVHiHook@@PAU_Sphinx1_@@@Z 100092c0 f   wog native dialogs.obj
 0001:00008350       ?Dlg_Sphinx@@YAXPAVPatcherInstance@@@Z 10009350 f   wog native dialogs.obj
 0001:00008410       ?New_Dlg_IF_G_Proc@@YGHPAV_CustomDlg_@@PAU_DlgMsg_@@@Z 10009410 f   wog native dialogs.obj
 0001:00008550       ?New_Dlg_IF_G@@YAHHHHHH@Z  10009550 f   wog native dialogs.obj
 0001:000089b0       ?New_Dlg_IF_G_Lo@@YGHPAVLoHook@@PAUHookContext@@@Z 100099b0 f   wog native dialogs.obj
 0001:000089f0       ?Dlg_IFG@@YAXPAVPatcherInstance@@@Z 100099f0 f   wog native dialogs.obj
 0001:00008a40       ?Dlg_ChooseMonAttack_Proc@@YGHPAV_CustomDlg_@@PAU_DlgMsg_@@@Z 10009a40 f   wog native dialogs.obj
 0001:00008a80       ?Dlg_ChooseMonAttack@@YGHPAVHiHook@@HHH@Z 10009a80 f   wog native dialogs.obj
 0001:00008d60       ?Redraw_WoGDlgSetup_ElemOnPage@@YAHPAV_CustomDlg_@@PAU_DlgSetup_@@H@Z 10009d60 f   wog native dialogs.obj
 0001:00008f50       ?ShowHide_WoGDlgSetup_ElemOnPage@@YAHPAV_CustomDlg_@@HPAU_DlgSetup_@@H@Z 10009f50 f   wog native dialogs.obj
 0001:00009140       ?Create_WoGDlgSetup_ElemOnPage@@YAHPAV_CustomDlg_@@HPAU_DlgSetup_@@@Z 1000a140 f   wog native dialogs.obj
 0001:00009530       ?setYellowFrames@@YAXPAV_CustomDlg_@@H@Z 1000a530 f   wog native dialogs.obj
 0001:0000a090       ?Dlg_WoG_Options_Proc@@YGHPAV_CustomDlg_@@PAU_DlgMsg_@@@Z 1000b090 f   wog native dialogs.obj
 0001:0000a7e0       ?Dlg_WoG_Options_Show@@YGXPAVHiHook@@H@Z 1000b7e0 f   wog native dialogs.obj
 0001:0000ad30       ?Y_NewScenarioDlg_Proc@@YGHPAVHiHook@@PAV_CustomDlg_@@PAU_DlgMsg_@@@Z 1000bd30 f   wog native dialogs.obj
 0001:0000ad80       ?Y_NewScenarioDlg_Create@@YGXPAVHiHook@@PAU_NewScenarioDlg_@@H@Z 1000bd80 f   wog native dialogs.obj
 0001:0000ade0       ?Dlg_WoGOptions@@YAXPAVPatcherInstance@@@Z 1000bde0 f   wog native dialogs.obj
 0001:0000ae80       ?Dlg_ChooseCastleReBuild_Proc@@YGHPAV_CustomDlg_@@PAU_DlgMsg_@@@Z 1000be80 f   wog native dialogs.obj
 0001:0000afe0       ?Dlg_ChooseCastleReBuild@@YGHPAVHiHook@@@Z 1000bfe0 f   wog native dialogs.obj
 0001:0000b5a0       ?Dlg_ChooseCastleReBuild_SetCansellBttn@@YGHPAVLoHook@@PAUHookContext@@@Z 1000c5a0 f   wog native dialogs.obj
 0001:0000b5d0       ?Y_Dlg_HeroLvlUp_Proc@@YGHPAVHiHook@@HPAU_DlgMsg_@@@Z 1000c5d0 f   wog native dialogs.obj
 0001:0000b6b0       ?Y_Lo_Dlg_HeroLvlUp_Create@@YGHPAVLoHook@@PAUHookContext@@@Z 1000c6b0 f   wog native dialogs.obj
 0001:0000b6d0       ?b_MsgBox_Proc@@YGHPAVHiHook@@PAU_DlgMsg_@@@Z 1000c6d0 f   wog native dialogs.obj
 0001:0000b780       ?Y_Dlg_Recuit_Proc@@YGHPAVHiHook@@PAU_Struct_@@PAU_DlgMsg_@@@Z 1000c780 f   wog native dialogs.obj
 0001:0000b810       ?Y_Dlg_Recuit_Create@@YGHPAVHiHook@@PAU_Struct_@@H@Z 1000c810 f   wog native dialogs.obj
 0001:0000b880       ?Y_DlgMainMenu_Proc@@YGHPAVHiHook@@PAU_DlgMsg_@@@Z 1000c880 f   wog native dialogs.obj
 0001:0000ba50       ?Y_BATTLE_Proc@@YGHPAVHiHook@@PAU_BattleMgr_@@PAU_DlgMsg_@@@Z 1000ca50 f   wog native dialogs.obj
 0001:0000bba0       ?Y_EndBattle@@YGHPAVLoHook@@PAUHookContext@@@Z 1000cba0 f   wog native dialogs.obj
 0001:0000bc40       ?StartHD5Functions@@YAXXZ  1000cc40 f   wog native dialogs.obj
 0001:0000bd60       ?HD5_Functions@@YAXPAVPatcherInstance@@@Z 1000cd60 f   wog native dialogs.obj
 0001:0000bdb0       ?getAIValue_NPC@@YA_JH@Z   1000cdb0 f   wog native dialogs.obj
 0001:0000be90       ?get_AIValue_Hook@@YG_JPAVHiHook@@H@Z 1000ce90 f   wog native dialogs.obj
 0001:0000bee0       ?get_AIValue_And_NPC_Error@@YGHPAVLoHook@@PAUHookContext@@@Z 1000cee0 f   wog native dialogs.obj
 0001:0000bef0       ?get_Fight_Value_Hook@@YGHPAVLoHook@@PAUHookContext@@@Z 1000cef0 f   wog native dialogs.obj
 0001:0000bf20       ?Dlg_NPC_AIValue@@YAXPAVPatcherInstance@@@Z 1000cf20 f   wog native dialogs.obj
 0001:0000bfa0       ?Y_DlgTown_Proc@@YGHPAVHiHook@@PAU_TownMgr_@@PAU_DlgMsg_@@@Z 1000cfa0 f   wog native dialogs.obj
 0001:0000c110       ?Y_Dlg_HeroesMeet@@YGHPAVLoHook@@PAUHookContext@@@Z 1000d110 f   wog native dialogs.obj
 0001:0000c140       ?Y_Battle_SetHintAttackGetDamage@@YGHPAVLoHook@@PAUHookContext@@@Z 1000d140 f   wog native dialogs.obj
 0001:0000c160       ?GetStringKilled@@YAPADPADPAU_BattleStack_@@@Z 1000d160 f   wog native dialogs.obj
 0001:0000c290       ?BattleMgr_GetAttackDamage_Hint_LogString@@YGPAU_HStr_@@PAVHiHook@@PAU1@PAU_BattleStack_@@2EH@Z 1000d290 f   wog native dialogs.obj
 0001:0000c390       ?Y_Dlg_MainMenu_Create@@YGHPAVHiHook@@PAU_Dlg_@@@Z 1000d390 f   wog native dialogs.obj
 0001:0000c430       ?Y_LoadAllTXTinGames@@YGHPAVLoHook@@PAUHookContext@@@Z 1000d430 f   wog native dialogs.obj
 0001:0000c450       ?Y_Hook_MainLoop@@YGHPAVLoHook@@PAUHookContext@@@Z 1000d450 f   wog native dialogs.obj
 0001:0000c7b0       _DllMain@12                1000d7b0 f   wog native dialogs.obj
 0001:0000ca20       ??$VarValue@H@Patcher@@QAEAAHPAD@Z 1000da20 f i wog native dialogs.obj
 0001:0000ca60       ??0bad_alloc@std@@QAE@ABV01@@Z 1000da60 f i wog native dialogs.obj
 0001:0000ca80       ?RedrawScreen@_DlgItem_@@QAEXXZ 1000da80 f   HoMM3_GUI.obj
 0001:0000cab0       ?Create@_CustomDlg_@@SAPAV1@HHHHIP6GHPAV1@PAU_DlgMsg_@@@Z@Z 1000dab0 f   HoMM3_GUI.obj
 0001:0000cb30       ?DlgProcBridge@_CustomDlg_@@SIHPAV1@IPAU_DlgMsg_@@@Z 1000db30 f   HoMM3_GUI.obj
 0001:0000cb49       @__security_check_cookie@4 1000db49 f   LIBCMT:secchk.obj
 0001:0000cb58       _sprintf                   1000db58 f   LIBCMT:sprintf.obj
 0001:0000cbd5       ??0exception@std@@QAE@ABQBDH@Z 1000dbd5 f   LIBCMT:stdexcpt.obj
 0001:0000cbf2       ??0exception@std@@QAE@ABV01@@Z 1000dbf2 f   LIBCMT:stdexcpt.obj
 0001:0000cc4f       ??1exception@std@@UAE@XZ   1000dc4f f   LIBCMT:stdexcpt.obj
 0001:0000cc65       ?what@exception@std@@UBEPBDXZ 1000dc65 f   LIBCMT:stdexcpt.obj
 0001:0000cc72       ??_Gexception@std@@UAEPAXI@Z 1000dc72 f i LIBCMT:stdexcpt.obj
 0001:0000cc72       ??_Eexception@std@@UAEPAXI@Z 1000dc72 f i LIBCMT:stdexcpt.obj
 0001:0000cc93       _free                      1000dc93 f   LIBCMT:free.obj
 0001:0000cd21       ??3@YAXPAX@Z               1000dd21 f   LIBCMT:delete.obj
 0001:0000cd2c       ??1type_info@@UAE@XZ       1000dd2c f   LIBCMT:typinfo.obj
 0001:0000cd3c       ??_Etype_info@@UAEPAXI@Z   1000dd3c f i LIBCMT:typinfo.obj
 0001:0000cd3c       ??_Gtype_info@@UAEPAXI@Z   1000dd3c f i LIBCMT:typinfo.obj
 0001:0000cd5d       ??0bad_alloc@std@@QAE@XZ   1000dd5d f i LIBCMT:new.obj
 0001:0000cd78       ??2@YAPAXI@Z               1000dd78 f   LIBCMT:new.obj
 0001:0000cddd       __CRT_INIT@12              1000dddd f   LIBCMT:dllcrt0.obj
 0001:0000d008       __DllMainCRTStartup@12     1000e008 f   LIBCMT:dllcrt0.obj
 0001:0000d030       _strlen                    1000e030 f   LIBCMT:strlen.obj
 0001:0000d0bb       __CxxThrowException@8      1000e0bb f   LIBCMT:throw.obj
 0001:0000d107       ?_CallMemberFunction0@@YGXPAX0@Z 1000e107 f   LIBCMT:_trnsctrl_.obj
 0001:0000d10e       ___report_gsfailure        1000e10e f   LIBCMT:gs_report.obj
 0001:0000d220       _memmove                   1000e220 f   LIBCMT:memmove.obj
 0001:0000d585       __initp_misc_invarg        1000e585 f   LIBCMT:invarg.obj
 0001:0000d594       __invoke_watson            1000e594 f   LIBCMT:invarg.obj
 0001:0000d6bc       __invalid_parameter        1000e6bc f   LIBCMT:invarg.obj
 0001:0000d6e2       __get_errno_from_oserr     1000e6e2 f   LIBCMT:dosmap.obj
 0001:0000d724       __errno                    1000e724 f   LIBCMT:dosmap.obj
 0001:0000d737       ___doserrno                1000e737 f   LIBCMT:dosmap.obj
 0001:0000d74a       __dosmaperr                1000e74a f   LIBCMT:dosmap.obj
 0001:0000d76d       __flsbuf                   1000e76d f   LIBCMT:_flsbuf.obj
 0001:0000d8d1       ??0_LocaleUpdate@@QAE@PAUlocaleinfo_struct@@@Z 1000e8d1 f i LIBCMT:output.obj
 0001:0000d9fe       __output_l                 1000e9fe f   LIBCMT:output.obj
 0001:0000e596       _strcpy_s                  1000f596 f   LIBCMT:strcpy_s.obj
 0001:0000e5fe       _V6_HeapAlloc              1000f5fe f   LIBCMT:malloc.obj
 0001:0000e64d       _malloc                    1000f64d f   LIBCMT:malloc.obj
 0001:0000e717       __heap_init                1000f717 f   LIBCMT:heapinit.obj
 0001:0000e747       __heap_term                1000f747 f   LIBCMT:heapinit.obj
 0001:0000e7bb       __mtinitlocks              1000f7bb f   LIBCMT:mlock.obj
 0001:0000e806       __mtdeletelocks            1000f806 f   LIBCMT:mlock.obj
 0001:0000e85d       __unlock                   1000f85d f   LIBCMT:mlock.obj
 0001:0000e874       __mtinitlocknum            1000f874 f   LIBCMT:mlock.obj
 0001:0000e937       __lock                     1000f937 f   LIBCMT:mlock.obj
 0001:0000e96a       ___sbh_find_block          1000f96a f   LIBCMT:sbheap.obj
 0001:0000e99a       ___sbh_free_block          1000f99a f   LIBCMT:sbheap.obj
 0001:0000ecb0       ___sbh_alloc_new_region    1000fcb0 f   LIBCMT:sbheap.obj
 0001:0000ed60       ___sbh_alloc_new_group     1000fd60 f   LIBCMT:sbheap.obj
 0001:0000ee68       ___sbh_resize_block        1000fe68 f   LIBCMT:sbheap.obj
 0001:0000f149       ___sbh_alloc_block         10010149 f   LIBCMT:sbheap.obj
 0001:0000f430       __SEH_prolog4              10010430 f   LIBCMT:sehprolg4.obj
 0001:0000f475       __SEH_epilog4              10010475 f   LIBCMT:sehprolg4.obj
 0001:0000f490       __except_handler4          10010490 f   LIBCMT:chandler4.obj
 0001:0000f620       _memset                    10010620 f   LIBCMT:memset.obj
 0001:0000f6a0       _memcpy                    100106a0 f   LIBCMT:memcpy.obj
 0001:0000fa05       ?_Type_info_dtor@type_info@@CAXPAV1@@Z 10010a05 f   LIBCMT:typname.obj
 0001:0000fa80       _strcmp                    10010a80 f   LIBCMT:strcmp.obj
 0001:0000fbc2       ___onexitinit              10010bc2 f   LIBCMT:onexit.obj
 0001:0000fbf3       __onexit                   10010bf3 f   LIBCMT:onexit.obj
 0001:0000fc2f       _atexit                    10010c2f f   LIBCMT:onexit.obj
 0001:0000fc46       __initp_heap_handler       10010c46 f   LIBCMT:handler.obj
 0001:0000fc55       __callnewh                 10010c55 f   LIBCMT:handler.obj
 0001:0000fc7d       __encode_pointer           10010c7d f   LIBCMT:tidtable.obj
 0001:0000fcef       __encoded_null             10010cef f   LIBCMT:tidtable.obj
 0001:0000fcf8       __decode_pointer           10010cf8 f   LIBCMT:tidtable.obj
 0001:0000fd6a       ___crtTlsAlloc@4           10010d6a f   LIBCMT:tidtable.obj
 0001:0000fd73       ___set_flsgetvalue         10010d73 f   LIBCMT:tidtable.obj
 0001:0000fda7       __mtterm                   10010da7 f   LIBCMT:tidtable.obj
 0001:0000fde4       __initptd                  10010de4 f   LIBCMT:tidtable.obj
 0001:0000fecb       __getptd_noexit            10010ecb f   LIBCMT:tidtable.obj
 0001:0000ff44       __getptd                   10010f44 f   LIBCMT:tidtable.obj
 0001:0000ff60       __freefls@4                10010f60 f   LIBCMT:tidtable.obj
 0001:0001008f       __freeptd                  1001108f f   LIBCMT:tidtable.obj
 0001:000100fd       __mtinit                   100110fd f   LIBCMT:tidtable.obj
 0001:0001028a       __malloc_crt               1001128a f   LIBCMT:crtheap.obj
 0001:000102cf       __calloc_crt               100112cf f   LIBCMT:crtheap.obj
 0001:0001031b       __realloc_crt              1001131b f   LIBCMT:crtheap.obj
 0001:00010369       __crt_waiting_on_module_handle 10011369 f   LIBCMT:crt0dat.obj
 0001:00010399       __amsg_exit                10011399 f   LIBCMT:crt0dat.obj
 0001:000103c2       ___crtCorExitProcess       100113c2 f   LIBCMT:crt0dat.obj
 0001:000103ed       ___crtExitProcess          100113ed f   LIBCMT:crt0dat.obj
 0001:00010405       __lockexit                 10011405 f   LIBCMT:crt0dat.obj
 0001:0001040e       __unlockexit               1001140e f   LIBCMT:crt0dat.obj
 0001:00010434       __initterm_e               10011434 f   LIBCMT:crt0dat.obj
 0001:00010458       __cinit                    10011458 f   LIBCMT:crt0dat.obj
 0001:00010609       __exit                     10011609 f   LIBCMT:crt0dat.obj
 0001:0001061f       __cexit                    1001161f f   LIBCMT:crt0dat.obj
 0001:0001062e       __init_pointers            1001162e f   LIBCMT:crt0dat.obj
 0001:0001067c       __ioinit                   1001167c f   LIBCMT:ioinit.obj
 0001:000108d0       __ioterm                   100118d0 f   LIBCMT:ioinit.obj
 0001:0001091e       __setenvp                  1001191e f   LIBCMT:stdenvp.obj
 0001:00010b96       __setargv                  10011b96 f   LIBCMT:stdargv.obj
 0001:00010c51       ___crtGetEnvironmentStringsA 10011c51 f   LIBCMT:a_env.obj
 0001:00010d88       __RTC_Initialize           10011d88 f   LIBCMT:_initsect_.obj
 0001:00010dae       __RTC_Terminate            10011dae f   LIBCMT:_initsect_.obj
 0001:00010dd4       __XcptFilter               10011dd4 f   LIBCMT:winxfltr.obj
 0001:00010f34       ___CppXcptFilter           10011f34 f   LIBCMT:winxfltr.obj
 0001:00010f54       ___security_init_cookie    10011f54 f   LIBCMT:gs_support.obj
 0001:00010fea       ___DestructExceptionObject 10011fea f   LIBCMT:frame.obj
 0001:0001103f       ?terminate@@YAXXZ          1001203f f   LIBCMT:hooks.obj
 0001:00011078       __initp_eh_hooks           10012078 f   LIBCMT:hooks.obj
 0001:00011090       __CallSettingFrame@12      10012090 f   LIBCMT:lowhelpr.obj
 0001:000110b7       __NLG_Return               100120b7     LIBCMT:lowhelpr.obj
 0001:000110dc       __crt_debugger_hook        100120dc f   LIBCMT:dbghook.obj
 0001:0001116b       __VEC_memcpy               1001216b f   LIBCMT:p4_memcpy.obj
 0001:0001129e       __get_sse2_info            1001229e f   LIBCMT:cpu_disp.obj
 0001:00011300       ___sse2_available_init     10012300 f   LIBCMT:cpu_disp.obj
 0001:0001130d       __lseeki64_nolock          1001230d f   LIBCMT:lseeki64.obj
 0001:00011392       __lseeki64                 10012392 f   LIBCMT:lseeki64.obj
 0001:000114ab       __write_nolock             100124ab f   LIBCMT:write.obj
 0001:00011bde       __write                    10012bde f   LIBCMT:write.obj
 0001:00011cba       __getbuf                   10012cba f   LIBCMT:_getbuf.obj
 0001:00011d03       __isatty                   10012d03 f   LIBCMT:isatty.obj
 0001:00011d67       ___iob_func                10012d67 f   LIBCMT:_file.obj
 0001:00011d6d       ___initstdio               10012d6d f   LIBCMT:_file.obj
 0001:00011e1e       ___endstdio                10012e1e f   LIBCMT:_file.obj
 0001:00011e3e       __lock_file                10012e3e f   LIBCMT:_file.obj
 0001:00011e7f       __lock_file2               10012e7f f   LIBCMT:_file.obj
 0001:00011eb1       __unlock_file              10012eb1 f   LIBCMT:_file.obj
 0001:00011eed       __unlock_file2             10012eed f   LIBCMT:_file.obj
 0001:00011f1c       __fileno                   10012f1c f   LIBCMT:fileno.obj
 0001:00012174       ___updatetmbcinfo          10013174 f   LIBCMT:mbctype.obj
 0001:00012294       __setmbcp_nolock           10013294 f   LIBCMT:mbctype.obj
 0001:00012479       __setmbcp                  10013479 f   LIBCMT:mbctype.obj
 0001:00012613       ___initmbctable            10013613 f   LIBCMT:mbctype.obj
 0001:00012631       ___freetlocinfo            10013631 f   LIBCMT:setlocal.obj
 0001:0001277a       ___addlocaleref            1001377a f   LIBCMT:setlocal.obj
 0001:00012809       ___removelocaleref         10013809 f   LIBCMT:setlocal.obj
 0001:000128e0       ___updatetlocinfo          100138e0 f   LIBCMT:setlocal.obj
 0001:00012956       __initp_misc_cfltcvt_tab   10013956 f   LIBCMT:cmiscdat.obj
 0001:00012977       __get_printf_count_output  10013977 f   LIBCMT:printf.obj
 0001:0001298d       __wctomb_s_l               1001398d f   LIBCMT:wctomb.obj
 0001:00012af9       _wctomb_s                  10013af9 f   LIBCMT:wctomb.obj
 0001:00012b16       __isleadbyte_l             10013b16 f i LIBCMT:_wctype.obj
 0001:00012b4e       _isleadbyte                10013b4e f i LIBCMT:_wctype.obj
 0001:00012b70       __aulldvrm                 10013b70 f   LIBCMT:ulldvrm.obj
 0001:00012c05       __NMSG_WRITE               10013c05 f   LIBCMT:crt0msg.obj
 0001:00012db0       __FF_MSGBANNER             10013db0 f   LIBCMT:crt0msg.obj
 0001:00012de9       __initp_misc_initcrit      10013de9 f   LIBCMT:initcrit.obj
 0001:00012df8       ___crtInitCritSecAndSpinCount 10013df8 f   LIBCMT:initcrit.obj
 0001:00012e58       __local_unwind4            10013e58 f   LIBCMT:exsup4.obj
 0001:00012f2e       __seh_longjmp_unwind4@4    10013f2e f   LIBCMT:exsup4.obj
 0001:00012f4a       @_EH4_CallFilterFunc@8     10013f4a f   LIBCMT:exsup4.obj
 0001:00012f61       @_EH4_TransferToHandler@8  10013f61 f   LIBCMT:exsup4.obj
 0001:00012f7a       @_EH4_GlobalUnwind@4       10013f7a f   LIBCMT:exsup4.obj
 0001:00012f94       @_EH4_LocalUnwind@16       10013f94 f   LIBCMT:exsup4.obj
 0001:00012fb0       __ValidateImageBase        10013fb0 f   LIBCMT:pesect.obj
 0001:00012ff0       __FindPESection            10013ff0 f   LIBCMT:pesect.obj
 0001:00013040       __IsNonwritableInCurrentImage 10014040 f   LIBCMT:pesect.obj
 0001:00013154       __VEC_memzero              10014154 f   LIBCMT:p4_memset.obj
 0001:000131e3       __msize                    100141e3 f   LIBCMT:msize.obj
 0001:00013286       __calloc_impl              10014286 f   LIBCMT:calloc_impl.obj
 0001:000133a4       _realloc                   100143a4 f   LIBCMT:realloc.obj
 0001:000135bf       __initp_misc_winsig        100145bf f   LIBCMT:winsig.obj
 0001:00013614       ___get_sigabrt             10014614 f   LIBCMT:winsig.obj
 0001:00013621       _raise                     10014621 f   LIBCMT:winsig.obj
 0001:000137d1       __initp_misc_rand_s        100147d1 f   LIBCMT:rand_s.obj
 0001:000137e0       __initp_misc_purevirt      100147e0 f   LIBCMT:inithelp.obj
 0001:00013842       __ismbblead                10014842 f   LIBCMT:ismbbyte.obj
 0001:0001385a       _abort                     1001485a f   LIBCMT:abort.obj
 0001:00013974       __global_unwind2           10014974 f   LIBCMT:exsup.obj
 0001:000139d9       __local_unwind2            100149d9 f   LIBCMT:exsup.obj
 0001:00013a5d       __abnormal_termination     10014a5d f   LIBCMT:exsup.obj
 0001:00013a80       __NLG_Notify1              10014a80 f   LIBCMT:exsup.obj
 0001:00013a89       __NLG_Notify               10014a89 f   LIBCMT:exsup.obj
 0001:00013aa0       __NLG_Dispatch             10014aa0     LIBCMT:exsup.obj
 0001:00013aa0       __NLG_Dispatch2            10014aa0     LIBCMT:exsup.obj
 0001:00013aa8       __NLG_Call                 10014aa8 f   LIBCMT:exsup.obj
 0001:00013aaa       __NLG_Return2              10014aaa     LIBCMT:exsup.obj
 0001:00013aab       __free_osfhnd              10014aab f   LIBCMT:osfinfo.obj
 0001:00013b31       __get_osfhandle            10014b31 f   LIBCMT:osfinfo.obj
 0001:00013ba8       ___lock_fhandle            10014ba8 f   LIBCMT:osfinfo.obj
 0001:00013c48       __unlock_fhandle           10014c48 f   LIBCMT:osfinfo.obj
 0001:00013c6f       __putwch_nolock            10014c6f f   LIBCMT:putwch.obj
 0001:00013d34       __mbtowc_l                 10014d34 f   LIBCMT:mbtowc.obj
 0001:00013e4b       _mbtowc                    10014e4b f   LIBCMT:mbtowc.obj
 0001:00013e70       __alloca_probe             10014e70     LIBCMT:chkstk.obj
 0001:00013e70       __chkstk                   10014e70 f   LIBCMT:chkstk.obj
 0001:00013e9b       __fcloseall                10014e9b f   LIBCMT:closeall.obj
 0001:00013f3a       __flush                    10014f3a f   LIBCMT:fflush.obj
 0001:00013fa2       __fflush_nolock            10014fa2 f   LIBCMT:fflush.obj
 0001:000140c4       __flushall                 100150c4 f   LIBCMT:fflush.obj
 0001:000140cd       __freea                    100150cd f i LIBCMT:a_map.obj
 0001:00014492       ___crtLCMapStringA         10015492 f   LIBCMT:a_map.obj
 0001:00014691       ___crtGetStringTypeA       10015691 f   LIBCMT:a_str.obj
 0001:000146d3       ___free_lc_time            100156d3 f   LIBCMT:inittime.obj
 0001:00014868       ___free_lconv_num          10015868 f   LIBCMT:initnum.obj
 0001:000148ad       ___free_lconv_mon          100158ad f   LIBCMT:initmon.obj
 0001:0001493b       _strcat_s                  1001593b f   LIBCMT:strcat_s.obj
 0001:000149b0       _strcspn                   100159b0 f   LIBCMT:strcspn.obj
 0001:000149f6       _strncpy_s                 100159f6 f   LIBCMT:strncpy_s.obj
 0001:00014ab0       _strpbrk                   10015ab0 f   LIBCMT:strpbrk.obj
 0001:00014af0       __fptrap                   10015af0 f   LIBCMT:crt0fp.obj
 0001:00014d28       _strtol                    10015d28 f   LIBCMT:strtol.obj
 0001:00014d53       ___crtMessageBoxA          10015d53 f   LIBCMT:crtmbox.obj
 0001:00014ebc       __set_error_mode           10015ebc f   LIBCMT:errmode.obj
 0001:00014f10       __allmul                   10015f10 f   LIBCMT:llmul.obj
 0001:00014f44       _atol                      10015f44 f   LIBCMT:atox.obj
 0001:00014f5a       __isdigit_l                10015f5a f i LIBCMT:_ctype.obj
 0001:00014fab       _isdigit                   10015fab f i LIBCMT:_ctype.obj
 0001:00014fd9       ___initconout              10015fd9 f   LIBCMT:initcon.obj
 0001:00014ff8       ___termcon                 10015ff8 f   LIBCMT:initcon.obj
 0001:00015025       __fclose_nolock            10016025 f   LIBCMT:fclose.obj
 0001:0001509c       _fclose                    1001609c f   LIBCMT:fclose.obj
 0001:00015118       __commit                   10016118 f   LIBCMT:commit.obj
 0001:000151f9       ___ansicp                  100161f9 f   LIBCMT:convrtcp.obj
 0001:00015242       ___convertcp               10016242 f   LIBCMT:convrtcp.obj
 0001:00015400       __alloca_probe_16          10016400 f   LIBCMT:alloca16.obj
 0001:00015416       __alloca_probe_8           10016416     LIBCMT:alloca16.obj
 0001:0001542c       __isctype_l                1001642c f   LIBCMT:isctype.obj
 0001:000154e4       __close_nolock             100164e4 f   LIBCMT:close.obj
 0001:00015580       __close                    10016580 f   LIBCMT:close.obj
 0001:0001564d       __freebuf                  1001664d f   LIBCMT:_freebuf.obj
 0001:0001567e       __tolower_l                1001667e f   LIBCMT:tolower.obj
 0001:00015793       _tolower                   10016793 f   LIBCMT:tolower.obj
 0001:000157c0       ___ascii_strnicmp          100167c0 f   LIBCMT:_strnicm.obj
 0001:00015840       _strchr                    10016840 f   LIBCMT:strchr.obj
 0001:00015846       ___from_strstr_to_strchr   10016846     LIBCMT:strchr.obj
 0001:000158fe       _RtlUnwind@16              100168fe f   kernel32:KERNEL32.dll
 0001:00015904       __initp_misc_winxfltr      10016904 f   LIBCMT:winxfltr.obj
 0001:00015904       __fpclear                  10016904 f   LIBCMT:_fpinit_.obj
 0001:00015905       __cfltcvt_init             10016905 f   LIBCMT:_fpinit_.obj
 0001:00015965       __fpmath                   10016965 f   LIBCMT:_fpinit_.obj
 0001:00015990       __ftol2_sse                10016990 f   LIBCMT:ftol2.obj
 0001:00015999       __ftol2_pentium4           10016999 f   LIBCMT:ftol2.obj
 0001:000159ac       __ftol2_sse_excpt          100169ac f   LIBCMT:ftol2.obj
 0001:000159c6       __ftol2                    100169c6 f   LIBCMT:ftol2.obj
 0001:00015a3b       __forcdecpt_l              10016a3b f   LIBCMT:cvt.obj
 0001:00015aae       __cropzeros_l              10016aae f   LIBCMT:cvt.obj
 0001:00015b30       __positive                 10016b30 f   LIBCMT:cvt.obj
 0001:00015b4c       __fassign_l                10016b4c f   LIBCMT:cvt.obj
 0001:00015b8e       __fassign                  10016b8e f   LIBCMT:cvt.obj
 0001:00015bc7       __forcdecpt                10016bc7 f   LIBCMT:cvt.obj
 0001:00015bda       __cropzeros                10016bda f   LIBCMT:cvt.obj
 0001:00015d5c       __cftoe_l                  10016d5c f   LIBCMT:cvt.obj
 0001:00015e2c       __cftoe                    10016e2c f   LIBCMT:cvt.obj
 0001:00015e4c       __cftoa_l                  10016e4c f   LIBCMT:cvt.obj
 0001:000162b6       __cftof_l                  100172b6 f   LIBCMT:cvt.obj
 0001:00016371       __cftog_l                  10017371 f   LIBCMT:cvt.obj
 0001:0001646b       __cfltcvt_l                1001746b f   LIBCMT:cvt.obj
 0001:000164f3       __cfltcvt                  100174f3 f   LIBCMT:cvt.obj
 0001:00016516       __setdefaultprecision      10017516 f   LIBCMT:fp8.obj
 0001:00016541       __ms_p5_test_fdiv          10017541 f   LIBCMT:_testfdiv_.obj
 0001:0001657f       __ms_p5_mp_test_fdiv       1001757f f   LIBCMT:_testfdiv_.obj
 0001:000165b0       _strrchr                   100175b0 f   LIBCMT:strrchr.obj
 0001:000165dd       __atodbl_l                 100175dd f   LIBCMT:atodbl.obj
 0001:00016685       __atoflt_l                 10017685 f   LIBCMT:atodbl.obj
 0001:0001672d       __fptostr                  1001772d f   LIBCMT:_fptostr.obj
 0001:000167ec       ___dtold                   100177ec f   LIBCMT:_cfout_.obj
 0001:000168a9       __fltout2                  100178a9 f   LIBCMT:_cfout_.obj
 0001:00016940       __alldvrm                  10017940 f   LIBCMT:lldvrm.obj
 0001:00016a20       __aullshr                  10017a20 f   LIBCMT:ullshr.obj
 0001:00016a3f       __controlfp_s              10017a3f f   LIBCMT:_contrlfp_.obj
 0001:00016aab       __ld12tod                  10017aab f   LIBCMT:_intrncvt_.obj
 0001:00016fef       __ld12tof                  10017fef f   LIBCMT:_intrncvt_.obj
 0001:00017533       ___strgtold12_l            10018533 f   LIBCMT:_strgtold_.obj
 0001:00017c2b       _$I10_OUTPUT               10018c2b f   LIBCMT:_x10fout_.obj
 0001:0001867d       __control87                1001967d f i LIBCMT:_ieee87_.obj
 0001:0001898c       ___mtold12                 1001998c f   LIBCMT:_mantold_.obj
 0001:00018b5a       ___set_fpsr_sse2           10019b5a f   LIBCMT:_fpctrl_.obj
 0002:00000000       __imp__GetProcAddress@8    1001a000     kernel32:KERNEL32.dll
 0002:00000004       __imp__LoadLibraryA@4      1001a004     kernel32:KERNEL32.dll
 0002:00000008       __imp__CreateFileA@28      1001a008     kernel32:KERNEL32.dll
 0002:0000000c       __imp__SetFilePointer@16   1001a00c     kernel32:KERNEL32.dll
 0002:00000010       __imp__CloseHandle@4       1001a010     kernel32:KERNEL32.dll
 0002:00000014       __imp__GetLastError@0      1001a014     kernel32:KERNEL32.dll
 0002:00000018       __imp__HeapFree@12         1001a018     kernel32:KERNEL32.dll
 0002:0000001c       __imp__GetCurrentThreadId@0 1001a01c     kernel32:KERNEL32.dll
 0002:00000020       __imp__GetCommandLineA@0   1001a020     kernel32:KERNEL32.dll
 0002:00000024       __imp__RaiseException@16   1001a024     kernel32:KERNEL32.dll
 0002:00000028       __imp__RtlUnwind@16        1001a028     kernel32:KERNEL32.dll
 0002:0000002c       __imp__TerminateProcess@8  1001a02c     kernel32:KERNEL32.dll
 0002:00000030       __imp__GetCurrentProcess@0 1001a030     kernel32:KERNEL32.dll
 0002:00000034       __imp__UnhandledExceptionFilter@4 1001a034     kernel32:KERNEL32.dll
 0002:00000038       __imp__SetUnhandledExceptionFilter@4 1001a038     kernel32:KERNEL32.dll
 0002:0000003c       __imp__IsDebuggerPresent@0 1001a03c     kernel32:KERNEL32.dll
 0002:00000040       __imp__HeapAlloc@12        1001a040     kernel32:KERNEL32.dll
 0002:00000044       __imp__HeapCreate@12       1001a044     kernel32:KERNEL32.dll
 0002:00000048       __imp__HeapDestroy@4       1001a048     kernel32:KERNEL32.dll
 0002:0000004c       __imp__VirtualFree@12      1001a04c     kernel32:KERNEL32.dll
 0002:00000050       __imp__DeleteCriticalSection@4 1001a050     kernel32:KERNEL32.dll
 0002:00000054       __imp__LeaveCriticalSection@4 1001a054     kernel32:KERNEL32.dll
 0002:00000058       __imp__EnterCriticalSection@4 1001a058     kernel32:KERNEL32.dll
 0002:0000005c       __imp__VirtualAlloc@16     1001a05c     kernel32:KERNEL32.dll
 0002:00000060       __imp__HeapReAlloc@16      1001a060     kernel32:KERNEL32.dll
 0002:00000064       __imp__GetModuleHandleW@4  1001a064     kernel32:KERNEL32.dll
 0002:00000068       __imp__TlsGetValue@4       1001a068     kernel32:KERNEL32.dll
 0002:0000006c       __imp__TlsAlloc@0          1001a06c     kernel32:KERNEL32.dll
 0002:00000070       __imp__TlsSetValue@8       1001a070     kernel32:KERNEL32.dll
 0002:00000074       __imp__TlsFree@4           1001a074     kernel32:KERNEL32.dll
 0002:00000078       __imp__InterlockedIncrement@4 1001a078     kernel32:KERNEL32.dll
 0002:0000007c       __imp__SetLastError@4      1001a07c     kernel32:KERNEL32.dll
 0002:00000080       __imp__InterlockedDecrement@4 1001a080     kernel32:KERNEL32.dll
 0002:00000084       __imp__Sleep@4             1001a084     kernel32:KERNEL32.dll
 0002:00000088       __imp__ExitProcess@4       1001a088     kernel32:KERNEL32.dll
 0002:0000008c       __imp__SetHandleCount@4    1001a08c     kernel32:KERNEL32.dll
 0002:00000090       __imp__GetStdHandle@4      1001a090     kernel32:KERNEL32.dll
 0002:00000094       __imp__GetFileType@4       1001a094     kernel32:KERNEL32.dll
 0002:00000098       __imp__GetStartupInfoA@4   1001a098     kernel32:KERNEL32.dll
 0002:0000009c       __imp__GetModuleFileNameA@12 1001a09c     kernel32:KERNEL32.dll
 0002:000000a0       __imp__FreeEnvironmentStringsA@4 1001a0a0     kernel32:KERNEL32.dll
 0002:000000a4       __imp__GetEnvironmentStrings@0 1001a0a4     kernel32:KERNEL32.dll
 0002:000000a8       __imp__FreeEnvironmentStringsW@4 1001a0a8     kernel32:KERNEL32.dll
 0002:000000ac       __imp__WideCharToMultiByte@32 1001a0ac     kernel32:KERNEL32.dll
 0002:000000b0       __imp__GetEnvironmentStringsW@0 1001a0b0     kernel32:KERNEL32.dll
 0002:000000b4       __imp__QueryPerformanceCounter@4 1001a0b4     kernel32:KERNEL32.dll
 0002:000000b8       __imp__GetTickCount@0      1001a0b8     kernel32:KERNEL32.dll
 0002:000000bc       __imp__GetCurrentProcessId@0 1001a0bc     kernel32:KERNEL32.dll
 0002:000000c0       __imp__GetSystemTimeAsFileTime@4 1001a0c0     kernel32:KERNEL32.dll
 0002:000000c4       __imp__WriteFile@20        1001a0c4     kernel32:KERNEL32.dll
 0002:000000c8       __imp__GetConsoleCP@0      1001a0c8     kernel32:KERNEL32.dll
 0002:000000cc       __imp__GetConsoleMode@8    1001a0cc     kernel32:KERNEL32.dll
 0002:000000d0       __imp__GetCPInfo@8         1001a0d0     kernel32:KERNEL32.dll
 0002:000000d4       __imp__GetACP@0            1001a0d4     kernel32:KERNEL32.dll
 0002:000000d8       __imp__GetOEMCP@0          1001a0d8     kernel32:KERNEL32.dll
 0002:000000dc       __imp__IsValidCodePage@4   1001a0dc     kernel32:KERNEL32.dll
 0002:000000e0       __imp__InitializeCriticalSectionAndSpinCount@8 1001a0e0     kernel32:KERNEL32.dll
 0002:000000e4       __imp__HeapSize@12         1001a0e4     kernel32:KERNEL32.dll
 0002:000000e8       __imp__SetStdHandle@8      1001a0e8     kernel32:KERNEL32.dll
 0002:000000ec       __imp__WriteConsoleA@20    1001a0ec     kernel32:KERNEL32.dll
 0002:000000f0       __imp__GetConsoleOutputCP@0 1001a0f0     kernel32:KERNEL32.dll
 0002:000000f4       __imp__WriteConsoleW@20    1001a0f4     kernel32:KERNEL32.dll
 0002:000000f8       __imp__MultiByteToWideChar@24 1001a0f8     kernel32:KERNEL32.dll
 0002:000000fc       __imp__LCMapStringA@24     1001a0fc     kernel32:KERNEL32.dll
 0002:00000100       __imp__LCMapStringW@24     1001a100     kernel32:KERNEL32.dll
 0002:00000104       __imp__GetStringTypeA@20   1001a104     kernel32:KERNEL32.dll
 0002:00000108       __imp__GetStringTypeW@16   1001a108     kernel32:KERNEL32.dll
 0002:0000010c       __imp__GetLocaleInfoA@16   1001a10c     kernel32:KERNEL32.dll
 0002:00000110       __imp__FlushFileBuffers@4  1001a110     kernel32:KERNEL32.dll
 0002:00000114       __imp__GetModuleHandleA@4  1001a114     kernel32:KERNEL32.dll
 0002:00000118       \177KERNEL32_NULL_THUNK_DATA 1001a118     kernel32:KERNEL32.dll
 0002:0000011c       ___xc_a                    1001a11c     LIBCMT:crt0init.obj
 0002:00000120       ___xc_z                    1001a120     LIBCMT:crt0init.obj
 0002:00000124       ___xi_a                    1001a124     LIBCMT:crt0init.obj
 0002:00000138       ___xi_z                    1001a138     LIBCMT:crt0init.obj
 0002:0000013c       ___xp_a                    1001a13c     LIBCMT:crt0init.obj
 0002:00000148       ___xp_z                    1001a148     LIBCMT:crt0init.obj
 0002:0000014c       ___xt_a                    1001a14c     LIBCMT:crt0init.obj
 0002:00000150       ___xt_z                    1001a150     LIBCMT:crt0init.obj
 0002:00000180       ??_7bad_alloc@std@@6B@     1001a180     libcpmt:string.obj
 0002:0000018c       ??_7exception@std@@6B@     1001a18c     LIBCMT:stdexcpt.obj
 0002:00000194       ??_C@_0BC@EOODALEL@Unknown?5exception?$AA@ 1001a194     LIBCMT:stdexcpt.obj
 0002:000001ac       ??_7type_info@@6B@         1001a1ac     LIBCMT:typinfo.obj
 0002:000001b0       __pDefaultRawDllMain       1001a1b0     LIBCMT:dllcrt0.obj
 0002:000001b0       __pRawDllMain              1001a1b0     LIBCMT:dllcrt0.obj
 0002:000001dc       ??_C@_1O@CEDCILHN@?$AA?$CI?$AAn?$AAu?$AAl?$AAl?$AA?$CJ?$AA?$AA@ 1001a1dc     LIBCMT:output.obj
 0002:000001ec       ??_C@_06OJHGLDPL@?$CInull?$CJ?$AA@ 1001a1ec     LIBCMT:output.obj
 0002:000001f8       ___lookuptable             1001a1f8     LIBCMT:output.obj
 0002:00000254       ??_C@_0O@NLDKAIKN@EncodePointer?$AA@ 1001a254     LIBCMT:tidtable.obj
 0002:00000264       ??_C@_1BK@DBDEIDLH@?$AAK?$AAE?$AAR?$AAN?$AAE?$AAL?$AA3?$AA2?$AA?4?$AAD?$AAL?$AAL?$AA?$AA@ 1001a264     LIBCMT:tidtable.obj
 0002:00000280       ??_C@_0O@KBPMFGHI@DecodePointer?$AA@ 1001a280     LIBCMT:tidtable.obj
 0002:00000290       ??_C@_07PEJMOBNF@FlsFree?$AA@ 1001a290     LIBCMT:tidtable.obj
 0002:00000298       ??_C@_0M@JCPCPOEF@FlsSetValue?$AA@ 1001a298     LIBCMT:tidtable.obj
 0002:000002a4       ??_C@_0M@GDNOONDI@FlsGetValue?$AA@ 1001a2a4     LIBCMT:tidtable.obj
 0002:000002b0       ??_C@_08KNHFBNJ@FlsAlloc?$AA@ 1001a2b0     LIBCMT:tidtable.obj
 0002:000002bc       ??_C@_0P@MIGLKIOC@CorExitProcess?$AA@ 1001a2bc     LIBCMT:crt0dat.obj
 0002:000002cc       ??_C@_1BI@BGOHAHKC@?$AAm?$AAs?$AAc?$AAo?$AAr?$AAe?$AAe?$AA?4?$AAd?$AAl?$AAl?$AA?$AA@ 1001a2cc     LIBCMT:crt0dat.obj
 0002:000002e8       __XcptActTab               1001a2e8     LIBCMT:winxfltr.obj
 0002:00000360       __pDestructExceptionObject 1001a360     LIBCMT:frame.obj
 0002:000003e8       ??_C@_01NEMOKFLO@?$DN?$AA@ 1001a3e8     LIBCMT:setlocal.obj
 0002:000003f0       ___lookuptable_s           1001a3f0     LIBCMT:outputs.obj
 0002:0000044c       ??_C@_0P@GGKDKEEG@runtime?5error?5?$AA@ 1001a44c     LIBCMT:crt0msg.obj
 0002:0000045c       ??_C@_02PCIJFNDE@?$AN?6?$AA@ 1001a45c     LIBCMT:crt0msg.obj
 0002:00000460       ??_C@_0O@MJNIPGOH@TLOSS?5error?$AN?6?$AA@ 1001a460     LIBCMT:crt0msg.obj
 0002:00000470       ??_C@_0N@BONNPDHF@SING?5error?$AN?6?$AA@ 1001a470     LIBCMT:crt0msg.obj
 0002:00000480       ??_C@_0P@MBDAJNE@DOMAIN?5error?$AN?6?$AA@ 1001a480     LIBCMT:crt0msg.obj
 0002:00000490       ??_C@_0JL@DFDOOABL@R6034?$AN?6An?5application?5has?5made?5a@ 1001a490     LIBCMT:crt0msg.obj
 0002:00000530       ??_C@_0PH@EPAFIJ@R6033?$AN?6?9?5Attempt?5to?5use?5MSIL?5cod@ 1001a530     LIBCMT:crt0msg.obj
 0002:00000628       ??_C@_0DD@BKEEABMM@R6032?$AN?6?9?5not?5enough?5space?5for?5lo@ 1001a628     LIBCMT:crt0msg.obj
 0002:00000660       ??_C@_0GD@OFKILIED@R6031?$AN?6?9?5Attempt?5to?5initialize?5t@ 1001a660     LIBCMT:crt0msg.obj
 0002:000006c4       ??_C@_0BP@LPMHJOKI@R6030?$AN?6?9?5CRT?5not?5initialized?$AN?6?$AA@ 1001a6c4     LIBCMT:crt0msg.obj
 0002:000006e4       ??_C@_0CF@KJDAIALP@R6028?$AN?6?9?5unable?5to?5initialize?5he@ 1001a6e4     LIBCMT:crt0msg.obj
 0002:0000070c       ??_C@_0DF@GAKBPDFP@R6027?$AN?6?9?5not?5enough?5space?5for?5lo@ 1001a70c     LIBCMT:crt0msg.obj
 0002:00000744       ??_C@_0DF@IBLNNAIG@R6026?$AN?6?9?5not?5enough?5space?5for?5st@ 1001a744     LIBCMT:crt0msg.obj
 0002:0000077c       ??_C@_0CG@IOHKGFNJ@R6025?$AN?6?9?5pure?5virtual?5function?5c@ 1001a77c     LIBCMT:crt0msg.obj
 0002:000007a4       ??_C@_0DF@JIJJFJDC@R6024?$AN?6?9?5not?5enough?5space?5for?5_o@ 1001a7a4     LIBCMT:crt0msg.obj
 0002:000007dc       ??_C@_0CJ@EGEJHFME@R6019?$AN?6?9?5unable?5to?5open?5console?5@ 1001a7dc     LIBCMT:crt0msg.obj
 0002:00000808       ??_C@_0CB@GNHNIELH@R6018?$AN?6?9?5unexpected?5heap?5error?$AN?6@ 1001a808     LIBCMT:crt0msg.obj
 0002:0000082c       ??_C@_0CN@FOLDKNG@R6017?$AN?6?9?5unexpected?5multithread?5@ 1001a82c     LIBCMT:crt0msg.obj
 0002:0000085c       ??_C@_0CM@FAHFJNHO@R6016?$AN?6?9?5not?5enough?5space?5for?5th@ 1001a85c     LIBCMT:crt0msg.obj
 0002:00000888       ??_C@_0JG@LBKMGKLD@?$AN?6This?5application?5has?5requested@ 1001a888     LIBCMT:crt0msg.obj
 0002:00000920       ??_C@_0CM@FLCNIPKK@R6009?$AN?6?9?5not?5enough?5space?5for?5en@ 1001a920     LIBCMT:crt0msg.obj
 0002:0000094c       ??_C@_0CK@KMMJOAPP@R6008?$AN?6?9?5not?5enough?5space?5for?5ar@ 1001a94c     LIBCMT:crt0msg.obj
 0002:00000978       ??_C@_0CN@LEKKICBM@R6002?$AN?6?9?5floating?5point?5support?5@ 1001a978     LIBCMT:crt0msg.obj
 0002:000009a8       ??_C@_0CF@GOGNBNAK@Microsoft?5Visual?5C?$CL?$CL?5Runtime?5Lib@ 1001a9a8     LIBCMT:crt0msg.obj
 0002:000009d0       ??_C@_02PHMGELLB@?6?6?$AA@ 1001a9d0     LIBCMT:crt0msg.obj
 0002:000009d4       ??_C@_03KHICJKCI@?4?4?4?$AA@ 1001a9d4     LIBCMT:crt0msg.obj
 0002:000009d8       ??_C@_0BH@DNAGHKFM@?$DMprogram?5name?5unknown?$DO?$AA@ 1001a9d8     LIBCMT:crt0msg.obj
 0002:000009f0       ??_C@_0BK@OFGJDLJJ@Runtime?5Error?$CB?6?6Program?3?5?$AA@ 1001a9f0     LIBCMT:crt0msg.obj
 0002:00000a0c       ??_C@_0BK@CFCOFLF@?5Complete?5Object?5Locator?8?$AA@ 1001aa0c     LIBCMT:undname.obj
 0002:00000a28       ??_C@_0BN@MECKDCOJ@?5Class?5Hierarchy?5Descriptor?8?$AA@ 1001aa28     LIBCMT:undname.obj
 0002:00000a48       ??_C@_0BD@LGICGFMM@?5Base?5Class?5Array?8?$AA@ 1001aa48     LIBCMT:undname.obj
 0002:00000a5c       ??_C@_0BM@LDKODKLH@?5Base?5Class?5Descriptor?5at?5?$CI?$AA@ 1001aa5c     LIBCMT:undname.obj
 0002:00000a78       ??_C@_0BC@DAFEJGAK@?5Type?5Descriptor?8?$AA@ 1001aa78     LIBCMT:undname.obj
 0002:00000a8c       ??_C@_0BM@PMGGMLDN@?$GAlocal?5static?5thread?5guard?8?$AA@ 1001aa8c     LIBCMT:undname.obj
 0002:00000aa8       ??_C@_0CL@FGIJHLCE@?$GAmanaged?5vector?5copy?5constructor@ 1001aaa8     LIBCMT:undname.obj
 0002:00000ad4       ??_C@_0CJ@GJELGAMM@?$GAvector?5vbase?5copy?5constructor?5i@ 1001aad4     LIBCMT:undname.obj
 0002:00000b00       ??_C@_0CD@CGAJBKEJ@?$GAvector?5copy?5constructor?5iterato@ 1001ab00     LIBCMT:undname.obj
 0002:00000b24       ??_C@_0CB@PDBIFEP@?$GAdynamic?5atexit?5destructor?5for?5?8@ 1001ab24     LIBCMT:undname.obj
 0002:00000b48       ??_C@_0BL@CLIPGLGB@?$GAdynamic?5initializer?5for?5?8?$AA@ 1001ab48     LIBCMT:undname.obj
 0002:00000b64       ??_C@_0CM@FCBBDIGB@?$GAeh?5vector?5vbase?5copy?5constructo@ 1001ab64     LIBCMT:undname.obj
 0002:00000b90       ??_C@_0CG@HLDDJMAG@?$GAeh?5vector?5copy?5constructor?5iter@ 1001ab90     LIBCMT:undname.obj
 0002:00000bb8       ??_C@_0CF@IMGKMJNO@?$GAmanaged?5vector?5destructor?5itera@ 1001abb8     LIBCMT:undname.obj
 0002:00000be0       ??_C@_0CG@CFDHKGGD@?$GAmanaged?5vector?5constructor?5iter@ 1001abe0     LIBCMT:undname.obj
 0002:00000c08       ??_C@_0BN@CKNJLHMB@?$GAplacement?5delete?$FL?$FN?5closure?8?$AA@ 1001ac08     LIBCMT:undname.obj
 0002:00000c28       ??_C@_0BL@CNOONJFP@?$GAplacement?5delete?5closure?8?$AA@ 1001ac28     LIBCMT:undname.obj
 0002:00000c44       ??_C@_0P@HJKNJFNN@?$GAomni?5callsig?8?$AA@ 1001ac44     LIBCMT:undname.obj
 0002:00000c54       ??_C@_09LBNFPBCA@?5delete?$FL?$FN?$AA@ 1001ac54     LIBCMT:undname.obj
 0002:00000c60       ??_C@_06FHBGPFGH@?5new?$FL?$FN?$AA@ 1001ac60     LIBCMT:undname.obj
 0002:00000c68       ??_C@_0CE@IIHCMGGL@?$GAlocal?5vftable?5constructor?5closu@ 1001ac68     LIBCMT:undname.obj
 0002:00000c8c       ??_C@_0BA@KKLDJDLB@?$GAlocal?5vftable?8?$AA@ 1001ac8c     LIBCMT:undname.obj
 0002:00000c9c       ??_C@_05KHLCHHI@?$GARTTI?$AA@ 1001ac9c     LIBCMT:undname.obj
 0002:00000ca4       ??_C@_03KLGMFNMG@?$GAEH?$AA@ 1001aca4     LIBCMT:undname.obj
 0002:00000ca8       ??_C@_0BA@KBCDOMBN@?$GAudt?5returning?8?$AA@ 1001aca8     LIBCMT:undname.obj
 0002:00000cb8       ??_C@_0BL@LLKPOHJI@?$GAcopy?5constructor?5closure?8?$AA@ 1001acb8     LIBCMT:undname.obj
 0002:00000cd4       ??_C@_0CH@OOJPLCPH@?$GAeh?5vector?5vbase?5constructor?5ite@ 1001acd4     LIBCMT:undname.obj
 0002:00000cfc       ??_C@_0CA@GCEOPDGL@?$GAeh?5vector?5destructor?5iterator?8?$AA@ 1001acfc     LIBCMT:undname.obj
 0002:00000d1c       ??_C@_0CB@JONCMFFK@?$GAeh?5vector?5constructor?5iterator?8@ 1001ad1c     LIBCMT:undname.obj
 0002:00000d40       ??_C@_0BL@NILFHHPC@?$GAvirtual?5displacement?5map?8?$AA@ 1001ad40     LIBCMT:undname.obj
 0002:00000d5c       ??_C@_0CE@IKBNEHA@?$GAvector?5vbase?5constructor?5iterat@ 1001ad5c     LIBCMT:undname.obj
 0002:00000d80       ??_C@_0BN@LFPFMEDL@?$GAvector?5destructor?5iterator?8?$AA@ 1001ad80     LIBCMT:undname.obj
 0002:00000da0       ??_C@_0BO@PFGOCPJJ@?$GAvector?5constructor?5iterator?8?$AA@ 1001ada0     LIBCMT:undname.obj
 0002:00000dc0       ??_C@_0BN@IMDCHIKM@?$GAscalar?5deleting?5destructor?8?$AA@ 1001adc0     LIBCMT:undname.obj
 0002:00000de0       ??_C@_0BO@OBMKPJIG@?$GAdefault?5constructor?5closure?8?$AA@ 1001ade0     LIBCMT:undname.obj
 0002:00000e00       ??_C@_0BN@DEGPLNFK@?$GAvector?5deleting?5destructor?8?$AA@ 1001ae00     LIBCMT:undname.obj
 0002:00000e20       ??_C@_0BD@JDLKDPAB@?$GAvbase?5destructor?8?$AA@ 1001ae20     LIBCMT:undname.obj
 0002:00000e34       ??_C@_08OBABFOLI@?$GAstring?8?$AA@ 1001ae34     LIBCMT:undname.obj
 0002:00000e40       ??_C@_0BF@KDPPACIK@?$GAlocal?5static?5guard?8?$AA@ 1001ae40     LIBCMT:undname.obj
 0002:00000e58       ??_C@_08LLFFHHDJ@?$GAtypeof?8?$AA@ 1001ae58     LIBCMT:undname.obj
 0002:00000e64       ??_C@_07FEEIOKP@?$GAvcall?8?$AA@ 1001ae64     LIBCMT:undname.obj
 0002:00000e6c       ??_C@_09BLBHBJP@?$GAvbtable?8?$AA@ 1001ae6c     LIBCMT:undname.obj
 0002:00000e78       ??_C@_09IFPLHPGF@?$GAvftable?8?$AA@ 1001ae78     LIBCMT:undname.obj
 0002:00000e84       ??_C@_02MHEGNOJ@?$FO?$DN?$AA@ 1001ae84     LIBCMT:undname.obj
 0002:00000e88       ??_C@_02DHLNPPGH@?$HM?$DN?$AA@ 1001ae88     LIBCMT:undname.obj
 0002:00000e8c       ??_C@_02FGJGFEAB@?$CG?$DN?$AA@ 1001ae8c     LIBCMT:undname.obj
 0002:00000e90       ??_C@_03CDNPDDLA@?$DM?$DM?$DN?$AA@ 1001ae90     LIBCMT:undname.obj
 0002:00000e94       ??_C@_03IKFCCPFF@?$DO?$DO?$DN?$AA@ 1001ae94     LIBCMT:undname.obj
 0002:00000e98       ??_C@_02FENAOKFI@?$CF?$DN?$AA@ 1001ae98     LIBCMT:undname.obj
 0002:00000e9c       ??_C@_02FJEHGPIO@?1?$DN?$AA@ 1001ae9c     LIBCMT:undname.obj
 0002:00000ea0       ??_C@_02FKMDLLOA@?9?$DN?$AA@ 1001aea0     LIBCMT:undname.obj
 0002:00000ea4       ??_C@_02FOEOMHFC@?$CL?$DN?$AA@ 1001aea4     LIBCMT:undname.obj
 0002:00000ea8       ??_C@_02FPIMKNGF@?$CK?$DN?$AA@ 1001aea8     LIBCMT:undname.obj
 0002:00000eac       ??_C@_02NONPIBCD@?$HM?$HM?$AA@ 1001aeac     LIBCMT:undname.obj
 0002:00000eb0       ??_C@_02PPKAJPJL@?$CG?$CG?$AA@ 1001aeb0     LIBCMT:undname.obj
 0002:00000eb4       ??_C@_01DNKMNLPK@?$HM?$AA@ 1001aeb4     LIBCMT:undname.obj
 0002:00000eb8       ??_C@_01JKBOJNNK@?$FO?$AA@ 1001aeb8     LIBCMT:undname.obj
 0002:00000ebc       ??_C@_01PJKLJHI@?$HO?$AA@  1001aebc     LIBCMT:undname.obj
 0002:00000ec0       ??_C@_02HCKGKOFO@?$CI?$CJ?$AA@ 1001aec0     LIBCMT:undname.obj
 0002:00000ec4       ??_C@_01IHBHIGKO@?0?$AA@   1001aec4     LIBCMT:undname.obj
 0002:00000ec8       ??_C@_02EEKDKGMJ@?$DO?$DN?$AA@ 1001aec8     LIBCMT:undname.obj
 0002:00000ecc       ??_C@_01PPODPGHN@?$DO?$AA@ 1001aecc     LIBCMT:undname.obj
 0002:00000ed0       ??_C@_02EHCHHCKH@?$DM?$DN?$AA@ 1001aed0     LIBCMT:undname.obj
 0002:00000ed4       ??_C@_01MNNFJEPP@?$DM?$AA@ 1001aed4     LIBCMT:undname.obj
 0002:00000ed8       ??_C@_01FGNFDNOH@?$CF?$AA@ 1001aed8     LIBCMT:undname.obj
 0002:00000edc       ??_C@_01KMDKNFGN@?1?$AA@   1001aedc     LIBCMT:undname.obj
 0002:00000ee0       ??_C@_03MNHNFDLC@?9?$DO?$CK?$AA@ 1001aee0     LIBCMT:undname.obj
 0002:00000ee4       ??_C@_01HNPIGOCE@?$CG?$AA@ 1001aee4     LIBCMT:undname.obj
 0002:00000ee8       ??_C@_01MIFGBAGJ@?$CL?$AA@ 1001aee8     LIBCMT:undname.obj
 0002:00000eec       ??_C@_01JOAMLHOP@?9?$AA@   1001aeec     LIBCMT:undname.obj
 0002:00000ef0       ??_C@_02BAABKJLB@?9?9?$AA@ 1001aef0     LIBCMT:undname.obj
 0002:00000ef4       ??_C@_02ECNGHCIF@?$CL?$CL?$AA@ 1001aef4     LIBCMT:undname.obj
 0002:00000ef8       ??_C@_01NBENCBCI@?$CK?$AA@ 1001aef8     LIBCMT:undname.obj
 0002:00000efc       ??_C@_02HBOOOICD@?9?$DO?$AA@ 1001aefc     LIBCMT:undname.obj
 0002:00000f00       ??_C@_08LHJFAFGD@operator?$AA@ 1001af00     LIBCMT:undname.obj
 0002:00000f0c       ??_C@_02GPECMEKF@?$FL?$FN?$AA@ 1001af0c     LIBCMT:undname.obj
 0002:00000f10       ??_C@_02FDNJECIE@?$CB?$DN?$AA@ 1001af10     LIBCMT:undname.obj
 0002:00000f14       ??_C@_02EGOFBIJA@?$DN?$DN?$AA@ 1001af14     LIBCMT:undname.obj
 0002:00000f18       ??_C@_01DCLJPIOD@?$CB?$AA@ 1001af18     LIBCMT:undname.obj
 0002:00000f1c       ??_C@_02FODMEDOG@?$DM?$DM?$AA@ 1001af1c     LIBCMT:undname.obj
 0002:00000f20       ??_C@_02GPIOPFAK@?$DO?$DO?$AA@ 1001af20     LIBCMT:undname.obj
 0002:00000f24       ??_C@_07FPCDHGMM@?5delete?$AA@ 1001af24     LIBCMT:undname.obj
 0002:00000f2c       ??_C@_04NIHEBCM@?5new?$AA@ 1001af2c     LIBCMT:undname.obj
 0002:00000f34       ??_C@_0M@GFIIJFMG@__unaligned?$AA@ 1001af34     LIBCMT:undname.obj
 0002:00000f40       ??_C@_0L@PILCLIHE@__restrict?$AA@ 1001af40     LIBCMT:undname.obj
 0002:00000f4c       ??_C@_07JOMMBBKO@__ptr64?$AA@ 1001af4c     LIBCMT:undname.obj
 0002:00000f54       ??_C@_09HIJEGCPM@__clrcall?$AA@ 1001af54     LIBCMT:undname.obj
 0002:00000f60       ??_C@_0L@JMKHOMEK@__fastcall?$AA@ 1001af60     LIBCMT:undname.obj
 0002:00000f6c       ??_C@_0L@NPHFGOKO@__thiscall?$AA@ 1001af6c     LIBCMT:undname.obj
 0002:00000f78       ??_C@_09IFJBGAPI@__stdcall?$AA@ 1001af78     LIBCMT:undname.obj
 0002:00000f84       ??_C@_08GHMPAG@__pascal?$AA@ 1001af84     LIBCMT:undname.obj
 0002:00000f90       ??_C@_07KOLFKCDI@__cdecl?$AA@ 1001af90     LIBCMT:undname.obj
 0002:00000f98       ??_C@_08EHJDFFNH@__based?$CI?$AA@ 1001af98     LIBCMT:undname.obj
 0002:00001128       ??_C@_13NOLLCAOD@?$AA?$AA?$AA?$AA@ 1001b128     LIBCMT:a_map.obj
 0002:00001130       ___newctype                1001b130     LIBCMT:ctype.obj
 0002:00001430       __wctype                   1001b430     LIBCMT:ctype.obj
 0002:00001638       ___newclmap                1001b638     LIBCMT:ctype.obj
 0002:000017b8       ___newcumap                1001b7b8     LIBCMT:ctype.obj
 0002:00001938       ??_C@_08JCCMCCIL@HH?3mm?3ss?$AA@ 1001b938     LIBCMT:strftime.obj
 0002:00001944       ??_C@_0BE@CKGJFCPC@dddd?0?5MMMM?5dd?0?5yyyy?$AA@ 1001b944     LIBCMT:strftime.obj
 0002:00001958       ??_C@_08BPBNCDIB@MM?1dd?1yy?$AA@ 1001b958     LIBCMT:strftime.obj
 0002:00001964       ??_C@_02CJNFDJBF@PM?$AA@   1001b964     LIBCMT:strftime.obj
 0002:00001968       ??_C@_02DEDBPAFC@AM?$AA@   1001b968     LIBCMT:strftime.obj
 0002:0000196c       ??_C@_08EDHMEBNP@December?$AA@ 1001b96c     LIBCMT:strftime.obj
 0002:00001978       ??_C@_08HCHEGEOA@November?$AA@ 1001b978     LIBCMT:strftime.obj
 0002:00001984       ??_C@_07JJNFCEND@October?$AA@ 1001b984     LIBCMT:strftime.obj
 0002:0000198c       ??_C@_09BHHEALKD@September?$AA@ 1001b98c     LIBCMT:strftime.obj
 0002:00001998       ??_C@_06LBBHFDDG@August?$AA@ 1001b998     LIBCMT:strftime.obj
 0002:000019a0       ??_C@_04MIEPOIFP@July?$AA@ 1001b9a0     LIBCMT:strftime.obj
 0002:000019a8       ??_C@_04CNLMGBGM@June?$AA@ 1001b9a8     LIBCMT:strftime.obj
 0002:000019b0       ??_C@_05DMJDNLEJ@April?$AA@ 1001b9b0     LIBCMT:strftime.obj
 0002:000019b8       ??_C@_05HPCKOFNC@March?$AA@ 1001b9b8     LIBCMT:strftime.obj
 0002:000019c0       ??_C@_08GNJGEPFN@February?$AA@ 1001b9c0     LIBCMT:strftime.obj
 0002:000019cc       ??_C@_07CGJPFGJA@January?$AA@ 1001b9cc     LIBCMT:strftime.obj
 0002:000019d4       ??_C@_03MKABNOCG@Dec?$AA@  1001b9d4     LIBCMT:strftime.obj
 0002:000019d8       ??_C@_03JPJOFNIA@Nov?$AA@  1001b9d8     LIBCMT:strftime.obj
 0002:000019dc       ??_C@_03BMAOKBAD@Oct?$AA@  1001b9dc     LIBCMT:strftime.obj
 0002:000019e0       ??_C@_03GGCAPAJC@Sep?$AA@  1001b9e0     LIBCMT:strftime.obj
 0002:000019e4       ??_C@_03IFJFEIGA@Aug?$AA@  1001b9e4     LIBCMT:strftime.obj
 0002:000019e8       ??_C@_03LBGABGKK@Jul?$AA@  1001b9e8     LIBCMT:strftime.obj
 0002:000019ec       ??_C@_03IDFGHECI@Jun?$AA@  1001b9ec     LIBCMT:strftime.obj
 0002:000019f0       ??_C@_03CNMDKL@May?$AA@    1001b9f0     LIBCMT:strftime.obj
 0002:000019f4       ??_C@_03LEOLGMJP@Apr?$AA@  1001b9f4     LIBCMT:strftime.obj
 0002:000019f8       ??_C@_03ODNJBKGA@Mar?$AA@  1001b9f8     LIBCMT:strftime.obj
 0002:000019fc       ??_C@_03HJBDCHOM@Feb?$AA@  1001b9fc     LIBCMT:strftime.obj
 0002:00001a00       ??_C@_03JIHJHPIE@Jan?$AA@  1001ba00     LIBCMT:strftime.obj
 0002:00001a04       ??_C@_08INBOOONO@Saturday?$AA@ 1001ba04     LIBCMT:strftime.obj
 0002:00001a10       ??_C@_06JECMNKMI@Friday?$AA@ 1001ba10     LIBCMT:strftime.obj
 0002:00001a18       ??_C@_08HACCIKIA@Thursday?$AA@ 1001ba18     LIBCMT:strftime.obj
 0002:00001a24       ??_C@_09DLIGFAKA@Wednesday?$AA@ 1001ba24     LIBCMT:strftime.obj
 0002:00001a30       ??_C@_07BAAGCFCM@Tuesday?$AA@ 1001ba30     LIBCMT:strftime.obj
 0002:00001a38       ??_C@_06JLEDEDGH@Monday?$AA@ 1001ba38     LIBCMT:strftime.obj
 0002:00001a40       ??_C@_06OOPIFAJ@Sunday?$AA@ 1001ba40     LIBCMT:strftime.obj
 0002:00001a48       ??_C@_03FEFJNEK@Sat?$AA@   1001ba48     LIBCMT:strftime.obj
 0002:00001a4c       ??_C@_03IDIOELNC@Fri?$AA@  1001ba4c     LIBCMT:strftime.obj
 0002:00001a50       ??_C@_03IOFIKPDN@Thu?$AA@  1001ba50     LIBCMT:strftime.obj
 0002:00001a54       ??_C@_03MHOMLAJA@Wed?$AA@  1001ba54     LIBCMT:strftime.obj
 0002:00001a58       ??_C@_03NAGEINEP@Tue?$AA@  1001ba58     LIBCMT:strftime.obj
 0002:00001a5c       ??_C@_03PDAGKDH@Mon?$AA@   1001ba5c     LIBCMT:strftime.obj
 0002:00001a60       ??_C@_03KOEHGMDN@Sun?$AA@  1001ba60     LIBCMT:strftime.obj
 0002:00001a64       ??_C@_0BI@DFKBFLJE@GetProcessWindowStation?$AA@ 1001ba64     LIBCMT:crtmbox.obj
 0002:00001a7c       ??_C@_0BK@CIDNPOGP@GetUserObjectInformationA?$AA@ 1001ba7c     LIBCMT:crtmbox.obj
 0002:00001a98       ??_C@_0BD@HHGDFDBJ@GetLastActivePopup?$AA@ 1001ba98     LIBCMT:crtmbox.obj
 0002:00001aac       ??_C@_0BA@HNOPNCHB@GetActiveWindow?$AA@ 1001baac     LIBCMT:crtmbox.obj
 0002:00001abc       ??_C@_0M@CHKKJDAI@MessageBoxA?$AA@ 1001babc     LIBCMT:crtmbox.obj
 0002:00001ac8       ??_C@_0L@NDEGIDAG@USER32?4DLL?$AA@ 1001bac8     LIBCMT:crtmbox.obj
 0002:00001ad4       ??_C@_07GPDNMNG@CONOUT$?$AA@ 1001bad4     LIBCMT:initcon.obj
 0002:00001adc       ___dnames                  1001badc     LIBCMT:timeset.obj
 0002:00001af4       ___mnames                  1001baf4     LIBCMT:timeset.obj
 0002:00001b1c       ??_C@_0O@EGGGBKCF@DlgExpMon?4def?$AA@ 1001bb1c     wog native dialogs.obj
 0002:00001b2c       ??_C@_0N@JCGCDINI@Dlg_NPC3?4def?$AA@ 1001bb2c     wog native dialogs.obj
 0002:00001b3c       ??_C@_0N@FJDOOLHN@Dlg_NPC2?4def?$AA@ 1001bb3c     wog native dialogs.obj
 0002:00001b4c       ??_C@_0N@NPKKJJND@Dlg_NPC1?4def?$AA@ 1001bb4c     wog native dialogs.obj
 0002:00001b5c       ??_C@_02DKCKIIND@?$CFs?$AA@ 1001bb5c     wog native dialogs.obj
 0002:00001b60       ??_C@_0N@BHMGKPNG@checkbox?4def?$AA@ 1001bb60     wog native dialogs.obj
 0002:00001b70       ??_C@_0O@BBFJMKLN@radiobttn?4def?$AA@ 1001bb70     wog native dialogs.obj
 0002:00001b80       ??_C@_0O@LKNNDHCJ@smalfont2?4fnt?$AA@ 1001bb80     wog native dialogs.obj
 0002:00001b90       ??_C@_0N@PAEBLKHN@bigfont2?4fnt?$AA@ 1001bb90     wog native dialogs.obj
 0002:00001ba0       ??_C@_0P@GHFPNOJB@bad?5allocation?$AA@ 1001bba0     wog native dialogs.obj
 0002:00001bb0       ??_C@_0BA@FDLNIKIG@patcher_x86?4dll?$AA@ 1001bbb0     wog native dialogs.obj
 0002:00001bc0       ??_C@_0BB@CKHJKIEB@_GetPatcherX86?$EA0?$AA@ 1001bbc0     wog native dialogs.obj
 0002:00001bd4       ??_C@_02DPKJAMEF@?$CFd?$AA@ 1001bbd4     wog native dialogs.obj
 0002:00001bd8       ??_C@_0N@NGJLFBMI@DiBoxBck?4pcx?$AA@ 1001bbd8     wog native dialogs.obj
 0002:00001be8       ??_C@_0N@FGPGDOPK@dialgbox?4def?$AA@ 1001bbe8     wog native dialogs.obj
 0002:00001bf8       ??_C@_0N@ELNJEEMI@medfont2?4fnt?$AA@ 1001bbf8     wog native dialogs.obj
 0002:00001c08       ??_C@_09IIFHEAOO@angel?4dll?$AA@ 1001bc08     wog native dialogs.obj
 0002:00001c14       ??_C@_0M@BFOAAPGP@EventParams?$AA@ 1001bc14     wog native dialogs.obj
 0002:00001c20       ??_C@_0BD@KPOAIKLJ@RestoreEventParams?$AA@ 1001bc20     wog native dialogs.obj
 0002:00001c34       ??_C@_0BA@JJKLPBHG@SaveEventParams?$AA@ 1001bc34     wog native dialogs.obj
 0002:00001c44       ??_C@_07PILJHEGK@era?4dll?$AA@ 1001bc44     wog native dialogs.obj
 0002:00001c4c       ??_C@_02EOEPPNBF@tr?$AA@   1001bc4c     wog native dialogs.obj
 0002:00001c50       ??_C@_07HCDNKGPA@ApiHook?$AA@ 1001bc50     wog native dialogs.obj
 0002:00001c58       ??_C@_0BB@NFICFMFA@ClearAllIniCache?$AA@ 1001bc58     wog native dialogs.obj
 0002:00001c6c       ??_C@_0O@KHPPEFLJ@ClearIniCache?$AA@ 1001bc6c     wog native dialogs.obj
 0002:00001c7c       ??_C@_0L@GHCNBJIK@ExecErmCmd?$AA@ 1001bc7c     wog native dialogs.obj
 0002:00001c88       ??_C@_0L@BBNMEHJH@ExtractErm?$AA@ 1001bc88     wog native dialogs.obj
 0002:00001c94       ??_C@_0L@CKILDBJC@FatalError?$AA@ 1001bc94     wog native dialogs.obj
 0002:00001ca0       ??_C@_0N@HFGMKLEN@FireErmEvent?$AA@ 1001bca0     wog native dialogs.obj
 0002:00001cb0       ??_C@_09GEAPPBGH@FireEvent?$AA@ 1001bcb0     wog native dialogs.obj
 0002:00001cbc       ??_C@_0M@KJHFCLAP@GetButtonID?$AA@ 1001bcbc     wog native dialogs.obj
 0002:00001cc8       ??_C@_0L@LNAOMCPJ@GetVersion?$AA@ 1001bcc8     wog native dialogs.obj
 0002:00001cd4       ??_C@_0O@FNMDEAHG@GetVersionNum?$AA@ 1001bcd4     wog native dialogs.obj
 0002:00001ce4       ??_C@_0N@CFMBLIKP@GetGameState?$AA@ 1001bce4     wog native dialogs.obj
 0002:00001cf4       ??_C@_0M@LKIFOAN@GetRealAddr?$AA@ 1001bcf4     wog native dialogs.obj
 0002:00001d00       ??_C@_0BD@DPCJBLFO@GlobalRedirectFile?$AA@ 1001bd00     wog native dialogs.obj
 0002:00001d14       ??_C@_04PHJJMCEO@Hook?$AA@ 1001bd14     wog native dialogs.obj
 0002:00001d1c       ??_C@_08EBPIACBO@HookCode?$AA@ 1001bd1c     wog native dialogs.obj
 0002:00001d28       ??_C@_0BB@PHLEIINC@LoadImageAsPcx16?$AA@ 1001bd28     wog native dialogs.obj
 0002:00001d3c       ??_C@_07GDNFNLKF@LoadTxt?$AA@ 1001bd3c     wog native dialogs.obj
 0002:00001d44       ??_C@_07FLCNLLL@MemFree?$AA@ 1001bd44     wog native dialogs.obj
 0002:00001d4c       ??_C@_09PIKCKENJ@NameColor?$AA@ 1001bd4c     wog native dialogs.obj
 0002:00001d58       ??_C@_0M@LNHBMGFH@NotifyError?$AA@ 1001bd58     wog native dialogs.obj
 0002:00001d64       ??_C@_0M@PLEJCMGM@PatchExists?$AA@ 1001bd64     wog native dialogs.obj
 0002:00001d70       ??_C@_0N@BGLGOOMO@PluginExists?$AA@ 1001bd70     wog native dialogs.obj
 0002:00001d80       ??_C@_0BE@CIDOCKGN@ReadSavegameSection?$AA@ 1001bd80     wog native dialogs.obj
 0002:00001d94       ??_C@_0P@CCLIEMKP@ReadStrFromIni?$AA@ 1001bd94     wog native dialogs.obj
 0002:00001da4       ??_C@_09IJJOFFNH@RecallAPI?$AA@ 1001bda4     wog native dialogs.obj
 0002:00001db0       ??_C@_0N@EADKAOLK@RedirectFile?$AA@ 1001bdb0     wog native dialogs.obj
 0002:00001dc0       ??_C@_0BE@OJOEEMJD@RedirectMemoryBlock?$AA@ 1001bdc0     wog native dialogs.obj
 0002:00001dd4       ??_C@_0BA@BCNGHKCC@RegisterHandler?$AA@ 1001bdd4     wog native dialogs.obj
 0002:00001de4       ??_C@_09MJCMIAEG@ReloadErm?$AA@ 1001bde4     wog native dialogs.obj
 0002:00001df0       ??_C@_0BE@JBKGKCON@ReportPluginVersion?$AA@ 1001bdf0     wog native dialogs.obj
 0002:00001e04       ??_C@_07PAHGKEHA@SaveIni?$AA@ 1001be04     wog native dialogs.obj
 0002:00001e0c       ??_C@_06DDHLBGDE@Splice?$AA@ 1001be0c     wog native dialogs.obj
 0002:00001e14       ??_C@_0M@CLLMHKFF@WriteAtCode?$AA@ 1001be14     wog native dialogs.obj
 0002:00001e20       ??_C@_0BF@HMHBLPO@WriteSavegameSection?$AA@ 1001be20     wog native dialogs.obj
 0002:00001e38       ??_C@_0O@POMBDOKD@WriteStrToIni?$AA@ 1001be38     wog native dialogs.obj
 0002:00001e48       ??_C@_05DIALNFFA@?$CFs?5?$CFd?$AA@ 1001be48     wog native dialogs.obj
 0002:00001e50       ??_C@_05DNIIFBMG@?$CFs?5?$CFs?$AA@ 1001be50     wog native dialogs.obj
 0002:00001e58       ??_C@_0L@FIDKBHJC@?$CFs?5?$CFd?5?$CI?$CFd?$CJ?$AA@ 1001be58     wog native dialogs.obj
 0002:00001e64       ??_C@_0L@JDILLOGP@?$CFs?5?$CFd?5?9?5?$CFd?$AA@ 1001be64     wog native dialogs.obj
 0002:00001e70       ??_C@_07JKHHBHOI@?$CFs?5?$CFd?$CF?$CF?$AA@ 1001be70     wog native dialogs.obj
 0002:00001e78       ??_C@_06GNDJBPCO@?$CFs?6?6?$CFs?$AA@ 1001be78     wog native dialogs.obj
 0002:00001e80       ??_C@_0N@CNMFKAFE@Dlg_NPCn?4pcx?$AA@ 1001be80     wog native dialogs.obj
 0002:00001e90       ??_C@_0N@EENEFCAM@Dlg_NPCu?4pcx?$AA@ 1001be90     wog native dialogs.obj
 0002:00001ea0       ??_C@_0P@GMMOFIOD@Dlg_NPCdel?4def?$AA@ 1001bea0     wog native dialogs.obj
 0002:00001eb0       ??_C@_07DONLOGLK@?$CFd?5?$CI?$CFd?$CJ?$AA@ 1001beb0     wog native dialogs.obj
 0002:00001eb8       ??_C@_07PFGKEPEH@?$CFd?5?9?5?$CFd?$AA@ 1001beb8     wog native dialogs.obj
 0002:00001ec0       ??_C@_04FCMNJMCO@?$CFd?$CF?$CF?$AA@ 1001bec0     wog native dialogs.obj
 0002:00001ec8       ??_C@_0M@EELLOAND@bttnNPC?4def?$AA@ 1001bec8     wog native dialogs.obj
 0002:00001ed4       ??_C@_07JMKCEEPK@?$CFs?5?$CI?$CFd?$CJ?$AA@ 1001bed4     wog native dialogs.obj
 0002:00001edc       ??_C@_09PCPEDHFE@?$CFd?$CF?$CF?5?$CI?$CFd?$CJ?$AA@ 1001bedc     wog native dialogs.obj
 0002:00001ee8       ??_C@_03DMDECJFG@?$CFhf?$AA@ 1001bee8     wog native dialogs.obj
 0002:00001eec       ??_C@_03OFAPEBGM@?$CFs?6?$AA@ 1001beec     wog native dialogs.obj
 0002:00001ef0       ??_C@_08MNBIIGN@?$CFs?6?6?5?$CFs?6?$AA@ 1001bef0     wog native dialogs.obj
 0002:00001efc       ??_C@_0N@ILHBCDMB@DlgExpUp?4def?$AA@ 1001befc     wog native dialogs.obj
 0002:00001f0c       ??_C@_08OFBPMKML@tiny?4fnt?$AA@ 1001bf0c     wog native dialogs.obj
 0002:00001f18       ??_C@_09KAONFINP@?$HL?$CFs?$HN?6?$CI?$CFs?$CJ?$AA@ 1001bf18     wog native dialogs.obj
 0002:00001f24       ??_C@_0N@DCLMLLBB@WoGCurse?4def?$AA@ 1001bf24     wog native dialogs.obj
 0002:00001f34       ??_C@_06DJHOIPC@?$CFs?3?5?$CFs?$AA@ 1001bf34     wog native dialogs.obj
 0002:00001f3c       ??_C@_0M@HFKPFJGG@artslot?4pcx?$AA@ 1001bf3c     wog native dialogs.obj
 0002:00001f48       ??_C@_0N@KAILJDHD@def?4SpScrArt?$AA@ 1001bf48     wog native dialogs.obj
 0002:00001f58       ??_C@_0BA@CACHJGMJ@WoGTextEdit?4pcx?$AA@ 1001bf58     wog native dialogs.obj
 0002:00001f68       ??_C@_02MFEGOEMP@?$CFn?$AA@ 1001bf68     wog native dialogs.obj
 0002:00001f6c       ??_C@_04OMBFFHIC@?$HL?$CFs?$HN?$AA@ 1001bf6c     wog native dialogs.obj
 0002:00001f78       ??_C@_0FB@LMJNIGPL@Error?5?$CIfor?5igrik?$CJ?$CB?$CB?$CB?6?6?5Debug?6Pag@ 1001bf78     wog native dialogs.obj
 0002:00001fcc       ??_C@_0P@HDPJJOMN@WoGOptions?4pcx?$AA@ 1001bfcc     wog native dialogs.obj
 0002:00001fdc       ??_C@_0M@DGCKOOBG@WoGBttn?4def?$AA@ 1001bfdc     wog native dialogs.obj
 0002:00001fe8       ??_C@_0M@FBOGBOAE@GSPBUT2?4DEF?$AA@ 1001bfe8     wog native dialogs.obj
 0002:00001ff4       ??_C@_0BB@GPEKGKKL@HD?4Version?4Dword?$AA@ 1001bff4     wog native dialogs.obj
 0002:00002008       ??_C@_0BL@MMODMCPC@HotA?4SwapMgrCalledFromTown?$AA@ 1001c008     wog native dialogs.obj
 0002:00002024       ??_C@_03IAIAKOHP@?$CFdk?$AA@ 1001c024     wog native dialogs.obj
 0002:00002028       ??_C@_07FBOLLOOC@?$CFdk?9?$CFdk?$AA@ 1001c028     wog native dialogs.obj
 0002:00002030       ??_C@_05BIKBEGBP@?$CFd?9?$CFd?$AA@ 1001c030     wog native dialogs.obj
 0002:00002038       ??_C@_0N@HNNBMNKA@HoMM3?5ERA?5?$CFs?$AA@ 1001c038     wog native dialogs.obj
 0002:00002048       ??_C@_0BJ@KIEKHMHA@?2zvs?2Lib1?4res?2txtres?4txt?$AA@ 1001c048     wog native dialogs.obj
 0002:00002064       ??_C@_0BD@PDOEBPIC@wnd?4fonts?4big_font?$AA@ 1001c064     wog native dialogs.obj
 0002:00002078       ??_C@_0BD@EKBKNPIB@wnd?4fonts?4med_font?$AA@ 1001c078     wog native dialogs.obj
 0002:0000208c       ??_C@_0BF@IEAOALNJ@wnd?4fonts?4small_font?$AA@ 1001c08c     wog native dialogs.obj
 0002:000020a4       ??_C@_0BF@EBIEFLBD@wnd?4dlg_crexpo?4line0?$AA@ 1001c0a4     wog native dialogs.obj
 0002:000020bc       ??_C@_0BF@FIJPGKFC@wnd?4dlg_crexpo?4line1?$AA@ 1001c0bc     wog native dialogs.obj
 0002:000020d4       ??_C@_0BF@HDLCDJJB@wnd?4dlg_crexpo?4line2?$AA@ 1001c0d4     wog native dialogs.obj
 0002:000020ec       ??_C@_0BF@GKKJAINA@wnd?4dlg_crexpo?4line3?$AA@ 1001c0ec     wog native dialogs.obj
 0002:00002104       ??_C@_0BF@CFOIJOBH@wnd?4dlg_crexpo?4line4?$AA@ 1001c104     wog native dialogs.obj
 0002:0000211c       ??_C@_0BF@DMPDKPFG@wnd?4dlg_crexpo?4line5?$AA@ 1001c11c     wog native dialogs.obj
 0002:00002134       ??_C@_0BF@BHNOPMJF@wnd?4dlg_crexpo?4line6?$AA@ 1001c134     wog native dialogs.obj
 0002:0000214c       ??_C@_0BF@OMFMNNE@wnd?4dlg_crexpo?4line7?$AA@ 1001c14c     wog native dialogs.obj
 0002:00002164       ??_C@_0BF@IJFNNBBL@wnd?4dlg_crexpo?4line8?$AA@ 1001c164     wog native dialogs.obj
 0002:0000217c       ??_C@_0BF@JAEGOAFK@wnd?4dlg_crexpo?4line9?$AA@ 1001c17c     wog native dialogs.obj
 0002:00002194       ??_C@_0BG@FKHLJJEB@wnd?4dlg_crexpo?4line10?$AA@ 1001c194     wog native dialogs.obj
 0002:000021ac       ??_C@_0BG@EDGAKIAA@wnd?4dlg_crexpo?4line11?$AA@ 1001c1ac     wog native dialogs.obj
 0002:000021c4       ??_C@_0BP@EOCIECHH@wnd?4dlg_wog_options?4intro_font?$AA@ 1001c1c4     wog native dialogs.obj
 0002:000021e4       ??_C@_0BO@PPEFPAOC@wnd?4dlg_wog_options?4bttn_name?$AA@ 1001c1e4     wog native dialogs.obj
 0002:00002204       ??_C@_0CB@EPGBDFLB@wnd?4dlg_commander?4bttn_open_hint@ 1001c204     wog native dialogs.obj
 0002:00002228       ??_C@_0CB@HHJKNBKP@wnd?4dlg_commander?4bttn_exit_hint@ 1001c228     wog native dialogs.obj
 0002:0000224c       ??_C@_0CC@HPHIJKHC@wnd?4dlg_commander?4bttn_lvlup_hin@ 1001c24c     wog native dialogs.obj
 0002:00002270       ??_C@_0CD@CPLKJKFP@wnd?4dlg_commander?4bttn_dismiss_r@ 1001c270     wog native dialogs.obj
 0002:00002294       ??_C@_0BL@COONMGDI@wnd?4combat?4finish_question?$AA@ 1001c294     wog native dialogs.obj
 0002:000022b0       ??_C@_0BH@EFIKECO@wnd?4combat?4show_killed?$AA@ 1001c2b0     wog native dialogs.obj
 0002:000022c8       ??_C@_0BD@BGMEGPKP@WoG?5Native?5Dialogs?$AA@ 1001c2c8     wog native dialogs.obj
 0002:000022db       ??_C@_00CNPNBAHC@?$AA@     1001c2db     HoMM3_GUI.obj
 0002:000022e0       __real@3fe0000000000000    1001c2e0      CIL library: CIL module
 0002:000022e8       __FPinit                   1001c2e8     LIBCMT:_fpinit_.obj
 0002:000022ec       __FPmtinit                 1001c2ec     LIBCMT:_fpinit_.obj
 0002:000022f0       __FPmtterm                 1001c2f0     LIBCMT:_fpinit_.obj
 0002:000022f4       ??_C@_05KLBDPFGC@e?$CL000?$AA@ 1001c2f4     LIBCMT:cvt.obj
 0002:00002300       __real@4150017ec0000000    1001c300     LIBCMT:_testfdiv_.obj
 0002:00002308       __real@4147ffff80000000    1001c308     LIBCMT:_testfdiv_.obj
 0002:00002310       ??_C@_0BK@NHEOCAHP@IsProcessorFeaturePresent?$AA@ 1001c310     LIBCMT:_testfdiv_.obj
 0002:0000232c       ??_C@_08CPNIBGIE@KERNEL32?$AA@ 1001c32c     LIBCMT:_testfdiv_.obj
 0002:00002338       ??_C@_06IMKFLFPG@1?$CDQNAN?$AA@ 1001c338     LIBCMT:_x10fout_.obj
 0002:00002340       ??_C@_05DNEBIAHO@1?$CDINF?$AA@ 1001c340     LIBCMT:_x10fout_.obj
 0002:00002348       ??_C@_05PHHOCPM@1?$CDIND?$AA@ 1001c348     LIBCMT:_x10fout_.obj
 0002:00002350       ??_C@_06PGGFOGJG@1?$CDSNAN?$AA@ 1001c350     LIBCMT:_x10fout_.obj
 0002:00002358       __load_config_used         1001c358     LIBCMT:loadcfg.obj
 0002:00002404       ??_R4exception@std@@6B@    1001c404     LIBCMT:stdexcpt.obj
 0002:00002418       ??_R4type_info@@6B@        1001c418     LIBCMT:typinfo.obj
 0002:0000242c       ??_R3type_info@@8          1001c42c     LIBCMT:typinfo.obj
 0002:0000243c       ??_R2type_info@@8          1001c43c     LIBCMT:typinfo.obj
 0002:00002444       ??_R1A@?0A@EA@type_info@@8 1001c444     LIBCMT:typinfo.obj
 0002:00002460       ??_R4bad_alloc@std@@6B@    1001c460     wog native dialogs.obj
 0002:00002474       ??_R3bad_alloc@std@@8      1001c474     wog native dialogs.obj
 0002:00002484       ??_R2bad_alloc@std@@8      1001c484     wog native dialogs.obj
 0002:00002490       ??_R1A@?0A@EA@exception@std@@8 1001c490     wog native dialogs.obj
 0002:000024ac       ??_R3exception@std@@8      1001c4ac     wog native dialogs.obj
 0002:000024bc       ??_R2exception@std@@8      1001c4bc     wog native dialogs.obj
 0002:000024c4       ??_R1A@?0A@EA@bad_alloc@std@@8 1001c4c4     wog native dialogs.obj
 0002:000024e0       ___safe_se_handler_table   1001c4e0     <linker-defined>
 0002:000024ec       ___rtc_iaa                 1001c4ec     LIBCMT:_initsect_.obj
 0002:000024f0       ___rtc_izz                 1001c4f0     LIBCMT:_initsect_.obj
 0002:000024f4       ___rtc_taa                 1001c4f4     LIBCMT:_initsect_.obj
 0002:000024f8       ___rtc_tzz                 1001c4f8     LIBCMT:_initsect_.obj
 0002:000028d4       __CT??_R0?AVexception@std@@@8??0exception@std@@QAE@ABV01@@Z12 1001c8d4     wog native dialogs.obj
 0002:000028f0       __CT??_R0?AVbad_alloc@std@@@8??0bad_alloc@std@@QAE@ABV01@@Z12 1001c8f0     wog native dialogs.obj
 0002:0000290c       __CTA2?AVbad_alloc@std@@   1001c90c     wog native dialogs.obj
 0002:00002918       __TI2?AVbad_alloc@std@@    1001c918     wog native dialogs.obj
 0002:00002944       __IMPORT_DESCRIPTOR_KERNEL32 1001c944     kernel32:KERNEL32.dll
 0002:00002958       __NULL_IMPORT_DESCRIPTOR   1001c958     kernel32:KERNEL32.dll
 0003:0000000c       ??_R0?AVtype_info@@@8      1001d00c     LIBCMT:typinfo.obj
 0003:00000030       ___security_cookie         1001d030     LIBCMT:gs_cookie.obj
 0003:00000034       ___security_cookie_complement 1001d034     LIBCMT:gs_cookie.obj
 0003:000001b0       ___nullstring              1001d1b0     LIBCMT:output.obj
 0003:000001b4       ___wnullstring             1001d1b4     LIBCMT:output.obj
 0003:000001b8       __amblksiz                 1001d1b8     LIBCMT:heapinit.obj
 0003:000002f0       ___flsindex                1001d2f0     LIBCMT:tidtable.obj
 0003:000002f4       ___getvalueindex           1001d2f4     LIBCMT:tidtable.obj
 0003:000002f8       __aexit_rtn                1001d2f8     LIBCMT:crt0dat.obj
 0003:00000300       ___badioinfo               1001d300     LIBCMT:ioinit.obj
 0003:00000340       __First_FPE_Indx           1001d340     LIBCMT:winxfltr.obj
 0003:00000344       __Num_FPE                  1001d344     LIBCMT:winxfltr.obj
 0003:00000348       __XcptActTabSize           1001d348     LIBCMT:winxfltr.obj
 0003:0000034c       __XcptActTabCount          1001d34c     LIBCMT:winxfltr.obj
 0003:00000360       __iob                      1001d360     LIBCMT:_file.obj
 0003:000005e0       ___initialmbcinfo          1001d5e0     LIBCMT:mbctype.obj
 0003:00000800       __mbctype                  1001d800     LIBCMT:mbctype.obj
 0003:00000908       __mbcasemap                1001d908     LIBCMT:mbctype.obj
 0003:00000a08       ___ptmbcinfo               1001da08     LIBCMT:mbctype.obj
 0003:00000b04       ___globallocalestatus      1001db04     LIBCMT:glstatus.obj
 0003:00000b08       ___clocalestr              1001db08     LIBCMT:nlsdata2.obj
 0003:00000b10       ___initiallocinfo          1001db10     LIBCMT:nlsdata2.obj
 0003:00000be8       ___ptlocinfo               1001dbe8     LIBCMT:nlsdata2.obj
 0003:00000bec       ___lc_clike                1001dbec     LIBCMT:nlsdata2.obj
 0003:00000bf0       ___initiallocalestructinfo 1001dbf0     LIBCMT:nlsdata2.obj
 0003:00000bf8       __cfltcvt_tab              1001dbf8     LIBCMT:cmiscdat.obj
 0003:00000cd8       ___abort_behavior          1001dcd8     LIBCMT:abort.obj
 0003:00000cdc       __NLG_Destination          1001dcdc     LIBCMT:exsup.obj
 0003:00000cf0       __pctype                   1001dcf0     LIBCMT:ctype.obj
 0003:00000cf4       __pwctype                  1001dcf4     LIBCMT:ctype.obj
 0003:00000cf8       ___lc_time_c               1001dcf8     LIBCMT:strftime.obj
 0003:00000db0       ___lc_time_curr            1001ddb0     LIBCMT:strftime.obj
 0003:00000db4       ___lconv_static_decimal    1001ddb4     LIBCMT:lconv.obj
 0003:00000db8       ___lconv_c                 1001ddb8     LIBCMT:lconv.obj
 0003:00000de8       ___lconv                   1001dde8     LIBCMT:lconv.obj
 0003:00000dec       ___mb_cur_max              1001ddec     LIBCMT:nlsdata1.obj
 0003:00000df0       ___decimal_point           1001ddf0     LIBCMT:nlsdata1.obj
 0003:00000df4       ___decimal_point_length    1001ddf4     LIBCMT:nlsdata1.obj
 0003:00000e00       __coninpfh                 1001de00     LIBCMT:initcon.obj
 0003:00000e04       __confh                    1001de04     LIBCMT:initcon.obj
 0003:00000e10       __timezone                 1001de10     LIBCMT:timeset.obj
 0003:00000e14       __daylight                 1001de14     LIBCMT:timeset.obj
 0003:00000e18       __dstbias                  1001de18     LIBCMT:timeset.obj
 0003:00000ea0       __tzname                   1001dea0     LIBCMT:timeset.obj
 0003:00000ec0       __lpdays                   1001dec0     LIBCMT:days.obj
 0003:00000ef4       __days                     1001def4     LIBCMT:days.obj
 0003:00000f38       ?v_table_funcs@_CustomDlg_@@2PAIA 1001df38     HoMM3_GUI.obj
 0003:00000f78       ?n_BigFont@@3PADA          1001df78     wog native dialogs.obj
 0003:00000f7c       ?n_MedFont@@3PADA          1001df7c     wog native dialogs.obj
 0003:00000f80       ?n_SmallFont@@3PADA        1001df80     wog native dialogs.obj
 0003:00000f84       ?radioBttnDef@@3PADA       1001df84     wog native dialogs.obj
 0003:00000f88       ?checkboxDef@@3PADA        1001df88     wog native dialogs.obj
 0003:00000f8c       ?textProcD@@3PADA          1001df8c     wog native dialogs.obj
 0003:00000f90       ?textProcS@@3PADA          1001df90     wog native dialogs.obj
 0003:00000f94       ?npc1Def@@3PADA            1001df94     wog native dialogs.obj
 0003:00000f98       ?npc2Def@@3PADA            1001df98     wog native dialogs.obj
 0003:00000f9c       ?npc3Def@@3PADA            1001df9c     wog native dialogs.obj
 0003:00000fa0       ?n_DlgExpMon@@3PADA        1001dfa0     wog native dialogs.obj
 0003:00000fa4       ??_R0?AVexception@std@@@8  1001dfa4     wog native dialogs.obj
 0003:00000fc0       ??_R0?AVbad_alloc@std@@@8  1001dfc0     wog native dialogs.obj
 0003:00000fdc       __fltused                  1001dfdc     LIBCMT:_fpinit_.obj
 0003:00000fe0       __ldused                   1001dfe0     LIBCMT:_fpinit_.obj
 0003:00001020       __pow10pos                 1001e020     LIBCMT:_constpow_.obj
 0003:00001180       __pow10neg                 1001e180     LIBCMT:_constpow_.obj
 0003:00001314       __aenvptr                  1001e314     LIBCMT:dllcrt0.obj
 0003:00001318       __wenvptr                  1001e318     LIBCMT:dllcrt0.obj
 0003:0000131c       ___error_mode              1001e31c     LIBCMT:dllcrt0.obj
 0003:00001320       ___app_type                1001e320     LIBCMT:dllcrt0.obj
 0003:0000164c       ___pInvalidArgHandler      1001e64c     LIBCMT:invarg.obj
 0003:00001650       __crtheap                  1001e650     LIBCMT:heapinit.obj
 0003:000017a8       ___sbh_pHeaderDefer        1001e7a8     LIBCMT:sbheap.obj
 0003:000017b4       ?_pnhHeap@@3P6AHI@ZA       1001e7b4     LIBCMT:handler.obj
 0003:000017b8       _gpFlsAlloc                1001e7b8     LIBCMT:tidtable.obj
 0003:000017bc       _gpFlsGetValue             1001e7bc     LIBCMT:tidtable.obj
 0003:000017c0       _gpFlsSetValue             1001e7c0     LIBCMT:tidtable.obj
 0003:000017c4       _gpFlsFree                 1001e7c4     LIBCMT:tidtable.obj
 0003:000017c8       __maxwait                  1001e7c8     LIBCMT:crtheap.obj
 0003:000017cc       __umaskval                 1001e7cc     LIBCMT:crt0dat.obj
 0003:000017d0       ___argc                    1001e7d0     LIBCMT:crt0dat.obj
 0003:000017d4       ___argv                    1001e7d4     LIBCMT:crt0dat.obj
 0003:000017d8       ___wargv                   1001e7d8     LIBCMT:crt0dat.obj
 0003:000017dc       __environ                  1001e7dc     LIBCMT:crt0dat.obj
 0003:000017e0       ___initenv                 1001e7e0     LIBCMT:crt0dat.obj
 0003:000017e4       __wenviron                 1001e7e4     LIBCMT:crt0dat.obj
 0003:000017e8       ___winitenv                1001e7e8     LIBCMT:crt0dat.obj
 0003:000017ec       __pgmptr                   1001e7ec     LIBCMT:crt0dat.obj
 0003:000017f0       __wpgmptr                  1001e7f0     LIBCMT:crt0dat.obj
 0003:000017f4       __exitflag                 1001e7f4     LIBCMT:crt0dat.obj
 0003:000017f8       __C_Termination_Done       1001e7f8     LIBCMT:crt0dat.obj
 0003:000017fc       __C_Exit_Done              1001e7fc     LIBCMT:crt0dat.obj
 0003:0000190c       ?__pInconsistency@@3P6AXXZA 1001e90c     LIBCMT:hooks.obj
 0003:00001910       __cflush                   1001e910     LIBCMT:_file.obj
 0003:00001918       ___mbulinfo                1001e918     LIBCMT:mbctype.obj
 0003:00001924       ___mbcodepage              1001e924     LIBCMT:mbctype.obj
 0003:00001928       ___ismbcodepage            1001e928     LIBCMT:mbctype.obj
 0003:0000192c       ___mblcid                  1001e92c     LIBCMT:mbctype.obj
 0003:00001930       ___locale_changed          1001e930     LIBCMT:setlocal.obj
 0003:00001934       ___lc_handle               1001e934     LIBCMT:nlsdata2.obj
 0003:0000194c       ___lc_codepage             1001e94c     LIBCMT:nlsdata2.obj
 0003:00001950       ___lc_collate_cp           1001e950     LIBCMT:nlsdata2.obj
 0003:00001c6c       __newmode                  1001ec6c     LIBCMT:_newmode.obj
 0003:00001c88       ?pArgList@UnDecorator@@0PAVReplicator@@A 1001ec88     LIBCMT:undname.obj
 0003:00001c8c       ?pZNameList@UnDecorator@@0PAVReplicator@@A 1001ec8c     LIBCMT:undname.obj
 0003:00001c90       ?pTemplateArgList@UnDecorator@@0PAVReplicator@@A 1001ec90     LIBCMT:undname.obj
 0003:00001c94       ?gName@UnDecorator@@0PBDB  1001ec94     LIBCMT:undname.obj
 0003:00001c98       ?name@UnDecorator@@0PBDB   1001ec98     LIBCMT:undname.obj
 0003:00001c9c       ?outputString@UnDecorator@@0PADA 1001ec9c     LIBCMT:undname.obj
 0003:00001ca0       ?maxStringLength@UnDecorator@@0HA 1001eca0     LIBCMT:undname.obj
 0003:00001ca4       ?disableFlags@UnDecorator@@0KA 1001eca4     LIBCMT:undname.obj
 0003:00001ca8       ?m_pGetParameter@UnDecorator@@0P6APADJ@ZA 1001eca8     LIBCMT:undname.obj
 0003:00001cac       ?fExplicitTemplateParams@UnDecorator@@0_NA 1001ecac     LIBCMT:undname.obj
 0003:00001cad       ?fGetTemplateArgumentList@UnDecorator@@0_NA 1001ecad     LIBCMT:undname.obj
 0003:00001cd0       ___pPurecall               1001ecd0     LIBCMT:inithelp.obj
 0003:00001cdc       ___lconv_static_null       1001ecdc     LIBCMT:lconv.obj
 0003:00001ce0       __stdbuf                   1001ece0     LIBCMT:_sftbuf.obj
 0003:00001db8       ?json_Combat@@3PAPADA      1001edb8     wog native dialogs.obj
 0003:00001dc0       ?myString2@@3PADA          1001edc0     wog native dialogs.obj
 0003:000021c0       ?NPC_Def@@3PAU_DlgStaticDef_@@A 1001f1c0     wog native dialogs.obj
 0003:000021c4       ?json_WoGOpt@@3PAPADA      1001f1c4     wog native dialogs.obj
 0003:000021cc       ?smalfont2@@3PAU_Fnt_@@A   1001f1cc     wog native dialogs.obj
 0003:000021d0       ?saveManaHero@@3PAY01HA    1001f1d0     wog native dialogs.obj
 0003:000021e0       ?dlgHeroLvlUp_heroID@@3IA  1001f1e0     wog native dialogs.obj
 0003:000021e4       ?_PI@@3PAVPatcherInstance@@A 1001f1e4     wog native dialogs.obj
 0003:000021e8       ?myString1@@3PADA          1001f1e8     wog native dialogs.obj
 0003:000025e8       ?inTownDlg@@3_NA           1001f5e8     wog native dialogs.obj
 0003:000025ec       ?_P@@3PAVPatcher@@A        1001f5ec     wog native dialogs.obj
 0003:000025f0       ?time_click_MsgBox@@3IA    1001f5f0     wog native dialogs.obj
 0003:000025f4       ?isNeedRestore@@3HA        1001f5f4     wog native dialogs.obj
 0003:000025f8       ?json_CrExpo@@3PAPADA      1001f5f8     wog native dialogs.obj
 0003:00002628       ?json_Npc@@3PAPADA         1001f628     wog native dialogs.obj
 0003:00002638       ?damLo@@3HA                1001f638     wog native dialogs.obj
 0003:0000263c       ?medfont2@@3PAU_Fnt_@@A    1001f63c     wog native dialogs.obj
 0003:00002640       ?QuickBattle_SAVE@@3HA     1001f640     wog native dialogs.obj
 0003:00002644       ?timeClickAvtoSolo@@3HA    1001f644     wog native dialogs.obj
 0003:00002648       ?HD_Version@@3HA           1001f648     wog native dialogs.obj
 0003:0000264c       ?saveCursor@@3PAHA         1001f64c     wog native dialogs.obj
 0003:00002658       ?townID@@3HA               1001f658     wog native dialogs.obj
 0003:0000265c       ?time_click@@3HA           1001f65c     wog native dialogs.obj
 0003:00002660       ?hAngel@Era@@3PAUHINSTANCE__@@A 1001f660     wog native dialogs.obj
 0003:00002664       ?hEra@Era@@3PAUHINSTANCE__@@A 1001f664     wog native dialogs.obj
 0003:00002668       ?txtresWOG@@3PAU_TXT_@@A   1001f668     wog native dialogs.obj
 0003:0000266c       ?damHi@@3HA                1001f66c     wog native dialogs.obj
 0003:00002670       ?myString3@@3PADA          1001f670     wog native dialogs.obj
 0003:00002a70       ?bigfont2@@3PAU_Fnt_@@A    1001fa70     wog native dialogs.obj
 0003:00002a74       ?EventParams@Era@@3PAY0BA@HA 1001fa74     wog native dialogs.obj
 0003:00002a78       ?ApiHook@Era@@3P6GPAXPAXH0@ZA 1001fa78     wog native dialogs.obj
 0003:00002a7c       ?ClearAllIniCache@Era@@3P6GXXZA 1001fa7c     wog native dialogs.obj
 0003:00002a80       ?ClearIniCache@Era@@3P6GXPBD@ZA 1001fa80     wog native dialogs.obj
 0003:00002a84       ?ExecErmCmd@Era@@3P6GXPBD@ZA 1001fa84     wog native dialogs.obj
 0003:00002a88       ?ExtractErm@Era@@3P6GXXZA  1001fa88     wog native dialogs.obj
 0003:00002a8c       ?FatalError@Era@@3P6GXPBD@ZA 1001fa8c     wog native dialogs.obj
 0003:00002a90       ?FireErmEvent@Era@@3P6GXH@ZA 1001fa90     wog native dialogs.obj
 0003:00002a94       ?FireEvent@Era@@3P6GXPBDPAXH@ZA 1001fa94     wog native dialogs.obj
 0003:00002a98       ?GetButtonID@Era@@3P6GHPBD@ZA 1001fa98     wog native dialogs.obj
 0003:00002a9c       ?GetEraVersion@Era@@3P6GPBDXZA 1001fa9c     wog native dialogs.obj
 0003:00002aa0       ?GetVersionNum@Era@@3P6GHXZA 1001faa0     wog native dialogs.obj
 0003:00002aa4       ?GetGameState@Era@@3P6GXPAUTGameState@1@@ZA 1001faa4     wog native dialogs.obj
 0003:00002aa8       ?GetRealAddr@Era@@3P6GPAXPAX@ZA 1001faa8     wog native dialogs.obj
 0003:00002aac       ?GlobalRedirectFile@Era@@3P6GXXZA 1001faac     wog native dialogs.obj
 0003:00002ab0       ?Hook@Era@@3P6GPAXPAXHH0@ZA 1001fab0     wog native dialogs.obj
 0003:00002ab4       ?HookCode@Era@@3P6GPAXPAXP6GHPAUTHookContext@1@@ZPAPAX@ZA 1001fab4     wog native dialogs.obj
 0003:00002ab8       ?LoadImageAsPcx16@Era@@3P6GPAXPBD0HHHHH@ZA 1001fab8     wog native dialogs.obj
 0003:00002abc       ?LoadTxt@Era@@3P6GPAXPBD@ZA 1001fabc     wog native dialogs.obj
 0003:00002ac0       ?MemFree@Era@@3P6GXPBX@ZA  1001fac0     wog native dialogs.obj
 0003:00002ac4       ?NameColor@Era@@3P6GXHPBD@ZA 1001fac4     wog native dialogs.obj
 0003:00002ac8       ?NotifyError@Era@@3P6GXPBD@ZA 1001fac8     wog native dialogs.obj
 0003:00002acc       ?PatchExists@Era@@3P6G_NPBD@ZA 1001facc     wog native dialogs.obj
 0003:00002ad0       ?PluginExists@Era@@3P6G_NPBD@ZA 1001fad0     wog native dialogs.obj
 0003:00002ad4       ?ReadSavegameSection@Era@@3P6GHHPAXPBD@ZA 1001fad4     wog native dialogs.obj
 0003:00002ad8       ?ReadStrFromIni@Era@@3P6G_NPBD00PAD@ZA 1001fad8     wog native dialogs.obj
 0003:00002adc       ?RecallAPI@Era@@3P6GHPAUTHookContext@1@H@ZA 1001fadc     wog native dialogs.obj
 0003:00002ae0       ?RedirectFile@Era@@3P6GXXZA 1001fae0     wog native dialogs.obj
 0003:00002ae4       ?RedirectMemoryBlock@Era@@3P6GXPAXH0@ZA 1001fae4     wog native dialogs.obj
 0003:00002ae8       ?RegisterHandler@Era@@3P6GXP6GXPAUTEvent@1@@ZPBD@ZA 1001fae8     wog native dialogs.obj
 0003:00002aec       ?ReloadErm@Era@@3P6GXXZA   1001faec     wog native dialogs.obj
 0003:00002af0       ?ReportPluginVersion@Era@@3P6GXPBD@ZA 1001faf0     wog native dialogs.obj
 0003:00002af4       ?RestoreEventParams@Era@@3P6GXXZA 1001faf4     wog native dialogs.obj
 0003:00002af8       ?SaveEventParams@Era@@3P6GXXZA 1001faf8     wog native dialogs.obj
 0003:00002afc       ?SaveIni@Era@@3P6G_NPBD@ZA 1001fafc     wog native dialogs.obj
 0003:00002b00       ?Splice@Era@@3P6GPAXPAX0HHPAHPAPAX@ZA 1001fb00     wog native dialogs.obj
 0003:00002b04       ?_tr@Era@@3P6GPADPBDPAPBDH@ZA 1001fb04     wog native dialogs.obj
 0003:00002b08       ?WriteAtCode@Era@@3P6GXHPAX0@ZA 1001fb08     wog native dialogs.obj
 0003:00002b0c       ?WriteSavegameSection@Era@@3P6GXHPAXPBD@ZA 1001fb0c     wog native dialogs.obj
 0003:00002b10       ?WriteStrToIni@Era@@3P6G_NPBD000@ZA 1001fb10     wog native dialogs.obj
 0003:00002b14       ?NPC_StatBar@@3PAU_DlgStaticTextPcx8ed_@@A 1001fb14     wog native dialogs.obj
 0003:00002b18       ?str_num_hook@@3HA         1001fb18     wog native dialogs.obj
 0003:00002b1c       ?BanDlg_CustomReq_EnterText@@3HA 1001fb1c     wog native dialogs.obj
 0003:00002b20       ?o_Sphinx1@@3PAU_Sphinx1_@@A 1001fb20     wog native dialogs.obj
 0003:00002b24       ?Dlg_CustomReq_Ban@@3HA    1001fb24     wog native dialogs.obj
 0003:00002b28       ?statbarWoGOptions@@3PAU_DlgStaticTextPcx8ed_@@A 1001fb28     wog native dialogs.obj
 0003:00002b2c       ?apdFont@@3HA              1001fb2c     wog native dialogs.obj
 0003:00002b30       ?check_AIValue_isNotHero@@3_NA 1001fb30     wog native dialogs.obj
 0003:00002b34       ?calls_count@?1??GetPatcher@@YAPAVPatcher@@XZ@4HA 1001fb34     wog native dialogs.obj
 0003:00002b3c       ___fastflag                1001fb3c     LIBCMT:_fpinit_.obj
 0003:00002b40       __adjust_fdiv              1001fb40     LIBCMT:_fpinit_.obj
 0003:00002b44       __outputformat             1001fb44     LIBCMT:outputformat.obj
 0003:00002b48       ___piob                    1001fb48     <common>
 0003:00002b60       __bufin                    1001fb60     <common>
 0003:00003b60       __nstream                  10020b60     <common>
 0003:00003b64       ___sse2_available          10020b64     <common>
 0003:00003b68       __debugger_hook_dummy      10020b68     <common>
 0003:00003b6c       __nhandle                  10020b6c     <common>
 0003:00003b80       ___pioinfo                 10020b80     <common>
 0003:00003c80       ___env_initialized         10020c80     <common>
 0003:00003c84       ___onexitend               10020c84     <common>
 0003:00003c88       ___onexitbegin             10020c88     <common>
 0003:00003c8c       ___mbctype_initialized     10020c8c     <common>
 0003:00003c90       ___dyn_tls_init_callback   10020c90     <common>
 0003:00003c94       ___sbh_cntHeaderList       10020c94     <common>
 0003:00003c98       ___sbh_pHeaderList         10020c98     <common>
 0003:00003c9c       ___sbh_threshold           10020c9c     <common>
 0003:00003ca0       ___sbh_pHeaderScan         10020ca0     <common>
 0003:00003ca4       ___sbh_sizeHeaderList      10020ca4     <common>
 0003:00003ca8       ___sbh_indGroupDefer       10020ca8     <common>
 0003:00003cac       ___active_heap             10020cac     <common>
 0003:00003cb0       __acmdln                   10020cb0     <common>

 entry point at        0001:0000d008

 Static symbols

 0001:0000cf12       ___DllMainCRTStartup       1000df12 f   LIBCMT:dllcrt0.obj
 0001:0000d958       _write_char                1000e958 f   LIBCMT:output.obj
 0001:0000d98b       _write_multi_char          1000e98b f   LIBCMT:output.obj
 0001:0000d9b1       _write_string              1000e9b1 f   LIBCMT:output.obj
 0001:0000fb08       __onexit_nolock            10010b08 f   LIBCMT:onexit.obj
 0001:00010417       __initterm                 10011417 f   LIBCMT:crt0dat.obj
 0001:000104dd       _doexit                    100114dd f   LIBCMT:crt0dat.obj
 0001:000109fc       _parse_cmdline             100119fc f   LIBCMT:stdargv.obj
 0001:000110e4       _fastcopy_I                100120e4 f   LIBCMT:p4_memcpy.obj
 0001:0001124e       _has_osfxsr_set            1001224e f   LIBCMT:cpu_disp.obj
 0001:00011f4e       ?CPtoLCID@@YAHH@Z          10012f4e f   LIBCMT:mbctype.obj
 0001:00011f7d       ?setSBCS@@YAXPAUthreadmbcinfostruct@@@Z 10012f7d f   LIBCMT:mbctype.obj
 0001:00011fe1       ?setSBUpLow@@YAXPAUthreadmbcinfostruct@@@Z 10012fe1 f   LIBCMT:mbctype.obj
 0001:00012218       ?getSystemCP@@YAHH@Z       10013218 f   LIBCMT:mbctype.obj
 0001:000128a2       __updatetlocinfoEx_nolock  100138a2 f   LIBCMT:setlocal.obj
 0001:00012ee8       __unwind_handler4          10013ee8 f   LIBCMT:exsup4.obj
 0001:000130fd       _fastzero_I                100140fd f   LIBCMT:p4_memset.obj
 0001:000135dd       _siglookup                 100145dd f   LIBCMT:winsig.obj
 0001:000137ef       ?x_ismbbtype_l@@YAHPAUlocaleinfo_struct@@IHH@Z 100147ef f   LIBCMT:ismbbyte.obj
 0001:00013994       __unwind_handler           10014994 f   LIBCMT:exsup.obj
 0001:00013fea       _flsall                    10014fea f   LIBCMT:fflush.obj
 0001:000140ed       ?__crtLCMapStringA_stat@@YAHPAUlocaleinfo_struct@@KKPBDHPADHHH@Z 100150ed f   LIBCMT:a_map.obj
 0001:000144d7       ?__crtGetStringTypeA_stat@@YAHPAUlocaleinfo_struct@@KPBDHPAGHHH@Z 100154d7 f   LIBCMT:a_str.obj
 0001:00014af9       ?strtoxl@@YAKPAUlocaleinfo_struct@@PBDPAPBDHH@Z 10015af9 f   LIBCMT:strtol.obj
 0001:00015ba8       __shift                    10016ba8 f   LIBCMT:cvt.obj
 0001:00015bed       __cftoe2_l                 10016bed f   LIBCMT:cvt.obj
 0001:000161bf       __cftof2_l                 100171bf f   LIBCMT:cvt.obj
 0001:0001854f       __hw_cw                    1001954f f   LIBCMT:_ieee87_.obj
 0001:000185dd       ___hw_cw_sse2              100195dd f   LIBCMT:_ieee87_.obj
 0001:00018bd0       ??__Fnomem@?5???2@YAPAXI@Z@YAXXZ 10019bd0 f   LIBCMT:new.obj
