 wog native dialogs

 Timestamp is 5f8d69fe (Mon Oct 19 13:27:10 2020)

 Preferred load address is 10000000

 Start         Length     Name                   Class
 0001:00000000 0001977cH .text                   CODE
 0001:00019780 00000000H .text$x                 CODE
 0001:00019780 00000014H .text$yd                CODE
 0002:00000000 0000011cH .idata$5                DATA
 0002:0000011c 00000004H .CRT$XCA                DATA
 0002:00000120 00000004H .CRT$XCZ                DATA
 0002:00000124 00000004H .CRT$XIA                DATA
 0002:00000128 00000010H .CRT$XIC                DATA
 0002:00000138 00000004H .CRT$XIZ                DATA
 0002:0000013c 00000004H .CRT$XPA                DATA
 0002:00000140 00000004H .CRT$XPX                DATA
 0002:00000144 00000004H .CRT$XPXA               DATA
 0002:00000148 00000004H .CRT$XPZ                DATA
 0002:0000014c 00000004H .CRT$XTA                DATA
 0002:00000150 00000004H .CRT$XTZ                DATA
 0002:00000160 00002298H .rdata                  DATA
 0002:000023f8 00000061H .rdata$debug            DATA
 0002:0000245c 000000dcH .rdata$r                DATA
 0002:00002540 0000000cH .rdata$sxdata           DATA
 0002:0000254c 00000004H .rtc$IAA                DATA
 0002:00002550 00000004H .rtc$IZZ                DATA
 0002:00002554 00000004H .rtc$TAA                DATA
 0002:00002558 00000004H .rtc$TZZ                DATA
 0002:00002560 00000444H .xdata$x                DATA
 0002:000029a4 00000014H .idata$2                DATA
 0002:000029b8 00000014H .idata$3                DATA
 0002:000029cc 0000011cH .idata$4                DATA
 0002:00002ae8 0000050cH .idata$6                DATA
 0002:00003000 0000005eH .edata                  DATA
 0003:00000000 000012f8H .data                   DATA
 0003:00001300 000029b4H .bss                    DATA

  Address         Publics by Value              Rva+Base       Lib:Object

 0000:00000000       __except_list              00000000     <absolute>
 0000:00000003       ___safe_se_handler_count   00000003     <absolute>
 0000:00000000       ___ImageBase               10000000     <linker-defined>
 0001:00000000       ?WriteCodePatch@PatcherInstance@@QAAPAVPatch@@IPADZZ 10001000 f i wog native dialogs.obj
 0001:00000020       ??1bad_alloc@std@@UAE@XZ   10001020 f i wog native dialogs.obj
 0001:00000030       ??_Ebad_alloc@std@@UAEPAXI@Z 10001030 f i  CIL library: CIL module
 0001:00000030       ??_Gbad_alloc@std@@UAEPAXI@Z 10001030 f i wog native dialogs.obj
 0001:00000060       ?Redraw@_Dlg_@@QAEXH@Z     10001060 f i wog native dialogs.obj
 0001:00000080       ?Create@_DlgStaticDef_@@SAPAU1@HHHPADHHH@Z 10001080 f i wog native dialogs.obj
 0001:000000e0       ?Create@_DlgButton_@@SAPAU1@HHHPADHHHH@Z 100010e0 f i wog native dialogs.obj
 0001:00000130       ?Create@_DlgTextButton_@@SAPAU1@HHHPAD00HHHHH@Z 10001130 f i wog native dialogs.obj
 0001:00000190       ?b_MsgBox@@YAHPADH@Z       10001190 f i wog native dialogs.obj
 0001:000001c0       ?b_MsgBoxD@@YAHPADHHH@Z    100011c0 f i wog native dialogs.obj
 0001:00000200       ?GetHero@_GameMgr_@@QAEPAU_Hero_@@H@Z 10001200 f i wog native dialogs.obj
 0001:00000220       ?Get_ITxtExp@@YAPADH@Z     10001220 f i wog native dialogs.obj
 0001:00000240       ?Set_DlgBackground_RK@@YAHPAV_CustomDlg_@@HH@Z 10001240 f   wog native dialogs.obj
 0001:00000820       ?b_MsgBoxAndDef@@YAXPADH0@Z 10001820 f   wog native dialogs.obj
 0001:00000a50       ?b_MsgBoxBig@@YAXPADD@Z    10001a50 f   wog native dialogs.obj
 0001:00000b90       ?e_ClickSound@@YAXXZ       10001b90 f i wog native dialogs.obj
 0001:00000be0       ?ConnectEra@Era@@YAXXZ     10001be0 f   wog native dialogs.obj
 0001:00000f00       ?F_MsgBox_ResetYellowFrames@@YAHPAU_Dlg_@@H@Z 10001f00 f   wog native dialogs.obj
 0001:00000f50       ?F_MsgBox_Return@@YAHPAU_DlgMsg_@@H@Z 10001f50 f   wog native dialogs.obj
 0001:00000f80       ?Y_New_MsgBox_Proc@@YGHPAVHiHook@@PAU_DlgMsg_@@@Z 10001f80 f   wog native dialogs.obj
 0001:00001120       ?Y_New_MsgBox_SetDefaultFrameEnabled@@YGHPAVLoHook@@PAUHookContext@@@Z 10002120 f   wog native dialogs.obj
 0001:000011b0       ?Dlg_ChangeBmp@@YAXPAVPatcherInstance@@@Z 100021b0 f   wog native dialogs.obj
 0001:00001fc0       ?Y_New_CommanderDlg_Proc@@YGHPAV_CustomDlg_@@PAU_DlgMsg_@@@Z 10002fc0 f   wog native dialogs.obj
 0001:00002740       ?Y_Dlg_NPC_Show@@YGHPAVHiHook@@PAU_DlgNPC_@@@Z 10003740 f   wog native dialogs.obj
 0001:00003e40       ?Y_Dlg_NPC_Prepare@@YGXPAVHiHook@@PAU_Npc_@@HHH@Z 10004e40 f   wog native dialogs.obj
 0001:00003e80       ?Y_Dlg_NPC_ShowAgain_IfGetArtHero@@YGHPAVLoHook@@PAUHookContext@@@Z 10004e80 f   wog native dialogs.obj
 0001:00003ea0       ?Y_HeroDlg_Create@@YGPAV_CustomDlg_@@PAVHiHook@@PAV1@@Z 10004ea0 f   wog native dialogs.obj
 0001:00003f00       ?Y_HeroDlg_Proc@@YGHPAVHiHook@@PAV_CustomDlg_@@PAU_DlgMsg_@@@Z 10004f00 f   wog native dialogs.obj
 0001:00004180       ?Dlg_NPC@@YAXPAVPatcherInstance@@@Z 10005180 f   wog native dialogs.obj
 0001:00004210       ?New_Dlg_ExpaMon_Case8@@YAHH@Z 10005210 f   wog native dialogs.obj
 0001:00004b70       ?New_Dlg_ExpaMon_BannerDlg_Proc@@YGHPAV_CustomDlg_@@PAU_DlgMsg_@@@Z 10005b70 f   wog native dialogs.obj
 0001:00004c40       ?New_Dlg_ExpaMon_BannerDlg@@YAHXZ 10005c40 f   wog native dialogs.obj
 0001:00005040       ?New_Dlg_ExpaMon_Proc@@YGHPAV_CustomDlg_@@PAU_DlgMsg_@@@Z 10006040 f   wog native dialogs.obj
 0001:00005460       ?Y_NewDlg_CreatureExpo@@YGHPAVHiHook@@PAU_CreatureExpo_@@@Z 10006460 f   wog native dialogs.obj
 0001:00005fc0       ?Y_WoGCurseDlg_Proc@@YGHPAV_CustomDlg_@@PAU_DlgMsg_@@@Z 10006fc0 f   wog native dialogs.obj
 0001:000060c0       ?Y_WoGCurseDlg_Show@@YGHPAVLoHook@@PAUHookContext@@@Z 100070c0 f   wog native dialogs.obj
 0001:00006460       ?Y_WoGDlg_ChooseArt_Proc@@YGHPAV_CustomDlg_@@PAU_DlgMsg_@@@Z 10007460 f   wog native dialogs.obj
 0001:00006750       ?Y_WoGDlg_ChooseArt@@YGHPAVHiHook@@HPAU_Hero_@@H@Z 10007750 f   wog native dialogs.obj
 0001:00006dd0       _UseWin32InputControl      10007dd0 f   wog native dialogs.obj
 0001:00006df0       ?IsSupportedFormatImage@@YA_NPAD@Z 10007df0 f   wog native dialogs.obj
 0001:00006fb0       ?New_Dlg_CustomReq_Proc@@YGHPAV_CustomDlg_@@PAU_DlgMsg_@@@Z 10007fb0 f   wog native dialogs.obj
 0001:00007170       ?New_Dlg_CustomReq@@YAHPAU_Sphinx1_@@@Z 10008170 f   wog native dialogs.obj
 0001:00008260       ?Y_Dlg_CustomReq@@YGHPAVLoHook@@PAUHookContext@@@Z 10009260 f   wog native dialogs.obj
 0001:000083a0       ?Y_WoGDlg_SphinxReq@@YGHPAVHiHook@@H@Z 100093a0 f   wog native dialogs.obj
 0001:00008530       ?Y_Dlg_QuickDialog@@YGHPAVHiHook@@PAU_Sphinx1_@@@Z 10009530 f   wog native dialogs.obj
 0001:000085c0       ?Y_Dlg_CustomPic@@YGHPAVHiHook@@HH@Z 100095c0 f   wog native dialogs.obj
 0001:000088c0       ?Dlg_Sphinx@@YAXPAVPatcherInstance@@@Z 100098c0 f   wog native dialogs.obj
 0001:000089a0       ?New_Dlg_IF_G_Proc@@YGHPAV_CustomDlg_@@PAU_DlgMsg_@@@Z 100099a0 f   wog native dialogs.obj
 0001:00008ae0       ?New_Dlg_IF_G@@YAHHHHHH@Z  10009ae0 f   wog native dialogs.obj
 0001:00008f40       ?New_Dlg_IF_G_Lo@@YGHPAVLoHook@@PAUHookContext@@@Z 10009f40 f   wog native dialogs.obj
 0001:00008f80       ?Dlg_IFG@@YAXPAVPatcherInstance@@@Z 10009f80 f   wog native dialogs.obj
 0001:00008fd0       ?Dlg_ChooseMonAttack_Proc@@YGHPAV_CustomDlg_@@PAU_DlgMsg_@@@Z 10009fd0 f   wog native dialogs.obj
 0001:00009010       ?Dlg_ChooseMonAttack@@YGHPAVHiHook@@HHH@Z 1000a010 f   wog native dialogs.obj
 0001:000092f0       ?Y_NewScenarioDlg_SetScrolledShoose@@YAHPAU_NewScenarioDlg_@@PAU_DlgMsg_@@@Z 1000a2f0 f   wog native dialogs.obj
 0001:00009380       ?Redraw_WoGDlgSetup_ElemOnPage@@YAHPAV_CustomDlg_@@PAU_DlgSetup_@@H@Z 1000a380 f   wog native dialogs.obj
 0001:00009570       ?ShowHide_WoGDlgSetup_ElemOnPage@@YAHPAV_CustomDlg_@@HPAU_DlgSetup_@@H@Z 1000a570 f   wog native dialogs.obj
 0001:00009760       ?Create_WoGDlgSetup_ElemOnPage@@YAHPAV_CustomDlg_@@HPAU_DlgSetup_@@@Z 1000a760 f   wog native dialogs.obj
 0001:00009b50       ?setYellowFrames@@YAXPAV_CustomDlg_@@H@Z 1000ab50 f   wog native dialogs.obj
 0001:0000a6b0       ?Dlg_WoG_Options_Proc@@YGHPAV_CustomDlg_@@PAU_DlgMsg_@@@Z 1000b6b0 f   wog native dialogs.obj
 0001:0000ae00       ?Dlg_WoG_Options_Show@@YGXPAVHiHook@@H@Z 1000be00 f   wog native dialogs.obj
 0001:0000b350       ?Y_NewScenarioDlg_Proc@@YGHPAVHiHook@@PAU_NewScenarioDlg_@@PAU_DlgMsg_@@@Z 1000c350 f   wog native dialogs.obj
 0001:0000b3e0       ?Y_NewScenarioDlg_BlockScrollBar@@YGHPAVHiHook@@PAX@Z 1000c3e0 f   wog native dialogs.obj
 0001:0000b410       ?Y_NewScenarioDlg_Create@@YGXPAVHiHook@@PAU_NewScenarioDlg_@@H@Z 1000c410 f   wog native dialogs.obj
 0001:0000b470       ?Dlg_WoGOptions@@YAXPAVPatcherInstance@@@Z 1000c470 f   wog native dialogs.obj
 0001:0000b520       ?Dlg_ChooseCastleReBuild_Proc@@YGHPAV_CustomDlg_@@PAU_DlgMsg_@@@Z 1000c520 f   wog native dialogs.obj
 0001:0000b670       ?Dlg_ChooseCastleReBuild@@YAHXZ 1000c670 f   wog native dialogs.obj
 0001:0000bc30       ?HiHook_Dlg_ChooseCastleReBuild@@YGHPAVHiHook@@@Z 1000cc30 f   wog native dialogs.obj
 0001:0000bc40       ?LoHook_Dlg_ChooseCastleReBuild@@YGHPAVLoHook@@PAUHookContext@@@Z 1000cc40 f   wog native dialogs.obj
 0001:0000bc70       ?Y_Dlg_HeroLvlUp_Proc@@YGHPAVHiHook@@HPAU_DlgMsg_@@@Z 1000cc70 f   wog native dialogs.obj
 0001:0000bd50       ?Y_Lo_Dlg_HeroLvlUp_Create@@YGHPAVLoHook@@PAUHookContext@@@Z 1000cd50 f   wog native dialogs.obj
 0001:0000bd70       ?Y_Dlg_Recuit_Proc@@YGHPAVHiHook@@PAU_Struct_@@PAU_DlgMsg_@@@Z 1000cd70 f   wog native dialogs.obj
 0001:0000be00       ?Y_Dlg_Recuit_Create@@YGHPAVHiHook@@PAU_Struct_@@H@Z 1000ce00 f   wog native dialogs.obj
 0001:0000be70       ?Y_DlgMainMenu_Proc@@YGHPAVHiHook@@PAU_DlgMsg_@@@Z 1000ce70 f   wog native dialogs.obj
 0001:0000c040       ?Y_BATTLE_Proc@@YGHPAVHiHook@@PAU_BattleMgr_@@PAU_DlgMsg_@@@Z 1000d040 f   wog native dialogs.obj
 0001:0000c190       ?Y_EndBattle@@YGHPAVLoHook@@PAUHookContext@@@Z 1000d190 f   wog native dialogs.obj
 0001:0000c240       ?StartHD5Functions@@YAXXZ  1000d240 f   wog native dialogs.obj
 0001:0000c340       ?HD5_Functions@@YAXPAVPatcherInstance@@@Z 1000d340 f   wog native dialogs.obj
 0001:0000c390       ?SimpleTextScrolled@@YIXHPAV_CustomDlg_@@@Z 1000d390 f   wog native dialogs.obj
 0001:0000c4b0       ?CreateNewBattleLogDlg@@YAXPAU_BattleMgr_@@@Z 1000d4b0 f   wog native dialogs.obj
 0001:0000ca80       ?BattleLog_Proc@@YGHPAVHiHook@@PAU_BattleMgr_@@PAU_DlgMsg_@@@Z 1000da80 f   wog native dialogs.obj
 0001:0000cae0       ?Y_DlgTown_Proc@@YGHPAVHiHook@@PAU_TownMgr_@@PAU_DlgMsg_@@@Z 1000dae0 f   wog native dialogs.obj
 0001:0000cc50       ?Y_Dlg_HeroesMeet@@YGHPAVLoHook@@PAUHookContext@@@Z 1000dc50 f   wog native dialogs.obj
 0001:0000cc80       ?Y_Battle_SetHintAttackGetDamage@@YGHPAVLoHook@@PAUHookContext@@@Z 1000dc80 f   wog native dialogs.obj
 0001:0000cca0       ?GetStringKilled@@YAPADPADPAU_BattleStack_@@@Z 1000dca0 f   wog native dialogs.obj
 0001:0000cdd0       ?BattleMgr_GetAttackDamage_Hint_LogString@@YGPAU_HStr_@@PAVHiHook@@PAU1@PAU_BattleStack_@@2EH@Z 1000ddd0 f   wog native dialogs.obj
 0001:0000ced0       ?Y_Dlg_MainMenu_Create@@YGHPAVHiHook@@PAU_Dlg_@@@Z 1000ded0 f   wog native dialogs.obj
 0001:0000cf70       ?Y_LoadAllTXTinGames@@YGHPAVLoHook@@PAUHookContext@@@Z 1000df70 f   wog native dialogs.obj
 0001:0000cf90       ?Y_Hook_MainLoop@@YGHPAVLoHook@@PAUHookContext@@@Z 1000df90 f   wog native dialogs.obj
 0001:0000d2f0       _DllMain@12                1000e2f0 f   wog native dialogs.obj
 0001:0000d5d0       ??$VarValue@H@Patcher@@QAEAAHPAD@Z 1000e5d0 f i wog native dialogs.obj
 0001:0000d610       ??0bad_alloc@std@@QAE@ABV01@@Z 1000e610 f i wog native dialogs.obj
 0001:0000d630       ?RedrawScreen@_DlgItem_@@QAEXXZ 1000e630 f   HoMM3_GUI.obj
 0001:0000d660       ?Create@_CustomDlg_@@SAPAV1@HHHHIP6GHPAV1@PAU_DlgMsg_@@@Z@Z 1000e660 f   HoMM3_GUI.obj
 0001:0000d6e0       ?DlgProcBridge@_CustomDlg_@@SIHPAV1@IPAU_DlgMsg_@@@Z 1000e6e0 f   HoMM3_GUI.obj
 0001:0000d6f9       @__security_check_cookie@4 1000e6f9 f   LIBCMT:secchk.obj
 0001:0000d708       _sprintf                   1000e708 f   LIBCMT:sprintf.obj
 0001:0000d785       ??0exception@std@@QAE@ABQBDH@Z 1000e785 f   LIBCMT:stdexcpt.obj
 0001:0000d7a2       ??0exception@std@@QAE@ABV01@@Z 1000e7a2 f   LIBCMT:stdexcpt.obj
 0001:0000d7ff       ??1exception@std@@UAE@XZ   1000e7ff f   LIBCMT:stdexcpt.obj
 0001:0000d815       ?what@exception@std@@UBEPBDXZ 1000e815 f   LIBCMT:stdexcpt.obj
 0001:0000d822       ??_Eexception@std@@UAEPAXI@Z 1000e822 f i LIBCMT:stdexcpt.obj
 0001:0000d822       ??_Gexception@std@@UAEPAXI@Z 1000e822 f i LIBCMT:stdexcpt.obj
 0001:0000d843       _free                      1000e843 f   LIBCMT:free.obj
 0001:0000d8d1       ??3@YAXPAX@Z               1000e8d1 f   LIBCMT:delete.obj
 0001:0000d8dc       ??1type_info@@UAE@XZ       1000e8dc f   LIBCMT:typinfo.obj
 0001:0000d8ec       ??_Gtype_info@@UAEPAXI@Z   1000e8ec f i LIBCMT:typinfo.obj
 0001:0000d8ec       ??_Etype_info@@UAEPAXI@Z   1000e8ec f i LIBCMT:typinfo.obj
 0001:0000d90d       ??0bad_alloc@std@@QAE@XZ   1000e90d f i LIBCMT:new.obj
 0001:0000d928       ??2@YAPAXI@Z               1000e928 f   LIBCMT:new.obj
 0001:0000d98d       __CRT_INIT@12              1000e98d f   LIBCMT:dllcrt0.obj
 0001:0000dbb8       __DllMainCRTStartup@12     1000ebb8 f   LIBCMT:dllcrt0.obj
 0001:0000dbe0       _strlen                    1000ebe0 f   LIBCMT:strlen.obj
 0001:0000dc6b       __CxxThrowException@8      1000ec6b f   LIBCMT:throw.obj
 0001:0000dcb7       ?_CallMemberFunction0@@YGXPAX0@Z 1000ecb7 f   LIBCMT:_trnsctrl_.obj
 0001:0000dcbe       ___report_gsfailure        1000ecbe f   LIBCMT:gs_report.obj
 0001:0000ddd0       _memmove                   1000edd0 f   LIBCMT:memmove.obj
 0001:0000e135       __initp_misc_invarg        1000f135 f   LIBCMT:invarg.obj
 0001:0000e144       __invoke_watson            1000f144 f   LIBCMT:invarg.obj
 0001:0000e26c       __invalid_parameter        1000f26c f   LIBCMT:invarg.obj
 0001:0000e292       __get_errno_from_oserr     1000f292 f   LIBCMT:dosmap.obj
 0001:0000e2d4       __errno                    1000f2d4 f   LIBCMT:dosmap.obj
 0001:0000e2e7       ___doserrno                1000f2e7 f   LIBCMT:dosmap.obj
 0001:0000e2fa       __dosmaperr                1000f2fa f   LIBCMT:dosmap.obj
 0001:0000e31d       __flsbuf                   1000f31d f   LIBCMT:_flsbuf.obj
 0001:0000e481       ??0_LocaleUpdate@@QAE@PAUlocaleinfo_struct@@@Z 1000f481 f i LIBCMT:output.obj
 0001:0000e5ae       __output_l                 1000f5ae f   LIBCMT:output.obj
 0001:0000f146       _strcpy_s                  10010146 f   LIBCMT:strcpy_s.obj
 0001:0000f1ae       _V6_HeapAlloc              100101ae f   LIBCMT:malloc.obj
 0001:0000f1fd       _malloc                    100101fd f   LIBCMT:malloc.obj
 0001:0000f2c7       __heap_init                100102c7 f   LIBCMT:heapinit.obj
 0001:0000f2f7       __heap_term                100102f7 f   LIBCMT:heapinit.obj
 0001:0000f36b       __mtinitlocks              1001036b f   LIBCMT:mlock.obj
 0001:0000f3b6       __mtdeletelocks            100103b6 f   LIBCMT:mlock.obj
 0001:0000f40d       __unlock                   1001040d f   LIBCMT:mlock.obj
 0001:0000f424       __mtinitlocknum            10010424 f   LIBCMT:mlock.obj
 0001:0000f4e7       __lock                     100104e7 f   LIBCMT:mlock.obj
 0001:0000f51a       ___sbh_find_block          1001051a f   LIBCMT:sbheap.obj
 0001:0000f54a       ___sbh_free_block          1001054a f   LIBCMT:sbheap.obj
 0001:0000f860       ___sbh_alloc_new_region    10010860 f   LIBCMT:sbheap.obj
 0001:0000f910       ___sbh_alloc_new_group     10010910 f   LIBCMT:sbheap.obj
 0001:0000fa18       ___sbh_resize_block        10010a18 f   LIBCMT:sbheap.obj
 0001:0000fcf9       ___sbh_alloc_block         10010cf9 f   LIBCMT:sbheap.obj
 0001:0000ffe4       __SEH_prolog4              10010fe4 f   LIBCMT:sehprolg4.obj
 0001:00010029       __SEH_epilog4              10011029 f   LIBCMT:sehprolg4.obj
 0001:00010040       __except_handler4          10011040 f   LIBCMT:chandler4.obj
 0001:000101d0       _memset                    100111d0 f   LIBCMT:memset.obj
 0001:00010250       _memcpy                    10011250 f   LIBCMT:memcpy.obj
 0001:000105b5       ?_Type_info_dtor@type_info@@CAXPAV1@@Z 100115b5 f   LIBCMT:typname.obj
 0001:00010630       _strcmp                    10011630 f   LIBCMT:strcmp.obj
 0001:00010772       ___onexitinit              10011772 f   LIBCMT:onexit.obj
 0001:000107a3       __onexit                   100117a3 f   LIBCMT:onexit.obj
 0001:000107df       _atexit                    100117df f   LIBCMT:onexit.obj
 0001:000107f6       __initp_heap_handler       100117f6 f   LIBCMT:handler.obj
 0001:00010805       __callnewh                 10011805 f   LIBCMT:handler.obj
 0001:0001082d       __encode_pointer           1001182d f   LIBCMT:tidtable.obj
 0001:0001089f       __encoded_null             1001189f f   LIBCMT:tidtable.obj
 0001:000108a8       __decode_pointer           100118a8 f   LIBCMT:tidtable.obj
 0001:0001091a       ___crtTlsAlloc@4           1001191a f   LIBCMT:tidtable.obj
 0001:00010923       ___set_flsgetvalue         10011923 f   LIBCMT:tidtable.obj
 0001:00010957       __mtterm                   10011957 f   LIBCMT:tidtable.obj
 0001:00010994       __initptd                  10011994 f   LIBCMT:tidtable.obj
 0001:00010a7b       __getptd_noexit            10011a7b f   LIBCMT:tidtable.obj
 0001:00010af4       __getptd                   10011af4 f   LIBCMT:tidtable.obj
 0001:00010b0e       __freefls@4                10011b0e f   LIBCMT:tidtable.obj
 0001:00010c3d       __freeptd                  10011c3d f   LIBCMT:tidtable.obj
 0001:00010cab       __mtinit                   10011cab f   LIBCMT:tidtable.obj
 0001:00010e38       __malloc_crt               10011e38 f   LIBCMT:crtheap.obj
 0001:00010e7d       __calloc_crt               10011e7d f   LIBCMT:crtheap.obj
 0001:00010ec9       __realloc_crt              10011ec9 f   LIBCMT:crtheap.obj
 0001:00010f17       __crt_waiting_on_module_handle 10011f17 f   LIBCMT:crt0dat.obj
 0001:00010f47       __amsg_exit                10011f47 f   LIBCMT:crt0dat.obj
 0001:00010f70       ___crtCorExitProcess       10011f70 f   LIBCMT:crt0dat.obj
 0001:00010f9b       ___crtExitProcess          10011f9b f   LIBCMT:crt0dat.obj
 0001:00010fb3       __lockexit                 10011fb3 f   LIBCMT:crt0dat.obj
 0001:00010fbc       __unlockexit               10011fbc f   LIBCMT:crt0dat.obj
 0001:00010fe2       __initterm_e               10011fe2 f   LIBCMT:crt0dat.obj
 0001:00011006       __cinit                    10012006 f   LIBCMT:crt0dat.obj
 0001:000111b7       __exit                     100121b7 f   LIBCMT:crt0dat.obj
 0001:000111cd       __cexit                    100121cd f   LIBCMT:crt0dat.obj
 0001:000111dc       __init_pointers            100121dc f   LIBCMT:crt0dat.obj
 0001:0001122a       __ioinit                   1001222a f   LIBCMT:ioinit.obj
 0001:0001147e       __ioterm                   1001247e f   LIBCMT:ioinit.obj
 0001:000114cc       __setenvp                  100124cc f   LIBCMT:stdenvp.obj
 0001:00011744       __setargv                  10012744 f   LIBCMT:stdargv.obj
 0001:000117ff       ___crtGetEnvironmentStringsA 100127ff f   LIBCMT:a_env.obj
 0001:00011936       __RTC_Initialize           10012936 f   LIBCMT:_initsect_.obj
 0001:0001195c       __RTC_Terminate            1001295c f   LIBCMT:_initsect_.obj
 0001:00011982       __XcptFilter               10012982 f   LIBCMT:winxfltr.obj
 0001:00011ae2       ___CppXcptFilter           10012ae2 f   LIBCMT:winxfltr.obj
 0001:00011b02       ___security_init_cookie    10012b02 f   LIBCMT:gs_support.obj
 0001:00011b98       ___DestructExceptionObject 10012b98 f   LIBCMT:frame.obj
 0001:00011bed       ?terminate@@YAXXZ          10012bed f   LIBCMT:hooks.obj
 0001:00011c26       __initp_eh_hooks           10012c26 f   LIBCMT:hooks.obj
 0001:00011c40       __CallSettingFrame@12      10012c40 f   LIBCMT:lowhelpr.obj
 0001:00011c67       __NLG_Return               10012c67     LIBCMT:lowhelpr.obj
 0001:00011c8c       __crt_debugger_hook        10012c8c f   LIBCMT:dbghook.obj
 0001:00011d1b       __VEC_memcpy               10012d1b f   LIBCMT:p4_memcpy.obj
 0001:00011e4e       __get_sse2_info            10012e4e f   LIBCMT:cpu_disp.obj
 0001:00011eb0       ___sse2_available_init     10012eb0 f   LIBCMT:cpu_disp.obj
 0001:00011ebd       __lseeki64_nolock          10012ebd f   LIBCMT:lseeki64.obj
 0001:00011f42       __lseeki64                 10012f42 f   LIBCMT:lseeki64.obj
 0001:0001205b       __write_nolock             1001305b f   LIBCMT:write.obj
 0001:0001278e       __write                    1001378e f   LIBCMT:write.obj
 0001:0001286a       __getbuf                   1001386a f   LIBCMT:_getbuf.obj
 0001:000128b3       __isatty                   100138b3 f   LIBCMT:isatty.obj
 0001:00012917       ___iob_func                10013917 f   LIBCMT:_file.obj
 0001:0001291d       ___initstdio               1001391d f   LIBCMT:_file.obj
 0001:000129ce       ___endstdio                100139ce f   LIBCMT:_file.obj
 0001:000129ee       __lock_file                100139ee f   LIBCMT:_file.obj
 0001:00012a2f       __lock_file2               10013a2f f   LIBCMT:_file.obj
 0001:00012a61       __unlock_file              10013a61 f   LIBCMT:_file.obj
 0001:00012a9d       __unlock_file2             10013a9d f   LIBCMT:_file.obj
 0001:00012acc       __fileno                   10013acc f   LIBCMT:fileno.obj
 0001:00012d24       ___updatetmbcinfo          10013d24 f   LIBCMT:mbctype.obj
 0001:00012e44       __setmbcp_nolock           10013e44 f   LIBCMT:mbctype.obj
 0001:00013029       __setmbcp                  10014029 f   LIBCMT:mbctype.obj
 0001:000131c3       ___initmbctable            100141c3 f   LIBCMT:mbctype.obj
 0001:000131e1       ___freetlocinfo            100141e1 f   LIBCMT:setlocal.obj
 0001:0001332a       ___addlocaleref            1001432a f   LIBCMT:setlocal.obj
 0001:000133b9       ___removelocaleref         100143b9 f   LIBCMT:setlocal.obj
 0001:00013490       ___updatetlocinfo          10014490 f   LIBCMT:setlocal.obj
 0001:00013506       __initp_misc_cfltcvt_tab   10014506 f   LIBCMT:cmiscdat.obj
 0001:00013527       __get_printf_count_output  10014527 f   LIBCMT:printf.obj
 0001:0001353d       __wctomb_s_l               1001453d f   LIBCMT:wctomb.obj
 0001:000136a9       _wctomb_s                  100146a9 f   LIBCMT:wctomb.obj
 0001:000136c6       __isleadbyte_l             100146c6 f i LIBCMT:_wctype.obj
 0001:000136fe       _isleadbyte                100146fe f i LIBCMT:_wctype.obj
 0001:00013720       __aulldvrm                 10014720 f   LIBCMT:ulldvrm.obj
 0001:000137b5       __NMSG_WRITE               100147b5 f   LIBCMT:crt0msg.obj
 0001:00013960       __FF_MSGBANNER             10014960 f   LIBCMT:crt0msg.obj
 0001:00013999       __initp_misc_initcrit      10014999 f   LIBCMT:initcrit.obj
 0001:000139a8       ___crtInitCritSecAndSpinCount 100149a8 f   LIBCMT:initcrit.obj
 0001:00013a08       __local_unwind4            10014a08 f   LIBCMT:exsup4.obj
 0001:00013ade       __seh_longjmp_unwind4@4    10014ade f   LIBCMT:exsup4.obj
 0001:00013afa       @_EH4_CallFilterFunc@8     10014afa f   LIBCMT:exsup4.obj
 0001:00013b11       @_EH4_TransferToHandler@8  10014b11 f   LIBCMT:exsup4.obj
 0001:00013b2a       @_EH4_GlobalUnwind@4       10014b2a f   LIBCMT:exsup4.obj
 0001:00013b44       @_EH4_LocalUnwind@16       10014b44 f   LIBCMT:exsup4.obj
 0001:00013b60       __ValidateImageBase        10014b60 f   LIBCMT:pesect.obj
 0001:00013ba0       __FindPESection            10014ba0 f   LIBCMT:pesect.obj
 0001:00013bf0       __IsNonwritableInCurrentImage 10014bf0 f   LIBCMT:pesect.obj
 0001:00013d04       __VEC_memzero              10014d04 f   LIBCMT:p4_memset.obj
 0001:00013d93       __msize                    10014d93 f   LIBCMT:msize.obj
 0001:00013e36       __calloc_impl              10014e36 f   LIBCMT:calloc_impl.obj
 0001:00013f54       _realloc                   10014f54 f   LIBCMT:realloc.obj
 0001:0001416f       __initp_misc_winsig        1001516f f   LIBCMT:winsig.obj
 0001:000141c4       ___get_sigabrt             100151c4 f   LIBCMT:winsig.obj
 0001:000141d1       _raise                     100151d1 f   LIBCMT:winsig.obj
 0001:00014381       __initp_misc_rand_s        10015381 f   LIBCMT:rand_s.obj
 0001:00014390       __initp_misc_purevirt      10015390 f   LIBCMT:inithelp.obj
 0001:000143f2       __ismbblead                100153f2 f   LIBCMT:ismbbyte.obj
 0001:0001440a       _abort                     1001540a f   LIBCMT:abort.obj
 0001:00014524       __global_unwind2           10015524 f   LIBCMT:exsup.obj
 0001:00014589       __local_unwind2            10015589 f   LIBCMT:exsup.obj
 0001:0001460d       __abnormal_termination     1001560d f   LIBCMT:exsup.obj
 0001:00014630       __NLG_Notify1              10015630 f   LIBCMT:exsup.obj
 0001:00014639       __NLG_Notify               10015639 f   LIBCMT:exsup.obj
 0001:00014650       __NLG_Dispatch2            10015650     LIBCMT:exsup.obj
 0001:00014650       __NLG_Dispatch             10015650     LIBCMT:exsup.obj
 0001:00014658       __NLG_Call                 10015658 f   LIBCMT:exsup.obj
 0001:0001465a       __NLG_Return2              1001565a     LIBCMT:exsup.obj
 0001:0001465b       __free_osfhnd              1001565b f   LIBCMT:osfinfo.obj
 0001:000146e1       __get_osfhandle            100156e1 f   LIBCMT:osfinfo.obj
 0001:00014758       ___lock_fhandle            10015758 f   LIBCMT:osfinfo.obj
 0001:000147f8       __unlock_fhandle           100157f8 f   LIBCMT:osfinfo.obj
 0001:0001481f       __putwch_nolock            1001581f f   LIBCMT:putwch.obj
 0001:000148e4       __mbtowc_l                 100158e4 f   LIBCMT:mbtowc.obj
 0001:000149fb       _mbtowc                    100159fb f   LIBCMT:mbtowc.obj
 0001:00014a20       __alloca_probe             10015a20     LIBCMT:chkstk.obj
 0001:00014a20       __chkstk                   10015a20 f   LIBCMT:chkstk.obj
 0001:00014a4b       __fcloseall                10015a4b f   LIBCMT:closeall.obj
 0001:00014aea       __flush                    10015aea f   LIBCMT:fflush.obj
 0001:00014b52       __fflush_nolock            10015b52 f   LIBCMT:fflush.obj
 0001:00014c74       __flushall                 10015c74 f   LIBCMT:fflush.obj
 0001:00014c7d       __freea                    10015c7d f i LIBCMT:a_map.obj
 0001:00015042       ___crtLCMapStringA         10016042 f   LIBCMT:a_map.obj
 0001:00015241       ___crtGetStringTypeA       10016241 f   LIBCMT:a_str.obj
 0001:00015283       ___free_lc_time            10016283 f   LIBCMT:inittime.obj
 0001:00015418       ___free_lconv_num          10016418 f   LIBCMT:initnum.obj
 0001:0001545d       ___free_lconv_mon          1001645d f   LIBCMT:initmon.obj
 0001:000154eb       _strcat_s                  100164eb f   LIBCMT:strcat_s.obj
 0001:00015560       _strcspn                   10016560 f   LIBCMT:strcspn.obj
 0001:000155a6       _strncpy_s                 100165a6 f   LIBCMT:strncpy_s.obj
 0001:00015660       _strpbrk                   10016660 f   LIBCMT:strpbrk.obj
 0001:000156a0       __fptrap                   100166a0 f   LIBCMT:crt0fp.obj
 0001:000158d8       _strtol                    100168d8 f   LIBCMT:strtol.obj
 0001:00015903       ___crtMessageBoxA          10016903 f   LIBCMT:crtmbox.obj
 0001:00015a6c       __set_error_mode           10016a6c f   LIBCMT:errmode.obj
 0001:00015ac0       __allmul                   10016ac0 f   LIBCMT:llmul.obj
 0001:00015af4       _atol                      10016af4 f   LIBCMT:atox.obj
 0001:00015b0a       __isdigit_l                10016b0a f i LIBCMT:_ctype.obj
 0001:00015b5b       _isdigit                   10016b5b f i LIBCMT:_ctype.obj
 0001:00015b89       ___initconout              10016b89 f   LIBCMT:initcon.obj
 0001:00015ba8       ___termcon                 10016ba8 f   LIBCMT:initcon.obj
 0001:00015bd5       __fclose_nolock            10016bd5 f   LIBCMT:fclose.obj
 0001:00015c4c       _fclose                    10016c4c f   LIBCMT:fclose.obj
 0001:00015cc8       __commit                   10016cc8 f   LIBCMT:commit.obj
 0001:00015da9       ___ansicp                  10016da9 f   LIBCMT:convrtcp.obj
 0001:00015df2       ___convertcp               10016df2 f   LIBCMT:convrtcp.obj
 0001:00015fb0       __alloca_probe_16          10016fb0 f   LIBCMT:alloca16.obj
 0001:00015fc6       __alloca_probe_8           10016fc6     LIBCMT:alloca16.obj
 0001:00015fdc       __isctype_l                10016fdc f   LIBCMT:isctype.obj
 0001:00016094       __close_nolock             10017094 f   LIBCMT:close.obj
 0001:00016130       __close                    10017130 f   LIBCMT:close.obj
 0001:000161fd       __freebuf                  100171fd f   LIBCMT:_freebuf.obj
 0001:0001622e       __tolower_l                1001722e f   LIBCMT:tolower.obj
 0001:00016343       _tolower                   10017343 f   LIBCMT:tolower.obj
 0001:00016370       ___ascii_strnicmp          10017370 f   LIBCMT:_strnicm.obj
 0001:000163f0       _strchr                    100173f0 f   LIBCMT:strchr.obj
 0001:000163f6       ___from_strstr_to_strchr   100173f6     LIBCMT:strchr.obj
 0001:000164ae       _RtlUnwind@16              100174ae f   kernel32:KERNEL32.dll
 0001:000164b4       __initp_misc_winxfltr      100174b4 f   LIBCMT:winxfltr.obj
 0001:000164b4       __fpclear                  100174b4 f   LIBCMT:_fpinit_.obj
 0001:000164b5       __cfltcvt_init             100174b5 f   LIBCMT:_fpinit_.obj
 0001:00016515       __fpmath                   10017515 f   LIBCMT:_fpinit_.obj
 0001:00016540       __ftol2_sse                10017540 f   LIBCMT:ftol2.obj
 0001:00016549       __ftol2_pentium4           10017549 f   LIBCMT:ftol2.obj
 0001:0001655c       __ftol2_sse_excpt          1001755c f   LIBCMT:ftol2.obj
 0001:00016576       __ftol2                    10017576 f   LIBCMT:ftol2.obj
 0001:000165eb       __forcdecpt_l              100175eb f   LIBCMT:cvt.obj
 0001:0001665e       __cropzeros_l              1001765e f   LIBCMT:cvt.obj
 0001:000166e0       __positive                 100176e0 f   LIBCMT:cvt.obj
 0001:000166fc       __fassign_l                100176fc f   LIBCMT:cvt.obj
 0001:0001673e       __fassign                  1001773e f   LIBCMT:cvt.obj
 0001:00016777       __forcdecpt                10017777 f   LIBCMT:cvt.obj
 0001:0001678a       __cropzeros                1001778a f   LIBCMT:cvt.obj
 0001:0001690c       __cftoe_l                  1001790c f   LIBCMT:cvt.obj
 0001:000169dc       __cftoe                    100179dc f   LIBCMT:cvt.obj
 0001:000169fc       __cftoa_l                  100179fc f   LIBCMT:cvt.obj
 0001:00016e66       __cftof_l                  10017e66 f   LIBCMT:cvt.obj
 0001:00016f21       __cftog_l                  10017f21 f   LIBCMT:cvt.obj
 0001:0001701b       __cfltcvt_l                1001801b f   LIBCMT:cvt.obj
 0001:000170a3       __cfltcvt                  100180a3 f   LIBCMT:cvt.obj
 0001:000170c6       __setdefaultprecision      100180c6 f   LIBCMT:fp8.obj
 0001:000170f1       __ms_p5_test_fdiv          100180f1 f   LIBCMT:_testfdiv_.obj
 0001:0001712f       __ms_p5_mp_test_fdiv       1001812f f   LIBCMT:_testfdiv_.obj
 0001:00017160       _strrchr                   10018160 f   LIBCMT:strrchr.obj
 0001:0001718d       __atodbl_l                 1001818d f   LIBCMT:atodbl.obj
 0001:00017235       __atoflt_l                 10018235 f   LIBCMT:atodbl.obj
 0001:000172dd       __fptostr                  100182dd f   LIBCMT:_fptostr.obj
 0001:0001739c       ___dtold                   1001839c f   LIBCMT:_cfout_.obj
 0001:00017459       __fltout2                  10018459 f   LIBCMT:_cfout_.obj
 0001:000174f0       __alldvrm                  100184f0 f   LIBCMT:lldvrm.obj
 0001:000175d0       __aullshr                  100185d0 f   LIBCMT:ullshr.obj
 0001:000175ef       __controlfp_s              100185ef f   LIBCMT:_contrlfp_.obj
 0001:0001765b       __ld12tod                  1001865b f   LIBCMT:_intrncvt_.obj
 0001:00017b9f       __ld12tof                  10018b9f f   LIBCMT:_intrncvt_.obj
 0001:000180e3       ___strgtold12_l            100190e3 f   LIBCMT:_strgtold_.obj
 0001:000187db       _$I10_OUTPUT               100197db f   LIBCMT:_x10fout_.obj
 0001:0001922d       __control87                1001a22d f i LIBCMT:_ieee87_.obj
 0001:0001953c       ___mtold12                 1001a53c f   LIBCMT:_mantold_.obj
 0001:0001970a       ___set_fpsr_sse2           1001a70a f   LIBCMT:_fpctrl_.obj
 0002:00000000       __imp__GetProcAddress@8    1001b000     kernel32:KERNEL32.dll
 0002:00000004       __imp__LoadLibraryA@4      1001b004     kernel32:KERNEL32.dll
 0002:00000008       __imp__CreateFileA@28      1001b008     kernel32:KERNEL32.dll
 0002:0000000c       __imp__SetFilePointer@16   1001b00c     kernel32:KERNEL32.dll
 0002:00000010       __imp__CloseHandle@4       1001b010     kernel32:KERNEL32.dll
 0002:00000014       __imp__GetLastError@0      1001b014     kernel32:KERNEL32.dll
 0002:00000018       __imp__HeapFree@12         1001b018     kernel32:KERNEL32.dll
 0002:0000001c       __imp__GetCurrentThreadId@0 1001b01c     kernel32:KERNEL32.dll
 0002:00000020       __imp__GetCommandLineA@0   1001b020     kernel32:KERNEL32.dll
 0002:00000024       __imp__RaiseException@16   1001b024     kernel32:KERNEL32.dll
 0002:00000028       __imp__RtlUnwind@16        1001b028     kernel32:KERNEL32.dll
 0002:0000002c       __imp__TerminateProcess@8  1001b02c     kernel32:KERNEL32.dll
 0002:00000030       __imp__GetCurrentProcess@0 1001b030     kernel32:KERNEL32.dll
 0002:00000034       __imp__UnhandledExceptionFilter@4 1001b034     kernel32:KERNEL32.dll
 0002:00000038       __imp__SetUnhandledExceptionFilter@4 1001b038     kernel32:KERNEL32.dll
 0002:0000003c       __imp__IsDebuggerPresent@0 1001b03c     kernel32:KERNEL32.dll
 0002:00000040       __imp__HeapAlloc@12        1001b040     kernel32:KERNEL32.dll
 0002:00000044       __imp__HeapCreate@12       1001b044     kernel32:KERNEL32.dll
 0002:00000048       __imp__HeapDestroy@4       1001b048     kernel32:KERNEL32.dll
 0002:0000004c       __imp__VirtualFree@12      1001b04c     kernel32:KERNEL32.dll
 0002:00000050       __imp__DeleteCriticalSection@4 1001b050     kernel32:KERNEL32.dll
 0002:00000054       __imp__LeaveCriticalSection@4 1001b054     kernel32:KERNEL32.dll
 0002:00000058       __imp__EnterCriticalSection@4 1001b058     kernel32:KERNEL32.dll
 0002:0000005c       __imp__VirtualAlloc@16     1001b05c     kernel32:KERNEL32.dll
 0002:00000060       __imp__HeapReAlloc@16      1001b060     kernel32:KERNEL32.dll
 0002:00000064       __imp__GetModuleHandleW@4  1001b064     kernel32:KERNEL32.dll
 0002:00000068       __imp__TlsGetValue@4       1001b068     kernel32:KERNEL32.dll
 0002:0000006c       __imp__TlsAlloc@0          1001b06c     kernel32:KERNEL32.dll
 0002:00000070       __imp__TlsSetValue@8       1001b070     kernel32:KERNEL32.dll
 0002:00000074       __imp__TlsFree@4           1001b074     kernel32:KERNEL32.dll
 0002:00000078       __imp__InterlockedIncrement@4 1001b078     kernel32:KERNEL32.dll
 0002:0000007c       __imp__SetLastError@4      1001b07c     kernel32:KERNEL32.dll
 0002:00000080       __imp__InterlockedDecrement@4 1001b080     kernel32:KERNEL32.dll
 0002:00000084       __imp__Sleep@4             1001b084     kernel32:KERNEL32.dll
 0002:00000088       __imp__ExitProcess@4       1001b088     kernel32:KERNEL32.dll
 0002:0000008c       __imp__SetHandleCount@4    1001b08c     kernel32:KERNEL32.dll
 0002:00000090       __imp__GetStdHandle@4      1001b090     kernel32:KERNEL32.dll
 0002:00000094       __imp__GetFileType@4       1001b094     kernel32:KERNEL32.dll
 0002:00000098       __imp__GetStartupInfoA@4   1001b098     kernel32:KERNEL32.dll
 0002:0000009c       __imp__GetModuleFileNameA@12 1001b09c     kernel32:KERNEL32.dll
 0002:000000a0       __imp__FreeEnvironmentStringsA@4 1001b0a0     kernel32:KERNEL32.dll
 0002:000000a4       __imp__GetEnvironmentStrings@0 1001b0a4     kernel32:KERNEL32.dll
 0002:000000a8       __imp__FreeEnvironmentStringsW@4 1001b0a8     kernel32:KERNEL32.dll
 0002:000000ac       __imp__WideCharToMultiByte@32 1001b0ac     kernel32:KERNEL32.dll
 0002:000000b0       __imp__GetEnvironmentStringsW@0 1001b0b0     kernel32:KERNEL32.dll
 0002:000000b4       __imp__QueryPerformanceCounter@4 1001b0b4     kernel32:KERNEL32.dll
 0002:000000b8       __imp__GetTickCount@0      1001b0b8     kernel32:KERNEL32.dll
 0002:000000bc       __imp__GetCurrentProcessId@0 1001b0bc     kernel32:KERNEL32.dll
 0002:000000c0       __imp__GetSystemTimeAsFileTime@4 1001b0c0     kernel32:KERNEL32.dll
 0002:000000c4       __imp__WriteFile@20        1001b0c4     kernel32:KERNEL32.dll
 0002:000000c8       __imp__GetConsoleCP@0      1001b0c8     kernel32:KERNEL32.dll
 0002:000000cc       __imp__GetConsoleMode@8    1001b0cc     kernel32:KERNEL32.dll
 0002:000000d0       __imp__GetCPInfo@8         1001b0d0     kernel32:KERNEL32.dll
 0002:000000d4       __imp__GetACP@0            1001b0d4     kernel32:KERNEL32.dll
 0002:000000d8       __imp__GetOEMCP@0          1001b0d8     kernel32:KERNEL32.dll
 0002:000000dc       __imp__IsValidCodePage@4   1001b0dc     kernel32:KERNEL32.dll
 0002:000000e0       __imp__InitializeCriticalSectionAndSpinCount@8 1001b0e0     kernel32:KERNEL32.dll
 0002:000000e4       __imp__HeapSize@12         1001b0e4     kernel32:KERNEL32.dll
 0002:000000e8       __imp__SetStdHandle@8      1001b0e8     kernel32:KERNEL32.dll
 0002:000000ec       __imp__WriteConsoleA@20    1001b0ec     kernel32:KERNEL32.dll
 0002:000000f0       __imp__GetConsoleOutputCP@0 1001b0f0     kernel32:KERNEL32.dll
 0002:000000f4       __imp__WriteConsoleW@20    1001b0f4     kernel32:KERNEL32.dll
 0002:000000f8       __imp__MultiByteToWideChar@24 1001b0f8     kernel32:KERNEL32.dll
 0002:000000fc       __imp__LCMapStringA@24     1001b0fc     kernel32:KERNEL32.dll
 0002:00000100       __imp__LCMapStringW@24     1001b100     kernel32:KERNEL32.dll
 0002:00000104       __imp__GetStringTypeA@20   1001b104     kernel32:KERNEL32.dll
 0002:00000108       __imp__GetStringTypeW@16   1001b108     kernel32:KERNEL32.dll
 0002:0000010c       __imp__GetLocaleInfoA@16   1001b10c     kernel32:KERNEL32.dll
 0002:00000110       __imp__FlushFileBuffers@4  1001b110     kernel32:KERNEL32.dll
 0002:00000114       __imp__GetModuleHandleA@4  1001b114     kernel32:KERNEL32.dll
 0002:00000118       \177KERNEL32_NULL_THUNK_DATA 1001b118     kernel32:KERNEL32.dll
 0002:0000011c       ___xc_a                    1001b11c     LIBCMT:crt0init.obj
 0002:00000120       ___xc_z                    1001b120     LIBCMT:crt0init.obj
 0002:00000124       ___xi_a                    1001b124     LIBCMT:crt0init.obj
 0002:00000138       ___xi_z                    1001b138     LIBCMT:crt0init.obj
 0002:0000013c       ___xp_a                    1001b13c     LIBCMT:crt0init.obj
 0002:00000148       ___xp_z                    1001b148     LIBCMT:crt0init.obj
 0002:0000014c       ___xt_a                    1001b14c     LIBCMT:crt0init.obj
 0002:00000150       ___xt_z                    1001b150     LIBCMT:crt0init.obj
 0002:00000180       ??_7bad_alloc@std@@6B@     1001b180     libcpmt:string.obj
 0002:0000018c       ??_7exception@std@@6B@     1001b18c     LIBCMT:stdexcpt.obj
 0002:00000194       ??_C@_0BC@EOODALEL@Unknown?5exception?$AA@ 1001b194     LIBCMT:stdexcpt.obj
 0002:000001ac       ??_7type_info@@6B@         1001b1ac     LIBCMT:typinfo.obj
 0002:000001b0       __pRawDllMain              1001b1b0     LIBCMT:dllcrt0.obj
 0002:000001b0       __pDefaultRawDllMain       1001b1b0     LIBCMT:dllcrt0.obj
 0002:000001dc       ??_C@_1O@CEDCILHN@?$AA?$CI?$AAn?$AAu?$AAl?$AAl?$AA?$CJ?$AA?$AA@ 1001b1dc     LIBCMT:output.obj
 0002:000001ec       ??_C@_06OJHGLDPL@?$CInull?$CJ?$AA@ 1001b1ec     LIBCMT:output.obj
 0002:000001f8       ___lookuptable             1001b1f8     LIBCMT:output.obj
 0002:00000254       ??_C@_0O@NLDKAIKN@EncodePointer?$AA@ 1001b254     LIBCMT:tidtable.obj
 0002:00000264       ??_C@_1BK@DBDEIDLH@?$AAK?$AAE?$AAR?$AAN?$AAE?$AAL?$AA3?$AA2?$AA?4?$AAD?$AAL?$AAL?$AA?$AA@ 1001b264     LIBCMT:tidtable.obj
 0002:00000280       ??_C@_0O@KBPMFGHI@DecodePointer?$AA@ 1001b280     LIBCMT:tidtable.obj
 0002:00000290       ??_C@_07PEJMOBNF@FlsFree?$AA@ 1001b290     LIBCMT:tidtable.obj
 0002:00000298       ??_C@_0M@JCPCPOEF@FlsSetValue?$AA@ 1001b298     LIBCMT:tidtable.obj
 0002:000002a4       ??_C@_0M@GDNOONDI@FlsGetValue?$AA@ 1001b2a4     LIBCMT:tidtable.obj
 0002:000002b0       ??_C@_08KNHFBNJ@FlsAlloc?$AA@ 1001b2b0     LIBCMT:tidtable.obj
 0002:000002bc       ??_C@_0P@MIGLKIOC@CorExitProcess?$AA@ 1001b2bc     LIBCMT:crt0dat.obj
 0002:000002cc       ??_C@_1BI@BGOHAHKC@?$AAm?$AAs?$AAc?$AAo?$AAr?$AAe?$AAe?$AA?4?$AAd?$AAl?$AAl?$AA?$AA@ 1001b2cc     LIBCMT:crt0dat.obj
 0002:000002e8       __XcptActTab               1001b2e8     LIBCMT:winxfltr.obj
 0002:00000360       __pDestructExceptionObject 1001b360     LIBCMT:frame.obj
 0002:000003e8       ??_C@_01NEMOKFLO@?$DN?$AA@ 1001b3e8     LIBCMT:setlocal.obj
 0002:000003f0       ___lookuptable_s           1001b3f0     LIBCMT:outputs.obj
 0002:0000044c       ??_C@_0P@GGKDKEEG@runtime?5error?5?$AA@ 1001b44c     LIBCMT:crt0msg.obj
 0002:0000045c       ??_C@_02PCIJFNDE@?$AN?6?$AA@ 1001b45c     LIBCMT:crt0msg.obj
 0002:00000460       ??_C@_0O@MJNIPGOH@TLOSS?5error?$AN?6?$AA@ 1001b460     LIBCMT:crt0msg.obj
 0002:00000470       ??_C@_0N@BONNPDHF@SING?5error?$AN?6?$AA@ 1001b470     LIBCMT:crt0msg.obj
 0002:00000480       ??_C@_0P@MBDAJNE@DOMAIN?5error?$AN?6?$AA@ 1001b480     LIBCMT:crt0msg.obj
 0002:00000490       ??_C@_0JL@DFDOOABL@R6034?$AN?6An?5application?5has?5made?5a@ 1001b490     LIBCMT:crt0msg.obj
 0002:00000530       ??_C@_0PH@EPAFIJ@R6033?$AN?6?9?5Attempt?5to?5use?5MSIL?5cod@ 1001b530     LIBCMT:crt0msg.obj
 0002:00000628       ??_C@_0DD@BKEEABMM@R6032?$AN?6?9?5not?5enough?5space?5for?5lo@ 1001b628     LIBCMT:crt0msg.obj
 0002:00000660       ??_C@_0GD@OFKILIED@R6031?$AN?6?9?5Attempt?5to?5initialize?5t@ 1001b660     LIBCMT:crt0msg.obj
 0002:000006c4       ??_C@_0BP@LPMHJOKI@R6030?$AN?6?9?5CRT?5not?5initialized?$AN?6?$AA@ 1001b6c4     LIBCMT:crt0msg.obj
 0002:000006e4       ??_C@_0CF@KJDAIALP@R6028?$AN?6?9?5unable?5to?5initialize?5he@ 1001b6e4     LIBCMT:crt0msg.obj
 0002:0000070c       ??_C@_0DF@GAKBPDFP@R6027?$AN?6?9?5not?5enough?5space?5for?5lo@ 1001b70c     LIBCMT:crt0msg.obj
 0002:00000744       ??_C@_0DF@IBLNNAIG@R6026?$AN?6?9?5not?5enough?5space?5for?5st@ 1001b744     LIBCMT:crt0msg.obj
 0002:0000077c       ??_C@_0CG@IOHKGFNJ@R6025?$AN?6?9?5pure?5virtual?5function?5c@ 1001b77c     LIBCMT:crt0msg.obj
 0002:000007a4       ??_C@_0DF@JIJJFJDC@R6024?$AN?6?9?5not?5enough?5space?5for?5_o@ 1001b7a4     LIBCMT:crt0msg.obj
 0002:000007dc       ??_C@_0CJ@EGEJHFME@R6019?$AN?6?9?5unable?5to?5open?5console?5@ 1001b7dc     LIBCMT:crt0msg.obj
 0002:00000808       ??_C@_0CB@GNHNIELH@R6018?$AN?6?9?5unexpected?5heap?5error?$AN?6@ 1001b808     LIBCMT:crt0msg.obj
 0002:0000082c       ??_C@_0CN@FOLDKNG@R6017?$AN?6?9?5unexpected?5multithread?5@ 1001b82c     LIBCMT:crt0msg.obj
 0002:0000085c       ??_C@_0CM@FAHFJNHO@R6016?$AN?6?9?5not?5enough?5space?5for?5th@ 1001b85c     LIBCMT:crt0msg.obj
 0002:00000888       ??_C@_0JG@LBKMGKLD@?$AN?6This?5application?5has?5requested@ 1001b888     LIBCMT:crt0msg.obj
 0002:00000920       ??_C@_0CM@FLCNIPKK@R6009?$AN?6?9?5not?5enough?5space?5for?5en@ 1001b920     LIBCMT:crt0msg.obj
 0002:0000094c       ??_C@_0CK@KMMJOAPP@R6008?$AN?6?9?5not?5enough?5space?5for?5ar@ 1001b94c     LIBCMT:crt0msg.obj
 0002:00000978       ??_C@_0CN@LEKKICBM@R6002?$AN?6?9?5floating?5point?5support?5@ 1001b978     LIBCMT:crt0msg.obj
 0002:000009a8       ??_C@_0CF@GOGNBNAK@Microsoft?5Visual?5C?$CL?$CL?5Runtime?5Lib@ 1001b9a8     LIBCMT:crt0msg.obj
 0002:000009d0       ??_C@_02PHMGELLB@?6?6?$AA@ 1001b9d0     LIBCMT:crt0msg.obj
 0002:000009d4       ??_C@_03KHICJKCI@?4?4?4?$AA@ 1001b9d4     LIBCMT:crt0msg.obj
 0002:000009d8       ??_C@_0BH@DNAGHKFM@?$DMprogram?5name?5unknown?$DO?$AA@ 1001b9d8     LIBCMT:crt0msg.obj
 0002:000009f0       ??_C@_0BK@OFGJDLJJ@Runtime?5Error?$CB?6?6Program?3?5?$AA@ 1001b9f0     LIBCMT:crt0msg.obj
 0002:00000a0c       ??_C@_0BK@CFCOFLF@?5Complete?5Object?5Locator?8?$AA@ 1001ba0c     LIBCMT:undname.obj
 0002:00000a28       ??_C@_0BN@MECKDCOJ@?5Class?5Hierarchy?5Descriptor?8?$AA@ 1001ba28     LIBCMT:undname.obj
 0002:00000a48       ??_C@_0BD@LGICGFMM@?5Base?5Class?5Array?8?$AA@ 1001ba48     LIBCMT:undname.obj
 0002:00000a5c       ??_C@_0BM@LDKODKLH@?5Base?5Class?5Descriptor?5at?5?$CI?$AA@ 1001ba5c     LIBCMT:undname.obj
 0002:00000a78       ??_C@_0BC@DAFEJGAK@?5Type?5Descriptor?8?$AA@ 1001ba78     LIBCMT:undname.obj
 0002:00000a8c       ??_C@_0BM@PMGGMLDN@?$GAlocal?5static?5thread?5guard?8?$AA@ 1001ba8c     LIBCMT:undname.obj
 0002:00000aa8       ??_C@_0CL@FGIJHLCE@?$GAmanaged?5vector?5copy?5constructor@ 1001baa8     LIBCMT:undname.obj
 0002:00000ad4       ??_C@_0CJ@GJELGAMM@?$GAvector?5vbase?5copy?5constructor?5i@ 1001bad4     LIBCMT:undname.obj
 0002:00000b00       ??_C@_0CD@CGAJBKEJ@?$GAvector?5copy?5constructor?5iterato@ 1001bb00     LIBCMT:undname.obj
 0002:00000b24       ??_C@_0CB@PDBIFEP@?$GAdynamic?5atexit?5destructor?5for?5?8@ 1001bb24     LIBCMT:undname.obj
 0002:00000b48       ??_C@_0BL@CLIPGLGB@?$GAdynamic?5initializer?5for?5?8?$AA@ 1001bb48     LIBCMT:undname.obj
 0002:00000b64       ??_C@_0CM@FCBBDIGB@?$GAeh?5vector?5vbase?5copy?5constructo@ 1001bb64     LIBCMT:undname.obj
 0002:00000b90       ??_C@_0CG@HLDDJMAG@?$GAeh?5vector?5copy?5constructor?5iter@ 1001bb90     LIBCMT:undname.obj
 0002:00000bb8       ??_C@_0CF@IMGKMJNO@?$GAmanaged?5vector?5destructor?5itera@ 1001bbb8     LIBCMT:undname.obj
 0002:00000be0       ??_C@_0CG@CFDHKGGD@?$GAmanaged?5vector?5constructor?5iter@ 1001bbe0     LIBCMT:undname.obj
 0002:00000c08       ??_C@_0BN@CKNJLHMB@?$GAplacement?5delete?$FL?$FN?5closure?8?$AA@ 1001bc08     LIBCMT:undname.obj
 0002:00000c28       ??_C@_0BL@CNOONJFP@?$GAplacement?5delete?5closure?8?$AA@ 1001bc28     LIBCMT:undname.obj
 0002:00000c44       ??_C@_0P@HJKNJFNN@?$GAomni?5callsig?8?$AA@ 1001bc44     LIBCMT:undname.obj
 0002:00000c54       ??_C@_09LBNFPBCA@?5delete?$FL?$FN?$AA@ 1001bc54     LIBCMT:undname.obj
 0002:00000c60       ??_C@_06FHBGPFGH@?5new?$FL?$FN?$AA@ 1001bc60     LIBCMT:undname.obj
 0002:00000c68       ??_C@_0CE@IIHCMGGL@?$GAlocal?5vftable?5constructor?5closu@ 1001bc68     LIBCMT:undname.obj
 0002:00000c8c       ??_C@_0BA@KKLDJDLB@?$GAlocal?5vftable?8?$AA@ 1001bc8c     LIBCMT:undname.obj
 0002:00000c9c       ??_C@_05KHLCHHI@?$GARTTI?$AA@ 1001bc9c     LIBCMT:undname.obj
 0002:00000ca4       ??_C@_03KLGMFNMG@?$GAEH?$AA@ 1001bca4     LIBCMT:undname.obj
 0002:00000ca8       ??_C@_0BA@KBCDOMBN@?$GAudt?5returning?8?$AA@ 1001bca8     LIBCMT:undname.obj
 0002:00000cb8       ??_C@_0BL@LLKPOHJI@?$GAcopy?5constructor?5closure?8?$AA@ 1001bcb8     LIBCMT:undname.obj
 0002:00000cd4       ??_C@_0CH@OOJPLCPH@?$GAeh?5vector?5vbase?5constructor?5ite@ 1001bcd4     LIBCMT:undname.obj
 0002:00000cfc       ??_C@_0CA@GCEOPDGL@?$GAeh?5vector?5destructor?5iterator?8?$AA@ 1001bcfc     LIBCMT:undname.obj
 0002:00000d1c       ??_C@_0CB@JONCMFFK@?$GAeh?5vector?5constructor?5iterator?8@ 1001bd1c     LIBCMT:undname.obj
 0002:00000d40       ??_C@_0BL@NILFHHPC@?$GAvirtual?5displacement?5map?8?$AA@ 1001bd40     LIBCMT:undname.obj
 0002:00000d5c       ??_C@_0CE@IKBNEHA@?$GAvector?5vbase?5constructor?5iterat@ 1001bd5c     LIBCMT:undname.obj
 0002:00000d80       ??_C@_0BN@LFPFMEDL@?$GAvector?5destructor?5iterator?8?$AA@ 1001bd80     LIBCMT:undname.obj
 0002:00000da0       ??_C@_0BO@PFGOCPJJ@?$GAvector?5constructor?5iterator?8?$AA@ 1001bda0     LIBCMT:undname.obj
 0002:00000dc0       ??_C@_0BN@IMDCHIKM@?$GAscalar?5deleting?5destructor?8?$AA@ 1001bdc0     LIBCMT:undname.obj
 0002:00000de0       ??_C@_0BO@OBMKPJIG@?$GAdefault?5constructor?5closure?8?$AA@ 1001bde0     LIBCMT:undname.obj
 0002:00000e00       ??_C@_0BN@DEGPLNFK@?$GAvector?5deleting?5destructor?8?$AA@ 1001be00     LIBCMT:undname.obj
 0002:00000e20       ??_C@_0BD@JDLKDPAB@?$GAvbase?5destructor?8?$AA@ 1001be20     LIBCMT:undname.obj
 0002:00000e34       ??_C@_08OBABFOLI@?$GAstring?8?$AA@ 1001be34     LIBCMT:undname.obj
 0002:00000e40       ??_C@_0BF@KDPPACIK@?$GAlocal?5static?5guard?8?$AA@ 1001be40     LIBCMT:undname.obj
 0002:00000e58       ??_C@_08LLFFHHDJ@?$GAtypeof?8?$AA@ 1001be58     LIBCMT:undname.obj
 0002:00000e64       ??_C@_07FEEIOKP@?$GAvcall?8?$AA@ 1001be64     LIBCMT:undname.obj
 0002:00000e6c       ??_C@_09BLBHBJP@?$GAvbtable?8?$AA@ 1001be6c     LIBCMT:undname.obj
 0002:00000e78       ??_C@_09IFPLHPGF@?$GAvftable?8?$AA@ 1001be78     LIBCMT:undname.obj
 0002:00000e84       ??_C@_02MHEGNOJ@?$FO?$DN?$AA@ 1001be84     LIBCMT:undname.obj
 0002:00000e88       ??_C@_02DHLNPPGH@?$HM?$DN?$AA@ 1001be88     LIBCMT:undname.obj
 0002:00000e8c       ??_C@_02FGJGFEAB@?$CG?$DN?$AA@ 1001be8c     LIBCMT:undname.obj
 0002:00000e90       ??_C@_03CDNPDDLA@?$DM?$DM?$DN?$AA@ 1001be90     LIBCMT:undname.obj
 0002:00000e94       ??_C@_03IKFCCPFF@?$DO?$DO?$DN?$AA@ 1001be94     LIBCMT:undname.obj
 0002:00000e98       ??_C@_02FENAOKFI@?$CF?$DN?$AA@ 1001be98     LIBCMT:undname.obj
 0002:00000e9c       ??_C@_02FJEHGPIO@?1?$DN?$AA@ 1001be9c     LIBCMT:undname.obj
 0002:00000ea0       ??_C@_02FKMDLLOA@?9?$DN?$AA@ 1001bea0     LIBCMT:undname.obj
 0002:00000ea4       ??_C@_02FOEOMHFC@?$CL?$DN?$AA@ 1001bea4     LIBCMT:undname.obj
 0002:00000ea8       ??_C@_02FPIMKNGF@?$CK?$DN?$AA@ 1001bea8     LIBCMT:undname.obj
 0002:00000eac       ??_C@_02NONPIBCD@?$HM?$HM?$AA@ 1001beac     LIBCMT:undname.obj
 0002:00000eb0       ??_C@_02PPKAJPJL@?$CG?$CG?$AA@ 1001beb0     LIBCMT:undname.obj
 0002:00000eb4       ??_C@_01DNKMNLPK@?$HM?$AA@ 1001beb4     LIBCMT:undname.obj
 0002:00000eb8       ??_C@_01JKBOJNNK@?$FO?$AA@ 1001beb8     LIBCMT:undname.obj
 0002:00000ebc       ??_C@_01PJKLJHI@?$HO?$AA@  1001bebc     LIBCMT:undname.obj
 0002:00000ec0       ??_C@_02HCKGKOFO@?$CI?$CJ?$AA@ 1001bec0     LIBCMT:undname.obj
 0002:00000ec4       ??_C@_01IHBHIGKO@?0?$AA@   1001bec4     LIBCMT:undname.obj
 0002:00000ec8       ??_C@_02EEKDKGMJ@?$DO?$DN?$AA@ 1001bec8     LIBCMT:undname.obj
 0002:00000ecc       ??_C@_01PPODPGHN@?$DO?$AA@ 1001becc     LIBCMT:undname.obj
 0002:00000ed0       ??_C@_02EHCHHCKH@?$DM?$DN?$AA@ 1001bed0     LIBCMT:undname.obj
 0002:00000ed4       ??_C@_01MNNFJEPP@?$DM?$AA@ 1001bed4     LIBCMT:undname.obj
 0002:00000ed8       ??_C@_01FGNFDNOH@?$CF?$AA@ 1001bed8     LIBCMT:undname.obj
 0002:00000edc       ??_C@_01KMDKNFGN@?1?$AA@   1001bedc     LIBCMT:undname.obj
 0002:00000ee0       ??_C@_03MNHNFDLC@?9?$DO?$CK?$AA@ 1001bee0     LIBCMT:undname.obj
 0002:00000ee4       ??_C@_01HNPIGOCE@?$CG?$AA@ 1001bee4     LIBCMT:undname.obj
 0002:00000ee8       ??_C@_01MIFGBAGJ@?$CL?$AA@ 1001bee8     LIBCMT:undname.obj
 0002:00000eec       ??_C@_01JOAMLHOP@?9?$AA@   1001beec     LIBCMT:undname.obj
 0002:00000ef0       ??_C@_02BAABKJLB@?9?9?$AA@ 1001bef0     LIBCMT:undname.obj
 0002:00000ef4       ??_C@_02ECNGHCIF@?$CL?$CL?$AA@ 1001bef4     LIBCMT:undname.obj
 0002:00000ef8       ??_C@_01NBENCBCI@?$CK?$AA@ 1001bef8     LIBCMT:undname.obj
 0002:00000efc       ??_C@_02HBOOOICD@?9?$DO?$AA@ 1001befc     LIBCMT:undname.obj
 0002:00000f00       ??_C@_08LHJFAFGD@operator?$AA@ 1001bf00     LIBCMT:undname.obj
 0002:00000f0c       ??_C@_02GPECMEKF@?$FL?$FN?$AA@ 1001bf0c     LIBCMT:undname.obj
 0002:00000f10       ??_C@_02FDNJECIE@?$CB?$DN?$AA@ 1001bf10     LIBCMT:undname.obj
 0002:00000f14       ??_C@_02EGOFBIJA@?$DN?$DN?$AA@ 1001bf14     LIBCMT:undname.obj
 0002:00000f18       ??_C@_01DCLJPIOD@?$CB?$AA@ 1001bf18     LIBCMT:undname.obj
 0002:00000f1c       ??_C@_02FODMEDOG@?$DM?$DM?$AA@ 1001bf1c     LIBCMT:undname.obj
 0002:00000f20       ??_C@_02GPIOPFAK@?$DO?$DO?$AA@ 1001bf20     LIBCMT:undname.obj
 0002:00000f24       ??_C@_07FPCDHGMM@?5delete?$AA@ 1001bf24     LIBCMT:undname.obj
 0002:00000f2c       ??_C@_04NIHEBCM@?5new?$AA@ 1001bf2c     LIBCMT:undname.obj
 0002:00000f34       ??_C@_0M@GFIIJFMG@__unaligned?$AA@ 1001bf34     LIBCMT:undname.obj
 0002:00000f40       ??_C@_0L@PILCLIHE@__restrict?$AA@ 1001bf40     LIBCMT:undname.obj
 0002:00000f4c       ??_C@_07JOMMBBKO@__ptr64?$AA@ 1001bf4c     LIBCMT:undname.obj
 0002:00000f54       ??_C@_09HIJEGCPM@__clrcall?$AA@ 1001bf54     LIBCMT:undname.obj
 0002:00000f60       ??_C@_0L@JMKHOMEK@__fastcall?$AA@ 1001bf60     LIBCMT:undname.obj
 0002:00000f6c       ??_C@_0L@NPHFGOKO@__thiscall?$AA@ 1001bf6c     LIBCMT:undname.obj
 0002:00000f78       ??_C@_09IFJBGAPI@__stdcall?$AA@ 1001bf78     LIBCMT:undname.obj
 0002:00000f84       ??_C@_08GHMPAG@__pascal?$AA@ 1001bf84     LIBCMT:undname.obj
 0002:00000f90       ??_C@_07KOLFKCDI@__cdecl?$AA@ 1001bf90     LIBCMT:undname.obj
 0002:00000f98       ??_C@_08EHJDFFNH@__based?$CI?$AA@ 1001bf98     LIBCMT:undname.obj
 0002:00001128       ??_C@_13NOLLCAOD@?$AA?$AA?$AA?$AA@ 1001c128     LIBCMT:a_map.obj
 0002:00001130       ___newctype                1001c130     LIBCMT:ctype.obj
 0002:00001430       __wctype                   1001c430     LIBCMT:ctype.obj
 0002:00001638       ___newclmap                1001c638     LIBCMT:ctype.obj
 0002:000017b8       ___newcumap                1001c7b8     LIBCMT:ctype.obj
 0002:00001938       ??_C@_08JCCMCCIL@HH?3mm?3ss?$AA@ 1001c938     LIBCMT:strftime.obj
 0002:00001944       ??_C@_0BE@CKGJFCPC@dddd?0?5MMMM?5dd?0?5yyyy?$AA@ 1001c944     LIBCMT:strftime.obj
 0002:00001958       ??_C@_08BPBNCDIB@MM?1dd?1yy?$AA@ 1001c958     LIBCMT:strftime.obj
 0002:00001964       ??_C@_02CJNFDJBF@PM?$AA@   1001c964     LIBCMT:strftime.obj
 0002:00001968       ??_C@_02DEDBPAFC@AM?$AA@   1001c968     LIBCMT:strftime.obj
 0002:0000196c       ??_C@_08EDHMEBNP@December?$AA@ 1001c96c     LIBCMT:strftime.obj
 0002:00001978       ??_C@_08HCHEGEOA@November?$AA@ 1001c978     LIBCMT:strftime.obj
 0002:00001984       ??_C@_07JJNFCEND@October?$AA@ 1001c984     LIBCMT:strftime.obj
 0002:0000198c       ??_C@_09BHHEALKD@September?$AA@ 1001c98c     LIBCMT:strftime.obj
 0002:00001998       ??_C@_06LBBHFDDG@August?$AA@ 1001c998     LIBCMT:strftime.obj
 0002:000019a0       ??_C@_04MIEPOIFP@July?$AA@ 1001c9a0     LIBCMT:strftime.obj
 0002:000019a8       ??_C@_04CNLMGBGM@June?$AA@ 1001c9a8     LIBCMT:strftime.obj
 0002:000019b0       ??_C@_05DMJDNLEJ@April?$AA@ 1001c9b0     LIBCMT:strftime.obj
 0002:000019b8       ??_C@_05HPCKOFNC@March?$AA@ 1001c9b8     LIBCMT:strftime.obj
 0002:000019c0       ??_C@_08GNJGEPFN@February?$AA@ 1001c9c0     LIBCMT:strftime.obj
 0002:000019cc       ??_C@_07CGJPFGJA@January?$AA@ 1001c9cc     LIBCMT:strftime.obj
 0002:000019d4       ??_C@_03MKABNOCG@Dec?$AA@  1001c9d4     LIBCMT:strftime.obj
 0002:000019d8       ??_C@_03JPJOFNIA@Nov?$AA@  1001c9d8     LIBCMT:strftime.obj
 0002:000019dc       ??_C@_03BMAOKBAD@Oct?$AA@  1001c9dc     LIBCMT:strftime.obj
 0002:000019e0       ??_C@_03GGCAPAJC@Sep?$AA@  1001c9e0     LIBCMT:strftime.obj
 0002:000019e4       ??_C@_03IFJFEIGA@Aug?$AA@  1001c9e4     LIBCMT:strftime.obj
 0002:000019e8       ??_C@_03LBGABGKK@Jul?$AA@  1001c9e8     LIBCMT:strftime.obj
 0002:000019ec       ??_C@_03IDFGHECI@Jun?$AA@  1001c9ec     LIBCMT:strftime.obj
 0002:000019f0       ??_C@_03CNMDKL@May?$AA@    1001c9f0     LIBCMT:strftime.obj
 0002:000019f4       ??_C@_03LEOLGMJP@Apr?$AA@  1001c9f4     LIBCMT:strftime.obj
 0002:000019f8       ??_C@_03ODNJBKGA@Mar?$AA@  1001c9f8     LIBCMT:strftime.obj
 0002:000019fc       ??_C@_03HJBDCHOM@Feb?$AA@  1001c9fc     LIBCMT:strftime.obj
 0002:00001a00       ??_C@_03JIHJHPIE@Jan?$AA@  1001ca00     LIBCMT:strftime.obj
 0002:00001a04       ??_C@_08INBOOONO@Saturday?$AA@ 1001ca04     LIBCMT:strftime.obj
 0002:00001a10       ??_C@_06JECMNKMI@Friday?$AA@ 1001ca10     LIBCMT:strftime.obj
 0002:00001a18       ??_C@_08HACCIKIA@Thursday?$AA@ 1001ca18     LIBCMT:strftime.obj
 0002:00001a24       ??_C@_09DLIGFAKA@Wednesday?$AA@ 1001ca24     LIBCMT:strftime.obj
 0002:00001a30       ??_C@_07BAAGCFCM@Tuesday?$AA@ 1001ca30     LIBCMT:strftime.obj
 0002:00001a38       ??_C@_06JLEDEDGH@Monday?$AA@ 1001ca38     LIBCMT:strftime.obj
 0002:00001a40       ??_C@_06OOPIFAJ@Sunday?$AA@ 1001ca40     LIBCMT:strftime.obj
 0002:00001a48       ??_C@_03FEFJNEK@Sat?$AA@   1001ca48     LIBCMT:strftime.obj
 0002:00001a4c       ??_C@_03IDIOELNC@Fri?$AA@  1001ca4c     LIBCMT:strftime.obj
 0002:00001a50       ??_C@_03IOFIKPDN@Thu?$AA@  1001ca50     LIBCMT:strftime.obj
 0002:00001a54       ??_C@_03MHOMLAJA@Wed?$AA@  1001ca54     LIBCMT:strftime.obj
 0002:00001a58       ??_C@_03NAGEINEP@Tue?$AA@  1001ca58     LIBCMT:strftime.obj
 0002:00001a5c       ??_C@_03PDAGKDH@Mon?$AA@   1001ca5c     LIBCMT:strftime.obj
 0002:00001a60       ??_C@_03KOEHGMDN@Sun?$AA@  1001ca60     LIBCMT:strftime.obj
 0002:00001a64       ??_C@_0BI@DFKBFLJE@GetProcessWindowStation?$AA@ 1001ca64     LIBCMT:crtmbox.obj
 0002:00001a7c       ??_C@_0BK@CIDNPOGP@GetUserObjectInformationA?$AA@ 1001ca7c     LIBCMT:crtmbox.obj
 0002:00001a98       ??_C@_0BD@HHGDFDBJ@GetLastActivePopup?$AA@ 1001ca98     LIBCMT:crtmbox.obj
 0002:00001aac       ??_C@_0BA@HNOPNCHB@GetActiveWindow?$AA@ 1001caac     LIBCMT:crtmbox.obj
 0002:00001abc       ??_C@_0M@CHKKJDAI@MessageBoxA?$AA@ 1001cabc     LIBCMT:crtmbox.obj
 0002:00001ac8       ??_C@_0L@NDEGIDAG@USER32?4DLL?$AA@ 1001cac8     LIBCMT:crtmbox.obj
 0002:00001ad4       ??_C@_07GPDNMNG@CONOUT$?$AA@ 1001cad4     LIBCMT:initcon.obj
 0002:00001adc       ___dnames                  1001cadc     LIBCMT:timeset.obj
 0002:00001af4       ___mnames                  1001caf4     LIBCMT:timeset.obj
 0002:00001b1c       ??_C@_0O@EGGGBKCF@DlgExpMon?4def?$AA@ 1001cb1c     wog native dialogs.obj
 0002:00001b2c       ??_C@_0N@JCGCDINI@Dlg_NPC3?4def?$AA@ 1001cb2c     wog native dialogs.obj
 0002:00001b3c       ??_C@_0N@FJDOOLHN@Dlg_NPC2?4def?$AA@ 1001cb3c     wog native dialogs.obj
 0002:00001b4c       ??_C@_0N@NPKKJJND@Dlg_NPC1?4def?$AA@ 1001cb4c     wog native dialogs.obj
 0002:00001b5c       ??_C@_02DKCKIIND@?$CFs?$AA@ 1001cb5c     wog native dialogs.obj
 0002:00001b60       ??_C@_0N@BHMGKPNG@checkbox?4def?$AA@ 1001cb60     wog native dialogs.obj
 0002:00001b70       ??_C@_0O@BBFJMKLN@radiobttn?4def?$AA@ 1001cb70     wog native dialogs.obj
 0002:00001b80       ??_C@_0O@LKNNDHCJ@smalfont2?4fnt?$AA@ 1001cb80     wog native dialogs.obj
 0002:00001b90       ??_C@_0N@PAEBLKHN@bigfont2?4fnt?$AA@ 1001cb90     wog native dialogs.obj
 0002:00001ba0       ??_C@_0P@GHFPNOJB@bad?5allocation?$AA@ 1001cba0     wog native dialogs.obj
 0002:00001bb0       ??_C@_0BA@FDLNIKIG@patcher_x86?4dll?$AA@ 1001cbb0     wog native dialogs.obj
 0002:00001bc0       ??_C@_0BB@CKHJKIEB@_GetPatcherX86?$EA0?$AA@ 1001cbc0     wog native dialogs.obj
 0002:00001bd4       ??_C@_02DPKJAMEF@?$CFd?$AA@ 1001cbd4     wog native dialogs.obj
 0002:00001bd8       ??_C@_0N@NGJLFBMI@DiBoxBck?4pcx?$AA@ 1001cbd8     wog native dialogs.obj
 0002:00001be8       ??_C@_0N@FGPGDOPK@dialgbox?4def?$AA@ 1001cbe8     wog native dialogs.obj
 0002:00001bf8       ??_C@_0N@ELNJEEMI@medfont2?4fnt?$AA@ 1001cbf8     wog native dialogs.obj
 0002:00001c08       ??_C@_09IIFHEAOO@angel?4dll?$AA@ 1001cc08     wog native dialogs.obj
 0002:00001c14       ??_C@_0M@BFOAAPGP@EventParams?$AA@ 1001cc14     wog native dialogs.obj
 0002:00001c20       ??_C@_0BD@KPOAIKLJ@RestoreEventParams?$AA@ 1001cc20     wog native dialogs.obj
 0002:00001c34       ??_C@_0BA@JJKLPBHG@SaveEventParams?$AA@ 1001cc34     wog native dialogs.obj
 0002:00001c44       ??_C@_07PILJHEGK@era?4dll?$AA@ 1001cc44     wog native dialogs.obj
 0002:00001c4c       ??_C@_02EOEPPNBF@tr?$AA@   1001cc4c     wog native dialogs.obj
 0002:00001c50       ??_C@_07HCDNKGPA@ApiHook?$AA@ 1001cc50     wog native dialogs.obj
 0002:00001c58       ??_C@_0BB@NFICFMFA@ClearAllIniCache?$AA@ 1001cc58     wog native dialogs.obj
 0002:00001c6c       ??_C@_0O@KHPPEFLJ@ClearIniCache?$AA@ 1001cc6c     wog native dialogs.obj
 0002:00001c7c       ??_C@_0L@GHCNBJIK@ExecErmCmd?$AA@ 1001cc7c     wog native dialogs.obj
 0002:00001c88       ??_C@_0L@BBNMEHJH@ExtractErm?$AA@ 1001cc88     wog native dialogs.obj
 0002:00001c94       ??_C@_0L@CKILDBJC@FatalError?$AA@ 1001cc94     wog native dialogs.obj
 0002:00001ca0       ??_C@_0N@HFGMKLEN@FireErmEvent?$AA@ 1001cca0     wog native dialogs.obj
 0002:00001cb0       ??_C@_09GEAPPBGH@FireEvent?$AA@ 1001ccb0     wog native dialogs.obj
 0002:00001cbc       ??_C@_0M@KJHFCLAP@GetButtonID?$AA@ 1001ccbc     wog native dialogs.obj
 0002:00001cc8       ??_C@_0L@LNAOMCPJ@GetVersion?$AA@ 1001ccc8     wog native dialogs.obj
 0002:00001cd4       ??_C@_0O@FNMDEAHG@GetVersionNum?$AA@ 1001ccd4     wog native dialogs.obj
 0002:00001ce4       ??_C@_0N@CFMBLIKP@GetGameState?$AA@ 1001cce4     wog native dialogs.obj
 0002:00001cf4       ??_C@_0M@LKIFOAN@GetRealAddr?$AA@ 1001ccf4     wog native dialogs.obj
 0002:00001d00       ??_C@_0BD@DPCJBLFO@GlobalRedirectFile?$AA@ 1001cd00     wog native dialogs.obj
 0002:00001d14       ??_C@_04PHJJMCEO@Hook?$AA@ 1001cd14     wog native dialogs.obj
 0002:00001d1c       ??_C@_08EBPIACBO@HookCode?$AA@ 1001cd1c     wog native dialogs.obj
 0002:00001d28       ??_C@_0BB@PHLEIINC@LoadImageAsPcx16?$AA@ 1001cd28     wog native dialogs.obj
 0002:00001d3c       ??_C@_07GDNFNLKF@LoadTxt?$AA@ 1001cd3c     wog native dialogs.obj
 0002:00001d44       ??_C@_07FLCNLLL@MemFree?$AA@ 1001cd44     wog native dialogs.obj
 0002:00001d4c       ??_C@_09PIKCKENJ@NameColor?$AA@ 1001cd4c     wog native dialogs.obj
 0002:00001d58       ??_C@_0M@LNHBMGFH@NotifyError?$AA@ 1001cd58     wog native dialogs.obj
 0002:00001d64       ??_C@_0M@PLEJCMGM@PatchExists?$AA@ 1001cd64     wog native dialogs.obj
 0002:00001d70       ??_C@_0N@BGLGOOMO@PluginExists?$AA@ 1001cd70     wog native dialogs.obj
 0002:00001d80       ??_C@_0BE@CIDOCKGN@ReadSavegameSection?$AA@ 1001cd80     wog native dialogs.obj
 0002:00001d94       ??_C@_0P@CCLIEMKP@ReadStrFromIni?$AA@ 1001cd94     wog native dialogs.obj
 0002:00001da4       ??_C@_09IJJOFFNH@RecallAPI?$AA@ 1001cda4     wog native dialogs.obj
 0002:00001db0       ??_C@_0N@EADKAOLK@RedirectFile?$AA@ 1001cdb0     wog native dialogs.obj
 0002:00001dc0       ??_C@_0BE@OJOEEMJD@RedirectMemoryBlock?$AA@ 1001cdc0     wog native dialogs.obj
 0002:00001dd4       ??_C@_0BA@BCNGHKCC@RegisterHandler?$AA@ 1001cdd4     wog native dialogs.obj
 0002:00001de4       ??_C@_09MJCMIAEG@ReloadErm?$AA@ 1001cde4     wog native dialogs.obj
 0002:00001df0       ??_C@_0BE@JBKGKCON@ReportPluginVersion?$AA@ 1001cdf0     wog native dialogs.obj
 0002:00001e04       ??_C@_07PAHGKEHA@SaveIni?$AA@ 1001ce04     wog native dialogs.obj
 0002:00001e0c       ??_C@_06DDHLBGDE@Splice?$AA@ 1001ce0c     wog native dialogs.obj
 0002:00001e14       ??_C@_0M@CLLMHKFF@WriteAtCode?$AA@ 1001ce14     wog native dialogs.obj
 0002:00001e20       ??_C@_0BF@HMHBLPO@WriteSavegameSection?$AA@ 1001ce20     wog native dialogs.obj
 0002:00001e38       ??_C@_0O@POMBDOKD@WriteStrToIni?$AA@ 1001ce38     wog native dialogs.obj
 0002:00001e48       ??_C@_0BN@DPBDBLAF@_GetPreselectedDialog8ItemId?$AA@ 1001ce48     wog native dialogs.obj
 0002:00001e68       ??_C@_05JIKHPHGN@90?590?$AA@ 1001ce68     wog native dialogs.obj
 0002:00001e70       ??_C@_05DIALNFFA@?$CFs?5?$CFd?$AA@ 1001ce70     wog native dialogs.obj
 0002:00001e78       ??_C@_05DNIIFBMG@?$CFs?5?$CFs?$AA@ 1001ce78     wog native dialogs.obj
 0002:00001e80       ??_C@_0L@FIDKBHJC@?$CFs?5?$CFd?5?$CI?$CFd?$CJ?$AA@ 1001ce80     wog native dialogs.obj
 0002:00001e8c       ??_C@_0L@JDILLOGP@?$CFs?5?$CFd?5?9?5?$CFd?$AA@ 1001ce8c     wog native dialogs.obj
 0002:00001e98       ??_C@_07JKHHBHOI@?$CFs?5?$CFd?$CF?$CF?$AA@ 1001ce98     wog native dialogs.obj
 0002:00001ea0       ??_C@_06GNDJBPCO@?$CFs?6?6?$CFs?$AA@ 1001cea0     wog native dialogs.obj
 0002:00001ea8       ??_C@_0N@CNMFKAFE@Dlg_NPCn?4pcx?$AA@ 1001cea8     wog native dialogs.obj
 0002:00001eb8       ??_C@_0N@EENEFCAM@Dlg_NPCu?4pcx?$AA@ 1001ceb8     wog native dialogs.obj
 0002:00001ec8       ??_C@_0P@GMMOFIOD@Dlg_NPCdel?4def?$AA@ 1001cec8     wog native dialogs.obj
 0002:00001ed8       ??_C@_07DONLOGLK@?$CFd?5?$CI?$CFd?$CJ?$AA@ 1001ced8     wog native dialogs.obj
 0002:00001ee0       ??_C@_07PFGKEPEH@?$CFd?5?9?5?$CFd?$AA@ 1001cee0     wog native dialogs.obj
 0002:00001ee8       ??_C@_04FCMNJMCO@?$CFd?$CF?$CF?$AA@ 1001cee8     wog native dialogs.obj
 0002:00001ef0       ??_C@_0M@EELLOAND@bttnNPC?4def?$AA@ 1001cef0     wog native dialogs.obj
 0002:00001efc       ??_C@_0BB@OPCILBBM@C742?53C?5FFFFFFFF?$AA@ 1001cefc     wog native dialogs.obj
 0002:00001f10       ??_C@_07JMKCEEPK@?$CFs?5?$CI?$CFd?$CJ?$AA@ 1001cf10     wog native dialogs.obj
 0002:00001f18       ??_C@_09PCPEDHFE@?$CFd?$CF?$CF?5?$CI?$CFd?$CJ?$AA@ 1001cf18     wog native dialogs.obj
 0002:00001f24       ??_C@_03DMDECJFG@?$CFhf?$AA@ 1001cf24     wog native dialogs.obj
 0002:00001f28       ??_C@_03OFAPEBGM@?$CFs?6?$AA@ 1001cf28     wog native dialogs.obj
 0002:00001f2c       ??_C@_08MNBIIGN@?$CFs?6?6?5?$CFs?6?$AA@ 1001cf2c     wog native dialogs.obj
 0002:00001f38       ??_C@_0N@ILHBCDMB@DlgExpUp?4def?$AA@ 1001cf38     wog native dialogs.obj
 0002:00001f48       ??_C@_08OFBPMKML@tiny?4fnt?$AA@ 1001cf48     wog native dialogs.obj
 0002:00001f54       ??_C@_09KAONFINP@?$HL?$CFs?$HN?6?$CI?$CFs?$CJ?$AA@ 1001cf54     wog native dialogs.obj
 0002:00001f60       ??_C@_0N@DCLMLLBB@WoGCurse?4def?$AA@ 1001cf60     wog native dialogs.obj
 0002:00001f70       ??_C@_06DJHOIPC@?$CFs?3?5?$CFs?$AA@ 1001cf70     wog native dialogs.obj
 0002:00001f78       ??_C@_0M@HFKPFJGG@artslot?4pcx?$AA@ 1001cf78     wog native dialogs.obj
 0002:00001f84       ??_C@_0N@KAILJDHD@def?4SpScrArt?$AA@ 1001cf84     wog native dialogs.obj
 0002:00001f94       ??_C@_0BA@CACHJGMJ@WoGTextEdit?4pcx?$AA@ 1001cf94     wog native dialogs.obj
 0002:00001fa4       ??_C@_09EIMBAPBP@?4?2Maps?2?$CFs?$AA@ 1001cfa4     wog native dialogs.obj
 0002:00001fb0       ??_C@_02MFEGOEMP@?$CFn?$AA@ 1001cfb0     wog native dialogs.obj
 0002:00001fb4       ??_C@_04OMBFFHIC@?$HL?$CFs?$HN?$AA@ 1001cfb4     wog native dialogs.obj
 0002:00001fc0       ??_C@_0FB@LMJNIGPL@Error?5?$CIfor?5igrik?$CJ?$CB?$CB?$CB?6?6?5Debug?6Pag@ 1001cfc0     wog native dialogs.obj
 0002:00002014       ??_C@_0P@HDPJJOMN@WoGOptions?4pcx?$AA@ 1001d014     wog native dialogs.obj
 0002:00002024       ??_C@_0M@DGCKOOBG@WoGBttn?4def?$AA@ 1001d024     wog native dialogs.obj
 0002:00002030       ??_C@_0M@FBOGBOAE@GSPBUT2?4DEF?$AA@ 1001d030     wog native dialogs.obj
 0002:0000203c       ??_C@_0BB@GPEKGKKL@HD?4Version?4Dword?$AA@ 1001d03c     wog native dialogs.obj
 0002:00002050       ??_C@_0O@EHOKGOGC@BattleLog?4pcx?$AA@ 1001d050     wog native dialogs.obj
 0002:00002060       ??_C@_0BL@MMODMCPC@HotA?4SwapMgrCalledFromTown?$AA@ 1001d060     wog native dialogs.obj
 0002:0000207c       ??_C@_03IAIAKOHP@?$CFdk?$AA@ 1001d07c     wog native dialogs.obj
 0002:00002080       ??_C@_07FBOLLOOC@?$CFdk?9?$CFdk?$AA@ 1001d080     wog native dialogs.obj
 0002:00002088       ??_C@_05BIKBEGBP@?$CFd?9?$CFd?$AA@ 1001d088     wog native dialogs.obj
 0002:00002090       ??_C@_0N@HNNBMNKA@HoMM3?5ERA?5?$CFs?$AA@ 1001d090     wog native dialogs.obj
 0002:000020a0       ??_C@_0BJ@KIEKHMHA@?2zvs?2Lib1?4res?2txtres?4txt?$AA@ 1001d0a0     wog native dialogs.obj
 0002:000020bc       ??_C@_0BD@PDOEBPIC@wnd?4fonts?4big_font?$AA@ 1001d0bc     wog native dialogs.obj
 0002:000020d0       ??_C@_0BD@EKBKNPIB@wnd?4fonts?4med_font?$AA@ 1001d0d0     wog native dialogs.obj
 0002:000020e4       ??_C@_0BF@IEAOALNJ@wnd?4fonts?4small_font?$AA@ 1001d0e4     wog native dialogs.obj
 0002:000020fc       ??_C@_0BF@EBIEFLBD@wnd?4dlg_crexpo?4line0?$AA@ 1001d0fc     wog native dialogs.obj
 0002:00002114       ??_C@_0BF@FIJPGKFC@wnd?4dlg_crexpo?4line1?$AA@ 1001d114     wog native dialogs.obj
 0002:0000212c       ??_C@_0BF@HDLCDJJB@wnd?4dlg_crexpo?4line2?$AA@ 1001d12c     wog native dialogs.obj
 0002:00002144       ??_C@_0BF@GKKJAINA@wnd?4dlg_crexpo?4line3?$AA@ 1001d144     wog native dialogs.obj
 0002:0000215c       ??_C@_0BF@CFOIJOBH@wnd?4dlg_crexpo?4line4?$AA@ 1001d15c     wog native dialogs.obj
 0002:00002174       ??_C@_0BF@DMPDKPFG@wnd?4dlg_crexpo?4line5?$AA@ 1001d174     wog native dialogs.obj
 0002:0000218c       ??_C@_0BF@BHNOPMJF@wnd?4dlg_crexpo?4line6?$AA@ 1001d18c     wog native dialogs.obj
 0002:000021a4       ??_C@_0BF@OMFMNNE@wnd?4dlg_crexpo?4line7?$AA@ 1001d1a4     wog native dialogs.obj
 0002:000021bc       ??_C@_0BF@IJFNNBBL@wnd?4dlg_crexpo?4line8?$AA@ 1001d1bc     wog native dialogs.obj
 0002:000021d4       ??_C@_0BF@JAEGOAFK@wnd?4dlg_crexpo?4line9?$AA@ 1001d1d4     wog native dialogs.obj
 0002:000021ec       ??_C@_0BG@FKHLJJEB@wnd?4dlg_crexpo?4line10?$AA@ 1001d1ec     wog native dialogs.obj
 0002:00002204       ??_C@_0BG@EDGAKIAA@wnd?4dlg_crexpo?4line11?$AA@ 1001d204     wog native dialogs.obj
 0002:0000221c       ??_C@_0BP@EOCIECHH@wnd?4dlg_wog_options?4intro_font?$AA@ 1001d21c     wog native dialogs.obj
 0002:0000223c       ??_C@_0BO@PPEFPAOC@wnd?4dlg_wog_options?4bttn_name?$AA@ 1001d23c     wog native dialogs.obj
 0002:0000225c       ??_C@_0CB@EPGBDFLB@wnd?4dlg_commander?4bttn_open_hint@ 1001d25c     wog native dialogs.obj
 0002:00002280       ??_C@_0CB@HHJKNBKP@wnd?4dlg_commander?4bttn_exit_hint@ 1001d280     wog native dialogs.obj
 0002:000022a4       ??_C@_0CC@HPHIJKHC@wnd?4dlg_commander?4bttn_lvlup_hin@ 1001d2a4     wog native dialogs.obj
 0002:000022c8       ??_C@_0CD@CPLKJKFP@wnd?4dlg_commander?4bttn_dismiss_r@ 1001d2c8     wog native dialogs.obj
 0002:000022ec       ??_C@_0BL@COONMGDI@wnd?4combat?4finish_question?$AA@ 1001d2ec     wog native dialogs.obj
 0002:00002308       ??_C@_0BH@EFIKECO@wnd?4combat?4show_killed?$AA@ 1001d308     wog native dialogs.obj
 0002:00002320       ??_C@_0BD@BGMEGPKP@WoG?5Native?5Dialogs?$AA@ 1001d320     wog native dialogs.obj
 0002:00002333       ??_C@_00CNPNBAHC@?$AA@     1001d333     HoMM3_GUI.obj
 0002:00002338       __real@3fe0000000000000    1001d338      CIL library: CIL module
 0002:00002340       __FPinit                   1001d340     LIBCMT:_fpinit_.obj
 0002:00002344       __FPmtinit                 1001d344     LIBCMT:_fpinit_.obj
 0002:00002348       __FPmtterm                 1001d348     LIBCMT:_fpinit_.obj
 0002:0000234c       ??_C@_05KLBDPFGC@e?$CL000?$AA@ 1001d34c     LIBCMT:cvt.obj
 0002:00002358       __real@4150017ec0000000    1001d358     LIBCMT:_testfdiv_.obj
 0002:00002360       __real@4147ffff80000000    1001d360     LIBCMT:_testfdiv_.obj
 0002:00002368       ??_C@_0BK@NHEOCAHP@IsProcessorFeaturePresent?$AA@ 1001d368     LIBCMT:_testfdiv_.obj
 0002:00002384       ??_C@_08CPNIBGIE@KERNEL32?$AA@ 1001d384     LIBCMT:_testfdiv_.obj
 0002:00002390       ??_C@_06IMKFLFPG@1?$CDQNAN?$AA@ 1001d390     LIBCMT:_x10fout_.obj
 0002:00002398       ??_C@_05DNEBIAHO@1?$CDINF?$AA@ 1001d398     LIBCMT:_x10fout_.obj
 0002:000023a0       ??_C@_05PHHOCPM@1?$CDIND?$AA@ 1001d3a0     LIBCMT:_x10fout_.obj
 0002:000023a8       ??_C@_06PGGFOGJG@1?$CDSNAN?$AA@ 1001d3a8     LIBCMT:_x10fout_.obj
 0002:000023b0       __load_config_used         1001d3b0     LIBCMT:loadcfg.obj
 0002:0000245c       ??_R4exception@std@@6B@    1001d45c     LIBCMT:stdexcpt.obj
 0002:00002470       ??_R4type_info@@6B@        1001d470     LIBCMT:typinfo.obj
 0002:00002484       ??_R3type_info@@8          1001d484     LIBCMT:typinfo.obj
 0002:00002494       ??_R2type_info@@8          1001d494     LIBCMT:typinfo.obj
 0002:0000249c       ??_R1A@?0A@EA@type_info@@8 1001d49c     LIBCMT:typinfo.obj
 0002:000024b8       ??_R4bad_alloc@std@@6B@    1001d4b8     wog native dialogs.obj
 0002:000024cc       ??_R3bad_alloc@std@@8      1001d4cc     wog native dialogs.obj
 0002:000024dc       ??_R2bad_alloc@std@@8      1001d4dc     wog native dialogs.obj
 0002:000024e8       ??_R1A@?0A@EA@exception@std@@8 1001d4e8     wog native dialogs.obj
 0002:00002504       ??_R3exception@std@@8      1001d504     wog native dialogs.obj
 0002:00002514       ??_R2exception@std@@8      1001d514     wog native dialogs.obj
 0002:0000251c       ??_R1A@?0A@EA@bad_alloc@std@@8 1001d51c     wog native dialogs.obj
 0002:00002540       ___safe_se_handler_table   1001d540     <linker-defined>
 0002:0000254c       ___rtc_iaa                 1001d54c     LIBCMT:_initsect_.obj
 0002:00002550       ___rtc_izz                 1001d550     LIBCMT:_initsect_.obj
 0002:00002554       ___rtc_taa                 1001d554     LIBCMT:_initsect_.obj
 0002:00002558       ___rtc_tzz                 1001d558     LIBCMT:_initsect_.obj
 0002:00002934       __CT??_R0?AVexception@std@@@8??0exception@std@@QAE@ABV01@@Z12 1001d934     wog native dialogs.obj
 0002:00002950       __CT??_R0?AVbad_alloc@std@@@8??0bad_alloc@std@@QAE@ABV01@@Z12 1001d950     wog native dialogs.obj
 0002:0000296c       __CTA2?AVbad_alloc@std@@   1001d96c     wog native dialogs.obj
 0002:00002978       __TI2?AVbad_alloc@std@@    1001d978     wog native dialogs.obj
 0002:000029a4       __IMPORT_DESCRIPTOR_KERNEL32 1001d9a4     kernel32:KERNEL32.dll
 0002:000029b8       __NULL_IMPORT_DESCRIPTOR   1001d9b8     kernel32:KERNEL32.dll
 0003:0000000c       ??_R0?AVtype_info@@@8      1001f00c     LIBCMT:typinfo.obj
 0003:00000030       ___security_cookie         1001f030     LIBCMT:gs_cookie.obj
 0003:00000034       ___security_cookie_complement 1001f034     LIBCMT:gs_cookie.obj
 0003:000001b0       ___nullstring              1001f1b0     LIBCMT:output.obj
 0003:000001b4       ___wnullstring             1001f1b4     LIBCMT:output.obj
 0003:000001b8       __amblksiz                 1001f1b8     LIBCMT:heapinit.obj
 0003:000002f0       ___flsindex                1001f2f0     LIBCMT:tidtable.obj
 0003:000002f4       ___getvalueindex           1001f2f4     LIBCMT:tidtable.obj
 0003:000002f8       __aexit_rtn                1001f2f8     LIBCMT:crt0dat.obj
 0003:00000300       ___badioinfo               1001f300     LIBCMT:ioinit.obj
 0003:00000340       __First_FPE_Indx           1001f340     LIBCMT:winxfltr.obj
 0003:00000344       __Num_FPE                  1001f344     LIBCMT:winxfltr.obj
 0003:00000348       __XcptActTabSize           1001f348     LIBCMT:winxfltr.obj
 0003:0000034c       __XcptActTabCount          1001f34c     LIBCMT:winxfltr.obj
 0003:00000360       __iob                      1001f360     LIBCMT:_file.obj
 0003:000005e0       ___initialmbcinfo          1001f5e0     LIBCMT:mbctype.obj
 0003:00000800       __mbctype                  1001f800     LIBCMT:mbctype.obj
 0003:00000908       __mbcasemap                1001f908     LIBCMT:mbctype.obj
 0003:00000a08       ___ptmbcinfo               1001fa08     LIBCMT:mbctype.obj
 0003:00000b04       ___globallocalestatus      1001fb04     LIBCMT:glstatus.obj
 0003:00000b08       ___clocalestr              1001fb08     LIBCMT:nlsdata2.obj
 0003:00000b10       ___initiallocinfo          1001fb10     LIBCMT:nlsdata2.obj
 0003:00000be8       ___ptlocinfo               1001fbe8     LIBCMT:nlsdata2.obj
 0003:00000bec       ___lc_clike                1001fbec     LIBCMT:nlsdata2.obj
 0003:00000bf0       ___initiallocalestructinfo 1001fbf0     LIBCMT:nlsdata2.obj
 0003:00000bf8       __cfltcvt_tab              1001fbf8     LIBCMT:cmiscdat.obj
 0003:00000cd8       ___abort_behavior          1001fcd8     LIBCMT:abort.obj
 0003:00000cdc       __NLG_Destination          1001fcdc     LIBCMT:exsup.obj
 0003:00000cf0       __pctype                   1001fcf0     LIBCMT:ctype.obj
 0003:00000cf4       __pwctype                  1001fcf4     LIBCMT:ctype.obj
 0003:00000cf8       ___lc_time_c               1001fcf8     LIBCMT:strftime.obj
 0003:00000db0       ___lc_time_curr            1001fdb0     LIBCMT:strftime.obj
 0003:00000db4       ___lconv_static_decimal    1001fdb4     LIBCMT:lconv.obj
 0003:00000db8       ___lconv_c                 1001fdb8     LIBCMT:lconv.obj
 0003:00000de8       ___lconv                   1001fde8     LIBCMT:lconv.obj
 0003:00000dec       ___mb_cur_max              1001fdec     LIBCMT:nlsdata1.obj
 0003:00000df0       ___decimal_point           1001fdf0     LIBCMT:nlsdata1.obj
 0003:00000df4       ___decimal_point_length    1001fdf4     LIBCMT:nlsdata1.obj
 0003:00000e00       __coninpfh                 1001fe00     LIBCMT:initcon.obj
 0003:00000e04       __confh                    1001fe04     LIBCMT:initcon.obj
 0003:00000e10       __timezone                 1001fe10     LIBCMT:timeset.obj
 0003:00000e14       __daylight                 1001fe14     LIBCMT:timeset.obj
 0003:00000e18       __dstbias                  1001fe18     LIBCMT:timeset.obj
 0003:00000ea0       __tzname                   1001fea0     LIBCMT:timeset.obj
 0003:00000ec0       __lpdays                   1001fec0     LIBCMT:days.obj
 0003:00000ef4       __days                     1001fef4     LIBCMT:days.obj
 0003:00000f38       ?v_table_funcs@_CustomDlg_@@2PAIA 1001ff38     HoMM3_GUI.obj
 0003:00000f78       ?n_BigFont@@3PADA          1001ff78     wog native dialogs.obj
 0003:00000f7c       ?n_MedFont@@3PADA          1001ff7c     wog native dialogs.obj
 0003:00000f80       ?n_SmallFont@@3PADA        1001ff80     wog native dialogs.obj
 0003:00000f84       ?radioBttnDef@@3PADA       1001ff84     wog native dialogs.obj
 0003:00000f88       ?checkboxDef@@3PADA        1001ff88     wog native dialogs.obj
 0003:00000f8c       ?textProcD@@3PADA          1001ff8c     wog native dialogs.obj
 0003:00000f90       ?textProcS@@3PADA          1001ff90     wog native dialogs.obj
 0003:00000f94       ?npc1Def@@3PADA            1001ff94     wog native dialogs.obj
 0003:00000f98       ?npc2Def@@3PADA            1001ff98     wog native dialogs.obj
 0003:00000f9c       ?npc3Def@@3PADA            1001ff9c     wog native dialogs.obj
 0003:00000fa0       ?n_DlgExpMon@@3PADA        1001ffa0     wog native dialogs.obj
 0003:00000fa4       ??_R0?AVexception@std@@@8  1001ffa4     wog native dialogs.obj
 0003:00000fc0       ??_R0?AVbad_alloc@std@@@8  1001ffc0     wog native dialogs.obj
 0003:00000fdc       __fltused                  1001ffdc     LIBCMT:_fpinit_.obj
 0003:00000fe0       __ldused                   1001ffe0     LIBCMT:_fpinit_.obj
 0003:00001020       __pow10pos                 10020020     LIBCMT:_constpow_.obj
 0003:00001180       __pow10neg                 10020180     LIBCMT:_constpow_.obj
 0003:00001314       __aenvptr                  10020314     LIBCMT:dllcrt0.obj
 0003:00001318       __wenvptr                  10020318     LIBCMT:dllcrt0.obj
 0003:0000131c       ___error_mode              1002031c     LIBCMT:dllcrt0.obj
 0003:00001320       ___app_type                10020320     LIBCMT:dllcrt0.obj
 0003:0000164c       ___pInvalidArgHandler      1002064c     LIBCMT:invarg.obj
 0003:00001650       __crtheap                  10020650     LIBCMT:heapinit.obj
 0003:000017a8       ___sbh_pHeaderDefer        100207a8     LIBCMT:sbheap.obj
 0003:000017b4       ?_pnhHeap@@3P6AHI@ZA       100207b4     LIBCMT:handler.obj
 0003:000017b8       _gpFlsAlloc                100207b8     LIBCMT:tidtable.obj
 0003:000017bc       _gpFlsGetValue             100207bc     LIBCMT:tidtable.obj
 0003:000017c0       _gpFlsSetValue             100207c0     LIBCMT:tidtable.obj
 0003:000017c4       _gpFlsFree                 100207c4     LIBCMT:tidtable.obj
 0003:000017c8       __maxwait                  100207c8     LIBCMT:crtheap.obj
 0003:000017cc       __umaskval                 100207cc     LIBCMT:crt0dat.obj
 0003:000017d0       ___argc                    100207d0     LIBCMT:crt0dat.obj
 0003:000017d4       ___argv                    100207d4     LIBCMT:crt0dat.obj
 0003:000017d8       ___wargv                   100207d8     LIBCMT:crt0dat.obj
 0003:000017dc       __environ                  100207dc     LIBCMT:crt0dat.obj
 0003:000017e0       ___initenv                 100207e0     LIBCMT:crt0dat.obj
 0003:000017e4       __wenviron                 100207e4     LIBCMT:crt0dat.obj
 0003:000017e8       ___winitenv                100207e8     LIBCMT:crt0dat.obj
 0003:000017ec       __pgmptr                   100207ec     LIBCMT:crt0dat.obj
 0003:000017f0       __wpgmptr                  100207f0     LIBCMT:crt0dat.obj
 0003:000017f4       __exitflag                 100207f4     LIBCMT:crt0dat.obj
 0003:000017f8       __C_Termination_Done       100207f8     LIBCMT:crt0dat.obj
 0003:000017fc       __C_Exit_Done              100207fc     LIBCMT:crt0dat.obj
 0003:0000190c       ?__pInconsistency@@3P6AXXZA 1002090c     LIBCMT:hooks.obj
 0003:00001910       __cflush                   10020910     LIBCMT:_file.obj
 0003:00001918       ___mbulinfo                10020918     LIBCMT:mbctype.obj
 0003:00001924       ___mbcodepage              10020924     LIBCMT:mbctype.obj
 0003:00001928       ___ismbcodepage            10020928     LIBCMT:mbctype.obj
 0003:0000192c       ___mblcid                  1002092c     LIBCMT:mbctype.obj
 0003:00001930       ___locale_changed          10020930     LIBCMT:setlocal.obj
 0003:00001934       ___lc_handle               10020934     LIBCMT:nlsdata2.obj
 0003:0000194c       ___lc_codepage             1002094c     LIBCMT:nlsdata2.obj
 0003:00001950       ___lc_collate_cp           10020950     LIBCMT:nlsdata2.obj
 0003:00001c6c       __newmode                  10020c6c     LIBCMT:_newmode.obj
 0003:00001c88       ?pArgList@UnDecorator@@0PAVReplicator@@A 10020c88     LIBCMT:undname.obj
 0003:00001c8c       ?pZNameList@UnDecorator@@0PAVReplicator@@A 10020c8c     LIBCMT:undname.obj
 0003:00001c90       ?pTemplateArgList@UnDecorator@@0PAVReplicator@@A 10020c90     LIBCMT:undname.obj
 0003:00001c94       ?gName@UnDecorator@@0PBDB  10020c94     LIBCMT:undname.obj
 0003:00001c98       ?name@UnDecorator@@0PBDB   10020c98     LIBCMT:undname.obj
 0003:00001c9c       ?outputString@UnDecorator@@0PADA 10020c9c     LIBCMT:undname.obj
 0003:00001ca0       ?maxStringLength@UnDecorator@@0HA 10020ca0     LIBCMT:undname.obj
 0003:00001ca4       ?disableFlags@UnDecorator@@0KA 10020ca4     LIBCMT:undname.obj
 0003:00001ca8       ?m_pGetParameter@UnDecorator@@0P6APADJ@ZA 10020ca8     LIBCMT:undname.obj
 0003:00001cac       ?fExplicitTemplateParams@UnDecorator@@0_NA 10020cac     LIBCMT:undname.obj
 0003:00001cad       ?fGetTemplateArgumentList@UnDecorator@@0_NA 10020cad     LIBCMT:undname.obj
 0003:00001cd0       ___pPurecall               10020cd0     LIBCMT:inithelp.obj
 0003:00001cdc       ___lconv_static_null       10020cdc     LIBCMT:lconv.obj
 0003:00001ce0       __stdbuf                   10020ce0     LIBCMT:_sftbuf.obj
 0003:00001db8       ?json_Combat@@3PAPADA      10020db8     wog native dialogs.obj
 0003:00001dc0       ?myString2@@3PADA          10020dc0     wog native dialogs.obj
 0003:000021c0       ?NPC_Def@@3PAU_DlgStaticDef_@@A 100211c0     wog native dialogs.obj
 0003:000021c4       ?json_WoGOpt@@3PAPADA      100211c4     wog native dialogs.obj
 0003:000021cc       ?smalfont2@@3PAU_Fnt_@@A   100211cc     wog native dialogs.obj
 0003:000021d0       ?saveManaHero@@3PAY01HA    100211d0     wog native dialogs.obj
 0003:000021e0       ?dlgHeroLvlUp_heroID@@3IA  100211e0     wog native dialogs.obj
 0003:000021e4       ?_PI@@3PAVPatcherInstance@@A 100211e4     wog native dialogs.obj
 0003:000021e8       ?myString1@@3PADA          100211e8     wog native dialogs.obj
 0003:000025e8       ?inTownDlg@@3_NA           100215e8     wog native dialogs.obj
 0003:000025ec       ?_P@@3PAVPatcher@@A        100215ec     wog native dialogs.obj
 0003:000025f0       ?isNeedRestore@@3HA        100215f0     wog native dialogs.obj
 0003:000025f4       ?json_CrExpo@@3PAPADA      100215f4     wog native dialogs.obj
 0003:00002624       ?json_Npc@@3PAPADA         10021624     wog native dialogs.obj
 0003:00002634       ?damLo@@3HA                10021634     wog native dialogs.obj
 0003:00002638       ?medfont2@@3PAU_Fnt_@@A    10021638     wog native dialogs.obj
 0003:0000263c       ?QuickBattle_SAVE@@3HA     1002163c     wog native dialogs.obj
 0003:00002640       ?o_ScrollItems@@3PAU_ScrollItems_@@A 10021640     wog native dialogs.obj
 0003:00002644       ?timeClickAvtoSolo@@3HA    10021644     wog native dialogs.obj
 0003:00002648       ?HD_Version@@3HA           10021648     wog native dialogs.obj
 0003:0000264c       ?saveCursor@@3PAHA         1002164c     wog native dialogs.obj
 0003:00002658       ?time_click@@3HA           10021658     wog native dialogs.obj
 0003:0000265c       ?hAngel@Era@@3PAUHINSTANCE__@@A 1002165c     wog native dialogs.obj
 0003:00002660       ?hEra@Era@@3PAUHINSTANCE__@@A 10021660     wog native dialogs.obj
 0003:00002664       ?focusedItemID@@3HA        10021664     wog native dialogs.obj
 0003:00002668       ?my_TimeClick_MsgBox@@3HA  10021668     wog native dialogs.obj
 0003:0000266c       ?txtresWOG@@3PAU_TXT_@@A   1002166c     wog native dialogs.obj
 0003:00002670       ?damHi@@3HA                10021670     wog native dialogs.obj
 0003:00002674       ?bigfont2@@3PAU_Fnt_@@A    10021674     wog native dialogs.obj
 0003:00002678       ?myString3@@3PADA          10021678     wog native dialogs.obj
 0003:00002a78       ?EventParams@Era@@3PAY0BA@HA 10021a78     wog native dialogs.obj
 0003:00002a7c       ?ApiHook@Era@@3P6GPAXPAXH0@ZA 10021a7c     wog native dialogs.obj
 0003:00002a80       ?ClearAllIniCache@Era@@3P6GXXZA 10021a80     wog native dialogs.obj
 0003:00002a84       ?ClearIniCache@Era@@3P6GXPBD@ZA 10021a84     wog native dialogs.obj
 0003:00002a88       ?ExecErmCmd@Era@@3P6GXPBD@ZA 10021a88     wog native dialogs.obj
 0003:00002a8c       ?ExtractErm@Era@@3P6GXXZA  10021a8c     wog native dialogs.obj
 0003:00002a90       ?FatalError@Era@@3P6GXPBD@ZA 10021a90     wog native dialogs.obj
 0003:00002a94       ?FireErmEvent@Era@@3P6GXH@ZA 10021a94     wog native dialogs.obj
 0003:00002a98       ?FireEvent@Era@@3P6GXPBDPAXH@ZA 10021a98     wog native dialogs.obj
 0003:00002a9c       ?GetButtonID@Era@@3P6GHPBD@ZA 10021a9c     wog native dialogs.obj
 0003:00002aa0       ?GetEraVersion@Era@@3P6GPBDXZA 10021aa0     wog native dialogs.obj
 0003:00002aa4       ?GetVersionNum@Era@@3P6GHXZA 10021aa4     wog native dialogs.obj
 0003:00002aa8       ?GetGameState@Era@@3P6GXPAUTGameState@1@@ZA 10021aa8     wog native dialogs.obj
 0003:00002aac       ?GetRealAddr@Era@@3P6GPAXPAX@ZA 10021aac     wog native dialogs.obj
 0003:00002ab0       ?GlobalRedirectFile@Era@@3P6GXXZA 10021ab0     wog native dialogs.obj
 0003:00002ab4       ?Hook@Era@@3P6GPAXPAXHH0@ZA 10021ab4     wog native dialogs.obj
 0003:00002ab8       ?HookCode@Era@@3P6GPAXPAXP6GHPAUTHookContext@1@@ZPAPAX@ZA 10021ab8     wog native dialogs.obj
 0003:00002abc       ?LoadImageAsPcx16@Era@@3P6GPAXPBD0HHHHH@ZA 10021abc     wog native dialogs.obj
 0003:00002ac0       ?LoadTxt@Era@@3P6GPAXPBD@ZA 10021ac0     wog native dialogs.obj
 0003:00002ac4       ?MemFree@Era@@3P6GXPBX@ZA  10021ac4     wog native dialogs.obj
 0003:00002ac8       ?NameColor@Era@@3P6GXHPBD@ZA 10021ac8     wog native dialogs.obj
 0003:00002acc       ?NotifyError@Era@@3P6GXPBD@ZA 10021acc     wog native dialogs.obj
 0003:00002ad0       ?PatchExists@Era@@3P6G_NPBD@ZA 10021ad0     wog native dialogs.obj
 0003:00002ad4       ?PluginExists@Era@@3P6G_NPBD@ZA 10021ad4     wog native dialogs.obj
 0003:00002ad8       ?ReadSavegameSection@Era@@3P6GHHPAXPBD@ZA 10021ad8     wog native dialogs.obj
 0003:00002adc       ?ReadStrFromIni@Era@@3P6G_NPBD00PAD@ZA 10021adc     wog native dialogs.obj
 0003:00002ae0       ?RecallAPI@Era@@3P6GHPAUTHookContext@1@H@ZA 10021ae0     wog native dialogs.obj
 0003:00002ae4       ?RedirectFile@Era@@3P6GXXZA 10021ae4     wog native dialogs.obj
 0003:00002ae8       ?RedirectMemoryBlock@Era@@3P6GXPAXH0@ZA 10021ae8     wog native dialogs.obj
 0003:00002aec       ?RegisterHandler@Era@@3P6GXP6GXPAUTEvent@1@@ZPBD@ZA 10021aec     wog native dialogs.obj
 0003:00002af0       ?ReloadErm@Era@@3P6GXXZA   10021af0     wog native dialogs.obj
 0003:00002af4       ?ReportPluginVersion@Era@@3P6GXPBD@ZA 10021af4     wog native dialogs.obj
 0003:00002af8       ?RestoreEventParams@Era@@3P6GXXZA 10021af8     wog native dialogs.obj
 0003:00002afc       ?SaveEventParams@Era@@3P6GXXZA 10021afc     wog native dialogs.obj
 0003:00002b00       ?SaveIni@Era@@3P6G_NPBD@ZA 10021b00     wog native dialogs.obj
 0003:00002b04       ?Splice@Era@@3P6GPAXPAX0HHPAHPAPAX@ZA 10021b04     wog native dialogs.obj
 0003:00002b08       ?_tr@Era@@3P6GPADPBDPAPBDH@ZA 10021b08     wog native dialogs.obj
 0003:00002b0c       ?WriteAtCode@Era@@3P6GXHPAX0@ZA 10021b0c     wog native dialogs.obj
 0003:00002b10       ?WriteSavegameSection@Era@@3P6GXHPAXPBD@ZA 10021b10     wog native dialogs.obj
 0003:00002b14       ?WriteStrToIni@Era@@3P6G_NPBD000@ZA 10021b14     wog native dialogs.obj
 0003:00002b18       ?GetDefaultMsgBoxItId@Era@@3P6GHXZA 10021b18     wog native dialogs.obj
 0003:00002b1c       ?ERA_VERSION@@3HA          10021b1c     wog native dialogs.obj
 0003:00002b20       ?NPC_StatBar@@3PAU_DlgStaticTextPcx8ed_@@A 10021b20     wog native dialogs.obj
 0003:00002b24       ?BanDlg_CustomReq_EnterText@@3HA 10021b24     wog native dialogs.obj
 0003:00002b28       ?o_Sphinx1@@3PAU_Sphinx1_@@A 10021b28     wog native dialogs.obj
 0003:00002b2c       ?Dlg_CustomReq_Ban@@3HA    10021b2c     wog native dialogs.obj
 0003:00002b30       ?statbarWoGOptions@@3PAU_DlgStaticTextPcx8ed_@@A 10021b30     wog native dialogs.obj
 0003:00002b34       ?apdFont@@3HA              10021b34     wog native dialogs.obj
 0003:00002b38       ?calls_count@?1??GetPatcher@@YAPAVPatcher@@XZ@4HA 10021b38     wog native dialogs.obj
 0003:00002b40       ___fastflag                10021b40     LIBCMT:_fpinit_.obj
 0003:00002b44       __adjust_fdiv              10021b44     LIBCMT:_fpinit_.obj
 0003:00002b48       __outputformat             10021b48     LIBCMT:outputformat.obj
 0003:00002b4c       ___piob                    10021b4c     <common>
 0003:00002b60       __bufin                    10021b60     <common>
 0003:00003b60       __nstream                  10022b60     <common>
 0003:00003b64       ___sse2_available          10022b64     <common>
 0003:00003b68       __debugger_hook_dummy      10022b68     <common>
 0003:00003b6c       __nhandle                  10022b6c     <common>
 0003:00003b80       ___pioinfo                 10022b80     <common>
 0003:00003c80       ___env_initialized         10022c80     <common>
 0003:00003c84       ___onexitend               10022c84     <common>
 0003:00003c88       ___onexitbegin             10022c88     <common>
 0003:00003c8c       ___mbctype_initialized     10022c8c     <common>
 0003:00003c90       ___dyn_tls_init_callback   10022c90     <common>
 0003:00003c94       ___sbh_cntHeaderList       10022c94     <common>
 0003:00003c98       ___sbh_pHeaderList         10022c98     <common>
 0003:00003c9c       ___sbh_threshold           10022c9c     <common>
 0003:00003ca0       ___sbh_pHeaderScan         10022ca0     <common>
 0003:00003ca4       ___sbh_sizeHeaderList      10022ca4     <common>
 0003:00003ca8       ___sbh_indGroupDefer       10022ca8     <common>
 0003:00003cac       ___active_heap             10022cac     <common>
 0003:00003cb0       __acmdln                   10022cb0     <common>

 entry point at        0001:0000dbb8

 Static symbols

 0001:0000dac2       ___DllMainCRTStartup       1000eac2 f   LIBCMT:dllcrt0.obj
 0001:0000e508       _write_char                1000f508 f   LIBCMT:output.obj
 0001:0000e53b       _write_multi_char          1000f53b f   LIBCMT:output.obj
 0001:0000e561       _write_string              1000f561 f   LIBCMT:output.obj
 0001:000106b8       __onexit_nolock            100116b8 f   LIBCMT:onexit.obj
 0001:00010fc5       __initterm                 10011fc5 f   LIBCMT:crt0dat.obj
 0001:0001108b       _doexit                    1001208b f   LIBCMT:crt0dat.obj
 0001:000115aa       _parse_cmdline             100125aa f   LIBCMT:stdargv.obj
 0001:00011c94       _fastcopy_I                10012c94 f   LIBCMT:p4_memcpy.obj
 0001:00011dfe       _has_osfxsr_set            10012dfe f   LIBCMT:cpu_disp.obj
 0001:00012afe       ?CPtoLCID@@YAHH@Z          10013afe f   LIBCMT:mbctype.obj
 0001:00012b2d       ?setSBCS@@YAXPAUthreadmbcinfostruct@@@Z 10013b2d f   LIBCMT:mbctype.obj
 0001:00012b91       ?setSBUpLow@@YAXPAUthreadmbcinfostruct@@@Z 10013b91 f   LIBCMT:mbctype.obj
 0001:00012dc8       ?getSystemCP@@YAHH@Z       10013dc8 f   LIBCMT:mbctype.obj
 0001:00013452       __updatetlocinfoEx_nolock  10014452 f   LIBCMT:setlocal.obj
 0001:00013a98       __unwind_handler4          10014a98 f   LIBCMT:exsup4.obj
 0001:00013cad       _fastzero_I                10014cad f   LIBCMT:p4_memset.obj
 0001:0001418d       _siglookup                 1001518d f   LIBCMT:winsig.obj
 0001:0001439f       ?x_ismbbtype_l@@YAHPAUlocaleinfo_struct@@IHH@Z 1001539f f   LIBCMT:ismbbyte.obj
 0001:00014544       __unwind_handler           10015544 f   LIBCMT:exsup.obj
 0001:00014b9a       _flsall                    10015b9a f   LIBCMT:fflush.obj
 0001:00014c9d       ?__crtLCMapStringA_stat@@YAHPAUlocaleinfo_struct@@KKPBDHPADHHH@Z 10015c9d f   LIBCMT:a_map.obj
 0001:00015087       ?__crtGetStringTypeA_stat@@YAHPAUlocaleinfo_struct@@KPBDHPAGHHH@Z 10016087 f   LIBCMT:a_str.obj
 0001:000156a9       ?strtoxl@@YAKPAUlocaleinfo_struct@@PBDPAPBDHH@Z 100166a9 f   LIBCMT:strtol.obj
 0001:00016758       __shift                    10017758 f   LIBCMT:cvt.obj
 0001:0001679d       __cftoe2_l                 1001779d f   LIBCMT:cvt.obj
 0001:00016d6f       __cftof2_l                 10017d6f f   LIBCMT:cvt.obj
 0001:000190ff       __hw_cw                    1001a0ff f   LIBCMT:_ieee87_.obj
 0001:0001918d       ___hw_cw_sse2              1001a18d f   LIBCMT:_ieee87_.obj
 0001:00019780       ??__Fnomem@?5???2@YAPAXI@Z@YAXXZ 1001a780 f   LIBCMT:new.obj
