 wog native dialogs

 Timestamp is 6182a389 (Wed Nov 03 17:58:17 2021)

 Preferred load address is 10000000

 Start         Length     Name                   Class
 0001:00000000 00022a4cH .text                   CODE
 0001:00022a50 00000881H .text$x                 CODE
 0001:000232d1 00000014H .text$yd                CODE
 0002:00000000 0000013cH .idata$5                DATA
 0002:0000013c 00000004H .CRT$XCA                DATA
 0002:00000140 00000004H .CRT$XCZ                DATA
 0002:00000144 00000004H .CRT$XIA                DATA
 0002:00000148 00000010H .CRT$XIC                DATA
 0002:00000158 00000004H .CRT$XIZ                DATA
 0002:0000015c 00000004H .CRT$XPA                DATA
 0002:00000160 00000004H .CRT$XPX                DATA
 0002:00000164 00000004H .CRT$XPXA               DATA
 0002:00000168 00000004H .CRT$XPZ                DATA
 0002:0000016c 00000004H .CRT$XTA                DATA
 0002:00000170 00000004H .CRT$XTZ                DATA
 0002:00000180 00002670H .rdata                  DATA
 0002:000027f0 00000067H .rdata$debug            DATA
 0002:00002858 00000214H .rdata$r                DATA
 0002:00002a70 000000a0H .rdata$sxdata           DATA
 0002:00002b10 00000004H .rtc$IAA                DATA
 0002:00002b14 00000004H .rtc$IZZ                DATA
 0002:00002b18 00000004H .rtc$TAA                DATA
 0002:00002b1c 00000004H .rtc$TZZ                DATA
 0002:00002b20 00000e64H .xdata$x                DATA
 0002:00003984 00000028H .idata$2                DATA
 0002:000039ac 00000014H .idata$3                DATA
 0002:000039c0 0000013cH .idata$4                DATA
 0002:00003afc 0000059cH .idata$6                DATA
 0002:000040a0 0000005eH .edata                  DATA
 0003:00000000 00001398H .data                   DATA
 0003:000013a0 000039b8H .bss                    DATA

  Address         Publics by Value              Rva+Base       Lib:Object

 0000:00000000       __except_list              00000000     <absolute>
 0000:00000028       ___safe_se_handler_count   00000028     <absolute>
 0000:00000000       ___ImageBase               10000000     <linker-defined>
 0001:00000000       ?WriteCodePatch@PatcherInstance@@QAAPAVPatch@@IPADZZ 10001000 f i wog native dialogs.obj
 0001:00000020       ??1bad_alloc@std@@UAE@XZ   10001020 f i wog native dialogs.obj
 0001:00000030       ??_Ebad_alloc@std@@UAEPAXI@Z 10001030 f i  CIL library: CIL module
 0001:00000030       ??_Gbad_alloc@std@@UAEPAXI@Z 10001030 f i wog native dialogs.obj
 0001:00000060       ??3@YAXPAX0@Z              10001060 f i wog native dialogs.obj
 0001:00000070       ?compare@?$char_traits@D@std@@SAHPBD0I@Z 10001070 f i wog native dialogs.obj
 0001:000000f0       ??0logic_error@std@@QAE@ABV?$basic_string@DU?$char_traits@D@std@@V?$allocator@D@2@@1@@Z 100010f0 f i wog native dialogs.obj
 0001:00000160       ??1length_error@std@@UAE@XZ 10001160 f i wog native dialogs.obj
 0001:00000160       ??1logic_error@std@@UAE@XZ 10001160 f i wog native dialogs.obj
 0001:000001a0       ?what@logic_error@std@@UBEPBDXZ 100011a0 f i wog native dialogs.obj
 0001:000001b0       ??0length_error@std@@QAE@ABV?$basic_string@DU?$char_traits@D@std@@V?$allocator@D@2@@1@@Z 100011b0 f i wog native dialogs.obj
 0001:000001d0       ??_Elength_error@std@@UAEPAXI@Z 100011d0 f i  CIL library: CIL module
 0001:000001d0       ??_Glogic_error@std@@UAEPAXI@Z 100011d0 f i wog native dialogs.obj
 0001:000001d0       ??_Elogic_error@std@@UAEPAXI@Z 100011d0 f i  CIL library: CIL module
 0001:000001d0       ??_Glength_error@std@@UAEPAXI@Z 100011d0 f i wog native dialogs.obj
 0001:00000220       ??0logic_error@std@@QAE@ABV01@@Z 10001220 f i wog native dialogs.obj
 0001:000002a0       ?Redraw@_Dlg_@@QAEXH@Z     100012a0 f i wog native dialogs.obj
 0001:000002c0       ?AddItem@_Dlg_@@QAEXPAU_DlgItem_@@@Z 100012c0 f i wog native dialogs.obj
 0001:000002f0       ?Create@_DlgStaticPcx8_@@SAPAU1@HHHHHPAD@Z 100012f0 f i wog native dialogs.obj
 0001:00000330       ?Create@_DlgStaticPcx8_@@SAPAU1@HHHPAD@Z 10001330 f i wog native dialogs.obj
 0001:00000380       ?Create@_DlgStaticDef_@@SAPAU1@HHHPADHHH@Z 10001380 f i wog native dialogs.obj
 0001:000003e0       ?Create@_DlgStaticPcx16_@@SAPAU1@HHHHHPADI@Z 100013e0 f i wog native dialogs.obj
 0001:00000420       ?Create@_DlgButton_@@SAPAU1@HHHPADHHHH@Z 10001420 f i wog native dialogs.obj
 0001:00000470       ?Create@_DlgTextButton_@@SAPAU1@HHHPAD00HHHHH@Z 10001470 f i wog native dialogs.obj
 0001:000004d0       ?b_MsgBox@@YAHPADH@Z       100014d0 f i wog native dialogs.obj
 0001:00000500       ?b_MsgBoxD@@YAHPADHHH@Z    10001500 f i wog native dialogs.obj
 0001:00000540       ?GetHero@_GameMgr_@@QAEPAU_Hero_@@H@Z 10001540 f i wog native dialogs.obj
 0001:00000560       ?Get_ITxtExp@@YAPADH@Z     10001560 f i wog native dialogs.obj
 0001:00000580       ?Y_Mouse_SetCursor@@YAXH@Z 10001580 f   wog native dialogs.obj
 0001:00000610       ?Set_DlgBackground_RK@@YAHPAU_Dlg_@@HH@Z 10001610 f   wog native dialogs.obj
 0001:00000bc0       ?b_MsgBoxAndDef@@YAXPADH0@Z 10001bc0 f   wog native dialogs.obj
 0001:00000df0       ?b_MsgBoxAndPcx8@@YAXPAD0H@Z 10001df0 f   wog native dialogs.obj
 0001:00001170       ?b_MsgBoxBig@@YAXPADD@Z    10002170 f   wog native dialogs.obj
 0001:000012b0       ?Y_MsgBoxAndAnimatedDef_Proc@@YGHPAV_CustomDlg_@@PAU_DlgMsg_@@@Z 100022b0 f   wog native dialogs.obj
 0001:00001330       ?b_MsgBoxAndAnimatedDef@@YAXPAD0@Z 10002330 f   wog native dialogs.obj
 0001:000016a0       ?e_ClickSound@@YAXXZ       100026a0 f i wog native dialogs.obj
 0001:000016f0       ?ConnectEra@Era@@YAXXZ     100026f0 f   wog native dialogs.obj
 0001:00001a30       ?F_MsgBox_ResetYellowFrames@@YAHPAU_Dlg_@@H@Z 10002a30 f   wog native dialogs.obj
 0001:00001a80       ?F_MsgBox_Return@@YAHPAU_DlgMsg_@@H@Z 10002a80 f   wog native dialogs.obj
 0001:00001ab0       ?Y_New_MsgBox_GetNextItem@@YAHHH@Z 10002ab0 f   wog native dialogs.obj
 0001:00001bb0       ?Y_New_MsgBox_Proc@@YGHPAVHiHook@@PAU_DlgMsg_@@@Z 10002bb0 f   wog native dialogs.obj
 0001:00001dc0       ?Y_New_MsgBox_SetDefaultFrameEnabled@@YGHPAVLoHook@@PAUHookContext@@@Z 10002dc0 f   wog native dialogs.obj
 0001:00001e70       ?Y_New_MsgBox_GetBitMask@@YGHPAVHiHook@@PAU_GameMgr_@@@Z 10002e70 f   wog native dialogs.obj
 0001:00001ee0       ?Dlg_MsgBox@@YAXPAVPatcherInstance@@@Z 10002ee0 f   wog native dialogs.obj
 0001:00001f70       ?Y_Dlg_WoGMessage@@YGHPAVHiHook@@PAD1111@Z 10002f70 f   wog native dialogs.obj
 0001:00002130       ?Y_WoG_PicDlg_Pcx8@@YGXPAVHiHook@@PAD1@Z 10003130 f   wog native dialogs.obj
 0001:000023d0       ?Y_WoG_PicDlg_Def@@YGXPAVHiHook@@PAD1@Z 100033d0 f   wog native dialogs.obj
 0001:00002670       ?Dlg_WoGMessageBox@@YAXPAVPatcherInstance@@@Z 10003670 f   wog native dialogs.obj
 0001:000026d0       ?Dlg_ChangeBmp@@YAXPAVPatcherInstance@@@Z 100036d0 f   wog native dialogs.obj
 0001:000034e0       ?Y_New_CommanderDlg_Proc@@YGHPAV_CustomDlg_@@PAU_DlgMsg_@@@Z 100044e0 f   wog native dialogs.obj
 0001:00003c70       ?Y_Dlg_NPC_Show@@YGHPAVHiHook@@PAU_DlgNPC_@@@Z 10004c70 f   wog native dialogs.obj
 0001:00005370       ?Y_Dlg_NPC_Prepare@@YGXPAVHiHook@@PAU_Npc_@@HHH@Z 10006370 f   wog native dialogs.obj
 0001:000053b0       ?Y_Dlg_NPC_ShowAgain_IfGetArtHero@@YGHPAVLoHook@@PAUHookContext@@@Z 100063b0 f   wog native dialogs.obj
 0001:000053d0       ?Y_HeroDlg_Create@@YGPAV_CustomDlg_@@PAVHiHook@@PAV1@@Z 100063d0 f   wog native dialogs.obj
 0001:00005430       ?Y_HeroDlg_Proc@@YGHPAVHiHook@@PAV_CustomDlg_@@PAU_DlgMsg_@@@Z 10006430 f   wog native dialogs.obj
 0001:000056a0       ?Dlg_NPC@@YAXPAVPatcherInstance@@@Z 100066a0 f   wog native dialogs.obj
 0001:00005730       ?New_Dlg_ExpaMon_Case8@@YAHH@Z 10006730 f   wog native dialogs.obj
 0001:00006090       ?New_Dlg_ExpaMon_BannerDlg_Proc@@YGHPAV_CustomDlg_@@PAU_DlgMsg_@@@Z 10007090 f   wog native dialogs.obj
 0001:00006160       ?New_Dlg_ExpaMon_BannerDlg@@YAHXZ 10007160 f   wog native dialogs.obj
 0001:00006560       ?New_Dlg_ExpaMon_Proc@@YGHPAV_CustomDlg_@@PAU_DlgMsg_@@@Z 10007560 f   wog native dialogs.obj
 0001:00006980       ?Y_NewDlg_CreatureExpo@@YGHPAVHiHook@@PAU_CreatureExpo_@@@Z 10007980 f   wog native dialogs.obj
 0001:00007550       ?Y_WoGCurseDlg_Proc@@YGHPAV_CustomDlg_@@PAU_DlgMsg_@@@Z 10008550 f   wog native dialogs.obj
 0001:00007650       ?Y_WoGCurseDlg_Show@@YGHPAVLoHook@@PAUHookContext@@@Z 10008650 f   wog native dialogs.obj
 0001:000079f0       ?Y_WoGDlg_ChooseArt_Proc@@YGHPAV_CustomDlg_@@PAU_DlgMsg_@@@Z 100089f0 f   wog native dialogs.obj
 0001:00007ce0       ?Y_WoGDlg_ChooseArt@@YGHPAVHiHook@@HPAU_Hero_@@H@Z 10008ce0 f   wog native dialogs.obj
 0001:00008360       ?WoG_PlaceCreature_RMC_Crtl@@YGHPAVLoHook@@PAUHookContext@@@Z 10009360 f   wog native dialogs.obj
 0001:00008390       _UseWin32InputControl      10009390 f   wog native dialogs.obj
 0001:000083b0       ?IsSupportedFormatImage@@YAHPAD@Z 100093b0 f   wog native dialogs.obj
 0001:00008690       ?New_Dlg_CustomReq_Proc@@YGHPAV_CustomDlg_@@PAU_DlgMsg_@@@Z 10009690 f   wog native dialogs.obj
 0001:00008850       ?New_Dlg_CustomReq@@YAHPAU_Sphinx1_@@@Z 10009850 f   wog native dialogs.obj
 0001:00009ab0       ?Y_Dlg_CustomReq@@YGHPAVHiHook@@HHPAPAD@Z 1000aab0 f   wog native dialogs.obj
 0001:00009d80       ?Y_WoGDlg_SphinxReq@@YGHPAVHiHook@@H@Z 1000ad80 f   wog native dialogs.obj
 0001:00009f10       ?Y_Dlg_QuickDialog@@YGHPAVHiHook@@PAU_Sphinx1_@@@Z 1000af10 f   wog native dialogs.obj
 0001:00009fa0       ?Y_Dlg_CustomPic@@YGHPAVHiHook@@HH@Z 1000afa0 f   wog native dialogs.obj
 0001:0000a300       ?Dlg_Sphinx@@YAXPAVPatcherInstance@@@Z 1000b300 f   wog native dialogs.obj
 0001:0000a3c0       ?New_Dlg_IF_G_Proc@@YGHPAV_CustomDlg_@@PAU_DlgMsg_@@@Z 1000b3c0 f   wog native dialogs.obj
 0001:0000a4e0       ?New_Dlg_IF_G@@YAHPAU_CheckBoxes_@@@Z 1000b4e0 f   wog native dialogs.obj
 0001:0000a930       ?New_Dlg_IF_G_Lo@@YGHPAVLoHook@@PAUHookContext@@@Z 1000b930 f   wog native dialogs.obj
 0001:0000a990       ?Dlg_IFG@@YAXPAVPatcherInstance@@@Z 1000b990 f   wog native dialogs.obj
 0001:0000a9e0       ?Dlg_ChooseMonAttack_Proc@@YGHPAV_CustomDlg_@@PAU_DlgMsg_@@@Z 1000b9e0 f   wog native dialogs.obj
 0001:0000aa20       ?Dlg_ChooseMonAttack@@YGHPAVHiHook@@HHH@Z 1000ba20 f   wog native dialogs.obj
 0001:0000ad00       ?Y_NewScenarioDlg_SetScrolledShoose@@YAHPAU_NewScenarioDlg_@@PAU_DlgMsg_@@@Z 1000bd00 f   wog native dialogs.obj
 0001:0000ad90       ?Redraw_WoGDlgSetup_ElemOnPage@@YAHPAV_CustomDlg_@@PAU_DlgSetup_@@H@Z 1000bd90 f   wog native dialogs.obj
 0001:0000af80       ?ShowHide_WoGDlgSetup_ElemOnPage@@YAHPAV_CustomDlg_@@HPAU_DlgSetup_@@H@Z 1000bf80 f   wog native dialogs.obj
 0001:0000b170       ?Create_WoGDlgSetup_ElemOnPage@@YAHPAV_CustomDlg_@@HPAU_DlgSetup_@@@Z 1000c170 f   wog native dialogs.obj
 0001:0000b560       ?setYellowFrames@@YAXPAV_CustomDlg_@@H@Z 1000c560 f   wog native dialogs.obj
 0001:0000c0c0       ?Dlg_WoG_Options_Proc@@YGHPAV_CustomDlg_@@PAU_DlgMsg_@@@Z 1000d0c0 f   wog native dialogs.obj
 0001:0000c810       ?Dlg_WoG_Options_Show@@YGXPAVHiHook@@H@Z 1000d810 f   wog native dialogs.obj
 0001:0000cd60       ?Y_NewScenarioDlg_Proc@@YGHPAVHiHook@@PAU_NewScenarioDlg_@@PAU_DlgMsg_@@@Z 1000dd60 f   wog native dialogs.obj
 0001:0000cdf0       ?Y_NewScenarioDlg_BlockScrollBar@@YGHPAVHiHook@@PAX@Z 1000ddf0 f   wog native dialogs.obj
 0001:0000ce20       ?Y_NewScenarioDlg_Create@@YGXPAVHiHook@@PAU_NewScenarioDlg_@@H@Z 1000de20 f   wog native dialogs.obj
 0001:0000ce80       ?Dlg_WoGOptions@@YAXPAVPatcherInstance@@@Z 1000de80 f   wog native dialogs.obj
 0001:0000cf30       ?WOG_ProcessAll@@YGXPAVHiHook@@@Z 1000df30 f   wog native dialogs.obj
 0001:0000d210       ?Dlg_SaveDatFile1@@YGHPAVLoHook@@PAUHookContext@@@Z 1000e210 f   wog native dialogs.obj
 0001:0000d2a0       ?Dlg_LoadDatFile1@@YGHPAVLoHook@@PAUHookContext@@@Z 1000e2a0 f   wog native dialogs.obj
 0001:0000d330       ?WoGOptionsStrings@@YAXPAVPatcherInstance@@@Z 1000e330 f   wog native dialogs.obj
 0001:0000d390       ?Dlg_ChooseCastleReBuild_Proc@@YGHPAV_CustomDlg_@@PAU_DlgMsg_@@@Z 1000e390 f   wog native dialogs.obj
 0001:0000d4e0       ?Dlg_ChooseCastleReBuild@@YAHXZ 1000e4e0 f   wog native dialogs.obj
 0001:0000daa0       ?HiHook_Dlg_ChooseCastleReBuild@@YGHPAVHiHook@@@Z 1000eaa0 f   wog native dialogs.obj
 0001:0000dab0       ?LoHook_Dlg_ChooseCastleReBuild@@YGHPAVLoHook@@PAUHookContext@@@Z 1000eab0 f   wog native dialogs.obj
 0001:0000dae0       ?Y_Dlg_HeroLvlUp_Proc@@YGHPAVHiHook@@HPAU_DlgMsg_@@@Z 1000eae0 f   wog native dialogs.obj
 0001:0000dbd0       ?Y_Lo_Dlg_HeroLvlUp_Create@@YGHPAVLoHook@@PAUHookContext@@@Z 1000ebd0 f   wog native dialogs.obj
 0001:0000dbf0       ?Y_BATTLE_Proc@@YGHPAVHiHook@@PAU_BattleMgr_@@PAU_DlgMsg_@@@Z 1000ebf0 f   wog native dialogs.obj
 0001:0000dd40       ?Y_EndBattle@@YGHPAVLoHook@@PAUHookContext@@@Z 1000ed40 f   wog native dialogs.obj
 0001:0000ddf0       ?StartHD5Functions@@YAXXZ  1000edf0 f   wog native dialogs.obj
 0001:0000de60       ?HD5_Functions@@YAXPAVPatcherInstance@@@Z 1000ee60 f   wog native dialogs.obj
 0001:0000deb0       ?NewBattleLogDlg_Proc@@YGHPAV_CustomDlg_@@PAU_DlgMsg_@@@Z 1000eeb0 f   wog native dialogs.obj
 0001:0000def0       ?CreateNewBattleLogDlg@@YAXPAU_BattleMgr_@@@Z 1000eef0 f   wog native dialogs.obj
 0001:0000e420       ?BattleLog_Proc@@YGHPAVHiHook@@PAU_BattleMgr_@@PAU_DlgMsg_@@@Z 1000f420 f   wog native dialogs.obj
 0001:0000e480       ?BattleLog_ReportNewRound@@YGXPAVHiHook@@IPBDHD@Z 1000f480 f   wog native dialogs.obj
 0001:0000e4d0       ?expandFilePath@fsman@@YA?AV?$basic_string@DU?$char_traits@D@std@@V?$allocator@D@2@@std@@ABV23@@Z 1000f4d0 f   wog native dialogs.obj
 0001:0000e720       ?isAbsPath@fsman@@YA_NABV?$basic_string@DU?$char_traits@D@std@@V?$allocator@D@2@@std@@@Z 1000f720 f   wog native dialogs.obj
 0001:0000e780       ?compareCaseInsensitively@fsman@@YA_NABV?$basic_string@DU?$char_traits@D@std@@V?$allocator@D@2@@std@@0@Z 1000f780 f   wog native dialogs.obj
 0001:0000e860       ?sortCaseInsensitively@fsman@@YAXAAV?$vector@V?$basic_string@DU?$char_traits@D@std@@V?$allocator@D@2@@std@@V?$allocator@V?$basic_string@DU?$char_traits@D@std@@V?$allocator@D@2@@std@@@2@@std@@@Z 1000f860 f   wog native dialogs.obj
 0001:0000e8c0       ??0FsMan@fsman@@QAE@ABV?$basic_string@DU?$char_traits@D@std@@V?$allocator@D@2@@std@@@Z 1000f8c0 f   wog native dialogs.obj
 0001:0000e950       ?expandFilePath@FsMan@fsman@@QAE?AV?$basic_string@DU?$char_traits@D@std@@V?$allocator@D@2@@std@@ABV34@@Z 1000f950 f   wog native dialogs.obj
 0001:0000ea50       ?changeDirectory@FsMan@fsman@@QAE_NABV?$basic_string@DU?$char_traits@D@std@@V?$allocator@D@2@@std@@@Z 1000fa50 f   wog native dialogs.obj
 0001:0000eb10       ?listDirectories@FsMan@fsman@@QAE?AV?$vector@V?$basic_string@DU?$char_traits@D@std@@V?$allocator@D@2@@std@@V?$allocator@V?$basic_string@DU?$char_traits@D@std@@V?$allocator@D@2@@std@@@2@@std@@XZ 1000fb10 f   wog native dialogs.obj
 0001:0000eec0       ?listFiles@FsMan@fsman@@QAE?AV?$vector@V?$basic_string@DU?$char_traits@D@std@@V?$allocator@D@2@@std@@V?$allocator@V?$basic_string@DU?$char_traits@D@std@@V?$allocator@D@2@@std@@@2@@std@@ABV?$basic_string@DU?$char_traits@D@std@@V?$allocator@D@2@@4@@Z 1000fec0 f   wog native dialogs.obj
 0001:0000f280       ?NewDlg_ChooseFile_ChangeDirectory@@YAHPAV_CustomDlg_@@PAD@Z 10010280 f   wog native dialogs.obj
 0001:0000f3c0       ?NewDlg_ChooseFile_FolderOut@@YAHPAV_CustomDlg_@@@Z 100103c0 f   wog native dialogs.obj
 0001:0000f620       ?NewDlg_ChooseFile_FolderIn@@YAHPAV_CustomDlg_@@@Z 10010620 f   wog native dialogs.obj
 0001:0000f7b0       ?NewDlg_ChooseFile_RedrawFrames@@YAHPAV_CustomDlg_@@PAU_ScrollFiles_@@@Z 100107b0 f   wog native dialogs.obj
 0001:0000f810       ?NewDlg_ChooseFile_MooveFrameUp@@YAHPAV_CustomDlg_@@@Z 10010810 f   wog native dialogs.obj
 0001:0000f910       ?NewDlg_ChooseFile_MooveFrameDown@@YAHPAV_CustomDlg_@@@Z 10010910 f   wog native dialogs.obj
 0001:0000fa10       ?NewDlg_ChooseFile_ScrollProc@@YIXHPAV_CustomDlg_@@@Z 10010a10 f   wog native dialogs.obj
 0001:0000ffd0       ?NewDlg_ChooseFile_Rebuild@@YGHPAV_CustomDlg_@@@Z 10010fd0 f   wog native dialogs.obj
 0001:00010810       ?NewDlg_ChooseFile_UdateEditText@@YAHPAV_CustomDlg_@@PAD@Z 10011810 f   wog native dialogs.obj
 0001:00010890       ?NewDlg_ChooseFile_SetTextOnEditTextItem@@YAHPAV_CustomDlg_@@H@Z 10011890 f   wog native dialogs.obj
 0001:000108f0       ?NewDlg_ChooseFile_UpdateHintText@@YAXPAV_CustomDlg_@@PAU_DlgMsg_@@@Z 100118f0 f   wog native dialogs.obj
 0001:00010a00       ?NewDlg_ChooseFile_Proc@@YGHPAV_CustomDlg_@@PAU_DlgMsg_@@@Z 10011a00 f   wog native dialogs.obj
 0001:00010d90       ?NewDlg_ChooseFile@@YGHPAU_ChooseFile_@@@Z 10011d90 f   wog native dialogs.obj
 0001:00011870       ?destroy@?$allocator@V?$basic_string@DU?$char_traits@D@std@@V?$allocator@D@2@@std@@@std@@QAEXPAV?$basic_string@DU?$char_traits@D@std@@V?$allocator@D@2@@2@@Z 10012870 f i wog native dialogs.obj
 0001:00011870       ??1FsMan@fsman@@QAE@XZ     10012870 f i wog native dialogs.obj
 0001:000118a0       ?NewDlg_ChooseFile_Prepare@@YAHPAU_ChooseFile_@@@Z 100128a0 f   wog native dialogs.obj
 0001:00011c50       ?Dlg_WoG_Options_SaveOrLoad@@YGHPAVHiHook@@PAU_ChooseFile_@@PAD@Z 10012c50 f   wog native dialogs.obj
 0001:00011d60       ?DlgEdit_IsCorrectInpulSymbol@@YGHPAVHiHook@@PAU_DlgTextEdit_@@PAU_DlgMsg_@@@Z 10012d60 f   wog native dialogs.obj
 0001:00011e80       ?Y_DlgTown_Proc@@YGHPAVHiHook@@PAU_TownMgr_@@PAU_DlgMsg_@@@Z 10012e80 f   wog native dialogs.obj
 0001:00011ff0       ?Y_Dlg_HeroesMeet@@YGHPAVLoHook@@PAUHookContext@@@Z 10012ff0 f   wog native dialogs.obj
 0001:00012020       ?Y_Battle_SetHintAttackGetDamage@@YGHPAVLoHook@@PAUHookContext@@@Z 10013020 f   wog native dialogs.obj
 0001:00012040       ?GetStringKilled@@YAPADPADPAU_BattleStack_@@@Z 10013040 f   wog native dialogs.obj
 0001:00012170       ?BattleMgr_GetAttackDamage_Hint_LogString@@YGPAU_HStr_@@PAVHiHook@@PAU1@PAU_BattleStack_@@2EH@Z 10013170 f   wog native dialogs.obj
 0001:00012270       ?Y_Dlg_MainMenu_Create@@YGHPAVHiHook@@PAU_Dlg_@@@Z 10013270 f   wog native dialogs.obj
 0001:00012310       ?OnReportVersion@@YGXPAUTEvent@Era@@@Z 10013310 f   wog native dialogs.obj
 0001:00012340       ?Y_LoadAllTXTinGames@@YGHPAVLoHook@@PAUHookContext@@@Z 10013340 f   wog native dialogs.obj
 0001:00012360       ?Y_Hook_MainLoop@@YGHPAVLoHook@@PAUHookContext@@@Z 10013360 f   wog native dialogs.obj
 0001:000127d0       _DllMain@12                100137d0 f   wog native dialogs.obj
 0001:00012ac0       ??0?$basic_string@DU?$char_traits@D@std@@V?$allocator@D@2@@std@@QAE@PBD@Z 10013ac0 f i wog native dialogs.obj
 0001:00012b00       ??0?$basic_string@DU?$char_traits@D@std@@V?$allocator@D@2@@std@@QAE@ABV01@@Z 10013b00 f i wog native dialogs.obj
 0001:00012b30       ??1?$basic_string@DU?$char_traits@D@std@@V?$allocator@D@2@@std@@QAE@XZ 10013b30 f i wog native dialogs.obj
 0001:00012b60       ?append@?$basic_string@DU?$char_traits@D@std@@V?$allocator@D@2@@std@@QAEAAV12@PBD@Z 10013b60 f i wog native dialogs.obj
 0001:00012b80       ?erase@?$basic_string@DU?$char_traits@D@std@@V?$allocator@D@2@@std@@QAEAAV12@II@Z 10013b80 f i wog native dialogs.obj
 0001:00012c10       ?begin@?$basic_string@DU?$char_traits@D@std@@V?$allocator@D@2@@std@@QAE?AV?$_String_iterator@DU?$char_traits@D@std@@V?$allocator@D@2@@2@XZ 10013c10 f i wog native dialogs.obj
 0001:00012c70       ?end@?$basic_string@DU?$char_traits@D@std@@V?$allocator@D@2@@std@@QAE?AV?$_String_iterator@DU?$char_traits@D@std@@V?$allocator@D@2@@2@XZ 10013c70 f i wog native dialogs.obj
 0001:00012cd0       ?substr@?$basic_string@DU?$char_traits@D@std@@V?$allocator@D@2@@std@@QBE?AV12@II@Z 10013cd0 f i wog native dialogs.obj
 0001:00012d00       ??0?$vector@V?$basic_string@DU?$char_traits@D@std@@V?$allocator@D@2@@std@@V?$allocator@V?$basic_string@DU?$char_traits@D@std@@V?$allocator@D@2@@std@@@2@@std@@QAE@XZ 10013d00 f i wog native dialogs.obj
 0001:00012d00       ??0?$vector@DV?$allocator@D@std@@@std@@QAE@XZ 10013d00 f i wog native dialogs.obj
 0001:00012d60       ??1?$vector@DV?$allocator@D@std@@@std@@QAE@XZ 10013d60 f i wog native dialogs.obj
 0001:00012d90       ??H?$_Vector_iterator@DV?$allocator@D@std@@@std@@QBE?AV01@H@Z 10013d90 f i wog native dialogs.obj
 0001:00012de0       ??1?$vector@V?$basic_string@DU?$char_traits@D@std@@V?$allocator@D@2@@std@@V?$allocator@V?$basic_string@DU?$char_traits@D@std@@V?$allocator@D@2@@std@@@2@@std@@QAE@XZ 10013de0 f i wog native dialogs.obj
 0001:00012e30       ?push_back@?$vector@V?$basic_string@DU?$char_traits@D@std@@V?$allocator@D@2@@std@@V?$allocator@V?$basic_string@DU?$char_traits@D@std@@V?$allocator@D@2@@std@@@2@@std@@QAEXABV?$basic_string@DU?$char_traits@D@std@@V?$allocator@D@2@@2@@Z 10013e30 f i wog native dialogs.obj
 0001:00012ee0       ??1?$_Vector_val@V?$basic_string@DU?$char_traits@D@std@@V?$allocator@D@2@@std@@V?$allocator@V?$basic_string@DU?$char_traits@D@std@@V?$allocator@D@2@@std@@@2@@std@@QAE@XZ 10013ee0 f i wog native dialogs.obj
 0001:00012ee0       ??1?$_Vector_val@DV?$allocator@D@std@@@std@@QAE@XZ 10013ee0 f i wog native dialogs.obj
 0001:00012ef0       ?append@?$basic_string@DU?$char_traits@D@std@@V?$allocator@D@2@@std@@QAEAAV12@PBDI@Z 10013ef0 f i wog native dialogs.obj
 0001:00013000       ?assign@?$basic_string@DU?$char_traits@D@std@@V?$allocator@D@2@@std@@QAEAAV12@ABV12@II@Z 10014000 f i wog native dialogs.obj
 0001:000130e0       ?assign@?$basic_string@DU?$char_traits@D@std@@V?$allocator@D@2@@std@@QAEAAV12@PBDI@Z 100140e0 f i wog native dialogs.obj
 0001:000131c0       ?find_last_of@?$basic_string@DU?$char_traits@D@std@@V?$allocator@D@2@@std@@QBEIPBDII@Z 100141c0 f i wog native dialogs.obj
 0001:00013260       ?_Myptr@?$basic_string@DU?$char_traits@D@std@@V?$allocator@D@2@@std@@IBEPBDXZ 10014260 f i wog native dialogs.obj
 0001:00013270       ?resize@?$vector@DV?$allocator@D@std@@@std@@QAEXID@Z 10014270 f i wog native dialogs.obj
 0001:00013340       ?_Ufill@?$vector@DV?$allocator@D@std@@@std@@IAEPADPADIABD@Z 10014340 f i wog native dialogs.obj
 0001:00013370       ?insert@?$vector@V?$basic_string@DU?$char_traits@D@std@@V?$allocator@D@2@@std@@V?$allocator@V?$basic_string@DU?$char_traits@D@std@@V?$allocator@D@2@@std@@@2@@std@@QAE?AV?$_Vector_iterator@V?$basic_string@DU?$char_traits@D@std@@V?$allocator@D@2@@std@@V?$allocator@V?$basic_string@DU?$char_traits@D@std@@V?$allocator@D@2@@std@@@2@@2@V?$_Vector_const_iterator@V?$basic_string@DU?$char_traits@D@std@@V?$allocator@D@2@@std@@V?$allocator@V?$basic_string@DU?$char_traits@D@std@@V?$allocator@D@2@@std@@@2@@2@ABV?$basic_string@DU?$char_traits@D@std@@V?$allocator@D@2@@2@@Z 10014370 f i wog native dialogs.obj
 0001:00013450       ?_Ufill@?$vector@V?$basic_string@DU?$char_traits@D@std@@V?$allocator@D@2@@std@@V?$allocator@V?$basic_string@DU?$char_traits@D@std@@V?$allocator@D@2@@std@@@2@@std@@IAEPAV?$basic_string@DU?$char_traits@D@std@@V?$allocator@D@2@@2@PAV32@IABV32@@Z 10014450 f i wog native dialogs.obj
 0001:00013480       ?append@?$basic_string@DU?$char_traits@D@std@@V?$allocator@D@2@@std@@QAEAAV12@ABV12@II@Z 10014480 f i wog native dialogs.obj
 0001:00013570       ?_Grow@?$basic_string@DU?$char_traits@D@std@@V?$allocator@D@2@@std@@IAE_NI_N@Z 10014570 f i wog native dialogs.obj
 0001:00013630       ?allocate@?$allocator@D@std@@QAEPADI@Z 10014630 f i wog native dialogs.obj
 0001:00013690       ?erase@?$vector@DV?$allocator@D@std@@@std@@QAE?AV?$_Vector_iterator@DV?$allocator@D@std@@@2@V?$_Vector_const_iterator@DV?$allocator@D@std@@@2@0@Z 10014690 f i wog native dialogs.obj
 0001:00013720       ?_Insert_n@?$vector@DV?$allocator@D@std@@@std@@IAEXV?$_Vector_const_iterator@DV?$allocator@D@std@@@2@IABD@Z 10014720 f i wog native dialogs.obj
 0001:000138e0       ?_Xlen@?$vector@V?$basic_string@DU?$char_traits@D@std@@V?$allocator@D@2@@std@@V?$allocator@V?$basic_string@DU?$char_traits@D@std@@V?$allocator@D@2@@std@@@2@@std@@KAXXZ 100148e0 f i wog native dialogs.obj
 0001:000138e0       ?_Xlen@?$vector@DV?$allocator@D@std@@@std@@KAXXZ 100148e0 f i wog native dialogs.obj
 0001:00013960       ?_Insert_n@?$vector@V?$basic_string@DU?$char_traits@D@std@@V?$allocator@D@2@@std@@V?$allocator@V?$basic_string@DU?$char_traits@D@std@@V?$allocator@D@2@@std@@@2@@std@@IAEXV?$_Vector_const_iterator@V?$basic_string@DU?$char_traits@D@std@@V?$allocator@D@2@@std@@V?$allocator@V?$basic_string@DU?$char_traits@D@std@@V?$allocator@D@2@@std@@@2@@2@IABV?$basic_string@DU?$char_traits@D@std@@V?$allocator@D@2@@2@@Z 10014960 f i wog native dialogs.obj
 0001:00013cb0       ?allocate@?$allocator@V?$basic_string@DU?$char_traits@D@std@@V?$allocator@D@2@@std@@@std@@QAEPAV?$basic_string@DU?$char_traits@D@std@@V?$allocator@D@2@@2@I@Z 10014cb0 f i wog native dialogs.obj
 0001:00013d10       ??0length_error@std@@QAE@ABV01@@Z 10014d10 f i wog native dialogs.obj
 0001:00013d30       ?_Copy@?$basic_string@DU?$char_traits@D@std@@V?$allocator@D@2@@std@@IAEXII@Z 10014d30 f i wog native dialogs.obj
 0001:00013ea0       ??$transform@V?$_String_iterator@DU?$char_traits@D@std@@V?$allocator@D@2@@std@@V12@P6AHH@Z@std@@YA?AV?$_String_iterator@DU?$char_traits@D@std@@V?$allocator@D@2@@0@V10@00P6AHH@Z@Z 10014ea0 f i wog native dialogs.obj
 0001:00013f00       ??$?8DU?$char_traits@D@std@@V?$allocator@D@1@@std@@YA_NABV?$basic_string@DU?$char_traits@D@std@@V?$allocator@D@2@@0@PBD@Z 10014f00 f i wog native dialogs.obj
 0001:00013f60       ??$?0V?$_Vector_iterator@DV?$allocator@D@std@@@std@@@?$basic_string@DU?$char_traits@D@std@@V?$allocator@D@2@@std@@QAE@V?$_Vector_iterator@DV?$allocator@D@std@@@1@0@Z 10014f60 f i wog native dialogs.obj
 0001:00013fa0       ??$?HDU?$char_traits@D@std@@V?$allocator@D@1@@std@@YA?AV?$basic_string@DU?$char_traits@D@std@@V?$allocator@D@2@@0@ABV10@PBD@Z 10014fa0 f i wog native dialogs.obj
 0001:00014050       ??$?HDU?$char_traits@D@std@@V?$allocator@D@1@@std@@YA?AV?$basic_string@DU?$char_traits@D@std@@V?$allocator@D@2@@0@ABV10@0@Z 10015050 f i wog native dialogs.obj
 0001:00014100       ??$VarValue@H@Patcher@@QAEAAHPAD@Z 10015100 f i wog native dialogs.obj
 0001:00014140       ??$_Umove@PAV?$basic_string@DU?$char_traits@D@std@@V?$allocator@D@2@@std@@@?$vector@V?$basic_string@DU?$char_traits@D@std@@V?$allocator@D@2@@std@@V?$allocator@V?$basic_string@DU?$char_traits@D@std@@V?$allocator@D@2@@std@@@2@@std@@IAEPAV?$basic_string@DU?$char_traits@D@std@@V?$allocator@D@2@@1@PAV21@00@Z 10015140 f i wog native dialogs.obj
 0001:00014170       ??$fill@PAV?$basic_string@DU?$char_traits@D@std@@V?$allocator@D@2@@std@@V12@@std@@YAXPAV?$basic_string@DU?$char_traits@D@std@@V?$allocator@D@2@@0@0ABV10@@Z 10015170 f i wog native dialogs.obj
 0001:000141a0       ??$_Unchecked_move_backward@PAV?$basic_string@DU?$char_traits@D@std@@V?$allocator@D@2@@std@@PAV12@@stdext@@YAPAV?$basic_string@DU?$char_traits@D@std@@V?$allocator@D@2@@std@@PAV12@00@Z 100151a0 f i wog native dialogs.obj
 0001:00014200       ??0bad_alloc@std@@QAE@ABV01@@Z 10015200 f i wog native dialogs.obj
 0001:00014220       ??$_Construct@V?$_Vector_iterator@DV?$allocator@D@std@@@std@@@?$basic_string@DU?$char_traits@D@std@@V?$allocator@D@2@@std@@QAEXV?$_Vector_iterator@DV?$allocator@D@std@@@1@0Uforward_iterator_tag@1@@Z 10015220 f i wog native dialogs.obj
 0001:00014370       ??$_Sort@PAV?$basic_string@DU?$char_traits@D@std@@V?$allocator@D@2@@std@@HP6A_NABV12@0@Z@std@@YAXPAV?$basic_string@DU?$char_traits@D@std@@V?$allocator@D@2@@0@0HP6A_NABV10@1@Z@Z 10015370 f i wog native dialogs.obj
 0001:000144c0       ??$?8DU?$char_traits@D@std@@V?$allocator@D@1@@std@@YA_NABV?$basic_string@DU?$char_traits@D@std@@V?$allocator@D@2@@0@0@Z 100154c0 f i wog native dialogs.obj
 0001:00014530       ??$_Uninit_fill_n@PAV?$basic_string@DU?$char_traits@D@std@@V?$allocator@D@2@@std@@IV12@V?$allocator@V?$basic_string@DU?$char_traits@D@std@@V?$allocator@D@2@@std@@@2@@std@@YAXPAV?$basic_string@DU?$char_traits@D@std@@V?$allocator@D@2@@0@IABV10@AAV?$allocator@V?$basic_string@DU?$char_traits@D@std@@V?$allocator@D@2@@std@@@0@U_Nonscalar_ptr_iterator_tag@0@U_Range_checked_iterator_tag@0@@Z 10015530 f i wog native dialogs.obj
 0001:000145d0       ??$_Destroy_range@V?$allocator@V?$basic_string@DU?$char_traits@D@std@@V?$allocator@D@2@@std@@@std@@@std@@YAXPAV?$basic_string@DU?$char_traits@D@std@@V?$allocator@D@2@@0@0AAV?$allocator@V?$basic_string@DU?$char_traits@D@std@@V?$allocator@D@2@@std@@@0@U_Nonscalar_ptr_iterator_tag@0@@Z 100155d0 f i wog native dialogs.obj
 0001:00014610       ?append@?$basic_string@DU?$char_traits@D@std@@V?$allocator@D@2@@std@@QAEAAV12@ID@Z 10015610 f i wog native dialogs.obj
 0001:000146a0       ??H?$_String_iterator@DU?$char_traits@D@std@@V?$allocator@D@2@@std@@QBE?AV01@H@Z 100156a0 f i wog native dialogs.obj
 0001:00014710       ??$_Unguarded_partition@PAV?$basic_string@DU?$char_traits@D@std@@V?$allocator@D@2@@std@@P6A_NABV12@0@Z@std@@YA?AU?$pair@PAV?$basic_string@DU?$char_traits@D@std@@V?$allocator@D@2@@std@@PAV12@@0@PAV?$basic_string@DU?$char_traits@D@std@@V?$allocator@D@2@@0@0P6A_NABV20@1@Z@Z 10015710 f i wog native dialogs.obj
 0001:00014bb0       ??$_Uninit_move@PAV?$basic_string@DU?$char_traits@D@std@@V?$allocator@D@2@@std@@PAV12@V?$allocator@V?$basic_string@DU?$char_traits@D@std@@V?$allocator@D@2@@std@@@2@@std@@YAPAV?$basic_string@DU?$char_traits@D@std@@V?$allocator@D@2@@0@PAV10@00AAV?$allocator@V?$basic_string@DU?$char_traits@D@std@@V?$allocator@D@2@@std@@@0@U_Swap_move_tag@0@U_Range_checked_iterator_tag@0@@Z 10015bb0 f i wog native dialogs.obj
 0001:00014cf0       ??$_Move_backward_opt@PAV?$basic_string@DU?$char_traits@D@std@@V?$allocator@D@2@@std@@PAV12@Uforward_iterator_tag@2@@std@@YAPAV?$basic_string@DU?$char_traits@D@std@@V?$allocator@D@2@@0@PAV10@00Uforward_iterator_tag@0@U_Swap_move_tag@0@U_Range_checked_iterator_tag@0@@Z 10015cf0 f i wog native dialogs.obj
 0001:00014d80       ??$_Median@PAV?$basic_string@DU?$char_traits@D@std@@V?$allocator@D@2@@std@@P6A_NABV12@0@Z@std@@YAXPAV?$basic_string@DU?$char_traits@D@std@@V?$allocator@D@2@@0@00P6A_NABV10@1@Z@Z 10015d80 f i wog native dialogs.obj
 0001:00014f60       ??$_Make_heap@PAV?$basic_string@DU?$char_traits@D@std@@V?$allocator@D@2@@std@@HV12@P6A_NABV12@0@Z@std@@YAXPAV?$basic_string@DU?$char_traits@D@std@@V?$allocator@D@2@@0@0P6A_NABV10@1@ZPAH0@Z 10015f60 f i wog native dialogs.obj
 0001:00014fe0       ??$_Sort_heap@PAV?$basic_string@DU?$char_traits@D@std@@V?$allocator@D@2@@std@@P6A_NABV12@0@Z@std@@YAXPAV?$basic_string@DU?$char_traits@D@std@@V?$allocator@D@2@@0@0P6A_NABV10@1@Z@Z 10015fe0 f i wog native dialogs.obj
 0001:00015070       ??$_Insertion_sort1@PAV?$basic_string@DU?$char_traits@D@std@@V?$allocator@D@2@@std@@P6A_NABV12@0@ZV12@@std@@YAXPAV?$basic_string@DU?$char_traits@D@std@@V?$allocator@D@2@@0@0P6A_NABV10@1@Z0@Z 10016070 f i wog native dialogs.obj
 0001:000151c0       ??$_Adjust_heap@PAV?$basic_string@DU?$char_traits@D@std@@V?$allocator@D@2@@std@@HV12@P6A_NABV12@0@Z@std@@YAXPAV?$basic_string@DU?$char_traits@D@std@@V?$allocator@D@2@@0@HHV10@P6A_NABV10@2@Z@Z 100161c0 f i wog native dialogs.obj
 0001:000152f0       ?swap@?$basic_string@DU?$char_traits@D@std@@V?$allocator@D@2@@std@@QAEXAAV12@@Z 100162f0 f i wog native dialogs.obj
 0001:00015370       ??$_Push_heap@PAV?$basic_string@DU?$char_traits@D@std@@V?$allocator@D@2@@std@@HV12@P6A_NABV12@0@Z@std@@YAXPAV?$basic_string@DU?$char_traits@D@std@@V?$allocator@D@2@@0@HHV10@P6A_NABV10@2@Z@Z 10016370 f i wog native dialogs.obj
 0001:00015450       ??$_Pop_heap@PAV?$basic_string@DU?$char_traits@D@std@@V?$allocator@D@2@@std@@HV12@P6A_NABV12@0@Z@std@@YAXPAV?$basic_string@DU?$char_traits@D@std@@V?$allocator@D@2@@0@00V10@P6A_NABV10@2@ZPAH@Z 10016450 f i wog native dialogs.obj
 0001:00015500       ?RedrawScreen@_DlgItem_@@QAEXXZ 10016500 f   HoMM3_GUI.obj
 0001:00015530       ?Create@_CustomDlg_@@SAPAV1@HHHHIP6GHPAV1@PAU_DlgMsg_@@@Z@Z 10016530 f   HoMM3_GUI.obj
 0001:000155b0       ?DlgProcBridge@_CustomDlg_@@SIHPAV1@IPAU_DlgMsg_@@@Z 100165b0 f   HoMM3_GUI.obj
 0001:000155c9       ??0out_of_range@std@@QAE@ABV?$basic_string@DU?$char_traits@D@std@@V?$allocator@D@2@@1@@Z 100165c9 f i libcpmt:string.obj
 0001:000155e6       ??1out_of_range@std@@UAE@XZ 100165e6 f i libcpmt:string.obj
 0001:000155f1       ??_Eout_of_range@std@@UAEPAXI@Z 100165f1 f i libcpmt:string.obj
 0001:000155f1       ??_Gout_of_range@std@@UAEPAXI@Z 100165f1 f i libcpmt:string.obj
 0001:00015618       ?_Xlen@_String_base@std@@SAXXZ 10016618 f   libcpmt:string.obj
 0001:00015650       ?_Xran@_String_base@std@@SAXXZ 10016650 f   libcpmt:string.obj
 0001:00015688       ??0out_of_range@std@@QAE@ABV01@@Z 10016688 f i libcpmt:string.obj
 0001:000156a5       @__security_check_cookie@4 100166a5 f   LIBCMT:secchk.obj
 0001:000156b4       _memmove_s                 100166b4 f   LIBCMT:memmove_s.obj
 0001:00015711       _sprintf                   10016711 f   LIBCMT:sprintf.obj
 0001:0001578e       ??0exception@std@@QAE@XZ   1001678e f   LIBCMT:stdexcpt.obj
 0001:0001579f       ??0exception@std@@QAE@ABQBD@Z 1001679f f   LIBCMT:stdexcpt.obj
 0001:000157f2       ??0exception@std@@QAE@ABQBDH@Z 100167f2 f   LIBCMT:stdexcpt.obj
 0001:0001580f       ??0exception@std@@QAE@ABV01@@Z 1001680f f   LIBCMT:stdexcpt.obj
 0001:0001586c       ??1exception@std@@UAE@XZ   1001686c f   LIBCMT:stdexcpt.obj
 0001:00015882       ?what@exception@std@@UBEPBDXZ 10016882 f   LIBCMT:stdexcpt.obj
 0001:0001588f       ??_Eexception@std@@UAEPAXI@Z 1001688f f i LIBCMT:stdexcpt.obj
 0001:0001588f       ??_Gexception@std@@UAEPAXI@Z 1001688f f i LIBCMT:stdexcpt.obj
 0001:000158b0       _free                      100168b0 f   LIBCMT:free.obj
 0001:00015940       _memchr                    10016940 f   LIBCMT:memchr.obj
 0001:000159ed       ??0_LocaleUpdate@@QAE@PAUlocaleinfo_struct@@@Z 100169ed f i LIBCMT:tolower.obj
 0001:00015a74       __tolower_l                10016a74 f   LIBCMT:tolower.obj
 0001:00015b89       _tolower                   10016b89 f   LIBCMT:tolower.obj
 0001:00015bb5       __initp_misc_invarg        10016bb5 f   LIBCMT:invarg.obj
 0001:00015bc4       __invoke_watson            10016bc4 f   LIBCMT:invarg.obj
 0001:00015cec       __invalid_parameter        10016cec f   LIBCMT:invarg.obj
 0001:00015d12       __invalid_parameter_noinfo 10016d12 f   LIBCMT:invarg.obj
 0001:00015d22       ??3@YAXPAX@Z               10016d22 f   LIBCMT:delete.obj
 0001:00015d2d       _memcpy_s                  10016d2d f   LIBCMT:memcpy_s.obj
 0001:00015daa       ??1type_info@@UAE@XZ       10016daa f   LIBCMT:typinfo.obj
 0001:00015dba       ??_Gtype_info@@UAEPAXI@Z   10016dba f i LIBCMT:typinfo.obj
 0001:00015dba       ??_Etype_info@@UAEPAXI@Z   10016dba f i LIBCMT:typinfo.obj
 0001:00015ddb       ??8type_info@@QBE_NABV0@@Z 10016ddb f   LIBCMT:typinfo.obj
 0001:00015dfb       ??0bad_alloc@std@@QAE@XZ   10016dfb f i LIBCMT:new.obj
 0001:00015e16       ??2@YAPAXI@Z               10016e16 f   LIBCMT:new.obj
 0001:00015e7b       __CRT_INIT@12              10016e7b f   LIBCMT:dllcrt0.obj
 0001:000160a6       __DllMainCRTStartup@12     100170a6 f   LIBCMT:dllcrt0.obj
 0001:000160d0       _strlen                    100170d0 f   LIBCMT:strlen.obj
 0001:0001615b       __CxxThrowException@8      1001715b f   LIBCMT:throw.obj
 0001:000161a7       ?_JumpToContinuation@@YGXPAXPAUEHRegistrationNode@@@Z 100171a7 f   LIBCMT:_trnsctrl_.obj
 0001:000161d9       ?_CallMemberFunction0@@YGXPAX0@Z 100171d9 f   LIBCMT:_trnsctrl_.obj
 0001:000161d9       ?_CallMemberFunction2@@YGXPAX00H@Z 100171d9 f   LIBCMT:_trnsctrl_.obj
 0001:000161d9       ?_CallMemberFunction1@@YGXPAX00@Z 100171d9 f   LIBCMT:_trnsctrl_.obj
 0001:000161e0       ?_UnwindNestedFrames@@YGXPAUEHRegistrationNode@@PAUEHExceptionRecord@@@Z 100171e0 f   LIBCMT:_trnsctrl_.obj
 0001:00016234       ___CxxFrameHandler3        10017234 f   LIBCMT:_trnsctrl_.obj
 0001:0001629d       ?_CallSETranslator@@YAHPAUEHExceptionRecord@@PAUEHRegistrationNode@@PAX2PBU_s_FuncInfo@@H1@Z 1001729d f   LIBCMT:_trnsctrl_.obj
 0001:00016413       ?_GetRangeOfTrysToCheck@@YAPBU_s_TryBlockMapEntry@@PBU_s_FuncInfo@@HHPAI1@Z 10017413 f   LIBCMT:_trnsctrl_.obj
 0001:00016488       __CreateFrameInfo          10017488 f   LIBCMT:_trnsctrl_.obj
 0001:000164b4       __IsExceptionObjectToBeDestroyed 100174b4 f   LIBCMT:_trnsctrl_.obj
 0001:000164db       __FindAndUnlinkFrame       100174db f   LIBCMT:_trnsctrl_.obj
 0001:0001652d       ?_CallCatchBlock2@@YAPAXPAUEHRegistrationNode@@PBU_s_FuncInfo@@PAXHK@Z 1001752d f   LIBCMT:_trnsctrl_.obj
 0001:0001658d       __EH_prolog3               1001758d f   LIBCMT:ehprolg3.obj
 0001:000165c0       __EH_prolog3_catch         100175c0 f   LIBCMT:ehprolg3.obj
 0001:000165f6       ___report_gsfailure        100175f6 f   LIBCMT:gs_report.obj
 0001:00016700       _memmove                   10017700 f   LIBCMT:memmove.obj
 0001:00016a65       __get_errno_from_oserr     10017a65 f   LIBCMT:dosmap.obj
 0001:00016aa7       __errno                    10017aa7 f   LIBCMT:dosmap.obj
 0001:00016aba       ___doserrno                10017aba f   LIBCMT:dosmap.obj
 0001:00016acd       __dosmaperr                10017acd f   LIBCMT:dosmap.obj
 0001:00016af0       __flsbuf                   10017af0 f   LIBCMT:_flsbuf.obj
 0001:00016cfa       __output_l                 10017cfa f   LIBCMT:output.obj
 0001:00017892       _strcpy_s                  10018892 f   LIBCMT:strcpy_s.obj
 0001:000178fa       _V6_HeapAlloc              100188fa f   LIBCMT:malloc.obj
 0001:00017949       _malloc                    10018949 f   LIBCMT:malloc.obj
 0001:00017a13       __heap_init                10018a13 f   LIBCMT:heapinit.obj
 0001:00017a43       __heap_term                10018a43 f   LIBCMT:heapinit.obj
 0001:00017ab7       __mtinitlocks              10018ab7 f   LIBCMT:mlock.obj
 0001:00017b02       __mtdeletelocks            10018b02 f   LIBCMT:mlock.obj
 0001:00017b59       __unlock                   10018b59 f   LIBCMT:mlock.obj
 0001:00017b70       __mtinitlocknum            10018b70 f   LIBCMT:mlock.obj
 0001:00017c33       __lock                     10018c33 f   LIBCMT:mlock.obj
 0001:00017c66       ___sbh_find_block          10018c66 f   LIBCMT:sbheap.obj
 0001:00017c96       ___sbh_free_block          10018c96 f   LIBCMT:sbheap.obj
 0001:00017fac       ___sbh_alloc_new_region    10018fac f   LIBCMT:sbheap.obj
 0001:0001805c       ___sbh_alloc_new_group     1001905c f   LIBCMT:sbheap.obj
 0001:00018164       ___sbh_resize_block        10019164 f   LIBCMT:sbheap.obj
 0001:00018445       ___sbh_alloc_block         10019445 f   LIBCMT:sbheap.obj
 0001:0001872c       __SEH_prolog4              1001972c f   LIBCMT:sehprolg4.obj
 0001:00018771       __SEH_epilog4              10019771 f   LIBCMT:sehprolg4.obj
 0001:00018790       __except_handler4          10019790 f   LIBCMT:chandler4.obj
 0001:00018b42       ___updatetmbcinfo          10019b42 f   LIBCMT:mbctype.obj
 0001:00018c62       __setmbcp_nolock           10019c62 f   LIBCMT:mbctype.obj
 0001:00018e47       __setmbcp                  10019e47 f   LIBCMT:mbctype.obj
 0001:00018fe1       ___initmbctable            10019fe1 f   LIBCMT:mbctype.obj
 0001:00018fff       ___freetlocinfo            10019fff f   LIBCMT:setlocal.obj
 0001:00019148       ___addlocaleref            1001a148 f   LIBCMT:setlocal.obj
 0001:000191d7       ___removelocaleref         1001a1d7 f   LIBCMT:setlocal.obj
 0001:000192ae       ___updatetlocinfo          1001a2ae f   LIBCMT:setlocal.obj
 0001:00019324       __encode_pointer           1001a324 f   LIBCMT:tidtable.obj
 0001:00019396       __encoded_null             1001a396 f   LIBCMT:tidtable.obj
 0001:0001939f       __decode_pointer           1001a39f f   LIBCMT:tidtable.obj
 0001:00019411       ___crtTlsAlloc@4           1001a411 f   LIBCMT:tidtable.obj
 0001:0001941a       ___set_flsgetvalue         1001a41a f   LIBCMT:tidtable.obj
 0001:0001944e       __mtterm                   1001a44e f   LIBCMT:tidtable.obj
 0001:0001948b       __initptd                  1001a48b f   LIBCMT:tidtable.obj
 0001:00019572       __getptd_noexit            1001a572 f   LIBCMT:tidtable.obj
 0001:000195eb       __getptd                   1001a5eb f   LIBCMT:tidtable.obj
 0001:00019605       __freefls@4                1001a605 f   LIBCMT:tidtable.obj
 0001:00019734       __freeptd                  1001a734 f   LIBCMT:tidtable.obj
 0001:000197a2       __mtinit                   1001a7a2 f   LIBCMT:tidtable.obj
 0001:0001992f       __freea                    1001a92f f i LIBCMT:a_map.obj
 0001:00019cf4       ___crtLCMapStringA         1001acf4 f   LIBCMT:a_map.obj
 0001:00019d39       __isleadbyte_l             1001ad39 f i LIBCMT:_wctype.obj
 0001:00019d71       _isleadbyte                1001ad71 f i LIBCMT:_wctype.obj
 0001:00019d84       __isctype_l                1001ad84 f   LIBCMT:isctype.obj
 0001:00019e3c       __crt_debugger_hook        1001ae3c f   LIBCMT:dbghook.obj
 0001:00019e50       _memset                    1001ae50 f   LIBCMT:memset.obj
 0001:00019ed0       _memcpy                    1001aed0 f   LIBCMT:memcpy.obj
 0001:0001a235       ?_Type_info_dtor@type_info@@CAXPAV1@@Z 1001b235 f   LIBCMT:typname.obj
 0001:0001a2b0       _strcmp                    1001b2b0 f   LIBCMT:strcmp.obj
 0001:0001a3f2       ___onexitinit              1001b3f2 f   LIBCMT:onexit.obj
 0001:0001a423       __onexit                   1001b423 f   LIBCMT:onexit.obj
 0001:0001a45f       _atexit                    1001b45f f   LIBCMT:onexit.obj
 0001:0001a476       __initp_heap_handler       1001b476 f   LIBCMT:handler.obj
 0001:0001a485       __callnewh                 1001b485 f   LIBCMT:handler.obj
 0001:0001a4ad       __malloc_crt               1001b4ad f   LIBCMT:crtheap.obj
 0001:0001a4f2       __calloc_crt               1001b4f2 f   LIBCMT:crtheap.obj
 0001:0001a53e       __realloc_crt              1001b53e f   LIBCMT:crtheap.obj
 0001:0001a58c       __crt_waiting_on_module_handle 1001b58c f   LIBCMT:crt0dat.obj
 0001:0001a5bc       __amsg_exit                1001b5bc f   LIBCMT:crt0dat.obj
 0001:0001a5e5       ___crtCorExitProcess       1001b5e5 f   LIBCMT:crt0dat.obj
 0001:0001a610       ___crtExitProcess          1001b610 f   LIBCMT:crt0dat.obj
 0001:0001a628       __lockexit                 1001b628 f   LIBCMT:crt0dat.obj
 0001:0001a631       __unlockexit               1001b631 f   LIBCMT:crt0dat.obj
 0001:0001a657       __initterm_e               1001b657 f   LIBCMT:crt0dat.obj
 0001:0001a67b       __cinit                    1001b67b f   LIBCMT:crt0dat.obj
 0001:0001a82c       __exit                     1001b82c f   LIBCMT:crt0dat.obj
 0001:0001a842       __cexit                    1001b842 f   LIBCMT:crt0dat.obj
 0001:0001a851       __init_pointers            1001b851 f   LIBCMT:crt0dat.obj
 0001:0001a89f       __ioinit                   1001b89f f   LIBCMT:ioinit.obj
 0001:0001aaf3       __ioterm                   1001baf3 f   LIBCMT:ioinit.obj
 0001:0001ab41       __setenvp                  1001bb41 f   LIBCMT:stdenvp.obj
 0001:0001adb9       __setargv                  1001bdb9 f   LIBCMT:stdargv.obj
 0001:0001ae74       ___crtGetEnvironmentStringsA 1001be74 f   LIBCMT:a_env.obj
 0001:0001afab       __RTC_Initialize           1001bfab f   LIBCMT:_initsect_.obj
 0001:0001afd1       __RTC_Terminate            1001bfd1 f   LIBCMT:_initsect_.obj
 0001:0001aff7       __initp_misc_winxfltr      1001bff7 f   LIBCMT:winxfltr.obj
 0001:0001aff7       __fpclear                  1001bff7 f   LIBCMT:_fpinit_.obj
 0001:0001aff8       __XcptFilter               1001bff8 f   LIBCMT:winxfltr.obj
 0001:0001b158       ___CppXcptFilter           1001c158 f   LIBCMT:winxfltr.obj
 0001:0001b178       ___security_init_cookie    1001c178 f   LIBCMT:gs_support.obj
 0001:0001b20e       ??0bad_exception@std@@QAE@PBD@Z 1001c20e f i LIBCMT:frame.obj
 0001:0001b22c       ??1bad_exception@std@@UAE@XZ 1001c22c f i LIBCMT:frame.obj
 0001:0001b237       ??_Ebad_exception@std@@UAEPAXI@Z 1001c237 f i LIBCMT:frame.obj
 0001:0001b237       ??_Gbad_exception@std@@UAEPAXI@Z 1001c237 f i LIBCMT:frame.obj
 0001:0001b25e       ___TypeMatch               1001c25e f   LIBCMT:frame.obj
 0001:0001b2bd       ___FrameUnwindFilter       1001c2bd f   LIBCMT:frame.obj
 0001:0001b306       ___FrameUnwindToState      1001c306 f   LIBCMT:frame.obj
 0001:0001b42c       ___DestructExceptionObject 1001c42c f   LIBCMT:frame.obj
 0001:0001b481       ___AdjustPointer           1001c481 f   LIBCMT:frame.obj
 0001:0001b70a       ___BuildCatchObjectHelper  1001c70a f   LIBCMT:frame.obj
 0001:0001b889       ___BuildCatchObject        1001c889 f   LIBCMT:frame.obj
 0001:0001bdc4       ??0bad_exception@std@@QAE@ABV01@@Z 1001cdc4 f i LIBCMT:frame.obj
 0001:0001bde1       ___InternalCxxFrameHandler 1001cde1 f   LIBCMT:frame.obj
 0001:0001bec7       ?terminate@@YAXXZ          1001cec7 f   LIBCMT:hooks.obj
 0001:0001bf00       ?unexpected@@YAXXZ         1001cf00 f   LIBCMT:hooks.obj
 0001:0001bf13       ?_inconsistency@@YAXXZ     1001cf13 f   LIBCMT:hooks.obj
 0001:0001bf4b       __initp_eh_hooks           1001cf4b f   LIBCMT:hooks.obj
 0001:0001bf60       __CallSettingFrame@12      1001cf60 f   LIBCMT:lowhelpr.obj
 0001:0001bf87       __NLG_Return               1001cf87     LIBCMT:lowhelpr.obj
 0001:0001c033       __VEC_memcpy               1001d033 f   LIBCMT:p4_memcpy.obj
 0001:0001c166       __get_sse2_info            1001d166 f   LIBCMT:cpu_disp.obj
 0001:0001c1c8       ___sse2_available_init     1001d1c8 f   LIBCMT:cpu_disp.obj
 0001:0001c1d5       __lseeki64_nolock          1001d1d5 f   LIBCMT:lseeki64.obj
 0001:0001c25a       __lseeki64                 1001d25a f   LIBCMT:lseeki64.obj
 0001:0001c373       __write_nolock             1001d373 f   LIBCMT:write.obj
 0001:0001caa6       __write                    1001daa6 f   LIBCMT:write.obj
 0001:0001cb82       __getbuf                   1001db82 f   LIBCMT:_getbuf.obj
 0001:0001cbcb       __isatty                   1001dbcb f   LIBCMT:isatty.obj
 0001:0001cc2f       ___iob_func                1001dc2f f   LIBCMT:_file.obj
 0001:0001cc35       ___initstdio               1001dc35 f   LIBCMT:_file.obj
 0001:0001cce6       ___endstdio                1001dce6 f   LIBCMT:_file.obj
 0001:0001cd06       __lock_file                1001dd06 f   LIBCMT:_file.obj
 0001:0001cd47       __lock_file2               1001dd47 f   LIBCMT:_file.obj
 0001:0001cd79       __unlock_file              1001dd79 f   LIBCMT:_file.obj
 0001:0001cdb5       __unlock_file2             1001ddb5 f   LIBCMT:_file.obj
 0001:0001cde4       __fileno                   1001dde4 f   LIBCMT:fileno.obj
 0001:0001ce16       __initp_misc_cfltcvt_tab   1001de16 f   LIBCMT:cmiscdat.obj
 0001:0001ce37       __get_printf_count_output  1001de37 f   LIBCMT:printf.obj
 0001:0001ce4d       __wctomb_s_l               1001de4d f   LIBCMT:wctomb.obj
 0001:0001cfb9       _wctomb_s                  1001dfb9 f   LIBCMT:wctomb.obj
 0001:0001cfe0       __aulldvrm                 1001dfe0 f   LIBCMT:ulldvrm.obj
 0001:0001d075       __NMSG_WRITE               1001e075 f   LIBCMT:crt0msg.obj
 0001:0001d220       __FF_MSGBANNER             1001e220 f   LIBCMT:crt0msg.obj
 0001:0001d259       __initp_misc_initcrit      1001e259 f   LIBCMT:initcrit.obj
 0001:0001d268       ___crtInitCritSecAndSpinCount 1001e268 f   LIBCMT:initcrit.obj
 0001:0001d2c8       __local_unwind4            1001e2c8 f   LIBCMT:exsup4.obj
 0001:0001d39e       __seh_longjmp_unwind4@4    1001e39e f   LIBCMT:exsup4.obj
 0001:0001d3ba       @_EH4_CallFilterFunc@8     1001e3ba f   LIBCMT:exsup4.obj
 0001:0001d3d1       @_EH4_TransferToHandler@8  1001e3d1 f   LIBCMT:exsup4.obj
 0001:0001d3ea       @_EH4_GlobalUnwind@4       1001e3ea f   LIBCMT:exsup4.obj
 0001:0001d404       @_EH4_LocalUnwind@16       1001e404 f   LIBCMT:exsup4.obj
 0001:0001d420       __ValidateImageBase        1001e420 f   LIBCMT:pesect.obj
 0001:0001d460       __FindPESection            1001e460 f   LIBCMT:pesect.obj
 0001:0001d4b0       __IsNonwritableInCurrentImage 1001e4b0 f   LIBCMT:pesect.obj
 0001:0001d727       ___crtGetStringTypeA       1001e727 f   LIBCMT:a_str.obj
 0001:0001d769       ___free_lc_time            1001e769 f   LIBCMT:inittime.obj
 0001:0001d8fe       ___free_lconv_num          1001e8fe f   LIBCMT:initnum.obj
 0001:0001d943       ___free_lconv_mon          1001e943 f   LIBCMT:initmon.obj
 0001:0001d9d1       _strcat_s                  1001e9d1 f   LIBCMT:strcat_s.obj
 0001:0001da50       _strcspn                   1001ea50 f   LIBCMT:strcspn.obj
 0001:0001da96       _strncpy_s                 1001ea96 f   LIBCMT:strncpy_s.obj
 0001:0001db50       _strpbrk                   1001eb50 f   LIBCMT:strpbrk.obj
 0001:0001db90       ___ansicp                  1001eb90 f   LIBCMT:convrtcp.obj
 0001:0001dbd9       ___convertcp               1001ebd9 f   LIBCMT:convrtcp.obj
 0001:0001dd90       __alloca_probe_16          1001ed90 f   LIBCMT:alloca16.obj
 0001:0001dda6       __alloca_probe_8           1001eda6     LIBCMT:alloca16.obj
 0001:0001de13       __VEC_memzero              1001ee13 f   LIBCMT:p4_memset.obj
 0001:0001dea2       __msize                    1001eea2 f   LIBCMT:msize.obj
 0001:0001df46       __calloc_impl              1001ef46 f   LIBCMT:calloc_impl.obj
 0001:0001e064       _realloc                   1001f064 f   LIBCMT:realloc.obj
 0001:0001e27f       __initp_misc_winsig        1001f27f f   LIBCMT:winsig.obj
 0001:0001e2d4       ___get_sigabrt             1001f2d4 f   LIBCMT:winsig.obj
 0001:0001e2e1       _raise                     1001f2e1 f   LIBCMT:winsig.obj
 0001:0001e491       __initp_misc_rand_s        1001f491 f   LIBCMT:rand_s.obj
 0001:0001e4a0       __initp_misc_purevirt      1001f4a0 f   LIBCMT:inithelp.obj
 0001:0001e502       __ismbblead                1001f502 f   LIBCMT:ismbbyte.obj
 0001:0001e51a       ?_ValidateWrite@@YAHPAXI@Z 1001f51a f   LIBCMT:validate.obj
 0001:0001e51a       ?_ValidateRead@@YAHPBXI@Z  1001f51a f   LIBCMT:validate.obj
 0001:0001e51a       ?_ValidateExecute@@YAHP6GHXZ@Z 1001f51a f   LIBCMT:validate.obj
 0001:0001e52c       _abort                     1001f52c f   LIBCMT:abort.obj
 0001:0001e644       __global_unwind2           1001f644 f   LIBCMT:exsup.obj
 0001:0001e6a9       __local_unwind2            1001f6a9 f   LIBCMT:exsup.obj
 0001:0001e72d       __abnormal_termination     1001f72d f   LIBCMT:exsup.obj
 0001:0001e750       __NLG_Notify1              1001f750 f   LIBCMT:exsup.obj
 0001:0001e759       __NLG_Notify               1001f759 f   LIBCMT:exsup.obj
 0001:0001e770       __NLG_Dispatch             1001f770     LIBCMT:exsup.obj
 0001:0001e770       __NLG_Dispatch2            1001f770     LIBCMT:exsup.obj
 0001:0001e778       __NLG_Call                 1001f778 f   LIBCMT:exsup.obj
 0001:0001e77a       __NLG_Return2              1001f77a     LIBCMT:exsup.obj
 0001:0001e77b       __free_osfhnd              1001f77b f   LIBCMT:osfinfo.obj
 0001:0001e801       __get_osfhandle            1001f801 f   LIBCMT:osfinfo.obj
 0001:0001e878       ___lock_fhandle            1001f878 f   LIBCMT:osfinfo.obj
 0001:0001e918       __unlock_fhandle           1001f918 f   LIBCMT:osfinfo.obj
 0001:0001e93f       __putwch_nolock            1001f93f f   LIBCMT:putwch.obj
 0001:0001ea04       __mbtowc_l                 1001fa04 f   LIBCMT:mbtowc.obj
 0001:0001eb1b       _mbtowc                    1001fb1b f   LIBCMT:mbtowc.obj
 0001:0001eb40       __alloca_probe             1001fb40     LIBCMT:chkstk.obj
 0001:0001eb40       __chkstk                   1001fb40 f   LIBCMT:chkstk.obj
 0001:0001eb6b       __fcloseall                1001fb6b f   LIBCMT:closeall.obj
 0001:0001ec0a       __flush                    1001fc0a f   LIBCMT:fflush.obj
 0001:0001ec72       __fflush_nolock            1001fc72 f   LIBCMT:fflush.obj
 0001:0001ed94       __flushall                 1001fd94 f   LIBCMT:fflush.obj
 0001:0001ed9d       __fptrap                   1001fd9d f   LIBCMT:crt0fp.obj
 0001:0001efd5       _strtol                    1001ffd5 f   LIBCMT:strtol.obj
 0001:0001f000       ___crtMessageBoxA          10020000 f   LIBCMT:crtmbox.obj
 0001:0001f169       __set_error_mode           10020169 f   LIBCMT:errmode.obj
 0001:0001f1b4       _atol                      100201b4 f   LIBCMT:atox.obj
 0001:0001f1d0       __allmul                   100201d0 f   LIBCMT:llmul.obj
 0001:0001f204       __isdigit_l                10020204 f i LIBCMT:_ctype.obj
 0001:0001f255       _isdigit                   10020255 f i LIBCMT:_ctype.obj
 0001:0001f283       ___initconout              10020283 f   LIBCMT:initcon.obj
 0001:0001f2a2       ___termcon                 100202a2 f   LIBCMT:initcon.obj
 0001:0001f2cf       __fclose_nolock            100202cf f   LIBCMT:fclose.obj
 0001:0001f346       _fclose                    10020346 f   LIBCMT:fclose.obj
 0001:0001f3c2       __commit                   100203c2 f   LIBCMT:commit.obj
 0001:0001f4b0       ___ascii_strnicmp          100204b0 f   LIBCMT:_strnicm.obj
 0001:0001f511       __close_nolock             10020511 f   LIBCMT:close.obj
 0001:0001f5ad       __close                    100205ad f   LIBCMT:close.obj
 0001:0001f67a       __freebuf                  1002067a f   LIBCMT:_freebuf.obj
 0001:0001f6c0       _strchr                    100206c0 f   LIBCMT:strchr.obj
 0001:0001f6c6       ___from_strstr_to_strchr   100206c6     LIBCMT:strchr.obj
 0001:0001f77e       _RtlUnwind@16              1002077e f   kernel32:KERNEL32.dll
 0001:0001f784       __cfltcvt_init             10020784 f   LIBCMT:_fpinit_.obj
 0001:0001f7e4       __fpmath                   100207e4 f   LIBCMT:_fpinit_.obj
 0001:0001f810       __ftol2_sse                10020810 f   LIBCMT:ftol2.obj
 0001:0001f819       __ftol2_pentium4           10020819 f   LIBCMT:ftol2.obj
 0001:0001f82c       __ftol2_sse_excpt          1002082c f   LIBCMT:ftol2.obj
 0001:0001f846       __ftol2                    10020846 f   LIBCMT:ftol2.obj
 0001:0001f8bb       __forcdecpt_l              100208bb f   LIBCMT:cvt.obj
 0001:0001f92e       __cropzeros_l              1002092e f   LIBCMT:cvt.obj
 0001:0001f9b0       __positive                 100209b0 f   LIBCMT:cvt.obj
 0001:0001f9cc       __fassign_l                100209cc f   LIBCMT:cvt.obj
 0001:0001fa0e       __fassign                  10020a0e f   LIBCMT:cvt.obj
 0001:0001fa47       __forcdecpt                10020a47 f   LIBCMT:cvt.obj
 0001:0001fa5a       __cropzeros                10020a5a f   LIBCMT:cvt.obj
 0001:0001fbdc       __cftoe_l                  10020bdc f   LIBCMT:cvt.obj
 0001:0001fcac       __cftoe                    10020cac f   LIBCMT:cvt.obj
 0001:0001fccc       __cftoa_l                  10020ccc f   LIBCMT:cvt.obj
 0001:00020136       __cftof_l                  10021136 f   LIBCMT:cvt.obj
 0001:000201f1       __cftog_l                  100211f1 f   LIBCMT:cvt.obj
 0001:000202eb       __cfltcvt_l                100212eb f   LIBCMT:cvt.obj
 0001:00020373       __cfltcvt                  10021373 f   LIBCMT:cvt.obj
 0001:00020396       __setdefaultprecision      10021396 f   LIBCMT:fp8.obj
 0001:000203c1       __ms_p5_test_fdiv          100213c1 f   LIBCMT:_testfdiv_.obj
 0001:000203ff       __ms_p5_mp_test_fdiv       100213ff f   LIBCMT:_testfdiv_.obj
 0001:00020430       _strrchr                   10021430 f   LIBCMT:strrchr.obj
 0001:0002045d       __atodbl_l                 1002145d f   LIBCMT:atodbl.obj
 0001:00020505       __atoflt_l                 10021505 f   LIBCMT:atodbl.obj
 0001:000205ad       __fptostr                  100215ad f   LIBCMT:_fptostr.obj
 0001:0002066c       ___dtold                   1002166c f   LIBCMT:_cfout_.obj
 0001:00020729       __fltout2                  10021729 f   LIBCMT:_cfout_.obj
 0001:000207c0       __alldvrm                  100217c0 f   LIBCMT:lldvrm.obj
 0001:000208a0       __aullshr                  100218a0 f   LIBCMT:ullshr.obj
 0001:000208bf       __controlfp_s              100218bf f   LIBCMT:_contrlfp_.obj
 0001:0002092b       __ld12tod                  1002192b f   LIBCMT:_intrncvt_.obj
 0001:00020e6f       __ld12tof                  10021e6f f   LIBCMT:_intrncvt_.obj
 0001:000213b3       ___strgtold12_l            100223b3 f   LIBCMT:_strgtold_.obj
 0001:00021aab       _$I10_OUTPUT               10022aab f   LIBCMT:_x10fout_.obj
 0001:000224fd       __control87                100234fd f i LIBCMT:_ieee87_.obj
 0001:0002280c       ___mtold12                 1002380c f   LIBCMT:_mantold_.obj
 0001:000229da       ___set_fpsr_sse2           100239da f   LIBCMT:_fpctrl_.obj
 0002:00000000       __imp__GetFullPathNameA@16 10025000     kernel32:KERNEL32.dll
 0002:00000004       __imp__FindFirstFileA@8    10025004     kernel32:KERNEL32.dll
 0002:00000008       __imp__GetProcAddress@8    10025008     kernel32:KERNEL32.dll
 0002:0000000c       __imp__FindClose@4         1002500c     kernel32:KERNEL32.dll
 0002:00000010       __imp__GetPrivateProfileStringA@24 10025010     kernel32:KERNEL32.dll
 0002:00000014       __imp__LoadLibraryA@4      10025014     kernel32:KERNEL32.dll
 0002:00000018       __imp__FindNextFileA@8     10025018     kernel32:KERNEL32.dll
 0002:0000001c       __imp__GetCurrentDirectoryA@8 1002501c     kernel32:KERNEL32.dll
 0002:00000020       __imp__CreateFileA@28      10025020     kernel32:KERNEL32.dll
 0002:00000024       __imp__SetFilePointer@16   10025024     kernel32:KERNEL32.dll
 0002:00000028       __imp__CloseHandle@4       10025028     kernel32:KERNEL32.dll
 0002:0000002c       __imp__GetLastError@0      1002502c     kernel32:KERNEL32.dll
 0002:00000030       __imp__HeapFree@12         10025030     kernel32:KERNEL32.dll
 0002:00000034       __imp__TerminateProcess@8  10025034     kernel32:KERNEL32.dll
 0002:00000038       __imp__GetCurrentProcess@0 10025038     kernel32:KERNEL32.dll
 0002:0000003c       __imp__UnhandledExceptionFilter@4 1002503c     kernel32:KERNEL32.dll
 0002:00000040       __imp__SetUnhandledExceptionFilter@4 10025040     kernel32:KERNEL32.dll
 0002:00000044       __imp__IsDebuggerPresent@0 10025044     kernel32:KERNEL32.dll
 0002:00000048       __imp__GetCurrentThreadId@0 10025048     kernel32:KERNEL32.dll
 0002:0000004c       __imp__GetCommandLineA@0   1002504c     kernel32:KERNEL32.dll
 0002:00000050       __imp__RaiseException@16   10025050     kernel32:KERNEL32.dll
 0002:00000054       __imp__RtlUnwind@16        10025054     kernel32:KERNEL32.dll
 0002:00000058       __imp__HeapAlloc@12        10025058     kernel32:KERNEL32.dll
 0002:0000005c       __imp__HeapCreate@12       1002505c     kernel32:KERNEL32.dll
 0002:00000060       __imp__HeapDestroy@4       10025060     kernel32:KERNEL32.dll
 0002:00000064       __imp__VirtualFree@12      10025064     kernel32:KERNEL32.dll
 0002:00000068       __imp__DeleteCriticalSection@4 10025068     kernel32:KERNEL32.dll
 0002:0000006c       __imp__LeaveCriticalSection@4 1002506c     kernel32:KERNEL32.dll
 0002:00000070       __imp__EnterCriticalSection@4 10025070     kernel32:KERNEL32.dll
 0002:00000074       __imp__VirtualAlloc@16     10025074     kernel32:KERNEL32.dll
 0002:00000078       __imp__HeapReAlloc@16      10025078     kernel32:KERNEL32.dll
 0002:0000007c       __imp__GetCPInfo@8         1002507c     kernel32:KERNEL32.dll
 0002:00000080       __imp__InterlockedIncrement@4 10025080     kernel32:KERNEL32.dll
 0002:00000084       __imp__InterlockedDecrement@4 10025084     kernel32:KERNEL32.dll
 0002:00000088       __imp__GetACP@0            10025088     kernel32:KERNEL32.dll
 0002:0000008c       __imp__GetOEMCP@0          1002508c     kernel32:KERNEL32.dll
 0002:00000090       __imp__IsValidCodePage@4   10025090     kernel32:KERNEL32.dll
 0002:00000094       __imp__GetModuleHandleW@4  10025094     kernel32:KERNEL32.dll
 0002:00000098       __imp__TlsGetValue@4       10025098     kernel32:KERNEL32.dll
 0002:0000009c       __imp__TlsAlloc@0          1002509c     kernel32:KERNEL32.dll
 0002:000000a0       __imp__TlsSetValue@8       100250a0     kernel32:KERNEL32.dll
 0002:000000a4       __imp__TlsFree@4           100250a4     kernel32:KERNEL32.dll
 0002:000000a8       __imp__SetLastError@4      100250a8     kernel32:KERNEL32.dll
 0002:000000ac       __imp__LCMapStringA@24     100250ac     kernel32:KERNEL32.dll
 0002:000000b0       __imp__WideCharToMultiByte@32 100250b0     kernel32:KERNEL32.dll
 0002:000000b4       __imp__MultiByteToWideChar@24 100250b4     kernel32:KERNEL32.dll
 0002:000000b8       __imp__LCMapStringW@24     100250b8     kernel32:KERNEL32.dll
 0002:000000bc       __imp__Sleep@4             100250bc     kernel32:KERNEL32.dll
 0002:000000c0       __imp__ExitProcess@4       100250c0     kernel32:KERNEL32.dll
 0002:000000c4       __imp__SetHandleCount@4    100250c4     kernel32:KERNEL32.dll
 0002:000000c8       __imp__GetStdHandle@4      100250c8     kernel32:KERNEL32.dll
 0002:000000cc       __imp__GetFileType@4       100250cc     kernel32:KERNEL32.dll
 0002:000000d0       __imp__GetStartupInfoA@4   100250d0     kernel32:KERNEL32.dll
 0002:000000d4       __imp__GetModuleFileNameA@12 100250d4     kernel32:KERNEL32.dll
 0002:000000d8       __imp__FreeEnvironmentStringsA@4 100250d8     kernel32:KERNEL32.dll
 0002:000000dc       __imp__GetEnvironmentStrings@0 100250dc     kernel32:KERNEL32.dll
 0002:000000e0       __imp__FreeEnvironmentStringsW@4 100250e0     kernel32:KERNEL32.dll
 0002:000000e4       __imp__GetEnvironmentStringsW@0 100250e4     kernel32:KERNEL32.dll
 0002:000000e8       __imp__QueryPerformanceCounter@4 100250e8     kernel32:KERNEL32.dll
 0002:000000ec       __imp__GetTickCount@0      100250ec     kernel32:KERNEL32.dll
 0002:000000f0       __imp__GetCurrentProcessId@0 100250f0     kernel32:KERNEL32.dll
 0002:000000f4       __imp__GetSystemTimeAsFileTime@4 100250f4     kernel32:KERNEL32.dll
 0002:000000f8       __imp__WriteFile@20        100250f8     kernel32:KERNEL32.dll
 0002:000000fc       __imp__GetConsoleCP@0      100250fc     kernel32:KERNEL32.dll
 0002:00000100       __imp__GetConsoleMode@8    10025100     kernel32:KERNEL32.dll
 0002:00000104       __imp__InitializeCriticalSectionAndSpinCount@8 10025104     kernel32:KERNEL32.dll
 0002:00000108       __imp__GetStringTypeA@20   10025108     kernel32:KERNEL32.dll
 0002:0000010c       __imp__GetStringTypeW@16   1002510c     kernel32:KERNEL32.dll
 0002:00000110       __imp__GetLocaleInfoA@16   10025110     kernel32:KERNEL32.dll
 0002:00000114       __imp__HeapSize@12         10025114     kernel32:KERNEL32.dll
 0002:00000118       __imp__SetStdHandle@8      10025118     kernel32:KERNEL32.dll
 0002:0000011c       __imp__WriteConsoleA@20    1002511c     kernel32:KERNEL32.dll
 0002:00000120       __imp__GetConsoleOutputCP@0 10025120     kernel32:KERNEL32.dll
 0002:00000124       __imp__WriteConsoleW@20    10025124     kernel32:KERNEL32.dll
 0002:00000128       __imp__FlushFileBuffers@4  10025128     kernel32:KERNEL32.dll
 0002:0000012c       __imp__GetModuleHandleA@4  1002512c     kernel32:KERNEL32.dll
 0002:00000130       \177KERNEL32_NULL_THUNK_DATA 10025130     kernel32:KERNEL32.dll
 0002:00000134       __imp__GetKeyState@4       10025134     user32:USER32.dll
 0002:00000138       \177USER32_NULL_THUNK_DATA 10025138     user32:USER32.dll
 0002:0000013c       ___xc_a                    1002513c     LIBCMT:crt0init.obj
 0002:00000140       ___xc_z                    10025140     LIBCMT:crt0init.obj
 0002:00000144       ___xi_a                    10025144     LIBCMT:crt0init.obj
 0002:00000158       ___xi_z                    10025158     LIBCMT:crt0init.obj
 0002:0000015c       ___xp_a                    1002515c     LIBCMT:crt0init.obj
 0002:00000168       ___xp_z                    10025168     LIBCMT:crt0init.obj
 0002:0000016c       ___xt_a                    1002516c     LIBCMT:crt0init.obj
 0002:00000170       ___xt_z                    10025170     LIBCMT:crt0init.obj
 0002:000001a0       ??_7bad_alloc@std@@6B@     100251a0     libcpmt:string.obj
 0002:000001ac       ??_7logic_error@std@@6B@   100251ac     libcpmt:string.obj
 0002:000001b8       ??_7length_error@std@@6B@  100251b8     libcpmt:string.obj
 0002:000001c4       ??_7out_of_range@std@@6B@  100251c4     libcpmt:string.obj
 0002:000001cc       ??_C@_0BA@JFNIOLAK@string?5too?5long?$AA@ 100251cc     libcpmt:string.obj
 0002:000001dc       ??_C@_0BI@CFPLBAOH@invalid?5string?5position?$AA@ 100251dc     libcpmt:string.obj
 0002:000001f8       ??_7exception@std@@6B@     100251f8     LIBCMT:stdexcpt.obj
 0002:00000200       ??_C@_0BC@EOODALEL@Unknown?5exception?$AA@ 10025200     LIBCMT:stdexcpt.obj
 0002:00000218       ??_7type_info@@6B@         10025218     LIBCMT:typinfo.obj
 0002:0000021c       __pDefaultRawDllMain       1002521c     LIBCMT:dllcrt0.obj
 0002:0000021c       __pRawDllMain              1002521c     LIBCMT:dllcrt0.obj
 0002:00000248       ??_C@_1O@CEDCILHN@?$AA?$CI?$AAn?$AAu?$AAl?$AAl?$AA?$CJ?$AA?$AA@ 10025248     LIBCMT:output.obj
 0002:00000258       ??_C@_06OJHGLDPL@?$CInull?$CJ?$AA@ 10025258     LIBCMT:output.obj
 0002:00000260       ___lookuptable             10025260     LIBCMT:output.obj
 0002:00000340       ??_C@_01NEMOKFLO@?$DN?$AA@ 10025340     LIBCMT:setlocal.obj
 0002:00000344       ??_C@_0O@NLDKAIKN@EncodePointer?$AA@ 10025344     LIBCMT:tidtable.obj
 0002:00000354       ??_C@_1BK@DBDEIDLH@?$AAK?$AAE?$AAR?$AAN?$AAE?$AAL?$AA3?$AA2?$AA?4?$AAD?$AAL?$AAL?$AA?$AA@ 10025354     LIBCMT:tidtable.obj
 0002:00000370       ??_C@_0O@KBPMFGHI@DecodePointer?$AA@ 10025370     LIBCMT:tidtable.obj
 0002:00000380       ??_C@_07PEJMOBNF@FlsFree?$AA@ 10025380     LIBCMT:tidtable.obj
 0002:00000388       ??_C@_0M@JCPCPOEF@FlsSetValue?$AA@ 10025388     LIBCMT:tidtable.obj
 0002:00000394       ??_C@_0M@GDNOONDI@FlsGetValue?$AA@ 10025394     LIBCMT:tidtable.obj
 0002:000003a0       ??_C@_08KNHFBNJ@FlsAlloc?$AA@ 100253a0     LIBCMT:tidtable.obj
 0002:000003ac       ??_C@_13NOLLCAOD@?$AA?$AA?$AA?$AA@ 100253ac     LIBCMT:a_map.obj
 0002:000003b0       ??_C@_0P@MIGLKIOC@CorExitProcess?$AA@ 100253b0     LIBCMT:crt0dat.obj
 0002:000003c0       ??_C@_1BI@BGOHAHKC@?$AAm?$AAs?$AAc?$AAo?$AAr?$AAe?$AAe?$AA?4?$AAd?$AAl?$AAl?$AA?$AA@ 100253c0     LIBCMT:crt0dat.obj
 0002:000003d8       __XcptActTab               100253d8     LIBCMT:winxfltr.obj
 0002:00000450       __pDestructExceptionObject 10025450     LIBCMT:frame.obj
 0002:00000458       ??_7bad_exception@std@@6B@ 10025458     LIBCMT:frame.obj
 0002:00000460       ??_C@_0O@DPKOEFFH@bad?5exception?$AA@ 10025460     LIBCMT:frame.obj
 0002:00000470       ___lookuptable_s           10025470     LIBCMT:outputs.obj
 0002:000004cc       ??_C@_0P@GGKDKEEG@runtime?5error?5?$AA@ 100254cc     LIBCMT:crt0msg.obj
 0002:000004dc       ??_C@_02PCIJFNDE@?$AN?6?$AA@ 100254dc     LIBCMT:crt0msg.obj
 0002:000004e0       ??_C@_0O@MJNIPGOH@TLOSS?5error?$AN?6?$AA@ 100254e0     LIBCMT:crt0msg.obj
 0002:000004f0       ??_C@_0N@BONNPDHF@SING?5error?$AN?6?$AA@ 100254f0     LIBCMT:crt0msg.obj
 0002:00000500       ??_C@_0P@MBDAJNE@DOMAIN?5error?$AN?6?$AA@ 10025500     LIBCMT:crt0msg.obj
 0002:00000510       ??_C@_0JL@DFDOOABL@R6034?$AN?6An?5application?5has?5made?5a@ 10025510     LIBCMT:crt0msg.obj
 0002:000005b0       ??_C@_0PH@EPAFIJ@R6033?$AN?6?9?5Attempt?5to?5use?5MSIL?5cod@ 100255b0     LIBCMT:crt0msg.obj
 0002:000006a8       ??_C@_0DD@BKEEABMM@R6032?$AN?6?9?5not?5enough?5space?5for?5lo@ 100256a8     LIBCMT:crt0msg.obj
 0002:000006e0       ??_C@_0GD@OFKILIED@R6031?$AN?6?9?5Attempt?5to?5initialize?5t@ 100256e0     LIBCMT:crt0msg.obj
 0002:00000744       ??_C@_0BP@LPMHJOKI@R6030?$AN?6?9?5CRT?5not?5initialized?$AN?6?$AA@ 10025744     LIBCMT:crt0msg.obj
 0002:00000764       ??_C@_0CF@KJDAIALP@R6028?$AN?6?9?5unable?5to?5initialize?5he@ 10025764     LIBCMT:crt0msg.obj
 0002:0000078c       ??_C@_0DF@GAKBPDFP@R6027?$AN?6?9?5not?5enough?5space?5for?5lo@ 1002578c     LIBCMT:crt0msg.obj
 0002:000007c4       ??_C@_0DF@IBLNNAIG@R6026?$AN?6?9?5not?5enough?5space?5for?5st@ 100257c4     LIBCMT:crt0msg.obj
 0002:000007fc       ??_C@_0CG@IOHKGFNJ@R6025?$AN?6?9?5pure?5virtual?5function?5c@ 100257fc     LIBCMT:crt0msg.obj
 0002:00000824       ??_C@_0DF@JIJJFJDC@R6024?$AN?6?9?5not?5enough?5space?5for?5_o@ 10025824     LIBCMT:crt0msg.obj
 0002:0000085c       ??_C@_0CJ@EGEJHFME@R6019?$AN?6?9?5unable?5to?5open?5console?5@ 1002585c     LIBCMT:crt0msg.obj
 0002:00000888       ??_C@_0CB@GNHNIELH@R6018?$AN?6?9?5unexpected?5heap?5error?$AN?6@ 10025888     LIBCMT:crt0msg.obj
 0002:000008ac       ??_C@_0CN@FOLDKNG@R6017?$AN?6?9?5unexpected?5multithread?5@ 100258ac     LIBCMT:crt0msg.obj
 0002:000008dc       ??_C@_0CM@FAHFJNHO@R6016?$AN?6?9?5not?5enough?5space?5for?5th@ 100258dc     LIBCMT:crt0msg.obj
 0002:00000908       ??_C@_0JG@LBKMGKLD@?$AN?6This?5application?5has?5requested@ 10025908     LIBCMT:crt0msg.obj
 0002:000009a0       ??_C@_0CM@FLCNIPKK@R6009?$AN?6?9?5not?5enough?5space?5for?5en@ 100259a0     LIBCMT:crt0msg.obj
 0002:000009cc       ??_C@_0CK@KMMJOAPP@R6008?$AN?6?9?5not?5enough?5space?5for?5ar@ 100259cc     LIBCMT:crt0msg.obj
 0002:000009f8       ??_C@_0CN@LEKKICBM@R6002?$AN?6?9?5floating?5point?5support?5@ 100259f8     LIBCMT:crt0msg.obj
 0002:00000a28       ??_C@_0CF@GOGNBNAK@Microsoft?5Visual?5C?$CL?$CL?5Runtime?5Lib@ 10025a28     LIBCMT:crt0msg.obj
 0002:00000a50       ??_C@_02PHMGELLB@?6?6?$AA@ 10025a50     LIBCMT:crt0msg.obj
 0002:00000a54       ??_C@_03KHICJKCI@?4?4?4?$AA@ 10025a54     LIBCMT:crt0msg.obj
 0002:00000a58       ??_C@_0BH@DNAGHKFM@?$DMprogram?5name?5unknown?$DO?$AA@ 10025a58     LIBCMT:crt0msg.obj
 0002:00000a70       ??_C@_0BK@OFGJDLJJ@Runtime?5Error?$CB?6?6Program?3?5?$AA@ 10025a70     LIBCMT:crt0msg.obj
 0002:00000a90       ___newctype                10025a90     LIBCMT:ctype.obj
 0002:00000d90       __wctype                   10025d90     LIBCMT:ctype.obj
 0002:00000f98       ___newclmap                10025f98     LIBCMT:ctype.obj
 0002:00001118       ___newcumap                10026118     LIBCMT:ctype.obj
 0002:00001298       ??_C@_08JCCMCCIL@HH?3mm?3ss?$AA@ 10026298     LIBCMT:strftime.obj
 0002:000012a4       ??_C@_0BE@CKGJFCPC@dddd?0?5MMMM?5dd?0?5yyyy?$AA@ 100262a4     LIBCMT:strftime.obj
 0002:000012b8       ??_C@_08BPBNCDIB@MM?1dd?1yy?$AA@ 100262b8     LIBCMT:strftime.obj
 0002:000012c4       ??_C@_02CJNFDJBF@PM?$AA@   100262c4     LIBCMT:strftime.obj
 0002:000012c8       ??_C@_02DEDBPAFC@AM?$AA@   100262c8     LIBCMT:strftime.obj
 0002:000012cc       ??_C@_08EDHMEBNP@December?$AA@ 100262cc     LIBCMT:strftime.obj
 0002:000012d8       ??_C@_08HCHEGEOA@November?$AA@ 100262d8     LIBCMT:strftime.obj
 0002:000012e4       ??_C@_07JJNFCEND@October?$AA@ 100262e4     LIBCMT:strftime.obj
 0002:000012ec       ??_C@_09BHHEALKD@September?$AA@ 100262ec     LIBCMT:strftime.obj
 0002:000012f8       ??_C@_06LBBHFDDG@August?$AA@ 100262f8     LIBCMT:strftime.obj
 0002:00001300       ??_C@_04MIEPOIFP@July?$AA@ 10026300     LIBCMT:strftime.obj
 0002:00001308       ??_C@_04CNLMGBGM@June?$AA@ 10026308     LIBCMT:strftime.obj
 0002:00001310       ??_C@_05DMJDNLEJ@April?$AA@ 10026310     LIBCMT:strftime.obj
 0002:00001318       ??_C@_05HPCKOFNC@March?$AA@ 10026318     LIBCMT:strftime.obj
 0002:00001320       ??_C@_08GNJGEPFN@February?$AA@ 10026320     LIBCMT:strftime.obj
 0002:0000132c       ??_C@_07CGJPFGJA@January?$AA@ 1002632c     LIBCMT:strftime.obj
 0002:00001334       ??_C@_03MKABNOCG@Dec?$AA@  10026334     LIBCMT:strftime.obj
 0002:00001338       ??_C@_03JPJOFNIA@Nov?$AA@  10026338     LIBCMT:strftime.obj
 0002:0000133c       ??_C@_03BMAOKBAD@Oct?$AA@  1002633c     LIBCMT:strftime.obj
 0002:00001340       ??_C@_03GGCAPAJC@Sep?$AA@  10026340     LIBCMT:strftime.obj
 0002:00001344       ??_C@_03IFJFEIGA@Aug?$AA@  10026344     LIBCMT:strftime.obj
 0002:00001348       ??_C@_03LBGABGKK@Jul?$AA@  10026348     LIBCMT:strftime.obj
 0002:0000134c       ??_C@_03IDFGHECI@Jun?$AA@  1002634c     LIBCMT:strftime.obj
 0002:00001350       ??_C@_03CNMDKL@May?$AA@    10026350     LIBCMT:strftime.obj
 0002:00001354       ??_C@_03LEOLGMJP@Apr?$AA@  10026354     LIBCMT:strftime.obj
 0002:00001358       ??_C@_03ODNJBKGA@Mar?$AA@  10026358     LIBCMT:strftime.obj
 0002:0000135c       ??_C@_03HJBDCHOM@Feb?$AA@  1002635c     LIBCMT:strftime.obj
 0002:00001360       ??_C@_03JIHJHPIE@Jan?$AA@  10026360     LIBCMT:strftime.obj
 0002:00001364       ??_C@_08INBOOONO@Saturday?$AA@ 10026364     LIBCMT:strftime.obj
 0002:00001370       ??_C@_06JECMNKMI@Friday?$AA@ 10026370     LIBCMT:strftime.obj
 0002:00001378       ??_C@_08HACCIKIA@Thursday?$AA@ 10026378     LIBCMT:strftime.obj
 0002:00001384       ??_C@_09DLIGFAKA@Wednesday?$AA@ 10026384     LIBCMT:strftime.obj
 0002:00001390       ??_C@_07BAAGCFCM@Tuesday?$AA@ 10026390     LIBCMT:strftime.obj
 0002:00001398       ??_C@_06JLEDEDGH@Monday?$AA@ 10026398     LIBCMT:strftime.obj
 0002:000013a0       ??_C@_06OOPIFAJ@Sunday?$AA@ 100263a0     LIBCMT:strftime.obj
 0002:000013a8       ??_C@_03FEFJNEK@Sat?$AA@   100263a8     LIBCMT:strftime.obj
 0002:000013ac       ??_C@_03IDIOELNC@Fri?$AA@  100263ac     LIBCMT:strftime.obj
 0002:000013b0       ??_C@_03IOFIKPDN@Thu?$AA@  100263b0     LIBCMT:strftime.obj
 0002:000013b4       ??_C@_03MHOMLAJA@Wed?$AA@  100263b4     LIBCMT:strftime.obj
 0002:000013b8       ??_C@_03NAGEINEP@Tue?$AA@  100263b8     LIBCMT:strftime.obj
 0002:000013bc       ??_C@_03PDAGKDH@Mon?$AA@   100263bc     LIBCMT:strftime.obj
 0002:000013c0       ??_C@_03KOEHGMDN@Sun?$AA@  100263c0     LIBCMT:strftime.obj
 0002:000013c4       ??_C@_0BK@CFCOFLF@?5Complete?5Object?5Locator?8?$AA@ 100263c4     LIBCMT:undname.obj
 0002:000013e0       ??_C@_0BN@MECKDCOJ@?5Class?5Hierarchy?5Descriptor?8?$AA@ 100263e0     LIBCMT:undname.obj
 0002:00001400       ??_C@_0BD@LGICGFMM@?5Base?5Class?5Array?8?$AA@ 10026400     LIBCMT:undname.obj
 0002:00001414       ??_C@_0BM@LDKODKLH@?5Base?5Class?5Descriptor?5at?5?$CI?$AA@ 10026414     LIBCMT:undname.obj
 0002:00001430       ??_C@_0BC@DAFEJGAK@?5Type?5Descriptor?8?$AA@ 10026430     LIBCMT:undname.obj
 0002:00001444       ??_C@_0BM@PMGGMLDN@?$GAlocal?5static?5thread?5guard?8?$AA@ 10026444     LIBCMT:undname.obj
 0002:00001460       ??_C@_0CL@FGIJHLCE@?$GAmanaged?5vector?5copy?5constructor@ 10026460     LIBCMT:undname.obj
 0002:0000148c       ??_C@_0CJ@GJELGAMM@?$GAvector?5vbase?5copy?5constructor?5i@ 1002648c     LIBCMT:undname.obj
 0002:000014b8       ??_C@_0CD@CGAJBKEJ@?$GAvector?5copy?5constructor?5iterato@ 100264b8     LIBCMT:undname.obj
 0002:000014dc       ??_C@_0CB@PDBIFEP@?$GAdynamic?5atexit?5destructor?5for?5?8@ 100264dc     LIBCMT:undname.obj
 0002:00001500       ??_C@_0BL@CLIPGLGB@?$GAdynamic?5initializer?5for?5?8?$AA@ 10026500     LIBCMT:undname.obj
 0002:0000151c       ??_C@_0CM@FCBBDIGB@?$GAeh?5vector?5vbase?5copy?5constructo@ 1002651c     LIBCMT:undname.obj
 0002:00001548       ??_C@_0CG@HLDDJMAG@?$GAeh?5vector?5copy?5constructor?5iter@ 10026548     LIBCMT:undname.obj
 0002:00001570       ??_C@_0CF@IMGKMJNO@?$GAmanaged?5vector?5destructor?5itera@ 10026570     LIBCMT:undname.obj
 0002:00001598       ??_C@_0CG@CFDHKGGD@?$GAmanaged?5vector?5constructor?5iter@ 10026598     LIBCMT:undname.obj
 0002:000015c0       ??_C@_0BN@CKNJLHMB@?$GAplacement?5delete?$FL?$FN?5closure?8?$AA@ 100265c0     LIBCMT:undname.obj
 0002:000015e0       ??_C@_0BL@CNOONJFP@?$GAplacement?5delete?5closure?8?$AA@ 100265e0     LIBCMT:undname.obj
 0002:000015fc       ??_C@_0P@HJKNJFNN@?$GAomni?5callsig?8?$AA@ 100265fc     LIBCMT:undname.obj
 0002:0000160c       ??_C@_09LBNFPBCA@?5delete?$FL?$FN?$AA@ 1002660c     LIBCMT:undname.obj
 0002:00001618       ??_C@_06FHBGPFGH@?5new?$FL?$FN?$AA@ 10026618     LIBCMT:undname.obj
 0002:00001620       ??_C@_0CE@IIHCMGGL@?$GAlocal?5vftable?5constructor?5closu@ 10026620     LIBCMT:undname.obj
 0002:00001644       ??_C@_0BA@KKLDJDLB@?$GAlocal?5vftable?8?$AA@ 10026644     LIBCMT:undname.obj
 0002:00001654       ??_C@_05KHLCHHI@?$GARTTI?$AA@ 10026654     LIBCMT:undname.obj
 0002:0000165c       ??_C@_03KLGMFNMG@?$GAEH?$AA@ 1002665c     LIBCMT:undname.obj
 0002:00001660       ??_C@_0BA@KBCDOMBN@?$GAudt?5returning?8?$AA@ 10026660     LIBCMT:undname.obj
 0002:00001670       ??_C@_0BL@LLKPOHJI@?$GAcopy?5constructor?5closure?8?$AA@ 10026670     LIBCMT:undname.obj
 0002:0000168c       ??_C@_0CH@OOJPLCPH@?$GAeh?5vector?5vbase?5constructor?5ite@ 1002668c     LIBCMT:undname.obj
 0002:000016b4       ??_C@_0CA@GCEOPDGL@?$GAeh?5vector?5destructor?5iterator?8?$AA@ 100266b4     LIBCMT:undname.obj
 0002:000016d4       ??_C@_0CB@JONCMFFK@?$GAeh?5vector?5constructor?5iterator?8@ 100266d4     LIBCMT:undname.obj
 0002:000016f8       ??_C@_0BL@NILFHHPC@?$GAvirtual?5displacement?5map?8?$AA@ 100266f8     LIBCMT:undname.obj
 0002:00001714       ??_C@_0CE@IKBNEHA@?$GAvector?5vbase?5constructor?5iterat@ 10026714     LIBCMT:undname.obj
 0002:00001738       ??_C@_0BN@LFPFMEDL@?$GAvector?5destructor?5iterator?8?$AA@ 10026738     LIBCMT:undname.obj
 0002:00001758       ??_C@_0BO@PFGOCPJJ@?$GAvector?5constructor?5iterator?8?$AA@ 10026758     LIBCMT:undname.obj
 0002:00001778       ??_C@_0BN@IMDCHIKM@?$GAscalar?5deleting?5destructor?8?$AA@ 10026778     LIBCMT:undname.obj
 0002:00001798       ??_C@_0BO@OBMKPJIG@?$GAdefault?5constructor?5closure?8?$AA@ 10026798     LIBCMT:undname.obj
 0002:000017b8       ??_C@_0BN@DEGPLNFK@?$GAvector?5deleting?5destructor?8?$AA@ 100267b8     LIBCMT:undname.obj
 0002:000017d8       ??_C@_0BD@JDLKDPAB@?$GAvbase?5destructor?8?$AA@ 100267d8     LIBCMT:undname.obj
 0002:000017ec       ??_C@_08OBABFOLI@?$GAstring?8?$AA@ 100267ec     LIBCMT:undname.obj
 0002:000017f8       ??_C@_0BF@KDPPACIK@?$GAlocal?5static?5guard?8?$AA@ 100267f8     LIBCMT:undname.obj
 0002:00001810       ??_C@_08LLFFHHDJ@?$GAtypeof?8?$AA@ 10026810     LIBCMT:undname.obj
 0002:0000181c       ??_C@_07FEEIOKP@?$GAvcall?8?$AA@ 1002681c     LIBCMT:undname.obj
 0002:00001824       ??_C@_09BLBHBJP@?$GAvbtable?8?$AA@ 10026824     LIBCMT:undname.obj
 0002:00001830       ??_C@_09IFPLHPGF@?$GAvftable?8?$AA@ 10026830     LIBCMT:undname.obj
 0002:0000183c       ??_C@_02MHEGNOJ@?$FO?$DN?$AA@ 1002683c     LIBCMT:undname.obj
 0002:00001840       ??_C@_02DHLNPPGH@?$HM?$DN?$AA@ 10026840     LIBCMT:undname.obj
 0002:00001844       ??_C@_02FGJGFEAB@?$CG?$DN?$AA@ 10026844     LIBCMT:undname.obj
 0002:00001848       ??_C@_03CDNPDDLA@?$DM?$DM?$DN?$AA@ 10026848     LIBCMT:undname.obj
 0002:0000184c       ??_C@_03IKFCCPFF@?$DO?$DO?$DN?$AA@ 1002684c     LIBCMT:undname.obj
 0002:00001850       ??_C@_02FENAOKFI@?$CF?$DN?$AA@ 10026850     LIBCMT:undname.obj
 0002:00001854       ??_C@_02FJEHGPIO@?1?$DN?$AA@ 10026854     LIBCMT:undname.obj
 0002:00001858       ??_C@_02FKMDLLOA@?9?$DN?$AA@ 10026858     LIBCMT:undname.obj
 0002:0000185c       ??_C@_02FOEOMHFC@?$CL?$DN?$AA@ 1002685c     LIBCMT:undname.obj
 0002:00001860       ??_C@_02FPIMKNGF@?$CK?$DN?$AA@ 10026860     LIBCMT:undname.obj
 0002:00001864       ??_C@_02NONPIBCD@?$HM?$HM?$AA@ 10026864     LIBCMT:undname.obj
 0002:00001868       ??_C@_02PPKAJPJL@?$CG?$CG?$AA@ 10026868     LIBCMT:undname.obj
 0002:0000186c       ??_C@_01DNKMNLPK@?$HM?$AA@ 1002686c     LIBCMT:undname.obj
 0002:00001870       ??_C@_01JKBOJNNK@?$FO?$AA@ 10026870     LIBCMT:undname.obj
 0002:00001874       ??_C@_01PJKLJHI@?$HO?$AA@  10026874     LIBCMT:undname.obj
 0002:00001878       ??_C@_02HCKGKOFO@?$CI?$CJ?$AA@ 10026878     LIBCMT:undname.obj
 0002:0000187c       ??_C@_01IHBHIGKO@?0?$AA@   1002687c     LIBCMT:undname.obj
[...]
 0001:00022ba0       __unwindfunclet$??$_Adjust_heap@PAV?$basic_string@DU?$char_traits@D@std@@V?$allocator@D@2@@std@@HV12@P6A_NABV12@0@Z@std@@YAXPAV?$basic_string@DU?$char_traits@D@std@@V?$allocator@D@2@@0@HHV10@P6A_NABV10@2@Z@Z$0 10023ba0 f    CIL library: CIL module
 0001:00022ba8       __ehhandler$??$_Adjust_heap@PAV?$basic_string@DU?$char_traits@D@std@@V?$allocator@D@2@@std@@HV12@P6A_NABV12@0@Z@std@@YAXPAV?$basic_string@DU?$char_traits@D@std@@V?$allocator@D@2@@0@HHV10@P6A_NABV10@2@Z@Z 10023ba8 f    CIL library: CIL module
 0001:00022bd0       __unwindfunclet$?CreateNewBattleLogDlg@@YAXPAU_BattleMgr_@@@Z$0 10023bd0 f    CIL library: CIL module
 0001:00022bd0       __unwindfunclet$??$_Insertion_sort1@PAV?$basic_string@DU?$char_traits@D@std@@V?$allocator@D@2@@std@@P6A_NABV12@0@ZV12@@std@@YAXPAV?$basic_string@DU?$char_traits@D@std@@V?$allocator@D@2@@0@0P6A_NABV10@1@Z0@Z$0 10023bd0 f    CIL library: CIL module
 0001:00022bd8       __ehhandler$?CreateNewBattleLogDlg@@YAXPAU_BattleMgr_@@@Z 10023bd8 f    CIL library: CIL module
 0001:00022bd8       __ehhandler$??$_Insertion_sort1@PAV?$basic_string@DU?$char_traits@D@std@@V?$allocator@D@2@@std@@P6A_NABV12@0@ZV12@@std@@YAXPAV?$basic_string@DU?$char_traits@D@std@@V?$allocator@D@2@@0@0P6A_NABV10@1@Z0@Z 10023bd8 f    CIL library: CIL module
 0001:00022c00       __unwindfunclet$??$_Uninit_fill_n@PAV?$basic_string@DU?$char_traits@D@std@@V?$allocator@D@2@@std@@IV12@V?$allocator@V?$basic_string@DU?$char_traits@D@std@@V?$allocator@D@2@@std@@@2@@std@@YAXPAV?$basic_string@DU?$char_traits@D@std@@V?$allocator@D@2@@0@IABV10@AAV?$allocator@V?$basic_string@DU?$char_traits@D@std@@V?$allocator@D@2@@std@@@0@U_Nonscalar_ptr_iterator_tag@0@U_Range_checked_iterator_tag@0@@Z$2 10023c00 f    CIL library: CIL module
 0001:00022c05       __ehhandler$??$_Uninit_fill_n@PAV?$basic_string@DU?$char_traits@D@std@@V?$allocator@D@2@@std@@IV12@V?$allocator@V?$basic_string@DU?$char_traits@D@std@@V?$allocator@D@2@@std@@@2@@std@@YAXPAV?$basic_string@DU?$char_traits@D@std@@V?$allocator@D@2@@0@IABV10@AAV?$allocator@V?$basic_string@DU?$char_traits@D@std@@V?$allocator@D@2@@std@@@0@U_Nonscalar_ptr_iterator_tag@0@U_Range_checked_iterator_tag@0@@Z 10023c05 f    CIL library: CIL module
 0001:00022c20       __ehhandler$??$_Construct@V?$_Vector_iterator@DV?$allocator@D@std@@@std@@@?$basic_string@DU?$char_traits@D@std@@V?$allocator@D@2@@std@@QAEXV?$_Vector_iterator@DV?$allocator@D@std@@@1@0Uforward_iterator_tag@1@@Z 10023c20 f    CIL library: CIL module
 0001:00022c40       __unwindfunclet$??$?HDU?$char_traits@D@std@@V?$allocator@D@1@@std@@YA?AV?$basic_string@DU?$char_traits@D@std@@V?$allocator@D@2@@0@ABV10@PBD@Z$0 10023c40 f    CIL library: CIL module
 0001:00022c40       __unwindfunclet$??$?HDU?$char_traits@D@std@@V?$allocator@D@1@@std@@YA?AV?$basic_string@DU?$char_traits@D@std@@V?$allocator@D@2@@0@ABV10@0@Z$0 10023c40 f    CIL library: CIL module
 0001:00022c48       __ehhandler$??$?HDU?$char_traits@D@std@@V?$allocator@D@1@@std@@YA?AV?$basic_string@DU?$char_traits@D@std@@V?$allocator@D@2@@0@ABV10@0@Z 10023c48 f    CIL library: CIL module
 0001:00022c48       __ehhandler$??$?HDU?$char_traits@D@std@@V?$allocator@D@1@@std@@YA?AV?$basic_string@DU?$char_traits@D@std@@V?$allocator@D@2@@0@ABV10@PBD@Z 10023c48 f    CIL library: CIL module
 0001:00022c70       __unwindfunclet$?Y_Dlg_CustomPic@@YGHPAVHiHook@@HH@Z$0 10023c70 f    CIL library: CIL module
 0001:00022c78       __ehhandler$?Y_Dlg_CustomPic@@YGHPAVHiHook@@HH@Z 10023c78 f    CIL library: CIL module
 0001:00022ca0       __unwindfunclet$?New_Dlg_CustomReq@@YAHPAU_Sphinx1_@@@Z$0 10023ca0 f    CIL library: CIL module
 0001:00022ca8       __ehhandler$?New_Dlg_CustomReq@@YAHPAU_Sphinx1_@@@Z 10023ca8 f    CIL library: CIL module
 0001:00022ce0       __unwindfunclet$?Y_WoG_PicDlg_Def@@YGXPAVHiHook@@PAD1@Z$0 10023ce0 f    CIL library: CIL module
 0001:00022ce0       __unwindfunclet$?Y_WoG_PicDlg_Pcx8@@YGXPAVHiHook@@PAD1@Z$0 10023ce0 f    CIL library: CIL module
 0001:00022ce0       __unwindfunclet$?IsSupportedFormatImage@@YAHPAD@Z$0 10023ce0 f    CIL library: CIL module
 0001:00022ce8       __unwindfunclet$?Y_WoG_PicDlg_Pcx8@@YGXPAVHiHook@@PAD1@Z$1 10023ce8 f    CIL library: CIL module
 0001:00022ce8       __unwindfunclet$?Y_WoG_PicDlg_Def@@YGXPAVHiHook@@PAD1@Z$1 10023ce8 f    CIL library: CIL module
 0001:00022ce8       __unwindfunclet$?IsSupportedFormatImage@@YAHPAD@Z$1 10023ce8 f    CIL library: CIL module
 0001:00022cf0       __ehhandler$?IsSupportedFormatImage@@YAHPAD@Z 10023cf0 f    CIL library: CIL module
 0001:00022cf0       __ehhandler$?Y_WoG_PicDlg_Pcx8@@YGXPAVHiHook@@PAD1@Z 10023cf0 f    CIL library: CIL module
 0001:00022cf0       __ehhandler$?Y_WoG_PicDlg_Def@@YGXPAVHiHook@@PAD1@Z 10023cf0 f    CIL library: CIL module
 0001:00022d20       __unwindfunclet$??$_Pop_heap@PAV?$basic_string@DU?$char_traits@D@std@@V?$allocator@D@2@@std@@HV12@P6A_NABV12@0@Z@std@@YAXPAV?$basic_string@DU?$char_traits@D@std@@V?$allocator@D@2@@0@00V10@P6A_NABV10@2@ZPAH@Z$0 10023d20 f    CIL library: CIL module
 0001:00022d28       __ehhandler$??$_Pop_heap@PAV?$basic_string@DU?$char_traits@D@std@@V?$allocator@D@2@@std@@HV12@P6A_NABV12@0@Z@std@@YAXPAV?$basic_string@DU?$char_traits@D@std@@V?$allocator@D@2@@0@00V10@P6A_NABV10@2@ZPAH@Z 10023d28 f    CIL library: CIL module
 0001:00022d50       __unwindfunclet$??$_Uninit_move@PAV?$basic_string@DU?$char_traits@D@std@@V?$allocator@D@2@@std@@PAV12@V?$allocator@V?$basic_string@DU?$char_traits@D@std@@V?$allocator@D@2@@std@@@2@@std@@YAPAV?$basic_string@DU?$char_traits@D@std@@V?$allocator@D@2@@0@PAV10@00AAV?$allocator@V?$basic_string@DU?$char_traits@D@std@@V?$allocator@D@2@@std@@@0@U_Swap_move_tag@0@U_Range_checked_iterator_tag@0@@Z$2 10023d50 f    CIL library: CIL module
 0001:00022d58       __unwindfunclet$??$_Uninit_move@PAV?$basic_string@DU?$char_traits@D@std@@V?$allocator@D@2@@std@@PAV12@V?$allocator@V?$basic_string@DU?$char_traits@D@std@@V?$allocator@D@2@@std@@@2@@std@@YAPAV?$basic_string@DU?$char_traits@D@std@@V?$allocator@D@2@@0@PAV10@00AAV?$allocator@V?$basic_string@DU?$char_traits@D@std@@V?$allocator@D@2@@std@@@0@U_Swap_move_tag@0@U_Range_checked_iterator_tag@0@@Z$3 10023d58 f    CIL library: CIL module
 0001:00022d5d       __ehhandler$??$_Uninit_move@PAV?$basic_string@DU?$char_traits@D@std@@V?$allocator@D@2@@std@@PAV12@V?$allocator@V?$basic_string@DU?$char_traits@D@std@@V?$allocator@D@2@@std@@@2@@std@@YAPAV?$basic_string@DU?$char_traits@D@std@@V?$allocator@D@2@@0@PAV10@00AAV?$allocator@V?$basic_string@DU?$char_traits@D@std@@V?$allocator@D@2@@std@@@0@U_Swap_move_tag@0@U_Range_checked_iterator_tag@0@@Z 10023d5d f    CIL library: CIL module
 0001:00022d90       __unwindfunclet$?_Insert_n@?$vector@V?$basic_string@DU?$char_traits@D@std@@V?$allocator@D@2@@std@@V?$allocator@V?$basic_string@DU?$char_traits@D@std@@V?$allocator@D@2@@std@@@2@@std@@IAEXV?$_Vector_const_iterator@V?$basic_string@DU?$char_traits@D@std@@V?$allocator@D@2@@std@@V?$allocator@V?$basic_string@DU?$char_traits@D@std@@V?$allocator@D@2@@std@@@2@@2@IABV?$basic_string@DU?$char_traits@D@std@@V?$allocator@D@2@@2@@Z$4 10023d90 f    CIL library: CIL module
 0001:00022d98       __unwindfunclet$?_Insert_n@?$vector@V?$basic_string@DU?$char_traits@D@std@@V?$allocator@D@2@@std@@V?$allocator@V?$basic_string@DU?$char_traits@D@std@@V?$allocator@D@2@@std@@@2@@std@@IAEXV?$_Vector_const_iterator@V?$basic_string@DU?$char_traits@D@std@@V?$allocator@D@2@@std@@V?$allocator@V?$basic_string@DU?$char_traits@D@std@@V?$allocator@D@2@@std@@@2@@2@IABV?$basic_string@DU?$char_traits@D@std@@V?$allocator@D@2@@2@@Z$5 10023d98 f    CIL library: CIL module
 0001:00022da0       __ehhandler$?_Insert_n@?$vector@V?$basic_string@DU?$char_traits@D@std@@V?$allocator@D@2@@std@@V?$allocator@V?$basic_string@DU?$char_traits@D@std@@V?$allocator@D@2@@std@@@2@@std@@IAEXV?$_Vector_const_iterator@V?$basic_string@DU?$char_traits@D@std@@V?$allocator@D@2@@std@@V?$allocator@V?$basic_string@DU?$char_traits@D@std@@V?$allocator@D@2@@std@@@2@@2@IABV?$basic_string@DU?$char_traits@D@std@@V?$allocator@D@2@@2@@Z 10023da0 f    CIL library: CIL module
 0001:00022dd0       __unwindfunclet$?_Xlen@?$vector@V?$basic_string@DU?$char_traits@D@std@@V?$allocator@D@2@@std@@V?$allocator@V?$basic_string@DU?$char_traits@D@std@@V?$allocator@D@2@@std@@@2@@std@@KAXXZ$0 10023dd0 f    CIL library: CIL module
 0001:00022dd0       __unwindfunclet$?_Xlen@?$vector@DV?$allocator@D@std@@@std@@KAXXZ$0 10023dd0 f    CIL library: CIL module
 0001:00022dd8       __ehhandler$?_Xlen@?$vector@V?$basic_string@DU?$char_traits@D@std@@V?$allocator@D@2@@std@@V?$allocator@V?$basic_string@DU?$char_traits@D@std@@V?$allocator@D@2@@std@@@2@@std@@KAXXZ 10023dd8 f    CIL library: CIL module
 0001:00022dd8       __ehhandler$?_Xlen@?$vector@DV?$allocator@D@std@@@std@@KAXXZ 10023dd8 f    CIL library: CIL module
 0001:00022e00       __unwindfunclet$??0?$vector@DV?$allocator@D@std@@@std@@QAE@XZ$0 10023e00 f    CIL library: CIL module
 0001:00022e00       __unwindfunclet$??0?$vector@V?$basic_string@DU?$char_traits@D@std@@V?$allocator@D@2@@std@@V?$allocator@V?$basic_string@DU?$char_traits@D@std@@V?$allocator@D@2@@std@@@2@@std@@QAE@XZ$0 10023e00 f    CIL library: CIL module
 0001:00022e08       __ehhandler$??0?$vector@DV?$allocator@D@std@@@std@@QAE@XZ 10023e08 f    CIL library: CIL module
 0001:00022e08       __ehhandler$??0?$vector@V?$basic_string@DU?$char_traits@D@std@@V?$allocator@D@2@@std@@V?$allocator@V?$basic_string@DU?$char_traits@D@std@@V?$allocator@D@2@@std@@@2@@std@@QAE@XZ 10023e08 f    CIL library: CIL module
 0001:00022e30       __unwindfunclet$?expandFilePath@fsman@@YA?AV?$basic_string@DU?$char_traits@D@std@@V?$allocator@D@2@@std@@ABV23@@Z$0 10023e30 f    CIL library: CIL module
 0001:00022e38       __unwindfunclet$?expandFilePath@fsman@@YA?AV?$basic_string@DU?$char_traits@D@std@@V?$allocator@D@2@@std@@ABV23@@Z$1 10023e38 f    CIL library: CIL module
 0001:00022e40       __ehhandler$?expandFilePath@fsman@@YA?AV?$basic_string@DU?$char_traits@D@std@@V?$allocator@D@2@@std@@ABV23@@Z 10023e40 f    CIL library: CIL module
 0001:00022e70       __unwindfunclet$?listFiles@FsMan@fsman@@QAE?AV?$vector@V?$basic_string@DU?$char_traits@D@std@@V?$allocator@D@2@@std@@V?$allocator@V?$basic_string@DU?$char_traits@D@std@@V?$allocator@D@2@@std@@@2@@std@@ABV?$basic_string@DU?$char_traits@D@std@@V?$allocator@D@2@@4@@Z$0 10023e70 f    CIL library: CIL module
 0001:00022e92       __unwindfunclet$?listFiles@FsMan@fsman@@QAE?AV?$vector@V?$basic_string@DU?$char_traits@D@std@@V?$allocator@D@2@@std@@V?$allocator@V?$basic_string@DU?$char_traits@D@std@@V?$allocator@D@2@@std@@@2@@std@@ABV?$basic_string@DU?$char_traits@D@std@@V?$allocator@D@2@@4@@Z$1 10023e92 f    CIL library: CIL module
 0001:00022e9d       __unwindfunclet$?listFiles@FsMan@fsman@@QAE?AV?$vector@V?$basic_string@DU?$char_traits@D@std@@V?$allocator@D@2@@std@@V?$allocator@V?$basic_string@DU?$char_traits@D@std@@V?$allocator@D@2@@std@@@2@@std@@ABV?$basic_string@DU?$char_traits@D@std@@V?$allocator@D@2@@4@@Z$3 10023e9d f    CIL library: CIL module
 0001:00022ebf       __unwindfunclet$?listFiles@FsMan@fsman@@QAE?AV?$vector@V?$basic_string@DU?$char_traits@D@std@@V?$allocator@D@2@@std@@V?$allocator@V?$basic_string@DU?$char_traits@D@std@@V?$allocator@D@2@@std@@@2@@std@@ABV?$basic_string@DU?$char_traits@D@std@@V?$allocator@D@2@@4@@Z$4 10023ebf f    CIL library: CIL module
 0001:00022eca       __unwindfunclet$?listFiles@FsMan@fsman@@QAE?AV?$vector@V?$basic_string@DU?$char_traits@D@std@@V?$allocator@D@2@@std@@V?$allocator@V?$basic_string@DU?$char_traits@D@std@@V?$allocator@D@2@@std@@@2@@std@@ABV?$basic_string@DU?$char_traits@D@std@@V?$allocator@D@2@@4@@Z$5 10023eca f    CIL library: CIL module
 0001:00022eec       __unwindfunclet$?listFiles@FsMan@fsman@@QAE?AV?$vector@V?$basic_string@DU?$char_traits@D@std@@V?$allocator@D@2@@std@@V?$allocator@V?$basic_string@DU?$char_traits@D@std@@V?$allocator@D@2@@std@@@2@@std@@ABV?$basic_string@DU?$char_traits@D@std@@V?$allocator@D@2@@4@@Z$6 10023eec f    CIL library: CIL module
 0001:00022ef7       __ehhandler$?listFiles@FsMan@fsman@@QAE?AV?$vector@V?$basic_string@DU?$char_traits@D@std@@V?$allocator@D@2@@std@@V?$allocator@V?$basic_string@DU?$char_traits@D@std@@V?$allocator@D@2@@std@@@2@@std@@ABV?$basic_string@DU?$char_traits@D@std@@V?$allocator@D@2@@4@@Z 10023ef7 f    CIL library: CIL module
 0001:00022f30       __unwindfunclet$?listDirectories@FsMan@fsman@@QAE?AV?$vector@V?$basic_string@DU?$char_traits@D@std@@V?$allocator@D@2@@std@@V?$allocator@V?$basic_string@DU?$char_traits@D@std@@V?$allocator@D@2@@std@@@2@@std@@XZ$0 10023f30 f    CIL library: CIL module
 0001:00022f52       __unwindfunclet$?listDirectories@FsMan@fsman@@QAE?AV?$vector@V?$basic_string@DU?$char_traits@D@std@@V?$allocator@D@2@@std@@V?$allocator@V?$basic_string@DU?$char_traits@D@std@@V?$allocator@D@2@@std@@@2@@std@@XZ$2 10023f52 f    CIL library: CIL module
 0001:00022f5d       __unwindfunclet$?listDirectories@FsMan@fsman@@QAE?AV?$vector@V?$basic_string@DU?$char_traits@D@std@@V?$allocator@D@2@@std@@V?$allocator@V?$basic_string@DU?$char_traits@D@std@@V?$allocator@D@2@@std@@@2@@std@@XZ$3 10023f5d f    CIL library: CIL module
 0001:00022f7f       __unwindfunclet$?listDirectories@FsMan@fsman@@QAE?AV?$vector@V?$basic_string@DU?$char_traits@D@std@@V?$allocator@D@2@@std@@V?$allocator@V?$basic_string@DU?$char_traits@D@std@@V?$allocator@D@2@@std@@@2@@std@@XZ$4 10023f7f f    CIL library: CIL module
 0001:00022f8a       __unwindfunclet$?listDirectories@FsMan@fsman@@QAE?AV?$vector@V?$basic_string@DU?$char_traits@D@std@@V?$allocator@D@2@@std@@V?$allocator@V?$basic_string@DU?$char_traits@D@std@@V?$allocator@D@2@@std@@@2@@std@@XZ$5 10023f8a f    CIL library: CIL module
 0001:00022fac       __unwindfunclet$?listDirectories@FsMan@fsman@@QAE?AV?$vector@V?$basic_string@DU?$char_traits@D@std@@V?$allocator@D@2@@std@@V?$allocator@V?$basic_string@DU?$char_traits@D@std@@V?$allocator@D@2@@std@@@2@@std@@XZ$6 10023fac f    CIL library: CIL module
 0001:00022fb7       __ehhandler$?listDirectories@FsMan@fsman@@QAE?AV?$vector@V?$basic_string@DU?$char_traits@D@std@@V?$allocator@D@2@@std@@V?$allocator@V?$basic_string@DU?$char_traits@D@std@@V?$allocator@D@2@@std@@@2@@std@@XZ 10023fb7 f    CIL library: CIL module
 0001:00022ff0       __unwindfunclet$?expandFilePath@FsMan@fsman@@QAE?AV?$basic_string@DU?$char_traits@D@std@@V?$allocator@D@2@@std@@ABV34@@Z$0 10023ff0 f    CIL library: CIL module
 0001:00023009       __unwindfunclet$?expandFilePath@FsMan@fsman@@QAE?AV?$basic_string@DU?$char_traits@D@std@@V?$allocator@D@2@@std@@ABV34@@Z$1 10024009 f    CIL library: CIL module
 0001:00023022       __ehhandler$?expandFilePath@FsMan@fsman@@QAE?AV?$basic_string@DU?$char_traits@D@std@@V?$allocator@D@2@@std@@ABV34@@Z 10024022 f    CIL library: CIL module
 0001:00023040       __unwindfunclet$??0FsMan@fsman@@QAE@ABV?$basic_string@DU?$char_traits@D@std@@V?$allocator@D@2@@std@@@Z$0 10024040 f    CIL library: CIL module
 0001:00023048       __unwindfunclet$??0FsMan@fsman@@QAE@ABV?$basic_string@DU?$char_traits@D@std@@V?$allocator@D@2@@std@@@Z$1 10024048 f    CIL library: CIL module
 0001:00023050       __ehhandler$??0FsMan@fsman@@QAE@ABV?$basic_string@DU?$char_traits@D@std@@V?$allocator@D@2@@std@@@Z 10024050 f    CIL library: CIL module
 0001:00023070       __unwindfunclet$?NewDlg_ChooseFile_Rebuild@@YGHPAV_CustomDlg_@@@Z$0 10024070 f    CIL library: CIL module
 0001:00023078       __unwindfunclet$?NewDlg_ChooseFile_Rebuild@@YGHPAV_CustomDlg_@@@Z$1 10024078 f    CIL library: CIL module
 0001:00023080       __unwindfunclet$?NewDlg_ChooseFile_Rebuild@@YGHPAV_CustomDlg_@@@Z$2 10024080 f    CIL library: CIL module
 0001:00023088       __unwindfunclet$?NewDlg_ChooseFile_Rebuild@@YGHPAV_CustomDlg_@@@Z$5 10024088 f    CIL library: CIL module
 0001:00023090       __unwindfunclet$?NewDlg_ChooseFile_Rebuild@@YGHPAV_CustomDlg_@@@Z$7 10024090 f    CIL library: CIL module
 0001:0002309b       __unwindfunclet$?NewDlg_ChooseFile_Rebuild@@YGHPAV_CustomDlg_@@@Z$8 1002409b f    CIL library: CIL module
 0001:000230a6       __unwindfunclet$?NewDlg_ChooseFile_Rebuild@@YGHPAV_CustomDlg_@@@Z$9 100240a6 f    CIL library: CIL module
 0001:000230ae       __unwindfunclet$?NewDlg_ChooseFile_Rebuild@@YGHPAV_CustomDlg_@@@Z$10 100240ae f    CIL library: CIL module
 0001:000230b9       __ehhandler$?NewDlg_ChooseFile_Rebuild@@YGHPAV_CustomDlg_@@@Z 100240b9 f    CIL library: CIL module
 0001:000230f0       __unwindfunclet$?NewDlg_ChooseFile_ScrollProc@@YIXHPAV_CustomDlg_@@@Z$1 100240f0 f    CIL library: CIL module
 0001:000230f8       __unwindfunclet$?NewDlg_ChooseFile_ScrollProc@@YIXHPAV_CustomDlg_@@@Z$3 100240f8 f    CIL library: CIL module
 0001:00023103       __unwindfunclet$?NewDlg_ChooseFile_ScrollProc@@YIXHPAV_CustomDlg_@@@Z$4 10024103 f    CIL library: CIL module
 0001:0002310e       __unwindfunclet$?NewDlg_ChooseFile_ScrollProc@@YIXHPAV_CustomDlg_@@@Z$5 1002410e f    CIL library: CIL module
 0001:00023116       __unwindfunclet$?NewDlg_ChooseFile_ScrollProc@@YIXHPAV_CustomDlg_@@@Z$6 10024116 f    CIL library: CIL module
 0001:0002311e       __ehhandler$?NewDlg_ChooseFile_ScrollProc@@YIXHPAV_CustomDlg_@@@Z 1002411e f    CIL library: CIL module
 0001:00023140       __unwindfunclet$?changeDirectory@FsMan@fsman@@QAE_NABV?$basic_string@DU?$char_traits@D@std@@V?$allocator@D@2@@std@@@Z$0 10024140 f    CIL library: CIL module
 0001:00023148       __ehhandler$?changeDirectory@FsMan@fsman@@QAE_NABV?$basic_string@DU?$char_traits@D@std@@V?$allocator@D@2@@std@@@Z 10024148 f    CIL library: CIL module
 0001:00023170       __unwindfunclet$?NewDlg_ChooseFile_ChangeDirectory@@YAHPAV_CustomDlg_@@PAD@Z$0 10024170 f    CIL library: CIL module
 0001:00023178       __ehhandler$?NewDlg_ChooseFile_ChangeDirectory@@YAHPAV_CustomDlg_@@PAD@Z 10024178 f    CIL library: CIL module
 0001:000231a0       __unwindfunclet$?NewDlg_ChooseFile_FolderIn@@YAHPAV_CustomDlg_@@@Z$1 100241a0 f    CIL library: CIL module
 0001:000231a8       __ehhandler$?NewDlg_ChooseFile_FolderIn@@YAHPAV_CustomDlg_@@@Z 100241a8 f    CIL library: CIL module
 0001:000231d0       __unwindfunclet$?NewDlg_ChooseFile_FolderOut@@YAHPAV_CustomDlg_@@@Z$0 100241d0 f    CIL library: CIL module
 0001:000231d8       __unwindfunclet$?NewDlg_ChooseFile_FolderOut@@YAHPAV_CustomDlg_@@@Z$2 100241d8 f    CIL library: CIL module
 0001:000231e0       __ehhandler$?NewDlg_ChooseFile_FolderOut@@YAHPAV_CustomDlg_@@@Z 100241e0 f    CIL library: CIL module
 0001:00023210       __unwindfunclet$?NewDlg_ChooseFile_Proc@@YGHPAV_CustomDlg_@@PAU_DlgMsg_@@@Z$0 10024210 f    CIL library: CIL module
 0001:00023218       __ehhandler$?NewDlg_ChooseFile_Proc@@YGHPAV_CustomDlg_@@PAU_DlgMsg_@@@Z 10024218 f    CIL library: CIL module
 0001:00023240       __unwindfunclet$?NewDlg_ChooseFile@@YGHPAU_ChooseFile_@@@Z$0 10024240 f    CIL library: CIL module
 0001:00023248       __unwindfunclet$?NewDlg_ChooseFile@@YGHPAU_ChooseFile_@@@Z$1 10024248 f    CIL library: CIL module
 0001:00023250       __ehhandler$?NewDlg_ChooseFile@@YGHPAU_ChooseFile_@@@Z 10024250 f    CIL library: CIL module
 0001:00023280       __unwindfunclet$?NewDlg_ChooseFile_Prepare@@YAHPAU_ChooseFile_@@@Z$0 10024280 f    CIL library: CIL module
 0001:0002328b       __unwindfunclet$?NewDlg_ChooseFile_Prepare@@YAHPAU_ChooseFile_@@@Z$1 1002428b f    CIL library: CIL module
 0001:00023293       __unwindfunclet$?NewDlg_ChooseFile_Prepare@@YAHPAU_ChooseFile_@@@Z$2 10024293 f    CIL library: CIL module
 0001:0002329b       __unwindfunclet$?NewDlg_ChooseFile_Prepare@@YAHPAU_ChooseFile_@@@Z$3 1002429b f    CIL library: CIL module
 0001:000232a3       __ehhandler$?NewDlg_ChooseFile_Prepare@@YAHPAU_ChooseFile_@@@Z 100242a3 f    CIL library: CIL module
 0001:000232d1       ??__Fnomem@?5???2@YAPAXI@Z@YAXXZ 100242d1 f   LIBCMT:new.obj
