 wog native dialogs

 Timestamp is 5f843a24 (Mon Oct 12 14:12:36 2020)

 Preferred load address is 10000000

 Start         Length     Name                   Class
 0001:00000000 000195dcH .text                   CODE
 0001:000195e0 00000000H .text$x                 CODE
 0001:000195e0 00000014H .text$yd                CODE
 0002:00000000 0000011cH .idata$5                DATA
 0002:0000011c 00000004H .CRT$XCA                DATA
 0002:00000120 00000004H .CRT$XCZ                DATA
 0002:00000124 00000004H .CRT$XIA                DATA
 0002:00000128 00000010H .CRT$XIC                DATA
 0002:00000138 00000004H .CRT$XIZ                DATA
 0002:0000013c 00000004H .CRT$XPA                DATA
 0002:00000140 00000004H .CRT$XPX                DATA
 0002:00000144 00000004H .CRT$XPXA               DATA
 0002:00000148 00000004H .CRT$XPZ                DATA
 0002:0000014c 00000004H .CRT$XTA                DATA
 0002:00000150 00000004H .CRT$XTZ                DATA
 0002:00000160 00002270H .rdata                  DATA
 0002:000023d0 00000061H .rdata$debug            DATA
 0002:00002434 000000dcH .rdata$r                DATA
 0002:00002510 0000000cH .rdata$sxdata           DATA
 0002:0000251c 00000004H .rtc$IAA                DATA
 0002:00002520 00000004H .rtc$IZZ                DATA
 0002:00002524 00000004H .rtc$TAA                DATA
 0002:00002528 00000004H .rtc$TZZ                DATA
 0002:00002530 00000444H .xdata$x                DATA
 0002:00002974 00000014H .idata$2                DATA
 0002:00002988 00000014H .idata$3                DATA
 0002:0000299c 0000011cH .idata$4                DATA
 0002:00002ab8 0000050cH .idata$6                DATA
 0002:00002fd0 0000005eH .edata                  DATA
 0003:00000000 000012f8H .data                   DATA
 0003:00001300 000029b4H .bss                    DATA

  Address         Publics by Value              Rva+Base       Lib:Object

 0000:00000000       __except_list              00000000     <absolute>
 0000:00000003       ___safe_se_handler_count   00000003     <absolute>
 0000:00000000       ___ImageBase               10000000     <linker-defined>
 0001:00000000       ?WriteCodePatch@PatcherInstance@@QAAPAVPatch@@IPADZZ 10001000 f i wog native dialogs.obj
 0001:00000020       ??1bad_alloc@std@@UAE@XZ   10001020 f i wog native dialogs.obj
 0001:00000030       ??_Ebad_alloc@std@@UAEPAXI@Z 10001030 f i  CIL library: CIL module
 0001:00000030       ??_Gbad_alloc@std@@UAEPAXI@Z 10001030 f i wog native dialogs.obj
 0001:00000060       ?Redraw@_Dlg_@@QAEXXZ      10001060 f i wog native dialogs.obj
 0001:00000080       ?Create@_DlgStaticDef_@@SAPAU1@HHHPADHHH@Z 10001080 f i wog native dialogs.obj
 0001:000000e0       ?Create@_DlgButton_@@SAPAU1@HHHPADHHHH@Z 100010e0 f i wog native dialogs.obj
 0001:00000130       ?Create@_DlgTextButton_@@SAPAU1@HHHPAD00HHHHH@Z 10001130 f i wog native dialogs.obj
 0001:00000190       ?b_MsgBox@@YAHPADH@Z       10001190 f i wog native dialogs.obj
 0001:000001c0       ?b_MsgBoxD@@YAHPADHHH@Z    100011c0 f i wog native dialogs.obj
 0001:00000200       ?GetHero@_GameMgr_@@QAEPAU_Hero_@@H@Z 10001200 f i wog native dialogs.obj
 0001:00000220       ?Get_ITxtExp@@YAPADH@Z     10001220 f i wog native dialogs.obj
 0001:00000240       ?Set_DlgBackground_RK@@YAHPAV_CustomDlg_@@HH@Z 10001240 f   wog native dialogs.obj
 0001:00000820       ?b_MsgBoxAndDef@@YAXPADH0@Z 10001820 f   wog native dialogs.obj
 0001:00000a50       ?b_MsgBoxBig@@YAXPADD@Z    10001a50 f   wog native dialogs.obj
 0001:00000b90       ?e_ClickSound@@YAXXZ       10001b90 f i wog native dialogs.obj
 0001:00000be0       ?ConnectEra@Era@@YAXXZ     10001be0 f   wog native dialogs.obj
 0001:00000ef0       ?Dlg_ChangeBmp@@YAXPAVPatcherInstance@@@Z 10001ef0 f   wog native dialogs.obj
 0001:00001ce0       ?Y_New_CommanderDlg_Proc@@YGHPAV_CustomDlg_@@PAU_DlgMsg_@@@Z 10002ce0 f   wog native dialogs.obj
 0001:00002460       ?Y_Dlg_NPC_Show@@YGHPAVHiHook@@PAU_DlgNPC_@@@Z 10003460 f   wog native dialogs.obj
 0001:00003b60       ?Y_Dlg_NPC_Prepare@@YGXPAVHiHook@@PAU_Npc_@@HHH@Z 10004b60 f   wog native dialogs.obj
 0001:00003ba0       ?Y_Dlg_NPC_ShowAgain_IfGetArtHero@@YGHPAVLoHook@@PAUHookContext@@@Z 10004ba0 f   wog native dialogs.obj
 0001:00003bc0       ?Y_HeroDlg_Create@@YGPAV_CustomDlg_@@PAVHiHook@@PAV1@@Z 10004bc0 f   wog native dialogs.obj
 0001:00003c20       ?Y_HeroDlg_Proc@@YGHPAVHiHook@@PAV_CustomDlg_@@PAU_DlgMsg_@@@Z 10004c20 f   wog native dialogs.obj
 0001:00003ea0       ?Dlg_NPC@@YAXPAVPatcherInstance@@@Z 10004ea0 f   wog native dialogs.obj
 0001:00003f30       ?New_Dlg_ExpaMon_Case8@@YAHH@Z 10004f30 f   wog native dialogs.obj
 0001:00004880       ?New_Dlg_ExpaMon_BannerDlg_Proc@@YGHPAV_CustomDlg_@@PAU_DlgMsg_@@@Z 10005880 f   wog native dialogs.obj
 0001:00004950       ?New_Dlg_ExpaMon_BannerDlg@@YAHXZ 10005950 f   wog native dialogs.obj
 0001:00004d80       ?New_Dlg_ExpaMon_Proc@@YGHPAV_CustomDlg_@@PAU_DlgMsg_@@@Z 10005d80 f   wog native dialogs.obj
 0001:000051d0       ?New_Dlg_ExpaMon@@YAHHHHI@Z 100061d0 f   wog native dialogs.obj
 0001:00005e10       ?New_Dlg_ExpaMon_Lo@@YGHPAVLoHook@@PAUHookContext@@@Z 10006e10 f   wog native dialogs.obj
 0001:00005e50       ?New_Dlg_ExpaMon_Lo_IsBattle@@YGHPAVLoHook@@PAUHookContext@@@Z 10006e50 f   wog native dialogs.obj
 0001:00005e70       ?New_Dlg_ExpaMon_NULL@@YGHPAVLoHook@@PAUHookContext@@@Z 10006e70 f   wog native dialogs.obj
 0001:00005e80       ?Dlg_ExpaMon@@YAXPAVPatcherInstance@@@Z 10006e80 f   wog native dialogs.obj
 0001:00005ed0       ?Y_WoGCurseDlg_Proc@@YGHPAV_CustomDlg_@@PAU_DlgMsg_@@@Z 10006ed0 f   wog native dialogs.obj
 0001:00005fd0       ?Y_WoGCurseDlg_Show@@YGHPAVLoHook@@PAUHookContext@@@Z 10006fd0 f   wog native dialogs.obj
 0001:00006370       ?Y_WoGDlg_ChooseArt_Proc@@YGHPAV_CustomDlg_@@PAU_DlgMsg_@@@Z 10007370 f   wog native dialogs.obj
 0001:00006660       ?Y_WoGDlg_ChooseArt@@YGHPAVHiHook@@HPAU_Hero_@@H@Z 10007660 f   wog native dialogs.obj
 0001:00006ce0       _UseWin32InputControl      10007ce0 f   wog native dialogs.obj
 0001:00006d00       ?IsSupportedFormatImage@@YA_NPAD@Z 10007d00 f   wog native dialogs.obj
 0001:00006e90       ?New_Dlg_CustomReq_Proc@@YGHPAV_CustomDlg_@@PAU_DlgMsg_@@@Z 10007e90 f   wog native dialogs.obj
 0001:00007050       ?New_Dlg_CustomReq@@YAHPAU_Sphinx1_@@@Z 10008050 f   wog native dialogs.obj
 0001:00008140       ?Y_Dlg_CustomReq@@YGHPAVLoHook@@PAUHookContext@@@Z 10009140 f   wog native dialogs.obj
 0001:00008280       ?Y_WoGDlg_SphinxReq@@YGHPAVHiHook@@H@Z 10009280 f   wog native dialogs.obj
 0001:00008410       ?Y_Dlg_QuickDialog@@YGHPAVHiHook@@PAU_Sphinx1_@@@Z 10009410 f   wog native dialogs.obj
 0001:000084a0       ?Y_Dlg_CustomPic@@YGHPAVHiHook@@HH@Z 100094a0 f   wog native dialogs.obj
 0001:000087a0       ?Dlg_Sphinx@@YAXPAVPatcherInstance@@@Z 100097a0 f   wog native dialogs.obj
 0001:00008880       ?New_Dlg_IF_G_Proc@@YGHPAV_CustomDlg_@@PAU_DlgMsg_@@@Z 10009880 f   wog native dialogs.obj
 0001:000089c0       ?New_Dlg_IF_G@@YAHHHHHH@Z  100099c0 f   wog native dialogs.obj
 0001:00008e20       ?New_Dlg_IF_G_Lo@@YGHPAVLoHook@@PAUHookContext@@@Z 10009e20 f   wog native dialogs.obj
 0001:00008e60       ?Dlg_IFG@@YAXPAVPatcherInstance@@@Z 10009e60 f   wog native dialogs.obj
 0001:00008eb0       ?Dlg_ChooseMonAttack_Proc@@YGHPAV_CustomDlg_@@PAU_DlgMsg_@@@Z 10009eb0 f   wog native dialogs.obj
 0001:00008ef0       ?Dlg_ChooseMonAttack@@YGHPAVHiHook@@HHH@Z 10009ef0 f   wog native dialogs.obj
 0001:000091d0       ?Redraw_WoGDlgSetup_ElemOnPage@@YAHPAV_CustomDlg_@@PAU_DlgSetup_@@H@Z 1000a1d0 f   wog native dialogs.obj
 0001:000093c0       ?ShowHide_WoGDlgSetup_ElemOnPage@@YAHPAV_CustomDlg_@@HPAU_DlgSetup_@@H@Z 1000a3c0 f   wog native dialogs.obj
 0001:000095b0       ?Create_WoGDlgSetup_ElemOnPage@@YAHPAV_CustomDlg_@@HPAU_DlgSetup_@@@Z 1000a5b0 f   wog native dialogs.obj
 0001:000099a0       ?setYellowFrames@@YAXPAV_CustomDlg_@@H@Z 1000a9a0 f   wog native dialogs.obj
 0001:0000a500       ?Dlg_WoG_Options_Proc@@YGHPAV_CustomDlg_@@PAU_DlgMsg_@@@Z 1000b500 f   wog native dialogs.obj
 0001:0000ac50       ?Dlg_WoG_Options_Show@@YGXPAVHiHook@@H@Z 1000bc50 f   wog native dialogs.obj
 0001:0000b1a0       ?Y_NewScenarioDlg_Proc@@YGHPAVHiHook@@PAV_CustomDlg_@@PAU_DlgMsg_@@@Z 1000c1a0 f   wog native dialogs.obj
 0001:0000b1f0       ?Y_NewScenarioDlg_Create@@YGXPAVHiHook@@PAU_NewScenarioDlg_@@H@Z 1000c1f0 f   wog native dialogs.obj
 0001:0000b250       ?Dlg_WoGOptions@@YAXPAVPatcherInstance@@@Z 1000c250 f   wog native dialogs.obj
 0001:0000b2f0       ?Dlg_ChooseCastleReBuild_Proc@@YGHPAV_CustomDlg_@@PAU_DlgMsg_@@@Z 1000c2f0 f   wog native dialogs.obj
 0001:0000b440       ?Dlg_ChooseCastleReBuild@@YAHXZ 1000c440 f   wog native dialogs.obj
 0001:0000ba00       ?HiHook_Dlg_ChooseCastleReBuild@@YGHPAVHiHook@@@Z 1000ca00 f   wog native dialogs.obj
 0001:0000ba10       ?LoHook_Dlg_ChooseCastleReBuild@@YGHPAVLoHook@@PAUHookContext@@@Z 1000ca10 f   wog native dialogs.obj
 0001:0000ba40       ?Y_Dlg_HeroLvlUp_Proc@@YGHPAVHiHook@@HPAU_DlgMsg_@@@Z 1000ca40 f   wog native dialogs.obj
 0001:0000bb20       ?Y_Lo_Dlg_HeroLvlUp_Create@@YGHPAVLoHook@@PAUHookContext@@@Z 1000cb20 f   wog native dialogs.obj
 0001:0000bb40       ?b_MsgBox_Proc@@YGHPAVHiHook@@PAU_DlgMsg_@@@Z 1000cb40 f   wog native dialogs.obj
 0001:0000bc00       ?Y_Dlg_Recuit_Proc@@YGHPAVHiHook@@PAU_Struct_@@PAU_DlgMsg_@@@Z 1000cc00 f   wog native dialogs.obj
 0001:0000bc90       ?Y_Dlg_Recuit_Create@@YGHPAVHiHook@@PAU_Struct_@@H@Z 1000cc90 f   wog native dialogs.obj
 0001:0000bd00       ?Y_DlgMainMenu_Proc@@YGHPAVHiHook@@PAU_DlgMsg_@@@Z 1000cd00 f   wog native dialogs.obj
 0001:0000bed0       ?Y_BATTLE_Proc@@YGHPAVHiHook@@PAU_BattleMgr_@@PAU_DlgMsg_@@@Z 1000ced0 f   wog native dialogs.obj
 0001:0000c020       ?Y_EndBattle@@YGHPAVLoHook@@PAUHookContext@@@Z 1000d020 f   wog native dialogs.obj
 0001:0000c0d0       ?StartHD5Functions@@YAXXZ  1000d0d0 f   wog native dialogs.obj
 0001:0000c1f0       ?HD5_Functions@@YAXPAVPatcherInstance@@@Z 1000d1f0 f   wog native dialogs.obj
 0001:0000c240       ?SimpleTextScrolled@@YIXHPAV_CustomDlg_@@@Z 1000d240 f   wog native dialogs.obj
 0001:0000c360       ?CreateNewBattleLogDlg@@YAXPAU_BattleMgr_@@@Z 1000d360 f   wog native dialogs.obj
 0001:0000c930       ?BattleLog_Proc@@YGHPAVHiHook@@PAU_BattleMgr_@@PAU_DlgMsg_@@@Z 1000d930 f   wog native dialogs.obj
 0001:0000c990       ?Y_DlgTown_Proc@@YGHPAVHiHook@@PAU_TownMgr_@@PAU_DlgMsg_@@@Z 1000d990 f   wog native dialogs.obj
 0001:0000cb00       ?Y_Dlg_HeroesMeet@@YGHPAVLoHook@@PAUHookContext@@@Z 1000db00 f   wog native dialogs.obj
 0001:0000cb30       ?Y_Battle_SetHintAttackGetDamage@@YGHPAVLoHook@@PAUHookContext@@@Z 1000db30 f   wog native dialogs.obj
 0001:0000cb50       ?GetStringKilled@@YAPADPADPAU_BattleStack_@@@Z 1000db50 f   wog native dialogs.obj
 0001:0000cc80       ?BattleMgr_GetAttackDamage_Hint_LogString@@YGPAU_HStr_@@PAVHiHook@@PAU1@PAU_BattleStack_@@2EH@Z 1000dc80 f   wog native dialogs.obj
 0001:0000cd80       ?Y_Dlg_MainMenu_Create@@YGHPAVHiHook@@PAU_Dlg_@@@Z 1000dd80 f   wog native dialogs.obj
 0001:0000ce20       ?Y_LoadAllTXTinGames@@YGHPAVLoHook@@PAUHookContext@@@Z 1000de20 f   wog native dialogs.obj
 0001:0000ce40       ?Y_Hook_MainLoop@@YGHPAVLoHook@@PAUHookContext@@@Z 1000de40 f   wog native dialogs.obj
 0001:0000d1a0       _DllMain@12                1000e1a0 f   wog native dialogs.obj
 0001:0000d430       ??$VarValue@H@Patcher@@QAEAAHPAD@Z 1000e430 f i wog native dialogs.obj
 0001:0000d470       ??0bad_alloc@std@@QAE@ABV01@@Z 1000e470 f i wog native dialogs.obj
 0001:0000d490       ?RedrawScreen@_DlgItem_@@QAEXXZ 1000e490 f   HoMM3_GUI.obj
 0001:0000d4c0       ?Create@_CustomDlg_@@SAPAV1@HHHHIP6GHPAV1@PAU_DlgMsg_@@@Z@Z 1000e4c0 f   HoMM3_GUI.obj
 0001:0000d540       ?DlgProcBridge@_CustomDlg_@@SIHPAV1@IPAU_DlgMsg_@@@Z 1000e540 f   HoMM3_GUI.obj
 0001:0000d559       @__security_check_cookie@4 1000e559 f   LIBCMT:secchk.obj
 0001:0000d568       _sprintf                   1000e568 f   LIBCMT:sprintf.obj
 0001:0000d5e5       ??0exception@std@@QAE@ABQBDH@Z 1000e5e5 f   LIBCMT:stdexcpt.obj
 0001:0000d602       ??0exception@std@@QAE@ABV01@@Z 1000e602 f   LIBCMT:stdexcpt.obj
 0001:0000d65f       ??1exception@std@@UAE@XZ   1000e65f f   LIBCMT:stdexcpt.obj
 0001:0000d675       ?what@exception@std@@UBEPBDXZ 1000e675 f   LIBCMT:stdexcpt.obj
 0001:0000d682       ??_Gexception@std@@UAEPAXI@Z 1000e682 f i LIBCMT:stdexcpt.obj
 0001:0000d682       ??_Eexception@std@@UAEPAXI@Z 1000e682 f i LIBCMT:stdexcpt.obj
 0001:0000d6a3       _free                      1000e6a3 f   LIBCMT:free.obj
 0001:0000d731       ??3@YAXPAX@Z               1000e731 f   LIBCMT:delete.obj
 0001:0000d73c       ??1type_info@@UAE@XZ       1000e73c f   LIBCMT:typinfo.obj
 0001:0000d74c       ??_Gtype_info@@UAEPAXI@Z   1000e74c f i LIBCMT:typinfo.obj
 0001:0000d74c       ??_Etype_info@@UAEPAXI@Z   1000e74c f i LIBCMT:typinfo.obj
 0001:0000d76d       ??0bad_alloc@std@@QAE@XZ   1000e76d f i LIBCMT:new.obj
 0001:0000d788       ??2@YAPAXI@Z               1000e788 f   LIBCMT:new.obj
 0001:0000d7ed       __CRT_INIT@12              1000e7ed f   LIBCMT:dllcrt0.obj
 0001:0000da18       __DllMainCRTStartup@12     1000ea18 f   LIBCMT:dllcrt0.obj
 0001:0000da40       _strlen                    1000ea40 f   LIBCMT:strlen.obj
 0001:0000dacb       __CxxThrowException@8      1000eacb f   LIBCMT:throw.obj
 0001:0000db17       ?_CallMemberFunction0@@YGXPAX0@Z 1000eb17 f   LIBCMT:_trnsctrl_.obj
 0001:0000db1e       ___report_gsfailure        1000eb1e f   LIBCMT:gs_report.obj
 0001:0000dc30       _memmove                   1000ec30 f   LIBCMT:memmove.obj
 0001:0000df95       __initp_misc_invarg        1000ef95 f   LIBCMT:invarg.obj
 0001:0000dfa4       __invoke_watson            1000efa4 f   LIBCMT:invarg.obj
 0001:0000e0cc       __invalid_parameter        1000f0cc f   LIBCMT:invarg.obj
 0001:0000e0f2       __get_errno_from_oserr     1000f0f2 f   LIBCMT:dosmap.obj
 0001:0000e134       __errno                    1000f134 f   LIBCMT:dosmap.obj
 0001:0000e147       ___doserrno                1000f147 f   LIBCMT:dosmap.obj
 0001:0000e15a       __dosmaperr                1000f15a f   LIBCMT:dosmap.obj
 0001:0000e17d       __flsbuf                   1000f17d f   LIBCMT:_flsbuf.obj
 0001:0000e2e1       ??0_LocaleUpdate@@QAE@PAUlocaleinfo_struct@@@Z 1000f2e1 f i LIBCMT:output.obj
 0001:0000e40e       __output_l                 1000f40e f   LIBCMT:output.obj
 0001:0000efa6       _strcpy_s                  1000ffa6 f   LIBCMT:strcpy_s.obj
 0001:0000f00e       _V6_HeapAlloc              1001000e f   LIBCMT:malloc.obj
 0001:0000f05d       _malloc                    1001005d f   LIBCMT:malloc.obj
 0001:0000f127       __heap_init                10010127 f   LIBCMT:heapinit.obj
 0001:0000f157       __heap_term                10010157 f   LIBCMT:heapinit.obj
 0001:0000f1cb       __mtinitlocks              100101cb f   LIBCMT:mlock.obj
 0001:0000f216       __mtdeletelocks            10010216 f   LIBCMT:mlock.obj
 0001:0000f26d       __unlock                   1001026d f   LIBCMT:mlock.obj
 0001:0000f284       __mtinitlocknum            10010284 f   LIBCMT:mlock.obj
 0001:0000f347       __lock                     10010347 f   LIBCMT:mlock.obj
 0001:0000f37a       ___sbh_find_block          1001037a f   LIBCMT:sbheap.obj
 0001:0000f3aa       ___sbh_free_block          100103aa f   LIBCMT:sbheap.obj
 0001:0000f6c0       ___sbh_alloc_new_region    100106c0 f   LIBCMT:sbheap.obj
 0001:0000f770       ___sbh_alloc_new_group     10010770 f   LIBCMT:sbheap.obj
 0001:0000f878       ___sbh_resize_block        10010878 f   LIBCMT:sbheap.obj
 0001:0000fb59       ___sbh_alloc_block         10010b59 f   LIBCMT:sbheap.obj
 0001:0000fe40       __SEH_prolog4              10010e40 f   LIBCMT:sehprolg4.obj
 0001:0000fe85       __SEH_epilog4              10010e85 f   LIBCMT:sehprolg4.obj
 0001:0000fea0       __except_handler4          10010ea0 f   LIBCMT:chandler4.obj
 0001:00010030       _memset                    10011030 f   LIBCMT:memset.obj
 0001:000100b0       _memcpy                    100110b0 f   LIBCMT:memcpy.obj
 0001:00010415       ?_Type_info_dtor@type_info@@CAXPAV1@@Z 10011415 f   LIBCMT:typname.obj
 0001:00010490       _strcmp                    10011490 f   LIBCMT:strcmp.obj
 0001:000105d2       ___onexitinit              100115d2 f   LIBCMT:onexit.obj
 0001:00010603       __onexit                   10011603 f   LIBCMT:onexit.obj
 0001:0001063f       _atexit                    1001163f f   LIBCMT:onexit.obj
 0001:00010656       __initp_heap_handler       10011656 f   LIBCMT:handler.obj
 0001:00010665       __callnewh                 10011665 f   LIBCMT:handler.obj
 0001:0001068d       __encode_pointer           1001168d f   LIBCMT:tidtable.obj
 0001:000106ff       __encoded_null             100116ff f   LIBCMT:tidtable.obj
 0001:00010708       __decode_pointer           10011708 f   LIBCMT:tidtable.obj
 0001:0001077a       ___crtTlsAlloc@4           1001177a f   LIBCMT:tidtable.obj
 0001:00010783       ___set_flsgetvalue         10011783 f   LIBCMT:tidtable.obj
 0001:000107b7       __mtterm                   100117b7 f   LIBCMT:tidtable.obj
 0001:000107f4       __initptd                  100117f4 f   LIBCMT:tidtable.obj
 0001:000108db       __getptd_noexit            100118db f   LIBCMT:tidtable.obj
 0001:00010954       __getptd                   10011954 f   LIBCMT:tidtable.obj
 0001:0001096e       __freefls@4                1001196e f   LIBCMT:tidtable.obj
 0001:00010a9d       __freeptd                  10011a9d f   LIBCMT:tidtable.obj
 0001:00010b0b       __mtinit                   10011b0b f   LIBCMT:tidtable.obj
 0001:00010c98       __malloc_crt               10011c98 f   LIBCMT:crtheap.obj
 0001:00010cdd       __calloc_crt               10011cdd f   LIBCMT:crtheap.obj
 0001:00010d29       __realloc_crt              10011d29 f   LIBCMT:crtheap.obj
 0001:00010d77       __crt_waiting_on_module_handle 10011d77 f   LIBCMT:crt0dat.obj
 0001:00010da7       __amsg_exit                10011da7 f   LIBCMT:crt0dat.obj
 0001:00010dd0       ___crtCorExitProcess       10011dd0 f   LIBCMT:crt0dat.obj
 0001:00010dfb       ___crtExitProcess          10011dfb f   LIBCMT:crt0dat.obj
 0001:00010e13       __lockexit                 10011e13 f   LIBCMT:crt0dat.obj
 0001:00010e1c       __unlockexit               10011e1c f   LIBCMT:crt0dat.obj
 0001:00010e42       __initterm_e               10011e42 f   LIBCMT:crt0dat.obj
 0001:00010e66       __cinit                    10011e66 f   LIBCMT:crt0dat.obj
 0001:00011017       __exit                     10012017 f   LIBCMT:crt0dat.obj
 0001:0001102d       __cexit                    1001202d f   LIBCMT:crt0dat.obj
 0001:0001103c       __init_pointers            1001203c f   LIBCMT:crt0dat.obj
 0001:0001108a       __ioinit                   1001208a f   LIBCMT:ioinit.obj
 0001:000112de       __ioterm                   100122de f   LIBCMT:ioinit.obj
 0001:0001132c       __setenvp                  1001232c f   LIBCMT:stdenvp.obj
 0001:000115a4       __setargv                  100125a4 f   LIBCMT:stdargv.obj
 0001:0001165f       ___crtGetEnvironmentStringsA 1001265f f   LIBCMT:a_env.obj
 0001:00011796       __RTC_Initialize           10012796 f   LIBCMT:_initsect_.obj
 0001:000117bc       __RTC_Terminate            100127bc f   LIBCMT:_initsect_.obj
 0001:000117e2       __XcptFilter               100127e2 f   LIBCMT:winxfltr.obj
 0001:00011942       ___CppXcptFilter           10012942 f   LIBCMT:winxfltr.obj
 0001:00011962       ___security_init_cookie    10012962 f   LIBCMT:gs_support.obj
 0001:000119f8       ___DestructExceptionObject 100129f8 f   LIBCMT:frame.obj
 0001:00011a4d       ?terminate@@YAXXZ          10012a4d f   LIBCMT:hooks.obj
 0001:00011a86       __initp_eh_hooks           10012a86 f   LIBCMT:hooks.obj
 0001:00011aa0       __CallSettingFrame@12      10012aa0 f   LIBCMT:lowhelpr.obj
 0001:00011ac7       __NLG_Return               10012ac7     LIBCMT:lowhelpr.obj
 0001:00011aec       __crt_debugger_hook        10012aec f   LIBCMT:dbghook.obj
 0001:00011b7b       __VEC_memcpy               10012b7b f   LIBCMT:p4_memcpy.obj
 0001:00011cae       __get_sse2_info            10012cae f   LIBCMT:cpu_disp.obj
 0001:00011d10       ___sse2_available_init     10012d10 f   LIBCMT:cpu_disp.obj
 0001:00011d1d       __lseeki64_nolock          10012d1d f   LIBCMT:lseeki64.obj
 0001:00011da2       __lseeki64                 10012da2 f   LIBCMT:lseeki64.obj
 0001:00011ebb       __write_nolock             10012ebb f   LIBCMT:write.obj
 0001:000125ee       __write                    100135ee f   LIBCMT:write.obj
 0001:000126ca       __getbuf                   100136ca f   LIBCMT:_getbuf.obj
 0001:00012713       __isatty                   10013713 f   LIBCMT:isatty.obj
 0001:00012777       ___iob_func                10013777 f   LIBCMT:_file.obj
 0001:0001277d       ___initstdio               1001377d f   LIBCMT:_file.obj
 0001:0001282e       ___endstdio                1001382e f   LIBCMT:_file.obj
 0001:0001284e       __lock_file                1001384e f   LIBCMT:_file.obj
 0001:0001288f       __lock_file2               1001388f f   LIBCMT:_file.obj
 0001:000128c1       __unlock_file              100138c1 f   LIBCMT:_file.obj
 0001:000128fd       __unlock_file2             100138fd f   LIBCMT:_file.obj
 0001:0001292c       __fileno                   1001392c f   LIBCMT:fileno.obj
 0001:00012b84       ___updatetmbcinfo          10013b84 f   LIBCMT:mbctype.obj
 0001:00012ca4       __setmbcp_nolock           10013ca4 f   LIBCMT:mbctype.obj
 0001:00012e89       __setmbcp                  10013e89 f   LIBCMT:mbctype.obj
 0001:00013023       ___initmbctable            10014023 f   LIBCMT:mbctype.obj
 0001:00013041       ___freetlocinfo            10014041 f   LIBCMT:setlocal.obj
 0001:0001318a       ___addlocaleref            1001418a f   LIBCMT:setlocal.obj
 0001:00013219       ___removelocaleref         10014219 f   LIBCMT:setlocal.obj
 0001:000132f0       ___updatetlocinfo          100142f0 f   LIBCMT:setlocal.obj
 0001:00013366       __initp_misc_cfltcvt_tab   10014366 f   LIBCMT:cmiscdat.obj
 0001:00013387       __get_printf_count_output  10014387 f   LIBCMT:printf.obj
 0001:0001339d       __wctomb_s_l               1001439d f   LIBCMT:wctomb.obj
 0001:00013509       _wctomb_s                  10014509 f   LIBCMT:wctomb.obj
 0001:00013526       __isleadbyte_l             10014526 f i LIBCMT:_wctype.obj
 0001:0001355e       _isleadbyte                1001455e f i LIBCMT:_wctype.obj
 0001:00013580       __aulldvrm                 10014580 f   LIBCMT:ulldvrm.obj
 0001:00013615       __NMSG_WRITE               10014615 f   LIBCMT:crt0msg.obj
 0001:000137c0       __FF_MSGBANNER             100147c0 f   LIBCMT:crt0msg.obj
 0001:000137f9       __initp_misc_initcrit      100147f9 f   LIBCMT:initcrit.obj
 0001:00013808       ___crtInitCritSecAndSpinCount 10014808 f   LIBCMT:initcrit.obj
 0001:00013868       __local_unwind4            10014868 f   LIBCMT:exsup4.obj
 0001:0001393e       __seh_longjmp_unwind4@4    1001493e f   LIBCMT:exsup4.obj
 0001:0001395a       @_EH4_CallFilterFunc@8     1001495a f   LIBCMT:exsup4.obj
 0001:00013971       @_EH4_TransferToHandler@8  10014971 f   LIBCMT:exsup4.obj
 0001:0001398a       @_EH4_GlobalUnwind@4       1001498a f   LIBCMT:exsup4.obj
 0001:000139a4       @_EH4_LocalUnwind@16       100149a4 f   LIBCMT:exsup4.obj
 0001:000139c0       __ValidateImageBase        100149c0 f   LIBCMT:pesect.obj
 0001:00013a00       __FindPESection            10014a00 f   LIBCMT:pesect.obj
 0001:00013a50       __IsNonwritableInCurrentImage 10014a50 f   LIBCMT:pesect.obj
 0001:00013b64       __VEC_memzero              10014b64 f   LIBCMT:p4_memset.obj
 0001:00013bf3       __msize                    10014bf3 f   LIBCMT:msize.obj
 0001:00013c96       __calloc_impl              10014c96 f   LIBCMT:calloc_impl.obj
 0001:00013db4       _realloc                   10014db4 f   LIBCMT:realloc.obj
 0001:00013fcf       __initp_misc_winsig        10014fcf f   LIBCMT:winsig.obj
 0001:00014024       ___get_sigabrt             10015024 f   LIBCMT:winsig.obj
 0001:00014031       _raise                     10015031 f   LIBCMT:winsig.obj
 0001:000141e1       __initp_misc_rand_s        100151e1 f   LIBCMT:rand_s.obj
 0001:000141f0       __initp_misc_purevirt      100151f0 f   LIBCMT:inithelp.obj
 0001:00014252       __ismbblead                10015252 f   LIBCMT:ismbbyte.obj
 0001:0001426a       _abort                     1001526a f   LIBCMT:abort.obj
 0001:00014384       __global_unwind2           10015384 f   LIBCMT:exsup.obj
 0001:000143e9       __local_unwind2            100153e9 f   LIBCMT:exsup.obj
 0001:0001446d       __abnormal_termination     1001546d f   LIBCMT:exsup.obj
 0001:00014490       __NLG_Notify1              10015490 f   LIBCMT:exsup.obj
 0001:00014499       __NLG_Notify               10015499 f   LIBCMT:exsup.obj
 0001:000144b0       __NLG_Dispatch             100154b0     LIBCMT:exsup.obj
 0001:000144b0       __NLG_Dispatch2            100154b0     LIBCMT:exsup.obj
 0001:000144b8       __NLG_Call                 100154b8 f   LIBCMT:exsup.obj
 0001:000144ba       __NLG_Return2              100154ba     LIBCMT:exsup.obj
 0001:000144bb       __free_osfhnd              100154bb f   LIBCMT:osfinfo.obj
 0001:00014541       __get_osfhandle            10015541 f   LIBCMT:osfinfo.obj
 0001:000145b8       ___lock_fhandle            100155b8 f   LIBCMT:osfinfo.obj
 0001:00014658       __unlock_fhandle           10015658 f   LIBCMT:osfinfo.obj
 0001:0001467f       __putwch_nolock            1001567f f   LIBCMT:putwch.obj
 0001:00014744       __mbtowc_l                 10015744 f   LIBCMT:mbtowc.obj
 0001:0001485b       _mbtowc                    1001585b f   LIBCMT:mbtowc.obj
 0001:00014880       __alloca_probe             10015880     LIBCMT:chkstk.obj
 0001:00014880       __chkstk                   10015880 f   LIBCMT:chkstk.obj
 0001:000148ab       __fcloseall                100158ab f   LIBCMT:closeall.obj
 0001:0001494a       __flush                    1001594a f   LIBCMT:fflush.obj
 0001:000149b2       __fflush_nolock            100159b2 f   LIBCMT:fflush.obj
 0001:00014ad4       __flushall                 10015ad4 f   LIBCMT:fflush.obj
 0001:00014add       __freea                    10015add f i LIBCMT:a_map.obj
 0001:00014ea2       ___crtLCMapStringA         10015ea2 f   LIBCMT:a_map.obj
 0001:000150a1       ___crtGetStringTypeA       100160a1 f   LIBCMT:a_str.obj
 0001:000150e3       ___free_lc_time            100160e3 f   LIBCMT:inittime.obj
 0001:00015278       ___free_lconv_num          10016278 f   LIBCMT:initnum.obj
 0001:000152bd       ___free_lconv_mon          100162bd f   LIBCMT:initmon.obj
 0001:0001534b       _strcat_s                  1001634b f   LIBCMT:strcat_s.obj
 0001:000153c0       _strcspn                   100163c0 f   LIBCMT:strcspn.obj
 0001:00015406       _strncpy_s                 10016406 f   LIBCMT:strncpy_s.obj
 0001:000154c0       _strpbrk                   100164c0 f   LIBCMT:strpbrk.obj
 0001:00015500       __fptrap                   10016500 f   LIBCMT:crt0fp.obj
 0001:00015738       _strtol                    10016738 f   LIBCMT:strtol.obj
 0001:00015763       ___crtMessageBoxA          10016763 f   LIBCMT:crtmbox.obj
 0001:000158cc       __set_error_mode           100168cc f   LIBCMT:errmode.obj
 0001:00015920       __allmul                   10016920 f   LIBCMT:llmul.obj
 0001:00015954       _atol                      10016954 f   LIBCMT:atox.obj
 0001:0001596a       __isdigit_l                1001696a f i LIBCMT:_ctype.obj
 0001:000159bb       _isdigit                   100169bb f i LIBCMT:_ctype.obj
 0001:000159e9       ___initconout              100169e9 f   LIBCMT:initcon.obj
 0001:00015a08       ___termcon                 10016a08 f   LIBCMT:initcon.obj
 0001:00015a35       __fclose_nolock            10016a35 f   LIBCMT:fclose.obj
 0001:00015aac       _fclose                    10016aac f   LIBCMT:fclose.obj
 0001:00015b28       __commit                   10016b28 f   LIBCMT:commit.obj
 0001:00015c09       ___ansicp                  10016c09 f   LIBCMT:convrtcp.obj
 0001:00015c52       ___convertcp               10016c52 f   LIBCMT:convrtcp.obj
 0001:00015e10       __alloca_probe_16          10016e10 f   LIBCMT:alloca16.obj
 0001:00015e26       __alloca_probe_8           10016e26     LIBCMT:alloca16.obj
 0001:00015e3c       __isctype_l                10016e3c f   LIBCMT:isctype.obj
 0001:00015ef4       __close_nolock             10016ef4 f   LIBCMT:close.obj
 0001:00015f90       __close                    10016f90 f   LIBCMT:close.obj
 0001:0001605d       __freebuf                  1001705d f   LIBCMT:_freebuf.obj
 0001:0001608e       __tolower_l                1001708e f   LIBCMT:tolower.obj
 0001:000161a3       _tolower                   100171a3 f   LIBCMT:tolower.obj
 0001:000161d0       ___ascii_strnicmp          100171d0 f   LIBCMT:_strnicm.obj
 0001:00016250       _strchr                    10017250 f   LIBCMT:strchr.obj
 0001:00016256       ___from_strstr_to_strchr   10017256     LIBCMT:strchr.obj
 0001:0001630e       _RtlUnwind@16              1001730e f   kernel32:KERNEL32.dll
 0001:00016314       __fpclear                  10017314 f   LIBCMT:_fpinit_.obj
 0001:00016314       __initp_misc_winxfltr      10017314 f   LIBCMT:winxfltr.obj
 0001:00016315       __cfltcvt_init             10017315 f   LIBCMT:_fpinit_.obj
 0001:00016375       __fpmath                   10017375 f   LIBCMT:_fpinit_.obj
 0001:000163a0       __ftol2_sse                100173a0 f   LIBCMT:ftol2.obj
 0001:000163a9       __ftol2_pentium4           100173a9 f   LIBCMT:ftol2.obj
 0001:000163bc       __ftol2_sse_excpt          100173bc f   LIBCMT:ftol2.obj
 0001:000163d6       __ftol2                    100173d6 f   LIBCMT:ftol2.obj
 0001:0001644b       __forcdecpt_l              1001744b f   LIBCMT:cvt.obj
 0001:000164be       __cropzeros_l              100174be f   LIBCMT:cvt.obj
 0001:00016540       __positive                 10017540 f   LIBCMT:cvt.obj
 0001:0001655c       __fassign_l                1001755c f   LIBCMT:cvt.obj
 0001:0001659e       __fassign                  1001759e f   LIBCMT:cvt.obj
 0001:000165d7       __forcdecpt                100175d7 f   LIBCMT:cvt.obj
 0001:000165ea       __cropzeros                100175ea f   LIBCMT:cvt.obj
 0001:0001676c       __cftoe_l                  1001776c f   LIBCMT:cvt.obj
 0001:0001683c       __cftoe                    1001783c f   LIBCMT:cvt.obj
 0001:0001685c       __cftoa_l                  1001785c f   LIBCMT:cvt.obj
 0001:00016cc6       __cftof_l                  10017cc6 f   LIBCMT:cvt.obj
 0001:00016d81       __cftog_l                  10017d81 f   LIBCMT:cvt.obj
 0001:00016e7b       __cfltcvt_l                10017e7b f   LIBCMT:cvt.obj
 0001:00016f03       __cfltcvt                  10017f03 f   LIBCMT:cvt.obj
 0001:00016f26       __setdefaultprecision      10017f26 f   LIBCMT:fp8.obj
 0001:00016f51       __ms_p5_test_fdiv          10017f51 f   LIBCMT:_testfdiv_.obj
 0001:00016f8f       __ms_p5_mp_test_fdiv       10017f8f f   LIBCMT:_testfdiv_.obj
 0001:00016fc0       _strrchr                   10017fc0 f   LIBCMT:strrchr.obj
 0001:00016fed       __atodbl_l                 10017fed f   LIBCMT:atodbl.obj
 0001:00017095       __atoflt_l                 10018095 f   LIBCMT:atodbl.obj
 0001:0001713d       __fptostr                  1001813d f   LIBCMT:_fptostr.obj
 0001:000171fc       ___dtold                   100181fc f   LIBCMT:_cfout_.obj
 0001:000172b9       __fltout2                  100182b9 f   LIBCMT:_cfout_.obj
 0001:00017350       __alldvrm                  10018350 f   LIBCMT:lldvrm.obj
 0001:00017430       __aullshr                  10018430 f   LIBCMT:ullshr.obj
 0001:0001744f       __controlfp_s              1001844f f   LIBCMT:_contrlfp_.obj
 0001:000174bb       __ld12tod                  100184bb f   LIBCMT:_intrncvt_.obj
 0001:000179ff       __ld12tof                  100189ff f   LIBCMT:_intrncvt_.obj
 0001:00017f43       ___strgtold12_l            10018f43 f   LIBCMT:_strgtold_.obj
 0001:0001863b       _$I10_OUTPUT               1001963b f   LIBCMT:_x10fout_.obj
 0001:0001908d       __control87                1001a08d f i LIBCMT:_ieee87_.obj
 0001:0001939c       ___mtold12                 1001a39c f   LIBCMT:_mantold_.obj
 0001:0001956a       ___set_fpsr_sse2           1001a56a f   LIBCMT:_fpctrl_.obj
 0002:00000000       __imp__GetProcAddress@8    1001b000     kernel32:KERNEL32.dll
 0002:00000004       __imp__LoadLibraryA@4      1001b004     kernel32:KERNEL32.dll
 0002:00000008       __imp__CreateFileA@28      1001b008     kernel32:KERNEL32.dll
 0002:0000000c       __imp__SetFilePointer@16   1001b00c     kernel32:KERNEL32.dll
 0002:00000010       __imp__CloseHandle@4       1001b010     kernel32:KERNEL32.dll
 0002:00000014       __imp__GetLastError@0      1001b014     kernel32:KERNEL32.dll
 0002:00000018       __imp__HeapFree@12         1001b018     kernel32:KERNEL32.dll
 0002:0000001c       __imp__GetCurrentThreadId@0 1001b01c     kernel32:KERNEL32.dll
 0002:00000020       __imp__GetCommandLineA@0   1001b020     kernel32:KERNEL32.dll
 0002:00000024       __imp__RaiseException@16   1001b024     kernel32:KERNEL32.dll
 0002:00000028       __imp__RtlUnwind@16        1001b028     kernel32:KERNEL32.dll
 0002:0000002c       __imp__TerminateProcess@8  1001b02c     kernel32:KERNEL32.dll
 0002:00000030       __imp__GetCurrentProcess@0 1001b030     kernel32:KERNEL32.dll
 0002:00000034       __imp__UnhandledExceptionFilter@4 1001b034     kernel32:KERNEL32.dll
 0002:00000038       __imp__SetUnhandledExceptionFilter@4 1001b038     kernel32:KERNEL32.dll
 0002:0000003c       __imp__IsDebuggerPresent@0 1001b03c     kernel32:KERNEL32.dll
 0002:00000040       __imp__HeapAlloc@12        1001b040     kernel32:KERNEL32.dll
 0002:00000044       __imp__HeapCreate@12       1001b044     kernel32:KERNEL32.dll
 0002:00000048       __imp__HeapDestroy@4       1001b048     kernel32:KERNEL32.dll
 0002:0000004c       __imp__VirtualFree@12      1001b04c     kernel32:KERNEL32.dll
 0002:00000050       __imp__DeleteCriticalSection@4 1001b050     kernel32:KERNEL32.dll
 0002:00000054       __imp__LeaveCriticalSection@4 1001b054     kernel32:KERNEL32.dll
 0002:00000058       __imp__EnterCriticalSection@4 1001b058     kernel32:KERNEL32.dll
 0002:0000005c       __imp__VirtualAlloc@16     1001b05c     kernel32:KERNEL32.dll
 0002:00000060       __imp__HeapReAlloc@16      1001b060     kernel32:KERNEL32.dll
 0002:00000064       __imp__GetModuleHandleW@4  1001b064     kernel32:KERNEL32.dll
 0002:00000068       __imp__TlsGetValue@4       1001b068     kernel32:KERNEL32.dll
 0002:0000006c       __imp__TlsAlloc@0          1001b06c     kernel32:KERNEL32.dll
 0002:00000070       __imp__TlsSetValue@8       1001b070     kernel32:KERNEL32.dll
 0002:00000074       __imp__TlsFree@4           1001b074     kernel32:KERNEL32.dll
 0002:00000078       __imp__InterlockedIncrement@4 1001b078     kernel32:KERNEL32.dll
 0002:0000007c       __imp__SetLastError@4      1001b07c     kernel32:KERNEL32.dll
 0002:00000080       __imp__InterlockedDecrement@4 1001b080     kernel32:KERNEL32.dll
 0002:00000084       __imp__Sleep@4             1001b084     kernel32:KERNEL32.dll
 0002:00000088       __imp__ExitProcess@4       1001b088     kernel32:KERNEL32.dll
 0002:0000008c       __imp__SetHandleCount@4    1001b08c     kernel32:KERNEL32.dll
 0002:00000090       __imp__GetStdHandle@4      1001b090     kernel32:KERNEL32.dll
 0002:00000094       __imp__GetFileType@4       1001b094     kernel32:KERNEL32.dll
 0002:00000098       __imp__GetStartupInfoA@4   1001b098     kernel32:KERNEL32.dll
 0002:0000009c       __imp__GetModuleFileNameA@12 1001b09c     kernel32:KERNEL32.dll
 0002:000000a0       __imp__FreeEnvironmentStringsA@4 1001b0a0     kernel32:KERNEL32.dll
 0002:000000a4       __imp__GetEnvironmentStrings@0 1001b0a4     kernel32:KERNEL32.dll
 0002:000000a8       __imp__FreeEnvironmentStringsW@4 1001b0a8     kernel32:KERNEL32.dll
 0002:000000ac       __imp__WideCharToMultiByte@32 1001b0ac     kernel32:KERNEL32.dll
 0002:000000b0       __imp__GetEnvironmentStringsW@0 1001b0b0     kernel32:KERNEL32.dll
 0002:000000b4       __imp__QueryPerformanceCounter@4 1001b0b4     kernel32:KERNEL32.dll
 0002:000000b8       __imp__GetTickCount@0      1001b0b8     kernel32:KERNEL32.dll
 0002:000000bc       __imp__GetCurrentProcessId@0 1001b0bc     kernel32:KERNEL32.dll
 0002:000000c0       __imp__GetSystemTimeAsFileTime@4 1001b0c0     kernel32:KERNEL32.dll
 0002:000000c4       __imp__WriteFile@20        1001b0c4     kernel32:KERNEL32.dll
 0002:000000c8       __imp__GetConsoleCP@0      1001b0c8     kernel32:KERNEL32.dll
 0002:000000cc       __imp__GetConsoleMode@8    1001b0cc     kernel32:KERNEL32.dll
 0002:000000d0       __imp__GetCPInfo@8         1001b0d0     kernel32:KERNEL32.dll
 0002:000000d4       __imp__GetACP@0            1001b0d4     kernel32:KERNEL32.dll
 0002:000000d8       __imp__GetOEMCP@0          1001b0d8     kernel32:KERNEL32.dll
 0002:000000dc       __imp__IsValidCodePage@4   1001b0dc     kernel32:KERNEL32.dll
 0002:000000e0       __imp__InitializeCriticalSectionAndSpinCount@8 1001b0e0     kernel32:KERNEL32.dll
 0002:000000e4       __imp__HeapSize@12         1001b0e4     kernel32:KERNEL32.dll
 0002:000000e8       __imp__SetStdHandle@8      1001b0e8     kernel32:KERNEL32.dll
 0002:000000ec       __imp__WriteConsoleA@20    1001b0ec     kernel32:KERNEL32.dll
 0002:000000f0       __imp__GetConsoleOutputCP@0 1001b0f0     kernel32:KERNEL32.dll
 0002:000000f4       __imp__WriteConsoleW@20    1001b0f4     kernel32:KERNEL32.dll
 0002:000000f8       __imp__MultiByteToWideChar@24 1001b0f8     kernel32:KERNEL32.dll
 0002:000000fc       __imp__LCMapStringA@24     1001b0fc     kernel32:KERNEL32.dll
 0002:00000100       __imp__LCMapStringW@24     1001b100     kernel32:KERNEL32.dll
 0002:00000104       __imp__GetStringTypeA@20   1001b104     kernel32:KERNEL32.dll
 0002:00000108       __imp__GetStringTypeW@16   1001b108     kernel32:KERNEL32.dll
 0002:0000010c       __imp__GetLocaleInfoA@16   1001b10c     kernel32:KERNEL32.dll
 0002:00000110       __imp__FlushFileBuffers@4  1001b110     kernel32:KERNEL32.dll
 0002:00000114       __imp__GetModuleHandleA@4  1001b114     kernel32:KERNEL32.dll
 0002:00000118       \177KERNEL32_NULL_THUNK_DATA 1001b118     kernel32:KERNEL32.dll
 0002:0000011c       ___xc_a                    1001b11c     LIBCMT:crt0init.obj
 0002:00000120       ___xc_z                    1001b120     LIBCMT:crt0init.obj
 0002:00000124       ___xi_a                    1001b124     LIBCMT:crt0init.obj
 0002:00000138       ___xi_z                    1001b138     LIBCMT:crt0init.obj
 0002:0000013c       ___xp_a                    1001b13c     LIBCMT:crt0init.obj
 0002:00000148       ___xp_z                    1001b148     LIBCMT:crt0init.obj
 0002:0000014c       ___xt_a                    1001b14c     LIBCMT:crt0init.obj
 0002:00000150       ___xt_z                    1001b150     LIBCMT:crt0init.obj
 0002:00000180       ??_7bad_alloc@std@@6B@     1001b180     libcpmt:string.obj
 0002:0000018c       ??_7exception@std@@6B@     1001b18c     LIBCMT:stdexcpt.obj
 0002:00000194       ??_C@_0BC@EOODALEL@Unknown?5exception?$AA@ 1001b194     LIBCMT:stdexcpt.obj
 0002:000001ac       ??_7type_info@@6B@         1001b1ac     LIBCMT:typinfo.obj
 0002:000001b0       __pRawDllMain              1001b1b0     LIBCMT:dllcrt0.obj
 0002:000001b0       __pDefaultRawDllMain       1001b1b0     LIBCMT:dllcrt0.obj
 0002:000001dc       ??_C@_1O@CEDCILHN@?$AA?$CI?$AAn?$AAu?$AAl?$AAl?$AA?$CJ?$AA?$AA@ 1001b1dc     LIBCMT:output.obj
 0002:000001ec       ??_C@_06OJHGLDPL@?$CInull?$CJ?$AA@ 1001b1ec     LIBCMT:output.obj
 0002:000001f8       ___lookuptable             1001b1f8     LIBCMT:output.obj
 0002:00000254       ??_C@_0O@NLDKAIKN@EncodePointer?$AA@ 1001b254     LIBCMT:tidtable.obj
 0002:00000264       ??_C@_1BK@DBDEIDLH@?$AAK?$AAE?$AAR?$AAN?$AAE?$AAL?$AA3?$AA2?$AA?4?$AAD?$AAL?$AAL?$AA?$AA@ 1001b264     LIBCMT:tidtable.obj
 0002:00000280       ??_C@_0O@KBPMFGHI@DecodePointer?$AA@ 1001b280     LIBCMT:tidtable.obj
 0002:00000290       ??_C@_07PEJMOBNF@FlsFree?$AA@ 1001b290     LIBCMT:tidtable.obj
 0002:00000298       ??_C@_0M@JCPCPOEF@FlsSetValue?$AA@ 1001b298     LIBCMT:tidtable.obj
 0002:000002a4       ??_C@_0M@GDNOONDI@FlsGetValue?$AA@ 1001b2a4     LIBCMT:tidtable.obj
 0002:000002b0       ??_C@_08KNHFBNJ@FlsAlloc?$AA@ 1001b2b0     LIBCMT:tidtable.obj
 0002:000002bc       ??_C@_0P@MIGLKIOC@CorExitProcess?$AA@ 1001b2bc     LIBCMT:crt0dat.obj
 0002:000002cc       ??_C@_1BI@BGOHAHKC@?$AAm?$AAs?$AAc?$AAo?$AAr?$AAe?$AAe?$AA?4?$AAd?$AAl?$AAl?$AA?$AA@ 1001b2cc     LIBCMT:crt0dat.obj
 0002:000002e8       __XcptActTab               1001b2e8     LIBCMT:winxfltr.obj
 0002:00000360       __pDestructExceptionObject 1001b360     LIBCMT:frame.obj
 0002:000003e8       ??_C@_01NEMOKFLO@?$DN?$AA@ 1001b3e8     LIBCMT:setlocal.obj
 0002:000003f0       ___lookuptable_s           1001b3f0     LIBCMT:outputs.obj
 0002:0000044c       ??_C@_0P@GGKDKEEG@runtime?5error?5?$AA@ 1001b44c     LIBCMT:crt0msg.obj
 0002:0000045c       ??_C@_02PCIJFNDE@?$AN?6?$AA@ 1001b45c     LIBCMT:crt0msg.obj
 0002:00000460       ??_C@_0O@MJNIPGOH@TLOSS?5error?$AN?6?$AA@ 1001b460     LIBCMT:crt0msg.obj
 0002:00000470       ??_C@_0N@BONNPDHF@SING?5error?$AN?6?$AA@ 1001b470     LIBCMT:crt0msg.obj
 0002:00000480       ??_C@_0P@MBDAJNE@DOMAIN?5error?$AN?6?$AA@ 1001b480     LIBCMT:crt0msg.obj
 0002:00000490       ??_C@_0JL@DFDOOABL@R6034?$AN?6An?5application?5has?5made?5a@ 1001b490     LIBCMT:crt0msg.obj
 0002:00000530       ??_C@_0PH@EPAFIJ@R6033?$AN?6?9?5Attempt?5to?5use?5MSIL?5cod@ 1001b530     LIBCMT:crt0msg.obj
 0002:00000628       ??_C@_0DD@BKEEABMM@R6032?$AN?6?9?5not?5enough?5space?5for?5lo@ 1001b628     LIBCMT:crt0msg.obj
 0002:00000660       ??_C@_0GD@OFKILIED@R6031?$AN?6?9?5Attempt?5to?5initialize?5t@ 1001b660     LIBCMT:crt0msg.obj
 0002:000006c4       ??_C@_0BP@LPMHJOKI@R6030?$AN?6?9?5CRT?5not?5initialized?$AN?6?$AA@ 1001b6c4     LIBCMT:crt0msg.obj
 0002:000006e4       ??_C@_0CF@KJDAIALP@R6028?$AN?6?9?5unable?5to?5initialize?5he@ 1001b6e4     LIBCMT:crt0msg.obj
 0002:0000070c       ??_C@_0DF@GAKBPDFP@R6027?$AN?6?9?5not?5enough?5space?5for?5lo@ 1001b70c     LIBCMT:crt0msg.obj
 0002:00000744       ??_C@_0DF@IBLNNAIG@R6026?$AN?6?9?5not?5enough?5space?5for?5st@ 1001b744     LIBCMT:crt0msg.obj
 0002:0000077c       ??_C@_0CG@IOHKGFNJ@R6025?$AN?6?9?5pure?5virtual?5function?5c@ 1001b77c     LIBCMT:crt0msg.obj
 0002:000007a4       ??_C@_0DF@JIJJFJDC@R6024?$AN?6?9?5not?5enough?5space?5for?5_o@ 1001b7a4     LIBCMT:crt0msg.obj
 0002:000007dc       ??_C@_0CJ@EGEJHFME@R6019?$AN?6?9?5unable?5to?5open?5console?5@ 1001b7dc     LIBCMT:crt0msg.obj
 0002:00000808       ??_C@_0CB@GNHNIELH@R6018?$AN?6?9?5unexpected?5heap?5error?$AN?6@ 1001b808     LIBCMT:crt0msg.obj
 0002:0000082c       ??_C@_0CN@FOLDKNG@R6017?$AN?6?9?5unexpected?5multithread?5@ 1001b82c     LIBCMT:crt0msg.obj
 0002:0000085c       ??_C@_0CM@FAHFJNHO@R6016?$AN?6?9?5not?5enough?5space?5for?5th@ 1001b85c     LIBCMT:crt0msg.obj
 0002:00000888       ??_C@_0JG@LBKMGKLD@?$AN?6This?5application?5has?5requested@ 1001b888     LIBCMT:crt0msg.obj
 0002:00000920       ??_C@_0CM@FLCNIPKK@R6009?$AN?6?9?5not?5enough?5space?5for?5en@ 1001b920     LIBCMT:crt0msg.obj
 0002:0000094c       ??_C@_0CK@KMMJOAPP@R6008?$AN?6?9?5not?5enough?5space?5for?5ar@ 1001b94c     LIBCMT:crt0msg.obj
 0002:00000978       ??_C@_0CN@LEKKICBM@R6002?$AN?6?9?5floating?5point?5support?5@ 1001b978     LIBCMT:crt0msg.obj
 0002:000009a8       ??_C@_0CF@GOGNBNAK@Microsoft?5Visual?5C?$CL?$CL?5Runtime?5Lib@ 1001b9a8     LIBCMT:crt0msg.obj
 0002:000009d0       ??_C@_02PHMGELLB@?6?6?$AA@ 1001b9d0     LIBCMT:crt0msg.obj
 0002:000009d4       ??_C@_03KHICJKCI@?4?4?4?$AA@ 1001b9d4     LIBCMT:crt0msg.obj
 0002:000009d8       ??_C@_0BH@DNAGHKFM@?$DMprogram?5name?5unknown?$DO?$AA@ 1001b9d8     LIBCMT:crt0msg.obj
 0002:000009f0       ??_C@_0BK@OFGJDLJJ@Runtime?5Error?$CB?6?6Program?3?5?$AA@ 1001b9f0     LIBCMT:crt0msg.obj
 0002:00000a0c       ??_C@_0BK@CFCOFLF@?5Complete?5Object?5Locator?8?$AA@ 1001ba0c     LIBCMT:undname.obj
 0002:00000a28       ??_C@_0BN@MECKDCOJ@?5Class?5Hierarchy?5Descriptor?8?$AA@ 1001ba28     LIBCMT:undname.obj
 0002:00000a48       ??_C@_0BD@LGICGFMM@?5Base?5Class?5Array?8?$AA@ 1001ba48     LIBCMT:undname.obj
 0002:00000a5c       ??_C@_0BM@LDKODKLH@?5Base?5Class?5Descriptor?5at?5?$CI?$AA@ 1001ba5c     LIBCMT:undname.obj
 0002:00000a78       ??_C@_0BC@DAFEJGAK@?5Type?5Descriptor?8?$AA@ 1001ba78     LIBCMT:undname.obj
 0002:00000a8c       ??_C@_0BM@PMGGMLDN@?$GAlocal?5static?5thread?5guard?8?$AA@ 1001ba8c     LIBCMT:undname.obj
 0002:00000aa8       ??_C@_0CL@FGIJHLCE@?$GAmanaged?5vector?5copy?5constructor@ 1001baa8     LIBCMT:undname.obj
 0002:00000ad4       ??_C@_0CJ@GJELGAMM@?$GAvector?5vbase?5copy?5constructor?5i@ 1001bad4     LIBCMT:undname.obj
 0002:00000b00       ??_C@_0CD@CGAJBKEJ@?$GAvector?5copy?5constructor?5iterato@ 1001bb00     LIBCMT:undname.obj
 0002:00000b24       ??_C@_0CB@PDBIFEP@?$GAdynamic?5atexit?5destructor?5for?5?8@ 1001bb24     LIBCMT:undname.obj
 0002:00000b48       ??_C@_0BL@CLIPGLGB@?$GAdynamic?5initializer?5for?5?8?$AA@ 1001bb48     LIBCMT:undname.obj
 0002:00000b64       ??_C@_0CM@FCBBDIGB@?$GAeh?5vector?5vbase?5copy?5constructo@ 1001bb64     LIBCMT:undname.obj
 0002:00000b90       ??_C@_0CG@HLDDJMAG@?$GAeh?5vector?5copy?5constructor?5iter@ 1001bb90     LIBCMT:undname.obj
 0002:00000bb8       ??_C@_0CF@IMGKMJNO@?$GAmanaged?5vector?5destructor?5itera@ 1001bbb8     LIBCMT:undname.obj
 0002:00000be0       ??_C@_0CG@CFDHKGGD@?$GAmanaged?5vector?5constructor?5iter@ 1001bbe0     LIBCMT:undname.obj
 0002:00000c08       ??_C@_0BN@CKNJLHMB@?$GAplacement?5delete?$FL?$FN?5closure?8?$AA@ 1001bc08     LIBCMT:undname.obj
 0002:00000c28       ??_C@_0BL@CNOONJFP@?$GAplacement?5delete?5closure?8?$AA@ 1001bc28     LIBCMT:undname.obj
 0002:00000c44       ??_C@_0P@HJKNJFNN@?$GAomni?5callsig?8?$AA@ 1001bc44     LIBCMT:undname.obj
 0002:00000c54       ??_C@_09LBNFPBCA@?5delete?$FL?$FN?$AA@ 1001bc54     LIBCMT:undname.obj
 0002:00000c60       ??_C@_06FHBGPFGH@?5new?$FL?$FN?$AA@ 1001bc60     LIBCMT:undname.obj
 0002:00000c68       ??_C@_0CE@IIHCMGGL@?$GAlocal?5vftable?5constructor?5closu@ 1001bc68     LIBCMT:undname.obj
 0002:00000c8c       ??_C@_0BA@KKLDJDLB@?$GAlocal?5vftable?8?$AA@ 1001bc8c     LIBCMT:undname.obj
 0002:00000c9c       ??_C@_05KHLCHHI@?$GARTTI?$AA@ 1001bc9c     LIBCMT:undname.obj
 0002:00000ca4       ??_C@_03KLGMFNMG@?$GAEH?$AA@ 1001bca4     LIBCMT:undname.obj
 0002:00000ca8       ??_C@_0BA@KBCDOMBN@?$GAudt?5returning?8?$AA@ 1001bca8     LIBCMT:undname.obj
 0002:00000cb8       ??_C@_0BL@LLKPOHJI@?$GAcopy?5constructor?5closure?8?$AA@ 1001bcb8     LIBCMT:undname.obj
 0002:00000cd4       ??_C@_0CH@OOJPLCPH@?$GAeh?5vector?5vbase?5constructor?5ite@ 1001bcd4     LIBCMT:undname.obj
 0002:00000cfc       ??_C@_0CA@GCEOPDGL@?$GAeh?5vector?5destructor?5iterator?8?$AA@ 1001bcfc     LIBCMT:undname.obj
 0002:00000d1c       ??_C@_0CB@JONCMFFK@?$GAeh?5vector?5constructor?5iterator?8@ 1001bd1c     LIBCMT:undname.obj
 0002:00000d40       ??_C@_0BL@NILFHHPC@?$GAvirtual?5displacement?5map?8?$AA@ 1001bd40     LIBCMT:undname.obj
 0002:00000d5c       ??_C@_0CE@IKBNEHA@?$GAvector?5vbase?5constructor?5iterat@ 1001bd5c     LIBCMT:undname.obj
 0002:00000d80       ??_C@_0BN@LFPFMEDL@?$GAvector?5destructor?5iterator?8?$AA@ 1001bd80     LIBCMT:undname.obj
 0002:00000da0       ??_C@_0BO@PFGOCPJJ@?$GAvector?5constructor?5iterator?8?$AA@ 1001bda0     LIBCMT:undname.obj
 0002:00000dc0       ??_C@_0BN@IMDCHIKM@?$GAscalar?5deleting?5destructor?8?$AA@ 1001bdc0     LIBCMT:undname.obj
 0002:00000de0       ??_C@_0BO@OBMKPJIG@?$GAdefault?5constructor?5closure?8?$AA@ 1001bde0     LIBCMT:undname.obj
 0002:00000e00       ??_C@_0BN@DEGPLNFK@?$GAvector?5deleting?5destructor?8?$AA@ 1001be00     LIBCMT:undname.obj
 0002:00000e20       ??_C@_0BD@JDLKDPAB@?$GAvbase?5destructor?8?$AA@ 1001be20     LIBCMT:undname.obj
 0002:00000e34       ??_C@_08OBABFOLI@?$GAstring?8?$AA@ 1001be34     LIBCMT:undname.obj
 0002:00000e40       ??_C@_0BF@KDPPACIK@?$GAlocal?5static?5guard?8?$AA@ 1001be40     LIBCMT:undname.obj
 0002:00000e58       ??_C@_08LLFFHHDJ@?$GAtypeof?8?$AA@ 1001be58     LIBCMT:undname.obj
 0002:00000e64       ??_C@_07FEEIOKP@?$GAvcall?8?$AA@ 1001be64     LIBCMT:undname.obj
 0002:00000e6c       ??_C@_09BLBHBJP@?$GAvbtable?8?$AA@ 1001be6c     LIBCMT:undname.obj
 0002:00000e78       ??_C@_09IFPLHPGF@?$GAvftable?8?$AA@ 1001be78     LIBCMT:undname.obj
 0002:00000e84       ??_C@_02MHEGNOJ@?$FO?$DN?$AA@ 1001be84     LIBCMT:undname.obj
 0002:00000e88       ??_C@_02DHLNPPGH@?$HM?$DN?$AA@ 1001be88     LIBCMT:undname.obj
 0002:00000e8c       ??_C@_02FGJGFEAB@?$CG?$DN?$AA@ 1001be8c     LIBCMT:undname.obj
 0002:00000e90       ??_C@_03CDNPDDLA@?$DM?$DM?$DN?$AA@ 1001be90     LIBCMT:undname.obj
 0002:00000e94       ??_C@_03IKFCCPFF@?$DO?$DO?$DN?$AA@ 1001be94     LIBCMT:undname.obj
 0002:00000e98       ??_C@_02FENAOKFI@?$CF?$DN?$AA@ 1001be98     LIBCMT:undname.obj
 0002:00000e9c       ??_C@_02FJEHGPIO@?1?$DN?$AA@ 1001be9c     LIBCMT:undname.obj
 0002:00000ea0       ??_C@_02FKMDLLOA@?9?$DN?$AA@ 1001bea0     LIBCMT:undname.obj
 0002:00000ea4       ??_C@_02FOEOMHFC@?$CL?$DN?$AA@ 1001bea4     LIBCMT:undname.obj
 0002:00000ea8       ??_C@_02FPIMKNGF@?$CK?$DN?$AA@ 1001bea8     LIBCMT:undname.obj
 0002:00000eac       ??_C@_02NONPIBCD@?$HM?$HM?$AA@ 1001beac     LIBCMT:undname.obj
 0002:00000eb0       ??_C@_02PPKAJPJL@?$CG?$CG?$AA@ 1001beb0     LIBCMT:undname.obj
 0002:00000eb4       ??_C@_01DNKMNLPK@?$HM?$AA@ 1001beb4     LIBCMT:undname.obj
 0002:00000eb8       ??_C@_01JKBOJNNK@?$FO?$AA@ 1001beb8     LIBCMT:undname.obj
 0002:00000ebc       ??_C@_01PJKLJHI@?$HO?$AA@  1001bebc     LIBCMT:undname.obj
 0002:00000ec0       ??_C@_02HCKGKOFO@?$CI?$CJ?$AA@ 1001bec0     LIBCMT:undname.obj
 0002:00000ec4       ??_C@_01IHBHIGKO@?0?$AA@   1001bec4     LIBCMT:undname.obj
 0002:00000ec8       ??_C@_02EEKDKGMJ@?$DO?$DN?$AA@ 1001bec8     LIBCMT:undname.obj
 0002:00000ecc       ??_C@_01PPODPGHN@?$DO?$AA@ 1001becc     LIBCMT:undname.obj
 0002:00000ed0       ??_C@_02EHCHHCKH@?$DM?$DN?$AA@ 1001bed0     LIBCMT:undname.obj
 0002:00000ed4       ??_C@_01MNNFJEPP@?$DM?$AA@ 1001bed4     LIBCMT:undname.obj
 0002:00000ed8       ??_C@_01FGNFDNOH@?$CF?$AA@ 1001bed8     LIBCMT:undname.obj
 0002:00000edc       ??_C@_01KMDKNFGN@?1?$AA@   1001bedc     LIBCMT:undname.obj
 0002:00000ee0       ??_C@_03MNHNFDLC@?9?$DO?$CK?$AA@ 1001bee0     LIBCMT:undname.obj
 0002:00000ee4       ??_C@_01HNPIGOCE@?$CG?$AA@ 1001bee4     LIBCMT:undname.obj
 0002:00000ee8       ??_C@_01MIFGBAGJ@?$CL?$AA@ 1001bee8     LIBCMT:undname.obj
 0002:00000eec       ??_C@_01JOAMLHOP@?9?$AA@   1001beec     LIBCMT:undname.obj
 0002:00000ef0       ??_C@_02BAABKJLB@?9?9?$AA@ 1001bef0     LIBCMT:undname.obj
 0002:00000ef4       ??_C@_02ECNGHCIF@?$CL?$CL?$AA@ 1001bef4     LIBCMT:undname.obj
 0002:00000ef8       ??_C@_01NBENCBCI@?$CK?$AA@ 1001bef8     LIBCMT:undname.obj
 0002:00000efc       ??_C@_02HBOOOICD@?9?$DO?$AA@ 1001befc     LIBCMT:undname.obj
 0002:00000f00       ??_C@_08LHJFAFGD@operator?$AA@ 1001bf00     LIBCMT:undname.obj
 0002:00000f0c       ??_C@_02GPECMEKF@?$FL?$FN?$AA@ 1001bf0c     LIBCMT:undname.obj
 0002:00000f10       ??_C@_02FDNJECIE@?$CB?$DN?$AA@ 1001bf10     LIBCMT:undname.obj
 0002:00000f14       ??_C@_02EGOFBIJA@?$DN?$DN?$AA@ 1001bf14     LIBCMT:undname.obj
 0002:00000f18       ??_C@_01DCLJPIOD@?$CB?$AA@ 1001bf18     LIBCMT:undname.obj
 0002:00000f1c       ??_C@_02FODMEDOG@?$DM?$DM?$AA@ 1001bf1c     LIBCMT:undname.obj
 0002:00000f20       ??_C@_02GPIOPFAK@?$DO?$DO?$AA@ 1001bf20     LIBCMT:undname.obj
 0002:00000f24       ??_C@_07FPCDHGMM@?5delete?$AA@ 1001bf24     LIBCMT:undname.obj
 0002:00000f2c       ??_C@_04NIHEBCM@?5new?$AA@ 1001bf2c     LIBCMT:undname.obj
 0002:00000f34       ??_C@_0M@GFIIJFMG@__unaligned?$AA@ 1001bf34     LIBCMT:undname.obj
 0002:00000f40       ??_C@_0L@PILCLIHE@__restrict?$AA@ 1001bf40     LIBCMT:undname.obj
 0002:00000f4c       ??_C@_07JOMMBBKO@__ptr64?$AA@ 1001bf4c     LIBCMT:undname.obj
 0002:00000f54       ??_C@_09HIJEGCPM@__clrcall?$AA@ 1001bf54     LIBCMT:undname.obj
 0002:00000f60       ??_C@_0L@JMKHOMEK@__fastcall?$AA@ 1001bf60     LIBCMT:undname.obj
 0002:00000f6c       ??_C@_0L@NPHFGOKO@__thiscall?$AA@ 1001bf6c     LIBCMT:undname.obj
 0002:00000f78       ??_C@_09IFJBGAPI@__stdcall?$AA@ 1001bf78     LIBCMT:undname.obj
 0002:00000f84       ??_C@_08GHMPAG@__pascal?$AA@ 1001bf84     LIBCMT:undname.obj
 0002:00000f90       ??_C@_07KOLFKCDI@__cdecl?$AA@ 1001bf90     LIBCMT:undname.obj
 0002:00000f98       ??_C@_08EHJDFFNH@__based?$CI?$AA@ 1001bf98     LIBCMT:undname.obj
 0002:00001128       ??_C@_13NOLLCAOD@?$AA?$AA?$AA?$AA@ 1001c128     LIBCMT:a_map.obj
 0002:00001130       ___newctype                1001c130     LIBCMT:ctype.obj
 0002:00001430       __wctype                   1001c430     LIBCMT:ctype.obj
 0002:00001638       ___newclmap                1001c638     LIBCMT:ctype.obj
 0002:000017b8       ___newcumap                1001c7b8     LIBCMT:ctype.obj
 0002:00001938       ??_C@_08JCCMCCIL@HH?3mm?3ss?$AA@ 1001c938     LIBCMT:strftime.obj
 0002:00001944       ??_C@_0BE@CKGJFCPC@dddd?0?5MMMM?5dd?0?5yyyy?$AA@ 1001c944     LIBCMT:strftime.obj
 0002:00001958       ??_C@_08BPBNCDIB@MM?1dd?1yy?$AA@ 1001c958     LIBCMT:strftime.obj
 0002:00001964       ??_C@_02CJNFDJBF@PM?$AA@   1001c964     LIBCMT:strftime.obj
 0002:00001968       ??_C@_02DEDBPAFC@AM?$AA@   1001c968     LIBCMT:strftime.obj
 0002:0000196c       ??_C@_08EDHMEBNP@December?$AA@ 1001c96c     LIBCMT:strftime.obj
 0002:00001978       ??_C@_08HCHEGEOA@November?$AA@ 1001c978     LIBCMT:strftime.obj
 0002:00001984       ??_C@_07JJNFCEND@October?$AA@ 1001c984     LIBCMT:strftime.obj
 0002:0000198c       ??_C@_09BHHEALKD@September?$AA@ 1001c98c     LIBCMT:strftime.obj
 0002:00001998       ??_C@_06LBBHFDDG@August?$AA@ 1001c998     LIBCMT:strftime.obj
 0002:000019a0       ??_C@_04MIEPOIFP@July?$AA@ 1001c9a0     LIBCMT:strftime.obj
 0002:000019a8       ??_C@_04CNLMGBGM@June?$AA@ 1001c9a8     LIBCMT:strftime.obj
 0002:000019b0       ??_C@_05DMJDNLEJ@April?$AA@ 1001c9b0     LIBCMT:strftime.obj
 0002:000019b8       ??_C@_05HPCKOFNC@March?$AA@ 1001c9b8     LIBCMT:strftime.obj
 0002:000019c0       ??_C@_08GNJGEPFN@February?$AA@ 1001c9c0     LIBCMT:strftime.obj
 0002:000019cc       ??_C@_07CGJPFGJA@January?$AA@ 1001c9cc     LIBCMT:strftime.obj
 0002:000019d4       ??_C@_03MKABNOCG@Dec?$AA@  1001c9d4     LIBCMT:strftime.obj
 0002:000019d8       ??_C@_03JPJOFNIA@Nov?$AA@  1001c9d8     LIBCMT:strftime.obj
 0002:000019dc       ??_C@_03BMAOKBAD@Oct?$AA@  1001c9dc     LIBCMT:strftime.obj
 0002:000019e0       ??_C@_03GGCAPAJC@Sep?$AA@  1001c9e0     LIBCMT:strftime.obj
 0002:000019e4       ??_C@_03IFJFEIGA@Aug?$AA@  1001c9e4     LIBCMT:strftime.obj
 0002:000019e8       ??_C@_03LBGABGKK@Jul?$AA@  1001c9e8     LIBCMT:strftime.obj
 0002:000019ec       ??_C@_03IDFGHECI@Jun?$AA@  1001c9ec     LIBCMT:strftime.obj
 0002:000019f0       ??_C@_03CNMDKL@May?$AA@    1001c9f0     LIBCMT:strftime.obj
 0002:000019f4       ??_C@_03LEOLGMJP@Apr?$AA@  1001c9f4     LIBCMT:strftime.obj
 0002:000019f8       ??_C@_03ODNJBKGA@Mar?$AA@  1001c9f8     LIBCMT:strftime.obj
 0002:000019fc       ??_C@_03HJBDCHOM@Feb?$AA@  1001c9fc     LIBCMT:strftime.obj
 0002:00001a00       ??_C@_03JIHJHPIE@Jan?$AA@  1001ca00     LIBCMT:strftime.obj
 0002:00001a04       ??_C@_08INBOOONO@Saturday?$AA@ 1001ca04     LIBCMT:strftime.obj
 0002:00001a10       ??_C@_06JECMNKMI@Friday?$AA@ 1001ca10     LIBCMT:strftime.obj
 0002:00001a18       ??_C@_08HACCIKIA@Thursday?$AA@ 1001ca18     LIBCMT:strftime.obj
 0002:00001a24       ??_C@_09DLIGFAKA@Wednesday?$AA@ 1001ca24     LIBCMT:strftime.obj
 0002:00001a30       ??_C@_07BAAGCFCM@Tuesday?$AA@ 1001ca30     LIBCMT:strftime.obj
 0002:00001a38       ??_C@_06JLEDEDGH@Monday?$AA@ 1001ca38     LIBCMT:strftime.obj
 0002:00001a40       ??_C@_06OOPIFAJ@Sunday?$AA@ 1001ca40     LIBCMT:strftime.obj
 0002:00001a48       ??_C@_03FEFJNEK@Sat?$AA@   1001ca48     LIBCMT:strftime.obj
 0002:00001a4c       ??_C@_03IDIOELNC@Fri?$AA@  1001ca4c     LIBCMT:strftime.obj
 0002:00001a50       ??_C@_03IOFIKPDN@Thu?$AA@  1001ca50     LIBCMT:strftime.obj
 0002:00001a54       ??_C@_03MHOMLAJA@Wed?$AA@  1001ca54     LIBCMT:strftime.obj
 0002:00001a58       ??_C@_03NAGEINEP@Tue?$AA@  1001ca58     LIBCMT:strftime.obj
 0002:00001a5c       ??_C@_03PDAGKDH@Mon?$AA@   1001ca5c     LIBCMT:strftime.obj
 0002:00001a60       ??_C@_03KOEHGMDN@Sun?$AA@  1001ca60     LIBCMT:strftime.obj
 0002:00001a64       ??_C@_0BI@DFKBFLJE@GetProcessWindowStation?$AA@ 1001ca64     LIBCMT:crtmbox.obj
 0002:00001a7c       ??_C@_0BK@CIDNPOGP@GetUserObjectInformationA?$AA@ 1001ca7c     LIBCMT:crtmbox.obj
 0002:00001a98       ??_C@_0BD@HHGDFDBJ@GetLastActivePopup?$AA@ 1001ca98     LIBCMT:crtmbox.obj
 0002:00001aac       ??_C@_0BA@HNOPNCHB@GetActiveWindow?$AA@ 1001caac     LIBCMT:crtmbox.obj
 0002:00001abc       ??_C@_0M@CHKKJDAI@MessageBoxA?$AA@ 1001cabc     LIBCMT:crtmbox.obj
 0002:00001ac8       ??_C@_0L@NDEGIDAG@USER32?4DLL?$AA@ 1001cac8     LIBCMT:crtmbox.obj
 0002:00001ad4       ??_C@_07GPDNMNG@CONOUT$?$AA@ 1001cad4     LIBCMT:initcon.obj
 0002:00001adc       ___dnames                  1001cadc     LIBCMT:timeset.obj
 0002:00001af4       ___mnames                  1001caf4     LIBCMT:timeset.obj
 0002:00001b1c       ??_C@_0O@EGGGBKCF@DlgExpMon?4def?$AA@ 1001cb1c     wog native dialogs.obj
 0002:00001b2c       ??_C@_0N@JCGCDINI@Dlg_NPC3?4def?$AA@ 1001cb2c     wog native dialogs.obj
 0002:00001b3c       ??_C@_0N@FJDOOLHN@Dlg_NPC2?4def?$AA@ 1001cb3c     wog native dialogs.obj
 0002:00001b4c       ??_C@_0N@NPKKJJND@Dlg_NPC1?4def?$AA@ 1001cb4c     wog native dialogs.obj
 0002:00001b5c       ??_C@_02DKCKIIND@?$CFs?$AA@ 1001cb5c     wog native dialogs.obj
 0002:00001b60       ??_C@_0N@BHMGKPNG@checkbox?4def?$AA@ 1001cb60     wog native dialogs.obj
 0002:00001b70       ??_C@_0O@BBFJMKLN@radiobttn?4def?$AA@ 1001cb70     wog native dialogs.obj
 0002:00001b80       ??_C@_0O@LKNNDHCJ@smalfont2?4fnt?$AA@ 1001cb80     wog native dialogs.obj
 0002:00001b90       ??_C@_0N@PAEBLKHN@bigfont2?4fnt?$AA@ 1001cb90     wog native dialogs.obj
 0002:00001ba0       ??_C@_0P@GHFPNOJB@bad?5allocation?$AA@ 1001cba0     wog native dialogs.obj
 0002:00001bb0       ??_C@_0BA@FDLNIKIG@patcher_x86?4dll?$AA@ 1001cbb0     wog native dialogs.obj
 0002:00001bc0       ??_C@_0BB@CKHJKIEB@_GetPatcherX86?$EA0?$AA@ 1001cbc0     wog native dialogs.obj
 0002:00001bd4       ??_C@_02DPKJAMEF@?$CFd?$AA@ 1001cbd4     wog native dialogs.obj
 0002:00001bd8       ??_C@_0N@NGJLFBMI@DiBoxBck?4pcx?$AA@ 1001cbd8     wog native dialogs.obj
 0002:00001be8       ??_C@_0N@FGPGDOPK@dialgbox?4def?$AA@ 1001cbe8     wog native dialogs.obj
 0002:00001bf8       ??_C@_0N@ELNJEEMI@medfont2?4fnt?$AA@ 1001cbf8     wog native dialogs.obj
 0002:00001c08       ??_C@_09IIFHEAOO@angel?4dll?$AA@ 1001cc08     wog native dialogs.obj
 0002:00001c14       ??_C@_0M@BFOAAPGP@EventParams?$AA@ 1001cc14     wog native dialogs.obj
 0002:00001c20       ??_C@_0BD@KPOAIKLJ@RestoreEventParams?$AA@ 1001cc20     wog native dialogs.obj
 0002:00001c34       ??_C@_0BA@JJKLPBHG@SaveEventParams?$AA@ 1001cc34     wog native dialogs.obj
 0002:00001c44       ??_C@_07PILJHEGK@era?4dll?$AA@ 1001cc44     wog native dialogs.obj
 0002:00001c4c       ??_C@_02EOEPPNBF@tr?$AA@   1001cc4c     wog native dialogs.obj
 0002:00001c50       ??_C@_07HCDNKGPA@ApiHook?$AA@ 1001cc50     wog native dialogs.obj
 0002:00001c58       ??_C@_0BB@NFICFMFA@ClearAllIniCache?$AA@ 1001cc58     wog native dialogs.obj
 0002:00001c6c       ??_C@_0O@KHPPEFLJ@ClearIniCache?$AA@ 1001cc6c     wog native dialogs.obj
 0002:00001c7c       ??_C@_0L@GHCNBJIK@ExecErmCmd?$AA@ 1001cc7c     wog native dialogs.obj
 0002:00001c88       ??_C@_0L@BBNMEHJH@ExtractErm?$AA@ 1001cc88     wog native dialogs.obj
 0002:00001c94       ??_C@_0L@CKILDBJC@FatalError?$AA@ 1001cc94     wog native dialogs.obj
 0002:00001ca0       ??_C@_0N@HFGMKLEN@FireErmEvent?$AA@ 1001cca0     wog native dialogs.obj
 0002:00001cb0       ??_C@_09GEAPPBGH@FireEvent?$AA@ 1001ccb0     wog native dialogs.obj
 0002:00001cbc       ??_C@_0M@KJHFCLAP@GetButtonID?$AA@ 1001ccbc     wog native dialogs.obj
 0002:00001cc8       ??_C@_0L@LNAOMCPJ@GetVersion?$AA@ 1001ccc8     wog native dialogs.obj
 0002:00001cd4       ??_C@_0O@FNMDEAHG@GetVersionNum?$AA@ 1001ccd4     wog native dialogs.obj
 0002:00001ce4       ??_C@_0N@CFMBLIKP@GetGameState?$AA@ 1001cce4     wog native dialogs.obj
 0002:00001cf4       ??_C@_0M@LKIFOAN@GetRealAddr?$AA@ 1001ccf4     wog native dialogs.obj
 0002:00001d00       ??_C@_0BD@DPCJBLFO@GlobalRedirectFile?$AA@ 1001cd00     wog native dialogs.obj
 0002:00001d14       ??_C@_04PHJJMCEO@Hook?$AA@ 1001cd14     wog native dialogs.obj
 0002:00001d1c       ??_C@_08EBPIACBO@HookCode?$AA@ 1001cd1c     wog native dialogs.obj
 0002:00001d28       ??_C@_0BB@PHLEIINC@LoadImageAsPcx16?$AA@ 1001cd28     wog native dialogs.obj
 0002:00001d3c       ??_C@_07GDNFNLKF@LoadTxt?$AA@ 1001cd3c     wog native dialogs.obj
 0002:00001d44       ??_C@_07FLCNLLL@MemFree?$AA@ 1001cd44     wog native dialogs.obj
 0002:00001d4c       ??_C@_09PIKCKENJ@NameColor?$AA@ 1001cd4c     wog native dialogs.obj
 0002:00001d58       ??_C@_0M@LNHBMGFH@NotifyError?$AA@ 1001cd58     wog native dialogs.obj
 0002:00001d64       ??_C@_0M@PLEJCMGM@PatchExists?$AA@ 1001cd64     wog native dialogs.obj
 0002:00001d70       ??_C@_0N@BGLGOOMO@PluginExists?$AA@ 1001cd70     wog native dialogs.obj
 0002:00001d80       ??_C@_0BE@CIDOCKGN@ReadSavegameSection?$AA@ 1001cd80     wog native dialogs.obj
 0002:00001d94       ??_C@_0P@CCLIEMKP@ReadStrFromIni?$AA@ 1001cd94     wog native dialogs.obj
 0002:00001da4       ??_C@_09IJJOFFNH@RecallAPI?$AA@ 1001cda4     wog native dialogs.obj
 0002:00001db0       ??_C@_0N@EADKAOLK@RedirectFile?$AA@ 1001cdb0     wog native dialogs.obj
 0002:00001dc0       ??_C@_0BE@OJOEEMJD@RedirectMemoryBlock?$AA@ 1001cdc0     wog native dialogs.obj
 0002:00001dd4       ??_C@_0BA@BCNGHKCC@RegisterHandler?$AA@ 1001cdd4     wog native dialogs.obj
 0002:00001de4       ??_C@_09MJCMIAEG@ReloadErm?$AA@ 1001cde4     wog native dialogs.obj
 0002:00001df0       ??_C@_0BE@JBKGKCON@ReportPluginVersion?$AA@ 1001cdf0     wog native dialogs.obj
 0002:00001e04       ??_C@_07PAHGKEHA@SaveIni?$AA@ 1001ce04     wog native dialogs.obj
 0002:00001e0c       ??_C@_06DDHLBGDE@Splice?$AA@ 1001ce0c     wog native dialogs.obj
 0002:00001e14       ??_C@_0M@CLLMHKFF@WriteAtCode?$AA@ 1001ce14     wog native dialogs.obj
 0002:00001e20       ??_C@_0BF@HMHBLPO@WriteSavegameSection?$AA@ 1001ce20     wog native dialogs.obj
 0002:00001e38       ??_C@_0O@POMBDOKD@WriteStrToIni?$AA@ 1001ce38     wog native dialogs.obj
 0002:00001e48       ??_C@_05DIALNFFA@?$CFs?5?$CFd?$AA@ 1001ce48     wog native dialogs.obj
 0002:00001e50       ??_C@_05DNIIFBMG@?$CFs?5?$CFs?$AA@ 1001ce50     wog native dialogs.obj
 0002:00001e58       ??_C@_0L@FIDKBHJC@?$CFs?5?$CFd?5?$CI?$CFd?$CJ?$AA@ 1001ce58     wog native dialogs.obj
 0002:00001e64       ??_C@_0L@JDILLOGP@?$CFs?5?$CFd?5?9?5?$CFd?$AA@ 1001ce64     wog native dialogs.obj
 0002:00001e70       ??_C@_07JKHHBHOI@?$CFs?5?$CFd?$CF?$CF?$AA@ 1001ce70     wog native dialogs.obj
 0002:00001e78       ??_C@_06GNDJBPCO@?$CFs?6?6?$CFs?$AA@ 1001ce78     wog native dialogs.obj
 0002:00001e80       ??_C@_0N@CNMFKAFE@Dlg_NPCn?4pcx?$AA@ 1001ce80     wog native dialogs.obj
 0002:00001e90       ??_C@_0N@EENEFCAM@Dlg_NPCu?4pcx?$AA@ 1001ce90     wog native dialogs.obj
 0002:00001ea0       ??_C@_0P@GMMOFIOD@Dlg_NPCdel?4def?$AA@ 1001cea0     wog native dialogs.obj
 0002:00001eb0       ??_C@_07DONLOGLK@?$CFd?5?$CI?$CFd?$CJ?$AA@ 1001ceb0     wog native dialogs.obj
 0002:00001eb8       ??_C@_07PFGKEPEH@?$CFd?5?9?5?$CFd?$AA@ 1001ceb8     wog native dialogs.obj
 0002:00001ec0       ??_C@_04FCMNJMCO@?$CFd?$CF?$CF?$AA@ 1001cec0     wog native dialogs.obj
 0002:00001ec8       ??_C@_0M@EELLOAND@bttnNPC?4def?$AA@ 1001cec8     wog native dialogs.obj
 0002:00001ed4       ??_C@_0BB@OPCILBBM@C742?53C?5FFFFFFFF?$AA@ 1001ced4     wog native dialogs.obj
 0002:00001ee8       ??_C@_07JMKCEEPK@?$CFs?5?$CI?$CFd?$CJ?$AA@ 1001cee8     wog native dialogs.obj
 0002:00001ef0       ??_C@_09PCPEDHFE@?$CFd?$CF?$CF?5?$CI?$CFd?$CJ?$AA@ 1001cef0     wog native dialogs.obj
 0002:00001efc       ??_C@_03DMDECJFG@?$CFhf?$AA@ 1001cefc     wog native dialogs.obj
 0002:00001f00       ??_C@_03OFAPEBGM@?$CFs?6?$AA@ 1001cf00     wog native dialogs.obj
 0002:00001f04       ??_C@_08MNBIIGN@?$CFs?6?6?5?$CFs?6?$AA@ 1001cf04     wog native dialogs.obj
 0002:00001f10       ??_C@_0N@ILHBCDMB@DlgExpUp?4def?$AA@ 1001cf10     wog native dialogs.obj
 0002:00001f20       ??_C@_08OFBPMKML@tiny?4fnt?$AA@ 1001cf20     wog native dialogs.obj
 0002:00001f2c       ??_C@_09KAONFINP@?$HL?$CFs?$HN?6?$CI?$CFs?$CJ?$AA@ 1001cf2c     wog native dialogs.obj
 0002:00001f38       ??_C@_0N@DCLMLLBB@WoGCurse?4def?$AA@ 1001cf38     wog native dialogs.obj
 0002:00001f48       ??_C@_06DJHOIPC@?$CFs?3?5?$CFs?$AA@ 1001cf48     wog native dialogs.obj
 0002:00001f50       ??_C@_0M@HFKPFJGG@artslot?4pcx?$AA@ 1001cf50     wog native dialogs.obj
 0002:00001f5c       ??_C@_0N@KAILJDHD@def?4SpScrArt?$AA@ 1001cf5c     wog native dialogs.obj
 0002:00001f6c       ??_C@_0BA@CACHJGMJ@WoGTextEdit?4pcx?$AA@ 1001cf6c     wog native dialogs.obj
 0002:00001f7c       ??_C@_09EIMBAPBP@?4?2Maps?2?$CFs?$AA@ 1001cf7c     wog native dialogs.obj
 0002:00001f88       ??_C@_02MFEGOEMP@?$CFn?$AA@ 1001cf88     wog native dialogs.obj
 0002:00001f8c       ??_C@_04OMBFFHIC@?$HL?$CFs?$HN?$AA@ 1001cf8c     wog native dialogs.obj
 0002:00001f98       ??_C@_0FB@LMJNIGPL@Error?5?$CIfor?5igrik?$CJ?$CB?$CB?$CB?6?6?5Debug?6Pag@ 1001cf98     wog native dialogs.obj
 0002:00001fec       ??_C@_0P@HDPJJOMN@WoGOptions?4pcx?$AA@ 1001cfec     wog native dialogs.obj
 0002:00001ffc       ??_C@_0M@DGCKOOBG@WoGBttn?4def?$AA@ 1001cffc     wog native dialogs.obj
 0002:00002008       ??_C@_0M@FBOGBOAE@GSPBUT2?4DEF?$AA@ 1001d008     wog native dialogs.obj
 0002:00002014       ??_C@_0BB@GPEKGKKL@HD?4Version?4Dword?$AA@ 1001d014     wog native dialogs.obj
 0002:00002028       ??_C@_0O@EHOKGOGC@BattleLog?4pcx?$AA@ 1001d028     wog native dialogs.obj
 0002:00002038       ??_C@_0BL@MMODMCPC@HotA?4SwapMgrCalledFromTown?$AA@ 1001d038     wog native dialogs.obj
 0002:00002054       ??_C@_03IAIAKOHP@?$CFdk?$AA@ 1001d054     wog native dialogs.obj
 0002:00002058       ??_C@_07FBOLLOOC@?$CFdk?9?$CFdk?$AA@ 1001d058     wog native dialogs.obj
 0002:00002060       ??_C@_05BIKBEGBP@?$CFd?9?$CFd?$AA@ 1001d060     wog native dialogs.obj
 0002:00002068       ??_C@_0N@HNNBMNKA@HoMM3?5ERA?5?$CFs?$AA@ 1001d068     wog native dialogs.obj
 0002:00002078       ??_C@_0BJ@KIEKHMHA@?2zvs?2Lib1?4res?2txtres?4txt?$AA@ 1001d078     wog native dialogs.obj
 0002:00002094       ??_C@_0BD@PDOEBPIC@wnd?4fonts?4big_font?$AA@ 1001d094     wog native dialogs.obj
 0002:000020a8       ??_C@_0BD@EKBKNPIB@wnd?4fonts?4med_font?$AA@ 1001d0a8     wog native dialogs.obj
 0002:000020bc       ??_C@_0BF@IEAOALNJ@wnd?4fonts?4small_font?$AA@ 1001d0bc     wog native dialogs.obj
 0002:000020d4       ??_C@_0BF@EBIEFLBD@wnd?4dlg_crexpo?4line0?$AA@ 1001d0d4     wog native dialogs.obj
 0002:000020ec       ??_C@_0BF@FIJPGKFC@wnd?4dlg_crexpo?4line1?$AA@ 1001d0ec     wog native dialogs.obj
 0002:00002104       ??_C@_0BF@HDLCDJJB@wnd?4dlg_crexpo?4line2?$AA@ 1001d104     wog native dialogs.obj
 0002:0000211c       ??_C@_0BF@GKKJAINA@wnd?4dlg_crexpo?4line3?$AA@ 1001d11c     wog native dialogs.obj
 0002:00002134       ??_C@_0BF@CFOIJOBH@wnd?4dlg_crexpo?4line4?$AA@ 1001d134     wog native dialogs.obj
 0002:0000214c       ??_C@_0BF@DMPDKPFG@wnd?4dlg_crexpo?4line5?$AA@ 1001d14c     wog native dialogs.obj
 0002:00002164       ??_C@_0BF@BHNOPMJF@wnd?4dlg_crexpo?4line6?$AA@ 1001d164     wog native dialogs.obj
 0002:0000217c       ??_C@_0BF@OMFMNNE@wnd?4dlg_crexpo?4line7?$AA@ 1001d17c     wog native dialogs.obj
 0002:00002194       ??_C@_0BF@IJFNNBBL@wnd?4dlg_crexpo?4line8?$AA@ 1001d194     wog native dialogs.obj
 0002:000021ac       ??_C@_0BF@JAEGOAFK@wnd?4dlg_crexpo?4line9?$AA@ 1001d1ac     wog native dialogs.obj
 0002:000021c4       ??_C@_0BG@FKHLJJEB@wnd?4dlg_crexpo?4line10?$AA@ 1001d1c4     wog native dialogs.obj
 0002:000021dc       ??_C@_0BG@EDGAKIAA@wnd?4dlg_crexpo?4line11?$AA@ 1001d1dc     wog native dialogs.obj
 0002:000021f4       ??_C@_0BP@EOCIECHH@wnd?4dlg_wog_options?4intro_font?$AA@ 1001d1f4     wog native dialogs.obj
 0002:00002214       ??_C@_0BO@PPEFPAOC@wnd?4dlg_wog_options?4bttn_name?$AA@ 1001d214     wog native dialogs.obj
 0002:00002234       ??_C@_0CB@EPGBDFLB@wnd?4dlg_commander?4bttn_open_hint@ 1001d234     wog native dialogs.obj
 0002:00002258       ??_C@_0CB@HHJKNBKP@wnd?4dlg_commander?4bttn_exit_hint@ 1001d258     wog native dialogs.obj
 0002:0000227c       ??_C@_0CC@HPHIJKHC@wnd?4dlg_commander?4bttn_lvlup_hin@ 1001d27c     wog native dialogs.obj
 0002:000022a0       ??_C@_0CD@CPLKJKFP@wnd?4dlg_commander?4bttn_dismiss_r@ 1001d2a0     wog native dialogs.obj
 0002:000022c4       ??_C@_0BL@COONMGDI@wnd?4combat?4finish_question?$AA@ 1001d2c4     wog native dialogs.obj
 0002:000022e0       ??_C@_0BH@EFIKECO@wnd?4combat?4show_killed?$AA@ 1001d2e0     wog native dialogs.obj
 0002:000022f8       ??_C@_0BD@BGMEGPKP@WoG?5Native?5Dialogs?$AA@ 1001d2f8     wog native dialogs.obj
 0002:0000230b       ??_C@_00CNPNBAHC@?$AA@     1001d30b     HoMM3_GUI.obj
 0002:00002310       __real@3fe0000000000000    1001d310      CIL library: CIL module
 0002:00002318       __FPinit                   1001d318     LIBCMT:_fpinit_.obj
 0002:0000231c       __FPmtinit                 1001d31c     LIBCMT:_fpinit_.obj
 0002:00002320       __FPmtterm                 1001d320     LIBCMT:_fpinit_.obj
 0002:00002324       ??_C@_05KLBDPFGC@e?$CL000?$AA@ 1001d324     LIBCMT:cvt.obj
 0002:00002330       __real@4150017ec0000000    1001d330     LIBCMT:_testfdiv_.obj
 0002:00002338       __real@4147ffff80000000    1001d338     LIBCMT:_testfdiv_.obj
 0002:00002340       ??_C@_0BK@NHEOCAHP@IsProcessorFeaturePresent?$AA@ 1001d340     LIBCMT:_testfdiv_.obj
 0002:0000235c       ??_C@_08CPNIBGIE@KERNEL32?$AA@ 1001d35c     LIBCMT:_testfdiv_.obj
 0002:00002368       ??_C@_06IMKFLFPG@1?$CDQNAN?$AA@ 1001d368     LIBCMT:_x10fout_.obj
 0002:00002370       ??_C@_05DNEBIAHO@1?$CDINF?$AA@ 1001d370     LIBCMT:_x10fout_.obj
 0002:00002378       ??_C@_05PHHOCPM@1?$CDIND?$AA@ 1001d378     LIBCMT:_x10fout_.obj
 0002:00002380       ??_C@_06PGGFOGJG@1?$CDSNAN?$AA@ 1001d380     LIBCMT:_x10fout_.obj
 0002:00002388       __load_config_used         1001d388     LIBCMT:loadcfg.obj
 0002:00002434       ??_R4exception@std@@6B@    1001d434     LIBCMT:stdexcpt.obj
 0002:00002448       ??_R4type_info@@6B@        1001d448     LIBCMT:typinfo.obj
 0002:0000245c       ??_R3type_info@@8          1001d45c     LIBCMT:typinfo.obj
 0002:0000246c       ??_R2type_info@@8          1001d46c     LIBCMT:typinfo.obj
 0002:00002474       ??_R1A@?0A@EA@type_info@@8 1001d474     LIBCMT:typinfo.obj
 0002:00002490       ??_R4bad_alloc@std@@6B@    1001d490     wog native dialogs.obj
 0002:000024a4       ??_R3bad_alloc@std@@8      1001d4a4     wog native dialogs.obj
 0002:000024b4       ??_R2bad_alloc@std@@8      1001d4b4     wog native dialogs.obj
 0002:000024c0       ??_R1A@?0A@EA@exception@std@@8 1001d4c0     wog native dialogs.obj
 0002:000024dc       ??_R3exception@std@@8      1001d4dc     wog native dialogs.obj
 0002:000024ec       ??_R2exception@std@@8      1001d4ec     wog native dialogs.obj
 0002:000024f4       ??_R1A@?0A@EA@bad_alloc@std@@8 1001d4f4     wog native dialogs.obj
 0002:00002510       ___safe_se_handler_table   1001d510     <linker-defined>
 0002:0000251c       ___rtc_iaa                 1001d51c     LIBCMT:_initsect_.obj
 0002:00002520       ___rtc_izz                 1001d520     LIBCMT:_initsect_.obj
 0002:00002524       ___rtc_taa                 1001d524     LIBCMT:_initsect_.obj
 0002:00002528       ___rtc_tzz                 1001d528     LIBCMT:_initsect_.obj
 0002:00002904       __CT??_R0?AVexception@std@@@8??0exception@std@@QAE@ABV01@@Z12 1001d904     wog native dialogs.obj
 0002:00002920       __CT??_R0?AVbad_alloc@std@@@8??0bad_alloc@std@@QAE@ABV01@@Z12 1001d920     wog native dialogs.obj
 0002:0000293c       __CTA2?AVbad_alloc@std@@   1001d93c     wog native dialogs.obj
 0002:00002948       __TI2?AVbad_alloc@std@@    1001d948     wog native dialogs.obj
 0002:00002974       __IMPORT_DESCRIPTOR_KERNEL32 1001d974     kernel32:KERNEL32.dll
 0002:00002988       __NULL_IMPORT_DESCRIPTOR   1001d988     kernel32:KERNEL32.dll
 0003:0000000c       ??_R0?AVtype_info@@@8      1001f00c     LIBCMT:typinfo.obj
 0003:00000030       ___security_cookie         1001f030     LIBCMT:gs_cookie.obj
 0003:00000034       ___security_cookie_complement 1001f034     LIBCMT:gs_cookie.obj
 0003:000001b0       ___nullstring              1001f1b0     LIBCMT:output.obj
 0003:000001b4       ___wnullstring             1001f1b4     LIBCMT:output.obj
 0003:000001b8       __amblksiz                 1001f1b8     LIBCMT:heapinit.obj
 0003:000002f0       ___flsindex                1001f2f0     LIBCMT:tidtable.obj
 0003:000002f4       ___getvalueindex           1001f2f4     LIBCMT:tidtable.obj
 0003:000002f8       __aexit_rtn                1001f2f8     LIBCMT:crt0dat.obj
 0003:00000300       ___badioinfo               1001f300     LIBCMT:ioinit.obj
 0003:00000340       __First_FPE_Indx           1001f340     LIBCMT:winxfltr.obj
 0003:00000344       __Num_FPE                  1001f344     LIBCMT:winxfltr.obj
 0003:00000348       __XcptActTabSize           1001f348     LIBCMT:winxfltr.obj
 0003:0000034c       __XcptActTabCount          1001f34c     LIBCMT:winxfltr.obj
 0003:00000360       __iob                      1001f360     LIBCMT:_file.obj
 0003:000005e0       ___initialmbcinfo          1001f5e0     LIBCMT:mbctype.obj
 0003:00000800       __mbctype                  1001f800     LIBCMT:mbctype.obj
 0003:00000908       __mbcasemap                1001f908     LIBCMT:mbctype.obj
 0003:00000a08       ___ptmbcinfo               1001fa08     LIBCMT:mbctype.obj
 0003:00000b04       ___globallocalestatus      1001fb04     LIBCMT:glstatus.obj
 0003:00000b08       ___clocalestr              1001fb08     LIBCMT:nlsdata2.obj
 0003:00000b10       ___initiallocinfo          1001fb10     LIBCMT:nlsdata2.obj
 0003:00000be8       ___ptlocinfo               1001fbe8     LIBCMT:nlsdata2.obj
 0003:00000bec       ___lc_clike                1001fbec     LIBCMT:nlsdata2.obj
 0003:00000bf0       ___initiallocalestructinfo 1001fbf0     LIBCMT:nlsdata2.obj
 0003:00000bf8       __cfltcvt_tab              1001fbf8     LIBCMT:cmiscdat.obj
 0003:00000cd8       ___abort_behavior          1001fcd8     LIBCMT:abort.obj
 0003:00000cdc       __NLG_Destination          1001fcdc     LIBCMT:exsup.obj
 0003:00000cf0       __pctype                   1001fcf0     LIBCMT:ctype.obj
 0003:00000cf4       __pwctype                  1001fcf4     LIBCMT:ctype.obj
 0003:00000cf8       ___lc_time_c               1001fcf8     LIBCMT:strftime.obj
 0003:00000db0       ___lc_time_curr            1001fdb0     LIBCMT:strftime.obj
 0003:00000db4       ___lconv_static_decimal    1001fdb4     LIBCMT:lconv.obj
 0003:00000db8       ___lconv_c                 1001fdb8     LIBCMT:lconv.obj
 0003:00000de8       ___lconv                   1001fde8     LIBCMT:lconv.obj
 0003:00000dec       ___mb_cur_max              1001fdec     LIBCMT:nlsdata1.obj
 0003:00000df0       ___decimal_point           1001fdf0     LIBCMT:nlsdata1.obj
 0003:00000df4       ___decimal_point_length    1001fdf4     LIBCMT:nlsdata1.obj
 0003:00000e00       __coninpfh                 1001fe00     LIBCMT:initcon.obj
 0003:00000e04       __confh                    1001fe04     LIBCMT:initcon.obj
 0003:00000e10       __timezone                 1001fe10     LIBCMT:timeset.obj
 0003:00000e14       __daylight                 1001fe14     LIBCMT:timeset.obj
 0003:00000e18       __dstbias                  1001fe18     LIBCMT:timeset.obj
 0003:00000ea0       __tzname                   1001fea0     LIBCMT:timeset.obj
 0003:00000ec0       __lpdays                   1001fec0     LIBCMT:days.obj
 0003:00000ef4       __days                     1001fef4     LIBCMT:days.obj
 0003:00000f38       ?v_table_funcs@_CustomDlg_@@2PAIA 1001ff38     HoMM3_GUI.obj
 0003:00000f78       ?n_BigFont@@3PADA          1001ff78     wog native dialogs.obj
 0003:00000f7c       ?n_MedFont@@3PADA          1001ff7c     wog native dialogs.obj
 0003:00000f80       ?n_SmallFont@@3PADA        1001ff80     wog native dialogs.obj
 0003:00000f84       ?radioBttnDef@@3PADA       1001ff84     wog native dialogs.obj
 0003:00000f88       ?checkboxDef@@3PADA        1001ff88     wog native dialogs.obj
 0003:00000f8c       ?textProcD@@3PADA          1001ff8c     wog native dialogs.obj
 0003:00000f90       ?textProcS@@3PADA          1001ff90     wog native dialogs.obj
 0003:00000f94       ?npc1Def@@3PADA            1001ff94     wog native dialogs.obj
 0003:00000f98       ?npc2Def@@3PADA            1001ff98     wog native dialogs.obj
 0003:00000f9c       ?npc3Def@@3PADA            1001ff9c     wog native dialogs.obj
 0003:00000fa0       ?n_DlgExpMon@@3PADA        1001ffa0     wog native dialogs.obj
 0003:00000fa4       ??_R0?AVexception@std@@@8  1001ffa4     wog native dialogs.obj
 0003:00000fc0       ??_R0?AVbad_alloc@std@@@8  1001ffc0     wog native dialogs.obj
 0003:00000fdc       __fltused                  1001ffdc     LIBCMT:_fpinit_.obj
 0003:00000fe0       __ldused                   1001ffe0     LIBCMT:_fpinit_.obj
 0003:00001020       __pow10pos                 10020020     LIBCMT:_constpow_.obj
 0003:00001180       __pow10neg                 10020180     LIBCMT:_constpow_.obj
 0003:00001314       __aenvptr                  10020314     LIBCMT:dllcrt0.obj
 0003:00001318       __wenvptr                  10020318     LIBCMT:dllcrt0.obj
 0003:0000131c       ___error_mode              1002031c     LIBCMT:dllcrt0.obj
 0003:00001320       ___app_type                10020320     LIBCMT:dllcrt0.obj
 0003:0000164c       ___pInvalidArgHandler      1002064c     LIBCMT:invarg.obj
 0003:00001650       __crtheap                  10020650     LIBCMT:heapinit.obj
 0003:000017a8       ___sbh_pHeaderDefer        100207a8     LIBCMT:sbheap.obj
 0003:000017b4       ?_pnhHeap@@3P6AHI@ZA       100207b4     LIBCMT:handler.obj
 0003:000017b8       _gpFlsAlloc                100207b8     LIBCMT:tidtable.obj
 0003:000017bc       _gpFlsGetValue             100207bc     LIBCMT:tidtable.obj
 0003:000017c0       _gpFlsSetValue             100207c0     LIBCMT:tidtable.obj
 0003:000017c4       _gpFlsFree                 100207c4     LIBCMT:tidtable.obj
 0003:000017c8       __maxwait                  100207c8     LIBCMT:crtheap.obj
 0003:000017cc       __umaskval                 100207cc     LIBCMT:crt0dat.obj
 0003:000017d0       ___argc                    100207d0     LIBCMT:crt0dat.obj
 0003:000017d4       ___argv                    100207d4     LIBCMT:crt0dat.obj
 0003:000017d8       ___wargv                   100207d8     LIBCMT:crt0dat.obj
 0003:000017dc       __environ                  100207dc     LIBCMT:crt0dat.obj
 0003:000017e0       ___initenv                 100207e0     LIBCMT:crt0dat.obj
 0003:000017e4       __wenviron                 100207e4     LIBCMT:crt0dat.obj
 0003:000017e8       ___winitenv                100207e8     LIBCMT:crt0dat.obj
 0003:000017ec       __pgmptr                   100207ec     LIBCMT:crt0dat.obj
 0003:000017f0       __wpgmptr                  100207f0     LIBCMT:crt0dat.obj
 0003:000017f4       __exitflag                 100207f4     LIBCMT:crt0dat.obj
 0003:000017f8       __C_Termination_Done       100207f8     LIBCMT:crt0dat.obj
 0003:000017fc       __C_Exit_Done              100207fc     LIBCMT:crt0dat.obj
 0003:0000190c       ?__pInconsistency@@3P6AXXZA 1002090c     LIBCMT:hooks.obj
 0003:00001910       __cflush                   10020910     LIBCMT:_file.obj
 0003:00001918       ___mbulinfo                10020918     LIBCMT:mbctype.obj
 0003:00001924       ___mbcodepage              10020924     LIBCMT:mbctype.obj
 0003:00001928       ___ismbcodepage            10020928     LIBCMT:mbctype.obj
 0003:0000192c       ___mblcid                  1002092c     LIBCMT:mbctype.obj
 0003:00001930       ___locale_changed          10020930     LIBCMT:setlocal.obj
 0003:00001934       ___lc_handle               10020934     LIBCMT:nlsdata2.obj
 0003:0000194c       ___lc_codepage             1002094c     LIBCMT:nlsdata2.obj
 0003:00001950       ___lc_collate_cp           10020950     LIBCMT:nlsdata2.obj
 0003:00001c6c       __newmode                  10020c6c     LIBCMT:_newmode.obj
 0003:00001c88       ?pArgList@UnDecorator@@0PAVReplicator@@A 10020c88     LIBCMT:undname.obj
 0003:00001c8c       ?pZNameList@UnDecorator@@0PAVReplicator@@A 10020c8c     LIBCMT:undname.obj
 0003:00001c90       ?pTemplateArgList@UnDecorator@@0PAVReplicator@@A 10020c90     LIBCMT:undname.obj
 0003:00001c94       ?gName@UnDecorator@@0PBDB  10020c94     LIBCMT:undname.obj
 0003:00001c98       ?name@UnDecorator@@0PBDB   10020c98     LIBCMT:undname.obj
 0003:00001c9c       ?outputString@UnDecorator@@0PADA 10020c9c     LIBCMT:undname.obj
 0003:00001ca0       ?maxStringLength@UnDecorator@@0HA 10020ca0     LIBCMT:undname.obj
 0003:00001ca4       ?disableFlags@UnDecorator@@0KA 10020ca4     LIBCMT:undname.obj
 0003:00001ca8       ?m_pGetParameter@UnDecorator@@0P6APADJ@ZA 10020ca8     LIBCMT:undname.obj
 0003:00001cac       ?fExplicitTemplateParams@UnDecorator@@0_NA 10020cac     LIBCMT:undname.obj
 0003:00001cad       ?fGetTemplateArgumentList@UnDecorator@@0_NA 10020cad     LIBCMT:undname.obj
 0003:00001cd0       ___pPurecall               10020cd0     LIBCMT:inithelp.obj
 0003:00001cdc       ___lconv_static_null       10020cdc     LIBCMT:lconv.obj
 0003:00001ce0       __stdbuf                   10020ce0     LIBCMT:_sftbuf.obj
 0003:00001db8       ?json_Combat@@3PAPADA      10020db8     wog native dialogs.obj
 0003:00001dc0       ?myString2@@3PADA          10020dc0     wog native dialogs.obj
 0003:000021c0       ?NPC_Def@@3PAU_DlgStaticDef_@@A 100211c0     wog native dialogs.obj
 0003:000021c4       ?json_WoGOpt@@3PAPADA      100211c4     wog native dialogs.obj
 0003:000021cc       ?smalfont2@@3PAU_Fnt_@@A   100211cc     wog native dialogs.obj
 0003:000021d0       ?saveManaHero@@3PAY01HA    100211d0     wog native dialogs.obj
 0003:000021e0       ?dlgHeroLvlUp_heroID@@3IA  100211e0     wog native dialogs.obj
 0003:000021e4       ?_PI@@3PAVPatcherInstance@@A 100211e4     wog native dialogs.obj
 0003:000021e8       ?myString1@@3PADA          100211e8     wog native dialogs.obj
 0003:000025e8       ?inTownDlg@@3_NA           100215e8     wog native dialogs.obj
 0003:000025ec       ?_P@@3PAVPatcher@@A        100215ec     wog native dialogs.obj
 0003:000025f0       ?time_click_MsgBox@@3IA    100215f0     wog native dialogs.obj
 0003:000025f4       ?isNeedRestore@@3HA        100215f4     wog native dialogs.obj
 0003:000025f8       ?json_CrExpo@@3PAPADA      100215f8     wog native dialogs.obj
 0003:00002628       ?json_Npc@@3PAPADA         10021628     wog native dialogs.obj
 0003:00002638       ?damLo@@3HA                10021638     wog native dialogs.obj
 0003:0000263c       ?medfont2@@3PAU_Fnt_@@A    1002163c     wog native dialogs.obj
 0003:00002640       ?QuickBattle_SAVE@@3HA     10021640     wog native dialogs.obj
 0003:00002644       ?o_ScrollItems@@3PAU_ScrollItems_@@A 10021644     wog native dialogs.obj
 0003:00002648       ?timeClickAvtoSolo@@3HA    10021648     wog native dialogs.obj
 0003:0000264c       ?HD_Version@@3HA           1002164c     wog native dialogs.obj
 0003:00002650       ?saveCursor@@3PAHA         10021650     wog native dialogs.obj
 0003:0000265c       ?time_click@@3HA           1002165c     wog native dialogs.obj
 0003:00002660       ?hAngel@Era@@3PAUHINSTANCE__@@A 10021660     wog native dialogs.obj
 0003:00002664       ?hEra@Era@@3PAUHINSTANCE__@@A 10021664     wog native dialogs.obj
 0003:00002668       ?txtresWOG@@3PAU_TXT_@@A   10021668     wog native dialogs.obj
 0003:0000266c       ?damHi@@3HA                1002166c     wog native dialogs.obj
 0003:00002670       ?myString3@@3PADA          10021670     wog native dialogs.obj
 0003:00002a70       ?bigfont2@@3PAU_Fnt_@@A    10021a70     wog native dialogs.obj
 0003:00002a74       ?EventParams@Era@@3PAY0BA@HA 10021a74     wog native dialogs.obj
 0003:00002a78       ?ApiHook@Era@@3P6GPAXPAXH0@ZA 10021a78     wog native dialogs.obj
 0003:00002a7c       ?ClearAllIniCache@Era@@3P6GXXZA 10021a7c     wog native dialogs.obj
 0003:00002a80       ?ClearIniCache@Era@@3P6GXPBD@ZA 10021a80     wog native dialogs.obj
 0003:00002a84       ?ExecErmCmd@Era@@3P6GXPBD@ZA 10021a84     wog native dialogs.obj
 0003:00002a88       ?ExtractErm@Era@@3P6GXXZA  10021a88     wog native dialogs.obj
 0003:00002a8c       ?FatalError@Era@@3P6GXPBD@ZA 10021a8c     wog native dialogs.obj
 0003:00002a90       ?FireErmEvent@Era@@3P6GXH@ZA 10021a90     wog native dialogs.obj
 0003:00002a94       ?FireEvent@Era@@3P6GXPBDPAXH@ZA 10021a94     wog native dialogs.obj
 0003:00002a98       ?GetButtonID@Era@@3P6GHPBD@ZA 10021a98     wog native dialogs.obj
 0003:00002a9c       ?GetEraVersion@Era@@3P6GPBDXZA 10021a9c     wog native dialogs.obj
 0003:00002aa0       ?GetVersionNum@Era@@3P6GHXZA 10021aa0     wog native dialogs.obj
 0003:00002aa4       ?GetGameState@Era@@3P6GXPAUTGameState@1@@ZA 10021aa4     wog native dialogs.obj
 0003:00002aa8       ?GetRealAddr@Era@@3P6GPAXPAX@ZA 10021aa8     wog native dialogs.obj
 0003:00002aac       ?GlobalRedirectFile@Era@@3P6GXXZA 10021aac     wog native dialogs.obj
 0003:00002ab0       ?Hook@Era@@3P6GPAXPAXHH0@ZA 10021ab0     wog native dialogs.obj
 0003:00002ab4       ?HookCode@Era@@3P6GPAXPAXP6GHPAUTHookContext@1@@ZPAPAX@ZA 10021ab4     wog native dialogs.obj
 0003:00002ab8       ?LoadImageAsPcx16@Era@@3P6GPAXPBD0HHHHH@ZA 10021ab8     wog native dialogs.obj
 0003:00002abc       ?LoadTxt@Era@@3P6GPAXPBD@ZA 10021abc     wog native dialogs.obj
 0003:00002ac0       ?MemFree@Era@@3P6GXPBX@ZA  10021ac0     wog native dialogs.obj
 0003:00002ac4       ?NameColor@Era@@3P6GXHPBD@ZA 10021ac4     wog native dialogs.obj
 0003:00002ac8       ?NotifyError@Era@@3P6GXPBD@ZA 10021ac8     wog native dialogs.obj
 0003:00002acc       ?PatchExists@Era@@3P6G_NPBD@ZA 10021acc     wog native dialogs.obj
 0003:00002ad0       ?PluginExists@Era@@3P6G_NPBD@ZA 10021ad0     wog native dialogs.obj
 0003:00002ad4       ?ReadSavegameSection@Era@@3P6GHHPAXPBD@ZA 10021ad4     wog native dialogs.obj
 0003:00002ad8       ?ReadStrFromIni@Era@@3P6G_NPBD00PAD@ZA 10021ad8     wog native dialogs.obj
 0003:00002adc       ?RecallAPI@Era@@3P6GHPAUTHookContext@1@H@ZA 10021adc     wog native dialogs.obj
 0003:00002ae0       ?RedirectFile@Era@@3P6GXXZA 10021ae0     wog native dialogs.obj
 0003:00002ae4       ?RedirectMemoryBlock@Era@@3P6GXPAXH0@ZA 10021ae4     wog native dialogs.obj
 0003:00002ae8       ?RegisterHandler@Era@@3P6GXP6GXPAUTEvent@1@@ZPBD@ZA 10021ae8     wog native dialogs.obj
 0003:00002aec       ?ReloadErm@Era@@3P6GXXZA   10021aec     wog native dialogs.obj
 0003:00002af0       ?ReportPluginVersion@Era@@3P6GXPBD@ZA 10021af0     wog native dialogs.obj
 0003:00002af4       ?RestoreEventParams@Era@@3P6GXXZA 10021af4     wog native dialogs.obj
 0003:00002af8       ?SaveEventParams@Era@@3P6GXXZA 10021af8     wog native dialogs.obj
 0003:00002afc       ?SaveIni@Era@@3P6G_NPBD@ZA 10021afc     wog native dialogs.obj
 0003:00002b00       ?Splice@Era@@3P6GPAXPAX0HHPAHPAPAX@ZA 10021b00     wog native dialogs.obj
 0003:00002b04       ?_tr@Era@@3P6GPADPBDPAPBDH@ZA 10021b04     wog native dialogs.obj
 0003:00002b08       ?WriteAtCode@Era@@3P6GXHPAX0@ZA 10021b08     wog native dialogs.obj
 0003:00002b0c       ?WriteSavegameSection@Era@@3P6GXHPAXPBD@ZA 10021b0c     wog native dialogs.obj
 0003:00002b10       ?WriteStrToIni@Era@@3P6G_NPBD000@ZA 10021b10     wog native dialogs.obj
 0003:00002b14       ?NPC_StatBar@@3PAU_DlgStaticTextPcx8ed_@@A 10021b14     wog native dialogs.obj
 0003:00002b18       ?str_num_hook@@3HA         10021b18     wog native dialogs.obj
 0003:00002b1c       ?BanDlg_CustomReq_EnterText@@3HA 10021b1c     wog native dialogs.obj
 0003:00002b20       ?o_Sphinx1@@3PAU_Sphinx1_@@A 10021b20     wog native dialogs.obj
 0003:00002b24       ?Dlg_CustomReq_Ban@@3HA    10021b24     wog native dialogs.obj
 0003:00002b28       ?statbarWoGOptions@@3PAU_DlgStaticTextPcx8ed_@@A 10021b28     wog native dialogs.obj
 0003:00002b2c       ?apdFont@@3HA              10021b2c     wog native dialogs.obj
 0003:00002b30       ?calls_count@?1??GetPatcher@@YAPAVPatcher@@XZ@4HA 10021b30     wog native dialogs.obj
 0003:00002b38       ___fastflag                10021b38     LIBCMT:_fpinit_.obj
 0003:00002b3c       __adjust_fdiv              10021b3c     LIBCMT:_fpinit_.obj
 0003:00002b40       __outputformat             10021b40     LIBCMT:outputformat.obj
 0003:00002b44       ___piob                    10021b44     <common>
 0003:00002b60       __bufin                    10021b60     <common>
 0003:00003b60       __nstream                  10022b60     <common>
 0003:00003b64       ___sse2_available          10022b64     <common>
 0003:00003b68       __debugger_hook_dummy      10022b68     <common>
 0003:00003b6c       __nhandle                  10022b6c     <common>
 0003:00003b80       ___pioinfo                 10022b80     <common>
 0003:00003c80       ___env_initialized         10022c80     <common>
 0003:00003c84       ___onexitend               10022c84     <common>
 0003:00003c88       ___onexitbegin             10022c88     <common>
 0003:00003c8c       ___mbctype_initialized     10022c8c     <common>
 0003:00003c90       ___dyn_tls_init_callback   10022c90     <common>
 0003:00003c94       ___sbh_cntHeaderList       10022c94     <common>
 0003:00003c98       ___sbh_pHeaderList         10022c98     <common>
 0003:00003c9c       ___sbh_threshold           10022c9c     <common>
 0003:00003ca0       ___sbh_pHeaderScan         10022ca0     <common>
 0003:00003ca4       ___sbh_sizeHeaderList      10022ca4     <common>
 0003:00003ca8       ___sbh_indGroupDefer       10022ca8     <common>
 0003:00003cac       ___active_heap             10022cac     <common>
 0003:00003cb0       __acmdln                   10022cb0     <common>

 entry point at        0001:0000da18

 Static symbols

 0001:0000d922       ___DllMainCRTStartup       1000e922 f   LIBCMT:dllcrt0.obj
 0001:0000e368       _write_char                1000f368 f   LIBCMT:output.obj
 0001:0000e39b       _write_multi_char          1000f39b f   LIBCMT:output.obj
 0001:0000e3c1       _write_string              1000f3c1 f   LIBCMT:output.obj
 0001:00010518       __onexit_nolock            10011518 f   LIBCMT:onexit.obj
 0001:00010e25       __initterm                 10011e25 f   LIBCMT:crt0dat.obj
 0001:00010eeb       _doexit                    10011eeb f   LIBCMT:crt0dat.obj
 0001:0001140a       _parse_cmdline             1001240a f   LIBCMT:stdargv.obj
 0001:00011af4       _fastcopy_I                10012af4 f   LIBCMT:p4_memcpy.obj
 0001:00011c5e       _has_osfxsr_set            10012c5e f   LIBCMT:cpu_disp.obj
 0001:0001295e       ?CPtoLCID@@YAHH@Z          1001395e f   LIBCMT:mbctype.obj
 0001:0001298d       ?setSBCS@@YAXPAUthreadmbcinfostruct@@@Z 1001398d f   LIBCMT:mbctype.obj
 0001:000129f1       ?setSBUpLow@@YAXPAUthreadmbcinfostruct@@@Z 100139f1 f   LIBCMT:mbctype.obj
 0001:00012c28       ?getSystemCP@@YAHH@Z       10013c28 f   LIBCMT:mbctype.obj
 0001:000132b2       __updatetlocinfoEx_nolock  100142b2 f   LIBCMT:setlocal.obj
 0001:000138f8       __unwind_handler4          100148f8 f   LIBCMT:exsup4.obj
 0001:00013b0d       _fastzero_I                10014b0d f   LIBCMT:p4_memset.obj
 0001:00013fed       _siglookup                 10014fed f   LIBCMT:winsig.obj
 0001:000141ff       ?x_ismbbtype_l@@YAHPAUlocaleinfo_struct@@IHH@Z 100151ff f   LIBCMT:ismbbyte.obj
 0001:000143a4       __unwind_handler           100153a4 f   LIBCMT:exsup.obj
 0001:000149fa       _flsall                    100159fa f   LIBCMT:fflush.obj
 0001:00014afd       ?__crtLCMapStringA_stat@@YAHPAUlocaleinfo_struct@@KKPBDHPADHHH@Z 10015afd f   LIBCMT:a_map.obj
 0001:00014ee7       ?__crtGetStringTypeA_stat@@YAHPAUlocaleinfo_struct@@KPBDHPAGHHH@Z 10015ee7 f   LIBCMT:a_str.obj
 0001:00015509       ?strtoxl@@YAKPAUlocaleinfo_struct@@PBDPAPBDHH@Z 10016509 f   LIBCMT:strtol.obj
 0001:000165b8       __shift                    100175b8 f   LIBCMT:cvt.obj
 0001:000165fd       __cftoe2_l                 100175fd f   LIBCMT:cvt.obj
 0001:00016bcf       __cftof2_l                 10017bcf f   LIBCMT:cvt.obj
 0001:00018f5f       __hw_cw                    10019f5f f   LIBCMT:_ieee87_.obj
 0001:00018fed       ___hw_cw_sse2              10019fed f   LIBCMT:_ieee87_.obj
 0001:000195e0       ??__Fnomem@?5???2@YAPAXI@Z@YAXXZ 1001a5e0 f   LIBCMT:new.obj
