 wog native dialogs

 Timestamp is 6196773c (Thu Nov 18 18:54:36 2021)

 Preferred load address is 10000000

 Start         Length     Name                   Class
 0001:00000000 00022d8cH .text                   CODE
 0001:00022d90 000008c1H .text$x                 CODE
 0001:00023651 00000014H .text$yd                CODE
 0002:00000000 0000013cH .idata$5                DATA
 0002:0000013c 00000004H .CRT$XCA                DATA
 0002:00000140 00000004H .CRT$XCZ                DATA
 0002:00000144 00000004H .CRT$XIA                DATA
 0002:00000148 00000010H .CRT$XIC                DATA
 0002:00000158 00000004H .CRT$XIZ                DATA
 0002:0000015c 00000004H .CRT$XPA                DATA
 0002:00000160 00000004H .CRT$XPX                DATA
 0002:00000164 00000004H .CRT$XPXA               DATA
 0002:00000168 00000004H .CRT$XPZ                DATA
 0002:0000016c 00000004H .CRT$XTA                DATA
 0002:00000170 00000004H .CRT$XTZ                DATA
 0002:00000180 00002678H .rdata                  DATA
 0002:000027f8 00000067H .rdata$debug            DATA
 0002:00002860 00000214H .rdata$r                DATA
 0002:00002a80 000000a4H .rdata$sxdata           DATA
 0002:00002b24 00000004H .rtc$IAA                DATA
 0002:00002b28 00000004H .rtc$IZZ                DATA
 0002:00002b2c 00000004H .rtc$TAA                DATA
 0002:00002b30 00000004H .rtc$TZZ                DATA
 0002:00002b38 00000e8cH .xdata$x                DATA
 0002:000039c4 00000028H .idata$2                DATA
 0002:000039ec 00000014H .idata$3                DATA
 0002:00003a00 0000013cH .idata$4                DATA
 0002:00003b3c 0000059cH .idata$6                DATA
 0002:000040e0 0000005eH .edata                  DATA
 0003:00000000 00001398H .data                   DATA
 0003:000013a0 000039b8H .bss                    DATA

  Address         Publics by Value              Rva+Base       Lib:Object

 0000:00000000       __except_list              00000000     <absolute>
 0000:00000029       ___safe_se_handler_count   00000029     <absolute>
 0000:00000000       ___ImageBase               10000000     <linker-defined>
 0001:00000000       ?WriteCodePatch@PatcherInstance@@QAAPAVPatch@@IPADZZ 10001000 f i wog native dialogs.obj
 0001:00000020       ??1bad_alloc@std@@UAE@XZ   10001020 f i wog native dialogs.obj
 0001:00000030       ??_Gbad_alloc@std@@UAEPAXI@Z 10001030 f i wog native dialogs.obj
 0001:00000030       ??_Ebad_alloc@std@@UAEPAXI@Z 10001030 f i  CIL library: CIL module
 0001:00000060       ??3@YAXPAX0@Z              10001060 f i wog native dialogs.obj
 0001:00000070       ?compare@?$char_traits@D@std@@SAHPBD0I@Z 10001070 f i wog native dialogs.obj
 0001:000000f0       ??0logic_error@std@@QAE@ABV?$basic_string@DU?$char_traits@D@std@@V?$allocator@D@2@@1@@Z 100010f0 f i wog native dialogs.obj
 0001:00000160       ?what@logic_error@std@@UBEPBDXZ 10001160 f i wog native dialogs.obj
 0001:00000170       ??0length_error@std@@QAE@ABV?$basic_string@DU?$char_traits@D@std@@V?$allocator@D@2@@1@@Z 10001170 f i wog native dialogs.obj
 0001:00000190       ??1length_error@std@@UAE@XZ 10001190 f i wog native dialogs.obj
 0001:00000190       ??1logic_error@std@@UAE@XZ 10001190 f i wog native dialogs.obj
 0001:000001d0       ??_Glength_error@std@@UAEPAXI@Z 100011d0 f i wog native dialogs.obj
 0001:000001d0       ??_Elogic_error@std@@UAEPAXI@Z 100011d0 f i  CIL library: CIL module
 0001:000001d0       ??_Glogic_error@std@@UAEPAXI@Z 100011d0 f i wog native dialogs.obj
 0001:000001d0       ??_Elength_error@std@@UAEPAXI@Z 100011d0 f i  CIL library: CIL module
 0001:00000220       ??0logic_error@std@@QAE@ABV01@@Z 10001220 f i wog native dialogs.obj
 0001:000002a0       ?Redraw@_Dlg_@@QAEXH@Z     100012a0 f i wog native dialogs.obj
 0001:000002c0       ?AddItem@_Dlg_@@QAEXPAU_DlgItem_@@@Z 100012c0 f i wog native dialogs.obj
 0001:000002f0       ?Create@_DlgStaticPcx8_@@SAPAU1@HHHHHPAD@Z 100012f0 f i wog native dialogs.obj
 0001:00000330       ?Create@_DlgStaticPcx8_@@SAPAU1@HHHPAD@Z 10001330 f i wog native dialogs.obj
 0001:00000380       ?Create@_DlgStaticDef_@@SAPAU1@HHHPADHHH@Z 10001380 f i wog native dialogs.obj
 0001:000003e0       ?Create@_DlgStaticPcx16_@@SAPAU1@HHHHHPADI@Z 100013e0 f i wog native dialogs.obj
 0001:00000420       ?Create@_DlgButton_@@SAPAU1@HHHPADHHHH@Z 10001420 f i wog native dialogs.obj
 0001:00000470       ?Create@_DlgTextButton_@@SAPAU1@HHHPAD00HHHHH@Z 10001470 f i wog native dialogs.obj
 0001:000004d0       ?b_MsgBox@@YAHPADH@Z       100014d0 f i wog native dialogs.obj
 0001:00000500       ?b_MsgBoxD@@YAHPADHHH@Z    10001500 f i wog native dialogs.obj
 0001:00000540       ?GetHero@_GameMgr_@@QAEPAU_Hero_@@H@Z 10001540 f i wog native dialogs.obj
 0001:00000560       ?Get_ITxtExp@@YAPADH@Z     10001560 f i wog native dialogs.obj
 0001:00000580       ?Y_Mouse_SetCursor@@YAXH@Z 10001580 f   wog native dialogs.obj
 0001:00000610       ?Set_DlgBackground_RK@@YAHPAU_Dlg_@@HH@Z 10001610 f   wog native dialogs.obj
 0001:00000bc0       ?b_MsgBoxAndDef@@YAXPADH0@Z 10001bc0 f   wog native dialogs.obj
 0001:00000df0       ?b_MsgBoxAndPcx8@@YAXPAD0H@Z 10001df0 f   wog native dialogs.obj
 0001:00001170       ?b_MsgBoxBig@@YAXPADD@Z    10002170 f   wog native dialogs.obj
 0001:000012b0       ?Y_MsgBoxAndAnimatedDef_Proc@@YGHPAV_CustomDlg_@@PAU_DlgMsg_@@@Z 100022b0 f   wog native dialogs.obj
 0001:00001330       ?b_MsgBoxAndAnimatedDef@@YAXPAD0@Z 10002330 f   wog native dialogs.obj
 0001:000016a0       ?e_ClickSound@@YAXXZ       100026a0 f i wog native dialogs.obj
 0001:000016f0       ?ConnectEra@Era@@YAXXZ     100026f0 f   wog native dialogs.obj
 0001:00001a30       ?F_MsgBox_OnlyTwoFirstItemsExist@@YAHPAU_Dlg_@@@Z 10002a30 f   wog native dialogs.obj
 0001:00001a80       ?F_MsgBox_ResetYellowFrames@@YAHPAU_Dlg_@@H@Z 10002a80 f   wog native dialogs.obj
 0001:00001ad0       ?F_MsgBox_Return@@YAHPAU_DlgMsg_@@H@Z 10002ad0 f   wog native dialogs.obj
 0001:00001b00       ?Y_New_MsgBox_GetNextItem@@YAHHH@Z 10002b00 f   wog native dialogs.obj
 0001:00001c30       ?Y_New_MsgBox_Proc@@YGHPAVHiHook@@PAU_DlgMsg_@@@Z 10002c30 f   wog native dialogs.obj
 0001:00001eb0       ?Y_New_MsgBox_SetDefaultFrameEnabled@@YGHPAVLoHook@@PAUHookContext@@@Z 10002eb0 f   wog native dialogs.obj
 0001:00001f60       ?Y_New_MsgBox_GetBitMask@@YGHPAVHiHook@@PAU_GameMgr_@@@Z 10002f60 f   wog native dialogs.obj
 0001:00001fd0       ?Dlg_MsgBox@@YAXPAVPatcherInstance@@@Z 10002fd0 f   wog native dialogs.obj
 0001:00002060       ?Y_Dlg_WoGMessage@@YGHPAVHiHook@@PAD1111@Z 10003060 f   wog native dialogs.obj
 0001:00002220       ?Y_WoG_PicDlg_Pcx8@@YGXPAVHiHook@@PAD1@Z 10003220 f   wog native dialogs.obj
 0001:000024c0       ?Y_WoG_PicDlg_Def@@YGXPAVHiHook@@PAD1@Z 100034c0 f   wog native dialogs.obj
 0001:00002760       ?Dlg_WoGMessageBox@@YAXPAVPatcherInstance@@@Z 10003760 f   wog native dialogs.obj
 0001:000027c0       ?Dlg_ChangeBmp@@YAXPAVPatcherInstance@@@Z 100037c0 f   wog native dialogs.obj
 0001:000035d0       ?Y_New_CommanderDlg_Proc@@YGHPAV_CustomDlg_@@PAU_DlgMsg_@@@Z 100045d0 f   wog native dialogs.obj
 0001:00003d60       ?Y_Dlg_NPC_Show@@YGHPAVHiHook@@PAU_DlgNPC_@@@Z 10004d60 f   wog native dialogs.obj
 0001:00005460       ?Y_Dlg_NPC_Prepare@@YGXPAVHiHook@@PAU_Npc_@@HHH@Z 10006460 f   wog native dialogs.obj
 0001:000054a0       ?Y_Dlg_NPC_ShowAgain_IfGetArtHero@@YGHPAVLoHook@@PAUHookContext@@@Z 100064a0 f   wog native dialogs.obj
 0001:000054c0       ?Y_HeroDlg_Create@@YGPAV_CustomDlg_@@PAVHiHook@@PAV1@@Z 100064c0 f   wog native dialogs.obj
 0001:00005520       ?Y_HeroDlg_Proc@@YGHPAVHiHook@@PAV_CustomDlg_@@PAU_DlgMsg_@@@Z 10006520 f   wog native dialogs.obj
 0001:00005790       ?Dlg_NPC@@YAXPAVPatcherInstance@@@Z 10006790 f   wog native dialogs.obj
 0001:00005820       ?New_Dlg_ExpaMon_Case8@@YAHH@Z 10006820 f   wog native dialogs.obj
 0001:00006180       ?New_Dlg_ExpaMon_BannerDlg_Proc@@YGHPAV_CustomDlg_@@PAU_DlgMsg_@@@Z 10007180 f   wog native dialogs.obj
 0001:00006250       ?New_Dlg_ExpaMon_BannerDlg@@YAHXZ 10007250 f   wog native dialogs.obj
 0001:00006650       ?New_Dlg_ExpaMon_Proc@@YGHPAV_CustomDlg_@@PAU_DlgMsg_@@@Z 10007650 f   wog native dialogs.obj
 0001:00006a70       ?Y_NewDlg_CreatureExpo@@YGHPAVHiHook@@PAU_CreatureExpo_@@@Z 10007a70 f   wog native dialogs.obj
 0001:00007640       ?Y_WoGCurseDlg_Proc@@YGHPAV_CustomDlg_@@PAU_DlgMsg_@@@Z 10008640 f   wog native dialogs.obj
 0001:00007740       ?Y_WoGCurseDlg_Show@@YGHPAVLoHook@@PAUHookContext@@@Z 10008740 f   wog native dialogs.obj
 0001:00007ae0       ?Y_WoGDlg_ChooseArt_Proc@@YGHPAV_CustomDlg_@@PAU_DlgMsg_@@@Z 10008ae0 f   wog native dialogs.obj
 0001:00007dd0       ?Y_WoGDlg_ChooseArt@@YGHPAVHiHook@@HPAU_Hero_@@H@Z 10008dd0 f   wog native dialogs.obj
 0001:00008450       ?WoG_PlaceCreature_RMC_Crtl@@YGHPAVLoHook@@PAUHookContext@@@Z 10009450 f   wog native dialogs.obj
 0001:00008480       _UseWin32InputControl      10009480 f   wog native dialogs.obj
 0001:000084a0       ?IsSupportedFormatImage@@YAHPAD@Z 100094a0 f   wog native dialogs.obj
 0001:00008780       ?New_Dlg_CustomReq_Proc@@YGHPAV_CustomDlg_@@PAU_DlgMsg_@@@Z 10009780 f   wog native dialogs.obj
 0001:00008940       ?New_Dlg_CustomReq@@YAHPAU_Sphinx1_@@@Z 10009940 f   wog native dialogs.obj
 0001:00009ba0       ?Y_Dlg_CustomReq@@YGHPAVHiHook@@HHPAPAD@Z 1000aba0 f   wog native dialogs.obj
 0001:00009e70       ?Y_WoGDlg_SphinxReq@@YGHPAVHiHook@@H@Z 1000ae70 f   wog native dialogs.obj
 0001:0000a000       ?Y_Dlg_QuickDialog@@YGHPAVHiHook@@PAU_Sphinx1_@@@Z 1000b000 f   wog native dialogs.obj
 0001:0000a090       ?Y_Dlg_CustomPic@@YGHPAVHiHook@@HH@Z 1000b090 f   wog native dialogs.obj
 0001:0000a3f0       ?Dlg_Sphinx@@YAXPAVPatcherInstance@@@Z 1000b3f0 f   wog native dialogs.obj
 0001:0000a4b0       ?New_Dlg_IF_G_Proc@@YGHPAV_CustomDlg_@@PAU_DlgMsg_@@@Z 1000b4b0 f   wog native dialogs.obj
 0001:0000a5d0       ?New_Dlg_IF_G@@YAHPAU_CheckBoxes_@@@Z 1000b5d0 f   wog native dialogs.obj
 0001:0000aa20       ?New_Dlg_IF_G_Lo@@YGHPAVLoHook@@PAUHookContext@@@Z 1000ba20 f   wog native dialogs.obj
 0001:0000aa80       ?Dlg_IFG@@YAXPAVPatcherInstance@@@Z 1000ba80 f   wog native dialogs.obj
 0001:0000aad0       ?Dlg_ChooseMonAttack_Proc@@YGHPAV_CustomDlg_@@PAU_DlgMsg_@@@Z 1000bad0 f   wog native dialogs.obj
 0001:0000ab10       ?Dlg_ChooseMonAttack@@YGHPAVHiHook@@HHH@Z 1000bb10 f   wog native dialogs.obj
 0001:0000adf0       ?Y_NewScenarioDlg_SetScrolledShoose@@YAHPAU_NewScenarioDlg_@@PAU_DlgMsg_@@@Z 1000bdf0 f   wog native dialogs.obj
 0001:0000ae80       ?Redraw_WoGDlgSetup_ElemOnPage@@YAHPAV_CustomDlg_@@PAU_DlgSetup_@@H@Z 1000be80 f   wog native dialogs.obj
 0001:0000b070       ?ShowHide_WoGDlgSetup_ElemOnPage@@YAHPAV_CustomDlg_@@HPAU_DlgSetup_@@H@Z 1000c070 f   wog native dialogs.obj
 0001:0000b260       ?Create_WoGDlgSetup_ElemOnPage@@YAHPAV_CustomDlg_@@HPAU_DlgSetup_@@@Z 1000c260 f   wog native dialogs.obj
 0001:0000b650       ?setYellowFrames@@YAXPAV_CustomDlg_@@H@Z 1000c650 f   wog native dialogs.obj
 0001:0000c1b0       ?Dlg_WoG_Options_Proc@@YGHPAV_CustomDlg_@@PAU_DlgMsg_@@@Z 1000d1b0 f   wog native dialogs.obj
 0001:0000c900       ?Dlg_WoG_Options_Show@@YGXPAVHiHook@@H@Z 1000d900 f   wog native dialogs.obj
 0001:0000ce50       ?Y_NewScenarioDlg_Proc@@YGHPAVHiHook@@PAU_NewScenarioDlg_@@PAU_DlgMsg_@@@Z 1000de50 f   wog native dialogs.obj
 0001:0000cee0       ?Y_NewScenarioDlg_BlockScrollBar@@YGHPAVHiHook@@PAX@Z 1000dee0 f   wog native dialogs.obj
 0001:0000cf10       ?Y_NewScenarioDlg_Create@@YGXPAVHiHook@@PAU_NewScenarioDlg_@@H@Z 1000df10 f   wog native dialogs.obj
 0001:0000cf70       ?Dlg_WoGOptions@@YAXPAVPatcherInstance@@@Z 1000df70 f   wog native dialogs.obj
 0001:0000d020       ?WOG_ProcessAll@@YGXPAVHiHook@@@Z 1000e020 f   wog native dialogs.obj
 0001:0000d300       ?Dlg_SaveDatFile1@@YGHPAVLoHook@@PAUHookContext@@@Z 1000e300 f   wog native dialogs.obj
 0001:0000d390       ?Dlg_LoadDatFile1@@YGHPAVLoHook@@PAUHookContext@@@Z 1000e390 f   wog native dialogs.obj
 0001:0000d420       ?WoGOptionsStrings@@YAXPAVPatcherInstance@@@Z 1000e420 f   wog native dialogs.obj
 0001:0000d480       ?Dlg_ChooseCastleReBuild_Proc@@YGHPAV_CustomDlg_@@PAU_DlgMsg_@@@Z 1000e480 f   wog native dialogs.obj
 0001:0000d5d0       ?Dlg_ChooseCastleReBuild@@YAHXZ 1000e5d0 f   wog native dialogs.obj
 0001:0000db90       ?HiHook_Dlg_ChooseCastleReBuild@@YGHPAVHiHook@@@Z 1000eb90 f   wog native dialogs.obj
 0001:0000dba0       ?LoHook_Dlg_ChooseCastleReBuild@@YGHPAVLoHook@@PAUHookContext@@@Z 1000eba0 f   wog native dialogs.obj
 0001:0000dbd0       ?Y_Dlg_HeroLvlUp_Proc@@YGHPAVHiHook@@HPAU_DlgMsg_@@@Z 1000ebd0 f   wog native dialogs.obj
 0001:0000dcc0       ?Y_Lo_Dlg_HeroLvlUp_Create@@YGHPAVLoHook@@PAUHookContext@@@Z 1000ecc0 f   wog native dialogs.obj
 0001:0000dce0       ?Y_BATTLE_Proc@@YGHPAVHiHook@@PAU_BattleMgr_@@PAU_DlgMsg_@@@Z 1000ece0 f   wog native dialogs.obj
 0001:0000de30       ?Y_EndBattle@@YGHPAVLoHook@@PAUHookContext@@@Z 1000ee30 f   wog native dialogs.obj
 0001:0000dee0       ?StartHD5Functions@@YAXXZ  1000eee0 f   wog native dialogs.obj
 0001:0000df50       ?HD5_Functions@@YAXPAVPatcherInstance@@@Z 1000ef50 f   wog native dialogs.obj
 0001:0000dfa0       ?NewBattleLogDlg_Proc@@YGHPAV_CustomDlg_@@PAU_DlgMsg_@@@Z 1000efa0 f   wog native dialogs.obj
 0001:0000dfe0       ?CreateNewBattleLogDlg@@YAXPAU_BattleMgr_@@@Z 1000efe0 f   wog native dialogs.obj
 0001:0000e510       ?BattleLog_Proc@@YGHPAVHiHook@@PAU_BattleMgr_@@PAU_DlgMsg_@@@Z 1000f510 f   wog native dialogs.obj
 0001:0000e570       ?BattleLog_ReportNewRound@@YGXPAVHiHook@@IPBDHD@Z 1000f570 f   wog native dialogs.obj
 0001:0000e5c0       ?expandFilePath@fsman@@YA?AV?$basic_string@DU?$char_traits@D@std@@V?$allocator@D@2@@std@@ABV23@@Z 1000f5c0 f   wog native dialogs.obj
 0001:0000e810       ?isAbsPath@fsman@@YA_NABV?$basic_string@DU?$char_traits@D@std@@V?$allocator@D@2@@std@@@Z 1000f810 f   wog native dialogs.obj
 0001:0000e870       ?compareCaseInsensitively@fsman@@YA_NABV?$basic_string@DU?$char_traits@D@std@@V?$allocator@D@2@@std@@0@Z 1000f870 f   wog native dialogs.obj
 0001:0000e950       ?sortCaseInsensitively@fsman@@YAXAAV?$vector@V?$basic_string@DU?$char_traits@D@std@@V?$allocator@D@2@@std@@V?$allocator@V?$basic_string@DU?$char_traits@D@std@@V?$allocator@D@2@@std@@@2@@std@@@Z 1000f950 f   wog native dialogs.obj
 0001:0000e9b0       ??0FsMan@fsman@@QAE@ABV?$basic_string@DU?$char_traits@D@std@@V?$allocator@D@2@@std@@@Z 1000f9b0 f   wog native dialogs.obj
 0001:0000ea40       ?expandFilePath@FsMan@fsman@@QAE?AV?$basic_string@DU?$char_traits@D@std@@V?$allocator@D@2@@std@@ABV34@@Z 1000fa40 f   wog native dialogs.obj
 0001:0000eb40       ?changeDirectory@FsMan@fsman@@QAE_NABV?$basic_string@DU?$char_traits@D@std@@V?$allocator@D@2@@std@@@Z 1000fb40 f   wog native dialogs.obj
 0001:0000ec00       ?listDirectories@FsMan@fsman@@QAE?AV?$vector@V?$basic_string@DU?$char_traits@D@std@@V?$allocator@D@2@@std@@V?$allocator@V?$basic_string@DU?$char_traits@D@std@@V?$allocator@D@2@@std@@@2@@std@@XZ 1000fc00 f   wog native dialogs.obj
 0001:0000efb0       ?listFiles@FsMan@fsman@@QAE?AV?$vector@V?$basic_string@DU?$char_traits@D@std@@V?$allocator@D@2@@std@@V?$allocator@V?$basic_string@DU?$char_traits@D@std@@V?$allocator@D@2@@std@@@2@@std@@ABV?$basic_string@DU?$char_traits@D@std@@V?$allocator@D@2@@4@@Z 1000ffb0 f   wog native dialogs.obj
 0001:0000f370       ?NewDlg_ChooseFile_ChangeDirectory@@YAHPAV_CustomDlg_@@PAD@Z 10010370 f   wog native dialogs.obj
 0001:0000f4b0       ?NewDlg_ChooseFile_FolderOut@@YAHPAV_CustomDlg_@@@Z 100104b0 f   wog native dialogs.obj
 0001:0000f710       ?NewDlg_ChooseFile_FolderIn@@YAHPAV_CustomDlg_@@@Z 10010710 f   wog native dialogs.obj
 0001:0000f8a0       ?NewDlg_ChooseFile_JumpRootFolder@@YAHPAV_CustomDlg_@@@Z 100108a0 f   wog native dialogs.obj
 0001:0000fa20       ?NewDlg_ChooseFile_RedrawFrames@@YAHPAV_CustomDlg_@@PAU_ScrollFiles_@@@Z 10010a20 f   wog native dialogs.obj
 0001:0000fa80       ?NewDlg_ChooseFile_MooveFrameUp@@YAHPAV_CustomDlg_@@@Z 10010a80 f   wog native dialogs.obj
 0001:0000fb80       ?NewDlg_ChooseFile_MooveFrameDown@@YAHPAV_CustomDlg_@@@Z 10010b80 f   wog native dialogs.obj
 0001:0000fc80       ?NewDlg_ChooseFile_ScrollProc@@YIXHPAV_CustomDlg_@@@Z 10010c80 f   wog native dialogs.obj
 0001:00010240       ?NewDlg_ChooseFile_Rebuild@@YGHPAV_CustomDlg_@@@Z 10011240 f   wog native dialogs.obj
 0001:00010a80       ?NewDlg_ChooseFile_UdateEditText@@YAHPAV_CustomDlg_@@PAD@Z 10011a80 f   wog native dialogs.obj
 0001:00010b00       ?NewDlg_ChooseFile_SetTextOnEditTextItem@@YAHPAV_CustomDlg_@@H@Z 10011b00 f   wog native dialogs.obj
 0001:00010b60       ?NewDlg_ChooseFile_UpdateHintText@@YAXPAV_CustomDlg_@@PAU_DlgMsg_@@@Z 10011b60 f   wog native dialogs.obj
 0001:00010ca0       ?NewDlg_ChooseFile_Proc@@YGHPAV_CustomDlg_@@PAU_DlgMsg_@@@Z 10011ca0 f   wog native dialogs.obj
 0001:00011040       ?NewDlg_ChooseFile@@YGHPAU_ChooseFile_@@@Z 10012040 f   wog native dialogs.obj
 0001:00011b20       ??1FsMan@fsman@@QAE@XZ     10012b20 f i wog native dialogs.obj
 0001:00011b20       ?destroy@?$allocator@V?$basic_string@DU?$char_traits@D@std@@V?$allocator@D@2@@std@@@std@@QAEXPAV?$basic_string@DU?$char_traits@D@std@@V?$allocator@D@2@@2@@Z 10012b20 f i wog native dialogs.obj
 0001:00011b50       ?NewDlg_ChooseFile_Prepare@@YAHPAU_ChooseFile_@@@Z 10012b50 f   wog native dialogs.obj
 0001:00011f00       ?Dlg_WoG_Options_SaveOrLoad@@YGHPAVHiHook@@PAU_ChooseFile_@@PAD@Z 10012f00 f   wog native dialogs.obj
 0001:00012010       ?DlgEdit_IsCorrectInpulSymbol@@YGHPAVHiHook@@PAU_DlgTextEdit_@@PAU_DlgMsg_@@@Z 10013010 f   wog native dialogs.obj
 0001:00012130       ?Y_DlgTown_Proc@@YGHPAVHiHook@@PAU_TownMgr_@@PAU_DlgMsg_@@@Z 10013130 f   wog native dialogs.obj
 0001:000122a0       ?Y_Dlg_HeroesMeet@@YGHPAVLoHook@@PAUHookContext@@@Z 100132a0 f   wog native dialogs.obj
 0001:000122d0       ?Y_Battle_SetHintAttackGetDamage@@YGHPAVLoHook@@PAUHookContext@@@Z 100132d0 f   wog native dialogs.obj
 0001:000122f0       ?GetStringKilled@@YAPADPADPAU_BattleStack_@@@Z 100132f0 f   wog native dialogs.obj
 0001:00012420       ?BattleMgr_GetAttackDamage_Hint_LogString@@YGPAU_HStr_@@PAVHiHook@@PAU1@PAU_BattleStack_@@2EH@Z 10013420 f   wog native dialogs.obj
 0001:00012520       ?Y_DlgCreditsSmoothly@@YGHPAVLoHook@@PAUHookContext@@@Z 10013520 f   wog native dialogs.obj
 0001:00012550       ?Y_Dlg_MainMenu_Create@@YGHPAVHiHook@@PAU_Dlg_@@@Z 10013550 f   wog native dialogs.obj
 0001:000125f0       ?OnReportVersion@@YGXPAUTEvent@Era@@@Z 100135f0 f   wog native dialogs.obj
 0001:00012620       ?Y_LoadAllTXTinGames@@YGHPAVLoHook@@PAUHookContext@@@Z 10013620 f   wog native dialogs.obj
 0001:00012640       ?Y_Hook_MainLoop@@YGHPAVLoHook@@PAUHookContext@@@Z 10013640 f   wog native dialogs.obj
 0001:00012ab0       _DllMain@12                10013ab0 f   wog native dialogs.obj
 0001:00012e00       ??0?$basic_string@DU?$char_traits@D@std@@V?$allocator@D@2@@std@@QAE@PBD@Z 10013e00 f i wog native dialogs.obj
 0001:00012e40       ??0?$basic_string@DU?$char_traits@D@std@@V?$allocator@D@2@@std@@QAE@ABV01@@Z 10013e40 f i wog native dialogs.obj
 0001:00012e70       ??1?$basic_string@DU?$char_traits@D@std@@V?$allocator@D@2@@std@@QAE@XZ 10013e70 f i wog native dialogs.obj
 0001:00012ea0       ?append@?$basic_string@DU?$char_traits@D@std@@V?$allocator@D@2@@std@@QAEAAV12@PBD@Z 10013ea0 f i wog native dialogs.obj
 0001:00012ec0       ?erase@?$basic_string@DU?$char_traits@D@std@@V?$allocator@D@2@@std@@QAEAAV12@II@Z 10013ec0 f i wog native dialogs.obj
 0001:00012f50       ?begin@?$basic_string@DU?$char_traits@D@std@@V?$allocator@D@2@@std@@QAE?AV?$_String_iterator@DU?$char_traits@D@std@@V?$allocator@D@2@@2@XZ 10013f50 f i wog native dialogs.obj
 0001:00012fb0       ?end@?$basic_string@DU?$char_traits@D@std@@V?$allocator@D@2@@std@@QAE?AV?$_String_iterator@DU?$char_traits@D@std@@V?$allocator@D@2@@2@XZ 10013fb0 f i wog native dialogs.obj
 0001:00013010       ?substr@?$basic_string@DU?$char_traits@D@std@@V?$allocator@D@2@@std@@QBE?AV12@II@Z 10014010 f i wog native dialogs.obj
 0001:00013040       ??1?$vector@DV?$allocator@D@std@@@std@@QAE@XZ 10014040 f i wog native dialogs.obj
 0001:00013070       ??H?$_Vector_iterator@DV?$allocator@D@std@@@std@@QBE?AV01@H@Z 10014070 f i wog native dialogs.obj
 0001:000130c0       ??0?$vector@DV?$allocator@D@std@@@std@@QAE@XZ 100140c0 f i wog native dialogs.obj
 0001:000130c0       ??0?$vector@V?$basic_string@DU?$char_traits@D@std@@V?$allocator@D@2@@std@@V?$allocator@V?$basic_string@DU?$char_traits@D@std@@V?$allocator@D@2@@std@@@2@@std@@QAE@XZ 100140c0 f i wog native dialogs.obj
 0001:00013120       ??1?$vector@V?$basic_string@DU?$char_traits@D@std@@V?$allocator@D@2@@std@@V?$allocator@V?$basic_string@DU?$char_traits@D@std@@V?$allocator@D@2@@std@@@2@@std@@QAE@XZ 10014120 f i wog native dialogs.obj
 0001:00013170       ?push_back@?$vector@V?$basic_string@DU?$char_traits@D@std@@V?$allocator@D@2@@std@@V?$allocator@V?$basic_string@DU?$char_traits@D@std@@V?$allocator@D@2@@std@@@2@@std@@QAEXABV?$basic_string@DU?$char_traits@D@std@@V?$allocator@D@2@@2@@Z 10014170 f i wog native dialogs.obj
 0001:00013220       ??1?$_Vector_val@DV?$allocator@D@std@@@std@@QAE@XZ 10014220 f i wog native dialogs.obj
 0001:00013220       ??1?$_Vector_val@V?$basic_string@DU?$char_traits@D@std@@V?$allocator@D@2@@std@@V?$allocator@V?$basic_string@DU?$char_traits@D@std@@V?$allocator@D@2@@std@@@2@@std@@QAE@XZ 10014220 f i wog native dialogs.obj
 0001:00013230       ?append@?$basic_string@DU?$char_traits@D@std@@V?$allocator@D@2@@std@@QAEAAV12@PBDI@Z 10014230 f i wog native dialogs.obj
 0001:00013340       ?assign@?$basic_string@DU?$char_traits@D@std@@V?$allocator@D@2@@std@@QAEAAV12@ABV12@II@Z 10014340 f i wog native dialogs.obj
 0001:00013420       ?assign@?$basic_string@DU?$char_traits@D@std@@V?$allocator@D@2@@std@@QAEAAV12@PBDI@Z 10014420 f i wog native dialogs.obj
 0001:00013500       ?find_last_of@?$basic_string@DU?$char_traits@D@std@@V?$allocator@D@2@@std@@QBEIPBDII@Z 10014500 f i wog native dialogs.obj
 0001:000135a0       ?_Myptr@?$basic_string@DU?$char_traits@D@std@@V?$allocator@D@2@@std@@IBEPBDXZ 100145a0 f i wog native dialogs.obj
 0001:000135b0       ?resize@?$vector@DV?$allocator@D@std@@@std@@QAEXID@Z 100145b0 f i wog native dialogs.obj
 0001:00013680       ?_Ufill@?$vector@DV?$allocator@D@std@@@std@@IAEPADPADIABD@Z 10014680 f i wog native dialogs.obj
 0001:000136b0       ?insert@?$vector@V?$basic_string@DU?$char_traits@D@std@@V?$allocator@D@2@@std@@V?$allocator@V?$basic_string@DU?$char_traits@D@std@@V?$allocator@D@2@@std@@@2@@std@@QAE?AV?$_Vector_iterator@V?$basic_string@DU?$char_traits@D@std@@V?$allocator@D@2@@std@@V?$allocator@V?$basic_string@DU?$char_traits@D@std@@V?$allocator@D@2@@std@@@2@@2@V?$_Vector_const_iterator@V?$basic_string@DU?$char_traits@D@std@@V?$allocator@D@2@@std@@V?$allocator@V?$basic_string@DU?$char_traits@D@std@@V?$allocator@D@2@@std@@@2@@2@ABV?$basic_string@DU?$char_traits@D@std@@V?$allocator@D@2@@2@@Z 100146b0 f i wog native dialogs.obj
 0001:00013790       ?_Ufill@?$vector@V?$basic_string@DU?$char_traits@D@std@@V?$allocator@D@2@@std@@V?$allocator@V?$basic_string@DU?$char_traits@D@std@@V?$allocator@D@2@@std@@@2@@std@@IAEPAV?$basic_string@DU?$char_traits@D@std@@V?$allocator@D@2@@2@PAV32@IABV32@@Z 10014790 f i wog native dialogs.obj
 0001:000137c0       ?append@?$basic_string@DU?$char_traits@D@std@@V?$allocator@D@2@@std@@QAEAAV12@ABV12@II@Z 100147c0 f i wog native dialogs.obj
 0001:000138b0       ?_Grow@?$basic_string@DU?$char_traits@D@std@@V?$allocator@D@2@@std@@IAE_NI_N@Z 100148b0 f i wog native dialogs.obj
 0001:00013970       ?allocate@?$allocator@D@std@@QAEPADI@Z 10014970 f i wog native dialogs.obj
 0001:000139d0       ?erase@?$vector@DV?$allocator@D@std@@@std@@QAE?AV?$_Vector_iterator@DV?$allocator@D@std@@@2@V?$_Vector_const_iterator@DV?$allocator@D@std@@@2@0@Z 100149d0 f i wog native dialogs.obj
 0001:00013a60       ?_Insert_n@?$vector@DV?$allocator@D@std@@@std@@IAEXV?$_Vector_const_iterator@DV?$allocator@D@std@@@2@IABD@Z 10014a60 f i wog native dialogs.obj
 0001:00013c20       ?_Insert_n@?$vector@V?$basic_string@DU?$char_traits@D@std@@V?$allocator@D@2@@std@@V?$allocator@V?$basic_string@DU?$char_traits@D@std@@V?$allocator@D@2@@std@@@2@@std@@IAEXV?$_Vector_const_iterator@V?$basic_string@DU?$char_traits@D@std@@V?$allocator@D@2@@std@@V?$allocator@V?$basic_string@DU?$char_traits@D@std@@V?$allocator@D@2@@std@@@2@@2@IABV?$basic_string@DU?$char_traits@D@std@@V?$allocator@D@2@@2@@Z 10014c20 f i wog native dialogs.obj
 0001:00013f70       ?_Xlen@?$vector@V?$basic_string@DU?$char_traits@D@std@@V?$allocator@D@2@@std@@V?$allocator@V?$basic_string@DU?$char_traits@D@std@@V?$allocator@D@2@@std@@@2@@std@@KAXXZ 10014f70 f i wog native dialogs.obj
 0001:00013f70       ?_Xlen@?$vector@DV?$allocator@D@std@@@std@@KAXXZ 10014f70 f i wog native dialogs.obj
 0001:00013ff0       ?allocate@?$allocator@V?$basic_string@DU?$char_traits@D@std@@V?$allocator@D@2@@std@@@std@@QAEPAV?$basic_string@DU?$char_traits@D@std@@V?$allocator@D@2@@2@I@Z 10014ff0 f i wog native dialogs.obj
 0001:00014050       ??0length_error@std@@QAE@ABV01@@Z 10015050 f i wog native dialogs.obj
 0001:00014070       ?_Copy@?$basic_string@DU?$char_traits@D@std@@V?$allocator@D@2@@std@@IAEXII@Z 10015070 f i wog native dialogs.obj
 0001:000141e0       ??$transform@V?$_String_iterator@DU?$char_traits@D@std@@V?$allocator@D@2@@std@@V12@P6AHH@Z@std@@YA?AV?$_String_iterator@DU?$char_traits@D@std@@V?$allocator@D@2@@0@V10@00P6AHH@Z@Z 100151e0 f i wog native dialogs.obj
 0001:00014240       ??$?8DU?$char_traits@D@std@@V?$allocator@D@1@@std@@YA_NABV?$basic_string@DU?$char_traits@D@std@@V?$allocator@D@2@@0@PBD@Z 10015240 f i wog native dialogs.obj
 0001:000142a0       ??$?0V?$_Vector_iterator@DV?$allocator@D@std@@@std@@@?$basic_string@DU?$char_traits@D@std@@V?$allocator@D@2@@std@@QAE@V?$_Vector_iterator@DV?$allocator@D@std@@@1@0@Z 100152a0 f i wog native dialogs.obj
 0001:000142e0       ??$?HDU?$char_traits@D@std@@V?$allocator@D@1@@std@@YA?AV?$basic_string@DU?$char_traits@D@std@@V?$allocator@D@2@@0@ABV10@PBD@Z 100152e0 f i wog native dialogs.obj
 0001:00014390       ??$?HDU?$char_traits@D@std@@V?$allocator@D@1@@std@@YA?AV?$basic_string@DU?$char_traits@D@std@@V?$allocator@D@2@@0@ABV10@0@Z 10015390 f i wog native dialogs.obj
 0001:00014440       ??$VarValue@H@Patcher@@QAEAAHPAD@Z 10015440 f i wog native dialogs.obj
 0001:00014480       ??$_Umove@PAV?$basic_string@DU?$char_traits@D@std@@V?$allocator@D@2@@std@@@?$vector@V?$basic_string@DU?$char_traits@D@std@@V?$allocator@D@2@@std@@V?$allocator@V?$basic_string@DU?$char_traits@D@std@@V?$allocator@D@2@@std@@@2@@std@@IAEPAV?$basic_string@DU?$char_traits@D@std@@V?$allocator@D@2@@1@PAV21@00@Z 10015480 f i wog native dialogs.obj
 0001:000144b0       ??$fill@PAV?$basic_string@DU?$char_traits@D@std@@V?$allocator@D@2@@std@@V12@@std@@YAXPAV?$basic_string@DU?$char_traits@D@std@@V?$allocator@D@2@@0@0ABV10@@Z 100154b0 f i wog native dialogs.obj
 0001:000144e0       ??$_Unchecked_move_backward@PAV?$basic_string@DU?$char_traits@D@std@@V?$allocator@D@2@@std@@PAV12@@stdext@@YAPAV?$basic_string@DU?$char_traits@D@std@@V?$allocator@D@2@@std@@PAV12@00@Z 100154e0 f i wog native dialogs.obj
 0001:00014540       ??0bad_alloc@std@@QAE@ABV01@@Z 10015540 f i wog native dialogs.obj
 0001:00014560       ??$_Construct@V?$_Vector_iterator@DV?$allocator@D@std@@@std@@@?$basic_string@DU?$char_traits@D@std@@V?$allocator@D@2@@std@@QAEXV?$_Vector_iterator@DV?$allocator@D@std@@@1@0Uforward_iterator_tag@1@@Z 10015560 f i wog native dialogs.obj
 0001:000146b0       ??$_Sort@PAV?$basic_string@DU?$char_traits@D@std@@V?$allocator@D@2@@std@@HP6A_NABV12@0@Z@std@@YAXPAV?$basic_string@DU?$char_traits@D@std@@V?$allocator@D@2@@0@0HP6A_NABV10@1@Z@Z 100156b0 f i wog native dialogs.obj
 0001:00014800       ??$?8DU?$char_traits@D@std@@V?$allocator@D@1@@std@@YA_NABV?$basic_string@DU?$char_traits@D@std@@V?$allocator@D@2@@0@0@Z 10015800 f i wog native dialogs.obj
 0001:00014870       ??$_Uninit_fill_n@PAV?$basic_string@DU?$char_traits@D@std@@V?$allocator@D@2@@std@@IV12@V?$allocator@V?$basic_string@DU?$char_traits@D@std@@V?$allocator@D@2@@std@@@2@@std@@YAXPAV?$basic_string@DU?$char_traits@D@std@@V?$allocator@D@2@@0@IABV10@AAV?$allocator@V?$basic_string@DU?$char_traits@D@std@@V?$allocator@D@2@@std@@@0@U_Nonscalar_ptr_iterator_tag@0@U_Range_checked_iterator_tag@0@@Z 10015870 f i wog native dialogs.obj
 0001:00014910       ??$_Destroy_range@V?$allocator@V?$basic_string@DU?$char_traits@D@std@@V?$allocator@D@2@@std@@@std@@@std@@YAXPAV?$basic_string@DU?$char_traits@D@std@@V?$allocator@D@2@@0@0AAV?$allocator@V?$basic_string@DU?$char_traits@D@std@@V?$allocator@D@2@@std@@@0@U_Nonscalar_ptr_iterator_tag@0@@Z 10015910 f i wog native dialogs.obj
 0001:00014950       ?append@?$basic_string@DU?$char_traits@D@std@@V?$allocator@D@2@@std@@QAEAAV12@ID@Z 10015950 f i wog native dialogs.obj
 0001:000149e0       ??H?$_String_iterator@DU?$char_traits@D@std@@V?$allocator@D@2@@std@@QBE?AV01@H@Z 100159e0 f i wog native dialogs.obj
 0001:00014a50       ??$_Unguarded_partition@PAV?$basic_string@DU?$char_traits@D@std@@V?$allocator@D@2@@std@@P6A_NABV12@0@Z@std@@YA?AU?$pair@PAV?$basic_string@DU?$char_traits@D@std@@V?$allocator@D@2@@std@@PAV12@@0@PAV?$basic_string@DU?$char_traits@D@std@@V?$allocator@D@2@@0@0P6A_NABV20@1@Z@Z 10015a50 f i wog native dialogs.obj
 0001:00014ef0       ??$_Uninit_move@PAV?$basic_string@DU?$char_traits@D@std@@V?$allocator@D@2@@std@@PAV12@V?$allocator@V?$basic_string@DU?$char_traits@D@std@@V?$allocator@D@2@@std@@@2@@std@@YAPAV?$basic_string@DU?$char_traits@D@std@@V?$allocator@D@2@@0@PAV10@00AAV?$allocator@V?$basic_string@DU?$char_traits@D@std@@V?$allocator@D@2@@std@@@0@U_Swap_move_tag@0@U_Range_checked_iterator_tag@0@@Z 10015ef0 f i wog native dialogs.obj
 0001:00015030       ??$_Move_backward_opt@PAV?$basic_string@DU?$char_traits@D@std@@V?$allocator@D@2@@std@@PAV12@Uforward_iterator_tag@2@@std@@YAPAV?$basic_string@DU?$char_traits@D@std@@V?$allocator@D@2@@0@PAV10@00Uforward_iterator_tag@0@U_Swap_move_tag@0@U_Range_checked_iterator_tag@0@@Z 10016030 f i wog native dialogs.obj
 0001:000150c0       ??$_Median@PAV?$basic_string@DU?$char_traits@D@std@@V?$allocator@D@2@@std@@P6A_NABV12@0@Z@std@@YAXPAV?$basic_string@DU?$char_traits@D@std@@V?$allocator@D@2@@0@00P6A_NABV10@1@Z@Z 100160c0 f i wog native dialogs.obj
 0001:000152a0       ??$_Make_heap@PAV?$basic_string@DU?$char_traits@D@std@@V?$allocator@D@2@@std@@HV12@P6A_NABV12@0@Z@std@@YAXPAV?$basic_string@DU?$char_traits@D@std@@V?$allocator@D@2@@0@0P6A_NABV10@1@ZPAH0@Z 100162a0 f i wog native dialogs.obj
 0001:00015320       ??$_Sort_heap@PAV?$basic_string@DU?$char_traits@D@std@@V?$allocator@D@2@@std@@P6A_NABV12@0@Z@std@@YAXPAV?$basic_string@DU?$char_traits@D@std@@V?$allocator@D@2@@0@0P6A_NABV10@1@Z@Z 10016320 f i wog native dialogs.obj
 0001:000153b0       ??$_Insertion_sort1@PAV?$basic_string@DU?$char_traits@D@std@@V?$allocator@D@2@@std@@P6A_NABV12@0@ZV12@@std@@YAXPAV?$basic_string@DU?$char_traits@D@std@@V?$allocator@D@2@@0@0P6A_NABV10@1@Z0@Z 100163b0 f i wog native dialogs.obj
 0001:00015500       ??$_Adjust_heap@PAV?$basic_string@DU?$char_traits@D@std@@V?$allocator@D@2@@std@@HV12@P6A_NABV12@0@Z@std@@YAXPAV?$basic_string@DU?$char_traits@D@std@@V?$allocator@D@2@@0@HHV10@P6A_NABV10@2@Z@Z 10016500 f i wog native dialogs.obj
 0001:00015630       ?swap@?$basic_string@DU?$char_traits@D@std@@V?$allocator@D@2@@std@@QAEXAAV12@@Z 10016630 f i wog native dialogs.obj
 0001:000156b0       ??$_Push_heap@PAV?$basic_string@DU?$char_traits@D@std@@V?$allocator@D@2@@std@@HV12@P6A_NABV12@0@Z@std@@YAXPAV?$basic_string@DU?$char_traits@D@std@@V?$allocator@D@2@@0@HHV10@P6A_NABV10@2@Z@Z 100166b0 f i wog native dialogs.obj
 0001:00015790       ??$_Pop_heap@PAV?$basic_string@DU?$char_traits@D@std@@V?$allocator@D@2@@std@@HV12@P6A_NABV12@0@Z@std@@YAXPAV?$basic_string@DU?$char_traits@D@std@@V?$allocator@D@2@@0@00V10@P6A_NABV10@2@ZPAH@Z 10016790 f i wog native dialogs.obj
 0001:00015840       ?RedrawScreen@_DlgItem_@@QAEXXZ 10016840 f   HoMM3_GUI.obj
 0001:00015870       ?Create@_CustomDlg_@@SAPAV1@HHHHIP6GHPAV1@PAU_DlgMsg_@@@Z@Z 10016870 f   HoMM3_GUI.obj
 0001:000158f0       ?DlgProcBridge@_CustomDlg_@@SIHPAV1@IPAU_DlgMsg_@@@Z 100168f0 f   HoMM3_GUI.obj
 0001:00015909       ??0out_of_range@std@@QAE@ABV?$basic_string@DU?$char_traits@D@std@@V?$allocator@D@2@@1@@Z 10016909 f i libcpmt:string.obj
 0001:00015926       ??1out_of_range@std@@UAE@XZ 10016926 f i libcpmt:string.obj
 0001:00015931       ??_Eout_of_range@std@@UAEPAXI@Z 10016931 f i libcpmt:string.obj
 0001:00015931       ??_Gout_of_range@std@@UAEPAXI@Z 10016931 f i libcpmt:string.obj
 0001:00015958       ?_Xlen@_String_base@std@@SAXXZ 10016958 f   libcpmt:string.obj
 0001:00015990       ?_Xran@_String_base@std@@SAXXZ 10016990 f   libcpmt:string.obj
 0001:000159c8       ??0out_of_range@std@@QAE@ABV01@@Z 100169c8 f i libcpmt:string.obj
 0001:000159e5       @__security_check_cookie@4 100169e5 f   LIBCMT:secchk.obj
 0001:000159f4       _memmove_s                 100169f4 f   LIBCMT:memmove_s.obj
 0001:00015a51       _sprintf                   10016a51 f   LIBCMT:sprintf.obj
 0001:00015ace       ??0exception@std@@QAE@XZ   10016ace f   LIBCMT:stdexcpt.obj
 0001:00015adf       ??0exception@std@@QAE@ABQBD@Z 10016adf f   LIBCMT:stdexcpt.obj
 0001:00015b32       ??0exception@std@@QAE@ABQBDH@Z 10016b32 f   LIBCMT:stdexcpt.obj
 0001:00015b4f       ??0exception@std@@QAE@ABV01@@Z 10016b4f f   LIBCMT:stdexcpt.obj
 0001:00015bac       ??1exception@std@@UAE@XZ   10016bac f   LIBCMT:stdexcpt.obj
 0001:00015bc2       ?what@exception@std@@UBEPBDXZ 10016bc2 f   LIBCMT:stdexcpt.obj
 0001:00015bcf       ??_Gexception@std@@UAEPAXI@Z 10016bcf f i LIBCMT:stdexcpt.obj
 0001:00015bcf       ??_Eexception@std@@UAEPAXI@Z 10016bcf f i LIBCMT:stdexcpt.obj
 0001:00015bf0       _free                      10016bf0 f   LIBCMT:free.obj
 0001:00015c80       _memchr                    10016c80 f   LIBCMT:memchr.obj
 0001:00015d2d       ??0_LocaleUpdate@@QAE@PAUlocaleinfo_struct@@@Z 10016d2d f i LIBCMT:tolower.obj
 0001:00015db4       __tolower_l                10016db4 f   LIBCMT:tolower.obj
 0001:00015ec9       _tolower                   10016ec9 f   LIBCMT:tolower.obj
 0001:00015ef5       __initp_misc_invarg        10016ef5 f   LIBCMT:invarg.obj
 0001:00015f04       __invoke_watson            10016f04 f   LIBCMT:invarg.obj
 0001:0001602c       __invalid_parameter        1001702c f   LIBCMT:invarg.obj
 0001:00016052       __invalid_parameter_noinfo 10017052 f   LIBCMT:invarg.obj
 0001:00016062       ??3@YAXPAX@Z               10017062 f   LIBCMT:delete.obj
 0001:0001606d       _memcpy_s                  1001706d f   LIBCMT:memcpy_s.obj
 0001:000160ea       ??1type_info@@UAE@XZ       100170ea f   LIBCMT:typinfo.obj
 0001:000160fa       ??_Etype_info@@UAEPAXI@Z   100170fa f i LIBCMT:typinfo.obj
 0001:000160fa       ??_Gtype_info@@UAEPAXI@Z   100170fa f i LIBCMT:typinfo.obj
 0001:0001611b       ??8type_info@@QBE_NABV0@@Z 1001711b f   LIBCMT:typinfo.obj
 0001:0001613b       ??0bad_alloc@std@@QAE@XZ   1001713b f i LIBCMT:new.obj
 0001:00016156       ??2@YAPAXI@Z               10017156 f   LIBCMT:new.obj
 0001:000161bb       __CRT_INIT@12              100171bb f   LIBCMT:dllcrt0.obj
 0001:000163e6       __DllMainCRTStartup@12     100173e6 f   LIBCMT:dllcrt0.obj
 0001:00016410       _strlen                    10017410 f   LIBCMT:strlen.obj
 0001:0001649b       __CxxThrowException@8      1001749b f   LIBCMT:throw.obj
 0001:000164e7       ?_JumpToContinuation@@YGXPAXPAUEHRegistrationNode@@@Z 100174e7 f   LIBCMT:_trnsctrl_.obj
 0001:00016519       ?_CallMemberFunction0@@YGXPAX0@Z 10017519 f   LIBCMT:_trnsctrl_.obj
 0001:00016519       ?_CallMemberFunction1@@YGXPAX00@Z 10017519 f   LIBCMT:_trnsctrl_.obj
 0001:00016519       ?_CallMemberFunction2@@YGXPAX00H@Z 10017519 f   LIBCMT:_trnsctrl_.obj
 0001:00016520       ?_UnwindNestedFrames@@YGXPAUEHRegistrationNode@@PAUEHExceptionRecord@@@Z 10017520 f   LIBCMT:_trnsctrl_.obj
 0001:00016574       ___CxxFrameHandler3        10017574 f   LIBCMT:_trnsctrl_.obj
 0001:000165dd       ?_CallSETranslator@@YAHPAUEHExceptionRecord@@PAUEHRegistrationNode@@PAX2PBU_s_FuncInfo@@H1@Z 100175dd f   LIBCMT:_trnsctrl_.obj
 0001:00016753       ?_GetRangeOfTrysToCheck@@YAPBU_s_TryBlockMapEntry@@PBU_s_FuncInfo@@HHPAI1@Z 10017753 f   LIBCMT:_trnsctrl_.obj
 0001:000167c8       __CreateFrameInfo          100177c8 f   LIBCMT:_trnsctrl_.obj
 0001:000167f4       __IsExceptionObjectToBeDestroyed 100177f4 f   LIBCMT:_trnsctrl_.obj
 0001:0001681b       __FindAndUnlinkFrame       1001781b f   LIBCMT:_trnsctrl_.obj
 0001:0001686d       ?_CallCatchBlock2@@YAPAXPAUEHRegistrationNode@@PBU_s_FuncInfo@@PAXHK@Z 1001786d f   LIBCMT:_trnsctrl_.obj
 0001:000168cd       __EH_prolog3               100178cd f   LIBCMT:ehprolg3.obj
 0001:00016900       __EH_prolog3_catch         10017900 f   LIBCMT:ehprolg3.obj
 0001:00016936       ___report_gsfailure        10017936 f   LIBCMT:gs_report.obj
 0001:00016a40       _memmove                   10017a40 f   LIBCMT:memmove.obj
 0001:00016da5       __get_errno_from_oserr     10017da5 f   LIBCMT:dosmap.obj
 0001:00016de7       __errno                    10017de7 f   LIBCMT:dosmap.obj
 0001:00016dfa       ___doserrno                10017dfa f   LIBCMT:dosmap.obj
 0001:00016e0d       __dosmaperr                10017e0d f   LIBCMT:dosmap.obj
 0001:00016e30       __flsbuf                   10017e30 f   LIBCMT:_flsbuf.obj
 0001:0001703a       __output_l                 1001803a f   LIBCMT:output.obj
 0001:00017bd2       _strcpy_s                  10018bd2 f   LIBCMT:strcpy_s.obj
 0001:00017c3a       _V6_HeapAlloc              10018c3a f   LIBCMT:malloc.obj
 0001:00017c89       _malloc                    10018c89 f   LIBCMT:malloc.obj
 0001:00017d53       __heap_init                10018d53 f   LIBCMT:heapinit.obj
 0001:00017d83       __heap_term                10018d83 f   LIBCMT:heapinit.obj
 0001:00017df7       __mtinitlocks              10018df7 f   LIBCMT:mlock.obj
 0001:00017e42       __mtdeletelocks            10018e42 f   LIBCMT:mlock.obj
 0001:00017e99       __unlock                   10018e99 f   LIBCMT:mlock.obj
 0001:00017eb0       __mtinitlocknum            10018eb0 f   LIBCMT:mlock.obj
 0001:00017f73       __lock                     10018f73 f   LIBCMT:mlock.obj
 0001:00017fa6       ___sbh_find_block          10018fa6 f   LIBCMT:sbheap.obj
 0001:00017fd6       ___sbh_free_block          10018fd6 f   LIBCMT:sbheap.obj
 0001:000182ec       ___sbh_alloc_new_region    100192ec f   LIBCMT:sbheap.obj
 0001:0001839c       ___sbh_alloc_new_group     1001939c f   LIBCMT:sbheap.obj
 0001:000184a4       ___sbh_resize_block        100194a4 f   LIBCMT:sbheap.obj
 0001:00018785       ___sbh_alloc_block         10019785 f   LIBCMT:sbheap.obj
 0001:00018a6c       __SEH_prolog4              10019a6c f   LIBCMT:sehprolg4.obj
 0001:00018ab1       __SEH_epilog4              10019ab1 f   LIBCMT:sehprolg4.obj
 0001:00018ad0       __except_handler4          10019ad0 f   LIBCMT:chandler4.obj
 0001:00018e82       ___updatetmbcinfo          10019e82 f   LIBCMT:mbctype.obj
 0001:00018fa2       __setmbcp_nolock           10019fa2 f   LIBCMT:mbctype.obj
 0001:00019187       __setmbcp                  1001a187 f   LIBCMT:mbctype.obj
 0001:00019321       ___initmbctable            1001a321 f   LIBCMT:mbctype.obj
 0001:0001933f       ___freetlocinfo            1001a33f f   LIBCMT:setlocal.obj
 0001:00019488       ___addlocaleref            1001a488 f   LIBCMT:setlocal.obj
 0001:00019517       ___removelocaleref         1001a517 f   LIBCMT:setlocal.obj
 0001:000195ee       ___updatetlocinfo          1001a5ee f   LIBCMT:setlocal.obj
 0001:00019664       __encode_pointer           1001a664 f   LIBCMT:tidtable.obj
 0001:000196d6       __encoded_null             1001a6d6 f   LIBCMT:tidtable.obj
 0001:000196df       __decode_pointer           1001a6df f   LIBCMT:tidtable.obj
 0001:00019751       ___crtTlsAlloc@4           1001a751 f   LIBCMT:tidtable.obj
 0001:0001975a       ___set_flsgetvalue         1001a75a f   LIBCMT:tidtable.obj
 0001:0001978e       __mtterm                   1001a78e f   LIBCMT:tidtable.obj
 0001:000197cb       __initptd                  1001a7cb f   LIBCMT:tidtable.obj
 0001:000198b2       __getptd_noexit            1001a8b2 f   LIBCMT:tidtable.obj
 0001:0001992b       __getptd                   1001a92b f   LIBCMT:tidtable.obj
 0001:00019945       __freefls@4                1001a945 f   LIBCMT:tidtable.obj
 0001:00019a74       __freeptd                  1001aa74 f   LIBCMT:tidtable.obj
 0001:00019ae2       __mtinit                   1001aae2 f   LIBCMT:tidtable.obj
 0001:00019c6f       __freea                    1001ac6f f i LIBCMT:a_map.obj
 0001:0001a034       ___crtLCMapStringA         1001b034 f   LIBCMT:a_map.obj
 0001:0001a079       __isleadbyte_l             1001b079 f i LIBCMT:_wctype.obj
 0001:0001a0b1       _isleadbyte                1001b0b1 f i LIBCMT:_wctype.obj
 0001:0001a0c4       __isctype_l                1001b0c4 f   LIBCMT:isctype.obj
 0001:0001a17c       __crt_debugger_hook        1001b17c f   LIBCMT:dbghook.obj
 0001:0001a190       _memset                    1001b190 f   LIBCMT:memset.obj
 0001:0001a210       _memcpy                    1001b210 f   LIBCMT:memcpy.obj
 0001:0001a575       ?_Type_info_dtor@type_info@@CAXPAV1@@Z 1001b575 f   LIBCMT:typname.obj
 0001:0001a5f0       _strcmp                    1001b5f0 f   LIBCMT:strcmp.obj
 0001:0001a732       ___onexitinit              1001b732 f   LIBCMT:onexit.obj
 0001:0001a763       __onexit                   1001b763 f   LIBCMT:onexit.obj
 0001:0001a79f       _atexit                    1001b79f f   LIBCMT:onexit.obj
 0001:0001a7b6       __initp_heap_handler       1001b7b6 f   LIBCMT:handler.obj
 0001:0001a7c5       __callnewh                 1001b7c5 f   LIBCMT:handler.obj
 0001:0001a7ed       __malloc_crt               1001b7ed f   LIBCMT:crtheap.obj
 0001:0001a832       __calloc_crt               1001b832 f   LIBCMT:crtheap.obj
 0001:0001a87e       __realloc_crt              1001b87e f   LIBCMT:crtheap.obj
 0001:0001a8cc       __crt_waiting_on_module_handle 1001b8cc f   LIBCMT:crt0dat.obj
 0001:0001a8fc       __amsg_exit                1001b8fc f   LIBCMT:crt0dat.obj
 0001:0001a925       ___crtCorExitProcess       1001b925 f   LIBCMT:crt0dat.obj
 0001:0001a950       ___crtExitProcess          1001b950 f   LIBCMT:crt0dat.obj
 0001:0001a968       __lockexit                 1001b968 f   LIBCMT:crt0dat.obj
 0001:0001a971       __unlockexit               1001b971 f   LIBCMT:crt0dat.obj
 0001:0001a997       __initterm_e               1001b997 f   LIBCMT:crt0dat.obj
 0001:0001a9bb       __cinit                    1001b9bb f   LIBCMT:crt0dat.obj
 0001:0001ab6c       __exit                     1001bb6c f   LIBCMT:crt0dat.obj
 0001:0001ab82       __cexit                    1001bb82 f   LIBCMT:crt0dat.obj
 0001:0001ab91       __init_pointers            1001bb91 f   LIBCMT:crt0dat.obj
 0001:0001abdf       __ioinit                   1001bbdf f   LIBCMT:ioinit.obj
 0001:0001ae33       __ioterm                   1001be33 f   LIBCMT:ioinit.obj
 0001:0001ae81       __setenvp                  1001be81 f   LIBCMT:stdenvp.obj
 0001:0001b0f9       __setargv                  1001c0f9 f   LIBCMT:stdargv.obj
 0001:0001b1b4       ___crtGetEnvironmentStringsA 1001c1b4 f   LIBCMT:a_env.obj
 0001:0001b2eb       __RTC_Initialize           1001c2eb f   LIBCMT:_initsect_.obj
 0001:0001b311       __RTC_Terminate            1001c311 f   LIBCMT:_initsect_.obj
 0001:0001b337       __XcptFilter               1001c337 f   LIBCMT:winxfltr.obj
 0001:0001b497       ___CppXcptFilter           1001c497 f   LIBCMT:winxfltr.obj
 0001:0001b4b7       ___security_init_cookie    1001c4b7 f   LIBCMT:gs_support.obj
 0001:0001b54d       ??0bad_exception@std@@QAE@PBD@Z 1001c54d f i LIBCMT:frame.obj
 0001:0001b56b       ??1bad_exception@std@@UAE@XZ 1001c56b f i LIBCMT:frame.obj
 0001:0001b576       ??_Gbad_exception@std@@UAEPAXI@Z 1001c576 f i LIBCMT:frame.obj
 0001:0001b576       ??_Ebad_exception@std@@UAEPAXI@Z 1001c576 f i LIBCMT:frame.obj
 0001:0001b59d       ___TypeMatch               1001c59d f   LIBCMT:frame.obj
 0001:0001b5fc       ___FrameUnwindFilter       1001c5fc f   LIBCMT:frame.obj
 0001:0001b645       ___FrameUnwindToState      1001c645 f   LIBCMT:frame.obj
 0001:0001b76b       ___DestructExceptionObject 1001c76b f   LIBCMT:frame.obj
 0001:0001b7c0       ___AdjustPointer           1001c7c0 f   LIBCMT:frame.obj
 0001:0001ba49       ___BuildCatchObjectHelper  1001ca49 f   LIBCMT:frame.obj
 0001:0001bbc8       ___BuildCatchObject        1001cbc8 f   LIBCMT:frame.obj
 0001:0001c103       ??0bad_exception@std@@QAE@ABV01@@Z 1001d103 f i LIBCMT:frame.obj
 0001:0001c120       ___InternalCxxFrameHandler 1001d120 f   LIBCMT:frame.obj
 0001:0001c206       ?terminate@@YAXXZ          1001d206 f   LIBCMT:hooks.obj
 0001:0001c23f       ?unexpected@@YAXXZ         1001d23f f   LIBCMT:hooks.obj
 0001:0001c252       ?_inconsistency@@YAXXZ     1001d252 f   LIBCMT:hooks.obj
 0001:0001c28a       __initp_eh_hooks           1001d28a f   LIBCMT:hooks.obj
 0001:0001c2a0       __CallSettingFrame@12      1001d2a0 f   LIBCMT:lowhelpr.obj
 0001:0001c2c7       __NLG_Return               1001d2c7     LIBCMT:lowhelpr.obj
 0001:0001c373       __VEC_memcpy               1001d373 f   LIBCMT:p4_memcpy.obj
 0001:0001c4a6       __get_sse2_info            1001d4a6 f   LIBCMT:cpu_disp.obj
 0001:0001c508       ___sse2_available_init     1001d508 f   LIBCMT:cpu_disp.obj
 0001:0001c515       __lseeki64_nolock          1001d515 f   LIBCMT:lseeki64.obj
 0001:0001c59a       __lseeki64                 1001d59a f   LIBCMT:lseeki64.obj
 0001:0001c6b3       __write_nolock             1001d6b3 f   LIBCMT:write.obj
 0001:0001cde6       __write                    1001dde6 f   LIBCMT:write.obj
 0001:0001cec2       __getbuf                   1001dec2 f   LIBCMT:_getbuf.obj
 0001:0001cf0b       __isatty                   1001df0b f   LIBCMT:isatty.obj
 0001:0001cf6f       ___iob_func                1001df6f f   LIBCMT:_file.obj
 0001:0001cf75       ___initstdio               1001df75 f   LIBCMT:_file.obj
 0001:0001d026       ___endstdio                1001e026 f   LIBCMT:_file.obj
 0001:0001d046       __lock_file                1001e046 f   LIBCMT:_file.obj
 0001:0001d087       __lock_file2               1001e087 f   LIBCMT:_file.obj
 0001:0001d0b9       __unlock_file              1001e0b9 f   LIBCMT:_file.obj
 0001:0001d0f5       __unlock_file2             1001e0f5 f   LIBCMT:_file.obj
 0001:0001d124       __fileno                   1001e124 f   LIBCMT:fileno.obj
 0001:0001d156       __initp_misc_cfltcvt_tab   1001e156 f   LIBCMT:cmiscdat.obj
 0001:0001d177       __get_printf_count_output  1001e177 f   LIBCMT:printf.obj
 0001:0001d18d       __wctomb_s_l               1001e18d f   LIBCMT:wctomb.obj
 0001:0001d2f9       _wctomb_s                  1001e2f9 f   LIBCMT:wctomb.obj
 0001:0001d320       __aulldvrm                 1001e320 f   LIBCMT:ulldvrm.obj
 0001:0001d3b5       __NMSG_WRITE               1001e3b5 f   LIBCMT:crt0msg.obj
 0001:0001d560       __FF_MSGBANNER             1001e560 f   LIBCMT:crt0msg.obj
 0001:0001d599       __initp_misc_initcrit      1001e599 f   LIBCMT:initcrit.obj
 0001:0001d5a8       ___crtInitCritSecAndSpinCount 1001e5a8 f   LIBCMT:initcrit.obj
 0001:0001d608       __local_unwind4            1001e608 f   LIBCMT:exsup4.obj
 0001:0001d6de       __seh_longjmp_unwind4@4    1001e6de f   LIBCMT:exsup4.obj
 0001:0001d6fa       @_EH4_CallFilterFunc@8     1001e6fa f   LIBCMT:exsup4.obj
 0001:0001d711       @_EH4_TransferToHandler@8  1001e711 f   LIBCMT:exsup4.obj
 0001:0001d72a       @_EH4_GlobalUnwind@4       1001e72a f   LIBCMT:exsup4.obj
 0001:0001d744       @_EH4_LocalUnwind@16       1001e744 f   LIBCMT:exsup4.obj
 0001:0001d760       __ValidateImageBase        1001e760 f   LIBCMT:pesect.obj
 0001:0001d7a0       __FindPESection            1001e7a0 f   LIBCMT:pesect.obj
 0001:0001d7f0       __IsNonwritableInCurrentImage 1001e7f0 f   LIBCMT:pesect.obj
 0001:0001da67       ___crtGetStringTypeA       1001ea67 f   LIBCMT:a_str.obj
 0001:0001daa9       ___free_lc_time            1001eaa9 f   LIBCMT:inittime.obj
 0001:0001dc3e       ___free_lconv_num          1001ec3e f   LIBCMT:initnum.obj
 0001:0001dc83       ___free_lconv_mon          1001ec83 f   LIBCMT:initmon.obj
 0001:0001dd11       _strcat_s                  1001ed11 f   LIBCMT:strcat_s.obj
 0001:0001dd90       _strcspn                   1001ed90 f   LIBCMT:strcspn.obj
 0001:0001ddd6       _strncpy_s                 1001edd6 f   LIBCMT:strncpy_s.obj
 0001:0001de90       _strpbrk                   1001ee90 f   LIBCMT:strpbrk.obj
 0001:0001ded0       ___ansicp                  1001eed0 f   LIBCMT:convrtcp.obj
 0001:0001df19       ___convertcp               1001ef19 f   LIBCMT:convrtcp.obj
 0001:0001e0d0       __alloca_probe_16          1001f0d0 f   LIBCMT:alloca16.obj
 0001:0001e0e6       __alloca_probe_8           1001f0e6     LIBCMT:alloca16.obj
 0001:0001e153       __VEC_memzero              1001f153 f   LIBCMT:p4_memset.obj
 0001:0001e1e2       __msize                    1001f1e2 f   LIBCMT:msize.obj
 0001:0001e285       __calloc_impl              1001f285 f   LIBCMT:calloc_impl.obj
 0001:0001e3a3       _realloc                   1001f3a3 f   LIBCMT:realloc.obj
 0001:0001e5be       __initp_misc_winsig        1001f5be f   LIBCMT:winsig.obj
 0001:0001e613       ___get_sigabrt             1001f613 f   LIBCMT:winsig.obj
 0001:0001e620       _raise                     1001f620 f   LIBCMT:winsig.obj
 0001:0001e7d0       __initp_misc_rand_s        1001f7d0 f   LIBCMT:rand_s.obj
 0001:0001e7df       __initp_misc_purevirt      1001f7df f   LIBCMT:inithelp.obj
 0001:0001e841       __ismbblead                1001f841 f   LIBCMT:ismbbyte.obj
 0001:0001e859       ?_ValidateRead@@YAHPBXI@Z  1001f859 f   LIBCMT:validate.obj
 0001:0001e859       ?_ValidateExecute@@YAHP6GHXZ@Z 1001f859 f   LIBCMT:validate.obj
 0001:0001e859       ?_ValidateWrite@@YAHPAXI@Z 1001f859 f   LIBCMT:validate.obj
 0001:0001e86b       _abort                     1001f86b f   LIBCMT:abort.obj
 0001:0001e984       __global_unwind2           1001f984 f   LIBCMT:exsup.obj
 0001:0001e9e9       __local_unwind2            1001f9e9 f   LIBCMT:exsup.obj
 0001:0001ea6d       __abnormal_termination     1001fa6d f   LIBCMT:exsup.obj
 0001:0001ea90       __NLG_Notify1              1001fa90 f   LIBCMT:exsup.obj
 0001:0001ea99       __NLG_Notify               1001fa99 f   LIBCMT:exsup.obj
 0001:0001eab0       __NLG_Dispatch             1001fab0     LIBCMT:exsup.obj
 0001:0001eab0       __NLG_Dispatch2            1001fab0     LIBCMT:exsup.obj
 0001:0001eab8       __NLG_Call                 1001fab8 f   LIBCMT:exsup.obj
 0001:0001eaba       __NLG_Return2              1001faba     LIBCMT:exsup.obj
 0001:0001eabb       __free_osfhnd              1001fabb f   LIBCMT:osfinfo.obj
 0001:0001eb41       __get_osfhandle            1001fb41 f   LIBCMT:osfinfo.obj
 0001:0001ebb8       ___lock_fhandle            1001fbb8 f   LIBCMT:osfinfo.obj
 0001:0001ec58       __unlock_fhandle           1001fc58 f   LIBCMT:osfinfo.obj
 0001:0001ec7f       __putwch_nolock            1001fc7f f   LIBCMT:putwch.obj
 0001:0001ed44       __mbtowc_l                 1001fd44 f   LIBCMT:mbtowc.obj
 0001:0001ee5b       _mbtowc                    1001fe5b f   LIBCMT:mbtowc.obj
 0001:0001ee80       __alloca_probe             1001fe80     LIBCMT:chkstk.obj
 0001:0001ee80       __chkstk                   1001fe80 f   LIBCMT:chkstk.obj
 0001:0001eeab       __fcloseall                1001feab f   LIBCMT:closeall.obj
 0001:0001ef4a       __flush                    1001ff4a f   LIBCMT:fflush.obj
 0001:0001efb2       __fflush_nolock            1001ffb2 f   LIBCMT:fflush.obj
 0001:0001f0d7       __flushall                 100200d7 f   LIBCMT:fflush.obj
 0001:0001f0e0       __fptrap                   100200e0 f   LIBCMT:crt0fp.obj
 0001:0001f318       _strtol                    10020318 f   LIBCMT:strtol.obj
 0001:0001f343       ___crtMessageBoxA          10020343 f   LIBCMT:crtmbox.obj
 0001:0001f4ac       __set_error_mode           100204ac f   LIBCMT:errmode.obj
 0001:0001f4f7       _atol                      100204f7 f   LIBCMT:atox.obj
 0001:0001f510       __allmul                   10020510 f   LIBCMT:llmul.obj
 0001:0001f544       __isdigit_l                10020544 f i LIBCMT:_ctype.obj
 0001:0001f595       _isdigit                   10020595 f i LIBCMT:_ctype.obj
 0001:0001f5c3       ___initconout              100205c3 f   LIBCMT:initcon.obj
 0001:0001f5e2       ___termcon                 100205e2 f   LIBCMT:initcon.obj
 0001:0001f60f       __fclose_nolock            1002060f f   LIBCMT:fclose.obj
 0001:0001f686       _fclose                    10020686 f   LIBCMT:fclose.obj
 0001:0001f702       __commit                   10020702 f   LIBCMT:commit.obj
 0001:0001f7f0       ___ascii_strnicmp          100207f0 f   LIBCMT:_strnicm.obj
 0001:0001f851       __close_nolock             10020851 f   LIBCMT:close.obj
 0001:0001f8ed       __close                    100208ed f   LIBCMT:close.obj
 0001:0001f9ba       __freebuf                  100209ba f   LIBCMT:_freebuf.obj
 0001:0001fa00       _strchr                    10020a00 f   LIBCMT:strchr.obj
 0001:0001fa06       ___from_strstr_to_strchr   10020a06     LIBCMT:strchr.obj
 0001:0001fabe       _RtlUnwind@16              10020abe f   kernel32:KERNEL32.dll
 0001:0001fac4       __fpclear                  10020ac4 f   LIBCMT:_fpinit_.obj
 0001:0001fac4       __initp_misc_winxfltr      10020ac4 f   LIBCMT:winxfltr.obj
 0001:0001fac5       __cfltcvt_init             10020ac5 f   LIBCMT:_fpinit_.obj
 0001:0001fb25       __fpmath                   10020b25 f   LIBCMT:_fpinit_.obj
 0001:0001fb50       __ftol2_sse                10020b50 f   LIBCMT:ftol2.obj
 0001:0001fb59       __ftol2_pentium4           10020b59 f   LIBCMT:ftol2.obj
 0001:0001fb6c       __ftol2_sse_excpt          10020b6c f   LIBCMT:ftol2.obj
 0001:0001fb86       __ftol2                    10020b86 f   LIBCMT:ftol2.obj
 0001:0001fbfb       __forcdecpt_l              10020bfb f   LIBCMT:cvt.obj
 0001:0001fc6e       __cropzeros_l              10020c6e f   LIBCMT:cvt.obj
 0001:0001fcf0       __positive                 10020cf0 f   LIBCMT:cvt.obj
 0001:0001fd0c       __fassign_l                10020d0c f   LIBCMT:cvt.obj
 0001:0001fd4e       __fassign                  10020d4e f   LIBCMT:cvt.obj
 0001:0001fd87       __forcdecpt                10020d87 f   LIBCMT:cvt.obj
 0001:0001fd9a       __cropzeros                10020d9a f   LIBCMT:cvt.obj
 0001:0001ff1c       __cftoe_l                  10020f1c f   LIBCMT:cvt.obj
 0001:0001ffec       __cftoe                    10020fec f   LIBCMT:cvt.obj
 0001:0002000c       __cftoa_l                  1002100c f   LIBCMT:cvt.obj
 0001:00020476       __cftof_l                  10021476 f   LIBCMT:cvt.obj
 0001:00020531       __cftog_l                  10021531 f   LIBCMT:cvt.obj
 0001:0002062b       __cfltcvt_l                1002162b f   LIBCMT:cvt.obj
 0001:000206b3       __cfltcvt                  100216b3 f   LIBCMT:cvt.obj
 0001:000206d6       __setdefaultprecision      100216d6 f   LIBCMT:fp8.obj
 0001:00020701       __ms_p5_test_fdiv          10021701 f   LIBCMT:_testfdiv_.obj
 0001:0002073f       __ms_p5_mp_test_fdiv       1002173f f   LIBCMT:_testfdiv_.obj
 0001:00020770       _strrchr                   10021770 f   LIBCMT:strrchr.obj
 0001:0002079d       __atodbl_l                 1002179d f   LIBCMT:atodbl.obj
 0001:00020845       __atoflt_l                 10021845 f   LIBCMT:atodbl.obj
 0001:000208ed       __fptostr                  100218ed f   LIBCMT:_fptostr.obj
 0001:000209ac       ___dtold                   100219ac f   LIBCMT:_cfout_.obj
 0001:00020a69       __fltout2                  10021a69 f   LIBCMT:_cfout_.obj
 0001:00020b00       __alldvrm                  10021b00 f   LIBCMT:lldvrm.obj
 0001:00020be0       __aullshr                  10021be0 f   LIBCMT:ullshr.obj
 0001:00020bff       __controlfp_s              10021bff f   LIBCMT:_contrlfp_.obj
 0001:00020c6b       __ld12tod                  10021c6b f   LIBCMT:_intrncvt_.obj
 0001:000211af       __ld12tof                  100221af f   LIBCMT:_intrncvt_.obj
 0001:000216f3       ___strgtold12_l            100226f3 f   LIBCMT:_strgtold_.obj
 0001:00021deb       _$I10_OUTPUT               10022deb f   LIBCMT:_x10fout_.obj
 0001:0002283d       __control87                1002383d f i LIBCMT:_ieee87_.obj
 0001:00022b4c       ___mtold12                 10023b4c f   LIBCMT:_mantold_.obj
 0001:00022d1a       ___set_fpsr_sse2           10023d1a f   LIBCMT:_fpctrl_.obj
 0002:00000000       __imp__GetFullPathNameA@16 10025000     kernel32:KERNEL32.dll
 0002:00000004       __imp__FindFirstFileA@8    10025004     kernel32:KERNEL32.dll
 0002:00000008       __imp__GetProcAddress@8    10025008     kernel32:KERNEL32.dll
 0002:0000000c       __imp__FindClose@4         1002500c     kernel32:KERNEL32.dll
 0002:00000010       __imp__GetPrivateProfileStringA@24 10025010     kernel32:KERNEL32.dll
 0002:00000014       __imp__LoadLibraryA@4      10025014     kernel32:KERNEL32.dll
 0002:00000018       __imp__FindNextFileA@8     10025018     kernel32:KERNEL32.dll
 0002:0000001c       __imp__GetCurrentDirectoryA@8 1002501c     kernel32:KERNEL32.dll
 0002:00000020       __imp__CreateFileA@28      10025020     kernel32:KERNEL32.dll
 0002:00000024       __imp__SetFilePointer@16   10025024     kernel32:KERNEL32.dll
 0002:00000028       __imp__CloseHandle@4       10025028     kernel32:KERNEL32.dll
 0002:0000002c       __imp__GetLastError@0      1002502c     kernel32:KERNEL32.dll
 0002:00000030       __imp__HeapFree@12         10025030     kernel32:KERNEL32.dll
 0002:00000034       __imp__TerminateProcess@8  10025034     kernel32:KERNEL32.dll
 0002:00000038       __imp__GetCurrentProcess@0 10025038     kernel32:KERNEL32.dll
 0002:0000003c       __imp__UnhandledExceptionFilter@4 1002503c     kernel32:KERNEL32.dll
 0002:00000040       __imp__SetUnhandledExceptionFilter@4 10025040     kernel32:KERNEL32.dll
 0002:00000044       __imp__IsDebuggerPresent@0 10025044     kernel32:KERNEL32.dll
 0002:00000048       __imp__GetCurrentThreadId@0 10025048     kernel32:KERNEL32.dll
 0002:0000004c       __imp__GetCommandLineA@0   1002504c     kernel32:KERNEL32.dll
 0002:00000050       __imp__RaiseException@16   10025050     kernel32:KERNEL32.dll
 0002:00000054       __imp__RtlUnwind@16        10025054     kernel32:KERNEL32.dll
 0002:00000058       __imp__HeapAlloc@12        10025058     kernel32:KERNEL32.dll
 0002:0000005c       __imp__HeapCreate@12       1002505c     kernel32:KERNEL32.dll
 0002:00000060       __imp__HeapDestroy@4       10025060     kernel32:KERNEL32.dll
 0002:00000064       __imp__VirtualFree@12      10025064     kernel32:KERNEL32.dll
 0002:00000068       __imp__DeleteCriticalSection@4 10025068     kernel32:KERNEL32.dll
 0002:0000006c       __imp__LeaveCriticalSection@4 1002506c     kernel32:KERNEL32.dll
 0002:00000070       __imp__EnterCriticalSection@4 10025070     kernel32:KERNEL32.dll
 0002:00000074       __imp__VirtualAlloc@16     10025074     kernel32:KERNEL32.dll
 0002:00000078       __imp__HeapReAlloc@16      10025078     kernel32:KERNEL32.dll
 0002:0000007c       __imp__GetCPInfo@8         1002507c     kernel32:KERNEL32.dll
 0002:00000080       __imp__InterlockedIncrement@4 10025080     kernel32:KERNEL32.dll
 0002:00000084       __imp__InterlockedDecrement@4 10025084     kernel32:KERNEL32.dll
 0002:00000088       __imp__GetACP@0            10025088     kernel32:KERNEL32.dll
 0002:0000008c       __imp__GetOEMCP@0          1002508c     kernel32:KERNEL32.dll
 0002:00000090       __imp__IsValidCodePage@4   10025090     kernel32:KERNEL32.dll
 0002:00000094       __imp__GetModuleHandleW@4  10025094     kernel32:KERNEL32.dll
 0002:00000098       __imp__TlsGetValue@4       10025098     kernel32:KERNEL32.dll
 0002:0000009c       __imp__TlsAlloc@0          1002509c     kernel32:KERNEL32.dll
 0002:000000a0       __imp__TlsSetValue@8       100250a0     kernel32:KERNEL32.dll
 0002:000000a4       __imp__TlsFree@4           100250a4     kernel32:KERNEL32.dll
 0002:000000a8       __imp__SetLastError@4      100250a8     kernel32:KERNEL32.dll
 0002:000000ac       __imp__LCMapStringA@24     100250ac     kernel32:KERNEL32.dll
 0002:000000b0       __imp__WideCharToMultiByte@32 100250b0     kernel32:KERNEL32.dll
 0002:000000b4       __imp__MultiByteToWideChar@24 100250b4     kernel32:KERNEL32.dll
 0002:000000b8       __imp__LCMapStringW@24     100250b8     kernel32:KERNEL32.dll
 0002:000000bc       __imp__Sleep@4             100250bc     kernel32:KERNEL32.dll
 0002:000000c0       __imp__ExitProcess@4       100250c0     kernel32:KERNEL32.dll
 0002:000000c4       __imp__SetHandleCount@4    100250c4     kernel32:KERNEL32.dll
 0002:000000c8       __imp__GetStdHandle@4      100250c8     kernel32:KERNEL32.dll
 0002:000000cc       __imp__GetFileType@4       100250cc     kernel32:KERNEL32.dll
 0002:000000d0       __imp__GetStartupInfoA@4   100250d0     kernel32:KERNEL32.dll
 0002:000000d4       __imp__GetModuleFileNameA@12 100250d4     kernel32:KERNEL32.dll
 0002:000000d8       __imp__FreeEnvironmentStringsA@4 100250d8     kernel32:KERNEL32.dll
 0002:000000dc       __imp__GetEnvironmentStrings@0 100250dc     kernel32:KERNEL32.dll
 0002:000000e0       __imp__FreeEnvironmentStringsW@4 100250e0     kernel32:KERNEL32.dll
 0002:000000e4       __imp__GetEnvironmentStringsW@0 100250e4     kernel32:KERNEL32.dll
 0002:000000e8       __imp__QueryPerformanceCounter@4 100250e8     kernel32:KERNEL32.dll
 0002:000000ec       __imp__GetTickCount@0      100250ec     kernel32:KERNEL32.dll
 0002:000000f0       __imp__GetCurrentProcessId@0 100250f0     kernel32:KERNEL32.dll
 0002:000000f4       __imp__GetSystemTimeAsFileTime@4 100250f4     kernel32:KERNEL32.dll
 0002:000000f8       __imp__WriteFile@20        100250f8     kernel32:KERNEL32.dll
 0002:000000fc       __imp__GetConsoleCP@0      100250fc     kernel32:KERNEL32.dll
 0002:00000100       __imp__GetConsoleMode@8    10025100     kernel32:KERNEL32.dll
 0002:00000104       __imp__InitializeCriticalSectionAndSpinCount@8 10025104     kernel32:KERNEL32.dll
 0002:00000108       __imp__GetStringTypeA@20   10025108     kernel32:KERNEL32.dll
 0002:0000010c       __imp__GetStringTypeW@16   1002510c     kernel32:KERNEL32.dll
 0002:00000110       __imp__GetLocaleInfoA@16   10025110     kernel32:KERNEL32.dll
 0002:00000114       __imp__HeapSize@12         10025114     kernel32:KERNEL32.dll
 0002:00000118       __imp__SetStdHandle@8      10025118     kernel32:KERNEL32.dll
 0002:0000011c       __imp__WriteConsoleA@20    1002511c     kernel32:KERNEL32.dll
 0002:00000120       __imp__GetConsoleOutputCP@0 10025120     kernel32:KERNEL32.dll
 0002:00000124       __imp__WriteConsoleW@20    10025124     kernel32:KERNEL32.dll
 0002:00000128       __imp__FlushFileBuffers@4  10025128     kernel32:KERNEL32.dll
 0002:0000012c       __imp__GetModuleHandleA@4  1002512c     kernel32:KERNEL32.dll
 0002:00000130       \177KERNEL32_NULL_THUNK_DATA 10025130     kernel32:KERNEL32.dll
 0002:00000134       __imp__GetKeyState@4       10025134     user32:USER32.dll
 0002:00000138       \177USER32_NULL_THUNK_DATA 10025138     user32:USER32.dll
 0002:0000013c       ___xc_a                    1002513c     LIBCMT:crt0init.obj
 0002:00000140       ___xc_z                    10025140     LIBCMT:crt0init.obj
 0002:00000144       ___xi_a                    10025144     LIBCMT:crt0init.obj
 0002:00000158       ___xi_z                    10025158     LIBCMT:crt0init.obj
 0002:0000015c       ___xp_a                    1002515c     LIBCMT:crt0init.obj
 0002:00000168       ___xp_z                    10025168     LIBCMT:crt0init.obj
 0002:0000016c       ___xt_a                    1002516c     LIBCMT:crt0init.obj
 0002:00000170       ___xt_z                    10025170     LIBCMT:crt0init.obj
 0002:000001a0       ??_7bad_alloc@std@@6B@     100251a0     libcpmt:string.obj
 0002:000001ac       ??_7logic_error@std@@6B@   100251ac     libcpmt:string.obj
 0002:000001b8       ??_7length_error@std@@6B@  100251b8     libcpmt:string.obj
 0002:000001c4       ??_7out_of_range@std@@6B@  100251c4     libcpmt:string.obj
 0002:000001cc       ??_C@_0BA@JFNIOLAK@string?5too?5long?$AA@ 100251cc     libcpmt:string.obj
 0002:000001dc       ??_C@_0BI@CFPLBAOH@invalid?5string?5position?$AA@ 100251dc     libcpmt:string.obj
 0002:000001f8       ??_7exception@std@@6B@     100251f8     LIBCMT:stdexcpt.obj
 0002:00000200       ??_C@_0BC@EOODALEL@Unknown?5exception?$AA@ 10025200     LIBCMT:stdexcpt.obj
 0002:00000218       ??_7type_info@@6B@         10025218     LIBCMT:typinfo.obj
 0002:0000021c       __pDefaultRawDllMain       1002521c     LIBCMT:dllcrt0.obj
 0002:0000021c       __pRawDllMain              1002521c     LIBCMT:dllcrt0.obj
 0002:00000248       ??_C@_1O@CEDCILHN@?$AA?$CI?$AAn?$AAu?$AAl?$AAl?$AA?$CJ?$AA?$AA@ 10025248     LIBCMT:output.obj
 0002:00000258       ??_C@_06OJHGLDPL@?$CInull?$CJ?$AA@ 10025258     LIBCMT:output.obj
 0002:00000260       ___lookuptable             10025260     LIBCMT:output.obj
 0002:00000340       ??_C@_01NEMOKFLO@?$DN?$AA@ 10025340     LIBCMT:setlocal.obj
 0002:00000344       ??_C@_0O@NLDKAIKN@EncodePointer?$AA@ 10025344     LIBCMT:tidtable.obj
 0002:00000354       ??_C@_1BK@DBDEIDLH@?$AAK?$AAE?$AAR?$AAN?$AAE?$AAL?$AA3?$AA2?$AA?4?$AAD?$AAL?$AAL?$AA?$AA@ 10025354     LIBCMT:tidtable.obj
 0002:00000370       ??_C@_0O@KBPMFGHI@DecodePointer?$AA@ 10025370     LIBCMT:tidtable.obj
 0002:00000380       ??_C@_07PEJMOBNF@FlsFree?$AA@ 10025380     LIBCMT:tidtable.obj
 0002:00000388       ??_C@_0M@JCPCPOEF@FlsSetValue?$AA@ 10025388     LIBCMT:tidtable.obj
 0002:00000394       ??_C@_0M@GDNOONDI@FlsGetValue?$AA@ 10025394     LIBCMT:tidtable.obj
 0002:000003a0       ??_C@_08KNHFBNJ@FlsAlloc?$AA@ 100253a0     LIBCMT:tidtable.obj
 0002:000003ac       ??_C@_13NOLLCAOD@?$AA?$AA?$AA?$AA@ 100253ac     LIBCMT:a_map.obj
 0002:000003b0       ??_C@_0P@MIGLKIOC@CorExitProcess?$AA@ 100253b0     LIBCMT:crt0dat.obj
 0002:000003c0       ??_C@_1BI@BGOHAHKC@?$AAm?$AAs?$AAc?$AAo?$AAr?$AAe?$AAe?$AA?4?$AAd?$AAl?$AAl?$AA?$AA@ 100253c0     LIBCMT:crt0dat.obj
 0002:000003d8       __XcptActTab               100253d8     LIBCMT:winxfltr.obj
 0002:00000450       __pDestructExceptionObject 10025450     LIBCMT:frame.obj
 0002:00000458       ??_7bad_exception@std@@6B@ 10025458     LIBCMT:frame.obj
 0002:00000460       ??_C@_0O@DPKOEFFH@bad?5exception?$AA@ 10025460     LIBCMT:frame.obj
 0002:00000470       ___lookuptable_s           10025470     LIBCMT:outputs.obj
 0002:000004cc       ??_C@_0P@GGKDKEEG@runtime?5error?5?$AA@ 100254cc     LIBCMT:crt0msg.obj
 0002:000004dc       ??_C@_02PCIJFNDE@?$AN?6?$AA@ 100254dc     LIBCMT:crt0msg.obj
 0002:000004e0       ??_C@_0O@MJNIPGOH@TLOSS?5error?$AN?6?$AA@ 100254e0     LIBCMT:crt0msg.obj
 0002:000004f0       ??_C@_0N@BONNPDHF@SING?5error?$AN?6?$AA@ 100254f0     LIBCMT:crt0msg.obj
 0002:00000500       ??_C@_0P@MBDAJNE@DOMAIN?5error?$AN?6?$AA@ 10025500     LIBCMT:crt0msg.obj
 0002:00000510       ??_C@_0JL@DFDOOABL@R6034?$AN?6An?5application?5has?5made?5a@ 10025510     LIBCMT:crt0msg.obj
 0002:000005b0       ??_C@_0PH@EPAFIJ@R6033?$AN?6?9?5Attempt?5to?5use?5MSIL?5cod@ 100255b0     LIBCMT:crt0msg.obj
 0002:000006a8       ??_C@_0DD@BKEEABMM@R6032?$AN?6?9?5not?5enough?5space?5for?5lo@ 100256a8     LIBCMT:crt0msg.obj
 0002:000006e0       ??_C@_0GD@OFKILIED@R6031?$AN?6?9?5Attempt?5to?5initialize?5t@ 100256e0     LIBCMT:crt0msg.obj
 0002:00000744       ??_C@_0BP@LPMHJOKI@R6030?$AN?6?9?5CRT?5not?5initialized?$AN?6?$AA@ 10025744     LIBCMT:crt0msg.obj
 0002:00000764       ??_C@_0CF@KJDAIALP@R6028?$AN?6?9?5unable?5to?5initialize?5he@ 10025764     LIBCMT:crt0msg.obj
 0002:0000078c       ??_C@_0DF@GAKBPDFP@R6027?$AN?6?9?5not?5enough?5space?5for?5lo@ 1002578c     LIBCMT:crt0msg.obj
 0002:000007c4       ??_C@_0DF@IBLNNAIG@R6026?$AN?6?9?5not?5enough?5space?5for?5st@ 100257c4     LIBCMT:crt0msg.obj
 0002:000007fc       ??_C@_0CG@IOHKGFNJ@R6025?$AN?6?9?5pure?5virtual?5function?5c@ 100257fc     LIBCMT:crt0msg.obj
 0002:00000824       ??_C@_0DF@JIJJFJDC@R6024?$AN?6?9?5not?5enough?5space?5for?5_o@ 10025824     LIBCMT:crt0msg.obj
 0002:0000085c       ??_C@_0CJ@EGEJHFME@R6019?$AN?6?9?5unable?5to?5open?5console?5@ 1002585c     LIBCMT:crt0msg.obj
 0002:00000888       ??_C@_0CB@GNHNIELH@R6018?$AN?6?9?5unexpected?5heap?5error?$AN?6@ 10025888     LIBCMT:crt0msg.obj
 0002:000008ac       ??_C@_0CN@FOLDKNG@R6017?$AN?6?9?5unexpected?5multithread?5@ 100258ac     LIBCMT:crt0msg.obj
 0002:000008dc       ??_C@_0CM@FAHFJNHO@R6016?$AN?6?9?5not?5enough?5space?5for?5th@ 100258dc     LIBCMT:crt0msg.obj
 0002:00000908       ??_C@_0JG@LBKMGKLD@?$AN?6This?5application?5has?5requested@ 10025908     LIBCMT:crt0msg.obj
 0002:000009a0       ??_C@_0CM@FLCNIPKK@R6009?$AN?6?9?5not?5enough?5space?5for?5en@ 100259a0     LIBCMT:crt0msg.obj
 0002:000009cc       ??_C@_0CK@KMMJOAPP@R6008?$AN?6?9?5not?5enough?5space?5for?5ar@ 100259cc     LIBCMT:crt0msg.obj
 0002:000009f8       ??_C@_0CN@LEKKICBM@R6002?$AN?6?9?5floating?5point?5support?5@ 100259f8     LIBCMT:crt0msg.obj
 0002:00000a28       ??_C@_0CF@GOGNBNAK@Microsoft?5Visual?5C?$CL?$CL?5Runtime?5Lib@ 10025a28     LIBCMT:crt0msg.obj
 0002:00000a50       ??_C@_02PHMGELLB@?6?6?$AA@ 10025a50     LIBCMT:crt0msg.obj
 0002:00000a54       ??_C@_03KHICJKCI@?4?4?4?$AA@ 10025a54     LIBCMT:crt0msg.obj
 0002:00000a58       ??_C@_0BH@DNAGHKFM@?$DMprogram?5name?5unknown?$DO?$AA@ 10025a58     LIBCMT:crt0msg.obj
 0002:00000a70       ??_C@_0BK@OFGJDLJJ@Runtime?5Error?$CB?6?6Program?3?5?$AA@ 10025a70     LIBCMT:crt0msg.obj
 0002:00000a90       ___newctype                10025a90     LIBCMT:ctype.obj
 0002:00000d90       __wctype                   10025d90     LIBCMT:ctype.obj
 0002:00000f98       ___newclmap                10025f98     LIBCMT:ctype.obj
 0002:00001118       ___newcumap                10026118     LIBCMT:ctype.obj
 0002:00001298       ??_C@_08JCCMCCIL@HH?3mm?3ss?$AA@ 10026298     LIBCMT:strftime.obj
 0002:000012a4       ??_C@_0BE@CKGJFCPC@dddd?0?5MMMM?5dd?0?5yyyy?$AA@ 100262a4     LIBCMT:strftime.obj
 0002:000012b8       ??_C@_08BPBNCDIB@MM?1dd?1yy?$AA@ 100262b8     LIBCMT:strftime.obj
 0002:000012c4       ??_C@_02CJNFDJBF@PM?$AA@   100262c4     LIBCMT:strftime.obj
 0002:000012c8       ??_C@_02DEDBPAFC@AM?$AA@   100262c8     LIBCMT:strftime.obj
 0002:000012cc       ??_C@_08EDHMEBNP@December?$AA@ 100262cc     LIBCMT:strftime.obj
 0002:000012d8       ??_C@_08HCHEGEOA@November?$AA@ 100262d8     LIBCMT:strftime.obj
 0002:000012e4       ??_C@_07JJNFCEND@October?$AA@ 100262e4     LIBCMT:strftime.obj
 0002:000012ec       ??_C@_09BHHEALKD@September?$AA@ 100262ec     LIBCMT:strftime.obj
 0002:000012f8       ??_C@_06LBBHFDDG@August?$AA@ 100262f8     LIBCMT:strftime.obj
 0002:00001300       ??_C@_04MIEPOIFP@July?$AA@ 10026300     LIBCMT:strftime.obj
 0002:00001308       ??_C@_04CNLMGBGM@June?$AA@ 10026308     LIBCMT:strftime.obj
 0002:00001310       ??_C@_05DMJDNLEJ@April?$AA@ 10026310     LIBCMT:strftime.obj
 0002:00001318       ??_C@_05HPCKOFNC@March?$AA@ 10026318     LIBCMT:strftime.obj
 0002:00001320       ??_C@_08GNJGEPFN@February?$AA@ 10026320     LIBCMT:strftime.obj
 0002:0000132c       ??_C@_07CGJPFGJA@January?$AA@ 1002632c     LIBCMT:strftime.obj
 0002:00001334       ??_C@_03MKABNOCG@Dec?$AA@  10026334     LIBCMT:strftime.obj
 0002:00001338       ??_C@_03JPJOFNIA@Nov?$AA@  10026338     LIBCMT:strftime.obj
 0002:0000133c       ??_C@_03BMAOKBAD@Oct?$AA@  1002633c     LIBCMT:strftime.obj
 0002:00001340       ??_C@_03GGCAPAJC@Sep?$AA@  10026340     LIBCMT:strftime.obj
 0002:00001344       ??_C@_03IFJFEIGA@Aug?$AA@  10026344     LIBCMT:strftime.obj
 0002:00001348       ??_C@_03LBGABGKK@Jul?$AA@  10026348     LIBCMT:strftime.obj
 0002:0000134c       ??_C@_03IDFGHECI@Jun?$AA@  1002634c     LIBCMT:strftime.obj
 0002:00001350       ??_C@_03CNMDKL@May?$AA@    10026350     LIBCMT:strftime.obj
 0002:00001354       ??_C@_03LEOLGMJP@Apr?$AA@  10026354     LIBCMT:strftime.obj
 0002:00001358       ??_C@_03ODNJBKGA@Mar?$AA@  10026358     LIBCMT:strftime.obj
 0002:0000135c       ??_C@_03HJBDCHOM@Feb?$AA@  1002635c     LIBCMT:strftime.obj
 0002:00001360       ??_C@_03JIHJHPIE@Jan?$AA@  10026360     LIBCMT:strftime.obj
 0002:00001364       ??_C@_08INBOOONO@Saturday?$AA@ 10026364     LIBCMT:strftime.obj
 0002:00001370       ??_C@_06JECMNKMI@Friday?$AA@ 10026370     LIBCMT:strftime.obj
 0002:00001378       ??_C@_08HACCIKIA@Thursday?$AA@ 10026378     LIBCMT:strftime.obj
 0002:00001384       ??_C@_09DLIGFAKA@Wednesday?$AA@ 10026384     LIBCMT:strftime.obj
 0002:00001390       ??_C@_07BAAGCFCM@Tuesday?$AA@ 10026390     LIBCMT:strftime.obj
 0002:00001398       ??_C@_06JLEDEDGH@Monday?$AA@ 10026398     LIBCMT:strftime.obj
 0002:000013a0       ??_C@_06OOPIFAJ@Sunday?$AA@ 100263a0     LIBCMT:strftime.obj
 0002:000013a8       ??_C@_03FEFJNEK@Sat?$AA@   100263a8     LIBCMT:strftime.obj
 0002:000013ac       ??_C@_03IDIOELNC@Fri?$AA@  100263ac     LIBCMT:strftime.obj
 0002:000013b0       ??_C@_03IOFIKPDN@Thu?$AA@  100263b0     LIBCMT:strftime.obj
 0002:000013b4       ??_C@_03MHOMLAJA@Wed?$AA@  100263b4     LIBCMT:strftime.obj
 0002:000013b8       ??_C@_03NAGEINEP@Tue?$AA@  100263b8     LIBCMT:strftime.obj
 0002:000013bc       ??_C@_03PDAGKDH@Mon?$AA@   100263bc     LIBCMT:strftime.obj
 0002:000013c0       ??_C@_03KOEHGMDN@Sun?$AA@  100263c0     LIBCMT:strftime.obj
 0002:000013c4       ??_C@_0BK@CFCOFLF@?5Complete?5Object?5Locator?8?$AA@ 100263c4     LIBCMT:undname.obj
 0002:000013e0       ??_C@_0BN@MECKDCOJ@?5Class?5Hierarchy?5Descriptor?8?$AA@ 100263e0     LIBCMT:undname.obj
 0002:00001400       ??_C@_0BD@LGICGFMM@?5Base?5Class?5Array?8?$AA@ 10026400     LIBCMT:undname.obj
 0002:00001414       ??_C@_0BM@LDKODKLH@?5Base?5Class?5Descriptor?5at?5?$CI?$AA@ 10026414     LIBCMT:undname.obj
 0002:00001430       ??_C@_0BC@DAFEJGAK@?5Type?5Descriptor?8?$AA@ 10026430     LIBCMT:undname.obj
 0002:00001444       ??_C@_0BM@PMGGMLDN@?$GAlocal?5static?5thread?5guard?8?$AA@ 10026444     LIBCMT:undname.obj
 0002:00001460       ??_C@_0CL@FGIJHLCE@?$GAmanaged?5vector?5copy?5constructor@ 10026460     LIBCMT:undname.obj
 0002:0000148c       ??_C@_0CJ@GJELGAMM@?$GAvector?5vbase?5copy?5constructor?5i@ 1002648c     LIBCMT:undname.obj
 0002:000014b8       ??_C@_0CD@CGAJBKEJ@?$GAvector?5copy?5constructor?5iterato@ 100264b8     LIBCMT:undname.obj
 0002:000014dc       ??_C@_0CB@PDBIFEP@?$GAdynamic?5atexit?5destructor?5for?5?8@ 100264dc     LIBCMT:undname.obj
 0002:00001500       ??_C@_0BL@CLIPGLGB@?$GAdynamic?5initializer?5for?5?8?$AA@ 10026500     LIBCMT:undname.obj
 0002:0000151c       ??_C@_0CM@FCBBDIGB@?$GAeh?5vector?5vbase?5copy?5constructo@ 1002651c     LIBCMT:undname.obj
 0002:00001548       ??_C@_0CG@HLDDJMAG@?$GAeh?5vector?5copy?5constructor?5iter@ 10026548     LIBCMT:undname.obj
 0002:00001570       ??_C@_0CF@IMGKMJNO@?$GAmanaged?5vector?5destructor?5itera@ 10026570     LIBCMT:undname.obj
 0002:00001598       ??_C@_0CG@CFDHKGGD@?$GAmanaged?5vector?5constructor?5iter@ 10026598     LIBCMT:undname.obj
 0002:000015c0       ??_C@_0BN@CKNJLHMB@?$GAplacement?5delete?$FL?$FN?5closure?8?$AA@ 100265c0     LIBCMT:undname.obj
 0002:000015e0       ??_C@_0BL@CNOONJFP@?$GAplacement?5delete?5closure?8?$AA@ 100265e0     LIBCMT:undname.obj
 0002:000015fc       ??_C@_0P@HJKNJFNN@?$GAomni?5callsig?8?$AA@ 100265fc     LIBCMT:undname.obj
 0002:0000160c       ??_C@_09LBNFPBCA@?5delete?$FL?$FN?$AA@ 1002660c     LIBCMT:undname.obj
 0002:00001618       ??_C@_06FHBGPFGH@?5new?$FL?$FN?$AA@ 10026618     LIBCMT:undname.obj
 0002:00001620       ??_C@_0CE@IIHCMGGL@?$GAlocal?5vftable?5constructor?5closu@ 10026620     LIBCMT:undname.obj
 0002:00001644       ??_C@_0BA@KKLDJDLB@?$GAlocal?5vftable?8?$AA@ 10026644     LIBCMT:undname.obj
 0002:00001654       ??_C@_05KHLCHHI@?$GARTTI?$AA@ 10026654     LIBCMT:undname.obj
 0002:0000165c       ??_C@_03KLGMFNMG@?$GAEH?$AA@ 1002665c     LIBCMT:undname.obj
 0002:00001660       ??_C@_0BA@KBCDOMBN@?$GAudt?5returning?8?$AA@ 10026660     LIBCMT:undname.obj
 0002:00001670       ??_C@_0BL@LLKPOHJI@?$GAcopy?5constructor?5closure?8?$AA@ 10026670     LIBCMT:undname.obj
 0002:0000168c       ??_C@_0CH@OOJPLCPH@?$GAeh?5vector?5vbase?5constructor?5ite@ 1002668c     LIBCMT:undname.obj
 0002:000016b4       ??_C@_0CA@GCEOPDGL@?$GAeh?5vector?5destructor?5iterator?8?$AA@ 100266b4     LIBCMT:undname.obj
 0002:000016d4       ??_C@_0CB@JONCMFFK@?$GAeh?5vector?5constructor?5iterator?8@ 100266d4     LIBCMT:undname.obj
 0002:000016f8       ??_C@_0BL@NILFHHPC@?$GAvirtual?5displacement?5map?8?$AA@ 100266f8     LIBCMT:undname.obj
 0002:00001714       ??_C@_0CE@IKBNEHA@?$GAvector?5vbase?5constructor?5iterat@ 10026714     LIBCMT:undname.obj
 0002:00001738       ??_C@_0BN@LFPFMEDL@?$GAvector?5destructor?5iterator?8?$AA@ 10026738     LIBCMT:undname.obj
 0002:00001758       ??_C@_0BO@PFGOCPJJ@?$GAvector?5constructor?5iterator?8?$AA@ 10026758     LIBCMT:undname.obj
 0002:00001778       ??_C@_0BN@IMDCHIKM@?$GAscalar?5deleting?5destructor?8?$AA@ 10026778     LIBCMT:undname.obj
 0002:00001798       ??_C@_0BO@OBMKPJIG@?$GAdefault?5constructor?5closure?8?$AA@ 10026798     LIBCMT:undname.obj
 0002:000017b8       ??_C@_0BN@DEGPLNFK@?$GAvector?5deleting?5destructor?8?$AA@ 100267b8     LIBCMT:undname.obj
 0002:000017d8       ??_C@_0BD@JDLKDPAB@?$GAvbase?5destructor?8?$AA@ 100267d8     LIBCMT:undname.obj
 0002:000017ec       ??_C@_08OBABFOLI@?$GAstring?8?$AA@ 100267ec     LIBCMT:undname.obj
 0002:000017f8       ??_C@_0BF@KDPPACIK@?$GAlocal?5static?5guard?8?$AA@ 100267f8     LIBCMT:undname.obj
 0002:00001810       ??_C@_08LLFFHHDJ@?$GAtypeof?8?$AA@ 10026810     LIBCMT:undname.obj
 0002:0000181c       ??_C@_07FEEIOKP@?$GAvcall?8?$AA@ 1002681c     LIBCMT:undname.obj
 0002:00001824       ??_C@_09BLBHBJP@?$GAvbtable?8?$AA@ 10026824     LIBCMT:undname.obj
 0002:00001830       ??_C@_09IFPLHPGF@?$GAvftable?8?$AA@ 10026830     LIBCMT:undname.obj
 0002:0000183c       ??_C@_02MHEGNOJ@?$FO?$DN?$AA@ 1002683c     LIBCMT:undname.obj
 0002:00001840       ??_C@_02DHLNPPGH@?$HM?$DN?$AA@ 10026840     LIBCMT:undname.obj
 0002:00001844       ??_C@_02FGJGFEAB@?$CG?$DN?$AA@ 10026844     LIBCMT:undname.obj
 0002:00001848       ??_C@_03CDNPDDLA@?$DM?$DM?$DN?$AA@ 10026848     LIBCMT:undname.obj
 0002:0000184c       ??_C@_03IKFCCPFF@?$DO?$DO?$DN?$AA@ 1002684c     LIBCMT:undname.obj
 0002:00001850       ??_C@_02FENAOKFI@?$CF?$DN?$AA@ 10026850     LIBCMT:undname.obj
 0002:00001854       ??_C@_02FJEHGPIO@?1?$DN?$AA@ 10026854     LIBCMT:undname.obj
 0002:00001858       ??_C@_02FKMDLLOA@?9?$DN?$AA@ 10026858     LIBCMT:undname.obj
 0002:0000185c       ??_C@_02FOEOMHFC@?$CL?$DN?$AA@ 1002685c     LIBCMT:undname.obj
 0002:00001860       ??_C@_02FPIMKNGF@?$CK?$DN?$AA@ 10026860     LIBCMT:undname.obj
 0002:00001864       ??_C@_02NONPIBCD@?$HM?$HM?$AA@ 10026864     LIBCMT:undname.obj
 0002:00001868       ??_C@_02PPKAJPJL@?$CG?$CG?$AA@ 10026868     LIBCMT:undname.obj
 0002:0000186c       ??_C@_01DNKMNLPK@?$HM?$AA@ 1002686c     LIBCMT:undname.obj
[...]
 0001:00022ee8       __ehhandler$??$_Adjust_heap@PAV?$basic_string@DU?$char_traits@D@std@@V?$allocator@D@2@@std@@HV12@P6A_NABV12@0@Z@std@@YAXPAV?$basic_string@DU?$char_traits@D@std@@V?$allocator@D@2@@0@HHV10@P6A_NABV10@2@Z@Z 10023ee8 f    CIL library: CIL module
 0001:00022f10       __unwindfunclet$??$_Insertion_sort1@PAV?$basic_string@DU?$char_traits@D@std@@V?$allocator@D@2@@std@@P6A_NABV12@0@ZV12@@std@@YAXPAV?$basic_string@DU?$char_traits@D@std@@V?$allocator@D@2@@0@0P6A_NABV10@1@Z0@Z$0 10023f10 f    CIL library: CIL module
 0001:00022f10       __unwindfunclet$?CreateNewBattleLogDlg@@YAXPAU_BattleMgr_@@@Z$0 10023f10 f    CIL library: CIL module
 0001:00022f18       __ehhandler$?CreateNewBattleLogDlg@@YAXPAU_BattleMgr_@@@Z 10023f18 f    CIL library: CIL module
 0001:00022f18       __ehhandler$??$_Insertion_sort1@PAV?$basic_string@DU?$char_traits@D@std@@V?$allocator@D@2@@std@@P6A_NABV12@0@ZV12@@std@@YAXPAV?$basic_string@DU?$char_traits@D@std@@V?$allocator@D@2@@0@0P6A_NABV10@1@Z0@Z 10023f18 f    CIL library: CIL module
 0001:00022f40       __unwindfunclet$??$_Uninit_fill_n@PAV?$basic_string@DU?$char_traits@D@std@@V?$allocator@D@2@@std@@IV12@V?$allocator@V?$basic_string@DU?$char_traits@D@std@@V?$allocator@D@2@@std@@@2@@std@@YAXPAV?$basic_string@DU?$char_traits@D@std@@V?$allocator@D@2@@0@IABV10@AAV?$allocator@V?$basic_string@DU?$char_traits@D@std@@V?$allocator@D@2@@std@@@0@U_Nonscalar_ptr_iterator_tag@0@U_Range_checked_iterator_tag@0@@Z$2 10023f40 f    CIL library: CIL module
 0001:00022f45       __ehhandler$??$_Uninit_fill_n@PAV?$basic_string@DU?$char_traits@D@std@@V?$allocator@D@2@@std@@IV12@V?$allocator@V?$basic_string@DU?$char_traits@D@std@@V?$allocator@D@2@@std@@@2@@std@@YAXPAV?$basic_string@DU?$char_traits@D@std@@V?$allocator@D@2@@0@IABV10@AAV?$allocator@V?$basic_string@DU?$char_traits@D@std@@V?$allocator@D@2@@std@@@0@U_Nonscalar_ptr_iterator_tag@0@U_Range_checked_iterator_tag@0@@Z 10023f45 f    CIL library: CIL module
 0001:00022f60       __ehhandler$??$_Construct@V?$_Vector_iterator@DV?$allocator@D@std@@@std@@@?$basic_string@DU?$char_traits@D@std@@V?$allocator@D@2@@std@@QAEXV?$_Vector_iterator@DV?$allocator@D@std@@@1@0Uforward_iterator_tag@1@@Z 10023f60 f    CIL library: CIL module
 0001:00022f80       __unwindfunclet$??$?HDU?$char_traits@D@std@@V?$allocator@D@1@@std@@YA?AV?$basic_string@DU?$char_traits@D@std@@V?$allocator@D@2@@0@ABV10@0@Z$0 10023f80 f    CIL library: CIL module
 0001:00022f80       __unwindfunclet$??$?HDU?$char_traits@D@std@@V?$allocator@D@1@@std@@YA?AV?$basic_string@DU?$char_traits@D@std@@V?$allocator@D@2@@0@ABV10@PBD@Z$0 10023f80 f    CIL library: CIL module
 0001:00022f88       __ehhandler$??$?HDU?$char_traits@D@std@@V?$allocator@D@1@@std@@YA?AV?$basic_string@DU?$char_traits@D@std@@V?$allocator@D@2@@0@ABV10@PBD@Z 10023f88 f    CIL library: CIL module
 0001:00022f88       __ehhandler$??$?HDU?$char_traits@D@std@@V?$allocator@D@1@@std@@YA?AV?$basic_string@DU?$char_traits@D@std@@V?$allocator@D@2@@0@ABV10@0@Z 10023f88 f    CIL library: CIL module
 0001:00022fb0       __unwindfunclet$?Y_Dlg_CustomPic@@YGHPAVHiHook@@HH@Z$0 10023fb0 f    CIL library: CIL module
 0001:00022fb8       __ehhandler$?Y_Dlg_CustomPic@@YGHPAVHiHook@@HH@Z 10023fb8 f    CIL library: CIL module
 0001:00022fe0       __unwindfunclet$?New_Dlg_CustomReq@@YAHPAU_Sphinx1_@@@Z$0 10023fe0 f    CIL library: CIL module
 0001:00022fe8       __ehhandler$?New_Dlg_CustomReq@@YAHPAU_Sphinx1_@@@Z 10023fe8 f    CIL library: CIL module
 0001:00023020       __unwindfunclet$?Y_WoG_PicDlg_Def@@YGXPAVHiHook@@PAD1@Z$0 10024020 f    CIL library: CIL module
 0001:00023020       __unwindfunclet$?Y_WoG_PicDlg_Pcx8@@YGXPAVHiHook@@PAD1@Z$0 10024020 f    CIL library: CIL module
 0001:00023020       __unwindfunclet$?IsSupportedFormatImage@@YAHPAD@Z$0 10024020 f    CIL library: CIL module
 0001:00023028       __unwindfunclet$?Y_WoG_PicDlg_Def@@YGXPAVHiHook@@PAD1@Z$1 10024028 f    CIL library: CIL module
 0001:00023028       __unwindfunclet$?Y_WoG_PicDlg_Pcx8@@YGXPAVHiHook@@PAD1@Z$1 10024028 f    CIL library: CIL module
 0001:00023028       __unwindfunclet$?IsSupportedFormatImage@@YAHPAD@Z$1 10024028 f    CIL library: CIL module
 0001:00023030       __ehhandler$?IsSupportedFormatImage@@YAHPAD@Z 10024030 f    CIL library: CIL module
 0001:00023030       __ehhandler$?Y_WoG_PicDlg_Pcx8@@YGXPAVHiHook@@PAD1@Z 10024030 f    CIL library: CIL module
 0001:00023030       __ehhandler$?Y_WoG_PicDlg_Def@@YGXPAVHiHook@@PAD1@Z 10024030 f    CIL library: CIL module
 0001:00023060       __unwindfunclet$??$_Pop_heap@PAV?$basic_string@DU?$char_traits@D@std@@V?$allocator@D@2@@std@@HV12@P6A_NABV12@0@Z@std@@YAXPAV?$basic_string@DU?$char_traits@D@std@@V?$allocator@D@2@@0@00V10@P6A_NABV10@2@ZPAH@Z$0 10024060 f    CIL library: CIL module
 0001:00023068       __ehhandler$??$_Pop_heap@PAV?$basic_string@DU?$char_traits@D@std@@V?$allocator@D@2@@std@@HV12@P6A_NABV12@0@Z@std@@YAXPAV?$basic_string@DU?$char_traits@D@std@@V?$allocator@D@2@@0@00V10@P6A_NABV10@2@ZPAH@Z 10024068 f    CIL library: CIL module
 0001:00023090       __unwindfunclet$??$_Uninit_move@PAV?$basic_string@DU?$char_traits@D@std@@V?$allocator@D@2@@std@@PAV12@V?$allocator@V?$basic_string@DU?$char_traits@D@std@@V?$allocator@D@2@@std@@@2@@std@@YAPAV?$basic_string@DU?$char_traits@D@std@@V?$allocator@D@2@@0@PAV10@00AAV?$allocator@V?$basic_string@DU?$char_traits@D@std@@V?$allocator@D@2@@std@@@0@U_Swap_move_tag@0@U_Range_checked_iterator_tag@0@@Z$2 10024090 f    CIL library: CIL module
 0001:00023098       __unwindfunclet$??$_Uninit_move@PAV?$basic_string@DU?$char_traits@D@std@@V?$allocator@D@2@@std@@PAV12@V?$allocator@V?$basic_string@DU?$char_traits@D@std@@V?$allocator@D@2@@std@@@2@@std@@YAPAV?$basic_string@DU?$char_traits@D@std@@V?$allocator@D@2@@0@PAV10@00AAV?$allocator@V?$basic_string@DU?$char_traits@D@std@@V?$allocator@D@2@@std@@@0@U_Swap_move_tag@0@U_Range_checked_iterator_tag@0@@Z$3 10024098 f    CIL library: CIL module
 0001:0002309d       __ehhandler$??$_Uninit_move@PAV?$basic_string@DU?$char_traits@D@std@@V?$allocator@D@2@@std@@PAV12@V?$allocator@V?$basic_string@DU?$char_traits@D@std@@V?$allocator@D@2@@std@@@2@@std@@YAPAV?$basic_string@DU?$char_traits@D@std@@V?$allocator@D@2@@0@PAV10@00AAV?$allocator@V?$basic_string@DU?$char_traits@D@std@@V?$allocator@D@2@@std@@@0@U_Swap_move_tag@0@U_Range_checked_iterator_tag@0@@Z 1002409d f    CIL library: CIL module
 0001:000230d0       __unwindfunclet$?_Xlen@?$vector@DV?$allocator@D@std@@@std@@KAXXZ$0 100240d0 f    CIL library: CIL module
 0001:000230d0       __unwindfunclet$?_Xlen@?$vector@V?$basic_string@DU?$char_traits@D@std@@V?$allocator@D@2@@std@@V?$allocator@V?$basic_string@DU?$char_traits@D@std@@V?$allocator@D@2@@std@@@2@@std@@KAXXZ$0 100240d0 f    CIL library: CIL module
 0001:000230d8       __ehhandler$?_Xlen@?$vector@V?$basic_string@DU?$char_traits@D@std@@V?$allocator@D@2@@std@@V?$allocator@V?$basic_string@DU?$char_traits@D@std@@V?$allocator@D@2@@std@@@2@@std@@KAXXZ 100240d8 f    CIL library: CIL module
 0001:000230d8       __ehhandler$?_Xlen@?$vector@DV?$allocator@D@std@@@std@@KAXXZ 100240d8 f    CIL library: CIL module
 0001:00023100       __unwindfunclet$?_Insert_n@?$vector@V?$basic_string@DU?$char_traits@D@std@@V?$allocator@D@2@@std@@V?$allocator@V?$basic_string@DU?$char_traits@D@std@@V?$allocator@D@2@@std@@@2@@std@@IAEXV?$_Vector_const_iterator@V?$basic_string@DU?$char_traits@D@std@@V?$allocator@D@2@@std@@V?$allocator@V?$basic_string@DU?$char_traits@D@std@@V?$allocator@D@2@@std@@@2@@2@IABV?$basic_string@DU?$char_traits@D@std@@V?$allocator@D@2@@2@@Z$4 10024100 f    CIL library: CIL module
 0001:00023108       __unwindfunclet$?_Insert_n@?$vector@V?$basic_string@DU?$char_traits@D@std@@V?$allocator@D@2@@std@@V?$allocator@V?$basic_string@DU?$char_traits@D@std@@V?$allocator@D@2@@std@@@2@@std@@IAEXV?$_Vector_const_iterator@V?$basic_string@DU?$char_traits@D@std@@V?$allocator@D@2@@std@@V?$allocator@V?$basic_string@DU?$char_traits@D@std@@V?$allocator@D@2@@std@@@2@@2@IABV?$basic_string@DU?$char_traits@D@std@@V?$allocator@D@2@@2@@Z$5 10024108 f    CIL library: CIL module
 0001:00023110       __ehhandler$?_Insert_n@?$vector@V?$basic_string@DU?$char_traits@D@std@@V?$allocator@D@2@@std@@V?$allocator@V?$basic_string@DU?$char_traits@D@std@@V?$allocator@D@2@@std@@@2@@std@@IAEXV?$_Vector_const_iterator@V?$basic_string@DU?$char_traits@D@std@@V?$allocator@D@2@@std@@V?$allocator@V?$basic_string@DU?$char_traits@D@std@@V?$allocator@D@2@@std@@@2@@2@IABV?$basic_string@DU?$char_traits@D@std@@V?$allocator@D@2@@2@@Z 10024110 f    CIL library: CIL module
 0001:00023140       __unwindfunclet$??0?$vector@V?$basic_string@DU?$char_traits@D@std@@V?$allocator@D@2@@std@@V?$allocator@V?$basic_string@DU?$char_traits@D@std@@V?$allocator@D@2@@std@@@2@@std@@QAE@XZ$0 10024140 f    CIL library: CIL module
 0001:00023140       __unwindfunclet$??0?$vector@DV?$allocator@D@std@@@std@@QAE@XZ$0 10024140 f    CIL library: CIL module
 0001:00023148       __ehhandler$??0?$vector@DV?$allocator@D@std@@@std@@QAE@XZ 10024148 f    CIL library: CIL module
 0001:00023148       __ehhandler$??0?$vector@V?$basic_string@DU?$char_traits@D@std@@V?$allocator@D@2@@std@@V?$allocator@V?$basic_string@DU?$char_traits@D@std@@V?$allocator@D@2@@std@@@2@@std@@QAE@XZ 10024148 f    CIL library: CIL module
 0001:00023170       __unwindfunclet$?expandFilePath@fsman@@YA?AV?$basic_string@DU?$char_traits@D@std@@V?$allocator@D@2@@std@@ABV23@@Z$0 10024170 f    CIL library: CIL module
 0001:00023178       __unwindfunclet$?expandFilePath@fsman@@YA?AV?$basic_string@DU?$char_traits@D@std@@V?$allocator@D@2@@std@@ABV23@@Z$1 10024178 f    CIL library: CIL module
 0001:00023180       __ehhandler$?expandFilePath@fsman@@YA?AV?$basic_string@DU?$char_traits@D@std@@V?$allocator@D@2@@std@@ABV23@@Z 10024180 f    CIL library: CIL module
 0001:000231b0       __unwindfunclet$?listFiles@FsMan@fsman@@QAE?AV?$vector@V?$basic_string@DU?$char_traits@D@std@@V?$allocator@D@2@@std@@V?$allocator@V?$basic_string@DU?$char_traits@D@std@@V?$allocator@D@2@@std@@@2@@std@@ABV?$basic_string@DU?$char_traits@D@std@@V?$allocator@D@2@@4@@Z$0 100241b0 f    CIL library: CIL module
 0001:000231d2       __unwindfunclet$?listFiles@FsMan@fsman@@QAE?AV?$vector@V?$basic_string@DU?$char_traits@D@std@@V?$allocator@D@2@@std@@V?$allocator@V?$basic_string@DU?$char_traits@D@std@@V?$allocator@D@2@@std@@@2@@std@@ABV?$basic_string@DU?$char_traits@D@std@@V?$allocator@D@2@@4@@Z$1 100241d2 f    CIL library: CIL module
 0001:000231dd       __unwindfunclet$?listFiles@FsMan@fsman@@QAE?AV?$vector@V?$basic_string@DU?$char_traits@D@std@@V?$allocator@D@2@@std@@V?$allocator@V?$basic_string@DU?$char_traits@D@std@@V?$allocator@D@2@@std@@@2@@std@@ABV?$basic_string@DU?$char_traits@D@std@@V?$allocator@D@2@@4@@Z$3 100241dd f    CIL library: CIL module
 0001:000231ff       __unwindfunclet$?listFiles@FsMan@fsman@@QAE?AV?$vector@V?$basic_string@DU?$char_traits@D@std@@V?$allocator@D@2@@std@@V?$allocator@V?$basic_string@DU?$char_traits@D@std@@V?$allocator@D@2@@std@@@2@@std@@ABV?$basic_string@DU?$char_traits@D@std@@V?$allocator@D@2@@4@@Z$4 100241ff f    CIL library: CIL module
 0001:0002320a       __unwindfunclet$?listFiles@FsMan@fsman@@QAE?AV?$vector@V?$basic_string@DU?$char_traits@D@std@@V?$allocator@D@2@@std@@V?$allocator@V?$basic_string@DU?$char_traits@D@std@@V?$allocator@D@2@@std@@@2@@std@@ABV?$basic_string@DU?$char_traits@D@std@@V?$allocator@D@2@@4@@Z$5 1002420a f    CIL library: CIL module
 0001:0002322c       __unwindfunclet$?listFiles@FsMan@fsman@@QAE?AV?$vector@V?$basic_string@DU?$char_traits@D@std@@V?$allocator@D@2@@std@@V?$allocator@V?$basic_string@DU?$char_traits@D@std@@V?$allocator@D@2@@std@@@2@@std@@ABV?$basic_string@DU?$char_traits@D@std@@V?$allocator@D@2@@4@@Z$6 1002422c f    CIL library: CIL module
 0001:00023237       __ehhandler$?listFiles@FsMan@fsman@@QAE?AV?$vector@V?$basic_string@DU?$char_traits@D@std@@V?$allocator@D@2@@std@@V?$allocator@V?$basic_string@DU?$char_traits@D@std@@V?$allocator@D@2@@std@@@2@@std@@ABV?$basic_string@DU?$char_traits@D@std@@V?$allocator@D@2@@4@@Z 10024237 f    CIL library: CIL module
 0001:00023270       __unwindfunclet$?listDirectories@FsMan@fsman@@QAE?AV?$vector@V?$basic_string@DU?$char_traits@D@std@@V?$allocator@D@2@@std@@V?$allocator@V?$basic_string@DU?$char_traits@D@std@@V?$allocator@D@2@@std@@@2@@std@@XZ$0 10024270 f    CIL library: CIL module
 0001:00023292       __unwindfunclet$?listDirectories@FsMan@fsman@@QAE?AV?$vector@V?$basic_string@DU?$char_traits@D@std@@V?$allocator@D@2@@std@@V?$allocator@V?$basic_string@DU?$char_traits@D@std@@V?$allocator@D@2@@std@@@2@@std@@XZ$2 10024292 f    CIL library: CIL module
 0001:0002329d       __unwindfunclet$?listDirectories@FsMan@fsman@@QAE?AV?$vector@V?$basic_string@DU?$char_traits@D@std@@V?$allocator@D@2@@std@@V?$allocator@V?$basic_string@DU?$char_traits@D@std@@V?$allocator@D@2@@std@@@2@@std@@XZ$3 1002429d f    CIL library: CIL module
 0001:000232bf       __unwindfunclet$?listDirectories@FsMan@fsman@@QAE?AV?$vector@V?$basic_string@DU?$char_traits@D@std@@V?$allocator@D@2@@std@@V?$allocator@V?$basic_string@DU?$char_traits@D@std@@V?$allocator@D@2@@std@@@2@@std@@XZ$4 100242bf f    CIL library: CIL module
 0001:000232ca       __unwindfunclet$?listDirectories@FsMan@fsman@@QAE?AV?$vector@V?$basic_string@DU?$char_traits@D@std@@V?$allocator@D@2@@std@@V?$allocator@V?$basic_string@DU?$char_traits@D@std@@V?$allocator@D@2@@std@@@2@@std@@XZ$5 100242ca f    CIL library: CIL module
 0001:000232ec       __unwindfunclet$?listDirectories@FsMan@fsman@@QAE?AV?$vector@V?$basic_string@DU?$char_traits@D@std@@V?$allocator@D@2@@std@@V?$allocator@V?$basic_string@DU?$char_traits@D@std@@V?$allocator@D@2@@std@@@2@@std@@XZ$6 100242ec f    CIL library: CIL module
 0001:000232f7       __ehhandler$?listDirectories@FsMan@fsman@@QAE?AV?$vector@V?$basic_string@DU?$char_traits@D@std@@V?$allocator@D@2@@std@@V?$allocator@V?$basic_string@DU?$char_traits@D@std@@V?$allocator@D@2@@std@@@2@@std@@XZ 100242f7 f    CIL library: CIL module
 0001:00023330       __unwindfunclet$?expandFilePath@FsMan@fsman@@QAE?AV?$basic_string@DU?$char_traits@D@std@@V?$allocator@D@2@@std@@ABV34@@Z$0 10024330 f    CIL library: CIL module
 0001:00023349       __unwindfunclet$?expandFilePath@FsMan@fsman@@QAE?AV?$basic_string@DU?$char_traits@D@std@@V?$allocator@D@2@@std@@ABV34@@Z$1 10024349 f    CIL library: CIL module
 0001:00023362       __ehhandler$?expandFilePath@FsMan@fsman@@QAE?AV?$basic_string@DU?$char_traits@D@std@@V?$allocator@D@2@@std@@ABV34@@Z 10024362 f    CIL library: CIL module
 0001:00023380       __unwindfunclet$??0FsMan@fsman@@QAE@ABV?$basic_string@DU?$char_traits@D@std@@V?$allocator@D@2@@std@@@Z$0 10024380 f    CIL library: CIL module
 0001:00023388       __unwindfunclet$??0FsMan@fsman@@QAE@ABV?$basic_string@DU?$char_traits@D@std@@V?$allocator@D@2@@std@@@Z$1 10024388 f    CIL library: CIL module
 0001:00023390       __ehhandler$??0FsMan@fsman@@QAE@ABV?$basic_string@DU?$char_traits@D@std@@V?$allocator@D@2@@std@@@Z 10024390 f    CIL library: CIL module
 0001:000233b0       __unwindfunclet$?NewDlg_ChooseFile_Rebuild@@YGHPAV_CustomDlg_@@@Z$0 100243b0 f    CIL library: CIL module
 0001:000233b8       __unwindfunclet$?NewDlg_ChooseFile_Rebuild@@YGHPAV_CustomDlg_@@@Z$1 100243b8 f    CIL library: CIL module
 0001:000233c0       __unwindfunclet$?NewDlg_ChooseFile_Rebuild@@YGHPAV_CustomDlg_@@@Z$2 100243c0 f    CIL library: CIL module
 0001:000233c8       __unwindfunclet$?NewDlg_ChooseFile_Rebuild@@YGHPAV_CustomDlg_@@@Z$5 100243c8 f    CIL library: CIL module
 0001:000233d0       __unwindfunclet$?NewDlg_ChooseFile_Rebuild@@YGHPAV_CustomDlg_@@@Z$7 100243d0 f    CIL library: CIL module
 0001:000233db       __unwindfunclet$?NewDlg_ChooseFile_Rebuild@@YGHPAV_CustomDlg_@@@Z$8 100243db f    CIL library: CIL module
 0001:000233e6       __unwindfunclet$?NewDlg_ChooseFile_Rebuild@@YGHPAV_CustomDlg_@@@Z$9 100243e6 f    CIL library: CIL module
 0001:000233ee       __unwindfunclet$?NewDlg_ChooseFile_Rebuild@@YGHPAV_CustomDlg_@@@Z$10 100243ee f    CIL library: CIL module
 0001:000233f9       __ehhandler$?NewDlg_ChooseFile_Rebuild@@YGHPAV_CustomDlg_@@@Z 100243f9 f    CIL library: CIL module
 0001:00023430       __unwindfunclet$?NewDlg_ChooseFile_ScrollProc@@YIXHPAV_CustomDlg_@@@Z$1 10024430 f    CIL library: CIL module
 0001:00023438       __unwindfunclet$?NewDlg_ChooseFile_ScrollProc@@YIXHPAV_CustomDlg_@@@Z$3 10024438 f    CIL library: CIL module
 0001:00023443       __unwindfunclet$?NewDlg_ChooseFile_ScrollProc@@YIXHPAV_CustomDlg_@@@Z$4 10024443 f    CIL library: CIL module
 0001:0002344e       __unwindfunclet$?NewDlg_ChooseFile_ScrollProc@@YIXHPAV_CustomDlg_@@@Z$5 1002444e f    CIL library: CIL module
 0001:00023456       __unwindfunclet$?NewDlg_ChooseFile_ScrollProc@@YIXHPAV_CustomDlg_@@@Z$6 10024456 f    CIL library: CIL module
 0001:0002345e       __ehhandler$?NewDlg_ChooseFile_ScrollProc@@YIXHPAV_CustomDlg_@@@Z 1002445e f    CIL library: CIL module
 0001:00023480       __unwindfunclet$?changeDirectory@FsMan@fsman@@QAE_NABV?$basic_string@DU?$char_traits@D@std@@V?$allocator@D@2@@std@@@Z$0 10024480 f    CIL library: CIL module
 0001:00023488       __ehhandler$?changeDirectory@FsMan@fsman@@QAE_NABV?$basic_string@DU?$char_traits@D@std@@V?$allocator@D@2@@std@@@Z 10024488 f    CIL library: CIL module
 0001:000234b0       __unwindfunclet$?NewDlg_ChooseFile_JumpRootFolder@@YAHPAV_CustomDlg_@@@Z$0 100244b0 f    CIL library: CIL module
 0001:000234bb       __ehhandler$?NewDlg_ChooseFile_JumpRootFolder@@YAHPAV_CustomDlg_@@@Z 100244bb f    CIL library: CIL module
 0001:000234f0       __unwindfunclet$?NewDlg_ChooseFile_ChangeDirectory@@YAHPAV_CustomDlg_@@PAD@Z$0 100244f0 f    CIL library: CIL module
 0001:000234f8       __ehhandler$?NewDlg_ChooseFile_ChangeDirectory@@YAHPAV_CustomDlg_@@PAD@Z 100244f8 f    CIL library: CIL module
 0001:00023520       __unwindfunclet$?NewDlg_ChooseFile_FolderIn@@YAHPAV_CustomDlg_@@@Z$1 10024520 f    CIL library: CIL module
 0001:00023528       __ehhandler$?NewDlg_ChooseFile_FolderIn@@YAHPAV_CustomDlg_@@@Z 10024528 f    CIL library: CIL module
 0001:00023550       __unwindfunclet$?NewDlg_ChooseFile_FolderOut@@YAHPAV_CustomDlg_@@@Z$0 10024550 f    CIL library: CIL module
 0001:00023558       __unwindfunclet$?NewDlg_ChooseFile_FolderOut@@YAHPAV_CustomDlg_@@@Z$2 10024558 f    CIL library: CIL module
 0001:00023560       __ehhandler$?NewDlg_ChooseFile_FolderOut@@YAHPAV_CustomDlg_@@@Z 10024560 f    CIL library: CIL module
 0001:00023590       __unwindfunclet$?NewDlg_ChooseFile_Proc@@YGHPAV_CustomDlg_@@PAU_DlgMsg_@@@Z$0 10024590 f    CIL library: CIL module
 0001:00023598       __ehhandler$?NewDlg_ChooseFile_Proc@@YGHPAV_CustomDlg_@@PAU_DlgMsg_@@@Z 10024598 f    CIL library: CIL module
 0001:000235c0       __unwindfunclet$?NewDlg_ChooseFile@@YGHPAU_ChooseFile_@@@Z$0 100245c0 f    CIL library: CIL module
 0001:000235c8       __unwindfunclet$?NewDlg_ChooseFile@@YGHPAU_ChooseFile_@@@Z$1 100245c8 f    CIL library: CIL module
 0001:000235d0       __ehhandler$?NewDlg_ChooseFile@@YGHPAU_ChooseFile_@@@Z 100245d0 f    CIL library: CIL module
 0001:00023600       __unwindfunclet$?NewDlg_ChooseFile_Prepare@@YAHPAU_ChooseFile_@@@Z$0 10024600 f    CIL library: CIL module
 0001:0002360b       __unwindfunclet$?NewDlg_ChooseFile_Prepare@@YAHPAU_ChooseFile_@@@Z$1 1002460b f    CIL library: CIL module
 0001:00023613       __unwindfunclet$?NewDlg_ChooseFile_Prepare@@YAHPAU_ChooseFile_@@@Z$2 10024613 f    CIL library: CIL module
 0001:0002361b       __unwindfunclet$?NewDlg_ChooseFile_Prepare@@YAHPAU_ChooseFile_@@@Z$3 1002461b f    CIL library: CIL module
 0001:00023623       __ehhandler$?NewDlg_ChooseFile_Prepare@@YAHPAU_ChooseFile_@@@Z 10024623 f    CIL library: CIL module
 0001:00023651       ??__Fnomem@?5???2@YAPAXI@Z@YAXXZ 10024651 f   LIBCMT:new.obj
