 wog native dialogs

 Timestamp is 5fa939ec (Mon Nov 09 15:45:32 2020)

 Preferred load address is 10000000

 Start         Length     Name                   Class
 0001:00000000 00019fcdH .text                   CODE
 0001:00019fd0 00000000H .text$x                 CODE
 0001:00019fd0 00000014H .text$yd                CODE
 0002:00000000 0000011cH .idata$5                DATA
 0002:0000011c 00000004H .CRT$XCA                DATA
 0002:00000120 00000004H .CRT$XCZ                DATA
 0002:00000124 00000004H .CRT$XIA                DATA
 0002:00000128 00000010H .CRT$XIC                DATA
 0002:00000138 00000004H .CRT$XIZ                DATA
 0002:0000013c 00000004H .CRT$XPA                DATA
 0002:00000140 00000004H .CRT$XPX                DATA
 0002:00000144 00000004H .CRT$XPXA               DATA
 0002:00000148 00000004H .CRT$XPZ                DATA
 0002:0000014c 00000004H .CRT$XTA                DATA
 0002:00000150 00000004H .CRT$XTZ                DATA
 0002:00000160 000023e0H .rdata                  DATA
 0002:00002540 00000061H .rdata$debug            DATA
 0002:000025a4 000000dcH .rdata$r                DATA
 0002:00002680 0000000cH .rdata$sxdata           DATA
 0002:0000268c 00000004H .rtc$IAA                DATA
 0002:00002690 00000004H .rtc$IZZ                DATA
 0002:00002694 00000004H .rtc$TAA                DATA
 0002:00002698 00000004H .rtc$TZZ                DATA
 0002:000026a0 00000444H .xdata$x                DATA
 0002:00002ae4 00000014H .idata$2                DATA
 0002:00002af8 00000014H .idata$3                DATA
 0002:00002b0c 0000011cH .idata$4                DATA
 0002:00002c28 0000050cH .idata$6                DATA
 0002:00003140 0000005eH .edata                  DATA
 0003:00000000 00001318H .data                   DATA
 0003:00001320 000031b4H .bss                    DATA

  Address         Publics by Value              Rva+Base       Lib:Object

 0000:00000000       __except_list              00000000     <absolute>
 0000:00000003       ___safe_se_handler_count   00000003     <absolute>
 0000:00000000       ___ImageBase               10000000     <linker-defined>
 0001:00000000       ?WriteCodePatch@PatcherInstance@@QAAPAVPatch@@IPADZZ 10001000 f i wog native dialogs.obj
 0001:00000020       ??1bad_alloc@std@@UAE@XZ   10001020 f i wog native dialogs.obj
 0001:00000030       ??_Gbad_alloc@std@@UAEPAXI@Z 10001030 f i wog native dialogs.obj
 0001:00000030       ??_Ebad_alloc@std@@UAEPAXI@Z 10001030 f i  CIL library: CIL module
 0001:00000060       ?Redraw@_Dlg_@@QAEXH@Z     10001060 f i wog native dialogs.obj
 0001:00000080       ?Create@_DlgStaticDef_@@SAPAU1@HHHPADHHH@Z 10001080 f i wog native dialogs.obj
 0001:000000e0       ?Create@_DlgButton_@@SAPAU1@HHHPADHHHH@Z 100010e0 f i wog native dialogs.obj
 0001:00000130       ?Create@_DlgTextButton_@@SAPAU1@HHHPAD00HHHHH@Z 10001130 f i wog native dialogs.obj
 0001:00000190       ?b_MsgBox@@YAHPADH@Z       10001190 f i wog native dialogs.obj
 0001:000001c0       ?b_MsgBoxD@@YAHPADHHH@Z    100011c0 f i wog native dialogs.obj
 0001:00000200       ?GetHero@_GameMgr_@@QAEPAU_Hero_@@H@Z 10001200 f i wog native dialogs.obj
 0001:00000220       ?Get_ITxtExp@@YAPADH@Z     10001220 f i wog native dialogs.obj
 0001:00000240       ?Set_DlgBackground_RK@@YAHPAV_CustomDlg_@@HH@Z 10001240 f   wog native dialogs.obj
 0001:00000820       ?b_MsgBoxAndDef@@YAXPADH0@Z 10001820 f   wog native dialogs.obj
 0001:00000a50       ?b_MsgBoxBig@@YAXPADD@Z    10001a50 f   wog native dialogs.obj
 0001:00000b90       ?e_ClickSound@@YAXXZ       10001b90 f i wog native dialogs.obj
 0001:00000be0       ?ConnectEra@Era@@YAXXZ     10001be0 f   wog native dialogs.obj
 0001:00000f20       ?F_MsgBox_ResetYellowFrames@@YAHPAU_Dlg_@@H@Z 10001f20 f   wog native dialogs.obj
 0001:00000f70       ?F_MsgBox_Return@@YAHPAU_DlgMsg_@@H@Z 10001f70 f   wog native dialogs.obj
 0001:00000fa0       ?Y_New_MsgBox_Proc@@YGHPAVHiHook@@PAU_DlgMsg_@@@Z 10001fa0 f   wog native dialogs.obj
 0001:00001160       ?Y_New_MsgBox_SetDefaultFrameEnabled@@YGHPAVLoHook@@PAUHookContext@@@Z 10002160 f   wog native dialogs.obj
 0001:00001210       ?Y_New_MsgBox_GetBitMask@@YGHPAVHiHook@@PAU_GameMgr_@@@Z 10002210 f   wog native dialogs.obj
 0001:00001280       ?Dlg_MsgBox@@YAXPAVPatcherInstance@@@Z 10002280 f   wog native dialogs.obj
 0001:00001300       ?Dlg_ChangeBmp@@YAXPAVPatcherInstance@@@Z 10002300 f   wog native dialogs.obj
 0001:00002110       ?Y_New_CommanderDlg_Proc@@YGHPAV_CustomDlg_@@PAU_DlgMsg_@@@Z 10003110 f   wog native dialogs.obj
 0001:000028b0       ?Y_Dlg_NPC_Show@@YGHPAVHiHook@@PAU_DlgNPC_@@@Z 100038b0 f   wog native dialogs.obj
 0001:00003fb0       ?Y_Dlg_NPC_Prepare@@YGXPAVHiHook@@PAU_Npc_@@HHH@Z 10004fb0 f   wog native dialogs.obj
 0001:00003ff0       ?Y_Dlg_NPC_ShowAgain_IfGetArtHero@@YGHPAVLoHook@@PAUHookContext@@@Z 10004ff0 f   wog native dialogs.obj
 0001:00004010       ?Y_HeroDlg_Create@@YGPAV_CustomDlg_@@PAVHiHook@@PAV1@@Z 10005010 f   wog native dialogs.obj
 0001:00004070       ?Y_HeroDlg_Proc@@YGHPAVHiHook@@PAV_CustomDlg_@@PAU_DlgMsg_@@@Z 10005070 f   wog native dialogs.obj
 0001:000042f0       ?Dlg_NPC@@YAXPAVPatcherInstance@@@Z 100052f0 f   wog native dialogs.obj
 0001:00004380       ?New_Dlg_ExpaMon_Case8@@YAHH@Z 10005380 f   wog native dialogs.obj
 0001:00004ce0       ?New_Dlg_ExpaMon_BannerDlg_Proc@@YGHPAV_CustomDlg_@@PAU_DlgMsg_@@@Z 10005ce0 f   wog native dialogs.obj
 0001:00004db0       ?New_Dlg_ExpaMon_BannerDlg@@YAHXZ 10005db0 f   wog native dialogs.obj
 0001:000051b0       ?New_Dlg_ExpaMon_Proc@@YGHPAV_CustomDlg_@@PAU_DlgMsg_@@@Z 100061b0 f   wog native dialogs.obj
 0001:000055d0       ?Y_NewDlg_CreatureExpo@@YGHPAVHiHook@@PAU_CreatureExpo_@@@Z 100065d0 f   wog native dialogs.obj
 0001:00006130       ?Y_WoGCurseDlg_Proc@@YGHPAV_CustomDlg_@@PAU_DlgMsg_@@@Z 10007130 f   wog native dialogs.obj
 0001:00006230       ?Y_WoGCurseDlg_Show@@YGHPAVLoHook@@PAUHookContext@@@Z 10007230 f   wog native dialogs.obj
 0001:000065d0       ?Y_WoGDlg_ChooseArt_Proc@@YGHPAV_CustomDlg_@@PAU_DlgMsg_@@@Z 100075d0 f   wog native dialogs.obj
 0001:000068c0       ?Y_WoGDlg_ChooseArt@@YGHPAVHiHook@@HPAU_Hero_@@H@Z 100078c0 f   wog native dialogs.obj
 0001:00006f40       _UseWin32InputControl      10007f40 f   wog native dialogs.obj
 0001:00006f60       ?IsSupportedFormatImage@@YA_NPAD@Z 10007f60 f   wog native dialogs.obj
 0001:00007120       ?New_Dlg_CustomReq_Proc@@YGHPAV_CustomDlg_@@PAU_DlgMsg_@@@Z 10008120 f   wog native dialogs.obj
 0001:000072e0       ?New_Dlg_CustomReq@@YAHPAU_Sphinx1_@@@Z 100082e0 f   wog native dialogs.obj
 0001:000083d0       ?Y_Dlg_CustomReq@@YGHPAVLoHook@@PAUHookContext@@@Z 100093d0 f   wog native dialogs.obj
 0001:00008510       ?Y_WoGDlg_SphinxReq@@YGHPAVHiHook@@H@Z 10009510 f   wog native dialogs.obj
 0001:000086a0       ?Y_Dlg_QuickDialog@@YGHPAVHiHook@@PAU_Sphinx1_@@@Z 100096a0 f   wog native dialogs.obj
 0001:00008730       ?Y_Dlg_CustomPic@@YGHPAVHiHook@@HH@Z 10009730 f   wog native dialogs.obj
 0001:00008a30       ?Dlg_Sphinx@@YAXPAVPatcherInstance@@@Z 10009a30 f   wog native dialogs.obj
 0001:00008b10       ?New_Dlg_IF_G_Proc@@YGHPAV_CustomDlg_@@PAU_DlgMsg_@@@Z 10009b10 f   wog native dialogs.obj
 0001:00008c50       ?New_Dlg_IF_G@@YAHHHHHH@Z  10009c50 f   wog native dialogs.obj
 0001:000090b0       ?New_Dlg_IF_G_Lo@@YGHPAVLoHook@@PAUHookContext@@@Z 1000a0b0 f   wog native dialogs.obj
 0001:000090f0       ?Dlg_IFG@@YAXPAVPatcherInstance@@@Z 1000a0f0 f   wog native dialogs.obj
 0001:00009140       ?Dlg_ChooseMonAttack_Proc@@YGHPAV_CustomDlg_@@PAU_DlgMsg_@@@Z 1000a140 f   wog native dialogs.obj
 0001:00009180       ?Dlg_ChooseMonAttack@@YGHPAVHiHook@@HHH@Z 1000a180 f   wog native dialogs.obj
 0001:00009460       ?Y_NewScenarioDlg_SetScrolledShoose@@YAHPAU_NewScenarioDlg_@@PAU_DlgMsg_@@@Z 1000a460 f   wog native dialogs.obj
 0001:000094f0       ?Redraw_WoGDlgSetup_ElemOnPage@@YAHPAV_CustomDlg_@@PAU_DlgSetup_@@H@Z 1000a4f0 f   wog native dialogs.obj
 0001:000096e0       ?ShowHide_WoGDlgSetup_ElemOnPage@@YAHPAV_CustomDlg_@@HPAU_DlgSetup_@@H@Z 1000a6e0 f   wog native dialogs.obj
 0001:000098d0       ?Create_WoGDlgSetup_ElemOnPage@@YAHPAV_CustomDlg_@@HPAU_DlgSetup_@@@Z 1000a8d0 f   wog native dialogs.obj
 0001:00009cc0       ?setYellowFrames@@YAXPAV_CustomDlg_@@H@Z 1000acc0 f   wog native dialogs.obj
 0001:0000a820       ?Dlg_WoG_Options_Proc@@YGHPAV_CustomDlg_@@PAU_DlgMsg_@@@Z 1000b820 f   wog native dialogs.obj
 0001:0000af70       ?Dlg_WoG_Options_Show@@YGXPAVHiHook@@H@Z 1000bf70 f   wog native dialogs.obj
 0001:0000b4c0       ?Y_NewScenarioDlg_Proc@@YGHPAVHiHook@@PAU_NewScenarioDlg_@@PAU_DlgMsg_@@@Z 1000c4c0 f   wog native dialogs.obj
 0001:0000b550       ?Y_NewScenarioDlg_BlockScrollBar@@YGHPAVHiHook@@PAX@Z 1000c550 f   wog native dialogs.obj
 0001:0000b580       ?Y_NewScenarioDlg_Create@@YGXPAVHiHook@@PAU_NewScenarioDlg_@@H@Z 1000c580 f   wog native dialogs.obj
 0001:0000b5e0       ?Dlg_WoGOptions@@YAXPAVPatcherInstance@@@Z 1000c5e0 f   wog native dialogs.obj
 0001:0000b690       ?SetupJsonText@@YAXPADPBD@Z 1000c690 f   wog native dialogs.obj
 0001:0000b700       ?WOG_ProcessAll@@YGXPAVHiHook@@@Z 1000c700 f   wog native dialogs.obj
 0001:0000bb10       ?Dlg_SaveDatFile1@@YGHPAVLoHook@@PAUHookContext@@@Z 1000cb10 f   wog native dialogs.obj
 0001:0000bb60       ?Dlg_LoadDatFile1@@YGHPAVLoHook@@PAUHookContext@@@Z 1000cb60 f   wog native dialogs.obj
 0001:0000bbb0       ?WoGOptionsStrings@@YAXPAVPatcherInstance@@@Z 1000cbb0 f   wog native dialogs.obj
 0001:0000bc10       ?Dlg_ChooseCastleReBuild_Proc@@YGHPAV_CustomDlg_@@PAU_DlgMsg_@@@Z 1000cc10 f   wog native dialogs.obj
 0001:0000bd60       ?Dlg_ChooseCastleReBuild@@YAHXZ 1000cd60 f   wog native dialogs.obj
 0001:0000c320       ?HiHook_Dlg_ChooseCastleReBuild@@YGHPAVHiHook@@@Z 1000d320 f   wog native dialogs.obj
 0001:0000c330       ?LoHook_Dlg_ChooseCastleReBuild@@YGHPAVLoHook@@PAUHookContext@@@Z 1000d330 f   wog native dialogs.obj
 0001:0000c360       ?Y_Dlg_HeroLvlUp_Proc@@YGHPAVHiHook@@HPAU_DlgMsg_@@@Z 1000d360 f   wog native dialogs.obj
 0001:0000c440       ?Y_Lo_Dlg_HeroLvlUp_Create@@YGHPAVLoHook@@PAUHookContext@@@Z 1000d440 f   wog native dialogs.obj
 0001:0000c460       ?Y_Dlg_Recuit_Proc@@YGHPAVHiHook@@PAU_Struct_@@PAU_DlgMsg_@@@Z 1000d460 f   wog native dialogs.obj
 0001:0000c4f0       ?Y_Dlg_Recuit_Create@@YGHPAVHiHook@@PAU_Struct_@@H@Z 1000d4f0 f   wog native dialogs.obj
 0001:0000c560       ?Y_DlgMainMenu_Proc@@YGHPAVHiHook@@PAU_DlgMsg_@@@Z 1000d560 f   wog native dialogs.obj
 0001:0000c730       ?Y_BATTLE_Proc@@YGHPAVHiHook@@PAU_BattleMgr_@@PAU_DlgMsg_@@@Z 1000d730 f   wog native dialogs.obj
 0001:0000c880       ?Y_EndBattle@@YGHPAVLoHook@@PAUHookContext@@@Z 1000d880 f   wog native dialogs.obj
 0001:0000c930       ?StartHD5Functions@@YAXXZ  1000d930 f   wog native dialogs.obj
 0001:0000ca30       ?HD5_Functions@@YAXPAVPatcherInstance@@@Z 1000da30 f   wog native dialogs.obj
 0001:0000ca80       ?SimpleTextScrolled@@YIXHPAV_CustomDlg_@@@Z 1000da80 f   wog native dialogs.obj
 0001:0000cba0       ?CreateNewBattleLogDlg@@YAXPAU_BattleMgr_@@@Z 1000dba0 f   wog native dialogs.obj
 0001:0000d1c0       ?BattleLog_Proc@@YGHPAVHiHook@@PAU_BattleMgr_@@PAU_DlgMsg_@@@Z 1000e1c0 f   wog native dialogs.obj
 0001:0000d220       ?BattleLog_ReportNewRound@@YGXPAVHiHook@@IPBDHD@Z 1000e220 f   wog native dialogs.obj
 0001:0000d270       ?Y_DlgTown_Proc@@YGHPAVHiHook@@PAU_TownMgr_@@PAU_DlgMsg_@@@Z 1000e270 f   wog native dialogs.obj
 0001:0000d3d0       ?Y_Dlg_HeroesMeet@@YGHPAVLoHook@@PAUHookContext@@@Z 1000e3d0 f   wog native dialogs.obj
 0001:0000d400       ?Y_Battle_SetHintAttackGetDamage@@YGHPAVLoHook@@PAUHookContext@@@Z 1000e400 f   wog native dialogs.obj
 0001:0000d420       ?GetStringKilled@@YAPADPADPAU_BattleStack_@@@Z 1000e420 f   wog native dialogs.obj
 0001:0000d550       ?BattleMgr_GetAttackDamage_Hint_LogString@@YGPAU_HStr_@@PAVHiHook@@PAU1@PAU_BattleStack_@@2EH@Z 1000e550 f   wog native dialogs.obj
 0001:0000d650       ?Y_Dlg_MainMenu_Create@@YGHPAVHiHook@@PAU_Dlg_@@@Z 1000e650 f   wog native dialogs.obj
 0001:0000d6f0       ?Y_LoadAllTXTinGames@@YGHPAVLoHook@@PAUHookContext@@@Z 1000e6f0 f   wog native dialogs.obj
 0001:0000d710       ?Y_Hook_MainLoop@@YGHPAVLoHook@@PAUHookContext@@@Z 1000e710 f   wog native dialogs.obj
 0001:0000db50       _DllMain@12                1000eb50 f   wog native dialogs.obj
 0001:0000de20       ??$VarValue@H@Patcher@@QAEAAHPAD@Z 1000ee20 f i wog native dialogs.obj
 0001:0000de60       ??0bad_alloc@std@@QAE@ABV01@@Z 1000ee60 f i wog native dialogs.obj
 0001:0000de80       ?RedrawScreen@_DlgItem_@@QAEXXZ 1000ee80 f   HoMM3_GUI.obj
 0001:0000deb0       ?Create@_CustomDlg_@@SAPAV1@HHHHIP6GHPAV1@PAU_DlgMsg_@@@Z@Z 1000eeb0 f   HoMM3_GUI.obj
 0001:0000df30       ?DlgProcBridge@_CustomDlg_@@SIHPAV1@IPAU_DlgMsg_@@@Z 1000ef30 f   HoMM3_GUI.obj
 0001:0000df49       @__security_check_cookie@4 1000ef49 f   LIBCMT:secchk.obj
 0001:0000df58       _sprintf                   1000ef58 f   LIBCMT:sprintf.obj
 0001:0000dfd5       ??0exception@std@@QAE@ABQBDH@Z 1000efd5 f   LIBCMT:stdexcpt.obj
 0001:0000dff2       ??0exception@std@@QAE@ABV01@@Z 1000eff2 f   LIBCMT:stdexcpt.obj
 0001:0000e04f       ??1exception@std@@UAE@XZ   1000f04f f   LIBCMT:stdexcpt.obj
 0001:0000e065       ?what@exception@std@@UBEPBDXZ 1000f065 f   LIBCMT:stdexcpt.obj
 0001:0000e072       ??_Eexception@std@@UAEPAXI@Z 1000f072 f i LIBCMT:stdexcpt.obj
 0001:0000e072       ??_Gexception@std@@UAEPAXI@Z 1000f072 f i LIBCMT:stdexcpt.obj
 0001:0000e093       _free                      1000f093 f   LIBCMT:free.obj
 0001:0000e121       ??3@YAXPAX@Z               1000f121 f   LIBCMT:delete.obj
 0001:0000e12c       ??1type_info@@UAE@XZ       1000f12c f   LIBCMT:typinfo.obj
 0001:0000e13c       ??_Etype_info@@UAEPAXI@Z   1000f13c f i LIBCMT:typinfo.obj
 0001:0000e13c       ??_Gtype_info@@UAEPAXI@Z   1000f13c f i LIBCMT:typinfo.obj
 0001:0000e15d       ??0bad_alloc@std@@QAE@XZ   1000f15d f i LIBCMT:new.obj
 0001:0000e178       ??2@YAPAXI@Z               1000f178 f   LIBCMT:new.obj
 0001:0000e1dd       __CRT_INIT@12              1000f1dd f   LIBCMT:dllcrt0.obj
 0001:0000e408       __DllMainCRTStartup@12     1000f408 f   LIBCMT:dllcrt0.obj
 0001:0000e430       _strlen                    1000f430 f   LIBCMT:strlen.obj
 0001:0000e4bb       __CxxThrowException@8      1000f4bb f   LIBCMT:throw.obj
 0001:0000e507       ?_CallMemberFunction0@@YGXPAX0@Z 1000f507 f   LIBCMT:_trnsctrl_.obj
 0001:0000e50e       ___report_gsfailure        1000f50e f   LIBCMT:gs_report.obj
 0001:0000e620       _memmove                   1000f620 f   LIBCMT:memmove.obj
 0001:0000e985       __initp_misc_invarg        1000f985 f   LIBCMT:invarg.obj
 0001:0000e994       __invoke_watson            1000f994 f   LIBCMT:invarg.obj
 0001:0000eabc       __invalid_parameter        1000fabc f   LIBCMT:invarg.obj
 0001:0000eae2       __get_errno_from_oserr     1000fae2 f   LIBCMT:dosmap.obj
 0001:0000eb24       __errno                    1000fb24 f   LIBCMT:dosmap.obj
 0001:0000eb37       ___doserrno                1000fb37 f   LIBCMT:dosmap.obj
 0001:0000eb4a       __dosmaperr                1000fb4a f   LIBCMT:dosmap.obj
 0001:0000eb6d       __flsbuf                   1000fb6d f   LIBCMT:_flsbuf.obj
 0001:0000ecd1       ??0_LocaleUpdate@@QAE@PAUlocaleinfo_struct@@@Z 1000fcd1 f i LIBCMT:output.obj
 0001:0000edfe       __output_l                 1000fdfe f   LIBCMT:output.obj
 0001:0000f996       _strcpy_s                  10010996 f   LIBCMT:strcpy_s.obj
 0001:0000f9fe       _V6_HeapAlloc              100109fe f   LIBCMT:malloc.obj
 0001:0000fa4d       _malloc                    10010a4d f   LIBCMT:malloc.obj
 0001:0000fb17       __heap_init                10010b17 f   LIBCMT:heapinit.obj
 0001:0000fb47       __heap_term                10010b47 f   LIBCMT:heapinit.obj
 0001:0000fbbb       __mtinitlocks              10010bbb f   LIBCMT:mlock.obj
 0001:0000fc06       __mtdeletelocks            10010c06 f   LIBCMT:mlock.obj
 0001:0000fc5d       __unlock                   10010c5d f   LIBCMT:mlock.obj
 0001:0000fc74       __mtinitlocknum            10010c74 f   LIBCMT:mlock.obj
 0001:0000fd37       __lock                     10010d37 f   LIBCMT:mlock.obj
 0001:0000fd6a       ___sbh_find_block          10010d6a f   LIBCMT:sbheap.obj
 0001:0000fd9a       ___sbh_free_block          10010d9a f   LIBCMT:sbheap.obj
 0001:000100b0       ___sbh_alloc_new_region    100110b0 f   LIBCMT:sbheap.obj
 0001:00010160       ___sbh_alloc_new_group     10011160 f   LIBCMT:sbheap.obj
 0001:00010268       ___sbh_resize_block        10011268 f   LIBCMT:sbheap.obj
 0001:00010549       ___sbh_alloc_block         10011549 f   LIBCMT:sbheap.obj
 0001:00010830       __SEH_prolog4              10011830 f   LIBCMT:sehprolg4.obj
 0001:00010875       __SEH_epilog4              10011875 f   LIBCMT:sehprolg4.obj
 0001:00010890       __except_handler4          10011890 f   LIBCMT:chandler4.obj
 0001:00010a20       _memset                    10011a20 f   LIBCMT:memset.obj
 0001:00010aa0       _memcpy                    10011aa0 f   LIBCMT:memcpy.obj
 0001:00010e05       ?_Type_info_dtor@type_info@@CAXPAV1@@Z 10011e05 f   LIBCMT:typname.obj
 0001:00010e80       _strcmp                    10011e80 f   LIBCMT:strcmp.obj
 0001:00010fc2       ___onexitinit              10011fc2 f   LIBCMT:onexit.obj
 0001:00010ff3       __onexit                   10011ff3 f   LIBCMT:onexit.obj
 0001:0001102f       _atexit                    1001202f f   LIBCMT:onexit.obj
 0001:00011046       __initp_heap_handler       10012046 f   LIBCMT:handler.obj
 0001:00011055       __callnewh                 10012055 f   LIBCMT:handler.obj
 0001:0001107d       __encode_pointer           1001207d f   LIBCMT:tidtable.obj
 0001:000110ef       __encoded_null             100120ef f   LIBCMT:tidtable.obj
 0001:000110f8       __decode_pointer           100120f8 f   LIBCMT:tidtable.obj
 0001:0001116a       ___crtTlsAlloc@4           1001216a f   LIBCMT:tidtable.obj
 0001:00011173       ___set_flsgetvalue         10012173 f   LIBCMT:tidtable.obj
 0001:000111a7       __mtterm                   100121a7 f   LIBCMT:tidtable.obj
 0001:000111e4       __initptd                  100121e4 f   LIBCMT:tidtable.obj
 0001:000112cb       __getptd_noexit            100122cb f   LIBCMT:tidtable.obj
 0001:00011344       __getptd                   10012344 f   LIBCMT:tidtable.obj
 0001:0001135e       __freefls@4                1001235e f   LIBCMT:tidtable.obj
 0001:0001148d       __freeptd                  1001248d f   LIBCMT:tidtable.obj
 0001:000114fb       __mtinit                   100124fb f   LIBCMT:tidtable.obj
 0001:00011688       __malloc_crt               10012688 f   LIBCMT:crtheap.obj
 0001:000116cd       __calloc_crt               100126cd f   LIBCMT:crtheap.obj
 0001:00011719       __realloc_crt              10012719 f   LIBCMT:crtheap.obj
 0001:00011767       __crt_waiting_on_module_handle 10012767 f   LIBCMT:crt0dat.obj
 0001:00011797       __amsg_exit                10012797 f   LIBCMT:crt0dat.obj
 0001:000117c0       ___crtCorExitProcess       100127c0 f   LIBCMT:crt0dat.obj
 0001:000117eb       ___crtExitProcess          100127eb f   LIBCMT:crt0dat.obj
 0001:00011803       __lockexit                 10012803 f   LIBCMT:crt0dat.obj
 0001:0001180c       __unlockexit               1001280c f   LIBCMT:crt0dat.obj
 0001:00011832       __initterm_e               10012832 f   LIBCMT:crt0dat.obj
 0001:00011856       __cinit                    10012856 f   LIBCMT:crt0dat.obj
 0001:00011a07       __exit                     10012a07 f   LIBCMT:crt0dat.obj
 0001:00011a1d       __cexit                    10012a1d f   LIBCMT:crt0dat.obj
 0001:00011a2c       __init_pointers            10012a2c f   LIBCMT:crt0dat.obj
 0001:00011a7a       __ioinit                   10012a7a f   LIBCMT:ioinit.obj
 0001:00011cce       __ioterm                   10012cce f   LIBCMT:ioinit.obj
 0001:00011d1c       __setenvp                  10012d1c f   LIBCMT:stdenvp.obj
 0001:00011f94       __setargv                  10012f94 f   LIBCMT:stdargv.obj
 0001:0001204f       ___crtGetEnvironmentStringsA 1001304f f   LIBCMT:a_env.obj
 0001:00012186       __RTC_Initialize           10013186 f   LIBCMT:_initsect_.obj
 0001:000121ac       __RTC_Terminate            100131ac f   LIBCMT:_initsect_.obj
 0001:000121d2       __XcptFilter               100131d2 f   LIBCMT:winxfltr.obj
 0001:00012332       ___CppXcptFilter           10013332 f   LIBCMT:winxfltr.obj
 0001:00012352       ___security_init_cookie    10013352 f   LIBCMT:gs_support.obj
 0001:000123e8       ___DestructExceptionObject 100133e8 f   LIBCMT:frame.obj
 0001:0001243d       ?terminate@@YAXXZ          1001343d f   LIBCMT:hooks.obj
 0001:00012476       __initp_eh_hooks           10013476 f   LIBCMT:hooks.obj
 0001:00012490       __CallSettingFrame@12      10013490 f   LIBCMT:lowhelpr.obj
 0001:000124b7       __NLG_Return               100134b7     LIBCMT:lowhelpr.obj
 0001:000124dc       __crt_debugger_hook        100134dc f   LIBCMT:dbghook.obj
 0001:0001256b       __VEC_memcpy               1001356b f   LIBCMT:p4_memcpy.obj
 0001:0001269e       __get_sse2_info            1001369e f   LIBCMT:cpu_disp.obj
 0001:00012700       ___sse2_available_init     10013700 f   LIBCMT:cpu_disp.obj
 0001:0001270d       __lseeki64_nolock          1001370d f   LIBCMT:lseeki64.obj
 0001:00012792       __lseeki64                 10013792 f   LIBCMT:lseeki64.obj
 0001:000128ab       __write_nolock             100138ab f   LIBCMT:write.obj
 0001:00012fde       __write                    10013fde f   LIBCMT:write.obj
 0001:000130ba       __getbuf                   100140ba f   LIBCMT:_getbuf.obj
 0001:00013103       __isatty                   10014103 f   LIBCMT:isatty.obj
 0001:00013167       ___iob_func                10014167 f   LIBCMT:_file.obj
 0001:0001316d       ___initstdio               1001416d f   LIBCMT:_file.obj
 0001:0001321e       ___endstdio                1001421e f   LIBCMT:_file.obj
 0001:0001323e       __lock_file                1001423e f   LIBCMT:_file.obj
 0001:0001327f       __lock_file2               1001427f f   LIBCMT:_file.obj
 0001:000132b1       __unlock_file              100142b1 f   LIBCMT:_file.obj
 0001:000132ed       __unlock_file2             100142ed f   LIBCMT:_file.obj
 0001:0001331c       __fileno                   1001431c f   LIBCMT:fileno.obj
 0001:00013574       ___updatetmbcinfo          10014574 f   LIBCMT:mbctype.obj
 0001:00013694       __setmbcp_nolock           10014694 f   LIBCMT:mbctype.obj
 0001:00013879       __setmbcp                  10014879 f   LIBCMT:mbctype.obj
 0001:00013a13       ___initmbctable            10014a13 f   LIBCMT:mbctype.obj
 0001:00013a31       ___freetlocinfo            10014a31 f   LIBCMT:setlocal.obj
 0001:00013b7a       ___addlocaleref            10014b7a f   LIBCMT:setlocal.obj
 0001:00013c09       ___removelocaleref         10014c09 f   LIBCMT:setlocal.obj
 0001:00013ce0       ___updatetlocinfo          10014ce0 f   LIBCMT:setlocal.obj
 0001:00013d56       __initp_misc_cfltcvt_tab   10014d56 f   LIBCMT:cmiscdat.obj
 0001:00013d77       __get_printf_count_output  10014d77 f   LIBCMT:printf.obj
 0001:00013d8d       __wctomb_s_l               10014d8d f   LIBCMT:wctomb.obj
 0001:00013ef9       _wctomb_s                  10014ef9 f   LIBCMT:wctomb.obj
 0001:00013f16       __isleadbyte_l             10014f16 f i LIBCMT:_wctype.obj
 0001:00013f4e       _isleadbyte                10014f4e f i LIBCMT:_wctype.obj
 0001:00013f70       __aulldvrm                 10014f70 f   LIBCMT:ulldvrm.obj
 0001:00014005       __NMSG_WRITE               10015005 f   LIBCMT:crt0msg.obj
 0001:000141b0       __FF_MSGBANNER             100151b0 f   LIBCMT:crt0msg.obj
 0001:000141e9       __initp_misc_initcrit      100151e9 f   LIBCMT:initcrit.obj
 0001:000141f8       ___crtInitCritSecAndSpinCount 100151f8 f   LIBCMT:initcrit.obj
 0001:00014258       __local_unwind4            10015258 f   LIBCMT:exsup4.obj
 0001:0001432e       __seh_longjmp_unwind4@4    1001532e f   LIBCMT:exsup4.obj
 0001:0001434a       @_EH4_CallFilterFunc@8     1001534a f   LIBCMT:exsup4.obj
 0001:00014361       @_EH4_TransferToHandler@8  10015361 f   LIBCMT:exsup4.obj
 0001:0001437a       @_EH4_GlobalUnwind@4       1001537a f   LIBCMT:exsup4.obj
 0001:00014394       @_EH4_LocalUnwind@16       10015394 f   LIBCMT:exsup4.obj
 0001:000143b0       __ValidateImageBase        100153b0 f   LIBCMT:pesect.obj
 0001:000143f0       __FindPESection            100153f0 f   LIBCMT:pesect.obj
 0001:00014440       __IsNonwritableInCurrentImage 10015440 f   LIBCMT:pesect.obj
 0001:00014554       __VEC_memzero              10015554 f   LIBCMT:p4_memset.obj
 0001:000145e3       __msize                    100155e3 f   LIBCMT:msize.obj
 0001:00014686       __calloc_impl              10015686 f   LIBCMT:calloc_impl.obj
 0001:000147a4       _realloc                   100157a4 f   LIBCMT:realloc.obj
 0001:000149bf       __initp_misc_winsig        100159bf f   LIBCMT:winsig.obj
 0001:00014a14       ___get_sigabrt             10015a14 f   LIBCMT:winsig.obj
 0001:00014a21       _raise                     10015a21 f   LIBCMT:winsig.obj
 0001:00014bd1       __initp_misc_rand_s        10015bd1 f   LIBCMT:rand_s.obj
 0001:00014be0       __initp_misc_purevirt      10015be0 f   LIBCMT:inithelp.obj
 0001:00014c42       __ismbblead                10015c42 f   LIBCMT:ismbbyte.obj
 0001:00014c5a       _abort                     10015c5a f   LIBCMT:abort.obj
 0001:00014d74       __global_unwind2           10015d74 f   LIBCMT:exsup.obj
 0001:00014dd9       __local_unwind2            10015dd9 f   LIBCMT:exsup.obj
 0001:00014e5d       __abnormal_termination     10015e5d f   LIBCMT:exsup.obj
 0001:00014e80       __NLG_Notify1              10015e80 f   LIBCMT:exsup.obj
 0001:00014e89       __NLG_Notify               10015e89 f   LIBCMT:exsup.obj
 0001:00014ea0       __NLG_Dispatch2            10015ea0     LIBCMT:exsup.obj
 0001:00014ea0       __NLG_Dispatch             10015ea0     LIBCMT:exsup.obj
 0001:00014ea8       __NLG_Call                 10015ea8 f   LIBCMT:exsup.obj
 0001:00014eaa       __NLG_Return2              10015eaa     LIBCMT:exsup.obj
 0001:00014eab       __free_osfhnd              10015eab f   LIBCMT:osfinfo.obj
 0001:00014f31       __get_osfhandle            10015f31 f   LIBCMT:osfinfo.obj
 0001:00014fa8       ___lock_fhandle            10015fa8 f   LIBCMT:osfinfo.obj
 0001:00015048       __unlock_fhandle           10016048 f   LIBCMT:osfinfo.obj
 0001:0001506f       __putwch_nolock            1001606f f   LIBCMT:putwch.obj
 0001:00015134       __mbtowc_l                 10016134 f   LIBCMT:mbtowc.obj
 0001:0001524b       _mbtowc                    1001624b f   LIBCMT:mbtowc.obj
 0001:00015270       __alloca_probe             10016270     LIBCMT:chkstk.obj
 0001:00015270       __chkstk                   10016270 f   LIBCMT:chkstk.obj
 0001:0001529b       __fcloseall                1001629b f   LIBCMT:closeall.obj
 0001:0001533a       __flush                    1001633a f   LIBCMT:fflush.obj
 0001:000153a2       __fflush_nolock            100163a2 f   LIBCMT:fflush.obj
 0001:000154c4       __flushall                 100164c4 f   LIBCMT:fflush.obj
 0001:000154cd       __freea                    100164cd f i LIBCMT:a_map.obj
 0001:00015892       ___crtLCMapStringA         10016892 f   LIBCMT:a_map.obj
 0001:00015a91       ___crtGetStringTypeA       10016a91 f   LIBCMT:a_str.obj
 0001:00015ad3       ___free_lc_time            10016ad3 f   LIBCMT:inittime.obj
 0001:00015c68       ___free_lconv_num          10016c68 f   LIBCMT:initnum.obj
 0001:00015cad       ___free_lconv_mon          10016cad f   LIBCMT:initmon.obj
 0001:00015d3b       _strcat_s                  10016d3b f   LIBCMT:strcat_s.obj
 0001:00015db0       _strcspn                   10016db0 f   LIBCMT:strcspn.obj
 0001:00015df6       _strncpy_s                 10016df6 f   LIBCMT:strncpy_s.obj
 0001:00015eb0       _strpbrk                   10016eb0 f   LIBCMT:strpbrk.obj
 0001:00015ef0       __fptrap                   10016ef0 f   LIBCMT:crt0fp.obj
 0001:00016128       _strtol                    10017128 f   LIBCMT:strtol.obj
 0001:00016153       ___crtMessageBoxA          10017153 f   LIBCMT:crtmbox.obj
 0001:000162bc       __set_error_mode           100172bc f   LIBCMT:errmode.obj
 0001:00016310       __allmul                   10017310 f   LIBCMT:llmul.obj
 0001:00016344       _atol                      10017344 f   LIBCMT:atox.obj
 0001:0001635a       __isdigit_l                1001735a f i LIBCMT:_ctype.obj
 0001:000163ab       _isdigit                   100173ab f i LIBCMT:_ctype.obj
 0001:000163d9       ___initconout              100173d9 f   LIBCMT:initcon.obj
 0001:000163f8       ___termcon                 100173f8 f   LIBCMT:initcon.obj
 0001:00016425       __fclose_nolock            10017425 f   LIBCMT:fclose.obj
 0001:0001649c       _fclose                    1001749c f   LIBCMT:fclose.obj
 0001:00016518       __commit                   10017518 f   LIBCMT:commit.obj
 0001:000165f9       ___ansicp                  100175f9 f   LIBCMT:convrtcp.obj
 0001:00016642       ___convertcp               10017642 f   LIBCMT:convrtcp.obj
 0001:00016800       __alloca_probe_16          10017800 f   LIBCMT:alloca16.obj
 0001:00016816       __alloca_probe_8           10017816     LIBCMT:alloca16.obj
 0001:0001682c       __isctype_l                1001782c f   LIBCMT:isctype.obj
 0001:000168e4       __close_nolock             100178e4 f   LIBCMT:close.obj
 0001:00016980       __close                    10017980 f   LIBCMT:close.obj
 0001:00016a4d       __freebuf                  10017a4d f   LIBCMT:_freebuf.obj
 0001:00016a7e       __tolower_l                10017a7e f   LIBCMT:tolower.obj
 0001:00016b93       _tolower                   10017b93 f   LIBCMT:tolower.obj
 0001:00016bc0       ___ascii_strnicmp          10017bc0 f   LIBCMT:_strnicm.obj
 0001:00016c40       _strchr                    10017c40 f   LIBCMT:strchr.obj
 0001:00016c46       ___from_strstr_to_strchr   10017c46     LIBCMT:strchr.obj
 0001:00016cfe       _RtlUnwind@16              10017cfe f   kernel32:KERNEL32.dll
 0001:00016d04       __initp_misc_winxfltr      10017d04 f   LIBCMT:winxfltr.obj
 0001:00016d04       __fpclear                  10017d04 f   LIBCMT:_fpinit_.obj
 0001:00016d05       __cfltcvt_init             10017d05 f   LIBCMT:_fpinit_.obj
 0001:00016d65       __fpmath                   10017d65 f   LIBCMT:_fpinit_.obj
 0001:00016d90       __ftol2_sse                10017d90 f   LIBCMT:ftol2.obj
 0001:00016d99       __ftol2_pentium4           10017d99 f   LIBCMT:ftol2.obj
 0001:00016dac       __ftol2_sse_excpt          10017dac f   LIBCMT:ftol2.obj
 0001:00016dc6       __ftol2                    10017dc6 f   LIBCMT:ftol2.obj
 0001:00016e3b       __forcdecpt_l              10017e3b f   LIBCMT:cvt.obj
 0001:00016eae       __cropzeros_l              10017eae f   LIBCMT:cvt.obj
 0001:00016f30       __positive                 10017f30 f   LIBCMT:cvt.obj
 0001:00016f4c       __fassign_l                10017f4c f   LIBCMT:cvt.obj
 0001:00016f8e       __fassign                  10017f8e f   LIBCMT:cvt.obj
 0001:00016fc7       __forcdecpt                10017fc7 f   LIBCMT:cvt.obj
 0001:00016fda       __cropzeros                10017fda f   LIBCMT:cvt.obj
 0001:0001715c       __cftoe_l                  1001815c f   LIBCMT:cvt.obj
 0001:0001722c       __cftoe                    1001822c f   LIBCMT:cvt.obj
 0001:0001724c       __cftoa_l                  1001824c f   LIBCMT:cvt.obj
 0001:000176b6       __cftof_l                  100186b6 f   LIBCMT:cvt.obj
 0001:00017771       __cftog_l                  10018771 f   LIBCMT:cvt.obj
 0001:0001786b       __cfltcvt_l                1001886b f   LIBCMT:cvt.obj
 0001:000178f3       __cfltcvt                  100188f3 f   LIBCMT:cvt.obj
 0001:00017916       __setdefaultprecision      10018916 f   LIBCMT:fp8.obj
 0001:00017941       __ms_p5_test_fdiv          10018941 f   LIBCMT:_testfdiv_.obj
 0001:0001797f       __ms_p5_mp_test_fdiv       1001897f f   LIBCMT:_testfdiv_.obj
 0001:000179b0       _strrchr                   100189b0 f   LIBCMT:strrchr.obj
 0001:000179dd       __atodbl_l                 100189dd f   LIBCMT:atodbl.obj
 0001:00017a85       __atoflt_l                 10018a85 f   LIBCMT:atodbl.obj
 0001:00017b2d       __fptostr                  10018b2d f   LIBCMT:_fptostr.obj
 0001:00017bec       ___dtold                   10018bec f   LIBCMT:_cfout_.obj
 0001:00017ca9       __fltout2                  10018ca9 f   LIBCMT:_cfout_.obj
 0001:00017d40       __alldvrm                  10018d40 f   LIBCMT:lldvrm.obj
 0001:00017e20       __aullshr                  10018e20 f   LIBCMT:ullshr.obj
 0001:00017e3f       __controlfp_s              10018e3f f   LIBCMT:_contrlfp_.obj
 0001:00017eab       __ld12tod                  10018eab f   LIBCMT:_intrncvt_.obj
 0001:000183ef       __ld12tof                  100193ef f   LIBCMT:_intrncvt_.obj
 0001:00018934       ___strgtold12_l            10019934 f   LIBCMT:_strgtold_.obj
 0001:0001902c       _$I10_OUTPUT               1001a02c f   LIBCMT:_x10fout_.obj
 0001:00019a7e       __control87                1001aa7e f i LIBCMT:_ieee87_.obj
 0001:00019d8d       ___mtold12                 1001ad8d f   LIBCMT:_mantold_.obj
 0001:00019f5b       ___set_fpsr_sse2           1001af5b f   LIBCMT:_fpctrl_.obj
 0002:00000000       __imp__GetProcAddress@8    1001b000     kernel32:KERNEL32.dll
 0002:00000004       __imp__LoadLibraryA@4      1001b004     kernel32:KERNEL32.dll
 0002:00000008       __imp__CreateFileA@28      1001b008     kernel32:KERNEL32.dll
 0002:0000000c       __imp__SetFilePointer@16   1001b00c     kernel32:KERNEL32.dll
 0002:00000010       __imp__CloseHandle@4       1001b010     kernel32:KERNEL32.dll
 0002:00000014       __imp__GetLastError@0      1001b014     kernel32:KERNEL32.dll
 0002:00000018       __imp__HeapFree@12         1001b018     kernel32:KERNEL32.dll
 0002:0000001c       __imp__GetCurrentThreadId@0 1001b01c     kernel32:KERNEL32.dll
 0002:00000020       __imp__GetCommandLineA@0   1001b020     kernel32:KERNEL32.dll
 0002:00000024       __imp__RaiseException@16   1001b024     kernel32:KERNEL32.dll
 0002:00000028       __imp__RtlUnwind@16        1001b028     kernel32:KERNEL32.dll
 0002:0000002c       __imp__TerminateProcess@8  1001b02c     kernel32:KERNEL32.dll
 0002:00000030       __imp__GetCurrentProcess@0 1001b030     kernel32:KERNEL32.dll
 0002:00000034       __imp__UnhandledExceptionFilter@4 1001b034     kernel32:KERNEL32.dll
 0002:00000038       __imp__SetUnhandledExceptionFilter@4 1001b038     kernel32:KERNEL32.dll
 0002:0000003c       __imp__IsDebuggerPresent@0 1001b03c     kernel32:KERNEL32.dll
 0002:00000040       __imp__HeapAlloc@12        1001b040     kernel32:KERNEL32.dll
 0002:00000044       __imp__HeapCreate@12       1001b044     kernel32:KERNEL32.dll
 0002:00000048       __imp__HeapDestroy@4       1001b048     kernel32:KERNEL32.dll
 0002:0000004c       __imp__VirtualFree@12      1001b04c     kernel32:KERNEL32.dll
 0002:00000050       __imp__DeleteCriticalSection@4 1001b050     kernel32:KERNEL32.dll
 0002:00000054       __imp__LeaveCriticalSection@4 1001b054     kernel32:KERNEL32.dll
 0002:00000058       __imp__EnterCriticalSection@4 1001b058     kernel32:KERNEL32.dll
 0002:0000005c       __imp__VirtualAlloc@16     1001b05c     kernel32:KERNEL32.dll
 0002:00000060       __imp__HeapReAlloc@16      1001b060     kernel32:KERNEL32.dll
 0002:00000064       __imp__GetModuleHandleW@4  1001b064     kernel32:KERNEL32.dll
 0002:00000068       __imp__TlsGetValue@4       1001b068     kernel32:KERNEL32.dll
 0002:0000006c       __imp__TlsAlloc@0          1001b06c     kernel32:KERNEL32.dll
 0002:00000070       __imp__TlsSetValue@8       1001b070     kernel32:KERNEL32.dll
 0002:00000074       __imp__TlsFree@4           1001b074     kernel32:KERNEL32.dll
 0002:00000078       __imp__InterlockedIncrement@4 1001b078     kernel32:KERNEL32.dll
 0002:0000007c       __imp__SetLastError@4      1001b07c     kernel32:KERNEL32.dll
 0002:00000080       __imp__InterlockedDecrement@4 1001b080     kernel32:KERNEL32.dll
 0002:00000084       __imp__Sleep@4             1001b084     kernel32:KERNEL32.dll
 0002:00000088       __imp__ExitProcess@4       1001b088     kernel32:KERNEL32.dll
 0002:0000008c       __imp__SetHandleCount@4    1001b08c     kernel32:KERNEL32.dll
 0002:00000090       __imp__GetStdHandle@4      1001b090     kernel32:KERNEL32.dll
 0002:00000094       __imp__GetFileType@4       1001b094     kernel32:KERNEL32.dll
 0002:00000098       __imp__GetStartupInfoA@4   1001b098     kernel32:KERNEL32.dll
 0002:0000009c       __imp__GetModuleFileNameA@12 1001b09c     kernel32:KERNEL32.dll
 0002:000000a0       __imp__FreeEnvironmentStringsA@4 1001b0a0     kernel32:KERNEL32.dll
 0002:000000a4       __imp__GetEnvironmentStrings@0 1001b0a4     kernel32:KERNEL32.dll
 0002:000000a8       __imp__FreeEnvironmentStringsW@4 1001b0a8     kernel32:KERNEL32.dll
 0002:000000ac       __imp__WideCharToMultiByte@32 1001b0ac     kernel32:KERNEL32.dll
 0002:000000b0       __imp__GetEnvironmentStringsW@0 1001b0b0     kernel32:KERNEL32.dll
 0002:000000b4       __imp__QueryPerformanceCounter@4 1001b0b4     kernel32:KERNEL32.dll
 0002:000000b8       __imp__GetTickCount@0      1001b0b8     kernel32:KERNEL32.dll
 0002:000000bc       __imp__GetCurrentProcessId@0 1001b0bc     kernel32:KERNEL32.dll
 0002:000000c0       __imp__GetSystemTimeAsFileTime@4 1001b0c0     kernel32:KERNEL32.dll
 0002:000000c4       __imp__WriteFile@20        1001b0c4     kernel32:KERNEL32.dll
 0002:000000c8       __imp__GetConsoleCP@0      1001b0c8     kernel32:KERNEL32.dll
 0002:000000cc       __imp__GetConsoleMode@8    1001b0cc     kernel32:KERNEL32.dll
 0002:000000d0       __imp__GetCPInfo@8         1001b0d0     kernel32:KERNEL32.dll
 0002:000000d4       __imp__GetACP@0            1001b0d4     kernel32:KERNEL32.dll
 0002:000000d8       __imp__GetOEMCP@0          1001b0d8     kernel32:KERNEL32.dll
 0002:000000dc       __imp__IsValidCodePage@4   1001b0dc     kernel32:KERNEL32.dll
 0002:000000e0       __imp__InitializeCriticalSectionAndSpinCount@8 1001b0e0     kernel32:KERNEL32.dll
 0002:000000e4       __imp__HeapSize@12         1001b0e4     kernel32:KERNEL32.dll
 0002:000000e8       __imp__SetStdHandle@8      1001b0e8     kernel32:KERNEL32.dll
 0002:000000ec       __imp__WriteConsoleA@20    1001b0ec     kernel32:KERNEL32.dll
 0002:000000f0       __imp__GetConsoleOutputCP@0 1001b0f0     kernel32:KERNEL32.dll
 0002:000000f4       __imp__WriteConsoleW@20    1001b0f4     kernel32:KERNEL32.dll
 0002:000000f8       __imp__MultiByteToWideChar@24 1001b0f8     kernel32:KERNEL32.dll
 0002:000000fc       __imp__LCMapStringA@24     1001b0fc     kernel32:KERNEL32.dll
 0002:00000100       __imp__LCMapStringW@24     1001b100     kernel32:KERNEL32.dll
 0002:00000104       __imp__GetStringTypeA@20   1001b104     kernel32:KERNEL32.dll
 0002:00000108       __imp__GetStringTypeW@16   1001b108     kernel32:KERNEL32.dll
 0002:0000010c       __imp__GetLocaleInfoA@16   1001b10c     kernel32:KERNEL32.dll
 0002:00000110       __imp__FlushFileBuffers@4  1001b110     kernel32:KERNEL32.dll
 0002:00000114       __imp__GetModuleHandleA@4  1001b114     kernel32:KERNEL32.dll
 0002:00000118       \177KERNEL32_NULL_THUNK_DATA 1001b118     kernel32:KERNEL32.dll
 0002:0000011c       ___xc_a                    1001b11c     LIBCMT:crt0init.obj
 0002:00000120       ___xc_z                    1001b120     LIBCMT:crt0init.obj
 0002:00000124       ___xi_a                    1001b124     LIBCMT:crt0init.obj
 0002:00000138       ___xi_z                    1001b138     LIBCMT:crt0init.obj
 0002:0000013c       ___xp_a                    1001b13c     LIBCMT:crt0init.obj
 0002:00000148       ___xp_z                    1001b148     LIBCMT:crt0init.obj
 0002:0000014c       ___xt_a                    1001b14c     LIBCMT:crt0init.obj
 0002:00000150       ___xt_z                    1001b150     LIBCMT:crt0init.obj
 0002:00000180       ??_7bad_alloc@std@@6B@     1001b180     libcpmt:string.obj
 0002:0000018c       ??_7exception@std@@6B@     1001b18c     LIBCMT:stdexcpt.obj
 0002:00000194       ??_C@_0BC@EOODALEL@Unknown?5exception?$AA@ 1001b194     LIBCMT:stdexcpt.obj
 0002:000001ac       ??_7type_info@@6B@         1001b1ac     LIBCMT:typinfo.obj
 0002:000001b0       __pRawDllMain              1001b1b0     LIBCMT:dllcrt0.obj
 0002:000001b0       __pDefaultRawDllMain       1001b1b0     LIBCMT:dllcrt0.obj
 0002:000001dc       ??_C@_1O@CEDCILHN@?$AA?$CI?$AAn?$AAu?$AAl?$AAl?$AA?$CJ?$AA?$AA@ 1001b1dc     LIBCMT:output.obj
 0002:000001ec       ??_C@_06OJHGLDPL@?$CInull?$CJ?$AA@ 1001b1ec     LIBCMT:output.obj
 0002:000001f8       ___lookuptable             1001b1f8     LIBCMT:output.obj
 0002:00000254       ??_C@_0O@NLDKAIKN@EncodePointer?$AA@ 1001b254     LIBCMT:tidtable.obj
 0002:00000264       ??_C@_1BK@DBDEIDLH@?$AAK?$AAE?$AAR?$AAN?$AAE?$AAL?$AA3?$AA2?$AA?4?$AAD?$AAL?$AAL?$AA?$AA@ 1001b264     LIBCMT:tidtable.obj
 0002:00000280       ??_C@_0O@KBPMFGHI@DecodePointer?$AA@ 1001b280     LIBCMT:tidtable.obj
 0002:00000290       ??_C@_07PEJMOBNF@FlsFree?$AA@ 1001b290     LIBCMT:tidtable.obj
 0002:00000298       ??_C@_0M@JCPCPOEF@FlsSetValue?$AA@ 1001b298     LIBCMT:tidtable.obj
 0002:000002a4       ??_C@_0M@GDNOONDI@FlsGetValue?$AA@ 1001b2a4     LIBCMT:tidtable.obj
 0002:000002b0       ??_C@_08KNHFBNJ@FlsAlloc?$AA@ 1001b2b0     LIBCMT:tidtable.obj
 0002:000002bc       ??_C@_0P@MIGLKIOC@CorExitProcess?$AA@ 1001b2bc     LIBCMT:crt0dat.obj
 0002:000002cc       ??_C@_1BI@BGOHAHKC@?$AAm?$AAs?$AAc?$AAo?$AAr?$AAe?$AAe?$AA?4?$AAd?$AAl?$AAl?$AA?$AA@ 1001b2cc     LIBCMT:crt0dat.obj
 0002:000002e8       __XcptActTab               1001b2e8     LIBCMT:winxfltr.obj
 0002:00000360       __pDestructExceptionObject 1001b360     LIBCMT:frame.obj
 0002:000003e8       ??_C@_01NEMOKFLO@?$DN?$AA@ 1001b3e8     LIBCMT:setlocal.obj
 0002:000003f0       ___lookuptable_s           1001b3f0     LIBCMT:outputs.obj
 0002:0000044c       ??_C@_0P@GGKDKEEG@runtime?5error?5?$AA@ 1001b44c     LIBCMT:crt0msg.obj
 0002:0000045c       ??_C@_02PCIJFNDE@?$AN?6?$AA@ 1001b45c     LIBCMT:crt0msg.obj
 0002:00000460       ??_C@_0O@MJNIPGOH@TLOSS?5error?$AN?6?$AA@ 1001b460     LIBCMT:crt0msg.obj
 0002:00000470       ??_C@_0N@BONNPDHF@SING?5error?$AN?6?$AA@ 1001b470     LIBCMT:crt0msg.obj
 0002:00000480       ??_C@_0P@MBDAJNE@DOMAIN?5error?$AN?6?$AA@ 1001b480     LIBCMT:crt0msg.obj
 0002:00000490       ??_C@_0JL@DFDOOABL@R6034?$AN?6An?5application?5has?5made?5a@ 1001b490     LIBCMT:crt0msg.obj
 0002:00000530       ??_C@_0PH@EPAFIJ@R6033?$AN?6?9?5Attempt?5to?5use?5MSIL?5cod@ 1001b530     LIBCMT:crt0msg.obj
 0002:00000628       ??_C@_0DD@BKEEABMM@R6032?$AN?6?9?5not?5enough?5space?5for?5lo@ 1001b628     LIBCMT:crt0msg.obj
 0002:00000660       ??_C@_0GD@OFKILIED@R6031?$AN?6?9?5Attempt?5to?5initialize?5t@ 1001b660     LIBCMT:crt0msg.obj
 0002:000006c4       ??_C@_0BP@LPMHJOKI@R6030?$AN?6?9?5CRT?5not?5initialized?$AN?6?$AA@ 1001b6c4     LIBCMT:crt0msg.obj
 0002:000006e4       ??_C@_0CF@KJDAIALP@R6028?$AN?6?9?5unable?5to?5initialize?5he@ 1001b6e4     LIBCMT:crt0msg.obj
 0002:0000070c       ??_C@_0DF@GAKBPDFP@R6027?$AN?6?9?5not?5enough?5space?5for?5lo@ 1001b70c     LIBCMT:crt0msg.obj
 0002:00000744       ??_C@_0DF@IBLNNAIG@R6026?$AN?6?9?5not?5enough?5space?5for?5st@ 1001b744     LIBCMT:crt0msg.obj
 0002:0000077c       ??_C@_0CG@IOHKGFNJ@R6025?$AN?6?9?5pure?5virtual?5function?5c@ 1001b77c     LIBCMT:crt0msg.obj
 0002:000007a4       ??_C@_0DF@JIJJFJDC@R6024?$AN?6?9?5not?5enough?5space?5for?5_o@ 1001b7a4     LIBCMT:crt0msg.obj
 0002:000007dc       ??_C@_0CJ@EGEJHFME@R6019?$AN?6?9?5unable?5to?5open?5console?5@ 1001b7dc     LIBCMT:crt0msg.obj
 0002:00000808       ??_C@_0CB@GNHNIELH@R6018?$AN?6?9?5unexpected?5heap?5error?$AN?6@ 1001b808     LIBCMT:crt0msg.obj
 0002:0000082c       ??_C@_0CN@FOLDKNG@R6017?$AN?6?9?5unexpected?5multithread?5@ 1001b82c     LIBCMT:crt0msg.obj
 0002:0000085c       ??_C@_0CM@FAHFJNHO@R6016?$AN?6?9?5not?5enough?5space?5for?5th@ 1001b85c     LIBCMT:crt0msg.obj
 0002:00000888       ??_C@_0JG@LBKMGKLD@?$AN?6This?5application?5has?5requested@ 1001b888     LIBCMT:crt0msg.obj
 0002:00000920       ??_C@_0CM@FLCNIPKK@R6009?$AN?6?9?5not?5enough?5space?5for?5en@ 1001b920     LIBCMT:crt0msg.obj
 0002:0000094c       ??_C@_0CK@KMMJOAPP@R6008?$AN?6?9?5not?5enough?5space?5for?5ar@ 1001b94c     LIBCMT:crt0msg.obj
 0002:00000978       ??_C@_0CN@LEKKICBM@R6002?$AN?6?9?5floating?5point?5support?5@ 1001b978     LIBCMT:crt0msg.obj
 0002:000009a8       ??_C@_0CF@GOGNBNAK@Microsoft?5Visual?5C?$CL?$CL?5Runtime?5Lib@ 1001b9a8     LIBCMT:crt0msg.obj
 0002:000009d0       ??_C@_02PHMGELLB@?6?6?$AA@ 1001b9d0     LIBCMT:crt0msg.obj
 0002:000009d4       ??_C@_03KHICJKCI@?4?4?4?$AA@ 1001b9d4     LIBCMT:crt0msg.obj
 0002:000009d8       ??_C@_0BH@DNAGHKFM@?$DMprogram?5name?5unknown?$DO?$AA@ 1001b9d8     LIBCMT:crt0msg.obj
 0002:000009f0       ??_C@_0BK@OFGJDLJJ@Runtime?5Error?$CB?6?6Program?3?5?$AA@ 1001b9f0     LIBCMT:crt0msg.obj
 0002:00000a0c       ??_C@_0BK@CFCOFLF@?5Complete?5Object?5Locator?8?$AA@ 1001ba0c     LIBCMT:undname.obj
 0002:00000a28       ??_C@_0BN@MECKDCOJ@?5Class?5Hierarchy?5Descriptor?8?$AA@ 1001ba28     LIBCMT:undname.obj
 0002:00000a48       ??_C@_0BD@LGICGFMM@?5Base?5Class?5Array?8?$AA@ 1001ba48     LIBCMT:undname.obj
 0002:00000a5c       ??_C@_0BM@LDKODKLH@?5Base?5Class?5Descriptor?5at?5?$CI?$AA@ 1001ba5c     LIBCMT:undname.obj
 0002:00000a78       ??_C@_0BC@DAFEJGAK@?5Type?5Descriptor?8?$AA@ 1001ba78     LIBCMT:undname.obj
 0002:00000a8c       ??_C@_0BM@PMGGMLDN@?$GAlocal?5static?5thread?5guard?8?$AA@ 1001ba8c     LIBCMT:undname.obj
 0002:00000aa8       ??_C@_0CL@FGIJHLCE@?$GAmanaged?5vector?5copy?5constructor@ 1001baa8     LIBCMT:undname.obj
 0002:00000ad4       ??_C@_0CJ@GJELGAMM@?$GAvector?5vbase?5copy?5constructor?5i@ 1001bad4     LIBCMT:undname.obj
 0002:00000b00       ??_C@_0CD@CGAJBKEJ@?$GAvector?5copy?5constructor?5iterato@ 1001bb00     LIBCMT:undname.obj
 0002:00000b24       ??_C@_0CB@PDBIFEP@?$GAdynamic?5atexit?5destructor?5for?5?8@ 1001bb24     LIBCMT:undname.obj
 0002:00000b48       ??_C@_0BL@CLIPGLGB@?$GAdynamic?5initializer?5for?5?8?$AA@ 1001bb48     LIBCMT:undname.obj
 0002:00000b64       ??_C@_0CM@FCBBDIGB@?$GAeh?5vector?5vbase?5copy?5constructo@ 1001bb64     LIBCMT:undname.obj
 0002:00000b90       ??_C@_0CG@HLDDJMAG@?$GAeh?5vector?5copy?5constructor?5iter@ 1001bb90     LIBCMT:undname.obj
 0002:00000bb8       ??_C@_0CF@IMGKMJNO@?$GAmanaged?5vector?5destructor?5itera@ 1001bbb8     LIBCMT:undname.obj
 0002:00000be0       ??_C@_0CG@CFDHKGGD@?$GAmanaged?5vector?5constructor?5iter@ 1001bbe0     LIBCMT:undname.obj
 0002:00000c08       ??_C@_0BN@CKNJLHMB@?$GAplacement?5delete?$FL?$FN?5closure?8?$AA@ 1001bc08     LIBCMT:undname.obj
 0002:00000c28       ??_C@_0BL@CNOONJFP@?$GAplacement?5delete?5closure?8?$AA@ 1001bc28     LIBCMT:undname.obj
 0002:00000c44       ??_C@_0P@HJKNJFNN@?$GAomni?5callsig?8?$AA@ 1001bc44     LIBCMT:undname.obj
 0002:00000c54       ??_C@_09LBNFPBCA@?5delete?$FL?$FN?$AA@ 1001bc54     LIBCMT:undname.obj
 0002:00000c60       ??_C@_06FHBGPFGH@?5new?$FL?$FN?$AA@ 1001bc60     LIBCMT:undname.obj
 0002:00000c68       ??_C@_0CE@IIHCMGGL@?$GAlocal?5vftable?5constructor?5closu@ 1001bc68     LIBCMT:undname.obj
 0002:00000c8c       ??_C@_0BA@KKLDJDLB@?$GAlocal?5vftable?8?$AA@ 1001bc8c     LIBCMT:undname.obj
 0002:00000c9c       ??_C@_05KHLCHHI@?$GARTTI?$AA@ 1001bc9c     LIBCMT:undname.obj
 0002:00000ca4       ??_C@_03KLGMFNMG@?$GAEH?$AA@ 1001bca4     LIBCMT:undname.obj
 0002:00000ca8       ??_C@_0BA@KBCDOMBN@?$GAudt?5returning?8?$AA@ 1001bca8     LIBCMT:undname.obj
 0002:00000cb8       ??_C@_0BL@LLKPOHJI@?$GAcopy?5constructor?5closure?8?$AA@ 1001bcb8     LIBCMT:undname.obj
 0002:00000cd4       ??_C@_0CH@OOJPLCPH@?$GAeh?5vector?5vbase?5constructor?5ite@ 1001bcd4     LIBCMT:undname.obj
 0002:00000cfc       ??_C@_0CA@GCEOPDGL@?$GAeh?5vector?5destructor?5iterator?8?$AA@ 1001bcfc     LIBCMT:undname.obj
 0002:00000d1c       ??_C@_0CB@JONCMFFK@?$GAeh?5vector?5constructor?5iterator?8@ 1001bd1c     LIBCMT:undname.obj
 0002:00000d40       ??_C@_0BL@NILFHHPC@?$GAvirtual?5displacement?5map?8?$AA@ 1001bd40     LIBCMT:undname.obj
 0002:00000d5c       ??_C@_0CE@IKBNEHA@?$GAvector?5vbase?5constructor?5iterat@ 1001bd5c     LIBCMT:undname.obj
 0002:00000d80       ??_C@_0BN@LFPFMEDL@?$GAvector?5destructor?5iterator?8?$AA@ 1001bd80     LIBCMT:undname.obj
 0002:00000da0       ??_C@_0BO@PFGOCPJJ@?$GAvector?5constructor?5iterator?8?$AA@ 1001bda0     LIBCMT:undname.obj
 0002:00000dc0       ??_C@_0BN@IMDCHIKM@?$GAscalar?5deleting?5destructor?8?$AA@ 1001bdc0     LIBCMT:undname.obj
 0002:00000de0       ??_C@_0BO@OBMKPJIG@?$GAdefault?5constructor?5closure?8?$AA@ 1001bde0     LIBCMT:undname.obj
 0002:00000e00       ??_C@_0BN@DEGPLNFK@?$GAvector?5deleting?5destructor?8?$AA@ 1001be00     LIBCMT:undname.obj
 0002:00000e20       ??_C@_0BD@JDLKDPAB@?$GAvbase?5destructor?8?$AA@ 1001be20     LIBCMT:undname.obj
 0002:00000e34       ??_C@_08OBABFOLI@?$GAstring?8?$AA@ 1001be34     LIBCMT:undname.obj
 0002:00000e40       ??_C@_0BF@KDPPACIK@?$GAlocal?5static?5guard?8?$AA@ 1001be40     LIBCMT:undname.obj
 0002:00000e58       ??_C@_08LLFFHHDJ@?$GAtypeof?8?$AA@ 1001be58     LIBCMT:undname.obj
 0002:00000e64       ??_C@_07FEEIOKP@?$GAvcall?8?$AA@ 1001be64     LIBCMT:undname.obj
 0002:00000e6c       ??_C@_09BLBHBJP@?$GAvbtable?8?$AA@ 1001be6c     LIBCMT:undname.obj
 0002:00000e78       ??_C@_09IFPLHPGF@?$GAvftable?8?$AA@ 1001be78     LIBCMT:undname.obj
 0002:00000e84       ??_C@_02MHEGNOJ@?$FO?$DN?$AA@ 1001be84     LIBCMT:undname.obj
 0002:00000e88       ??_C@_02DHLNPPGH@?$HM?$DN?$AA@ 1001be88     LIBCMT:undname.obj
 0002:00000e8c       ??_C@_02FGJGFEAB@?$CG?$DN?$AA@ 1001be8c     LIBCMT:undname.obj
 0002:00000e90       ??_C@_03CDNPDDLA@?$DM?$DM?$DN?$AA@ 1001be90     LIBCMT:undname.obj
 0002:00000e94       ??_C@_03IKFCCPFF@?$DO?$DO?$DN?$AA@ 1001be94     LIBCMT:undname.obj
 0002:00000e98       ??_C@_02FENAOKFI@?$CF?$DN?$AA@ 1001be98     LIBCMT:undname.obj
 0002:00000e9c       ??_C@_02FJEHGPIO@?1?$DN?$AA@ 1001be9c     LIBCMT:undname.obj
 0002:00000ea0       ??_C@_02FKMDLLOA@?9?$DN?$AA@ 1001bea0     LIBCMT:undname.obj
 0002:00000ea4       ??_C@_02FOEOMHFC@?$CL?$DN?$AA@ 1001bea4     LIBCMT:undname.obj
 0002:00000ea8       ??_C@_02FPIMKNGF@?$CK?$DN?$AA@ 1001bea8     LIBCMT:undname.obj
 0002:00000eac       ??_C@_02NONPIBCD@?$HM?$HM?$AA@ 1001beac     LIBCMT:undname.obj
 0002:00000eb0       ??_C@_02PPKAJPJL@?$CG?$CG?$AA@ 1001beb0     LIBCMT:undname.obj
 0002:00000eb4       ??_C@_01DNKMNLPK@?$HM?$AA@ 1001beb4     LIBCMT:undname.obj
 0002:00000eb8       ??_C@_01JKBOJNNK@?$FO?$AA@ 1001beb8     LIBCMT:undname.obj
 0002:00000ebc       ??_C@_01PJKLJHI@?$HO?$AA@  1001bebc     LIBCMT:undname.obj
 0002:00000ec0       ??_C@_02HCKGKOFO@?$CI?$CJ?$AA@ 1001bec0     LIBCMT:undname.obj
 0002:00000ec4       ??_C@_01IHBHIGKO@?0?$AA@   1001bec4     LIBCMT:undname.obj
 0002:00000ec8       ??_C@_02EEKDKGMJ@?$DO?$DN?$AA@ 1001bec8     LIBCMT:undname.obj
 0002:00000ecc       ??_C@_01PPODPGHN@?$DO?$AA@ 1001becc     LIBCMT:undname.obj
 0002:00000ed0       ??_C@_02EHCHHCKH@?$DM?$DN?$AA@ 1001bed0     LIBCMT:undname.obj
 0002:00000ed4       ??_C@_01MNNFJEPP@?$DM?$AA@ 1001bed4     LIBCMT:undname.obj
 0002:00000ed8       ??_C@_01FGNFDNOH@?$CF?$AA@ 1001bed8     LIBCMT:undname.obj
 0002:00000edc       ??_C@_01KMDKNFGN@?1?$AA@   1001bedc     LIBCMT:undname.obj
 0002:00000ee0       ??_C@_03MNHNFDLC@?9?$DO?$CK?$AA@ 1001bee0     LIBCMT:undname.obj
 0002:00000ee4       ??_C@_01HNPIGOCE@?$CG?$AA@ 1001bee4     LIBCMT:undname.obj
 0002:00000ee8       ??_C@_01MIFGBAGJ@?$CL?$AA@ 1001bee8     LIBCMT:undname.obj
 0002:00000eec       ??_C@_01JOAMLHOP@?9?$AA@   1001beec     LIBCMT:undname.obj
 0002:00000ef0       ??_C@_02BAABKJLB@?9?9?$AA@ 1001bef0     LIBCMT:undname.obj
 0002:00000ef4       ??_C@_02ECNGHCIF@?$CL?$CL?$AA@ 1001bef4     LIBCMT:undname.obj
 0002:00000ef8       ??_C@_01NBENCBCI@?$CK?$AA@ 1001bef8     LIBCMT:undname.obj
 0002:00000efc       ??_C@_02HBOOOICD@?9?$DO?$AA@ 1001befc     LIBCMT:undname.obj
 0002:00000f00       ??_C@_08LHJFAFGD@operator?$AA@ 1001bf00     LIBCMT:undname.obj
 0002:00000f0c       ??_C@_02GPECMEKF@?$FL?$FN?$AA@ 1001bf0c     LIBCMT:undname.obj
 0002:00000f10       ??_C@_02FDNJECIE@?$CB?$DN?$AA@ 1001bf10     LIBCMT:undname.obj
 0002:00000f14       ??_C@_02EGOFBIJA@?$DN?$DN?$AA@ 1001bf14     LIBCMT:undname.obj
 0002:00000f18       ??_C@_01DCLJPIOD@?$CB?$AA@ 1001bf18     LIBCMT:undname.obj
 0002:00000f1c       ??_C@_02FODMEDOG@?$DM?$DM?$AA@ 1001bf1c     LIBCMT:undname.obj
 0002:00000f20       ??_C@_02GPIOPFAK@?$DO?$DO?$AA@ 1001bf20     LIBCMT:undname.obj
 0002:00000f24       ??_C@_07FPCDHGMM@?5delete?$AA@ 1001bf24     LIBCMT:undname.obj
 0002:00000f2c       ??_C@_04NIHEBCM@?5new?$AA@ 1001bf2c     LIBCMT:undname.obj
 0002:00000f34       ??_C@_0M@GFIIJFMG@__unaligned?$AA@ 1001bf34     LIBCMT:undname.obj
 0002:00000f40       ??_C@_0L@PILCLIHE@__restrict?$AA@ 1001bf40     LIBCMT:undname.obj
 0002:00000f4c       ??_C@_07JOMMBBKO@__ptr64?$AA@ 1001bf4c     LIBCMT:undname.obj
 0002:00000f54       ??_C@_09HIJEGCPM@__clrcall?$AA@ 1001bf54     LIBCMT:undname.obj
 0002:00000f60       ??_C@_0L@JMKHOMEK@__fastcall?$AA@ 1001bf60     LIBCMT:undname.obj
 0002:00000f6c       ??_C@_0L@NPHFGOKO@__thiscall?$AA@ 1001bf6c     LIBCMT:undname.obj
 0002:00000f78       ??_C@_09IFJBGAPI@__stdcall?$AA@ 1001bf78     LIBCMT:undname.obj
 0002:00000f84       ??_C@_08GHMPAG@__pascal?$AA@ 1001bf84     LIBCMT:undname.obj
 0002:00000f90       ??_C@_07KOLFKCDI@__cdecl?$AA@ 1001bf90     LIBCMT:undname.obj
 0002:00000f98       ??_C@_08EHJDFFNH@__based?$CI?$AA@ 1001bf98     LIBCMT:undname.obj
 0002:00001128       ??_C@_13NOLLCAOD@?$AA?$AA?$AA?$AA@ 1001c128     LIBCMT:a_map.obj
 0002:00001130       ___newctype                1001c130     LIBCMT:ctype.obj
 0002:00001430       __wctype                   1001c430     LIBCMT:ctype.obj
 0002:00001638       ___newclmap                1001c638     LIBCMT:ctype.obj
 0002:000017b8       ___newcumap                1001c7b8     LIBCMT:ctype.obj
 0002:00001938       ??_C@_08JCCMCCIL@HH?3mm?3ss?$AA@ 1001c938     LIBCMT:strftime.obj
 0002:00001944       ??_C@_0BE@CKGJFCPC@dddd?0?5MMMM?5dd?0?5yyyy?$AA@ 1001c944     LIBCMT:strftime.obj
 0002:00001958       ??_C@_08BPBNCDIB@MM?1dd?1yy?$AA@ 1001c958     LIBCMT:strftime.obj
 0002:00001964       ??_C@_02CJNFDJBF@PM?$AA@   1001c964     LIBCMT:strftime.obj
 0002:00001968       ??_C@_02DEDBPAFC@AM?$AA@   1001c968     LIBCMT:strftime.obj
 0002:0000196c       ??_C@_08EDHMEBNP@December?$AA@ 1001c96c     LIBCMT:strftime.obj
 0002:00001978       ??_C@_08HCHEGEOA@November?$AA@ 1001c978     LIBCMT:strftime.obj
 0002:00001984       ??_C@_07JJNFCEND@October?$AA@ 1001c984     LIBCMT:strftime.obj
 0002:0000198c       ??_C@_09BHHEALKD@September?$AA@ 1001c98c     LIBCMT:strftime.obj
 0002:00001998       ??_C@_06LBBHFDDG@August?$AA@ 1001c998     LIBCMT:strftime.obj
 0002:000019a0       ??_C@_04MIEPOIFP@July?$AA@ 1001c9a0     LIBCMT:strftime.obj
 0002:000019a8       ??_C@_04CNLMGBGM@June?$AA@ 1001c9a8     LIBCMT:strftime.obj
 0002:000019b0       ??_C@_05DMJDNLEJ@April?$AA@ 1001c9b0     LIBCMT:strftime.obj
 0002:000019b8       ??_C@_05HPCKOFNC@March?$AA@ 1001c9b8     LIBCMT:strftime.obj
 0002:000019c0       ??_C@_08GNJGEPFN@February?$AA@ 1001c9c0     LIBCMT:strftime.obj
 0002:000019cc       ??_C@_07CGJPFGJA@January?$AA@ 1001c9cc     LIBCMT:strftime.obj
 0002:000019d4       ??_C@_03MKABNOCG@Dec?$AA@  1001c9d4     LIBCMT:strftime.obj
 0002:000019d8       ??_C@_03JPJOFNIA@Nov?$AA@  1001c9d8     LIBCMT:strftime.obj
 0002:000019dc       ??_C@_03BMAOKBAD@Oct?$AA@  1001c9dc     LIBCMT:strftime.obj
 0002:000019e0       ??_C@_03GGCAPAJC@Sep?$AA@  1001c9e0     LIBCMT:strftime.obj
 0002:000019e4       ??_C@_03IFJFEIGA@Aug?$AA@  1001c9e4     LIBCMT:strftime.obj
 0002:000019e8       ??_C@_03LBGABGKK@Jul?$AA@  1001c9e8     LIBCMT:strftime.obj
 0002:000019ec       ??_C@_03IDFGHECI@Jun?$AA@  1001c9ec     LIBCMT:strftime.obj
 0002:000019f0       ??_C@_03CNMDKL@May?$AA@    1001c9f0     LIBCMT:strftime.obj
 0002:000019f4       ??_C@_03LEOLGMJP@Apr?$AA@  1001c9f4     LIBCMT:strftime.obj
 0002:000019f8       ??_C@_03ODNJBKGA@Mar?$AA@  1001c9f8     LIBCMT:strftime.obj
 0002:000019fc       ??_C@_03HJBDCHOM@Feb?$AA@  1001c9fc     LIBCMT:strftime.obj
 0002:00001a00       ??_C@_03JIHJHPIE@Jan?$AA@  1001ca00     LIBCMT:strftime.obj
 0002:00001a04       ??_C@_08INBOOONO@Saturday?$AA@ 1001ca04     LIBCMT:strftime.obj
 0002:00001a10       ??_C@_06JECMNKMI@Friday?$AA@ 1001ca10     LIBCMT:strftime.obj
 0002:00001a18       ??_C@_08HACCIKIA@Thursday?$AA@ 1001ca18     LIBCMT:strftime.obj
 0002:00001a24       ??_C@_09DLIGFAKA@Wednesday?$AA@ 1001ca24     LIBCMT:strftime.obj
 0002:00001a30       ??_C@_07BAAGCFCM@Tuesday?$AA@ 1001ca30     LIBCMT:strftime.obj
 0002:00001a38       ??_C@_06JLEDEDGH@Monday?$AA@ 1001ca38     LIBCMT:strftime.obj
 0002:00001a40       ??_C@_06OOPIFAJ@Sunday?$AA@ 1001ca40     LIBCMT:strftime.obj
 0002:00001a48       ??_C@_03FEFJNEK@Sat?$AA@   1001ca48     LIBCMT:strftime.obj
 0002:00001a4c       ??_C@_03IDIOELNC@Fri?$AA@  1001ca4c     LIBCMT:strftime.obj
 0002:00001a50       ??_C@_03IOFIKPDN@Thu?$AA@  1001ca50     LIBCMT:strftime.obj
 0002:00001a54       ??_C@_03MHOMLAJA@Wed?$AA@  1001ca54     LIBCMT:strftime.obj
 0002:00001a58       ??_C@_03NAGEINEP@Tue?$AA@  1001ca58     LIBCMT:strftime.obj
 0002:00001a5c       ??_C@_03PDAGKDH@Mon?$AA@   1001ca5c     LIBCMT:strftime.obj
 0002:00001a60       ??_C@_03KOEHGMDN@Sun?$AA@  1001ca60     LIBCMT:strftime.obj
 0002:00001a64       ??_C@_0BI@DFKBFLJE@GetProcessWindowStation?$AA@ 1001ca64     LIBCMT:crtmbox.obj
 0002:00001a7c       ??_C@_0BK@CIDNPOGP@GetUserObjectInformationA?$AA@ 1001ca7c     LIBCMT:crtmbox.obj
 0002:00001a98       ??_C@_0BD@HHGDFDBJ@GetLastActivePopup?$AA@ 1001ca98     LIBCMT:crtmbox.obj
 0002:00001aac       ??_C@_0BA@HNOPNCHB@GetActiveWindow?$AA@ 1001caac     LIBCMT:crtmbox.obj
 0002:00001abc       ??_C@_0M@CHKKJDAI@MessageBoxA?$AA@ 1001cabc     LIBCMT:crtmbox.obj
 0002:00001ac8       ??_C@_0L@NDEGIDAG@USER32?4DLL?$AA@ 1001cac8     LIBCMT:crtmbox.obj
 0002:00001ad4       ??_C@_07GPDNMNG@CONOUT$?$AA@ 1001cad4     LIBCMT:initcon.obj
 0002:00001adc       ___dnames                  1001cadc     LIBCMT:timeset.obj
 0002:00001af4       ___mnames                  1001caf4     LIBCMT:timeset.obj
 0002:00001b1c       ??_C@_0BH@CCFOECBH@wog_options?4main?4intro?$AA@ 1001cb1c     wog native dialogs.obj
 0002:00001b34       ??_C@_0BH@HMJALHLI@wog_options?4main?4popup?$AA@ 1001cb34     wog native dialogs.obj
 0002:00001b4c       ??_C@_0BG@GGAFECFG@wog_options?4main?4hint?$AA@ 1001cb4c     wog native dialogs.obj
 0002:00001b64       ??_C@_0BG@HNGOACFA@wog_options?4main?4name?$AA@ 1001cb64     wog native dialogs.obj
 0002:00001b7c       ??_C@_05EIEHMANA@popup?$AA@ 1001cb7c     wog native dialogs.obj
 0002:00001b84       ??_C@_04NPKLNGDP@hint?$AA@ 1001cb84     wog native dialogs.obj
 0002:00001b8c       ??_C@_04MEMAJGDJ@name?$AA@ 1001cb8c     wog native dialogs.obj
 0002:00001b94       ??_C@_0L@NFIDKKJM@group?$CFd?4?$CFs?$AA@ 1001cb94     wog native dialogs.obj
 0002:00001ba0       ??_C@_0BG@DJKCIHGG@wog_options?4page?$CFd?4?$CFs?$AA@ 1001cba0     wog native dialogs.obj
 0002:00001bb8       ??_C@_0O@EGGGBKCF@DlgExpMon?4def?$AA@ 1001cbb8     wog native dialogs.obj
 0002:00001bc8       ??_C@_0N@JCGCDINI@Dlg_NPC3?4def?$AA@ 1001cbc8     wog native dialogs.obj
 0002:00001bd8       ??_C@_0N@FJDOOLHN@Dlg_NPC2?4def?$AA@ 1001cbd8     wog native dialogs.obj
 0002:00001be8       ??_C@_0N@NPKKJJND@Dlg_NPC1?4def?$AA@ 1001cbe8     wog native dialogs.obj
 0002:00001bf8       ??_C@_02DKCKIIND@?$CFs?$AA@ 1001cbf8     wog native dialogs.obj
 0002:00001bfc       ??_C@_0N@BHMGKPNG@checkbox?4def?$AA@ 1001cbfc     wog native dialogs.obj
 0002:00001c0c       ??_C@_0O@BBFJMKLN@radiobttn?4def?$AA@ 1001cc0c     wog native dialogs.obj
 0002:00001c1c       ??_C@_0O@LKNNDHCJ@smalfont2?4fnt?$AA@ 1001cc1c     wog native dialogs.obj
 0002:00001c2c       ??_C@_0N@PAEBLKHN@bigfont2?4fnt?$AA@ 1001cc2c     wog native dialogs.obj
 0002:00001c3c       ??_C@_0P@GHFPNOJB@bad?5allocation?$AA@ 1001cc3c     wog native dialogs.obj
 0002:00001c4c       ??_C@_0BA@FDLNIKIG@patcher_x86?4dll?$AA@ 1001cc4c     wog native dialogs.obj
 0002:00001c5c       ??_C@_0BB@CKHJKIEB@_GetPatcherX86?$EA0?$AA@ 1001cc5c     wog native dialogs.obj
 0002:00001c70       ??_C@_02DPKJAMEF@?$CFd?$AA@ 1001cc70     wog native dialogs.obj
 0002:00001c74       ??_C@_0N@NGJLFBMI@DiBoxBck?4pcx?$AA@ 1001cc74     wog native dialogs.obj
 0002:00001c84       ??_C@_0N@FGPGDOPK@dialgbox?4def?$AA@ 1001cc84     wog native dialogs.obj
 0002:00001c94       ??_C@_0N@ELNJEEMI@medfont2?4fnt?$AA@ 1001cc94     wog native dialogs.obj
 0002:00001ca4       ??_C@_09IIFHEAOO@angel?4dll?$AA@ 1001cca4     wog native dialogs.obj
 0002:00001cb0       ??_C@_0M@BFOAAPGP@EventParams?$AA@ 1001ccb0     wog native dialogs.obj
 0002:00001cbc       ??_C@_0BD@KPOAIKLJ@RestoreEventParams?$AA@ 1001ccbc     wog native dialogs.obj
 0002:00001cd0       ??_C@_0BA@JJKLPBHG@SaveEventParams?$AA@ 1001ccd0     wog native dialogs.obj
 0002:00001ce0       ??_C@_07PILJHEGK@era?4dll?$AA@ 1001cce0     wog native dialogs.obj
 0002:00001ce8       ??_C@_02EOEPPNBF@tr?$AA@   1001cce8     wog native dialogs.obj
 0002:00001cec       ??_C@_07HCDNKGPA@ApiHook?$AA@ 1001ccec     wog native dialogs.obj
 0002:00001cf4       ??_C@_0BB@NFICFMFA@ClearAllIniCache?$AA@ 1001ccf4     wog native dialogs.obj
 0002:00001d08       ??_C@_0O@KHPPEFLJ@ClearIniCache?$AA@ 1001cd08     wog native dialogs.obj
 0002:00001d18       ??_C@_0L@GHCNBJIK@ExecErmCmd?$AA@ 1001cd18     wog native dialogs.obj
 0002:00001d24       ??_C@_0L@BBNMEHJH@ExtractErm?$AA@ 1001cd24     wog native dialogs.obj
 0002:00001d30       ??_C@_0L@CKILDBJC@FatalError?$AA@ 1001cd30     wog native dialogs.obj
 0002:00001d3c       ??_C@_0N@HFGMKLEN@FireErmEvent?$AA@ 1001cd3c     wog native dialogs.obj
 0002:00001d4c       ??_C@_09GEAPPBGH@FireEvent?$AA@ 1001cd4c     wog native dialogs.obj
 0002:00001d58       ??_C@_0M@KJHFCLAP@GetButtonID?$AA@ 1001cd58     wog native dialogs.obj
 0002:00001d64       ??_C@_0L@LNAOMCPJ@GetVersion?$AA@ 1001cd64     wog native dialogs.obj
 0002:00001d70       ??_C@_0O@FNMDEAHG@GetVersionNum?$AA@ 1001cd70     wog native dialogs.obj
 0002:00001d80       ??_C@_0N@CFMBLIKP@GetGameState?$AA@ 1001cd80     wog native dialogs.obj
 0002:00001d90       ??_C@_0M@LKIFOAN@GetRealAddr?$AA@ 1001cd90     wog native dialogs.obj
 0002:00001d9c       ??_C@_0BD@DPCJBLFO@GlobalRedirectFile?$AA@ 1001cd9c     wog native dialogs.obj
 0002:00001db0       ??_C@_04PHJJMCEO@Hook?$AA@ 1001cdb0     wog native dialogs.obj
 0002:00001db8       ??_C@_08EBPIACBO@HookCode?$AA@ 1001cdb8     wog native dialogs.obj
 0002:00001dc4       ??_C@_0BB@PHLEIINC@LoadImageAsPcx16?$AA@ 1001cdc4     wog native dialogs.obj
 0002:00001dd8       ??_C@_07GDNFNLKF@LoadTxt?$AA@ 1001cdd8     wog native dialogs.obj
 0002:00001de0       ??_C@_07FLCNLLL@MemFree?$AA@ 1001cde0     wog native dialogs.obj
 0002:00001de8       ??_C@_09PIKCKENJ@NameColor?$AA@ 1001cde8     wog native dialogs.obj
 0002:00001df4       ??_C@_0M@LNHBMGFH@NotifyError?$AA@ 1001cdf4     wog native dialogs.obj
 0002:00001e00       ??_C@_0M@PLEJCMGM@PatchExists?$AA@ 1001ce00     wog native dialogs.obj
 0002:00001e0c       ??_C@_0N@BGLGOOMO@PluginExists?$AA@ 1001ce0c     wog native dialogs.obj
 0002:00001e1c       ??_C@_0BE@CIDOCKGN@ReadSavegameSection?$AA@ 1001ce1c     wog native dialogs.obj
 0002:00001e30       ??_C@_0P@CCLIEMKP@ReadStrFromIni?$AA@ 1001ce30     wog native dialogs.obj
 0002:00001e40       ??_C@_09IJJOFFNH@RecallAPI?$AA@ 1001ce40     wog native dialogs.obj
 0002:00001e4c       ??_C@_0N@EADKAOLK@RedirectFile?$AA@ 1001ce4c     wog native dialogs.obj
 0002:00001e5c       ??_C@_0BE@OJOEEMJD@RedirectMemoryBlock?$AA@ 1001ce5c     wog native dialogs.obj
 0002:00001e70       ??_C@_0BA@BCNGHKCC@RegisterHandler?$AA@ 1001ce70     wog native dialogs.obj
 0002:00001e80       ??_C@_09MJCMIAEG@ReloadErm?$AA@ 1001ce80     wog native dialogs.obj
 0002:00001e8c       ??_C@_0BE@JBKGKCON@ReportPluginVersion?$AA@ 1001ce8c     wog native dialogs.obj
 0002:00001ea0       ??_C@_07PAHGKEHA@SaveIni?$AA@ 1001cea0     wog native dialogs.obj
 0002:00001ea8       ??_C@_06DDHLBGDE@Splice?$AA@ 1001cea8     wog native dialogs.obj
 0002:00001eb0       ??_C@_0M@OFFBOJCJ@ToStaticStr?$AA@ 1001ceb0     wog native dialogs.obj
 0002:00001ebc       ??_C@_0M@CLLMHKFF@WriteAtCode?$AA@ 1001cebc     wog native dialogs.obj
 0002:00001ec8       ??_C@_0BF@HMHBLPO@WriteSavegameSection?$AA@ 1001cec8     wog native dialogs.obj
 0002:00001ee0       ??_C@_0O@POMBDOKD@WriteStrToIni?$AA@ 1001cee0     wog native dialogs.obj
 0002:00001ef0       ??_C@_0BN@DPBDBLAF@_GetPreselectedDialog8ItemId?$AA@ 1001cef0     wog native dialogs.obj
 0002:00001f10       ??_C@_0BO@NKNJIFPC@_GetDialog8SelectablePicsMask?$AA@ 1001cf10     wog native dialogs.obj
 0002:00001f30       ??_C@_05JIKHPHGN@90?590?$AA@ 1001cf30     wog native dialogs.obj
 0002:00001f38       ??_C@_05DIALNFFA@?$CFs?5?$CFd?$AA@ 1001cf38     wog native dialogs.obj
 0002:00001f40       ??_C@_05DNIIFBMG@?$CFs?5?$CFs?$AA@ 1001cf40     wog native dialogs.obj
 0002:00001f48       ??_C@_0L@FIDKBHJC@?$CFs?5?$CFd?5?$CI?$CFd?$CJ?$AA@ 1001cf48     wog native dialogs.obj
 0002:00001f54       ??_C@_0L@JDILLOGP@?$CFs?5?$CFd?5?9?5?$CFd?$AA@ 1001cf54     wog native dialogs.obj
 0002:00001f60       ??_C@_07JKHHBHOI@?$CFs?5?$CFd?$CF?$CF?$AA@ 1001cf60     wog native dialogs.obj
 0002:00001f68       ??_C@_06GNDJBPCO@?$CFs?6?6?$CFs?$AA@ 1001cf68     wog native dialogs.obj
 0002:00001f70       ??_C@_0N@CNMFKAFE@Dlg_NPCn?4pcx?$AA@ 1001cf70     wog native dialogs.obj
 0002:00001f80       ??_C@_0N@EENEFCAM@Dlg_NPCu?4pcx?$AA@ 1001cf80     wog native dialogs.obj
 0002:00001f90       ??_C@_0P@GMMOFIOD@Dlg_NPCdel?4def?$AA@ 1001cf90     wog native dialogs.obj
 0002:00001fa0       ??_C@_07DONLOGLK@?$CFd?5?$CI?$CFd?$CJ?$AA@ 1001cfa0     wog native dialogs.obj
 0002:00001fa8       ??_C@_07PFGKEPEH@?$CFd?5?9?5?$CFd?$AA@ 1001cfa8     wog native dialogs.obj
 0002:00001fb0       ??_C@_04FCMNJMCO@?$CFd?$CF?$CF?$AA@ 1001cfb0     wog native dialogs.obj
 0002:00001fb8       ??_C@_0M@EELLOAND@bttnNPC?4def?$AA@ 1001cfb8     wog native dialogs.obj
 0002:00001fc4       ??_C@_0BB@OPCILBBM@C742?53C?5FFFFFFFF?$AA@ 1001cfc4     wog native dialogs.obj
 0002:00001fd8       ??_C@_07JMKCEEPK@?$CFs?5?$CI?$CFd?$CJ?$AA@ 1001cfd8     wog native dialogs.obj
 0002:00001fe0       ??_C@_09PCPEDHFE@?$CFd?$CF?$CF?5?$CI?$CFd?$CJ?$AA@ 1001cfe0     wog native dialogs.obj
 0002:00001fec       ??_C@_03DMDECJFG@?$CFhf?$AA@ 1001cfec     wog native dialogs.obj
 0002:00001ff0       ??_C@_03OFAPEBGM@?$CFs?6?$AA@ 1001cff0     wog native dialogs.obj
 0002:00001ff4       ??_C@_08MNBIIGN@?$CFs?6?6?5?$CFs?6?$AA@ 1001cff4     wog native dialogs.obj
 0002:00002000       ??_C@_0N@ILHBCDMB@DlgExpUp?4def?$AA@ 1001d000     wog native dialogs.obj
 0002:00002010       ??_C@_08OFBPMKML@tiny?4fnt?$AA@ 1001d010     wog native dialogs.obj
 0002:0000201c       ??_C@_09KAONFINP@?$HL?$CFs?$HN?6?$CI?$CFs?$CJ?$AA@ 1001d01c     wog native dialogs.obj
 0002:00002028       ??_C@_0N@DCLMLLBB@WoGCurse?4def?$AA@ 1001d028     wog native dialogs.obj
 0002:00002038       ??_C@_06DJHOIPC@?$CFs?3?5?$CFs?$AA@ 1001d038     wog native dialogs.obj
 0002:00002040       ??_C@_0M@HFKPFJGG@artslot?4pcx?$AA@ 1001d040     wog native dialogs.obj
 0002:0000204c       ??_C@_0N@KAILJDHD@def?4SpScrArt?$AA@ 1001d04c     wog native dialogs.obj
 0002:0000205c       ??_C@_0BA@CACHJGMJ@WoGTextEdit?4pcx?$AA@ 1001d05c     wog native dialogs.obj
 0002:0000206c       ??_C@_09EIMBAPBP@?4?2Maps?2?$CFs?$AA@ 1001d06c     wog native dialogs.obj
 0002:00002078       ??_C@_02MFEGOEMP@?$CFn?$AA@ 1001d078     wog native dialogs.obj
 0002:0000207c       ??_C@_04OMBFFHIC@?$HL?$CFs?$HN?$AA@ 1001d07c     wog native dialogs.obj
 0002:00002088       ??_C@_0FB@LMJNIGPL@Error?5?$CIfor?5igrik?$CJ?$CB?$CB?$CB?6?6?5Debug?6Pag@ 1001d088     wog native dialogs.obj
 0002:000020dc       ??_C@_0P@HDPJJOMN@WoGOptions?4pcx?$AA@ 1001d0dc     wog native dialogs.obj
 0002:000020ec       ??_C@_0M@DGCKOOBG@WoGBttn?4def?$AA@ 1001d0ec     wog native dialogs.obj
 0002:000020f8       ??_C@_0M@FBOGBOAE@GSPBUT2?4DEF?$AA@ 1001d0f8     wog native dialogs.obj
 0002:00002104       ??_C@_0BI@DHELOEJM@dlg_datfile?4captionsave?$AA@ 1001d104     wog native dialogs.obj
 0002:0000211c       ??_C@_0BG@KPGNCFF@dlg_datfile?4descrsave?$AA@ 1001d11c     wog native dialogs.obj
 0002:00002134       ??_C@_0BF@NFMFBOP@dlg_datfile?4filemask?$AA@ 1001d134     wog native dialogs.obj
 0002:0000214c       ??_C@_0BI@DFFGBHEI@dlg_datfile?4captionload?$AA@ 1001d14c     wog native dialogs.obj
 0002:00002164       ??_C@_0BG@IOLCBIB@dlg_datfile?4descrload?$AA@ 1001d164     wog native dialogs.obj
 0002:0000217c       ??_C@_0BB@GPEKGKKL@HD?4Version?4Dword?$AA@ 1001d17c     wog native dialogs.obj
 0002:00002190       ??_C@_0O@EHOKGOGC@BattleLog?4pcx?$AA@ 1001d190     wog native dialogs.obj
 0002:000021a0       ??_C@_09JAKBHLCF@?$CFs?5?$HL?$CI?$CFd?$CJ?$HN?$AA@ 1001d1a0     wog native dialogs.obj
 0002:000021ac       ??_C@_0BL@MMODMCPC@HotA?4SwapMgrCalledFromTown?$AA@ 1001d1ac     wog native dialogs.obj
 0002:000021c8       ??_C@_03IAIAKOHP@?$CFdk?$AA@ 1001d1c8     wog native dialogs.obj
 0002:000021cc       ??_C@_07FBOLLOOC@?$CFdk?9?$CFdk?$AA@ 1001d1cc     wog native dialogs.obj
 0002:000021d4       ??_C@_05BIKBEGBP@?$CFd?9?$CFd?$AA@ 1001d1d4     wog native dialogs.obj
 0002:000021dc       ??_C@_0N@HNNBMNKA@HoMM3?5ERA?5?$CFs?$AA@ 1001d1dc     wog native dialogs.obj
 0002:000021ec       ??_C@_0BJ@KIEKHMHA@?2zvs?2Lib1?4res?2txtres?4txt?$AA@ 1001d1ec     wog native dialogs.obj
 0002:00002208       ??_C@_0BD@PDOEBPIC@wnd?4fonts?4big_font?$AA@ 1001d208     wog native dialogs.obj
 0002:0000221c       ??_C@_0BD@EKBKNPIB@wnd?4fonts?4med_font?$AA@ 1001d21c     wog native dialogs.obj
 0002:00002230       ??_C@_0BF@IEAOALNJ@wnd?4fonts?4small_font?$AA@ 1001d230     wog native dialogs.obj
 0002:00002248       ??_C@_0BF@EBIEFLBD@wnd?4dlg_crexpo?4line0?$AA@ 1001d248     wog native dialogs.obj
 0002:00002260       ??_C@_0BF@FIJPGKFC@wnd?4dlg_crexpo?4line1?$AA@ 1001d260     wog native dialogs.obj
 0002:00002278       ??_C@_0BF@HDLCDJJB@wnd?4dlg_crexpo?4line2?$AA@ 1001d278     wog native dialogs.obj
 0002:00002290       ??_C@_0BF@GKKJAINA@wnd?4dlg_crexpo?4line3?$AA@ 1001d290     wog native dialogs.obj
 0002:000022a8       ??_C@_0BF@CFOIJOBH@wnd?4dlg_crexpo?4line4?$AA@ 1001d2a8     wog native dialogs.obj
 0002:000022c0       ??_C@_0BF@DMPDKPFG@wnd?4dlg_crexpo?4line5?$AA@ 1001d2c0     wog native dialogs.obj
 0002:000022d8       ??_C@_0BF@BHNOPMJF@wnd?4dlg_crexpo?4line6?$AA@ 1001d2d8     wog native dialogs.obj
 0002:000022f0       ??_C@_0BF@OMFMNNE@wnd?4dlg_crexpo?4line7?$AA@ 1001d2f0     wog native dialogs.obj
 0002:00002308       ??_C@_0BF@IJFNNBBL@wnd?4dlg_crexpo?4line8?$AA@ 1001d308     wog native dialogs.obj
 0002:00002320       ??_C@_0BF@JAEGOAFK@wnd?4dlg_crexpo?4line9?$AA@ 1001d320     wog native dialogs.obj
 0002:00002338       ??_C@_0BG@FKHLJJEB@wnd?4dlg_crexpo?4line10?$AA@ 1001d338     wog native dialogs.obj
 0002:00002350       ??_C@_0BG@EDGAKIAA@wnd?4dlg_crexpo?4line11?$AA@ 1001d350     wog native dialogs.obj
 0002:00002368       ??_C@_0BP@EOCIECHH@wnd?4dlg_wog_options?4intro_font?$AA@ 1001d368     wog native dialogs.obj
 0002:00002388       ??_C@_0BO@PPEFPAOC@wnd?4dlg_wog_options?4bttn_name?$AA@ 1001d388     wog native dialogs.obj
 0002:000023a8       ??_C@_0CB@EPGBDFLB@wnd?4dlg_commander?4bttn_open_hint@ 1001d3a8     wog native dialogs.obj
 0002:000023cc       ??_C@_0CB@HHJKNBKP@wnd?4dlg_commander?4bttn_exit_hint@ 1001d3cc     wog native dialogs.obj
 0002:000023f0       ??_C@_0CC@HPHIJKHC@wnd?4dlg_commander?4bttn_lvlup_hin@ 1001d3f0     wog native dialogs.obj
 0002:00002414       ??_C@_0CD@CPLKJKFP@wnd?4dlg_commander?4bttn_dismiss_r@ 1001d414     wog native dialogs.obj
 0002:00002438       ??_C@_0BL@COONMGDI@wnd?4combat?4finish_question?$AA@ 1001d438     wog native dialogs.obj
 0002:00002454       ??_C@_0BH@EFIKECO@wnd?4combat?4show_killed?$AA@ 1001d454     wog native dialogs.obj
 0002:0000246c       ??_C@_0BD@BGMEGPKP@WoG?5Native?5Dialogs?$AA@ 1001d46c     wog native dialogs.obj
 0002:0000247f       ??_C@_00CNPNBAHC@?$AA@     1001d47f     HoMM3_GUI.obj
 0002:00002480       __real@3fe0000000000000    1001d480      CIL library: CIL module
 0002:00002488       __FPinit                   1001d488     LIBCMT:_fpinit_.obj
 0002:0000248c       __FPmtinit                 1001d48c     LIBCMT:_fpinit_.obj
 0002:00002490       __FPmtterm                 1001d490     LIBCMT:_fpinit_.obj
 0002:00002494       ??_C@_05KLBDPFGC@e?$CL000?$AA@ 1001d494     LIBCMT:cvt.obj
 0002:000024a0       __real@4150017ec0000000    1001d4a0     LIBCMT:_testfdiv_.obj
 0002:000024a8       __real@4147ffff80000000    1001d4a8     LIBCMT:_testfdiv_.obj
 0002:000024b0       ??_C@_0BK@NHEOCAHP@IsProcessorFeaturePresent?$AA@ 1001d4b0     LIBCMT:_testfdiv_.obj
 0002:000024cc       ??_C@_08CPNIBGIE@KERNEL32?$AA@ 1001d4cc     LIBCMT:_testfdiv_.obj
 0002:000024d8       ??_C@_06IMKFLFPG@1?$CDQNAN?$AA@ 1001d4d8     LIBCMT:_x10fout_.obj
 0002:000024e0       ??_C@_05DNEBIAHO@1?$CDINF?$AA@ 1001d4e0     LIBCMT:_x10fout_.obj
 0002:000024e8       ??_C@_05PHHOCPM@1?$CDIND?$AA@ 1001d4e8     LIBCMT:_x10fout_.obj
 0002:000024f0       ??_C@_06PGGFOGJG@1?$CDSNAN?$AA@ 1001d4f0     LIBCMT:_x10fout_.obj
 0002:000024f8       __load_config_used         1001d4f8     LIBCMT:loadcfg.obj
 0002:000025a4       ??_R4exception@std@@6B@    1001d5a4     LIBCMT:stdexcpt.obj
 0002:000025b8       ??_R4type_info@@6B@        1001d5b8     LIBCMT:typinfo.obj
 0002:000025cc       ??_R3type_info@@8          1001d5cc     LIBCMT:typinfo.obj
 0002:000025dc       ??_R2type_info@@8          1001d5dc     LIBCMT:typinfo.obj
 0002:000025e4       ??_R1A@?0A@EA@type_info@@8 1001d5e4     LIBCMT:typinfo.obj
 0002:00002600       ??_R4bad_alloc@std@@6B@    1001d600     wog native dialogs.obj
 0002:00002614       ??_R3bad_alloc@std@@8      1001d614     wog native dialogs.obj
 0002:00002624       ??_R2bad_alloc@std@@8      1001d624     wog native dialogs.obj
 0002:00002630       ??_R1A@?0A@EA@exception@std@@8 1001d630     wog native dialogs.obj
 0002:0000264c       ??_R3exception@std@@8      1001d64c     wog native dialogs.obj
 0002:0000265c       ??_R2exception@std@@8      1001d65c     wog native dialogs.obj
 0002:00002664       ??_R1A@?0A@EA@bad_alloc@std@@8 1001d664     wog native dialogs.obj
 0002:00002680       ___safe_se_handler_table   1001d680     <linker-defined>
 0002:0000268c       ___rtc_iaa                 1001d68c     LIBCMT:_initsect_.obj
 0002:00002690       ___rtc_izz                 1001d690     LIBCMT:_initsect_.obj
 0002:00002694       ___rtc_taa                 1001d694     LIBCMT:_initsect_.obj
 0002:00002698       ___rtc_tzz                 1001d698     LIBCMT:_initsect_.obj
 0002:00002a74       __CT??_R0?AVexception@std@@@8??0exception@std@@QAE@ABV01@@Z12 1001da74     wog native dialogs.obj
 0002:00002a90       __CT??_R0?AVbad_alloc@std@@@8??0bad_alloc@std@@QAE@ABV01@@Z12 1001da90     wog native dialogs.obj
 0002:00002aac       __CTA2?AVbad_alloc@std@@   1001daac     wog native dialogs.obj
 0002:00002ab8       __TI2?AVbad_alloc@std@@    1001dab8     wog native dialogs.obj
 0002:00002ae4       __IMPORT_DESCRIPTOR_KERNEL32 1001dae4     kernel32:KERNEL32.dll
 0002:00002af8       __NULL_IMPORT_DESCRIPTOR   1001daf8     kernel32:KERNEL32.dll
 0003:0000000c       ??_R0?AVtype_info@@@8      1001f00c     LIBCMT:typinfo.obj
 0003:00000030       ___security_cookie         1001f030     LIBCMT:gs_cookie.obj
 0003:00000034       ___security_cookie_complement 1001f034     LIBCMT:gs_cookie.obj
 0003:000001b0       ___nullstring              1001f1b0     LIBCMT:output.obj
 0003:000001b4       ___wnullstring             1001f1b4     LIBCMT:output.obj
 0003:000001b8       __amblksiz                 1001f1b8     LIBCMT:heapinit.obj
 0003:000002f0       ___flsindex                1001f2f0     LIBCMT:tidtable.obj
 0003:000002f4       ___getvalueindex           1001f2f4     LIBCMT:tidtable.obj
 0003:000002f8       __aexit_rtn                1001f2f8     LIBCMT:crt0dat.obj
 0003:00000300       ___badioinfo               1001f300     LIBCMT:ioinit.obj
 0003:00000340       __First_FPE_Indx           1001f340     LIBCMT:winxfltr.obj
 0003:00000344       __Num_FPE                  1001f344     LIBCMT:winxfltr.obj
 0003:00000348       __XcptActTabSize           1001f348     LIBCMT:winxfltr.obj
 0003:0000034c       __XcptActTabCount          1001f34c     LIBCMT:winxfltr.obj
 0003:00000360       __iob                      1001f360     LIBCMT:_file.obj
 0003:000005e0       ___initialmbcinfo          1001f5e0     LIBCMT:mbctype.obj
 0003:00000800       __mbctype                  1001f800     LIBCMT:mbctype.obj
 0003:00000908       __mbcasemap                1001f908     LIBCMT:mbctype.obj
 0003:00000a08       ___ptmbcinfo               1001fa08     LIBCMT:mbctype.obj
 0003:00000b04       ___globallocalestatus      1001fb04     LIBCMT:glstatus.obj
 0003:00000b08       ___clocalestr              1001fb08     LIBCMT:nlsdata2.obj
 0003:00000b10       ___initiallocinfo          1001fb10     LIBCMT:nlsdata2.obj
 0003:00000be8       ___ptlocinfo               1001fbe8     LIBCMT:nlsdata2.obj
 0003:00000bec       ___lc_clike                1001fbec     LIBCMT:nlsdata2.obj
 0003:00000bf0       ___initiallocalestructinfo 1001fbf0     LIBCMT:nlsdata2.obj
 0003:00000bf8       __cfltcvt_tab              1001fbf8     LIBCMT:cmiscdat.obj
 0003:00000cd8       ___abort_behavior          1001fcd8     LIBCMT:abort.obj
 0003:00000cdc       __NLG_Destination          1001fcdc     LIBCMT:exsup.obj
 0003:00000cf0       __pctype                   1001fcf0     LIBCMT:ctype.obj
 0003:00000cf4       __pwctype                  1001fcf4     LIBCMT:ctype.obj
 0003:00000cf8       ___lc_time_c               1001fcf8     LIBCMT:strftime.obj
 0003:00000db0       ___lc_time_curr            1001fdb0     LIBCMT:strftime.obj
 0003:00000db4       ___lconv_static_decimal    1001fdb4     LIBCMT:lconv.obj
 0003:00000db8       ___lconv_c                 1001fdb8     LIBCMT:lconv.obj
 0003:00000de8       ___lconv                   1001fde8     LIBCMT:lconv.obj
 0003:00000dec       ___mb_cur_max              1001fdec     LIBCMT:nlsdata1.obj
 0003:00000df0       ___decimal_point           1001fdf0     LIBCMT:nlsdata1.obj
 0003:00000df4       ___decimal_point_length    1001fdf4     LIBCMT:nlsdata1.obj
 0003:00000e00       __coninpfh                 1001fe00     LIBCMT:initcon.obj
 0003:00000e04       __confh                    1001fe04     LIBCMT:initcon.obj
 0003:00000e10       __timezone                 1001fe10     LIBCMT:timeset.obj
 0003:00000e14       __daylight                 1001fe14     LIBCMT:timeset.obj
 0003:00000e18       __dstbias                  1001fe18     LIBCMT:timeset.obj
 0003:00000ea0       __tzname                   1001fea0     LIBCMT:timeset.obj
 0003:00000ec0       __lpdays                   1001fec0     LIBCMT:days.obj
 0003:00000ef4       __days                     1001fef4     LIBCMT:days.obj
 0003:00000f38       ?v_table_funcs@_CustomDlg_@@2PAIA 1001ff38     HoMM3_GUI.obj
 0003:00000f78       ?n_BigFont@@3PADA          1001ff78     wog native dialogs.obj
 0003:00000f7c       ?n_MedFont@@3PADA          1001ff7c     wog native dialogs.obj
 0003:00000f80       ?n_SmallFont@@3PADA        1001ff80     wog native dialogs.obj
 0003:00000f84       ?radioBttnDef@@3PADA       1001ff84     wog native dialogs.obj
 0003:00000f88       ?checkboxDef@@3PADA        1001ff88     wog native dialogs.obj
 0003:00000f8c       ?textProcD@@3PADA          1001ff8c     wog native dialogs.obj
 0003:00000f90       ?textProcS@@3PADA          1001ff90     wog native dialogs.obj
 0003:00000f94       ?npc1Def@@3PADA            1001ff94     wog native dialogs.obj
 0003:00000f98       ?npc2Def@@3PADA            1001ff98     wog native dialogs.obj
 0003:00000f9c       ?npc3Def@@3PADA            1001ff9c     wog native dialogs.obj
 0003:00000fa0       ?n_DlgExpMon@@3PADA        1001ffa0     wog native dialogs.obj
 0003:00000fa4       ?textPage@@3PADA           1001ffa4     wog native dialogs.obj
 0003:00000fa8       ?list@@3PADA               1001ffa8     wog native dialogs.obj
 0003:00000fac       ?name@@3PADA               1001ffac     wog native dialogs.obj
 0003:00000fb0       ?hint@@3PADA               1001ffb0     wog native dialogs.obj
 0003:00000fb4       ?popUp@@3PADA              1001ffb4     wog native dialogs.obj
 0003:00000fb8       ?optionsName@@3PADA        1001ffb8     wog native dialogs.obj
 0003:00000fbc       ?optionsHint@@3PADA        1001ffbc     wog native dialogs.obj
 0003:00000fc0       ?optionsPopUp@@3PADA       1001ffc0     wog native dialogs.obj
 0003:00000fc4       ?optionsIntro@@3PADA       1001ffc4     wog native dialogs.obj
 0003:00000fc8       ??_R0?AVexception@std@@@8  1001ffc8     wog native dialogs.obj
 0003:00000fe4       ??_R0?AVbad_alloc@std@@@8  1001ffe4     wog native dialogs.obj
 0003:00001000       __fltused                  10020000     LIBCMT:_fpinit_.obj
 0003:00001004       __ldused                   10020004     LIBCMT:_fpinit_.obj
 0003:00001040       __pow10pos                 10020040     LIBCMT:_constpow_.obj
 0003:000011a0       __pow10neg                 100201a0     LIBCMT:_constpow_.obj
 0003:00001334       __aenvptr                  10020334     LIBCMT:dllcrt0.obj
 0003:00001338       __wenvptr                  10020338     LIBCMT:dllcrt0.obj
 0003:0000133c       ___error_mode              1002033c     LIBCMT:dllcrt0.obj
 0003:00001340       ___app_type                10020340     LIBCMT:dllcrt0.obj
 0003:0000166c       ___pInvalidArgHandler      1002066c     LIBCMT:invarg.obj
 0003:00001670       __crtheap                  10020670     LIBCMT:heapinit.obj
 0003:000017c8       ___sbh_pHeaderDefer        100207c8     LIBCMT:sbheap.obj
 0003:000017d4       ?_pnhHeap@@3P6AHI@ZA       100207d4     LIBCMT:handler.obj
 0003:000017d8       _gpFlsAlloc                100207d8     LIBCMT:tidtable.obj
 0003:000017dc       _gpFlsGetValue             100207dc     LIBCMT:tidtable.obj
 0003:000017e0       _gpFlsSetValue             100207e0     LIBCMT:tidtable.obj
 0003:000017e4       _gpFlsFree                 100207e4     LIBCMT:tidtable.obj
 0003:000017e8       __maxwait                  100207e8     LIBCMT:crtheap.obj
 0003:000017ec       __umaskval                 100207ec     LIBCMT:crt0dat.obj
 0003:000017f0       ___argc                    100207f0     LIBCMT:crt0dat.obj
 0003:000017f4       ___argv                    100207f4     LIBCMT:crt0dat.obj
 0003:000017f8       ___wargv                   100207f8     LIBCMT:crt0dat.obj
 0003:000017fc       __environ                  100207fc     LIBCMT:crt0dat.obj
 0003:00001800       ___initenv                 10020800     LIBCMT:crt0dat.obj
 0003:00001804       __wenviron                 10020804     LIBCMT:crt0dat.obj
 0003:00001808       ___winitenv                10020808     LIBCMT:crt0dat.obj
 0003:0000180c       __pgmptr                   1002080c     LIBCMT:crt0dat.obj
 0003:00001810       __wpgmptr                  10020810     LIBCMT:crt0dat.obj
 0003:00001814       __exitflag                 10020814     LIBCMT:crt0dat.obj
 0003:00001818       __C_Termination_Done       10020818     LIBCMT:crt0dat.obj
 0003:0000181c       __C_Exit_Done              1002081c     LIBCMT:crt0dat.obj
 0003:0000192c       ?__pInconsistency@@3P6AXXZA 1002092c     LIBCMT:hooks.obj
 0003:00001930       __cflush                   10020930     LIBCMT:_file.obj
 0003:00001938       ___mbulinfo                10020938     LIBCMT:mbctype.obj
 0003:00001944       ___mbcodepage              10020944     LIBCMT:mbctype.obj
 0003:00001948       ___ismbcodepage            10020948     LIBCMT:mbctype.obj
 0003:0000194c       ___mblcid                  1002094c     LIBCMT:mbctype.obj
 0003:00001950       ___locale_changed          10020950     LIBCMT:setlocal.obj
 0003:00001954       ___lc_handle               10020954     LIBCMT:nlsdata2.obj
 0003:0000196c       ___lc_codepage             1002096c     LIBCMT:nlsdata2.obj
 0003:00001970       ___lc_collate_cp           10020970     LIBCMT:nlsdata2.obj
 0003:00001c8c       __newmode                  10020c8c     LIBCMT:_newmode.obj
 0003:00001ca8       ?pArgList@UnDecorator@@0PAVReplicator@@A 10020ca8     LIBCMT:undname.obj
 0003:00001cac       ?pZNameList@UnDecorator@@0PAVReplicator@@A 10020cac     LIBCMT:undname.obj
 0003:00001cb0       ?pTemplateArgList@UnDecorator@@0PAVReplicator@@A 10020cb0     LIBCMT:undname.obj
 0003:00001cb4       ?gName@UnDecorator@@0PBDB  10020cb4     LIBCMT:undname.obj
 0003:00001cb8       ?name@UnDecorator@@0PBDB   10020cb8     LIBCMT:undname.obj
 0003:00001cbc       ?outputString@UnDecorator@@0PADA 10020cbc     LIBCMT:undname.obj
 0003:00001cc0       ?maxStringLength@UnDecorator@@0HA 10020cc0     LIBCMT:undname.obj
 0003:00001cc4       ?disableFlags@UnDecorator@@0KA 10020cc4     LIBCMT:undname.obj
 0003:00001cc8       ?m_pGetParameter@UnDecorator@@0P6APADJ@ZA 10020cc8     LIBCMT:undname.obj
 0003:00001ccc       ?fExplicitTemplateParams@UnDecorator@@0_NA 10020ccc     LIBCMT:undname.obj
 0003:00001ccd       ?fGetTemplateArgumentList@UnDecorator@@0_NA 10020ccd     LIBCMT:undname.obj
 0003:00001cf0       ___pPurecall               10020cf0     LIBCMT:inithelp.obj
 0003:00001cfc       ___lconv_static_null       10020cfc     LIBCMT:lconv.obj
 0003:00001d00       __stdbuf                   10020d00     LIBCMT:_sftbuf.obj
 0003:00001dd8       ?json_Combat@@3PAPADA      10020dd8     wog native dialogs.obj
 0003:00001de0       ?myString2@@3PADA          10020de0     wog native dialogs.obj
 0003:000021e0       ?NPC_Def@@3PAU_DlgStaticDef_@@A 100211e0     wog native dialogs.obj
 0003:000021e4       ?json_WoGOpt@@3PAPADA      100211e4     wog native dialogs.obj
 0003:000021ec       ?smalfont2@@3PAU_Fnt_@@A   100211ec     wog native dialogs.obj
 0003:000021f0       ?saveManaHero@@3PAY01HA    100211f0     wog native dialogs.obj
 0003:00002200       ?dlgHeroLvlUp_heroID@@3IA  10021200     wog native dialogs.obj
 0003:00002204       ?_PI@@3PAVPatcherInstance@@A 10021204     wog native dialogs.obj
 0003:00002208       ?myString1@@3PADA          10021208     wog native dialogs.obj
 0003:00002608       ?inTownDlg@@3_NA           10021608     wog native dialogs.obj
 0003:0000260c       ?_P@@3PAVPatcher@@A        1002160c     wog native dialogs.obj
 0003:00002610       ?isNeedRestore@@3HA        10021610     wog native dialogs.obj
 0003:00002614       ?json_CrExpo@@3PAPADA      10021614     wog native dialogs.obj
 0003:00002644       ?json_Npc@@3PAPADA         10021644     wog native dialogs.obj
 0003:00002654       ?damLo@@3HA                10021654     wog native dialogs.obj
 0003:00002658       ?strPage@@3PADA            10021658     wog native dialogs.obj
 0003:00002a58       ?strList@@3PADA            10021a58     wog native dialogs.obj
 0003:00002e58       ?medfont2@@3PAU_Fnt_@@A    10021e58     wog native dialogs.obj
 0003:00002e5c       ?QuickBattle_SAVE@@3HA     10021e5c     wog native dialogs.obj
 0003:00002e60       ?o_ScrollItems@@3PAU_ScrollItems_@@A 10021e60     wog native dialogs.obj
 0003:00002e64       ?timeClickAvtoSolo@@3HA    10021e64     wog native dialogs.obj
 0003:00002e68       ?HD_Version@@3HA           10021e68     wog native dialogs.obj
 0003:00002e6c       ?saveCursor@@3PAHA         10021e6c     wog native dialogs.obj
 0003:00002e78       ?time_click@@3HA           10021e78     wog native dialogs.obj
 0003:00002e7c       ?hAngel@Era@@3PAUHINSTANCE__@@A 10021e7c     wog native dialogs.obj
 0003:00002e80       ?hEra@Era@@3PAUHINSTANCE__@@A 10021e80     wog native dialogs.obj
 0003:00002e84       ?focusedItemID@@3HA        10021e84     wog native dialogs.obj
 0003:00002e88       ?my_TimeClick_MsgBox@@3HA  10021e88     wog native dialogs.obj
 0003:00002e8c       ?txtresWOG@@3PAU_TXT_@@A   10021e8c     wog native dialogs.obj
 0003:00002e90       ?damHi@@3HA                10021e90     wog native dialogs.obj
 0003:00002e94       ?bigfont2@@3PAU_Fnt_@@A    10021e94     wog native dialogs.obj
 0003:00002e98       ?myString3@@3PADA          10021e98     wog native dialogs.obj
 0003:00003298       ?EventParams@Era@@3PAY0BA@HA 10022298     wog native dialogs.obj
 0003:0000329c       ?ApiHook@Era@@3P6GPAXPAXH0@ZA 1002229c     wog native dialogs.obj
 0003:000032a0       ?ClearAllIniCache@Era@@3P6GXXZA 100222a0     wog native dialogs.obj
 0003:000032a4       ?ClearIniCache@Era@@3P6GXPBD@ZA 100222a4     wog native dialogs.obj
 0003:000032a8       ?ExecErmCmd@Era@@3P6GXPBD@ZA 100222a8     wog native dialogs.obj
 0003:000032ac       ?ExtractErm@Era@@3P6GXXZA  100222ac     wog native dialogs.obj
 0003:000032b0       ?FatalError@Era@@3P6GXPBD@ZA 100222b0     wog native dialogs.obj
 0003:000032b4       ?FireErmEvent@Era@@3P6GXH@ZA 100222b4     wog native dialogs.obj
 0003:000032b8       ?FireEvent@Era@@3P6GXPBDPAXH@ZA 100222b8     wog native dialogs.obj
 0003:000032bc       ?GetButtonID@Era@@3P6GHPBD@ZA 100222bc     wog native dialogs.obj
 0003:000032c0       ?GetEraVersion@Era@@3P6GPBDXZA 100222c0     wog native dialogs.obj
 0003:000032c4       ?GetVersionNum@Era@@3P6GHXZA 100222c4     wog native dialogs.obj
 0003:000032c8       ?GetGameState@Era@@3P6GXPAUTGameState@1@@ZA 100222c8     wog native dialogs.obj
 0003:000032cc       ?GetRealAddr@Era@@3P6GPAXPAX@ZA 100222cc     wog native dialogs.obj
 0003:000032d0       ?GlobalRedirectFile@Era@@3P6GXXZA 100222d0     wog native dialogs.obj
 0003:000032d4       ?Hook@Era@@3P6GPAXPAXHH0@ZA 100222d4     wog native dialogs.obj
 0003:000032d8       ?HookCode@Era@@3P6GPAXPAXP6GHPAUTHookContext@1@@ZPAPAX@ZA 100222d8     wog native dialogs.obj
 0003:000032dc       ?LoadImageAsPcx16@Era@@3P6GPAXPBD0HHHHH@ZA 100222dc     wog native dialogs.obj
 0003:000032e0       ?LoadTxt@Era@@3P6GPAXPBD@ZA 100222e0     wog native dialogs.obj
 0003:000032e4       ?MemFree@Era@@3P6GXPBX@ZA  100222e4     wog native dialogs.obj
 0003:000032e8       ?NameColor@Era@@3P6GXHPBD@ZA 100222e8     wog native dialogs.obj
 0003:000032ec       ?NotifyError@Era@@3P6GXPBD@ZA 100222ec     wog native dialogs.obj
 0003:000032f0       ?PatchExists@Era@@3P6G_NPBD@ZA 100222f0     wog native dialogs.obj
 0003:000032f4       ?PluginExists@Era@@3P6G_NPBD@ZA 100222f4     wog native dialogs.obj
 0003:000032f8       ?ReadSavegameSection@Era@@3P6GHHPAXPBD@ZA 100222f8     wog native dialogs.obj
 0003:000032fc       ?ReadStrFromIni@Era@@3P6G_NPBD00PAD@ZA 100222fc     wog native dialogs.obj
 0003:00003300       ?RecallAPI@Era@@3P6GHPAUTHookContext@1@H@ZA 10022300     wog native dialogs.obj
 0003:00003304       ?RedirectFile@Era@@3P6GXXZA 10022304     wog native dialogs.obj
 0003:00003308       ?RedirectMemoryBlock@Era@@3P6GXPAXH0@ZA 10022308     wog native dialogs.obj
 0003:0000330c       ?RegisterHandler@Era@@3P6GXP6GXPAUTEvent@1@@ZPBD@ZA 1002230c     wog native dialogs.obj
 0003:00003310       ?ReloadErm@Era@@3P6GXXZA   10022310     wog native dialogs.obj
 0003:00003314       ?ReportPluginVersion@Era@@3P6GXPBD@ZA 10022314     wog native dialogs.obj
 0003:00003318       ?RestoreEventParams@Era@@3P6GXXZA 10022318     wog native dialogs.obj
 0003:0000331c       ?SaveEventParams@Era@@3P6GXXZA 1002231c     wog native dialogs.obj
 0003:00003320       ?SaveIni@Era@@3P6G_NPBD@ZA 10022320     wog native dialogs.obj
 0003:00003324       ?Splice@Era@@3P6GPAXPAX0HHPAHPAPAX@ZA 10022324     wog native dialogs.obj
 0003:00003328       ?ToStaticStr@Era@@3P6GPADPBD@ZA 10022328     wog native dialogs.obj
 0003:0000332c       ?_tr@Era@@3P6GPADPBDPAPBDH@ZA 1002232c     wog native dialogs.obj
 0003:00003330       ?WriteAtCode@Era@@3P6GXHPAX0@ZA 10022330     wog native dialogs.obj
 0003:00003334       ?WriteSavegameSection@Era@@3P6GXHPAXPBD@ZA 10022334     wog native dialogs.obj
 0003:00003338       ?WriteStrToIni@Era@@3P6G_NPBD000@ZA 10022338     wog native dialogs.obj
 0003:0000333c       ?GetDefaultMsgBoxItId@Era@@3P6GHXZA 1002233c     wog native dialogs.obj
 0003:00003340       ?GetMaskMsgBoxItId@Era@@3P6GHXZA 10022340     wog native dialogs.obj
 0003:00003344       ?ERA_VERSION@@3HA          10022344     wog native dialogs.obj
 0003:00003348       ?NPC_StatBar@@3PAU_DlgStaticTextPcx8ed_@@A 10022348     wog native dialogs.obj
 0003:0000334c       ?BanDlg_CustomReq_EnterText@@3HA 1002234c     wog native dialogs.obj
 0003:00003350       ?o_Sphinx1@@3PAU_Sphinx1_@@A 10022350     wog native dialogs.obj
 0003:00003354       ?Dlg_CustomReq_Ban@@3HA    10022354     wog native dialogs.obj
 0003:00003358       ?statbarWoGOptions@@3PAU_DlgStaticTextPcx8ed_@@A 10022358     wog native dialogs.obj
 0003:0000335c       ?apdFont@@3HA              1002235c     wog native dialogs.obj
 0003:00003360       ?calls_count@?1??GetPatcher@@YAPAVPatcher@@XZ@4HA 10022360     wog native dialogs.obj
 0003:00003368       ___fastflag                10022368     LIBCMT:_fpinit_.obj
 0003:0000336c       __adjust_fdiv              1002236c     LIBCMT:_fpinit_.obj
 0003:00003370       __outputformat             10022370     LIBCMT:outputformat.obj
 0003:00003374       ___piob                    10022374     <common>
 0003:00003380       __bufin                    10022380     <common>
 0003:00004380       __nstream                  10023380     <common>
 0003:00004384       ___sse2_available          10023384     <common>
 0003:00004388       __debugger_hook_dummy      10023388     <common>
 0003:0000438c       __nhandle                  1002338c     <common>
 0003:000043a0       ___pioinfo                 100233a0     <common>
 0003:000044a0       ___env_initialized         100234a0     <common>
 0003:000044a4       ___onexitend               100234a4     <common>
 0003:000044a8       ___onexitbegin             100234a8     <common>
 0003:000044ac       ___mbctype_initialized     100234ac     <common>
 0003:000044b0       ___dyn_tls_init_callback   100234b0     <common>
 0003:000044b4       ___sbh_cntHeaderList       100234b4     <common>
 0003:000044b8       ___sbh_pHeaderList         100234b8     <common>
 0003:000044bc       ___sbh_threshold           100234bc     <common>
 0003:000044c0       ___sbh_pHeaderScan         100234c0     <common>
 0003:000044c4       ___sbh_sizeHeaderList      100234c4     <common>
 0003:000044c8       ___sbh_indGroupDefer       100234c8     <common>
 0003:000044cc       ___active_heap             100234cc     <common>
 0003:000044d0       __acmdln                   100234d0     <common>

 entry point at        0001:0000e408

 Static symbols

 0001:0000e312       ___DllMainCRTStartup       1000f312 f   LIBCMT:dllcrt0.obj
 0001:0000ed58       _write_char                1000fd58 f   LIBCMT:output.obj
 0001:0000ed8b       _write_multi_char          1000fd8b f   LIBCMT:output.obj
 0001:0000edb1       _write_string              1000fdb1 f   LIBCMT:output.obj
 0001:00010f08       __onexit_nolock            10011f08 f   LIBCMT:onexit.obj
 0001:00011815       __initterm                 10012815 f   LIBCMT:crt0dat.obj
 0001:000118db       _doexit                    100128db f   LIBCMT:crt0dat.obj
 0001:00011dfa       _parse_cmdline             10012dfa f   LIBCMT:stdargv.obj
 0001:000124e4       _fastcopy_I                100134e4 f   LIBCMT:p4_memcpy.obj
 0001:0001264e       _has_osfxsr_set            1001364e f   LIBCMT:cpu_disp.obj
 0001:0001334e       ?CPtoLCID@@YAHH@Z          1001434e f   LIBCMT:mbctype.obj
 0001:0001337d       ?setSBCS@@YAXPAUthreadmbcinfostruct@@@Z 1001437d f   LIBCMT:mbctype.obj
 0001:000133e1       ?setSBUpLow@@YAXPAUthreadmbcinfostruct@@@Z 100143e1 f   LIBCMT:mbctype.obj
 0001:00013618       ?getSystemCP@@YAHH@Z       10014618 f   LIBCMT:mbctype.obj
 0001:00013ca2       __updatetlocinfoEx_nolock  10014ca2 f   LIBCMT:setlocal.obj
 0001:000142e8       __unwind_handler4          100152e8 f   LIBCMT:exsup4.obj
 0001:000144fd       _fastzero_I                100154fd f   LIBCMT:p4_memset.obj
 0001:000149dd       _siglookup                 100159dd f   LIBCMT:winsig.obj
 0001:00014bef       ?x_ismbbtype_l@@YAHPAUlocaleinfo_struct@@IHH@Z 10015bef f   LIBCMT:ismbbyte.obj
 0001:00014d94       __unwind_handler           10015d94 f   LIBCMT:exsup.obj
 0001:000153ea       _flsall                    100163ea f   LIBCMT:fflush.obj
 0001:000154ed       ?__crtLCMapStringA_stat@@YAHPAUlocaleinfo_struct@@KKPBDHPADHHH@Z 100164ed f   LIBCMT:a_map.obj
 0001:000158d7       ?__crtGetStringTypeA_stat@@YAHPAUlocaleinfo_struct@@KPBDHPAGHHH@Z 100168d7 f   LIBCMT:a_str.obj
 0001:00015ef9       ?strtoxl@@YAKPAUlocaleinfo_struct@@PBDPAPBDHH@Z 10016ef9 f   LIBCMT:strtol.obj
 0001:00016fa8       __shift                    10017fa8 f   LIBCMT:cvt.obj
 0001:00016fed       __cftoe2_l                 10017fed f   LIBCMT:cvt.obj
 0001:000175bf       __cftof2_l                 100185bf f   LIBCMT:cvt.obj
 0001:00019950       __hw_cw                    1001a950 f   LIBCMT:_ieee87_.obj
 0001:000199de       ___hw_cw_sse2              1001a9de f   LIBCMT:_ieee87_.obj
 0001:00019fd0       ??__Fnomem@?5???2@YAPAXI@Z@YAXXZ 1001afd0 f   LIBCMT:new.obj
