 wog native dialogs

 Timestamp is 5f8692e8 (Wed Oct 14 08:55:52 2020)

 Preferred load address is 10000000

 Start         Length     Name                   Class
 0001:00000000 0001950cH .text                   CODE
 0001:00019510 00000000H .text$x                 CODE
 0001:00019510 00000014H .text$yd                CODE
 0002:00000000 0000011cH .idata$5                DATA
 0002:0000011c 00000004H .CRT$XCA                DATA
 0002:00000120 00000004H .CRT$XCZ                DATA
 0002:00000124 00000004H .CRT$XIA                DATA
 0002:00000128 00000010H .CRT$XIC                DATA
 0002:00000138 00000004H .CRT$XIZ                DATA
 0002:0000013c 00000004H .CRT$XPA                DATA
 0002:00000140 00000004H .CRT$XPX                DATA
 0002:00000144 00000004H .CRT$XPXA               DATA
 0002:00000148 00000004H .CRT$XPZ                DATA
 0002:0000014c 00000004H .CRT$XTA                DATA
 0002:00000150 00000004H .CRT$XTZ                DATA
 0002:00000160 00002278H .rdata                  DATA
 0002:000023d8 00000061H .rdata$debug            DATA
 0002:0000243c 000000dcH .rdata$r                DATA
 0002:00002520 0000000cH .rdata$sxdata           DATA
 0002:0000252c 00000004H .rtc$IAA                DATA
 0002:00002530 00000004H .rtc$IZZ                DATA
 0002:00002534 00000004H .rtc$TAA                DATA
 0002:00002538 00000004H .rtc$TZZ                DATA
 0002:00002540 00000444H .xdata$x                DATA
 0002:00002984 00000014H .idata$2                DATA
 0002:00002998 00000014H .idata$3                DATA
 0002:000029ac 0000011cH .idata$4                DATA
 0002:00002ac8 0000050cH .idata$6                DATA
 0002:00002fe0 0000005eH .edata                  DATA
 0003:00000000 000012f8H .data                   DATA
 0003:00001300 000029b4H .bss                    DATA

  Address         Publics by Value              Rva+Base       Lib:Object

 0000:00000000       __except_list              00000000     <absolute>
 0000:00000003       ___safe_se_handler_count   00000003     <absolute>
 0000:00000000       ___ImageBase               10000000     <linker-defined>
 0001:00000000       ?WriteCodePatch@PatcherInstance@@QAAPAVPatch@@IPADZZ 10001000 f i wog native dialogs.obj
 0001:00000020       ??1bad_alloc@std@@UAE@XZ   10001020 f i wog native dialogs.obj
 0001:00000030       ??_Ebad_alloc@std@@UAEPAXI@Z 10001030 f i  CIL library: CIL module
 0001:00000030       ??_Gbad_alloc@std@@UAEPAXI@Z 10001030 f i wog native dialogs.obj
 0001:00000060       ?Create@_DlgStaticDef_@@SAPAU1@HHHPADHHH@Z 10001060 f i wog native dialogs.obj
 0001:000000c0       ?Create@_DlgButton_@@SAPAU1@HHHPADHHHH@Z 100010c0 f i wog native dialogs.obj
 0001:00000110       ?Create@_DlgTextButton_@@SAPAU1@HHHPAD00HHHHH@Z 10001110 f i wog native dialogs.obj
 0001:00000170       ?b_MsgBox@@YAHPADH@Z       10001170 f i wog native dialogs.obj
 0001:000001a0       ?b_MsgBoxD@@YAHPADHHH@Z    100011a0 f i wog native dialogs.obj
 0001:000001e0       ?GetHero@_GameMgr_@@QAEPAU_Hero_@@H@Z 100011e0 f i wog native dialogs.obj
 0001:00000200       ?Get_ITxtExp@@YAPADH@Z     10001200 f i wog native dialogs.obj
 0001:00000220       ?Set_DlgBackground_RK@@YAHPAV_CustomDlg_@@HH@Z 10001220 f   wog native dialogs.obj
 0001:00000800       ?b_MsgBoxAndDef@@YAXPADH0@Z 10001800 f   wog native dialogs.obj
 0001:00000a30       ?b_MsgBoxBig@@YAXPADD@Z    10001a30 f   wog native dialogs.obj
 0001:00000b70       ?e_ClickSound@@YAXXZ       10001b70 f i wog native dialogs.obj
 0001:00000bc0       ?ConnectEra@Era@@YAXXZ     10001bc0 f   wog native dialogs.obj
 0001:00000ed0       ?Dlg_ChangeBmp@@YAXPAVPatcherInstance@@@Z 10001ed0 f   wog native dialogs.obj
 0001:00001ce0       ?Y_New_CommanderDlg_Proc@@YGHPAV_CustomDlg_@@PAU_DlgMsg_@@@Z 10002ce0 f   wog native dialogs.obj
 0001:00002460       ?Y_Dlg_NPC_Show@@YGHPAVHiHook@@PAU_DlgNPC_@@@Z 10003460 f   wog native dialogs.obj
 0001:00003b60       ?Y_Dlg_NPC_Prepare@@YGXPAVHiHook@@PAU_Npc_@@HHH@Z 10004b60 f   wog native dialogs.obj
 0001:00003ba0       ?Y_Dlg_NPC_ShowAgain_IfGetArtHero@@YGHPAVLoHook@@PAUHookContext@@@Z 10004ba0 f   wog native dialogs.obj
 0001:00003bc0       ?Y_HeroDlg_Create@@YGPAV_CustomDlg_@@PAVHiHook@@PAV1@@Z 10004bc0 f   wog native dialogs.obj
 0001:00003c20       ?Y_HeroDlg_Proc@@YGHPAVHiHook@@PAV_CustomDlg_@@PAU_DlgMsg_@@@Z 10004c20 f   wog native dialogs.obj
 0001:00003ea0       ?Dlg_NPC@@YAXPAVPatcherInstance@@@Z 10004ea0 f   wog native dialogs.obj
 0001:00003f30       ?New_Dlg_ExpaMon_Case8@@YAHH@Z 10004f30 f   wog native dialogs.obj
 0001:00004880       ?New_Dlg_ExpaMon_BannerDlg_Proc@@YGHPAV_CustomDlg_@@PAU_DlgMsg_@@@Z 10005880 f   wog native dialogs.obj
 0001:00004950       ?New_Dlg_ExpaMon_BannerDlg@@YAHXZ 10005950 f   wog native dialogs.obj
 0001:00004d50       ?New_Dlg_ExpaMon_Proc@@YGHPAV_CustomDlg_@@PAU_DlgMsg_@@@Z 10005d50 f   wog native dialogs.obj
 0001:00005170       ?Y_NewDlg_CreatureExpo@@YGHPAVHiHook@@PAU_CreatureExpo_@@@Z 10006170 f   wog native dialogs.obj
 0001:00005cd0       ?Y_WoGCurseDlg_Proc@@YGHPAV_CustomDlg_@@PAU_DlgMsg_@@@Z 10006cd0 f   wog native dialogs.obj
 0001:00005dd0       ?Y_WoGCurseDlg_Show@@YGHPAVLoHook@@PAUHookContext@@@Z 10006dd0 f   wog native dialogs.obj
 0001:00006170       ?Y_WoGDlg_ChooseArt_Proc@@YGHPAV_CustomDlg_@@PAU_DlgMsg_@@@Z 10007170 f   wog native dialogs.obj
 0001:00006460       ?Y_WoGDlg_ChooseArt@@YGHPAVHiHook@@HPAU_Hero_@@H@Z 10007460 f   wog native dialogs.obj
 0001:00006ae0       _UseWin32InputControl      10007ae0 f   wog native dialogs.obj
 0001:00006b00       ?IsSupportedFormatImage@@YA_NPAD@Z 10007b00 f   wog native dialogs.obj
 0001:00006c90       ?New_Dlg_CustomReq_Proc@@YGHPAV_CustomDlg_@@PAU_DlgMsg_@@@Z 10007c90 f   wog native dialogs.obj
 0001:00006e50       ?New_Dlg_CustomReq@@YAHPAU_Sphinx1_@@@Z 10007e50 f   wog native dialogs.obj
 0001:00007f50       ?Y_Dlg_CustomReq@@YGHPAVLoHook@@PAUHookContext@@@Z 10008f50 f   wog native dialogs.obj
 0001:00008090       ?Y_WoGDlg_SphinxReq@@YGHPAVHiHook@@H@Z 10009090 f   wog native dialogs.obj
 0001:00008220       ?Y_Dlg_QuickDialog@@YGHPAVHiHook@@PAU_Sphinx1_@@@Z 10009220 f   wog native dialogs.obj
 0001:000082b0       ?Y_Dlg_CustomPic@@YGHPAVHiHook@@HH@Z 100092b0 f   wog native dialogs.obj
 0001:000085b0       ?Dlg_Sphinx@@YAXPAVPatcherInstance@@@Z 100095b0 f   wog native dialogs.obj
 0001:00008690       ?New_Dlg_IF_G_Proc@@YGHPAV_CustomDlg_@@PAU_DlgMsg_@@@Z 10009690 f   wog native dialogs.obj
 0001:000087d0       ?New_Dlg_IF_G@@YAHHHHHH@Z  100097d0 f   wog native dialogs.obj
 0001:00008c30       ?New_Dlg_IF_G_Lo@@YGHPAVLoHook@@PAUHookContext@@@Z 10009c30 f   wog native dialogs.obj
 0001:00008c70       ?Dlg_IFG@@YAXPAVPatcherInstance@@@Z 10009c70 f   wog native dialogs.obj
 0001:00008cc0       ?Dlg_ChooseMonAttack_Proc@@YGHPAV_CustomDlg_@@PAU_DlgMsg_@@@Z 10009cc0 f   wog native dialogs.obj
 0001:00008d00       ?Dlg_ChooseMonAttack@@YGHPAVHiHook@@HHH@Z 10009d00 f   wog native dialogs.obj
 0001:00008fe0       ?Y_NewScenarioDlg_SetScrolledShoose@@YAHPAU_NewScenarioDlg_@@PAU_DlgMsg_@@@Z 10009fe0 f   wog native dialogs.obj
 0001:00009070       ?Redraw_WoGDlgSetup_ElemOnPage@@YAHPAV_CustomDlg_@@PAU_DlgSetup_@@H@Z 1000a070 f   wog native dialogs.obj
 0001:00009260       ?ShowHide_WoGDlgSetup_ElemOnPage@@YAHPAV_CustomDlg_@@HPAU_DlgSetup_@@H@Z 1000a260 f   wog native dialogs.obj
 0001:00009450       ?Create_WoGDlgSetup_ElemOnPage@@YAHPAV_CustomDlg_@@HPAU_DlgSetup_@@@Z 1000a450 f   wog native dialogs.obj
 0001:00009840       ?setYellowFrames@@YAXPAV_CustomDlg_@@H@Z 1000a840 f   wog native dialogs.obj
 0001:0000a3a0       ?Dlg_WoG_Options_Proc@@YGHPAV_CustomDlg_@@PAU_DlgMsg_@@@Z 1000b3a0 f   wog native dialogs.obj
 0001:0000aaf0       ?Dlg_WoG_Options_Show@@YGXPAVHiHook@@H@Z 1000baf0 f   wog native dialogs.obj
 0001:0000b040       ?Y_NewScenarioDlg_Proc@@YGHPAVHiHook@@PAU_NewScenarioDlg_@@PAU_DlgMsg_@@@Z 1000c040 f   wog native dialogs.obj
 0001:0000b0d0       ?Y_NewScenarioDlg_BlockScrollBar@@YGHPAVHiHook@@PAX@Z 1000c0d0 f   wog native dialogs.obj
 0001:0000b100       ?Y_NewScenarioDlg_Create@@YGXPAVHiHook@@PAU_NewScenarioDlg_@@H@Z 1000c100 f   wog native dialogs.obj
 0001:0000b160       ?Dlg_WoGOptions@@YAXPAVPatcherInstance@@@Z 1000c160 f   wog native dialogs.obj
 0001:0000b210       ?Dlg_ChooseCastleReBuild_Proc@@YGHPAV_CustomDlg_@@PAU_DlgMsg_@@@Z 1000c210 f   wog native dialogs.obj
 0001:0000b360       ?Dlg_ChooseCastleReBuild@@YAHXZ 1000c360 f   wog native dialogs.obj
 0001:0000b920       ?HiHook_Dlg_ChooseCastleReBuild@@YGHPAVHiHook@@@Z 1000c920 f   wog native dialogs.obj
 0001:0000b930       ?LoHook_Dlg_ChooseCastleReBuild@@YGHPAVLoHook@@PAUHookContext@@@Z 1000c930 f   wog native dialogs.obj
 0001:0000b960       ?Y_Dlg_HeroLvlUp_Proc@@YGHPAVHiHook@@HPAU_DlgMsg_@@@Z 1000c960 f   wog native dialogs.obj
 0001:0000ba40       ?Y_Lo_Dlg_HeroLvlUp_Create@@YGHPAVLoHook@@PAUHookContext@@@Z 1000ca40 f   wog native dialogs.obj
 0001:0000ba60       ?b_MsgBox_Proc@@YGHPAVHiHook@@PAU_DlgMsg_@@@Z 1000ca60 f   wog native dialogs.obj
 0001:0000bb20       ?Y_Dlg_Recuit_Proc@@YGHPAVHiHook@@PAU_Struct_@@PAU_DlgMsg_@@@Z 1000cb20 f   wog native dialogs.obj
 0001:0000bbb0       ?Y_Dlg_Recuit_Create@@YGHPAVHiHook@@PAU_Struct_@@H@Z 1000cbb0 f   wog native dialogs.obj
 0001:0000bc20       ?Y_DlgMainMenu_Proc@@YGHPAVHiHook@@PAU_DlgMsg_@@@Z 1000cc20 f   wog native dialogs.obj
 0001:0000bdf0       ?Y_BATTLE_Proc@@YGHPAVHiHook@@PAU_BattleMgr_@@PAU_DlgMsg_@@@Z 1000cdf0 f   wog native dialogs.obj
 0001:0000bf40       ?Y_EndBattle@@YGHPAVLoHook@@PAUHookContext@@@Z 1000cf40 f   wog native dialogs.obj
 0001:0000bff0       ?StartHD5Functions@@YAXXZ  1000cff0 f   wog native dialogs.obj
 0001:0000c110       ?HD5_Functions@@YAXPAVPatcherInstance@@@Z 1000d110 f   wog native dialogs.obj
 0001:0000c160       ?SimpleTextScrolled@@YIXHPAV_CustomDlg_@@@Z 1000d160 f   wog native dialogs.obj
 0001:0000c280       ?CreateNewBattleLogDlg@@YAXPAU_BattleMgr_@@@Z 1000d280 f   wog native dialogs.obj
 0001:0000c850       ?BattleLog_Proc@@YGHPAVHiHook@@PAU_BattleMgr_@@PAU_DlgMsg_@@@Z 1000d850 f   wog native dialogs.obj
 0001:0000c8b0       ?Y_DlgTown_Proc@@YGHPAVHiHook@@PAU_TownMgr_@@PAU_DlgMsg_@@@Z 1000d8b0 f   wog native dialogs.obj
 0001:0000ca20       ?Y_Dlg_HeroesMeet@@YGHPAVLoHook@@PAUHookContext@@@Z 1000da20 f   wog native dialogs.obj
 0001:0000ca50       ?Y_Battle_SetHintAttackGetDamage@@YGHPAVLoHook@@PAUHookContext@@@Z 1000da50 f   wog native dialogs.obj
 0001:0000ca70       ?GetStringKilled@@YAPADPADPAU_BattleStack_@@@Z 1000da70 f   wog native dialogs.obj
 0001:0000cba0       ?BattleMgr_GetAttackDamage_Hint_LogString@@YGPAU_HStr_@@PAVHiHook@@PAU1@PAU_BattleStack_@@2EH@Z 1000dba0 f   wog native dialogs.obj
 0001:0000cca0       ?Y_Dlg_MainMenu_Create@@YGHPAVHiHook@@PAU_Dlg_@@@Z 1000dca0 f   wog native dialogs.obj
 0001:0000cd40       ?Y_LoadAllTXTinGames@@YGHPAVLoHook@@PAUHookContext@@@Z 1000dd40 f   wog native dialogs.obj
 0001:0000cd60       ?Y_Hook_MainLoop@@YGHPAVLoHook@@PAUHookContext@@@Z 1000dd60 f   wog native dialogs.obj
 0001:0000d0c0       _DllMain@12                1000e0c0 f   wog native dialogs.obj
 0001:0000d360       ??$VarValue@H@Patcher@@QAEAAHPAD@Z 1000e360 f i wog native dialogs.obj
 0001:0000d3a0       ??0bad_alloc@std@@QAE@ABV01@@Z 1000e3a0 f i wog native dialogs.obj
 0001:0000d3c0       ?RedrawScreen@_DlgItem_@@QAEXXZ 1000e3c0 f   HoMM3_GUI.obj
 0001:0000d3f0       ?Create@_CustomDlg_@@SAPAV1@HHHHIP6GHPAV1@PAU_DlgMsg_@@@Z@Z 1000e3f0 f   HoMM3_GUI.obj
 0001:0000d470       ?DlgProcBridge@_CustomDlg_@@SIHPAV1@IPAU_DlgMsg_@@@Z 1000e470 f   HoMM3_GUI.obj
 0001:0000d489       @__security_check_cookie@4 1000e489 f   LIBCMT:secchk.obj
 0001:0000d498       _sprintf                   1000e498 f   LIBCMT:sprintf.obj
 0001:0000d515       ??0exception@std@@QAE@ABQBDH@Z 1000e515 f   LIBCMT:stdexcpt.obj
 0001:0000d532       ??0exception@std@@QAE@ABV01@@Z 1000e532 f   LIBCMT:stdexcpt.obj
 0001:0000d58f       ??1exception@std@@UAE@XZ   1000e58f f   LIBCMT:stdexcpt.obj
 0001:0000d5a5       ?what@exception@std@@UBEPBDXZ 1000e5a5 f   LIBCMT:stdexcpt.obj
 0001:0000d5b2       ??_Eexception@std@@UAEPAXI@Z 1000e5b2 f i LIBCMT:stdexcpt.obj
 0001:0000d5b2       ??_Gexception@std@@UAEPAXI@Z 1000e5b2 f i LIBCMT:stdexcpt.obj
 0001:0000d5d3       _free                      1000e5d3 f   LIBCMT:free.obj
 0001:0000d661       ??3@YAXPAX@Z               1000e661 f   LIBCMT:delete.obj
 0001:0000d66c       ??1type_info@@UAE@XZ       1000e66c f   LIBCMT:typinfo.obj
 0001:0000d67c       ??_Etype_info@@UAEPAXI@Z   1000e67c f i LIBCMT:typinfo.obj
 0001:0000d67c       ??_Gtype_info@@UAEPAXI@Z   1000e67c f i LIBCMT:typinfo.obj
 0001:0000d69d       ??0bad_alloc@std@@QAE@XZ   1000e69d f i LIBCMT:new.obj
 0001:0000d6b8       ??2@YAPAXI@Z               1000e6b8 f   LIBCMT:new.obj
 0001:0000d71d       __CRT_INIT@12              1000e71d f   LIBCMT:dllcrt0.obj
 0001:0000d948       __DllMainCRTStartup@12     1000e948 f   LIBCMT:dllcrt0.obj
 0001:0000d970       _strlen                    1000e970 f   LIBCMT:strlen.obj
 0001:0000d9fb       __CxxThrowException@8      1000e9fb f   LIBCMT:throw.obj
 0001:0000da47       ?_CallMemberFunction0@@YGXPAX0@Z 1000ea47 f   LIBCMT:_trnsctrl_.obj
 0001:0000da4e       ___report_gsfailure        1000ea4e f   LIBCMT:gs_report.obj
 0001:0000db60       _memmove                   1000eb60 f   LIBCMT:memmove.obj
 0001:0000dec5       __initp_misc_invarg        1000eec5 f   LIBCMT:invarg.obj
 0001:0000ded4       __invoke_watson            1000eed4 f   LIBCMT:invarg.obj
 0001:0000dffc       __invalid_parameter        1000effc f   LIBCMT:invarg.obj
 0001:0000e022       __get_errno_from_oserr     1000f022 f   LIBCMT:dosmap.obj
 0001:0000e064       __errno                    1000f064 f   LIBCMT:dosmap.obj
 0001:0000e077       ___doserrno                1000f077 f   LIBCMT:dosmap.obj
 0001:0000e08a       __dosmaperr                1000f08a f   LIBCMT:dosmap.obj
 0001:0000e0ad       __flsbuf                   1000f0ad f   LIBCMT:_flsbuf.obj
 0001:0000e211       ??0_LocaleUpdate@@QAE@PAUlocaleinfo_struct@@@Z 1000f211 f i LIBCMT:output.obj
 0001:0000e33e       __output_l                 1000f33e f   LIBCMT:output.obj
 0001:0000eed6       _strcpy_s                  1000fed6 f   LIBCMT:strcpy_s.obj
 0001:0000ef3e       _V6_HeapAlloc              1000ff3e f   LIBCMT:malloc.obj
 0001:0000ef8d       _malloc                    1000ff8d f   LIBCMT:malloc.obj
 0001:0000f057       __heap_init                10010057 f   LIBCMT:heapinit.obj
 0001:0000f087       __heap_term                10010087 f   LIBCMT:heapinit.obj
 0001:0000f0fb       __mtinitlocks              100100fb f   LIBCMT:mlock.obj
 0001:0000f146       __mtdeletelocks            10010146 f   LIBCMT:mlock.obj
 0001:0000f19d       __unlock                   1001019d f   LIBCMT:mlock.obj
 0001:0000f1b4       __mtinitlocknum            100101b4 f   LIBCMT:mlock.obj
 0001:0000f277       __lock                     10010277 f   LIBCMT:mlock.obj
 0001:0000f2aa       ___sbh_find_block          100102aa f   LIBCMT:sbheap.obj
 0001:0000f2da       ___sbh_free_block          100102da f   LIBCMT:sbheap.obj
 0001:0000f5f0       ___sbh_alloc_new_region    100105f0 f   LIBCMT:sbheap.obj
 0001:0000f6a0       ___sbh_alloc_new_group     100106a0 f   LIBCMT:sbheap.obj
 0001:0000f7a8       ___sbh_resize_block        100107a8 f   LIBCMT:sbheap.obj
 0001:0000fa89       ___sbh_alloc_block         10010a89 f   LIBCMT:sbheap.obj
 0001:0000fd70       __SEH_prolog4              10010d70 f   LIBCMT:sehprolg4.obj
 0001:0000fdb5       __SEH_epilog4              10010db5 f   LIBCMT:sehprolg4.obj
 0001:0000fdd0       __except_handler4          10010dd0 f   LIBCMT:chandler4.obj
 0001:0000ff60       _memset                    10010f60 f   LIBCMT:memset.obj
 0001:0000ffe0       _memcpy                    10010fe0 f   LIBCMT:memcpy.obj
 0001:00010345       ?_Type_info_dtor@type_info@@CAXPAV1@@Z 10011345 f   LIBCMT:typname.obj
 0001:000103c0       _strcmp                    100113c0 f   LIBCMT:strcmp.obj
 0001:00010502       ___onexitinit              10011502 f   LIBCMT:onexit.obj
 0001:00010533       __onexit                   10011533 f   LIBCMT:onexit.obj
 0001:0001056f       _atexit                    1001156f f   LIBCMT:onexit.obj
 0001:00010586       __initp_heap_handler       10011586 f   LIBCMT:handler.obj
 0001:00010595       __callnewh                 10011595 f   LIBCMT:handler.obj
 0001:000105bd       __encode_pointer           100115bd f   LIBCMT:tidtable.obj
 0001:0001062f       __encoded_null             1001162f f   LIBCMT:tidtable.obj
 0001:00010638       __decode_pointer           10011638 f   LIBCMT:tidtable.obj
 0001:000106aa       ___crtTlsAlloc@4           100116aa f   LIBCMT:tidtable.obj
 0001:000106b3       ___set_flsgetvalue         100116b3 f   LIBCMT:tidtable.obj
 0001:000106e7       __mtterm                   100116e7 f   LIBCMT:tidtable.obj
 0001:00010724       __initptd                  10011724 f   LIBCMT:tidtable.obj
 0001:0001080b       __getptd_noexit            1001180b f   LIBCMT:tidtable.obj
 0001:00010884       __getptd                   10011884 f   LIBCMT:tidtable.obj
 0001:0001089e       __freefls@4                1001189e f   LIBCMT:tidtable.obj
 0001:000109cd       __freeptd                  100119cd f   LIBCMT:tidtable.obj
 0001:00010a3b       __mtinit                   10011a3b f   LIBCMT:tidtable.obj
 0001:00010bc8       __malloc_crt               10011bc8 f   LIBCMT:crtheap.obj
 0001:00010c0d       __calloc_crt               10011c0d f   LIBCMT:crtheap.obj
 0001:00010c59       __realloc_crt              10011c59 f   LIBCMT:crtheap.obj
 0001:00010ca7       __crt_waiting_on_module_handle 10011ca7 f   LIBCMT:crt0dat.obj
 0001:00010cd7       __amsg_exit                10011cd7 f   LIBCMT:crt0dat.obj
 0001:00010d00       ___crtCorExitProcess       10011d00 f   LIBCMT:crt0dat.obj
 0001:00010d2b       ___crtExitProcess          10011d2b f   LIBCMT:crt0dat.obj
 0001:00010d43       __lockexit                 10011d43 f   LIBCMT:crt0dat.obj
 0001:00010d4c       __unlockexit               10011d4c f   LIBCMT:crt0dat.obj
 0001:00010d72       __initterm_e               10011d72 f   LIBCMT:crt0dat.obj
 0001:00010d96       __cinit                    10011d96 f   LIBCMT:crt0dat.obj
 0001:00010f47       __exit                     10011f47 f   LIBCMT:crt0dat.obj
 0001:00010f5d       __cexit                    10011f5d f   LIBCMT:crt0dat.obj
 0001:00010f6c       __init_pointers            10011f6c f   LIBCMT:crt0dat.obj
 0001:00010fba       __ioinit                   10011fba f   LIBCMT:ioinit.obj
 0001:0001120e       __ioterm                   1001220e f   LIBCMT:ioinit.obj
 0001:0001125c       __setenvp                  1001225c f   LIBCMT:stdenvp.obj
 0001:000114d4       __setargv                  100124d4 f   LIBCMT:stdargv.obj
 0001:0001158f       ___crtGetEnvironmentStringsA 1001258f f   LIBCMT:a_env.obj
 0001:000116c6       __RTC_Initialize           100126c6 f   LIBCMT:_initsect_.obj
 0001:000116ec       __RTC_Terminate            100126ec f   LIBCMT:_initsect_.obj
 0001:00011712       __fpclear                  10012712 f   LIBCMT:_fpinit_.obj
 0001:00011712       __initp_misc_winxfltr      10012712 f   LIBCMT:winxfltr.obj
 0001:00011713       __XcptFilter               10012713 f   LIBCMT:winxfltr.obj
 0001:00011873       ___CppXcptFilter           10012873 f   LIBCMT:winxfltr.obj
 0001:00011893       ___security_init_cookie    10012893 f   LIBCMT:gs_support.obj
 0001:00011929       ___DestructExceptionObject 10012929 f   LIBCMT:frame.obj
 0001:0001197e       ?terminate@@YAXXZ          1001297e f   LIBCMT:hooks.obj
 0001:000119b7       __initp_eh_hooks           100129b7 f   LIBCMT:hooks.obj
 0001:000119d0       __CallSettingFrame@12      100129d0 f   LIBCMT:lowhelpr.obj
 0001:000119f7       __NLG_Return               100129f7     LIBCMT:lowhelpr.obj
 0001:00011a1c       __crt_debugger_hook        10012a1c f   LIBCMT:dbghook.obj
 0001:00011aab       __VEC_memcpy               10012aab f   LIBCMT:p4_memcpy.obj
 0001:00011bde       __get_sse2_info            10012bde f   LIBCMT:cpu_disp.obj
 0001:00011c40       ___sse2_available_init     10012c40 f   LIBCMT:cpu_disp.obj
 0001:00011c4d       __lseeki64_nolock          10012c4d f   LIBCMT:lseeki64.obj
 0001:00011cd2       __lseeki64                 10012cd2 f   LIBCMT:lseeki64.obj
 0001:00011deb       __write_nolock             10012deb f   LIBCMT:write.obj
 0001:0001251e       __write                    1001351e f   LIBCMT:write.obj
 0001:000125fa       __getbuf                   100135fa f   LIBCMT:_getbuf.obj
 0001:00012643       __isatty                   10013643 f   LIBCMT:isatty.obj
 0001:000126a7       ___iob_func                100136a7 f   LIBCMT:_file.obj
 0001:000126ad       ___initstdio               100136ad f   LIBCMT:_file.obj
 0001:0001275e       ___endstdio                1001375e f   LIBCMT:_file.obj
 0001:0001277e       __lock_file                1001377e f   LIBCMT:_file.obj
 0001:000127bf       __lock_file2               100137bf f   LIBCMT:_file.obj
 0001:000127f1       __unlock_file              100137f1 f   LIBCMT:_file.obj
 0001:0001282d       __unlock_file2             1001382d f   LIBCMT:_file.obj
 0001:0001285c       __fileno                   1001385c f   LIBCMT:fileno.obj
 0001:00012ab4       ___updatetmbcinfo          10013ab4 f   LIBCMT:mbctype.obj
 0001:00012bd4       __setmbcp_nolock           10013bd4 f   LIBCMT:mbctype.obj
 0001:00012db9       __setmbcp                  10013db9 f   LIBCMT:mbctype.obj
 0001:00012f53       ___initmbctable            10013f53 f   LIBCMT:mbctype.obj
 0001:00012f71       ___freetlocinfo            10013f71 f   LIBCMT:setlocal.obj
 0001:000130ba       ___addlocaleref            100140ba f   LIBCMT:setlocal.obj
 0001:00013149       ___removelocaleref         10014149 f   LIBCMT:setlocal.obj
 0001:00013220       ___updatetlocinfo          10014220 f   LIBCMT:setlocal.obj
 0001:00013296       __initp_misc_cfltcvt_tab   10014296 f   LIBCMT:cmiscdat.obj
 0001:000132b7       __get_printf_count_output  100142b7 f   LIBCMT:printf.obj
 0001:000132cd       __wctomb_s_l               100142cd f   LIBCMT:wctomb.obj
 0001:00013439       _wctomb_s                  10014439 f   LIBCMT:wctomb.obj
 0001:00013456       __isleadbyte_l             10014456 f i LIBCMT:_wctype.obj
 0001:0001348e       _isleadbyte                1001448e f i LIBCMT:_wctype.obj
 0001:000134b0       __aulldvrm                 100144b0 f   LIBCMT:ulldvrm.obj
 0001:00013545       __NMSG_WRITE               10014545 f   LIBCMT:crt0msg.obj
 0001:000136f0       __FF_MSGBANNER             100146f0 f   LIBCMT:crt0msg.obj
 0001:00013729       __initp_misc_initcrit      10014729 f   LIBCMT:initcrit.obj
 0001:00013738       ___crtInitCritSecAndSpinCount 10014738 f   LIBCMT:initcrit.obj
 0001:00013798       __local_unwind4            10014798 f   LIBCMT:exsup4.obj
 0001:0001386e       __seh_longjmp_unwind4@4    1001486e f   LIBCMT:exsup4.obj
 0001:0001388a       @_EH4_CallFilterFunc@8     1001488a f   LIBCMT:exsup4.obj
 0001:000138a1       @_EH4_TransferToHandler@8  100148a1 f   LIBCMT:exsup4.obj
 0001:000138ba       @_EH4_GlobalUnwind@4       100148ba f   LIBCMT:exsup4.obj
 0001:000138d4       @_EH4_LocalUnwind@16       100148d4 f   LIBCMT:exsup4.obj
 0001:000138f0       __ValidateImageBase        100148f0 f   LIBCMT:pesect.obj
 0001:00013930       __FindPESection            10014930 f   LIBCMT:pesect.obj
 0001:00013980       __IsNonwritableInCurrentImage 10014980 f   LIBCMT:pesect.obj
 0001:00013a94       __VEC_memzero              10014a94 f   LIBCMT:p4_memset.obj
 0001:00013b23       __msize                    10014b23 f   LIBCMT:msize.obj
 0001:00013bc6       __calloc_impl              10014bc6 f   LIBCMT:calloc_impl.obj
 0001:00013ce4       _realloc                   10014ce4 f   LIBCMT:realloc.obj
 0001:00013eff       __initp_misc_winsig        10014eff f   LIBCMT:winsig.obj
 0001:00013f54       ___get_sigabrt             10014f54 f   LIBCMT:winsig.obj
 0001:00013f61       _raise                     10014f61 f   LIBCMT:winsig.obj
 0001:00014111       __initp_misc_rand_s        10015111 f   LIBCMT:rand_s.obj
 0001:00014120       __initp_misc_purevirt      10015120 f   LIBCMT:inithelp.obj
 0001:00014182       __ismbblead                10015182 f   LIBCMT:ismbbyte.obj
 0001:0001419a       _abort                     1001519a f   LIBCMT:abort.obj
 0001:000142b4       __global_unwind2           100152b4 f   LIBCMT:exsup.obj
 0001:00014319       __local_unwind2            10015319 f   LIBCMT:exsup.obj
 0001:0001439d       __abnormal_termination     1001539d f   LIBCMT:exsup.obj
 0001:000143c0       __NLG_Notify1              100153c0 f   LIBCMT:exsup.obj
 0001:000143c9       __NLG_Notify               100153c9 f   LIBCMT:exsup.obj
 0001:000143e0       __NLG_Dispatch             100153e0     LIBCMT:exsup.obj
 0001:000143e0       __NLG_Dispatch2            100153e0     LIBCMT:exsup.obj
 0001:000143e8       __NLG_Call                 100153e8 f   LIBCMT:exsup.obj
 0001:000143ea       __NLG_Return2              100153ea     LIBCMT:exsup.obj
 0001:000143eb       __free_osfhnd              100153eb f   LIBCMT:osfinfo.obj
 0001:00014471       __get_osfhandle            10015471 f   LIBCMT:osfinfo.obj
 0001:000144e8       ___lock_fhandle            100154e8 f   LIBCMT:osfinfo.obj
 0001:00014588       __unlock_fhandle           10015588 f   LIBCMT:osfinfo.obj
 0001:000145af       __putwch_nolock            100155af f   LIBCMT:putwch.obj
 0001:00014674       __mbtowc_l                 10015674 f   LIBCMT:mbtowc.obj
 0001:0001478b       _mbtowc                    1001578b f   LIBCMT:mbtowc.obj
 0001:000147b0       __chkstk                   100157b0 f   LIBCMT:chkstk.obj
 0001:000147b0       __alloca_probe             100157b0     LIBCMT:chkstk.obj
 0001:000147db       __fcloseall                100157db f   LIBCMT:closeall.obj
 0001:0001487a       __flush                    1001587a f   LIBCMT:fflush.obj
 0001:000148e2       __fflush_nolock            100158e2 f   LIBCMT:fflush.obj
 0001:00014a04       __flushall                 10015a04 f   LIBCMT:fflush.obj
 0001:00014a0d       __freea                    10015a0d f i LIBCMT:a_map.obj
 0001:00014dd2       ___crtLCMapStringA         10015dd2 f   LIBCMT:a_map.obj
 0001:00014fd1       ___crtGetStringTypeA       10015fd1 f   LIBCMT:a_str.obj
 0001:00015013       ___free_lc_time            10016013 f   LIBCMT:inittime.obj
 0001:000151a8       ___free_lconv_num          100161a8 f   LIBCMT:initnum.obj
 0001:000151ed       ___free_lconv_mon          100161ed f   LIBCMT:initmon.obj
 0001:0001527b       _strcat_s                  1001627b f   LIBCMT:strcat_s.obj
 0001:000152f0       _strcspn                   100162f0 f   LIBCMT:strcspn.obj
 0001:00015336       _strncpy_s                 10016336 f   LIBCMT:strncpy_s.obj
 0001:000153f0       _strpbrk                   100163f0 f   LIBCMT:strpbrk.obj
 0001:00015430       __fptrap                   10016430 f   LIBCMT:crt0fp.obj
 0001:00015668       _strtol                    10016668 f   LIBCMT:strtol.obj
 0001:00015693       ___crtMessageBoxA          10016693 f   LIBCMT:crtmbox.obj
 0001:000157fc       __set_error_mode           100167fc f   LIBCMT:errmode.obj
 0001:00015850       __allmul                   10016850 f   LIBCMT:llmul.obj
 0001:00015884       _atol                      10016884 f   LIBCMT:atox.obj
 0001:0001589a       __isdigit_l                1001689a f i LIBCMT:_ctype.obj
 0001:000158eb       _isdigit                   100168eb f i LIBCMT:_ctype.obj
 0001:00015919       ___initconout              10016919 f   LIBCMT:initcon.obj
 0001:00015938       ___termcon                 10016938 f   LIBCMT:initcon.obj
 0001:00015965       __fclose_nolock            10016965 f   LIBCMT:fclose.obj
 0001:000159dc       _fclose                    100169dc f   LIBCMT:fclose.obj
 0001:00015a58       __commit                   10016a58 f   LIBCMT:commit.obj
 0001:00015b39       ___ansicp                  10016b39 f   LIBCMT:convrtcp.obj
 0001:00015b82       ___convertcp               10016b82 f   LIBCMT:convrtcp.obj
 0001:00015d40       __alloca_probe_16          10016d40 f   LIBCMT:alloca16.obj
 0001:00015d56       __alloca_probe_8           10016d56     LIBCMT:alloca16.obj
 0001:00015d6c       __isctype_l                10016d6c f   LIBCMT:isctype.obj
 0001:00015e24       __close_nolock             10016e24 f   LIBCMT:close.obj
 0001:00015ec0       __close                    10016ec0 f   LIBCMT:close.obj
 0001:00015f8d       __freebuf                  10016f8d f   LIBCMT:_freebuf.obj
 0001:00015fbe       __tolower_l                10016fbe f   LIBCMT:tolower.obj
 0001:000160d3       _tolower                   100170d3 f   LIBCMT:tolower.obj
 0001:00016100       ___ascii_strnicmp          10017100 f   LIBCMT:_strnicm.obj
 0001:00016180       _strchr                    10017180 f   LIBCMT:strchr.obj
 0001:00016186       ___from_strstr_to_strchr   10017186     LIBCMT:strchr.obj
 0001:0001623e       _RtlUnwind@16              1001723e f   kernel32:KERNEL32.dll
 0001:00016244       __cfltcvt_init             10017244 f   LIBCMT:_fpinit_.obj
 0001:000162a4       __fpmath                   100172a4 f   LIBCMT:_fpinit_.obj
 0001:000162d0       __ftol2_sse                100172d0 f   LIBCMT:ftol2.obj
 0001:000162d9       __ftol2_pentium4           100172d9 f   LIBCMT:ftol2.obj
 0001:000162ec       __ftol2_sse_excpt          100172ec f   LIBCMT:ftol2.obj
 0001:00016306       __ftol2                    10017306 f   LIBCMT:ftol2.obj
 0001:0001637b       __forcdecpt_l              1001737b f   LIBCMT:cvt.obj
 0001:000163ee       __cropzeros_l              100173ee f   LIBCMT:cvt.obj
 0001:00016470       __positive                 10017470 f   LIBCMT:cvt.obj
 0001:0001648c       __fassign_l                1001748c f   LIBCMT:cvt.obj
 0001:000164ce       __fassign                  100174ce f   LIBCMT:cvt.obj
 0001:00016507       __forcdecpt                10017507 f   LIBCMT:cvt.obj
 0001:0001651a       __cropzeros                1001751a f   LIBCMT:cvt.obj
 0001:0001669c       __cftoe_l                  1001769c f   LIBCMT:cvt.obj
 0001:0001676c       __cftoe                    1001776c f   LIBCMT:cvt.obj
 0001:0001678c       __cftoa_l                  1001778c f   LIBCMT:cvt.obj
 0001:00016bf6       __cftof_l                  10017bf6 f   LIBCMT:cvt.obj
 0001:00016cb1       __cftog_l                  10017cb1 f   LIBCMT:cvt.obj
 0001:00016dab       __cfltcvt_l                10017dab f   LIBCMT:cvt.obj
 0001:00016e33       __cfltcvt                  10017e33 f   LIBCMT:cvt.obj
 0001:00016e56       __setdefaultprecision      10017e56 f   LIBCMT:fp8.obj
 0001:00016e81       __ms_p5_test_fdiv          10017e81 f   LIBCMT:_testfdiv_.obj
 0001:00016ebf       __ms_p5_mp_test_fdiv       10017ebf f   LIBCMT:_testfdiv_.obj
 0001:00016ef0       _strrchr                   10017ef0 f   LIBCMT:strrchr.obj
 0001:00016f1d       __atodbl_l                 10017f1d f   LIBCMT:atodbl.obj
 0001:00016fc5       __atoflt_l                 10017fc5 f   LIBCMT:atodbl.obj
 0001:0001706d       __fptostr                  1001806d f   LIBCMT:_fptostr.obj
 0001:0001712c       ___dtold                   1001812c f   LIBCMT:_cfout_.obj
 0001:000171e9       __fltout2                  100181e9 f   LIBCMT:_cfout_.obj
 0001:00017280       __alldvrm                  10018280 f   LIBCMT:lldvrm.obj
 0001:00017360       __aullshr                  10018360 f   LIBCMT:ullshr.obj
 0001:0001737f       __controlfp_s              1001837f f   LIBCMT:_contrlfp_.obj
 0001:000173eb       __ld12tod                  100183eb f   LIBCMT:_intrncvt_.obj
 0001:0001792f       __ld12tof                  1001892f f   LIBCMT:_intrncvt_.obj
 0001:00017e73       ___strgtold12_l            10018e73 f   LIBCMT:_strgtold_.obj
 0001:0001856b       _$I10_OUTPUT               1001956b f   LIBCMT:_x10fout_.obj
 0001:00018fbd       __control87                10019fbd f i LIBCMT:_ieee87_.obj
 0001:000192cc       ___mtold12                 1001a2cc f   LIBCMT:_mantold_.obj
 0001:0001949a       ___set_fpsr_sse2           1001a49a f   LIBCMT:_fpctrl_.obj
 0002:00000000       __imp__GetProcAddress@8    1001b000     kernel32:KERNEL32.dll
 0002:00000004       __imp__LoadLibraryA@4      1001b004     kernel32:KERNEL32.dll
 0002:00000008       __imp__CreateFileA@28      1001b008     kernel32:KERNEL32.dll
 0002:0000000c       __imp__SetFilePointer@16   1001b00c     kernel32:KERNEL32.dll
 0002:00000010       __imp__CloseHandle@4       1001b010     kernel32:KERNEL32.dll
 0002:00000014       __imp__GetLastError@0      1001b014     kernel32:KERNEL32.dll
 0002:00000018       __imp__HeapFree@12         1001b018     kernel32:KERNEL32.dll
 0002:0000001c       __imp__GetCurrentThreadId@0 1001b01c     kernel32:KERNEL32.dll
 0002:00000020       __imp__GetCommandLineA@0   1001b020     kernel32:KERNEL32.dll
 0002:00000024       __imp__RaiseException@16   1001b024     kernel32:KERNEL32.dll
 0002:00000028       __imp__RtlUnwind@16        1001b028     kernel32:KERNEL32.dll
 0002:0000002c       __imp__TerminateProcess@8  1001b02c     kernel32:KERNEL32.dll
 0002:00000030       __imp__GetCurrentProcess@0 1001b030     kernel32:KERNEL32.dll
 0002:00000034       __imp__UnhandledExceptionFilter@4 1001b034     kernel32:KERNEL32.dll
 0002:00000038       __imp__SetUnhandledExceptionFilter@4 1001b038     kernel32:KERNEL32.dll
 0002:0000003c       __imp__IsDebuggerPresent@0 1001b03c     kernel32:KERNEL32.dll
 0002:00000040       __imp__HeapAlloc@12        1001b040     kernel32:KERNEL32.dll
 0002:00000044       __imp__HeapCreate@12       1001b044     kernel32:KERNEL32.dll
 0002:00000048       __imp__HeapDestroy@4       1001b048     kernel32:KERNEL32.dll
 0002:0000004c       __imp__VirtualFree@12      1001b04c     kernel32:KERNEL32.dll
 0002:00000050       __imp__DeleteCriticalSection@4 1001b050     kernel32:KERNEL32.dll
 0002:00000054       __imp__LeaveCriticalSection@4 1001b054     kernel32:KERNEL32.dll
 0002:00000058       __imp__EnterCriticalSection@4 1001b058     kernel32:KERNEL32.dll
 0002:0000005c       __imp__VirtualAlloc@16     1001b05c     kernel32:KERNEL32.dll
 0002:00000060       __imp__HeapReAlloc@16      1001b060     kernel32:KERNEL32.dll
 0002:00000064       __imp__GetModuleHandleW@4  1001b064     kernel32:KERNEL32.dll
 0002:00000068       __imp__TlsGetValue@4       1001b068     kernel32:KERNEL32.dll
 0002:0000006c       __imp__TlsAlloc@0          1001b06c     kernel32:KERNEL32.dll
 0002:00000070       __imp__TlsSetValue@8       1001b070     kernel32:KERNEL32.dll
 0002:00000074       __imp__TlsFree@4           1001b074     kernel32:KERNEL32.dll
 0002:00000078       __imp__InterlockedIncrement@4 1001b078     kernel32:KERNEL32.dll
 0002:0000007c       __imp__SetLastError@4      1001b07c     kernel32:KERNEL32.dll
 0002:00000080       __imp__InterlockedDecrement@4 1001b080     kernel32:KERNEL32.dll
 0002:00000084       __imp__Sleep@4             1001b084     kernel32:KERNEL32.dll
 0002:00000088       __imp__ExitProcess@4       1001b088     kernel32:KERNEL32.dll
 0002:0000008c       __imp__SetHandleCount@4    1001b08c     kernel32:KERNEL32.dll
 0002:00000090       __imp__GetStdHandle@4      1001b090     kernel32:KERNEL32.dll
 0002:00000094       __imp__GetFileType@4       1001b094     kernel32:KERNEL32.dll
 0002:00000098       __imp__GetStartupInfoA@4   1001b098     kernel32:KERNEL32.dll
 0002:0000009c       __imp__GetModuleFileNameA@12 1001b09c     kernel32:KERNEL32.dll
 0002:000000a0       __imp__FreeEnvironmentStringsA@4 1001b0a0     kernel32:KERNEL32.dll
 0002:000000a4       __imp__GetEnvironmentStrings@0 1001b0a4     kernel32:KERNEL32.dll
 0002:000000a8       __imp__FreeEnvironmentStringsW@4 1001b0a8     kernel32:KERNEL32.dll
 0002:000000ac       __imp__WideCharToMultiByte@32 1001b0ac     kernel32:KERNEL32.dll
 0002:000000b0       __imp__GetEnvironmentStringsW@0 1001b0b0     kernel32:KERNEL32.dll
 0002:000000b4       __imp__QueryPerformanceCounter@4 1001b0b4     kernel32:KERNEL32.dll
 0002:000000b8       __imp__GetTickCount@0      1001b0b8     kernel32:KERNEL32.dll
 0002:000000bc       __imp__GetCurrentProcessId@0 1001b0bc     kernel32:KERNEL32.dll
 0002:000000c0       __imp__GetSystemTimeAsFileTime@4 1001b0c0     kernel32:KERNEL32.dll
 0002:000000c4       __imp__WriteFile@20        1001b0c4     kernel32:KERNEL32.dll
 0002:000000c8       __imp__GetConsoleCP@0      1001b0c8     kernel32:KERNEL32.dll
 0002:000000cc       __imp__GetConsoleMode@8    1001b0cc     kernel32:KERNEL32.dll
 0002:000000d0       __imp__GetCPInfo@8         1001b0d0     kernel32:KERNEL32.dll
 0002:000000d4       __imp__GetACP@0            1001b0d4     kernel32:KERNEL32.dll
 0002:000000d8       __imp__GetOEMCP@0          1001b0d8     kernel32:KERNEL32.dll
 0002:000000dc       __imp__IsValidCodePage@4   1001b0dc     kernel32:KERNEL32.dll
 0002:000000e0       __imp__InitializeCriticalSectionAndSpinCount@8 1001b0e0     kernel32:KERNEL32.dll
 0002:000000e4       __imp__HeapSize@12         1001b0e4     kernel32:KERNEL32.dll
 0002:000000e8       __imp__SetStdHandle@8      1001b0e8     kernel32:KERNEL32.dll
 0002:000000ec       __imp__WriteConsoleA@20    1001b0ec     kernel32:KERNEL32.dll
 0002:000000f0       __imp__GetConsoleOutputCP@0 1001b0f0     kernel32:KERNEL32.dll
 0002:000000f4       __imp__WriteConsoleW@20    1001b0f4     kernel32:KERNEL32.dll
 0002:000000f8       __imp__MultiByteToWideChar@24 1001b0f8     kernel32:KERNEL32.dll
 0002:000000fc       __imp__LCMapStringA@24     1001b0fc     kernel32:KERNEL32.dll
 0002:00000100       __imp__LCMapStringW@24     1001b100     kernel32:KERNEL32.dll
 0002:00000104       __imp__GetStringTypeA@20   1001b104     kernel32:KERNEL32.dll
 0002:00000108       __imp__GetStringTypeW@16   1001b108     kernel32:KERNEL32.dll
 0002:0000010c       __imp__GetLocaleInfoA@16   1001b10c     kernel32:KERNEL32.dll
 0002:00000110       __imp__FlushFileBuffers@4  1001b110     kernel32:KERNEL32.dll
 0002:00000114       __imp__GetModuleHandleA@4  1001b114     kernel32:KERNEL32.dll
 0002:00000118       \177KERNEL32_NULL_THUNK_DATA 1001b118     kernel32:KERNEL32.dll
 0002:0000011c       ___xc_a                    1001b11c     LIBCMT:crt0init.obj
 0002:00000120       ___xc_z                    1001b120     LIBCMT:crt0init.obj
 0002:00000124       ___xi_a                    1001b124     LIBCMT:crt0init.obj
 0002:00000138       ___xi_z                    1001b138     LIBCMT:crt0init.obj
 0002:0000013c       ___xp_a                    1001b13c     LIBCMT:crt0init.obj
 0002:00000148       ___xp_z                    1001b148     LIBCMT:crt0init.obj
 0002:0000014c       ___xt_a                    1001b14c     LIBCMT:crt0init.obj
 0002:00000150       ___xt_z                    1001b150     LIBCMT:crt0init.obj
 0002:00000180       ??_7bad_alloc@std@@6B@     1001b180     libcpmt:string.obj
 0002:0000018c       ??_7exception@std@@6B@     1001b18c     LIBCMT:stdexcpt.obj
 0002:00000194       ??_C@_0BC@EOODALEL@Unknown?5exception?$AA@ 1001b194     LIBCMT:stdexcpt.obj
 0002:000001ac       ??_7type_info@@6B@         1001b1ac     LIBCMT:typinfo.obj
 0002:000001b0       __pRawDllMain              1001b1b0     LIBCMT:dllcrt0.obj
 0002:000001b0       __pDefaultRawDllMain       1001b1b0     LIBCMT:dllcrt0.obj
 0002:000001dc       ??_C@_1O@CEDCILHN@?$AA?$CI?$AAn?$AAu?$AAl?$AAl?$AA?$CJ?$AA?$AA@ 1001b1dc     LIBCMT:output.obj
 0002:000001ec       ??_C@_06OJHGLDPL@?$CInull?$CJ?$AA@ 1001b1ec     LIBCMT:output.obj
 0002:000001f8       ___lookuptable             1001b1f8     LIBCMT:output.obj
 0002:00000254       ??_C@_0O@NLDKAIKN@EncodePointer?$AA@ 1001b254     LIBCMT:tidtable.obj
 0002:00000264       ??_C@_1BK@DBDEIDLH@?$AAK?$AAE?$AAR?$AAN?$AAE?$AAL?$AA3?$AA2?$AA?4?$AAD?$AAL?$AAL?$AA?$AA@ 1001b264     LIBCMT:tidtable.obj
 0002:00000280       ??_C@_0O@KBPMFGHI@DecodePointer?$AA@ 1001b280     LIBCMT:tidtable.obj
 0002:00000290       ??_C@_07PEJMOBNF@FlsFree?$AA@ 1001b290     LIBCMT:tidtable.obj
 0002:00000298       ??_C@_0M@JCPCPOEF@FlsSetValue?$AA@ 1001b298     LIBCMT:tidtable.obj
 0002:000002a4       ??_C@_0M@GDNOONDI@FlsGetValue?$AA@ 1001b2a4     LIBCMT:tidtable.obj
 0002:000002b0       ??_C@_08KNHFBNJ@FlsAlloc?$AA@ 1001b2b0     LIBCMT:tidtable.obj
 0002:000002bc       ??_C@_0P@MIGLKIOC@CorExitProcess?$AA@ 1001b2bc     LIBCMT:crt0dat.obj
 0002:000002cc       ??_C@_1BI@BGOHAHKC@?$AAm?$AAs?$AAc?$AAo?$AAr?$AAe?$AAe?$AA?4?$AAd?$AAl?$AAl?$AA?$AA@ 1001b2cc     LIBCMT:crt0dat.obj
 0002:000002e8       __XcptActTab               1001b2e8     LIBCMT:winxfltr.obj
 0002:00000360       __pDestructExceptionObject 1001b360     LIBCMT:frame.obj
 0002:000003e8       ??_C@_01NEMOKFLO@?$DN?$AA@ 1001b3e8     LIBCMT:setlocal.obj
 0002:000003f0       ___lookuptable_s           1001b3f0     LIBCMT:outputs.obj
 0002:0000044c       ??_C@_0P@GGKDKEEG@runtime?5error?5?$AA@ 1001b44c     LIBCMT:crt0msg.obj
 0002:0000045c       ??_C@_02PCIJFNDE@?$AN?6?$AA@ 1001b45c     LIBCMT:crt0msg.obj
 0002:00000460       ??_C@_0O@MJNIPGOH@TLOSS?5error?$AN?6?$AA@ 1001b460     LIBCMT:crt0msg.obj
 0002:00000470       ??_C@_0N@BONNPDHF@SING?5error?$AN?6?$AA@ 1001b470     LIBCMT:crt0msg.obj
 0002:00000480       ??_C@_0P@MBDAJNE@DOMAIN?5error?$AN?6?$AA@ 1001b480     LIBCMT:crt0msg.obj
 0002:00000490       ??_C@_0JL@DFDOOABL@R6034?$AN?6An?5application?5has?5made?5a@ 1001b490     LIBCMT:crt0msg.obj
 0002:00000530       ??_C@_0PH@EPAFIJ@R6033?$AN?6?9?5Attempt?5to?5use?5MSIL?5cod@ 1001b530     LIBCMT:crt0msg.obj
 0002:00000628       ??_C@_0DD@BKEEABMM@R6032?$AN?6?9?5not?5enough?5space?5for?5lo@ 1001b628     LIBCMT:crt0msg.obj
 0002:00000660       ??_C@_0GD@OFKILIED@R6031?$AN?6?9?5Attempt?5to?5initialize?5t@ 1001b660     LIBCMT:crt0msg.obj
 0002:000006c4       ??_C@_0BP@LPMHJOKI@R6030?$AN?6?9?5CRT?5not?5initialized?$AN?6?$AA@ 1001b6c4     LIBCMT:crt0msg.obj
 0002:000006e4       ??_C@_0CF@KJDAIALP@R6028?$AN?6?9?5unable?5to?5initialize?5he@ 1001b6e4     LIBCMT:crt0msg.obj
 0002:0000070c       ??_C@_0DF@GAKBPDFP@R6027?$AN?6?9?5not?5enough?5space?5for?5lo@ 1001b70c     LIBCMT:crt0msg.obj
 0002:00000744       ??_C@_0DF@IBLNNAIG@R6026?$AN?6?9?5not?5enough?5space?5for?5st@ 1001b744     LIBCMT:crt0msg.obj
 0002:0000077c       ??_C@_0CG@IOHKGFNJ@R6025?$AN?6?9?5pure?5virtual?5function?5c@ 1001b77c     LIBCMT:crt0msg.obj
 0002:000007a4       ??_C@_0DF@JIJJFJDC@R6024?$AN?6?9?5not?5enough?5space?5for?5_o@ 1001b7a4     LIBCMT:crt0msg.obj
 0002:000007dc       ??_C@_0CJ@EGEJHFME@R6019?$AN?6?9?5unable?5to?5open?5console?5@ 1001b7dc     LIBCMT:crt0msg.obj
 0002:00000808       ??_C@_0CB@GNHNIELH@R6018?$AN?6?9?5unexpected?5heap?5error?$AN?6@ 1001b808     LIBCMT:crt0msg.obj
 0002:0000082c       ??_C@_0CN@FOLDKNG@R6017?$AN?6?9?5unexpected?5multithread?5@ 1001b82c     LIBCMT:crt0msg.obj
 0002:0000085c       ??_C@_0CM@FAHFJNHO@R6016?$AN?6?9?5not?5enough?5space?5for?5th@ 1001b85c     LIBCMT:crt0msg.obj
 0002:00000888       ??_C@_0JG@LBKMGKLD@?$AN?6This?5application?5has?5requested@ 1001b888     LIBCMT:crt0msg.obj
 0002:00000920       ??_C@_0CM@FLCNIPKK@R6009?$AN?6?9?5not?5enough?5space?5for?5en@ 1001b920     LIBCMT:crt0msg.obj
 0002:0000094c       ??_C@_0CK@KMMJOAPP@R6008?$AN?6?9?5not?5enough?5space?5for?5ar@ 1001b94c     LIBCMT:crt0msg.obj
 0002:00000978       ??_C@_0CN@LEKKICBM@R6002?$AN?6?9?5floating?5point?5support?5@ 1001b978     LIBCMT:crt0msg.obj
 0002:000009a8       ??_C@_0CF@GOGNBNAK@Microsoft?5Visual?5C?$CL?$CL?5Runtime?5Lib@ 1001b9a8     LIBCMT:crt0msg.obj
 0002:000009d0       ??_C@_02PHMGELLB@?6?6?$AA@ 1001b9d0     LIBCMT:crt0msg.obj
 0002:000009d4       ??_C@_03KHICJKCI@?4?4?4?$AA@ 1001b9d4     LIBCMT:crt0msg.obj
 0002:000009d8       ??_C@_0BH@DNAGHKFM@?$DMprogram?5name?5unknown?$DO?$AA@ 1001b9d8     LIBCMT:crt0msg.obj
 0002:000009f0       ??_C@_0BK@OFGJDLJJ@Runtime?5Error?$CB?6?6Program?3?5?$AA@ 1001b9f0     LIBCMT:crt0msg.obj
 0002:00000a0c       ??_C@_0BK@CFCOFLF@?5Complete?5Object?5Locator?8?$AA@ 1001ba0c     LIBCMT:undname.obj
 0002:00000a28       ??_C@_0BN@MECKDCOJ@?5Class?5Hierarchy?5Descriptor?8?$AA@ 1001ba28     LIBCMT:undname.obj
 0002:00000a48       ??_C@_0BD@LGICGFMM@?5Base?5Class?5Array?8?$AA@ 1001ba48     LIBCMT:undname.obj
 0002:00000a5c       ??_C@_0BM@LDKODKLH@?5Base?5Class?5Descriptor?5at?5?$CI?$AA@ 1001ba5c     LIBCMT:undname.obj
 0002:00000a78       ??_C@_0BC@DAFEJGAK@?5Type?5Descriptor?8?$AA@ 1001ba78     LIBCMT:undname.obj
 0002:00000a8c       ??_C@_0BM@PMGGMLDN@?$GAlocal?5static?5thread?5guard?8?$AA@ 1001ba8c     LIBCMT:undname.obj
 0002:00000aa8       ??_C@_0CL@FGIJHLCE@?$GAmanaged?5vector?5copy?5constructor@ 1001baa8     LIBCMT:undname.obj
 0002:00000ad4       ??_C@_0CJ@GJELGAMM@?$GAvector?5vbase?5copy?5constructor?5i@ 1001bad4     LIBCMT:undname.obj
 0002:00000b00       ??_C@_0CD@CGAJBKEJ@?$GAvector?5copy?5constructor?5iterato@ 1001bb00     LIBCMT:undname.obj
 0002:00000b24       ??_C@_0CB@PDBIFEP@?$GAdynamic?5atexit?5destructor?5for?5?8@ 1001bb24     LIBCMT:undname.obj
 0002:00000b48       ??_C@_0BL@CLIPGLGB@?$GAdynamic?5initializer?5for?5?8?$AA@ 1001bb48     LIBCMT:undname.obj
 0002:00000b64       ??_C@_0CM@FCBBDIGB@?$GAeh?5vector?5vbase?5copy?5constructo@ 1001bb64     LIBCMT:undname.obj
 0002:00000b90       ??_C@_0CG@HLDDJMAG@?$GAeh?5vector?5copy?5constructor?5iter@ 1001bb90     LIBCMT:undname.obj
 0002:00000bb8       ??_C@_0CF@IMGKMJNO@?$GAmanaged?5vector?5destructor?5itera@ 1001bbb8     LIBCMT:undname.obj
 0002:00000be0       ??_C@_0CG@CFDHKGGD@?$GAmanaged?5vector?5constructor?5iter@ 1001bbe0     LIBCMT:undname.obj
 0002:00000c08       ??_C@_0BN@CKNJLHMB@?$GAplacement?5delete?$FL?$FN?5closure?8?$AA@ 1001bc08     LIBCMT:undname.obj
 0002:00000c28       ??_C@_0BL@CNOONJFP@?$GAplacement?5delete?5closure?8?$AA@ 1001bc28     LIBCMT:undname.obj
 0002:00000c44       ??_C@_0P@HJKNJFNN@?$GAomni?5callsig?8?$AA@ 1001bc44     LIBCMT:undname.obj
 0002:00000c54       ??_C@_09LBNFPBCA@?5delete?$FL?$FN?$AA@ 1001bc54     LIBCMT:undname.obj
 0002:00000c60       ??_C@_06FHBGPFGH@?5new?$FL?$FN?$AA@ 1001bc60     LIBCMT:undname.obj
 0002:00000c68       ??_C@_0CE@IIHCMGGL@?$GAlocal?5vftable?5constructor?5closu@ 1001bc68     LIBCMT:undname.obj
 0002:00000c8c       ??_C@_0BA@KKLDJDLB@?$GAlocal?5vftable?8?$AA@ 1001bc8c     LIBCMT:undname.obj
 0002:00000c9c       ??_C@_05KHLCHHI@?$GARTTI?$AA@ 1001bc9c     LIBCMT:undname.obj
 0002:00000ca4       ??_C@_03KLGMFNMG@?$GAEH?$AA@ 1001bca4     LIBCMT:undname.obj
 0002:00000ca8       ??_C@_0BA@KBCDOMBN@?$GAudt?5returning?8?$AA@ 1001bca8     LIBCMT:undname.obj
 0002:00000cb8       ??_C@_0BL@LLKPOHJI@?$GAcopy?5constructor?5closure?8?$AA@ 1001bcb8     LIBCMT:undname.obj
 0002:00000cd4       ??_C@_0CH@OOJPLCPH@?$GAeh?5vector?5vbase?5constructor?5ite@ 1001bcd4     LIBCMT:undname.obj
 0002:00000cfc       ??_C@_0CA@GCEOPDGL@?$GAeh?5vector?5destructor?5iterator?8?$AA@ 1001bcfc     LIBCMT:undname.obj
 0002:00000d1c       ??_C@_0CB@JONCMFFK@?$GAeh?5vector?5constructor?5iterator?8@ 1001bd1c     LIBCMT:undname.obj
 0002:00000d40       ??_C@_0BL@NILFHHPC@?$GAvirtual?5displacement?5map?8?$AA@ 1001bd40     LIBCMT:undname.obj
 0002:00000d5c       ??_C@_0CE@IKBNEHA@?$GAvector?5vbase?5constructor?5iterat@ 1001bd5c     LIBCMT:undname.obj
 0002:00000d80       ??_C@_0BN@LFPFMEDL@?$GAvector?5destructor?5iterator?8?$AA@ 1001bd80     LIBCMT:undname.obj
 0002:00000da0       ??_C@_0BO@PFGOCPJJ@?$GAvector?5constructor?5iterator?8?$AA@ 1001bda0     LIBCMT:undname.obj
 0002:00000dc0       ??_C@_0BN@IMDCHIKM@?$GAscalar?5deleting?5destructor?8?$AA@ 1001bdc0     LIBCMT:undname.obj
 0002:00000de0       ??_C@_0BO@OBMKPJIG@?$GAdefault?5constructor?5closure?8?$AA@ 1001bde0     LIBCMT:undname.obj
 0002:00000e00       ??_C@_0BN@DEGPLNFK@?$GAvector?5deleting?5destructor?8?$AA@ 1001be00     LIBCMT:undname.obj
 0002:00000e20       ??_C@_0BD@JDLKDPAB@?$GAvbase?5destructor?8?$AA@ 1001be20     LIBCMT:undname.obj
 0002:00000e34       ??_C@_08OBABFOLI@?$GAstring?8?$AA@ 1001be34     LIBCMT:undname.obj
 0002:00000e40       ??_C@_0BF@KDPPACIK@?$GAlocal?5static?5guard?8?$AA@ 1001be40     LIBCMT:undname.obj
 0002:00000e58       ??_C@_08LLFFHHDJ@?$GAtypeof?8?$AA@ 1001be58     LIBCMT:undname.obj
 0002:00000e64       ??_C@_07FEEIOKP@?$GAvcall?8?$AA@ 1001be64     LIBCMT:undname.obj
 0002:00000e6c       ??_C@_09BLBHBJP@?$GAvbtable?8?$AA@ 1001be6c     LIBCMT:undname.obj
 0002:00000e78       ??_C@_09IFPLHPGF@?$GAvftable?8?$AA@ 1001be78     LIBCMT:undname.obj
 0002:00000e84       ??_C@_02MHEGNOJ@?$FO?$DN?$AA@ 1001be84     LIBCMT:undname.obj
 0002:00000e88       ??_C@_02DHLNPPGH@?$HM?$DN?$AA@ 1001be88     LIBCMT:undname.obj
 0002:00000e8c       ??_C@_02FGJGFEAB@?$CG?$DN?$AA@ 1001be8c     LIBCMT:undname.obj
 0002:00000e90       ??_C@_03CDNPDDLA@?$DM?$DM?$DN?$AA@ 1001be90     LIBCMT:undname.obj
 0002:00000e94       ??_C@_03IKFCCPFF@?$DO?$DO?$DN?$AA@ 1001be94     LIBCMT:undname.obj
 0002:00000e98       ??_C@_02FENAOKFI@?$CF?$DN?$AA@ 1001be98     LIBCMT:undname.obj
 0002:00000e9c       ??_C@_02FJEHGPIO@?1?$DN?$AA@ 1001be9c     LIBCMT:undname.obj
 0002:00000ea0       ??_C@_02FKMDLLOA@?9?$DN?$AA@ 1001bea0     LIBCMT:undname.obj
 0002:00000ea4       ??_C@_02FOEOMHFC@?$CL?$DN?$AA@ 1001bea4     LIBCMT:undname.obj
 0002:00000ea8       ??_C@_02FPIMKNGF@?$CK?$DN?$AA@ 1001bea8     LIBCMT:undname.obj
 0002:00000eac       ??_C@_02NONPIBCD@?$HM?$HM?$AA@ 1001beac     LIBCMT:undname.obj
 0002:00000eb0       ??_C@_02PPKAJPJL@?$CG?$CG?$AA@ 1001beb0     LIBCMT:undname.obj
 0002:00000eb4       ??_C@_01DNKMNLPK@?$HM?$AA@ 1001beb4     LIBCMT:undname.obj
 0002:00000eb8       ??_C@_01JKBOJNNK@?$FO?$AA@ 1001beb8     LIBCMT:undname.obj
 0002:00000ebc       ??_C@_01PJKLJHI@?$HO?$AA@  1001bebc     LIBCMT:undname.obj
 0002:00000ec0       ??_C@_02HCKGKOFO@?$CI?$CJ?$AA@ 1001bec0     LIBCMT:undname.obj
 0002:00000ec4       ??_C@_01IHBHIGKO@?0?$AA@   1001bec4     LIBCMT:undname.obj
 0002:00000ec8       ??_C@_02EEKDKGMJ@?$DO?$DN?$AA@ 1001bec8     LIBCMT:undname.obj
 0002:00000ecc       ??_C@_01PPODPGHN@?$DO?$AA@ 1001becc     LIBCMT:undname.obj
 0002:00000ed0       ??_C@_02EHCHHCKH@?$DM?$DN?$AA@ 1001bed0     LIBCMT:undname.obj
 0002:00000ed4       ??_C@_01MNNFJEPP@?$DM?$AA@ 1001bed4     LIBCMT:undname.obj
 0002:00000ed8       ??_C@_01FGNFDNOH@?$CF?$AA@ 1001bed8     LIBCMT:undname.obj
 0002:00000edc       ??_C@_01KMDKNFGN@?1?$AA@   1001bedc     LIBCMT:undname.obj
 0002:00000ee0       ??_C@_03MNHNFDLC@?9?$DO?$CK?$AA@ 1001bee0     LIBCMT:undname.obj
 0002:00000ee4       ??_C@_01HNPIGOCE@?$CG?$AA@ 1001bee4     LIBCMT:undname.obj
 0002:00000ee8       ??_C@_01MIFGBAGJ@?$CL?$AA@ 1001bee8     LIBCMT:undname.obj
 0002:00000eec       ??_C@_01JOAMLHOP@?9?$AA@   1001beec     LIBCMT:undname.obj
 0002:00000ef0       ??_C@_02BAABKJLB@?9?9?$AA@ 1001bef0     LIBCMT:undname.obj
 0002:00000ef4       ??_C@_02ECNGHCIF@?$CL?$CL?$AA@ 1001bef4     LIBCMT:undname.obj
 0002:00000ef8       ??_C@_01NBENCBCI@?$CK?$AA@ 1001bef8     LIBCMT:undname.obj
 0002:00000efc       ??_C@_02HBOOOICD@?9?$DO?$AA@ 1001befc     LIBCMT:undname.obj
 0002:00000f00       ??_C@_08LHJFAFGD@operator?$AA@ 1001bf00     LIBCMT:undname.obj
 0002:00000f0c       ??_C@_02GPECMEKF@?$FL?$FN?$AA@ 1001bf0c     LIBCMT:undname.obj
 0002:00000f10       ??_C@_02FDNJECIE@?$CB?$DN?$AA@ 1001bf10     LIBCMT:undname.obj
 0002:00000f14       ??_C@_02EGOFBIJA@?$DN?$DN?$AA@ 1001bf14     LIBCMT:undname.obj
 0002:00000f18       ??_C@_01DCLJPIOD@?$CB?$AA@ 1001bf18     LIBCMT:undname.obj
 0002:00000f1c       ??_C@_02FODMEDOG@?$DM?$DM?$AA@ 1001bf1c     LIBCMT:undname.obj
 0002:00000f20       ??_C@_02GPIOPFAK@?$DO?$DO?$AA@ 1001bf20     LIBCMT:undname.obj
 0002:00000f24       ??_C@_07FPCDHGMM@?5delete?$AA@ 1001bf24     LIBCMT:undname.obj
 0002:00000f2c       ??_C@_04NIHEBCM@?5new?$AA@ 1001bf2c     LIBCMT:undname.obj
 0002:00000f34       ??_C@_0M@GFIIJFMG@__unaligned?$AA@ 1001bf34     LIBCMT:undname.obj
 0002:00000f40       ??_C@_0L@PILCLIHE@__restrict?$AA@ 1001bf40     LIBCMT:undname.obj
 0002:00000f4c       ??_C@_07JOMMBBKO@__ptr64?$AA@ 1001bf4c     LIBCMT:undname.obj
 0002:00000f54       ??_C@_09HIJEGCPM@__clrcall?$AA@ 1001bf54     LIBCMT:undname.obj
 0002:00000f60       ??_C@_0L@JMKHOMEK@__fastcall?$AA@ 1001bf60     LIBCMT:undname.obj
 0002:00000f6c       ??_C@_0L@NPHFGOKO@__thiscall?$AA@ 1001bf6c     LIBCMT:undname.obj
 0002:00000f78       ??_C@_09IFJBGAPI@__stdcall?$AA@ 1001bf78     LIBCMT:undname.obj
 0002:00000f84       ??_C@_08GHMPAG@__pascal?$AA@ 1001bf84     LIBCMT:undname.obj
 0002:00000f90       ??_C@_07KOLFKCDI@__cdecl?$AA@ 1001bf90     LIBCMT:undname.obj
 0002:00000f98       ??_C@_08EHJDFFNH@__based?$CI?$AA@ 1001bf98     LIBCMT:undname.obj
 0002:00001128       ??_C@_13NOLLCAOD@?$AA?$AA?$AA?$AA@ 1001c128     LIBCMT:a_map.obj
 0002:00001130       ___newctype                1001c130     LIBCMT:ctype.obj
 0002:00001430       __wctype                   1001c430     LIBCMT:ctype.obj
 0002:00001638       ___newclmap                1001c638     LIBCMT:ctype.obj
 0002:000017b8       ___newcumap                1001c7b8     LIBCMT:ctype.obj
 0002:00001938       ??_C@_08JCCMCCIL@HH?3mm?3ss?$AA@ 1001c938     LIBCMT:strftime.obj
 0002:00001944       ??_C@_0BE@CKGJFCPC@dddd?0?5MMMM?5dd?0?5yyyy?$AA@ 1001c944     LIBCMT:strftime.obj
 0002:00001958       ??_C@_08BPBNCDIB@MM?1dd?1yy?$AA@ 1001c958     LIBCMT:strftime.obj
 0002:00001964       ??_C@_02CJNFDJBF@PM?$AA@   1001c964     LIBCMT:strftime.obj
 0002:00001968       ??_C@_02DEDBPAFC@AM?$AA@   1001c968     LIBCMT:strftime.obj
 0002:0000196c       ??_C@_08EDHMEBNP@December?$AA@ 1001c96c     LIBCMT:strftime.obj
 0002:00001978       ??_C@_08HCHEGEOA@November?$AA@ 1001c978     LIBCMT:strftime.obj
 0002:00001984       ??_C@_07JJNFCEND@October?$AA@ 1001c984     LIBCMT:strftime.obj
 0002:0000198c       ??_C@_09BHHEALKD@September?$AA@ 1001c98c     LIBCMT:strftime.obj
 0002:00001998       ??_C@_06LBBHFDDG@August?$AA@ 1001c998     LIBCMT:strftime.obj
 0002:000019a0       ??_C@_04MIEPOIFP@July?$AA@ 1001c9a0     LIBCMT:strftime.obj
 0002:000019a8       ??_C@_04CNLMGBGM@June?$AA@ 1001c9a8     LIBCMT:strftime.obj
 0002:000019b0       ??_C@_05DMJDNLEJ@April?$AA@ 1001c9b0     LIBCMT:strftime.obj
 0002:000019b8       ??_C@_05HPCKOFNC@March?$AA@ 1001c9b8     LIBCMT:strftime.obj
 0002:000019c0       ??_C@_08GNJGEPFN@February?$AA@ 1001c9c0     LIBCMT:strftime.obj
 0002:000019cc       ??_C@_07CGJPFGJA@January?$AA@ 1001c9cc     LIBCMT:strftime.obj
 0002:000019d4       ??_C@_03MKABNOCG@Dec?$AA@  1001c9d4     LIBCMT:strftime.obj
 0002:000019d8       ??_C@_03JPJOFNIA@Nov?$AA@  1001c9d8     LIBCMT:strftime.obj
 0002:000019dc       ??_C@_03BMAOKBAD@Oct?$AA@  1001c9dc     LIBCMT:strftime.obj
 0002:000019e0       ??_C@_03GGCAPAJC@Sep?$AA@  1001c9e0     LIBCMT:strftime.obj
 0002:000019e4       ??_C@_03IFJFEIGA@Aug?$AA@  1001c9e4     LIBCMT:strftime.obj
 0002:000019e8       ??_C@_03LBGABGKK@Jul?$AA@  1001c9e8     LIBCMT:strftime.obj
 0002:000019ec       ??_C@_03IDFGHECI@Jun?$AA@  1001c9ec     LIBCMT:strftime.obj
 0002:000019f0       ??_C@_03CNMDKL@May?$AA@    1001c9f0     LIBCMT:strftime.obj
 0002:000019f4       ??_C@_03LEOLGMJP@Apr?$AA@  1001c9f4     LIBCMT:strftime.obj
 0002:000019f8       ??_C@_03ODNJBKGA@Mar?$AA@  1001c9f8     LIBCMT:strftime.obj
 0002:000019fc       ??_C@_03HJBDCHOM@Feb?$AA@  1001c9fc     LIBCMT:strftime.obj
 0002:00001a00       ??_C@_03JIHJHPIE@Jan?$AA@  1001ca00     LIBCMT:strftime.obj
 0002:00001a04       ??_C@_08INBOOONO@Saturday?$AA@ 1001ca04     LIBCMT:strftime.obj
 0002:00001a10       ??_C@_06JECMNKMI@Friday?$AA@ 1001ca10     LIBCMT:strftime.obj
 0002:00001a18       ??_C@_08HACCIKIA@Thursday?$AA@ 1001ca18     LIBCMT:strftime.obj
 0002:00001a24       ??_C@_09DLIGFAKA@Wednesday?$AA@ 1001ca24     LIBCMT:strftime.obj
 0002:00001a30       ??_C@_07BAAGCFCM@Tuesday?$AA@ 1001ca30     LIBCMT:strftime.obj
 0002:00001a38       ??_C@_06JLEDEDGH@Monday?$AA@ 1001ca38     LIBCMT:strftime.obj
 0002:00001a40       ??_C@_06OOPIFAJ@Sunday?$AA@ 1001ca40     LIBCMT:strftime.obj
 0002:00001a48       ??_C@_03FEFJNEK@Sat?$AA@   1001ca48     LIBCMT:strftime.obj
 0002:00001a4c       ??_C@_03IDIOELNC@Fri?$AA@  1001ca4c     LIBCMT:strftime.obj
 0002:00001a50       ??_C@_03IOFIKPDN@Thu?$AA@  1001ca50     LIBCMT:strftime.obj
 0002:00001a54       ??_C@_03MHOMLAJA@Wed?$AA@  1001ca54     LIBCMT:strftime.obj
 0002:00001a58       ??_C@_03NAGEINEP@Tue?$AA@  1001ca58     LIBCMT:strftime.obj
 0002:00001a5c       ??_C@_03PDAGKDH@Mon?$AA@   1001ca5c     LIBCMT:strftime.obj
 0002:00001a60       ??_C@_03KOEHGMDN@Sun?$AA@  1001ca60     LIBCMT:strftime.obj
 0002:00001a64       ??_C@_0BI@DFKBFLJE@GetProcessWindowStation?$AA@ 1001ca64     LIBCMT:crtmbox.obj
 0002:00001a7c       ??_C@_0BK@CIDNPOGP@GetUserObjectInformationA?$AA@ 1001ca7c     LIBCMT:crtmbox.obj
 0002:00001a98       ??_C@_0BD@HHGDFDBJ@GetLastActivePopup?$AA@ 1001ca98     LIBCMT:crtmbox.obj
 0002:00001aac       ??_C@_0BA@HNOPNCHB@GetActiveWindow?$AA@ 1001caac     LIBCMT:crtmbox.obj
 0002:00001abc       ??_C@_0M@CHKKJDAI@MessageBoxA?$AA@ 1001cabc     LIBCMT:crtmbox.obj
 0002:00001ac8       ??_C@_0L@NDEGIDAG@USER32?4DLL?$AA@ 1001cac8     LIBCMT:crtmbox.obj
 0002:00001ad4       ??_C@_07GPDNMNG@CONOUT$?$AA@ 1001cad4     LIBCMT:initcon.obj
 0002:00001adc       ___dnames                  1001cadc     LIBCMT:timeset.obj
 0002:00001af4       ___mnames                  1001caf4     LIBCMT:timeset.obj
 0002:00001b1c       ??_C@_0O@EGGGBKCF@DlgExpMon?4def?$AA@ 1001cb1c     wog native dialogs.obj
 0002:00001b2c       ??_C@_0N@JCGCDINI@Dlg_NPC3?4def?$AA@ 1001cb2c     wog native dialogs.obj
 0002:00001b3c       ??_C@_0N@FJDOOLHN@Dlg_NPC2?4def?$AA@ 1001cb3c     wog native dialogs.obj
 0002:00001b4c       ??_C@_0N@NPKKJJND@Dlg_NPC1?4def?$AA@ 1001cb4c     wog native dialogs.obj
 0002:00001b5c       ??_C@_02DKCKIIND@?$CFs?$AA@ 1001cb5c     wog native dialogs.obj
 0002:00001b60       ??_C@_0N@BHMGKPNG@checkbox?4def?$AA@ 1001cb60     wog native dialogs.obj
 0002:00001b70       ??_C@_0O@BBFJMKLN@radiobttn?4def?$AA@ 1001cb70     wog native dialogs.obj
 0002:00001b80       ??_C@_0O@LKNNDHCJ@smalfont2?4fnt?$AA@ 1001cb80     wog native dialogs.obj
 0002:00001b90       ??_C@_0N@PAEBLKHN@bigfont2?4fnt?$AA@ 1001cb90     wog native dialogs.obj
 0002:00001ba0       ??_C@_0P@GHFPNOJB@bad?5allocation?$AA@ 1001cba0     wog native dialogs.obj
 0002:00001bb0       ??_C@_0BA@FDLNIKIG@patcher_x86?4dll?$AA@ 1001cbb0     wog native dialogs.obj
 0002:00001bc0       ??_C@_0BB@CKHJKIEB@_GetPatcherX86?$EA0?$AA@ 1001cbc0     wog native dialogs.obj
 0002:00001bd4       ??_C@_02DPKJAMEF@?$CFd?$AA@ 1001cbd4     wog native dialogs.obj
 0002:00001bd8       ??_C@_0N@NGJLFBMI@DiBoxBck?4pcx?$AA@ 1001cbd8     wog native dialogs.obj
 0002:00001be8       ??_C@_0N@FGPGDOPK@dialgbox?4def?$AA@ 1001cbe8     wog native dialogs.obj
 0002:00001bf8       ??_C@_0N@ELNJEEMI@medfont2?4fnt?$AA@ 1001cbf8     wog native dialogs.obj
 0002:00001c08       ??_C@_09IIFHEAOO@angel?4dll?$AA@ 1001cc08     wog native dialogs.obj
 0002:00001c14       ??_C@_0M@BFOAAPGP@EventParams?$AA@ 1001cc14     wog native dialogs.obj
 0002:00001c20       ??_C@_0BD@KPOAIKLJ@RestoreEventParams?$AA@ 1001cc20     wog native dialogs.obj
 0002:00001c34       ??_C@_0BA@JJKLPBHG@SaveEventParams?$AA@ 1001cc34     wog native dialogs.obj
 0002:00001c44       ??_C@_07PILJHEGK@era?4dll?$AA@ 1001cc44     wog native dialogs.obj
 0002:00001c4c       ??_C@_02EOEPPNBF@tr?$AA@   1001cc4c     wog native dialogs.obj
 0002:00001c50       ??_C@_07HCDNKGPA@ApiHook?$AA@ 1001cc50     wog native dialogs.obj
 0002:00001c58       ??_C@_0BB@NFICFMFA@ClearAllIniCache?$AA@ 1001cc58     wog native dialogs.obj
 0002:00001c6c       ??_C@_0O@KHPPEFLJ@ClearIniCache?$AA@ 1001cc6c     wog native dialogs.obj
 0002:00001c7c       ??_C@_0L@GHCNBJIK@ExecErmCmd?$AA@ 1001cc7c     wog native dialogs.obj
 0002:00001c88       ??_C@_0L@BBNMEHJH@ExtractErm?$AA@ 1001cc88     wog native dialogs.obj
 0002:00001c94       ??_C@_0L@CKILDBJC@FatalError?$AA@ 1001cc94     wog native dialogs.obj
 0002:00001ca0       ??_C@_0N@HFGMKLEN@FireErmEvent?$AA@ 1001cca0     wog native dialogs.obj
 0002:00001cb0       ??_C@_09GEAPPBGH@FireEvent?$AA@ 1001ccb0     wog native dialogs.obj
 0002:00001cbc       ??_C@_0M@KJHFCLAP@GetButtonID?$AA@ 1001ccbc     wog native dialogs.obj
 0002:00001cc8       ??_C@_0L@LNAOMCPJ@GetVersion?$AA@ 1001ccc8     wog native dialogs.obj
 0002:00001cd4       ??_C@_0O@FNMDEAHG@GetVersionNum?$AA@ 1001ccd4     wog native dialogs.obj
 0002:00001ce4       ??_C@_0N@CFMBLIKP@GetGameState?$AA@ 1001cce4     wog native dialogs.obj
 0002:00001cf4       ??_C@_0M@LKIFOAN@GetRealAddr?$AA@ 1001ccf4     wog native dialogs.obj
 0002:00001d00       ??_C@_0BD@DPCJBLFO@GlobalRedirectFile?$AA@ 1001cd00     wog native dialogs.obj
 0002:00001d14       ??_C@_04PHJJMCEO@Hook?$AA@ 1001cd14     wog native dialogs.obj
 0002:00001d1c       ??_C@_08EBPIACBO@HookCode?$AA@ 1001cd1c     wog native dialogs.obj
 0002:00001d28       ??_C@_0BB@PHLEIINC@LoadImageAsPcx16?$AA@ 1001cd28     wog native dialogs.obj
 0002:00001d3c       ??_C@_07GDNFNLKF@LoadTxt?$AA@ 1001cd3c     wog native dialogs.obj
 0002:00001d44       ??_C@_07FLCNLLL@MemFree?$AA@ 1001cd44     wog native dialogs.obj
 0002:00001d4c       ??_C@_09PIKCKENJ@NameColor?$AA@ 1001cd4c     wog native dialogs.obj
 0002:00001d58       ??_C@_0M@LNHBMGFH@NotifyError?$AA@ 1001cd58     wog native dialogs.obj
 0002:00001d64       ??_C@_0M@PLEJCMGM@PatchExists?$AA@ 1001cd64     wog native dialogs.obj
 0002:00001d70       ??_C@_0N@BGLGOOMO@PluginExists?$AA@ 1001cd70     wog native dialogs.obj
 0002:00001d80       ??_C@_0BE@CIDOCKGN@ReadSavegameSection?$AA@ 1001cd80     wog native dialogs.obj
 0002:00001d94       ??_C@_0P@CCLIEMKP@ReadStrFromIni?$AA@ 1001cd94     wog native dialogs.obj
 0002:00001da4       ??_C@_09IJJOFFNH@RecallAPI?$AA@ 1001cda4     wog native dialogs.obj
 0002:00001db0       ??_C@_0N@EADKAOLK@RedirectFile?$AA@ 1001cdb0     wog native dialogs.obj
 0002:00001dc0       ??_C@_0BE@OJOEEMJD@RedirectMemoryBlock?$AA@ 1001cdc0     wog native dialogs.obj
 0002:00001dd4       ??_C@_0BA@BCNGHKCC@RegisterHandler?$AA@ 1001cdd4     wog native dialogs.obj
 0002:00001de4       ??_C@_09MJCMIAEG@ReloadErm?$AA@ 1001cde4     wog native dialogs.obj
 0002:00001df0       ??_C@_0BE@JBKGKCON@ReportPluginVersion?$AA@ 1001cdf0     wog native dialogs.obj
 0002:00001e04       ??_C@_07PAHGKEHA@SaveIni?$AA@ 1001ce04     wog native dialogs.obj
 0002:00001e0c       ??_C@_06DDHLBGDE@Splice?$AA@ 1001ce0c     wog native dialogs.obj
 0002:00001e14       ??_C@_0M@CLLMHKFF@WriteAtCode?$AA@ 1001ce14     wog native dialogs.obj
 0002:00001e20       ??_C@_0BF@HMHBLPO@WriteSavegameSection?$AA@ 1001ce20     wog native dialogs.obj
 0002:00001e38       ??_C@_0O@POMBDOKD@WriteStrToIni?$AA@ 1001ce38     wog native dialogs.obj
 0002:00001e48       ??_C@_05JIKHPHGN@90?590?$AA@ 1001ce48     wog native dialogs.obj
 0002:00001e50       ??_C@_05DIALNFFA@?$CFs?5?$CFd?$AA@ 1001ce50     wog native dialogs.obj
 0002:00001e58       ??_C@_05DNIIFBMG@?$CFs?5?$CFs?$AA@ 1001ce58     wog native dialogs.obj
 0002:00001e60       ??_C@_0L@FIDKBHJC@?$CFs?5?$CFd?5?$CI?$CFd?$CJ?$AA@ 1001ce60     wog native dialogs.obj
 0002:00001e6c       ??_C@_0L@JDILLOGP@?$CFs?5?$CFd?5?9?5?$CFd?$AA@ 1001ce6c     wog native dialogs.obj
 0002:00001e78       ??_C@_07JKHHBHOI@?$CFs?5?$CFd?$CF?$CF?$AA@ 1001ce78     wog native dialogs.obj
 0002:00001e80       ??_C@_06GNDJBPCO@?$CFs?6?6?$CFs?$AA@ 1001ce80     wog native dialogs.obj
 0002:00001e88       ??_C@_0N@CNMFKAFE@Dlg_NPCn?4pcx?$AA@ 1001ce88     wog native dialogs.obj
 0002:00001e98       ??_C@_0N@EENEFCAM@Dlg_NPCu?4pcx?$AA@ 1001ce98     wog native dialogs.obj
 0002:00001ea8       ??_C@_0P@GMMOFIOD@Dlg_NPCdel?4def?$AA@ 1001cea8     wog native dialogs.obj
 0002:00001eb8       ??_C@_07DONLOGLK@?$CFd?5?$CI?$CFd?$CJ?$AA@ 1001ceb8     wog native dialogs.obj
 0002:00001ec0       ??_C@_07PFGKEPEH@?$CFd?5?9?5?$CFd?$AA@ 1001cec0     wog native dialogs.obj
 0002:00001ec8       ??_C@_04FCMNJMCO@?$CFd?$CF?$CF?$AA@ 1001cec8     wog native dialogs.obj
 0002:00001ed0       ??_C@_0M@EELLOAND@bttnNPC?4def?$AA@ 1001ced0     wog native dialogs.obj
 0002:00001edc       ??_C@_0BB@OPCILBBM@C742?53C?5FFFFFFFF?$AA@ 1001cedc     wog native dialogs.obj
 0002:00001ef0       ??_C@_07JMKCEEPK@?$CFs?5?$CI?$CFd?$CJ?$AA@ 1001cef0     wog native dialogs.obj
 0002:00001ef8       ??_C@_09PCPEDHFE@?$CFd?$CF?$CF?5?$CI?$CFd?$CJ?$AA@ 1001cef8     wog native dialogs.obj
 0002:00001f04       ??_C@_03DMDECJFG@?$CFhf?$AA@ 1001cf04     wog native dialogs.obj
 0002:00001f08       ??_C@_03OFAPEBGM@?$CFs?6?$AA@ 1001cf08     wog native dialogs.obj
 0002:00001f0c       ??_C@_08MNBIIGN@?$CFs?6?6?5?$CFs?6?$AA@ 1001cf0c     wog native dialogs.obj
 0002:00001f18       ??_C@_0N@ILHBCDMB@DlgExpUp?4def?$AA@ 1001cf18     wog native dialogs.obj
 0002:00001f28       ??_C@_08OFBPMKML@tiny?4fnt?$AA@ 1001cf28     wog native dialogs.obj
 0002:00001f34       ??_C@_09KAONFINP@?$HL?$CFs?$HN?6?$CI?$CFs?$CJ?$AA@ 1001cf34     wog native dialogs.obj
 0002:00001f40       ??_C@_0N@DCLMLLBB@WoGCurse?4def?$AA@ 1001cf40     wog native dialogs.obj
 0002:00001f50       ??_C@_06DJHOIPC@?$CFs?3?5?$CFs?$AA@ 1001cf50     wog native dialogs.obj
 0002:00001f58       ??_C@_0M@HFKPFJGG@artslot?4pcx?$AA@ 1001cf58     wog native dialogs.obj
 0002:00001f64       ??_C@_0N@KAILJDHD@def?4SpScrArt?$AA@ 1001cf64     wog native dialogs.obj
 0002:00001f74       ??_C@_0BA@CACHJGMJ@WoGTextEdit?4pcx?$AA@ 1001cf74     wog native dialogs.obj
 0002:00001f84       ??_C@_09EIMBAPBP@?4?2Maps?2?$CFs?$AA@ 1001cf84     wog native dialogs.obj
 0002:00001f90       ??_C@_02MFEGOEMP@?$CFn?$AA@ 1001cf90     wog native dialogs.obj
 0002:00001f94       ??_C@_04OMBFFHIC@?$HL?$CFs?$HN?$AA@ 1001cf94     wog native dialogs.obj
 0002:00001fa0       ??_C@_0FB@LMJNIGPL@Error?5?$CIfor?5igrik?$CJ?$CB?$CB?$CB?6?6?5Debug?6Pag@ 1001cfa0     wog native dialogs.obj
 0002:00001ff4       ??_C@_0P@HDPJJOMN@WoGOptions?4pcx?$AA@ 1001cff4     wog native dialogs.obj
 0002:00002004       ??_C@_0M@DGCKOOBG@WoGBttn?4def?$AA@ 1001d004     wog native dialogs.obj
 0002:00002010       ??_C@_0M@FBOGBOAE@GSPBUT2?4DEF?$AA@ 1001d010     wog native dialogs.obj
 0002:0000201c       ??_C@_0BB@GPEKGKKL@HD?4Version?4Dword?$AA@ 1001d01c     wog native dialogs.obj
 0002:00002030       ??_C@_0O@EHOKGOGC@BattleLog?4pcx?$AA@ 1001d030     wog native dialogs.obj
 0002:00002040       ??_C@_0BL@MMODMCPC@HotA?4SwapMgrCalledFromTown?$AA@ 1001d040     wog native dialogs.obj
 0002:0000205c       ??_C@_03IAIAKOHP@?$CFdk?$AA@ 1001d05c     wog native dialogs.obj
 0002:00002060       ??_C@_07FBOLLOOC@?$CFdk?9?$CFdk?$AA@ 1001d060     wog native dialogs.obj
 0002:00002068       ??_C@_05BIKBEGBP@?$CFd?9?$CFd?$AA@ 1001d068     wog native dialogs.obj
 0002:00002070       ??_C@_0N@HNNBMNKA@HoMM3?5ERA?5?$CFs?$AA@ 1001d070     wog native dialogs.obj
 0002:00002080       ??_C@_0BJ@KIEKHMHA@?2zvs?2Lib1?4res?2txtres?4txt?$AA@ 1001d080     wog native dialogs.obj
 0002:0000209c       ??_C@_0BD@PDOEBPIC@wnd?4fonts?4big_font?$AA@ 1001d09c     wog native dialogs.obj
 0002:000020b0       ??_C@_0BD@EKBKNPIB@wnd?4fonts?4med_font?$AA@ 1001d0b0     wog native dialogs.obj
 0002:000020c4       ??_C@_0BF@IEAOALNJ@wnd?4fonts?4small_font?$AA@ 1001d0c4     wog native dialogs.obj
 0002:000020dc       ??_C@_0BF@EBIEFLBD@wnd?4dlg_crexpo?4line0?$AA@ 1001d0dc     wog native dialogs.obj
 0002:000020f4       ??_C@_0BF@FIJPGKFC@wnd?4dlg_crexpo?4line1?$AA@ 1001d0f4     wog native dialogs.obj
 0002:0000210c       ??_C@_0BF@HDLCDJJB@wnd?4dlg_crexpo?4line2?$AA@ 1001d10c     wog native dialogs.obj
 0002:00002124       ??_C@_0BF@GKKJAINA@wnd?4dlg_crexpo?4line3?$AA@ 1001d124     wog native dialogs.obj
 0002:0000213c       ??_C@_0BF@CFOIJOBH@wnd?4dlg_crexpo?4line4?$AA@ 1001d13c     wog native dialogs.obj
 0002:00002154       ??_C@_0BF@DMPDKPFG@wnd?4dlg_crexpo?4line5?$AA@ 1001d154     wog native dialogs.obj
 0002:0000216c       ??_C@_0BF@BHNOPMJF@wnd?4dlg_crexpo?4line6?$AA@ 1001d16c     wog native dialogs.obj
 0002:00002184       ??_C@_0BF@OMFMNNE@wnd?4dlg_crexpo?4line7?$AA@ 1001d184     wog native dialogs.obj
 0002:0000219c       ??_C@_0BF@IJFNNBBL@wnd?4dlg_crexpo?4line8?$AA@ 1001d19c     wog native dialogs.obj
 0002:000021b4       ??_C@_0BF@JAEGOAFK@wnd?4dlg_crexpo?4line9?$AA@ 1001d1b4     wog native dialogs.obj
 0002:000021cc       ??_C@_0BG@FKHLJJEB@wnd?4dlg_crexpo?4line10?$AA@ 1001d1cc     wog native dialogs.obj
 0002:000021e4       ??_C@_0BG@EDGAKIAA@wnd?4dlg_crexpo?4line11?$AA@ 1001d1e4     wog native dialogs.obj
 0002:000021fc       ??_C@_0BP@EOCIECHH@wnd?4dlg_wog_options?4intro_font?$AA@ 1001d1fc     wog native dialogs.obj
 0002:0000221c       ??_C@_0BO@PPEFPAOC@wnd?4dlg_wog_options?4bttn_name?$AA@ 1001d21c     wog native dialogs.obj
 0002:0000223c       ??_C@_0CB@EPGBDFLB@wnd?4dlg_commander?4bttn_open_hint@ 1001d23c     wog native dialogs.obj
 0002:00002260       ??_C@_0CB@HHJKNBKP@wnd?4dlg_commander?4bttn_exit_hint@ 1001d260     wog native dialogs.obj
 0002:00002284       ??_C@_0CC@HPHIJKHC@wnd?4dlg_commander?4bttn_lvlup_hin@ 1001d284     wog native dialogs.obj
 0002:000022a8       ??_C@_0CD@CPLKJKFP@wnd?4dlg_commander?4bttn_dismiss_r@ 1001d2a8     wog native dialogs.obj
 0002:000022cc       ??_C@_0BL@COONMGDI@wnd?4combat?4finish_question?$AA@ 1001d2cc     wog native dialogs.obj
 0002:000022e8       ??_C@_0BH@EFIKECO@wnd?4combat?4show_killed?$AA@ 1001d2e8     wog native dialogs.obj
 0002:00002300       ??_C@_0BD@BGMEGPKP@WoG?5Native?5Dialogs?$AA@ 1001d300     wog native dialogs.obj
 0002:00002313       ??_C@_00CNPNBAHC@?$AA@     1001d313     HoMM3_GUI.obj
 0002:00002318       __real@3fe0000000000000    1001d318      CIL library: CIL module
 0002:00002320       __FPinit                   1001d320     LIBCMT:_fpinit_.obj
 0002:00002324       __FPmtinit                 1001d324     LIBCMT:_fpinit_.obj
 0002:00002328       __FPmtterm                 1001d328     LIBCMT:_fpinit_.obj
 0002:0000232c       ??_C@_05KLBDPFGC@e?$CL000?$AA@ 1001d32c     LIBCMT:cvt.obj
 0002:00002338       __real@4150017ec0000000    1001d338     LIBCMT:_testfdiv_.obj
 0002:00002340       __real@4147ffff80000000    1001d340     LIBCMT:_testfdiv_.obj
 0002:00002348       ??_C@_0BK@NHEOCAHP@IsProcessorFeaturePresent?$AA@ 1001d348     LIBCMT:_testfdiv_.obj
 0002:00002364       ??_C@_08CPNIBGIE@KERNEL32?$AA@ 1001d364     LIBCMT:_testfdiv_.obj
 0002:00002370       ??_C@_06IMKFLFPG@1?$CDQNAN?$AA@ 1001d370     LIBCMT:_x10fout_.obj
 0002:00002378       ??_C@_05DNEBIAHO@1?$CDINF?$AA@ 1001d378     LIBCMT:_x10fout_.obj
 0002:00002380       ??_C@_05PHHOCPM@1?$CDIND?$AA@ 1001d380     LIBCMT:_x10fout_.obj
 0002:00002388       ??_C@_06PGGFOGJG@1?$CDSNAN?$AA@ 1001d388     LIBCMT:_x10fout_.obj
 0002:00002390       __load_config_used         1001d390     LIBCMT:loadcfg.obj
 0002:0000243c       ??_R4exception@std@@6B@    1001d43c     LIBCMT:stdexcpt.obj
 0002:00002450       ??_R4type_info@@6B@        1001d450     LIBCMT:typinfo.obj
 0002:00002464       ??_R3type_info@@8          1001d464     LIBCMT:typinfo.obj
 0002:00002474       ??_R2type_info@@8          1001d474     LIBCMT:typinfo.obj
 0002:0000247c       ??_R1A@?0A@EA@type_info@@8 1001d47c     LIBCMT:typinfo.obj
 0002:00002498       ??_R4bad_alloc@std@@6B@    1001d498     wog native dialogs.obj
 0002:000024ac       ??_R3bad_alloc@std@@8      1001d4ac     wog native dialogs.obj
 0002:000024bc       ??_R2bad_alloc@std@@8      1001d4bc     wog native dialogs.obj
 0002:000024c8       ??_R1A@?0A@EA@exception@std@@8 1001d4c8     wog native dialogs.obj
 0002:000024e4       ??_R3exception@std@@8      1001d4e4     wog native dialogs.obj
 0002:000024f4       ??_R2exception@std@@8      1001d4f4     wog native dialogs.obj
 0002:000024fc       ??_R1A@?0A@EA@bad_alloc@std@@8 1001d4fc     wog native dialogs.obj
 0002:00002520       ___safe_se_handler_table   1001d520     <linker-defined>
 0002:0000252c       ___rtc_iaa                 1001d52c     LIBCMT:_initsect_.obj
 0002:00002530       ___rtc_izz                 1001d530     LIBCMT:_initsect_.obj
 0002:00002534       ___rtc_taa                 1001d534     LIBCMT:_initsect_.obj
 0002:00002538       ___rtc_tzz                 1001d538     LIBCMT:_initsect_.obj
 0002:00002914       __CT??_R0?AVexception@std@@@8??0exception@std@@QAE@ABV01@@Z12 1001d914     wog native dialogs.obj
 0002:00002930       __CT??_R0?AVbad_alloc@std@@@8??0bad_alloc@std@@QAE@ABV01@@Z12 1001d930     wog native dialogs.obj
 0002:0000294c       __CTA2?AVbad_alloc@std@@   1001d94c     wog native dialogs.obj
 0002:00002958       __TI2?AVbad_alloc@std@@    1001d958     wog native dialogs.obj
 0002:00002984       __IMPORT_DESCRIPTOR_KERNEL32 1001d984     kernel32:KERNEL32.dll
 0002:00002998       __NULL_IMPORT_DESCRIPTOR   1001d998     kernel32:KERNEL32.dll
 0003:0000000c       ??_R0?AVtype_info@@@8      1001f00c     LIBCMT:typinfo.obj
 0003:00000030       ___security_cookie         1001f030     LIBCMT:gs_cookie.obj
 0003:00000034       ___security_cookie_complement 1001f034     LIBCMT:gs_cookie.obj
 0003:000001b0       ___nullstring              1001f1b0     LIBCMT:output.obj
 0003:000001b4       ___wnullstring             1001f1b4     LIBCMT:output.obj
 0003:000001b8       __amblksiz                 1001f1b8     LIBCMT:heapinit.obj
 0003:000002f0       ___flsindex                1001f2f0     LIBCMT:tidtable.obj
 0003:000002f4       ___getvalueindex           1001f2f4     LIBCMT:tidtable.obj
 0003:000002f8       __aexit_rtn                1001f2f8     LIBCMT:crt0dat.obj
 0003:00000300       ___badioinfo               1001f300     LIBCMT:ioinit.obj
 0003:00000340       __First_FPE_Indx           1001f340     LIBCMT:winxfltr.obj
 0003:00000344       __Num_FPE                  1001f344     LIBCMT:winxfltr.obj
 0003:00000348       __XcptActTabSize           1001f348     LIBCMT:winxfltr.obj
 0003:0000034c       __XcptActTabCount          1001f34c     LIBCMT:winxfltr.obj
 0003:00000360       __iob                      1001f360     LIBCMT:_file.obj
 0003:000005e0       ___initialmbcinfo          1001f5e0     LIBCMT:mbctype.obj
 0003:00000800       __mbctype                  1001f800     LIBCMT:mbctype.obj
 0003:00000908       __mbcasemap                1001f908     LIBCMT:mbctype.obj
 0003:00000a08       ___ptmbcinfo               1001fa08     LIBCMT:mbctype.obj
 0003:00000b04       ___globallocalestatus      1001fb04     LIBCMT:glstatus.obj
 0003:00000b08       ___clocalestr              1001fb08     LIBCMT:nlsdata2.obj
 0003:00000b10       ___initiallocinfo          1001fb10     LIBCMT:nlsdata2.obj
 0003:00000be8       ___ptlocinfo               1001fbe8     LIBCMT:nlsdata2.obj
 0003:00000bec       ___lc_clike                1001fbec     LIBCMT:nlsdata2.obj
 0003:00000bf0       ___initiallocalestructinfo 1001fbf0     LIBCMT:nlsdata2.obj
 0003:00000bf8       __cfltcvt_tab              1001fbf8     LIBCMT:cmiscdat.obj
 0003:00000cd8       ___abort_behavior          1001fcd8     LIBCMT:abort.obj
 0003:00000cdc       __NLG_Destination          1001fcdc     LIBCMT:exsup.obj
 0003:00000cf0       __pctype                   1001fcf0     LIBCMT:ctype.obj
 0003:00000cf4       __pwctype                  1001fcf4     LIBCMT:ctype.obj
 0003:00000cf8       ___lc_time_c               1001fcf8     LIBCMT:strftime.obj
 0003:00000db0       ___lc_time_curr            1001fdb0     LIBCMT:strftime.obj
 0003:00000db4       ___lconv_static_decimal    1001fdb4     LIBCMT:lconv.obj
 0003:00000db8       ___lconv_c                 1001fdb8     LIBCMT:lconv.obj
 0003:00000de8       ___lconv                   1001fde8     LIBCMT:lconv.obj
 0003:00000dec       ___mb_cur_max              1001fdec     LIBCMT:nlsdata1.obj
 0003:00000df0       ___decimal_point           1001fdf0     LIBCMT:nlsdata1.obj
 0003:00000df4       ___decimal_point_length    1001fdf4     LIBCMT:nlsdata1.obj
 0003:00000e00       __coninpfh                 1001fe00     LIBCMT:initcon.obj
 0003:00000e04       __confh                    1001fe04     LIBCMT:initcon.obj
 0003:00000e10       __timezone                 1001fe10     LIBCMT:timeset.obj
 0003:00000e14       __daylight                 1001fe14     LIBCMT:timeset.obj
 0003:00000e18       __dstbias                  1001fe18     LIBCMT:timeset.obj
 0003:00000ea0       __tzname                   1001fea0     LIBCMT:timeset.obj
 0003:00000ec0       __lpdays                   1001fec0     LIBCMT:days.obj
 0003:00000ef4       __days                     1001fef4     LIBCMT:days.obj
 0003:00000f38       ?v_table_funcs@_CustomDlg_@@2PAIA 1001ff38     HoMM3_GUI.obj
 0003:00000f78       ?n_BigFont@@3PADA          1001ff78     wog native dialogs.obj
 0003:00000f7c       ?n_MedFont@@3PADA          1001ff7c     wog native dialogs.obj
 0003:00000f80       ?n_SmallFont@@3PADA        1001ff80     wog native dialogs.obj
 0003:00000f84       ?radioBttnDef@@3PADA       1001ff84     wog native dialogs.obj
 0003:00000f88       ?checkboxDef@@3PADA        1001ff88     wog native dialogs.obj
 0003:00000f8c       ?textProcD@@3PADA          1001ff8c     wog native dialogs.obj
 0003:00000f90       ?textProcS@@3PADA          1001ff90     wog native dialogs.obj
 0003:00000f94       ?npc1Def@@3PADA            1001ff94     wog native dialogs.obj
 0003:00000f98       ?npc2Def@@3PADA            1001ff98     wog native dialogs.obj
 0003:00000f9c       ?npc3Def@@3PADA            1001ff9c     wog native dialogs.obj
 0003:00000fa0       ?n_DlgExpMon@@3PADA        1001ffa0     wog native dialogs.obj
 0003:00000fa4       ??_R0?AVexception@std@@@8  1001ffa4     wog native dialogs.obj
 0003:00000fc0       ??_R0?AVbad_alloc@std@@@8  1001ffc0     wog native dialogs.obj
 0003:00000fdc       __fltused                  1001ffdc     LIBCMT:_fpinit_.obj
 0003:00000fe0       __ldused                   1001ffe0     LIBCMT:_fpinit_.obj
 0003:00001020       __pow10pos                 10020020     LIBCMT:_constpow_.obj
 0003:00001180       __pow10neg                 10020180     LIBCMT:_constpow_.obj
 0003:00001314       __aenvptr                  10020314     LIBCMT:dllcrt0.obj
 0003:00001318       __wenvptr                  10020318     LIBCMT:dllcrt0.obj
 0003:0000131c       ___error_mode              1002031c     LIBCMT:dllcrt0.obj
 0003:00001320       ___app_type                10020320     LIBCMT:dllcrt0.obj
 0003:0000164c       ___pInvalidArgHandler      1002064c     LIBCMT:invarg.obj
 0003:00001650       __crtheap                  10020650     LIBCMT:heapinit.obj
 0003:000017a8       ___sbh_pHeaderDefer        100207a8     LIBCMT:sbheap.obj
 0003:000017b4       ?_pnhHeap@@3P6AHI@ZA       100207b4     LIBCMT:handler.obj
 0003:000017b8       _gpFlsAlloc                100207b8     LIBCMT:tidtable.obj
 0003:000017bc       _gpFlsGetValue             100207bc     LIBCMT:tidtable.obj
 0003:000017c0       _gpFlsSetValue             100207c0     LIBCMT:tidtable.obj
 0003:000017c4       _gpFlsFree                 100207c4     LIBCMT:tidtable.obj
 0003:000017c8       __maxwait                  100207c8     LIBCMT:crtheap.obj
 0003:000017cc       __umaskval                 100207cc     LIBCMT:crt0dat.obj
 0003:000017d0       ___argc                    100207d0     LIBCMT:crt0dat.obj
 0003:000017d4       ___argv                    100207d4     LIBCMT:crt0dat.obj
 0003:000017d8       ___wargv                   100207d8     LIBCMT:crt0dat.obj
 0003:000017dc       __environ                  100207dc     LIBCMT:crt0dat.obj
 0003:000017e0       ___initenv                 100207e0     LIBCMT:crt0dat.obj
 0003:000017e4       __wenviron                 100207e4     LIBCMT:crt0dat.obj
 0003:000017e8       ___winitenv                100207e8     LIBCMT:crt0dat.obj
 0003:000017ec       __pgmptr                   100207ec     LIBCMT:crt0dat.obj
 0003:000017f0       __wpgmptr                  100207f0     LIBCMT:crt0dat.obj
 0003:000017f4       __exitflag                 100207f4     LIBCMT:crt0dat.obj
 0003:000017f8       __C_Termination_Done       100207f8     LIBCMT:crt0dat.obj
 0003:000017fc       __C_Exit_Done              100207fc     LIBCMT:crt0dat.obj
 0003:0000190c       ?__pInconsistency@@3P6AXXZA 1002090c     LIBCMT:hooks.obj
 0003:00001910       __cflush                   10020910     LIBCMT:_file.obj
 0003:00001918       ___mbulinfo                10020918     LIBCMT:mbctype.obj
 0003:00001924       ___mbcodepage              10020924     LIBCMT:mbctype.obj
 0003:00001928       ___ismbcodepage            10020928     LIBCMT:mbctype.obj
 0003:0000192c       ___mblcid                  1002092c     LIBCMT:mbctype.obj
 0003:00001930       ___locale_changed          10020930     LIBCMT:setlocal.obj
 0003:00001934       ___lc_handle               10020934     LIBCMT:nlsdata2.obj
 0003:0000194c       ___lc_codepage             1002094c     LIBCMT:nlsdata2.obj
 0003:00001950       ___lc_collate_cp           10020950     LIBCMT:nlsdata2.obj
 0003:00001c6c       __newmode                  10020c6c     LIBCMT:_newmode.obj
 0003:00001c88       ?pArgList@UnDecorator@@0PAVReplicator@@A 10020c88     LIBCMT:undname.obj
 0003:00001c8c       ?pZNameList@UnDecorator@@0PAVReplicator@@A 10020c8c     LIBCMT:undname.obj
 0003:00001c90       ?pTemplateArgList@UnDecorator@@0PAVReplicator@@A 10020c90     LIBCMT:undname.obj
 0003:00001c94       ?gName@UnDecorator@@0PBDB  10020c94     LIBCMT:undname.obj
 0003:00001c98       ?name@UnDecorator@@0PBDB   10020c98     LIBCMT:undname.obj
 0003:00001c9c       ?outputString@UnDecorator@@0PADA 10020c9c     LIBCMT:undname.obj
 0003:00001ca0       ?maxStringLength@UnDecorator@@0HA 10020ca0     LIBCMT:undname.obj
 0003:00001ca4       ?disableFlags@UnDecorator@@0KA 10020ca4     LIBCMT:undname.obj
 0003:00001ca8       ?m_pGetParameter@UnDecorator@@0P6APADJ@ZA 10020ca8     LIBCMT:undname.obj
 0003:00001cac       ?fExplicitTemplateParams@UnDecorator@@0_NA 10020cac     LIBCMT:undname.obj
 0003:00001cad       ?fGetTemplateArgumentList@UnDecorator@@0_NA 10020cad     LIBCMT:undname.obj
 0003:00001cd0       ___pPurecall               10020cd0     LIBCMT:inithelp.obj
 0003:00001cdc       ___lconv_static_null       10020cdc     LIBCMT:lconv.obj
 0003:00001ce0       __stdbuf                   10020ce0     LIBCMT:_sftbuf.obj
 0003:00001db8       ?json_Combat@@3PAPADA      10020db8     wog native dialogs.obj
 0003:00001dc0       ?myString2@@3PADA          10020dc0     wog native dialogs.obj
 0003:000021c0       ?NPC_Def@@3PAU_DlgStaticDef_@@A 100211c0     wog native dialogs.obj
 0003:000021c4       ?json_WoGOpt@@3PAPADA      100211c4     wog native dialogs.obj
 0003:000021cc       ?smalfont2@@3PAU_Fnt_@@A   100211cc     wog native dialogs.obj
 0003:000021d0       ?saveManaHero@@3PAY01HA    100211d0     wog native dialogs.obj
 0003:000021e0       ?dlgHeroLvlUp_heroID@@3IA  100211e0     wog native dialogs.obj
 0003:000021e4       ?_PI@@3PAVPatcherInstance@@A 100211e4     wog native dialogs.obj
 0003:000021e8       ?myString1@@3PADA          100211e8     wog native dialogs.obj
 0003:000025e8       ?inTownDlg@@3_NA           100215e8     wog native dialogs.obj
 0003:000025ec       ?_P@@3PAVPatcher@@A        100215ec     wog native dialogs.obj
 0003:000025f0       ?time_click_MsgBox@@3IA    100215f0     wog native dialogs.obj
 0003:000025f4       ?isNeedRestore@@3HA        100215f4     wog native dialogs.obj
 0003:000025f8       ?json_CrExpo@@3PAPADA      100215f8     wog native dialogs.obj
 0003:00002628       ?json_Npc@@3PAPADA         10021628     wog native dialogs.obj
 0003:00002638       ?damLo@@3HA                10021638     wog native dialogs.obj
 0003:0000263c       ?medfont2@@3PAU_Fnt_@@A    1002163c     wog native dialogs.obj
 0003:00002640       ?QuickBattle_SAVE@@3HA     10021640     wog native dialogs.obj
 0003:00002644       ?o_ScrollItems@@3PAU_ScrollItems_@@A 10021644     wog native dialogs.obj
 0003:00002648       ?timeClickAvtoSolo@@3HA    10021648     wog native dialogs.obj
 0003:0000264c       ?HD_Version@@3HA           1002164c     wog native dialogs.obj
 0003:00002650       ?saveCursor@@3PAHA         10021650     wog native dialogs.obj
 0003:0000265c       ?time_click@@3HA           1002165c     wog native dialogs.obj
 0003:00002660       ?hAngel@Era@@3PAUHINSTANCE__@@A 10021660     wog native dialogs.obj
 0003:00002664       ?hEra@Era@@3PAUHINSTANCE__@@A 10021664     wog native dialogs.obj
 0003:00002668       ?focusedItemID@@3HA        10021668     wog native dialogs.obj
 0003:0000266c       ?txtresWOG@@3PAU_TXT_@@A   1002166c     wog native dialogs.obj
 0003:00002670       ?damHi@@3HA                10021670     wog native dialogs.obj
 0003:00002674       ?bigfont2@@3PAU_Fnt_@@A    10021674     wog native dialogs.obj
 0003:00002678       ?myString3@@3PADA          10021678     wog native dialogs.obj
 0003:00002a78       ?EventParams@Era@@3PAY0BA@HA 10021a78     wog native dialogs.obj
 0003:00002a7c       ?ApiHook@Era@@3P6GPAXPAXH0@ZA 10021a7c     wog native dialogs.obj
 0003:00002a80       ?ClearAllIniCache@Era@@3P6GXXZA 10021a80     wog native dialogs.obj
 0003:00002a84       ?ClearIniCache@Era@@3P6GXPBD@ZA 10021a84     wog native dialogs.obj
 0003:00002a88       ?ExecErmCmd@Era@@3P6GXPBD@ZA 10021a88     wog native dialogs.obj
 0003:00002a8c       ?ExtractErm@Era@@3P6GXXZA  10021a8c     wog native dialogs.obj
 0003:00002a90       ?FatalError@Era@@3P6GXPBD@ZA 10021a90     wog native dialogs.obj
 0003:00002a94       ?FireErmEvent@Era@@3P6GXH@ZA 10021a94     wog native dialogs.obj
 0003:00002a98       ?FireEvent@Era@@3P6GXPBDPAXH@ZA 10021a98     wog native dialogs.obj
 0003:00002a9c       ?GetButtonID@Era@@3P6GHPBD@ZA 10021a9c     wog native dialogs.obj
 0003:00002aa0       ?GetEraVersion@Era@@3P6GPBDXZA 10021aa0     wog native dialogs.obj
 0003:00002aa4       ?GetVersionNum@Era@@3P6GHXZA 10021aa4     wog native dialogs.obj
 0003:00002aa8       ?GetGameState@Era@@3P6GXPAUTGameState@1@@ZA 10021aa8     wog native dialogs.obj
 0003:00002aac       ?GetRealAddr@Era@@3P6GPAXPAX@ZA 10021aac     wog native dialogs.obj
 0003:00002ab0       ?GlobalRedirectFile@Era@@3P6GXXZA 10021ab0     wog native dialogs.obj
 0003:00002ab4       ?Hook@Era@@3P6GPAXPAXHH0@ZA 10021ab4     wog native dialogs.obj
 0003:00002ab8       ?HookCode@Era@@3P6GPAXPAXP6GHPAUTHookContext@1@@ZPAPAX@ZA 10021ab8     wog native dialogs.obj
 0003:00002abc       ?LoadImageAsPcx16@Era@@3P6GPAXPBD0HHHHH@ZA 10021abc     wog native dialogs.obj
 0003:00002ac0       ?LoadTxt@Era@@3P6GPAXPBD@ZA 10021ac0     wog native dialogs.obj
 0003:00002ac4       ?MemFree@Era@@3P6GXPBX@ZA  10021ac4     wog native dialogs.obj
 0003:00002ac8       ?NameColor@Era@@3P6GXHPBD@ZA 10021ac8     wog native dialogs.obj
 0003:00002acc       ?NotifyError@Era@@3P6GXPBD@ZA 10021acc     wog native dialogs.obj
 0003:00002ad0       ?PatchExists@Era@@3P6G_NPBD@ZA 10021ad0     wog native dialogs.obj
 0003:00002ad4       ?PluginExists@Era@@3P6G_NPBD@ZA 10021ad4     wog native dialogs.obj
 0003:00002ad8       ?ReadSavegameSection@Era@@3P6GHHPAXPBD@ZA 10021ad8     wog native dialogs.obj
 0003:00002adc       ?ReadStrFromIni@Era@@3P6G_NPBD00PAD@ZA 10021adc     wog native dialogs.obj
 0003:00002ae0       ?RecallAPI@Era@@3P6GHPAUTHookContext@1@H@ZA 10021ae0     wog native dialogs.obj
 0003:00002ae4       ?RedirectFile@Era@@3P6GXXZA 10021ae4     wog native dialogs.obj
 0003:00002ae8       ?RedirectMemoryBlock@Era@@3P6GXPAXH0@ZA 10021ae8     wog native dialogs.obj
 0003:00002aec       ?RegisterHandler@Era@@3P6GXP6GXPAUTEvent@1@@ZPBD@ZA 10021aec     wog native dialogs.obj
 0003:00002af0       ?ReloadErm@Era@@3P6GXXZA   10021af0     wog native dialogs.obj
 0003:00002af4       ?ReportPluginVersion@Era@@3P6GXPBD@ZA 10021af4     wog native dialogs.obj
 0003:00002af8       ?RestoreEventParams@Era@@3P6GXXZA 10021af8     wog native dialogs.obj
 0003:00002afc       ?SaveEventParams@Era@@3P6GXXZA 10021afc     wog native dialogs.obj
 0003:00002b00       ?SaveIni@Era@@3P6G_NPBD@ZA 10021b00     wog native dialogs.obj
 0003:00002b04       ?Splice@Era@@3P6GPAXPAX0HHPAHPAPAX@ZA 10021b04     wog native dialogs.obj
 0003:00002b08       ?_tr@Era@@3P6GPADPBDPAPBDH@ZA 10021b08     wog native dialogs.obj
 0003:00002b0c       ?WriteAtCode@Era@@3P6GXHPAX0@ZA 10021b0c     wog native dialogs.obj
 0003:00002b10       ?WriteSavegameSection@Era@@3P6GXHPAXPBD@ZA 10021b10     wog native dialogs.obj
 0003:00002b14       ?WriteStrToIni@Era@@3P6G_NPBD000@ZA 10021b14     wog native dialogs.obj
 0003:00002b18       ?NPC_StatBar@@3PAU_DlgStaticTextPcx8ed_@@A 10021b18     wog native dialogs.obj
 0003:00002b1c       ?BanDlg_CustomReq_EnterText@@3HA 10021b1c     wog native dialogs.obj
 0003:00002b20       ?o_Sphinx1@@3PAU_Sphinx1_@@A 10021b20     wog native dialogs.obj
 0003:00002b24       ?Dlg_CustomReq_Ban@@3HA    10021b24     wog native dialogs.obj
 0003:00002b28       ?statbarWoGOptions@@3PAU_DlgStaticTextPcx8ed_@@A 10021b28     wog native dialogs.obj
 0003:00002b2c       ?apdFont@@3HA              10021b2c     wog native dialogs.obj
 0003:00002b30       ?calls_count@?1??GetPatcher@@YAPAVPatcher@@XZ@4HA 10021b30     wog native dialogs.obj
 0003:00002b38       ___fastflag                10021b38     LIBCMT:_fpinit_.obj
 0003:00002b3c       __adjust_fdiv              10021b3c     LIBCMT:_fpinit_.obj
 0003:00002b40       __outputformat             10021b40     LIBCMT:outputformat.obj
 0003:00002b44       ___piob                    10021b44     <common>
 0003:00002b60       __bufin                    10021b60     <common>
 0003:00003b60       __nstream                  10022b60     <common>
 0003:00003b64       ___sse2_available          10022b64     <common>
 0003:00003b68       __debugger_hook_dummy      10022b68     <common>
 0003:00003b6c       __nhandle                  10022b6c     <common>
 0003:00003b80       ___pioinfo                 10022b80     <common>
 0003:00003c80       ___env_initialized         10022c80     <common>
 0003:00003c84       ___onexitend               10022c84     <common>
 0003:00003c88       ___onexitbegin             10022c88     <common>
 0003:00003c8c       ___mbctype_initialized     10022c8c     <common>
 0003:00003c90       ___dyn_tls_init_callback   10022c90     <common>
 0003:00003c94       ___sbh_cntHeaderList       10022c94     <common>
 0003:00003c98       ___sbh_pHeaderList         10022c98     <common>
 0003:00003c9c       ___sbh_threshold           10022c9c     <common>
 0003:00003ca0       ___sbh_pHeaderScan         10022ca0     <common>
 0003:00003ca4       ___sbh_sizeHeaderList      10022ca4     <common>
 0003:00003ca8       ___sbh_indGroupDefer       10022ca8     <common>
 0003:00003cac       ___active_heap             10022cac     <common>
 0003:00003cb0       __acmdln                   10022cb0     <common>

 entry point at        0001:0000d948

 Static symbols

 0001:0000d852       ___DllMainCRTStartup       1000e852 f   LIBCMT:dllcrt0.obj
 0001:0000e298       _write_char                1000f298 f   LIBCMT:output.obj
 0001:0000e2cb       _write_multi_char          1000f2cb f   LIBCMT:output.obj
 0001:0000e2f1       _write_string              1000f2f1 f   LIBCMT:output.obj
 0001:00010448       __onexit_nolock            10011448 f   LIBCMT:onexit.obj
 0001:00010d55       __initterm                 10011d55 f   LIBCMT:crt0dat.obj
 0001:00010e1b       _doexit                    10011e1b f   LIBCMT:crt0dat.obj
 0001:0001133a       _parse_cmdline             1001233a f   LIBCMT:stdargv.obj
 0001:00011a24       _fastcopy_I                10012a24 f   LIBCMT:p4_memcpy.obj
 0001:00011b8e       _has_osfxsr_set            10012b8e f   LIBCMT:cpu_disp.obj
 0001:0001288e       ?CPtoLCID@@YAHH@Z          1001388e f   LIBCMT:mbctype.obj
 0001:000128bd       ?setSBCS@@YAXPAUthreadmbcinfostruct@@@Z 100138bd f   LIBCMT:mbctype.obj
 0001:00012921       ?setSBUpLow@@YAXPAUthreadmbcinfostruct@@@Z 10013921 f   LIBCMT:mbctype.obj
 0001:00012b58       ?getSystemCP@@YAHH@Z       10013b58 f   LIBCMT:mbctype.obj
 0001:000131e2       __updatetlocinfoEx_nolock  100141e2 f   LIBCMT:setlocal.obj
 0001:00013828       __unwind_handler4          10014828 f   LIBCMT:exsup4.obj
 0001:00013a3d       _fastzero_I                10014a3d f   LIBCMT:p4_memset.obj
 0001:00013f1d       _siglookup                 10014f1d f   LIBCMT:winsig.obj
 0001:0001412f       ?x_ismbbtype_l@@YAHPAUlocaleinfo_struct@@IHH@Z 1001512f f   LIBCMT:ismbbyte.obj
 0001:000142d4       __unwind_handler           100152d4 f   LIBCMT:exsup.obj
 0001:0001492a       _flsall                    1001592a f   LIBCMT:fflush.obj
 0001:00014a2d       ?__crtLCMapStringA_stat@@YAHPAUlocaleinfo_struct@@KKPBDHPADHHH@Z 10015a2d f   LIBCMT:a_map.obj
 0001:00014e17       ?__crtGetStringTypeA_stat@@YAHPAUlocaleinfo_struct@@KPBDHPAGHHH@Z 10015e17 f   LIBCMT:a_str.obj
 0001:00015439       ?strtoxl@@YAKPAUlocaleinfo_struct@@PBDPAPBDHH@Z 10016439 f   LIBCMT:strtol.obj
 0001:000164e8       __shift                    100174e8 f   LIBCMT:cvt.obj
 0001:0001652d       __cftoe2_l                 1001752d f   LIBCMT:cvt.obj
 0001:00016aff       __cftof2_l                 10017aff f   LIBCMT:cvt.obj
 0001:00018e8f       __hw_cw                    10019e8f f   LIBCMT:_ieee87_.obj
 0001:00018f1d       ___hw_cw_sse2              10019f1d f   LIBCMT:_ieee87_.obj
 0001:00019510       ??__Fnomem@?5???2@YAPAXI@Z@YAXXZ 1001a510 f   LIBCMT:new.obj
