 wog native dialogs

 Timestamp is 60ae9c59 (Wed May 26 22:07:05 2021)

 Preferred load address is 10000000

 Start         Length     Name                   Class
 0001:00000000 0001bf4cH .text                   CODE
 0001:0001bf50 00000160H .text$x                 CODE
 0001:0001c0b0 00000014H .text$yd                CODE
 0002:00000000 00000124H .idata$5                DATA
 0002:00000124 00000004H .CRT$XCA                DATA
 0002:00000128 00000004H .CRT$XCZ                DATA
 0002:0000012c 00000004H .CRT$XIA                DATA
 0002:00000130 00000010H .CRT$XIC                DATA
 0002:00000140 00000004H .CRT$XIZ                DATA
 0002:00000144 00000004H .CRT$XPA                DATA
 0002:00000148 00000004H .CRT$XPX                DATA
 0002:0000014c 00000004H .CRT$XPXA               DATA
 0002:00000150 00000004H .CRT$XPZ                DATA
 0002:00000154 00000004H .CRT$XTA                DATA
 0002:00000158 00000004H .CRT$XTZ                DATA
 0002:00000160 00002508H .rdata                  DATA
 0002:00002668 00000067H .rdata$debug            DATA
 0002:000026d0 00000214H .rdata$r                DATA
 0002:000028f0 00000030H .rdata$sxdata           DATA
 0002:00002920 00000004H .rtc$IAA                DATA
 0002:00002924 00000004H .rtc$IZZ                DATA
 0002:00002928 00000004H .rtc$TAA                DATA
 0002:0000292c 00000004H .rtc$TZZ                DATA
 0002:00002930 000007c4H .xdata$x                DATA
 0002:000030f4 00000028H .idata$2                DATA
 0002:0000311c 00000014H .idata$3                DATA
 0002:00003130 00000124H .idata$4                DATA
 0002:00003254 00000526H .idata$6                DATA
 0002:00003780 0000005eH .edata                  DATA
 0003:00000000 00001388H .data                   DATA
 0003:000013a0 000031b8H .bss                    DATA

  Address         Publics by Value              Rva+Base       Lib:Object

 0000:00000000       __except_list              00000000     <absolute>
 0000:0000000c       ___safe_se_handler_count   0000000c     <absolute>
 0000:00000000       ___ImageBase               10000000     <linker-defined>
 0001:00000000       ?WriteCodePatch@PatcherInstance@@QAAPAVPatch@@IPADZZ 10001000 f i wog native dialogs.obj
 0001:00000020       ??1bad_alloc@std@@UAE@XZ   10001020 f i wog native dialogs.obj
 0001:00000030       ??_Ebad_alloc@std@@UAEPAXI@Z 10001030 f i  CIL library: CIL module
 0001:00000030       ??_Gbad_alloc@std@@UAEPAXI@Z 10001030 f i wog native dialogs.obj
 0001:00000060       ?compare@?$char_traits@D@std@@SAHPBD0I@Z 10001060 f i wog native dialogs.obj
 0001:000000e0       ?Redraw@_Dlg_@@QAEXH@Z     100010e0 f i wog native dialogs.obj
 0001:00000100       ?Create@_DlgStaticDef_@@SAPAU1@HHHPADHHH@Z 10001100 f i wog native dialogs.obj
 0001:00000160       ?Create@_DlgButton_@@SAPAU1@HHHPADHHHH@Z 10001160 f i wog native dialogs.obj
 0001:000001b0       ?Create@_DlgTextButton_@@SAPAU1@HHHPAD00HHHHH@Z 100011b0 f i wog native dialogs.obj
 0001:00000210       ?b_MsgBox@@YAHPADH@Z       10001210 f i wog native dialogs.obj
 0001:00000240       ?b_MsgBoxD@@YAHPADHHH@Z    10001240 f i wog native dialogs.obj
 0001:00000280       ?GetHero@_GameMgr_@@QAEPAU_Hero_@@H@Z 10001280 f i wog native dialogs.obj
 0001:000002a0       ?Get_ITxtExp@@YAPADH@Z     100012a0 f i wog native dialogs.obj
 0001:000002c0       ?Set_DlgBackground_RK@@YAHPAU_Dlg_@@HH@Z 100012c0 f   wog native dialogs.obj
 0001:000008a0       ?b_MsgBoxAndDef@@YAXPADH0@Z 100018a0 f   wog native dialogs.obj
 0001:00000ad0       ?b_MsgBoxBig@@YAXPADD@Z    10001ad0 f   wog native dialogs.obj
 0001:00000c10       ?e_ClickSound@@YAXXZ       10001c10 f i wog native dialogs.obj
 0001:00000c60       ?ConnectEra@Era@@YAXXZ     10001c60 f   wog native dialogs.obj
 0001:00000fa0       ?F_MsgBox_ResetYellowFrames@@YAHPAU_Dlg_@@H@Z 10001fa0 f   wog native dialogs.obj
 0001:00000ff0       ?F_MsgBox_Return@@YAHPAU_DlgMsg_@@H@Z 10001ff0 f   wog native dialogs.obj
 0001:00001020       ?Y_New_MsgBox_GetNextItem@@YAHHH@Z 10002020 f   wog native dialogs.obj
 0001:00001120       ?Y_New_MsgBox_Proc@@YGHPAVHiHook@@PAU_DlgMsg_@@@Z 10002120 f   wog native dialogs.obj
 0001:00001330       ?Y_New_MsgBox_SetDefaultFrameEnabled@@YGHPAVLoHook@@PAUHookContext@@@Z 10002330 f   wog native dialogs.obj
 0001:000013e0       ?Y_New_MsgBox_GetBitMask@@YGHPAVHiHook@@PAU_GameMgr_@@@Z 100023e0 f   wog native dialogs.obj
 0001:00001450       ?Dlg_MsgBox@@YAXPAVPatcherInstance@@@Z 10002450 f   wog native dialogs.obj
 0001:000014e0       ?Dlg_ChangeBmp@@YAXPAVPatcherInstance@@@Z 100024e0 f   wog native dialogs.obj
 0001:000022f0       ?Y_New_CommanderDlg_Proc@@YGHPAV_CustomDlg_@@PAU_DlgMsg_@@@Z 100032f0 f   wog native dialogs.obj
 0001:00002a80       ?Y_Dlg_NPC_Show@@YGHPAVHiHook@@PAU_DlgNPC_@@@Z 10003a80 f   wog native dialogs.obj
 0001:00004180       ?Y_Dlg_NPC_Prepare@@YGXPAVHiHook@@PAU_Npc_@@HHH@Z 10005180 f   wog native dialogs.obj
 0001:000041c0       ?Y_Dlg_NPC_ShowAgain_IfGetArtHero@@YGHPAVLoHook@@PAUHookContext@@@Z 100051c0 f   wog native dialogs.obj
 0001:000041e0       ?Y_HeroDlg_Create@@YGPAV_CustomDlg_@@PAVHiHook@@PAV1@@Z 100051e0 f   wog native dialogs.obj
 0001:00004240       ?Y_HeroDlg_Proc@@YGHPAVHiHook@@PAV_CustomDlg_@@PAU_DlgMsg_@@@Z 10005240 f   wog native dialogs.obj
 0001:000044b0       ?Dlg_NPC@@YAXPAVPatcherInstance@@@Z 100054b0 f   wog native dialogs.obj
 0001:00004540       ?New_Dlg_ExpaMon_Case8@@YAHH@Z 10005540 f   wog native dialogs.obj
 0001:00004ea0       ?New_Dlg_ExpaMon_BannerDlg_Proc@@YGHPAV_CustomDlg_@@PAU_DlgMsg_@@@Z 10005ea0 f   wog native dialogs.obj
 0001:00004f70       ?New_Dlg_ExpaMon_BannerDlg@@YAHXZ 10005f70 f   wog native dialogs.obj
 0001:00005370       ?New_Dlg_ExpaMon_Proc@@YGHPAV_CustomDlg_@@PAU_DlgMsg_@@@Z 10006370 f   wog native dialogs.obj
 0001:00005790       ?Y_NewDlg_CreatureExpo@@YGHPAVHiHook@@PAU_CreatureExpo_@@@Z 10006790 f   wog native dialogs.obj
 0001:000062f0       ?Y_WoGCurseDlg_Proc@@YGHPAV_CustomDlg_@@PAU_DlgMsg_@@@Z 100072f0 f   wog native dialogs.obj
 0001:000063f0       ?Y_WoGCurseDlg_Show@@YGHPAVLoHook@@PAUHookContext@@@Z 100073f0 f   wog native dialogs.obj
 0001:00006790       ?Y_WoGDlg_ChooseArt_Proc@@YGHPAV_CustomDlg_@@PAU_DlgMsg_@@@Z 10007790 f   wog native dialogs.obj
 0001:00006a80       ?Y_WoGDlg_ChooseArt@@YGHPAVHiHook@@HPAU_Hero_@@H@Z 10007a80 f   wog native dialogs.obj
 0001:00007100       ?WoG_PlaceCreature_RMC_Crtl@@YGHPAVLoHook@@PAUHookContext@@@Z 10008100 f   wog native dialogs.obj
 0001:00007130       _UseWin32InputControl      10008130 f   wog native dialogs.obj
 0001:00007150       ?IsSupportedFormatImage@@YAHPAD@Z 10008150 f   wog native dialogs.obj
 0001:00007570       ?New_Dlg_CustomReq_Proc@@YGHPAV_CustomDlg_@@PAU_DlgMsg_@@@Z 10008570 f   wog native dialogs.obj
 0001:00007730       ?New_Dlg_CustomReq@@YAHPAU_Sphinx1_@@@Z 10008730 f   wog native dialogs.obj
 0001:00008900       ?Y_Dlg_CustomReq@@YGHPAVLoHook@@PAUHookContext@@@Z 10009900 f   wog native dialogs.obj
 0001:00008a40       ?Y_WoGDlg_SphinxReq@@YGHPAVHiHook@@H@Z 10009a40 f   wog native dialogs.obj
 0001:00008bd0       ?Y_Dlg_QuickDialog@@YGHPAVHiHook@@PAU_Sphinx1_@@@Z 10009bd0 f   wog native dialogs.obj
 0001:00008c60       ?Y_Dlg_CustomPic@@YGHPAVHiHook@@HH@Z 10009c60 f   wog native dialogs.obj
 0001:00008f60       ?Dlg_Sphinx@@YAXPAVPatcherInstance@@@Z 10009f60 f   wog native dialogs.obj
 0001:00009040       ?New_Dlg_IF_G_Proc@@YGHPAV_CustomDlg_@@PAU_DlgMsg_@@@Z 1000a040 f   wog native dialogs.obj
 0001:00009160       ?New_Dlg_IF_G@@YAHPAU_CheckBoxes_@@@Z 1000a160 f   wog native dialogs.obj
 0001:00009580       ?New_Dlg_IF_G_Lo@@YGHPAVLoHook@@PAUHookContext@@@Z 1000a580 f   wog native dialogs.obj
 0001:000095e0       ?Dlg_IFG@@YAXPAVPatcherInstance@@@Z 1000a5e0 f   wog native dialogs.obj
 0001:00009630       ?Dlg_ChooseMonAttack_Proc@@YGHPAV_CustomDlg_@@PAU_DlgMsg_@@@Z 1000a630 f   wog native dialogs.obj
 0001:00009670       ?Dlg_ChooseMonAttack@@YGHPAVHiHook@@HHH@Z 1000a670 f   wog native dialogs.obj
 0001:00009950       ?Y_NewScenarioDlg_SetScrolledShoose@@YAHPAU_NewScenarioDlg_@@PAU_DlgMsg_@@@Z 1000a950 f   wog native dialogs.obj
 0001:000099e0       ?Redraw_WoGDlgSetup_ElemOnPage@@YAHPAV_CustomDlg_@@PAU_DlgSetup_@@H@Z 1000a9e0 f   wog native dialogs.obj
 0001:00009bd0       ?ShowHide_WoGDlgSetup_ElemOnPage@@YAHPAV_CustomDlg_@@HPAU_DlgSetup_@@H@Z 1000abd0 f   wog native dialogs.obj
 0001:00009dc0       ?Create_WoGDlgSetup_ElemOnPage@@YAHPAV_CustomDlg_@@HPAU_DlgSetup_@@@Z 1000adc0 f   wog native dialogs.obj
 0001:0000a1b0       ?setYellowFrames@@YAXPAV_CustomDlg_@@H@Z 1000b1b0 f   wog native dialogs.obj
 0001:0000ad10       ?Dlg_WoG_Options_Proc@@YGHPAV_CustomDlg_@@PAU_DlgMsg_@@@Z 1000bd10 f   wog native dialogs.obj
 0001:0000b460       ?Dlg_WoG_Options_Show@@YGXPAVHiHook@@H@Z 1000c460 f   wog native dialogs.obj
 0001:0000b9b0       ?Y_NewScenarioDlg_Proc@@YGHPAVHiHook@@PAU_NewScenarioDlg_@@PAU_DlgMsg_@@@Z 1000c9b0 f   wog native dialogs.obj
 0001:0000ba40       ?Y_NewScenarioDlg_BlockScrollBar@@YGHPAVHiHook@@PAX@Z 1000ca40 f   wog native dialogs.obj
 0001:0000ba70       ?Y_NewScenarioDlg_Create@@YGXPAVHiHook@@PAU_NewScenarioDlg_@@H@Z 1000ca70 f   wog native dialogs.obj
 0001:0000bad0       ?Dlg_WoGOptions@@YAXPAVPatcherInstance@@@Z 1000cad0 f   wog native dialogs.obj
 0001:0000bb80       ?SetupJsonText@@YAXPADPBD@Z 1000cb80 f   wog native dialogs.obj
 0001:0000bbf0       ?WOG_ProcessAll@@YGXPAVHiHook@@@Z 1000cbf0 f   wog native dialogs.obj
 0001:0000c000       ?Dlg_SaveDatFile1@@YGHPAVLoHook@@PAUHookContext@@@Z 1000d000 f   wog native dialogs.obj
 0001:0000c050       ?Dlg_LoadDatFile1@@YGHPAVLoHook@@PAUHookContext@@@Z 1000d050 f   wog native dialogs.obj
 0001:0000c0a0       ?WoGOptionsStrings@@YAXPAVPatcherInstance@@@Z 1000d0a0 f   wog native dialogs.obj
 0001:0000c100       ?Dlg_ChooseCastleReBuild_Proc@@YGHPAV_CustomDlg_@@PAU_DlgMsg_@@@Z 1000d100 f   wog native dialogs.obj
 0001:0000c250       ?Dlg_ChooseCastleReBuild@@YAHXZ 1000d250 f   wog native dialogs.obj
 0001:0000c810       ?HiHook_Dlg_ChooseCastleReBuild@@YGHPAVHiHook@@@Z 1000d810 f   wog native dialogs.obj
 0001:0000c820       ?LoHook_Dlg_ChooseCastleReBuild@@YGHPAVLoHook@@PAUHookContext@@@Z 1000d820 f   wog native dialogs.obj
 0001:0000c850       ?Y_Dlg_HeroLvlUp_Proc@@YGHPAVHiHook@@HPAU_DlgMsg_@@@Z 1000d850 f   wog native dialogs.obj
 0001:0000c940       ?Y_Lo_Dlg_HeroLvlUp_Create@@YGHPAVLoHook@@PAUHookContext@@@Z 1000d940 f   wog native dialogs.obj
 0001:0000c960       ?Y_BATTLE_Proc@@YGHPAVHiHook@@PAU_BattleMgr_@@PAU_DlgMsg_@@@Z 1000d960 f   wog native dialogs.obj
 0001:0000cab0       ?Y_EndBattle@@YGHPAVLoHook@@PAUHookContext@@@Z 1000dab0 f   wog native dialogs.obj
 0001:0000cb60       ?StartHD5Functions@@YAXXZ  1000db60 f   wog native dialogs.obj
 0001:0000cbd0       ?HD5_Functions@@YAXPAVPatcherInstance@@@Z 1000dbd0 f   wog native dialogs.obj
 0001:0000cc20       ?NewBattleLogDlg_Proc@@YGHPAV_CustomDlg_@@PAU_DlgMsg_@@@Z 1000dc20 f   wog native dialogs.obj
 0001:0000cc60       ?CreateNewBattleLogDlg@@YAXPAU_BattleMgr_@@@Z 1000dc60 f   wog native dialogs.obj
 0001:0000d190       ?BattleLog_Proc@@YGHPAVHiHook@@PAU_BattleMgr_@@PAU_DlgMsg_@@@Z 1000e190 f   wog native dialogs.obj
 0001:0000d1f0       ?BattleLog_ReportNewRound@@YGXPAVHiHook@@IPBDHD@Z 1000e1f0 f   wog native dialogs.obj
 0001:0000d240       ?Y_DlgTown_Proc@@YGHPAVHiHook@@PAU_TownMgr_@@PAU_DlgMsg_@@@Z 1000e240 f   wog native dialogs.obj
 0001:0000d3b0       ?Y_Dlg_HeroesMeet@@YGHPAVLoHook@@PAUHookContext@@@Z 1000e3b0 f   wog native dialogs.obj
 0001:0000d3e0       ?Y_Battle_SetHintAttackGetDamage@@YGHPAVLoHook@@PAUHookContext@@@Z 1000e3e0 f   wog native dialogs.obj
 0001:0000d400       ?GetStringKilled@@YAPADPADPAU_BattleStack_@@@Z 1000e400 f   wog native dialogs.obj
 0001:0000d530       ?BattleMgr_GetAttackDamage_Hint_LogString@@YGPAU_HStr_@@PAVHiHook@@PAU1@PAU_BattleStack_@@2EH@Z 1000e530 f   wog native dialogs.obj
 0001:0000d630       ?Y_Dlg_MainMenu_Create@@YGHPAVHiHook@@PAU_Dlg_@@@Z 1000e630 f   wog native dialogs.obj
 0001:0000d6d0       ?Y_LoadAllTXTinGames@@YGHPAVLoHook@@PAUHookContext@@@Z 1000e6d0 f   wog native dialogs.obj
 0001:0000d6f0       ?Y_Hook_MainLoop@@YGHPAVLoHook@@PAUHookContext@@@Z 1000e6f0 f   wog native dialogs.obj
 0001:0000db30       _DllMain@12                1000eb30 f   wog native dialogs.obj
 0001:0000de10       ??0?$basic_string@DU?$char_traits@D@std@@V?$allocator@D@2@@std@@QAE@PBD@Z 1000ee10 f i wog native dialogs.obj
 0001:0000de50       ??1?$basic_string@DU?$char_traits@D@std@@V?$allocator@D@2@@std@@QAE@XZ 1000ee50 f i wog native dialogs.obj
 0001:0000de80       ?erase@?$basic_string@DU?$char_traits@D@std@@V?$allocator@D@2@@std@@QAEAAV12@II@Z 1000ee80 f i wog native dialogs.obj
 0001:0000df10       ?find_last_of@?$basic_string@DU?$char_traits@D@std@@V?$allocator@D@2@@std@@QBEIPBDI@Z 1000ef10 f i wog native dialogs.obj
 0001:0000df30       ?substr@?$basic_string@DU?$char_traits@D@std@@V?$allocator@D@2@@std@@QBE?AV12@II@Z 1000ef30 f i wog native dialogs.obj
 0001:0000df60       ?append@?$basic_string@DU?$char_traits@D@std@@V?$allocator@D@2@@std@@QAEAAV12@PBDI@Z 1000ef60 f i wog native dialogs.obj
 0001:0000e070       ?assign@?$basic_string@DU?$char_traits@D@std@@V?$allocator@D@2@@std@@QAEAAV12@ABV12@II@Z 1000f070 f i wog native dialogs.obj
 0001:0000e150       ?find_last_of@?$basic_string@DU?$char_traits@D@std@@V?$allocator@D@2@@std@@QBEIPBDII@Z 1000f150 f i wog native dialogs.obj
 0001:0000e1f0       ?_Eos@?$basic_string@DU?$char_traits@D@std@@V?$allocator@D@2@@std@@IAEXI@Z 1000f1f0 f i wog native dialogs.obj
 0001:0000e210       ?_Tidy@?$basic_string@DU?$char_traits@D@std@@V?$allocator@D@2@@std@@IAEX_NI@Z 1000f210 f i wog native dialogs.obj
 0001:0000e260       ?_Myptr@?$basic_string@DU?$char_traits@D@std@@V?$allocator@D@2@@std@@IBEPBDXZ 1000f260 f i wog native dialogs.obj
 0001:0000e270       ?append@?$basic_string@DU?$char_traits@D@std@@V?$allocator@D@2@@std@@QAEAAV12@ABV12@II@Z 1000f270 f i wog native dialogs.obj
 0001:0000e360       ?assign@?$basic_string@DU?$char_traits@D@std@@V?$allocator@D@2@@std@@QAEAAV12@PBDI@Z 1000f360 f i wog native dialogs.obj
 0001:0000e440       ?_Copy@?$basic_string@DU?$char_traits@D@std@@V?$allocator@D@2@@std@@IAEXII@Z 1000f440 f i wog native dialogs.obj
 0001:0000e5b0       ?allocate@?$allocator@D@std@@QAEPADI@Z 1000f5b0 f i wog native dialogs.obj
 0001:0000e610       ??$?8DU?$char_traits@D@std@@V?$allocator@D@1@@std@@YA_NABV?$basic_string@DU?$char_traits@D@std@@V?$allocator@D@2@@0@PBD@Z 1000f610 f i wog native dialogs.obj
 0001:0000e670       ??$VarValue@H@Patcher@@QAEAAHPAD@Z 1000f670 f i wog native dialogs.obj
 0001:0000e6b0       ??0bad_alloc@std@@QAE@ABV01@@Z 1000f6b0 f i wog native dialogs.obj
 0001:0000e6d0       ??$_Transform@PADV?$_String_iterator@DU?$char_traits@D@std@@V?$allocator@D@2@@std@@P6AHH@Z@std@@YA?AV?$_String_iterator@DU?$char_traits@D@std@@V?$allocator@D@2@@0@PAD0V10@P6AHH@ZUrandom_access_iterator_tag@0@U_Range_checked_iterator_tag@0@@Z 1000f6d0 f i wog native dialogs.obj
 0001:0000e760       ?RedrawScreen@_DlgItem_@@QAEXXZ 1000f760 f   HoMM3_GUI.obj
 0001:0000e790       ?Create@_CustomDlg_@@SAPAV1@HHHHIP6GHPAV1@PAU_DlgMsg_@@@Z@Z 1000f790 f   HoMM3_GUI.obj
 0001:0000e810       ?DlgProcBridge@_CustomDlg_@@SIHPAV1@IPAU_DlgMsg_@@@Z 1000f810 f   HoMM3_GUI.obj
 0001:0000e829       ??0logic_error@std@@QAE@ABV?$basic_string@DU?$char_traits@D@std@@V?$allocator@D@2@@1@@Z 1000f829 f i libcpmt:string.obj
 0001:0000e85e       ?what@logic_error@std@@UBEPBDXZ 1000f85e f i libcpmt:string.obj
 0001:0000e86c       ??1logic_error@std@@UAE@XZ 1000f86c f i libcpmt:string.obj
 0001:0000e88b       ??_Glogic_error@std@@UAEPAXI@Z 1000f88b f i libcpmt:string.obj
 0001:0000e88b       ??_Elogic_error@std@@UAEPAXI@Z 1000f88b f i libcpmt:string.obj
 0001:0000e8ac       ??0length_error@std@@QAE@ABV?$basic_string@DU?$char_traits@D@std@@V?$allocator@D@2@@1@@Z 1000f8ac f i libcpmt:string.obj
 0001:0000e8c9       ??1length_error@std@@UAE@XZ 1000f8c9 f i libcpmt:string.obj
 0001:0000e8d4       ??_Elength_error@std@@UAEPAXI@Z 1000f8d4 f i libcpmt:string.obj
 0001:0000e8d4       ??_Glength_error@std@@UAEPAXI@Z 1000f8d4 f i libcpmt:string.obj
 0001:0000e8fb       ??0out_of_range@std@@QAE@ABV?$basic_string@DU?$char_traits@D@std@@V?$allocator@D@2@@1@@Z 1000f8fb f i libcpmt:string.obj
 0001:0000e918       ??1out_of_range@std@@UAE@XZ 1000f918 f i libcpmt:string.obj
 0001:0000e923       ??_Eout_of_range@std@@UAEPAXI@Z 1000f923 f i libcpmt:string.obj
 0001:0000e923       ??_Gout_of_range@std@@UAEPAXI@Z 1000f923 f i libcpmt:string.obj
 0001:0000e94a       ?_Xlen@_String_base@std@@SAXXZ 1000f94a f   libcpmt:string.obj
 0001:0000e982       ?_Xran@_String_base@std@@SAXXZ 1000f982 f   libcpmt:string.obj
 0001:0000e9ba       ??0?$basic_string@DU?$char_traits@D@std@@V?$allocator@D@2@@std@@QAE@ABV01@@Z 1000f9ba f i libcpmt:string.obj
 0001:0000e9e5       ??0logic_error@std@@QAE@ABV01@@Z 1000f9e5 f i libcpmt:string.obj
 0001:0000ea1f       ??0length_error@std@@QAE@ABV01@@Z 1000fa1f f i libcpmt:string.obj
 0001:0000ea3c       ??0out_of_range@std@@QAE@ABV01@@Z 1000fa3c f i libcpmt:string.obj
 0001:0000ea59       @__security_check_cookie@4 1000fa59 f   LIBCMT:secchk.obj
 0001:0000ea68       _memmove_s                 1000fa68 f   LIBCMT:memmove_s.obj
 0001:0000eac5       _sprintf                   1000fac5 f   LIBCMT:sprintf.obj
 0001:0000eb42       ??0exception@std@@QAE@XZ   1000fb42 f   LIBCMT:stdexcpt.obj
 0001:0000eb53       ??0exception@std@@QAE@ABQBD@Z 1000fb53 f   LIBCMT:stdexcpt.obj
 0001:0000eba6       ??0exception@std@@QAE@ABQBDH@Z 1000fba6 f   LIBCMT:stdexcpt.obj
 0001:0000ebc3       ??0exception@std@@QAE@ABV01@@Z 1000fbc3 f   LIBCMT:stdexcpt.obj
 0001:0000ec20       ??1exception@std@@UAE@XZ   1000fc20 f   LIBCMT:stdexcpt.obj
 0001:0000ec36       ?what@exception@std@@UBEPBDXZ 1000fc36 f   LIBCMT:stdexcpt.obj
 0001:0000ec43       ??_Eexception@std@@UAEPAXI@Z 1000fc43 f i LIBCMT:stdexcpt.obj
 0001:0000ec43       ??_Gexception@std@@UAEPAXI@Z 1000fc43 f i LIBCMT:stdexcpt.obj
 0001:0000ec64       _free                      1000fc64 f   LIBCMT:free.obj
 0001:0000ed00       _memchr                    1000fd00 f   LIBCMT:memchr.obj
 0001:0000edad       __initp_misc_invarg        1000fdad f   LIBCMT:invarg.obj
 0001:0000edbc       __invoke_watson            1000fdbc f   LIBCMT:invarg.obj
 0001:0000eee4       __invalid_parameter        1000fee4 f   LIBCMT:invarg.obj
 0001:0000ef0a       __invalid_parameter_noinfo 1000ff0a f   LIBCMT:invarg.obj
 0001:0000ef1a       ??3@YAXPAX@Z               1000ff1a f   LIBCMT:delete.obj
 0001:0000ef25       _memcpy_s                  1000ff25 f   LIBCMT:memcpy_s.obj
 0001:0000efa2       ??0_LocaleUpdate@@QAE@PAUlocaleinfo_struct@@@Z 1000ffa2 f i LIBCMT:toupper.obj
 0001:0000f029       __toupper_l                10010029 f   LIBCMT:toupper.obj
 0001:0000f13f       _toupper                   1001013f f   LIBCMT:toupper.obj
 0001:0000f16b       ??1type_info@@UAE@XZ       1001016b f   LIBCMT:typinfo.obj
 0001:0000f17b       ??_Gtype_info@@UAEPAXI@Z   1001017b f i LIBCMT:typinfo.obj
 0001:0000f17b       ??_Etype_info@@UAEPAXI@Z   1001017b f i LIBCMT:typinfo.obj
 0001:0000f19c       ??8type_info@@QBE_NABV0@@Z 1001019c f   LIBCMT:typinfo.obj
 0001:0000f1bc       ??0bad_alloc@std@@QAE@XZ   100101bc f i LIBCMT:new.obj
 0001:0000f1d7       ??2@YAPAXI@Z               100101d7 f   LIBCMT:new.obj
 0001:0000f23c       __CRT_INIT@12              1001023c f   LIBCMT:dllcrt0.obj
 0001:0000f467       __DllMainCRTStartup@12     10010467 f   LIBCMT:dllcrt0.obj
 0001:0000f490       _strlen                    10010490 f   LIBCMT:strlen.obj
 0001:0000f51b       __CxxThrowException@8      1001051b f   LIBCMT:throw.obj
 0001:0000f567       ?_JumpToContinuation@@YGXPAXPAUEHRegistrationNode@@@Z 10010567 f   LIBCMT:_trnsctrl_.obj
 0001:0000f599       ?_CallMemberFunction2@@YGXPAX00H@Z 10010599 f   LIBCMT:_trnsctrl_.obj
 0001:0000f599       ?_CallMemberFunction1@@YGXPAX00@Z 10010599 f   LIBCMT:_trnsctrl_.obj
 0001:0000f599       ?_CallMemberFunction0@@YGXPAX0@Z 10010599 f   LIBCMT:_trnsctrl_.obj
 0001:0000f5a0       ?_UnwindNestedFrames@@YGXPAUEHRegistrationNode@@PAUEHExceptionRecord@@@Z 100105a0 f   LIBCMT:_trnsctrl_.obj
 0001:0000f5f4       ___CxxFrameHandler3        100105f4 f   LIBCMT:_trnsctrl_.obj
 0001:0000f65d       ?_CallSETranslator@@YAHPAUEHExceptionRecord@@PAUEHRegistrationNode@@PAX2PBU_s_FuncInfo@@H1@Z 1001065d f   LIBCMT:_trnsctrl_.obj
 0001:0000f7d3       ?_GetRangeOfTrysToCheck@@YAPBU_s_TryBlockMapEntry@@PBU_s_FuncInfo@@HHPAI1@Z 100107d3 f   LIBCMT:_trnsctrl_.obj
 0001:0000f848       __CreateFrameInfo          10010848 f   LIBCMT:_trnsctrl_.obj
 0001:0000f874       __IsExceptionObjectToBeDestroyed 10010874 f   LIBCMT:_trnsctrl_.obj
 0001:0000f89b       __FindAndUnlinkFrame       1001089b f   LIBCMT:_trnsctrl_.obj
 0001:0000f8ed       ?_CallCatchBlock2@@YAPAXPAUEHRegistrationNode@@PBU_s_FuncInfo@@PAXHK@Z 100108ed f   LIBCMT:_trnsctrl_.obj
 0001:0000f94d       __EH_prolog3               1001094d f   LIBCMT:ehprolg3.obj
 0001:0000f980       __EH_prolog3_catch         10010980 f   LIBCMT:ehprolg3.obj
 0001:0000f9b6       __EH_epilog3               100109b6 f   LIBCMT:ehprolg3.obj
 0001:0000f9ca       ___report_gsfailure        100109ca f   LIBCMT:gs_report.obj
 0001:0000fad0       _memmove                   10010ad0 f   LIBCMT:memmove.obj
 0001:0000fe35       __get_errno_from_oserr     10010e35 f   LIBCMT:dosmap.obj
 0001:0000fe77       __errno                    10010e77 f   LIBCMT:dosmap.obj
 0001:0000fe8a       ___doserrno                10010e8a f   LIBCMT:dosmap.obj
 0001:0000fe9d       __dosmaperr                10010e9d f   LIBCMT:dosmap.obj
 0001:0000fec0       __flsbuf                   10010ec0 f   LIBCMT:_flsbuf.obj
 0001:000100ca       __output_l                 100110ca f   LIBCMT:output.obj
 0001:00010c62       _strcpy_s                  10011c62 f   LIBCMT:strcpy_s.obj
 0001:00010cca       _V6_HeapAlloc              10011cca f   LIBCMT:malloc.obj
 0001:00010d19       _malloc                    10011d19 f   LIBCMT:malloc.obj
 0001:00010de3       __heap_init                10011de3 f   LIBCMT:heapinit.obj
 0001:00010e13       __heap_term                10011e13 f   LIBCMT:heapinit.obj
 0001:00010e87       __mtinitlocks              10011e87 f   LIBCMT:mlock.obj
 0001:00010ed2       __mtdeletelocks            10011ed2 f   LIBCMT:mlock.obj
 0001:00010f29       __unlock                   10011f29 f   LIBCMT:mlock.obj
 0001:00010f40       __mtinitlocknum            10011f40 f   LIBCMT:mlock.obj
 0001:00011003       __lock                     10012003 f   LIBCMT:mlock.obj
 0001:00011036       ___sbh_find_block          10012036 f   LIBCMT:sbheap.obj
 0001:00011066       ___sbh_free_block          10012066 f   LIBCMT:sbheap.obj
 0001:0001137c       ___sbh_alloc_new_region    1001237c f   LIBCMT:sbheap.obj
 0001:0001142c       ___sbh_alloc_new_group     1001242c f   LIBCMT:sbheap.obj
 0001:00011534       ___sbh_resize_block        10012534 f   LIBCMT:sbheap.obj
 0001:00011815       ___sbh_alloc_block         10012815 f   LIBCMT:sbheap.obj
 0001:00011afc       __SEH_prolog4              10012afc f   LIBCMT:sehprolg4.obj
 0001:00011b41       __SEH_epilog4              10012b41 f   LIBCMT:sehprolg4.obj
 0001:00011b60       __except_handler4          10012b60 f   LIBCMT:chandler4.obj
 0001:00011cec       __crt_debugger_hook        10012cec f   LIBCMT:dbghook.obj
 0001:00011d00       _memset                    10012d00 f   LIBCMT:memset.obj
 0001:00011d7a       __encode_pointer           10012d7a f   LIBCMT:tidtable.obj
 0001:00011dec       __encoded_null             10012dec f   LIBCMT:tidtable.obj
 0001:00011df5       __decode_pointer           10012df5 f   LIBCMT:tidtable.obj
 0001:00011e67       ___crtTlsAlloc@4           10012e67 f   LIBCMT:tidtable.obj
 0001:00011e70       ___set_flsgetvalue         10012e70 f   LIBCMT:tidtable.obj
 0001:00011ea4       __mtterm                   10012ea4 f   LIBCMT:tidtable.obj
 0001:00011ee1       __initptd                  10012ee1 f   LIBCMT:tidtable.obj
 0001:00011fca       __getptd_noexit            10012fca f   LIBCMT:tidtable.obj
 0001:00012043       __getptd                   10013043 f   LIBCMT:tidtable.obj
 0001:0001205d       __freefls@4                1001305d f   LIBCMT:tidtable.obj
 0001:0001218c       __freeptd                  1001318c f   LIBCMT:tidtable.obj
 0001:000121fa       __mtinit                   100131fa f   LIBCMT:tidtable.obj
 0001:00012390       _memcpy                    10013390 f   LIBCMT:memcpy.obj
 0001:0001291b       ___updatetmbcinfo          1001391b f   LIBCMT:mbctype.obj
 0001:00012a3b       __setmbcp_nolock           10013a3b f   LIBCMT:mbctype.obj
 0001:00012c20       __setmbcp                  10013c20 f   LIBCMT:mbctype.obj
 0001:00012dba       ___initmbctable            10013dba f   LIBCMT:mbctype.obj
 0001:00012dd8       ___freetlocinfo            10013dd8 f   LIBCMT:setlocal.obj
 0001:00012f21       ___addlocaleref            10013f21 f   LIBCMT:setlocal.obj
 0001:00012fb0       ___removelocaleref         10013fb0 f   LIBCMT:setlocal.obj
 0001:00013087       ___updatetlocinfo          10014087 f   LIBCMT:setlocal.obj
 0001:000130fd       __freea                    100140fd f i LIBCMT:a_map.obj
 0001:000134c2       ___crtLCMapStringA         100144c2 f   LIBCMT:a_map.obj
 0001:00013507       __isleadbyte_l             10014507 f i LIBCMT:_wctype.obj
 0001:0001353f       _isleadbyte                1001453f f i LIBCMT:_wctype.obj
 0001:00013552       __isctype_l                10014552 f   LIBCMT:isctype.obj
 0001:0001360a       ?_Type_info_dtor@type_info@@CAXPAV1@@Z 1001460a f   LIBCMT:typname.obj
 0001:00013680       _strcmp                    10014680 f   LIBCMT:strcmp.obj
 0001:000137c2       ___onexitinit              100147c2 f   LIBCMT:onexit.obj
 0001:000137f3       __onexit                   100147f3 f   LIBCMT:onexit.obj
 0001:0001382f       _atexit                    1001482f f   LIBCMT:onexit.obj
 0001:00013846       __initp_heap_handler       10014846 f   LIBCMT:handler.obj
 0001:00013855       __callnewh                 10014855 f   LIBCMT:handler.obj
 0001:0001387d       __malloc_crt               1001487d f   LIBCMT:crtheap.obj
 0001:000138c2       __calloc_crt               100148c2 f   LIBCMT:crtheap.obj
 0001:0001390e       __realloc_crt              1001490e f   LIBCMT:crtheap.obj
 0001:0001395c       __crt_waiting_on_module_handle 1001495c f   LIBCMT:crt0dat.obj
 0001:0001398c       __amsg_exit                1001498c f   LIBCMT:crt0dat.obj
 0001:000139b5       ___crtCorExitProcess       100149b5 f   LIBCMT:crt0dat.obj
 0001:000139e0       ___crtExitProcess          100149e0 f   LIBCMT:crt0dat.obj
 0001:000139f8       __lockexit                 100149f8 f   LIBCMT:crt0dat.obj
 0001:00013a01       __unlockexit               10014a01 f   LIBCMT:crt0dat.obj
 0001:00013a27       __initterm_e               10014a27 f   LIBCMT:crt0dat.obj
 0001:00013a4b       __cinit                    10014a4b f   LIBCMT:crt0dat.obj
 0001:00013bfc       __exit                     10014bfc f   LIBCMT:crt0dat.obj
 0001:00013c12       __cexit                    10014c12 f   LIBCMT:crt0dat.obj
 0001:00013c21       __init_pointers            10014c21 f   LIBCMT:crt0dat.obj
 0001:00013c6f       __ioinit                   10014c6f f   LIBCMT:ioinit.obj
 0001:00013ec3       __ioterm                   10014ec3 f   LIBCMT:ioinit.obj
 0001:00013f11       __setenvp                  10014f11 f   LIBCMT:stdenvp.obj
 0001:00014189       __setargv                  10015189 f   LIBCMT:stdargv.obj
 0001:00014244       ___crtGetEnvironmentStringsA 10015244 f   LIBCMT:a_env.obj
 0001:0001437b       __RTC_Initialize           1001537b f   LIBCMT:_initsect_.obj
 0001:000143a1       __RTC_Terminate            100153a1 f   LIBCMT:_initsect_.obj
 0001:000143c7       __fpclear                  100153c7 f   LIBCMT:_fpinit_.obj
 0001:000143c7       __initp_misc_winxfltr      100153c7 f   LIBCMT:winxfltr.obj
 0001:000143c8       __XcptFilter               100153c8 f   LIBCMT:winxfltr.obj
 0001:00014528       ___CppXcptFilter           10015528 f   LIBCMT:winxfltr.obj
 0001:00014548       ___security_init_cookie    10015548 f   LIBCMT:gs_support.obj
 0001:000145de       ??0bad_exception@std@@QAE@PBD@Z 100155de f i LIBCMT:frame.obj
 0001:000145fc       ??1bad_exception@std@@UAE@XZ 100155fc f i LIBCMT:frame.obj
 0001:00014607       ??_Gbad_exception@std@@UAEPAXI@Z 10015607 f i LIBCMT:frame.obj
 0001:00014607       ??_Ebad_exception@std@@UAEPAXI@Z 10015607 f i LIBCMT:frame.obj
 0001:0001462e       ___TypeMatch               1001562e f   LIBCMT:frame.obj
 0001:0001468d       ___FrameUnwindFilter       1001568d f   LIBCMT:frame.obj
 0001:000146d6       ___FrameUnwindToState      100156d6 f   LIBCMT:frame.obj
 0001:000147fc       ___DestructExceptionObject 100157fc f   LIBCMT:frame.obj
 0001:00014851       ___AdjustPointer           10015851 f   LIBCMT:frame.obj
 0001:00014ada       ___BuildCatchObjectHelper  10015ada f   LIBCMT:frame.obj
 0001:00014c59       ___BuildCatchObject        10015c59 f   LIBCMT:frame.obj
 0001:00015194       ??0bad_exception@std@@QAE@ABV01@@Z 10016194 f i LIBCMT:frame.obj
 0001:000151b1       ___InternalCxxFrameHandler 100161b1 f   LIBCMT:frame.obj
 0001:00015297       ?terminate@@YAXXZ          10016297 f   LIBCMT:hooks.obj
 0001:000152d0       ?unexpected@@YAXXZ         100162d0 f   LIBCMT:hooks.obj
 0001:000152e3       ?_inconsistency@@YAXXZ     100162e3 f   LIBCMT:hooks.obj
 0001:0001531b       __initp_eh_hooks           1001631b f   LIBCMT:hooks.obj
 0001:00015330       __CallSettingFrame@12      10016330 f   LIBCMT:lowhelpr.obj
 0001:00015357       __NLG_Return               10016357     LIBCMT:lowhelpr.obj
 0001:00015403       __VEC_memcpy               10016403 f   LIBCMT:p4_memcpy.obj
 0001:00015536       __get_sse2_info            10016536 f   LIBCMT:cpu_disp.obj
 0001:00015598       ___sse2_available_init     10016598 f   LIBCMT:cpu_disp.obj
 0001:000155a5       __lseeki64_nolock          100165a5 f   LIBCMT:lseeki64.obj
 0001:0001562a       __lseeki64                 1001662a f   LIBCMT:lseeki64.obj
 0001:00015743       __write_nolock             10016743 f   LIBCMT:write.obj
 0001:00015e76       __write                    10016e76 f   LIBCMT:write.obj
 0001:00015f52       __getbuf                   10016f52 f   LIBCMT:_getbuf.obj
 0001:00015f9b       __isatty                   10016f9b f   LIBCMT:isatty.obj
 0001:00015fff       ___iob_func                10016fff f   LIBCMT:_file.obj
 0001:00016005       ___initstdio               10017005 f   LIBCMT:_file.obj
 0001:000160b6       ___endstdio                100170b6 f   LIBCMT:_file.obj
 0001:000160d6       __lock_file                100170d6 f   LIBCMT:_file.obj
 0001:00016117       __lock_file2               10017117 f   LIBCMT:_file.obj
 0001:00016149       __unlock_file              10017149 f   LIBCMT:_file.obj
 0001:00016185       __unlock_file2             10017185 f   LIBCMT:_file.obj
 0001:000161b4       __fileno                   100171b4 f   LIBCMT:fileno.obj
 0001:000161e6       __initp_misc_cfltcvt_tab   100171e6 f   LIBCMT:cmiscdat.obj
 0001:00016207       __get_printf_count_output  10017207 f   LIBCMT:printf.obj
 0001:0001621d       __wctomb_s_l               1001721d f   LIBCMT:wctomb.obj
 0001:00016389       _wctomb_s                  10017389 f   LIBCMT:wctomb.obj
 0001:000163b0       __aulldvrm                 100173b0 f   LIBCMT:ulldvrm.obj
 0001:00016445       __NMSG_WRITE               10017445 f   LIBCMT:crt0msg.obj
 0001:000165f0       __FF_MSGBANNER             100175f0 f   LIBCMT:crt0msg.obj
 0001:00016629       __initp_misc_initcrit      10017629 f   LIBCMT:initcrit.obj
 0001:00016638       ___crtInitCritSecAndSpinCount 10017638 f   LIBCMT:initcrit.obj
 0001:00016698       __local_unwind4            10017698 f   LIBCMT:exsup4.obj
 0001:0001676e       __seh_longjmp_unwind4@4    1001776e f   LIBCMT:exsup4.obj
 0001:0001678a       @_EH4_CallFilterFunc@8     1001778a f   LIBCMT:exsup4.obj
 0001:000167a1       @_EH4_TransferToHandler@8  100177a1 f   LIBCMT:exsup4.obj
 0001:000167ba       @_EH4_GlobalUnwind@4       100177ba f   LIBCMT:exsup4.obj
 0001:000167d4       @_EH4_LocalUnwind@16       100177d4 f   LIBCMT:exsup4.obj
 0001:000167f0       __ValidateImageBase        100177f0 f   LIBCMT:pesect.obj
 0001:00016830       __FindPESection            10017830 f   LIBCMT:pesect.obj
 0001:00016880       __IsNonwritableInCurrentImage 10017880 f   LIBCMT:pesect.obj
 0001:00016994       __VEC_memzero              10017994 f   LIBCMT:p4_memset.obj
 0001:00016bdd       ___crtGetStringTypeA       10017bdd f   LIBCMT:a_str.obj
 0001:00016c1f       ___free_lc_time            10017c1f f   LIBCMT:inittime.obj
 0001:00016db4       ___free_lconv_num          10017db4 f   LIBCMT:initnum.obj
 0001:00016df9       ___free_lconv_mon          10017df9 f   LIBCMT:initmon.obj
 0001:00016e87       _strcat_s                  10017e87 f   LIBCMT:strcat_s.obj
 0001:00016f00       _strcspn                   10017f00 f   LIBCMT:strcspn.obj
 0001:00016f46       _strncpy_s                 10017f46 f   LIBCMT:strncpy_s.obj
 0001:00017000       _strpbrk                   10018000 f   LIBCMT:strpbrk.obj
 0001:00017040       ___ansicp                  10018040 f   LIBCMT:convrtcp.obj
 0001:00017089       ___convertcp               10018089 f   LIBCMT:convrtcp.obj
 0001:00017240       __alloca_probe_16          10018240 f   LIBCMT:alloca16.obj
 0001:00017256       __alloca_probe_8           10018256     LIBCMT:alloca16.obj
 0001:0001726c       __msize                    1001826c f   LIBCMT:msize.obj
 0001:0001730f       __calloc_impl              1001830f f   LIBCMT:calloc_impl.obj
 0001:0001742d       _realloc                   1001842d f   LIBCMT:realloc.obj
 0001:00017648       __initp_misc_winsig        10018648 f   LIBCMT:winsig.obj
 0001:0001769d       ___get_sigabrt             1001869d f   LIBCMT:winsig.obj
 0001:000176aa       _raise                     100186aa f   LIBCMT:winsig.obj
 0001:0001785a       __initp_misc_rand_s        1001885a f   LIBCMT:rand_s.obj
 0001:00017869       __initp_misc_purevirt      10018869 f   LIBCMT:inithelp.obj
 0001:000178cb       __ismbblead                100188cb f   LIBCMT:ismbbyte.obj
 0001:000178e3       ?_ValidateRead@@YAHPBXI@Z  100188e3 f   LIBCMT:validate.obj
 0001:000178e3       ?_ValidateExecute@@YAHP6GHXZ@Z 100188e3 f   LIBCMT:validate.obj
 0001:000178e3       ?_ValidateWrite@@YAHPAXI@Z 100188e3 f   LIBCMT:validate.obj
 0001:000178f5       _abort                     100188f5 f   LIBCMT:abort.obj
 0001:00017a0c       __global_unwind2           10018a0c f   LIBCMT:exsup.obj
 0001:00017a71       __local_unwind2            10018a71 f   LIBCMT:exsup.obj
 0001:00017af5       __abnormal_termination     10018af5 f   LIBCMT:exsup.obj
 0001:00017b18       __NLG_Notify1              10018b18 f   LIBCMT:exsup.obj
 0001:00017b21       __NLG_Notify               10018b21 f   LIBCMT:exsup.obj
 0001:00017b38       __NLG_Dispatch2            10018b38     LIBCMT:exsup.obj
 0001:00017b38       __NLG_Dispatch             10018b38     LIBCMT:exsup.obj
 0001:00017b40       __NLG_Call                 10018b40 f   LIBCMT:exsup.obj
 0001:00017b42       __NLG_Return2              10018b42     LIBCMT:exsup.obj
 0001:00017b43       __free_osfhnd              10018b43 f   LIBCMT:osfinfo.obj
 0001:00017bc9       __get_osfhandle            10018bc9 f   LIBCMT:osfinfo.obj
 0001:00017c40       ___lock_fhandle            10018c40 f   LIBCMT:osfinfo.obj
 0001:00017ce0       __unlock_fhandle           10018ce0 f   LIBCMT:osfinfo.obj
 0001:00017d07       __putwch_nolock            10018d07 f   LIBCMT:putwch.obj
 0001:00017dcc       __mbtowc_l                 10018dcc f   LIBCMT:mbtowc.obj
 0001:00017ee3       _mbtowc                    10018ee3 f   LIBCMT:mbtowc.obj
 0001:00017f00       __chkstk                   10018f00 f   LIBCMT:chkstk.obj
 0001:00017f00       __alloca_probe             10018f00     LIBCMT:chkstk.obj
 0001:00017f2b       __fcloseall                10018f2b f   LIBCMT:closeall.obj
 0001:00017fca       __flush                    10018fca f   LIBCMT:fflush.obj
 0001:00018032       __fflush_nolock            10019032 f   LIBCMT:fflush.obj
 0001:00018154       __flushall                 10019154 f   LIBCMT:fflush.obj
 0001:0001815d       __fptrap                   1001915d f   LIBCMT:crt0fp.obj
 0001:00018395       _strtol                    10019395 f   LIBCMT:strtol.obj
 0001:000183c0       ___crtMessageBoxA          100193c0 f   LIBCMT:crtmbox.obj
 0001:00018529       __set_error_mode           10019529 f   LIBCMT:errmode.obj
 0001:00018574       _atol                      10019574 f   LIBCMT:atox.obj
 0001:00018590       __allmul                   10019590 f   LIBCMT:llmul.obj
 0001:000185c4       __isdigit_l                100195c4 f i LIBCMT:_ctype.obj
 0001:00018615       _isdigit                   10019615 f i LIBCMT:_ctype.obj
 0001:00018643       ___initconout              10019643 f   LIBCMT:initcon.obj
 0001:00018662       ___termcon                 10019662 f   LIBCMT:initcon.obj
 0001:0001868f       __fclose_nolock            1001968f f   LIBCMT:fclose.obj
 0001:00018706       _fclose                    10019706 f   LIBCMT:fclose.obj
 0001:00018782       __commit                   10019782 f   LIBCMT:commit.obj
 0001:00018863       __tolower_l                10019863 f   LIBCMT:tolower.obj
 0001:00018978       _tolower                   10019978 f   LIBCMT:tolower.obj
 0001:000189b0       ___ascii_strnicmp          100199b0 f   LIBCMT:_strnicm.obj
 0001:00018a11       __close_nolock             10019a11 f   LIBCMT:close.obj
 0001:00018aad       __close                    10019aad f   LIBCMT:close.obj
 0001:00018b7a       __freebuf                  10019b7a f   LIBCMT:_freebuf.obj
 0001:00018bc0       _strchr                    10019bc0 f   LIBCMT:strchr.obj
 0001:00018bc6       ___from_strstr_to_strchr   10019bc6     LIBCMT:strchr.obj
 0001:00018c7e       _RtlUnwind@16              10019c7e f   kernel32:KERNEL32.dll
 0001:00018c84       __cfltcvt_init             10019c84 f   LIBCMT:_fpinit_.obj
 0001:00018ce4       __fpmath                   10019ce4 f   LIBCMT:_fpinit_.obj
 0001:00018d10       __ftol2_sse                10019d10 f   LIBCMT:ftol2.obj
 0001:00018d19       __ftol2_pentium4           10019d19 f   LIBCMT:ftol2.obj
 0001:00018d2c       __ftol2_sse_excpt          10019d2c f   LIBCMT:ftol2.obj
 0001:00018d46       __ftol2                    10019d46 f   LIBCMT:ftol2.obj
 0001:00018dbb       __forcdecpt_l              10019dbb f   LIBCMT:cvt.obj
 0001:00018e2e       __cropzeros_l              10019e2e f   LIBCMT:cvt.obj
 0001:00018eb0       __positive                 10019eb0 f   LIBCMT:cvt.obj
 0001:00018ecc       __fassign_l                10019ecc f   LIBCMT:cvt.obj
 0001:00018f0e       __fassign                  10019f0e f   LIBCMT:cvt.obj
 0001:00018f47       __forcdecpt                10019f47 f   LIBCMT:cvt.obj
 0001:00018f5a       __cropzeros                10019f5a f   LIBCMT:cvt.obj
 0001:000190dc       __cftoe_l                  1001a0dc f   LIBCMT:cvt.obj
 0001:000191ac       __cftoe                    1001a1ac f   LIBCMT:cvt.obj
 0001:000191cc       __cftoa_l                  1001a1cc f   LIBCMT:cvt.obj
 0001:00019636       __cftof_l                  1001a636 f   LIBCMT:cvt.obj
 0001:000196f1       __cftog_l                  1001a6f1 f   LIBCMT:cvt.obj
 0001:000197eb       __cfltcvt_l                1001a7eb f   LIBCMT:cvt.obj
 0001:00019873       __cfltcvt                  1001a873 f   LIBCMT:cvt.obj
 0001:00019896       __setdefaultprecision      1001a896 f   LIBCMT:fp8.obj
 0001:000198c1       __ms_p5_test_fdiv          1001a8c1 f   LIBCMT:_testfdiv_.obj
 0001:000198ff       __ms_p5_mp_test_fdiv       1001a8ff f   LIBCMT:_testfdiv_.obj
 0001:00019930       _strrchr                   1001a930 f   LIBCMT:strrchr.obj
 0001:0001995d       __atodbl_l                 1001a95d f   LIBCMT:atodbl.obj
 0001:00019a05       __atoflt_l                 1001aa05 f   LIBCMT:atodbl.obj
 0001:00019aad       __fptostr                  1001aaad f   LIBCMT:_fptostr.obj
 0001:00019b6c       ___dtold                   1001ab6c f   LIBCMT:_cfout_.obj
 0001:00019c29       __fltout2                  1001ac29 f   LIBCMT:_cfout_.obj
 0001:00019cc0       __alldvrm                  1001acc0 f   LIBCMT:lldvrm.obj
 0001:00019da0       __aullshr                  1001ada0 f   LIBCMT:ullshr.obj
 0001:00019dbf       __controlfp_s              1001adbf f   LIBCMT:_contrlfp_.obj
 0001:00019e2b       __ld12tod                  1001ae2b f   LIBCMT:_intrncvt_.obj
 0001:0001a36f       __ld12tof                  1001b36f f   LIBCMT:_intrncvt_.obj
 0001:0001a8b3       ___strgtold12_l            1001b8b3 f   LIBCMT:_strgtold_.obj
 0001:0001afab       _$I10_OUTPUT               1001bfab f   LIBCMT:_x10fout_.obj
 0001:0001b9fd       __control87                1001c9fd f i LIBCMT:_ieee87_.obj
 0001:0001bd0c       ___mtold12                 1001cd0c f   LIBCMT:_mantold_.obj
 0001:0001beda       ___set_fpsr_sse2           1001ceda f   LIBCMT:_fpctrl_.obj
 0002:00000000       __imp__GetProcAddress@8    1001e000     kernel32:KERNEL32.dll
 0002:00000004       __imp__LoadLibraryA@4      1001e004     kernel32:KERNEL32.dll
 0002:00000008       __imp__CreateFileA@28      1001e008     kernel32:KERNEL32.dll
 0002:0000000c       __imp__SetFilePointer@16   1001e00c     kernel32:KERNEL32.dll
 0002:00000010       __imp__CloseHandle@4       1001e010     kernel32:KERNEL32.dll
 0002:00000014       __imp__GetLastError@0      1001e014     kernel32:KERNEL32.dll
 0002:00000018       __imp__HeapFree@12         1001e018     kernel32:KERNEL32.dll
 0002:0000001c       __imp__TerminateProcess@8  1001e01c     kernel32:KERNEL32.dll
 0002:00000020       __imp__GetCurrentProcess@0 1001e020     kernel32:KERNEL32.dll
 0002:00000024       __imp__UnhandledExceptionFilter@4 1001e024     kernel32:KERNEL32.dll
 0002:00000028       __imp__SetUnhandledExceptionFilter@4 1001e028     kernel32:KERNEL32.dll
 0002:0000002c       __imp__IsDebuggerPresent@0 1001e02c     kernel32:KERNEL32.dll
 0002:00000030       __imp__GetCurrentThreadId@0 1001e030     kernel32:KERNEL32.dll
 0002:00000034       __imp__GetCommandLineA@0   1001e034     kernel32:KERNEL32.dll
 0002:00000038       __imp__RaiseException@16   1001e038     kernel32:KERNEL32.dll
 0002:0000003c       __imp__RtlUnwind@16        1001e03c     kernel32:KERNEL32.dll
 0002:00000040       __imp__HeapAlloc@12        1001e040     kernel32:KERNEL32.dll
 0002:00000044       __imp__HeapCreate@12       1001e044     kernel32:KERNEL32.dll
 0002:00000048       __imp__HeapDestroy@4       1001e048     kernel32:KERNEL32.dll
 0002:0000004c       __imp__VirtualFree@12      1001e04c     kernel32:KERNEL32.dll
 0002:00000050       __imp__DeleteCriticalSection@4 1001e050     kernel32:KERNEL32.dll
 0002:00000054       __imp__LeaveCriticalSection@4 1001e054     kernel32:KERNEL32.dll
 0002:00000058       __imp__EnterCriticalSection@4 1001e058     kernel32:KERNEL32.dll
 0002:0000005c       __imp__VirtualAlloc@16     1001e05c     kernel32:KERNEL32.dll
 0002:00000060       __imp__HeapReAlloc@16      1001e060     kernel32:KERNEL32.dll
 0002:00000064       __imp__GetModuleHandleW@4  1001e064     kernel32:KERNEL32.dll
 0002:00000068       __imp__TlsGetValue@4       1001e068     kernel32:KERNEL32.dll
 0002:0000006c       __imp__TlsAlloc@0          1001e06c     kernel32:KERNEL32.dll
 0002:00000070       __imp__TlsSetValue@8       1001e070     kernel32:KERNEL32.dll
 0002:00000074       __imp__TlsFree@4           1001e074     kernel32:KERNEL32.dll
 0002:00000078       __imp__InterlockedIncrement@4 1001e078     kernel32:KERNEL32.dll
 0002:0000007c       __imp__SetLastError@4      1001e07c     kernel32:KERNEL32.dll
 0002:00000080       __imp__InterlockedDecrement@4 1001e080     kernel32:KERNEL32.dll
 0002:00000084       __imp__GetCPInfo@8         1001e084     kernel32:KERNEL32.dll
 0002:00000088       __imp__GetACP@0            1001e088     kernel32:KERNEL32.dll
 0002:0000008c       __imp__GetOEMCP@0          1001e08c     kernel32:KERNEL32.dll
 0002:00000090       __imp__IsValidCodePage@4   1001e090     kernel32:KERNEL32.dll
 0002:00000094       __imp__LCMapStringA@24     1001e094     kernel32:KERNEL32.dll
 0002:00000098       __imp__WideCharToMultiByte@32 1001e098     kernel32:KERNEL32.dll
 0002:0000009c       __imp__MultiByteToWideChar@24 1001e09c     kernel32:KERNEL32.dll
 0002:000000a0       __imp__LCMapStringW@24     1001e0a0     kernel32:KERNEL32.dll
 0002:000000a4       __imp__Sleep@4             1001e0a4     kernel32:KERNEL32.dll
 0002:000000a8       __imp__ExitProcess@4       1001e0a8     kernel32:KERNEL32.dll
 0002:000000ac       __imp__SetHandleCount@4    1001e0ac     kernel32:KERNEL32.dll
 0002:000000b0       __imp__GetStdHandle@4      1001e0b0     kernel32:KERNEL32.dll
 0002:000000b4       __imp__GetFileType@4       1001e0b4     kernel32:KERNEL32.dll
 0002:000000b8       __imp__GetStartupInfoA@4   1001e0b8     kernel32:KERNEL32.dll
 0002:000000bc       __imp__GetModuleFileNameA@12 1001e0bc     kernel32:KERNEL32.dll
 0002:000000c0       __imp__FreeEnvironmentStringsA@4 1001e0c0     kernel32:KERNEL32.dll
 0002:000000c4       __imp__GetEnvironmentStrings@0 1001e0c4     kernel32:KERNEL32.dll
 0002:000000c8       __imp__FreeEnvironmentStringsW@4 1001e0c8     kernel32:KERNEL32.dll
 0002:000000cc       __imp__GetEnvironmentStringsW@0 1001e0cc     kernel32:KERNEL32.dll
 0002:000000d0       __imp__QueryPerformanceCounter@4 1001e0d0     kernel32:KERNEL32.dll
 0002:000000d4       __imp__GetTickCount@0      1001e0d4     kernel32:KERNEL32.dll
 0002:000000d8       __imp__GetCurrentProcessId@0 1001e0d8     kernel32:KERNEL32.dll
 0002:000000dc       __imp__GetSystemTimeAsFileTime@4 1001e0dc     kernel32:KERNEL32.dll
 0002:000000e0       __imp__WriteFile@20        1001e0e0     kernel32:KERNEL32.dll
 0002:000000e4       __imp__GetConsoleCP@0      1001e0e4     kernel32:KERNEL32.dll
 0002:000000e8       __imp__GetConsoleMode@8    1001e0e8     kernel32:KERNEL32.dll
 0002:000000ec       __imp__InitializeCriticalSectionAndSpinCount@8 1001e0ec     kernel32:KERNEL32.dll
 0002:000000f0       __imp__GetStringTypeA@20   1001e0f0     kernel32:KERNEL32.dll
 0002:000000f4       __imp__GetStringTypeW@16   1001e0f4     kernel32:KERNEL32.dll
 0002:000000f8       __imp__GetLocaleInfoA@16   1001e0f8     kernel32:KERNEL32.dll
 0002:000000fc       __imp__HeapSize@12         1001e0fc     kernel32:KERNEL32.dll
 0002:00000100       __imp__SetStdHandle@8      1001e100     kernel32:KERNEL32.dll
 0002:00000104       __imp__WriteConsoleA@20    1001e104     kernel32:KERNEL32.dll
 0002:00000108       __imp__GetConsoleOutputCP@0 1001e108     kernel32:KERNEL32.dll
 0002:0000010c       __imp__WriteConsoleW@20    1001e10c     kernel32:KERNEL32.dll
 0002:00000110       __imp__FlushFileBuffers@4  1001e110     kernel32:KERNEL32.dll
 0002:00000114       __imp__GetModuleHandleA@4  1001e114     kernel32:KERNEL32.dll
 0002:00000118       \177KERNEL32_NULL_THUNK_DATA 1001e118     kernel32:KERNEL32.dll
 0002:0000011c       __imp__GetKeyState@4       1001e11c     user32:USER32.dll
 0002:00000120       \177USER32_NULL_THUNK_DATA 1001e120     user32:USER32.dll
 0002:00000124       ___xc_a                    1001e124     LIBCMT:crt0init.obj
 0002:00000128       ___xc_z                    1001e128     LIBCMT:crt0init.obj
 0002:0000012c       ___xi_a                    1001e12c     LIBCMT:crt0init.obj
 0002:00000140       ___xi_z                    1001e140     LIBCMT:crt0init.obj
 0002:00000144       ___xp_a                    1001e144     LIBCMT:crt0init.obj
 0002:00000150       ___xp_z                    1001e150     LIBCMT:crt0init.obj
 0002:00000154       ___xt_a                    1001e154     LIBCMT:crt0init.obj
 0002:00000158       ___xt_z                    1001e158     LIBCMT:crt0init.obj
 0002:00000180       ??_7bad_alloc@std@@6B@     1001e180     libcpmt:string.obj
 0002:0000018c       ??_7logic_error@std@@6B@   1001e18c     libcpmt:string.obj
 0002:00000198       ??_7length_error@std@@6B@  1001e198     libcpmt:string.obj
 0002:000001a4       ??_7out_of_range@std@@6B@  1001e1a4     libcpmt:string.obj
 0002:000001ac       ??_C@_0BA@JFNIOLAK@string?5too?5long?$AA@ 1001e1ac     libcpmt:string.obj
 0002:000001bc       ??_C@_0BI@CFPLBAOH@invalid?5string?5position?$AA@ 1001e1bc     libcpmt:string.obj
 0002:000001d8       ??_7exception@std@@6B@     1001e1d8     LIBCMT:stdexcpt.obj
 0002:000001e0       ??_C@_0BC@EOODALEL@Unknown?5exception?$AA@ 1001e1e0     LIBCMT:stdexcpt.obj
 0002:000001f8       ??_7type_info@@6B@         1001e1f8     LIBCMT:typinfo.obj
 0002:000001fc       __pDefaultRawDllMain       1001e1fc     LIBCMT:dllcrt0.obj
 0002:000001fc       __pRawDllMain              1001e1fc     LIBCMT:dllcrt0.obj
 0002:00000228       ??_C@_1O@CEDCILHN@?$AA?$CI?$AAn?$AAu?$AAl?$AAl?$AA?$CJ?$AA?$AA@ 1001e228     LIBCMT:output.obj
 0002:00000238       ??_C@_06OJHGLDPL@?$CInull?$CJ?$AA@ 1001e238     LIBCMT:output.obj
 0002:00000240       ___lookuptable             1001e240     LIBCMT:output.obj
 0002:0000029c       ??_C@_0O@NLDKAIKN@EncodePointer?$AA@ 1001e29c     LIBCMT:tidtable.obj
 0002:000002ac       ??_C@_1BK@DBDEIDLH@?$AAK?$AAE?$AAR?$AAN?$AAE?$AAL?$AA3?$AA2?$AA?4?$AAD?$AAL?$AAL?$AA?$AA@ 1001e2ac     LIBCMT:tidtable.obj
 0002:000002c8       ??_C@_0O@KBPMFGHI@DecodePointer?$AA@ 1001e2c8     LIBCMT:tidtable.obj
 0002:000002d8       ??_C@_07PEJMOBNF@FlsFree?$AA@ 1001e2d8     LIBCMT:tidtable.obj
 0002:000002e0       ??_C@_0M@JCPCPOEF@FlsSetValue?$AA@ 1001e2e0     LIBCMT:tidtable.obj
 0002:000002ec       ??_C@_0M@GDNOONDI@FlsGetValue?$AA@ 1001e2ec     LIBCMT:tidtable.obj
 0002:000002f8       ??_C@_08KNHFBNJ@FlsAlloc?$AA@ 1001e2f8     LIBCMT:tidtable.obj
 0002:00000388       ??_C@_01NEMOKFLO@?$DN?$AA@ 1001e388     LIBCMT:setlocal.obj
 0002:0000038c       ??_C@_13NOLLCAOD@?$AA?$AA?$AA?$AA@ 1001e38c     LIBCMT:a_map.obj
 0002:00000390       ??_C@_0P@MIGLKIOC@CorExitProcess?$AA@ 1001e390     LIBCMT:crt0dat.obj
 0002:000003a0       ??_C@_1BI@BGOHAHKC@?$AAm?$AAs?$AAc?$AAo?$AAr?$AAe?$AAe?$AA?4?$AAd?$AAl?$AAl?$AA?$AA@ 1001e3a0     LIBCMT:crt0dat.obj
 0002:000003b8       __XcptActTab               1001e3b8     LIBCMT:winxfltr.obj
 0002:00000430       __pDestructExceptionObject 1001e430     LIBCMT:frame.obj
 0002:00000438       ??_7bad_exception@std@@6B@ 1001e438     LIBCMT:frame.obj
 0002:00000440       ??_C@_0O@DPKOEFFH@bad?5exception?$AA@ 1001e440     LIBCMT:frame.obj
 0002:00000450       ___lookuptable_s           1001e450     LIBCMT:outputs.obj
 0002:000004ac       ??_C@_0P@GGKDKEEG@runtime?5error?5?$AA@ 1001e4ac     LIBCMT:crt0msg.obj
 0002:000004bc       ??_C@_02PCIJFNDE@?$AN?6?$AA@ 1001e4bc     LIBCMT:crt0msg.obj
 0002:000004c0       ??_C@_0O@MJNIPGOH@TLOSS?5error?$AN?6?$AA@ 1001e4c0     LIBCMT:crt0msg.obj
 0002:000004d0       ??_C@_0N@BONNPDHF@SING?5error?$AN?6?$AA@ 1001e4d0     LIBCMT:crt0msg.obj
 0002:000004e0       ??_C@_0P@MBDAJNE@DOMAIN?5error?$AN?6?$AA@ 1001e4e0     LIBCMT:crt0msg.obj
 0002:000004f0       ??_C@_0JL@DFDOOABL@R6034?$AN?6An?5application?5has?5made?5a@ 1001e4f0     LIBCMT:crt0msg.obj
 0002:00000590       ??_C@_0PH@EPAFIJ@R6033?$AN?6?9?5Attempt?5to?5use?5MSIL?5cod@ 1001e590     LIBCMT:crt0msg.obj
 0002:00000688       ??_C@_0DD@BKEEABMM@R6032?$AN?6?9?5not?5enough?5space?5for?5lo@ 1001e688     LIBCMT:crt0msg.obj
 0002:000006c0       ??_C@_0GD@OFKILIED@R6031?$AN?6?9?5Attempt?5to?5initialize?5t@ 1001e6c0     LIBCMT:crt0msg.obj
 0002:00000724       ??_C@_0BP@LPMHJOKI@R6030?$AN?6?9?5CRT?5not?5initialized?$AN?6?$AA@ 1001e724     LIBCMT:crt0msg.obj
 0002:00000744       ??_C@_0CF@KJDAIALP@R6028?$AN?6?9?5unable?5to?5initialize?5he@ 1001e744     LIBCMT:crt0msg.obj
 0002:0000076c       ??_C@_0DF@GAKBPDFP@R6027?$AN?6?9?5not?5enough?5space?5for?5lo@ 1001e76c     LIBCMT:crt0msg.obj
 0002:000007a4       ??_C@_0DF@IBLNNAIG@R6026?$AN?6?9?5not?5enough?5space?5for?5st@ 1001e7a4     LIBCMT:crt0msg.obj
 0002:000007dc       ??_C@_0CG@IOHKGFNJ@R6025?$AN?6?9?5pure?5virtual?5function?5c@ 1001e7dc     LIBCMT:crt0msg.obj
 0002:00000804       ??_C@_0DF@JIJJFJDC@R6024?$AN?6?9?5not?5enough?5space?5for?5_o@ 1001e804     LIBCMT:crt0msg.obj
 0002:0000083c       ??_C@_0CJ@EGEJHFME@R6019?$AN?6?9?5unable?5to?5open?5console?5@ 1001e83c     LIBCMT:crt0msg.obj
 0002:00000868       ??_C@_0CB@GNHNIELH@R6018?$AN?6?9?5unexpected?5heap?5error?$AN?6@ 1001e868     LIBCMT:crt0msg.obj
 0002:0000088c       ??_C@_0CN@FOLDKNG@R6017?$AN?6?9?5unexpected?5multithread?5@ 1001e88c     LIBCMT:crt0msg.obj
 0002:000008bc       ??_C@_0CM@FAHFJNHO@R6016?$AN?6?9?5not?5enough?5space?5for?5th@ 1001e8bc     LIBCMT:crt0msg.obj
 0002:000008e8       ??_C@_0JG@LBKMGKLD@?$AN?6This?5application?5has?5requested@ 1001e8e8     LIBCMT:crt0msg.obj
 0002:00000980       ??_C@_0CM@FLCNIPKK@R6009?$AN?6?9?5not?5enough?5space?5for?5en@ 1001e980     LIBCMT:crt0msg.obj
 0002:000009ac       ??_C@_0CK@KMMJOAPP@R6008?$AN?6?9?5not?5enough?5space?5for?5ar@ 1001e9ac     LIBCMT:crt0msg.obj
 0002:000009d8       ??_C@_0CN@LEKKICBM@R6002?$AN?6?9?5floating?5point?5support?5@ 1001e9d8     LIBCMT:crt0msg.obj
 0002:00000a08       ??_C@_0CF@GOGNBNAK@Microsoft?5Visual?5C?$CL?$CL?5Runtime?5Lib@ 1001ea08     LIBCMT:crt0msg.obj
 0002:00000a30       ??_C@_02PHMGELLB@?6?6?$AA@ 1001ea30     LIBCMT:crt0msg.obj
 0002:00000a34       ??_C@_03KHICJKCI@?4?4?4?$AA@ 1001ea34     LIBCMT:crt0msg.obj
 0002:00000a38       ??_C@_0BH@DNAGHKFM@?$DMprogram?5name?5unknown?$DO?$AA@ 1001ea38     LIBCMT:crt0msg.obj
 0002:00000a50       ??_C@_0BK@OFGJDLJJ@Runtime?5Error?$CB?6?6Program?3?5?$AA@ 1001ea50     LIBCMT:crt0msg.obj
 0002:00000a70       ___newctype                1001ea70     LIBCMT:ctype.obj
 0002:00000d70       __wctype                   1001ed70     LIBCMT:ctype.obj
 0002:00000f78       ___newclmap                1001ef78     LIBCMT:ctype.obj
 0002:000010f8       ___newcumap                1001f0f8     LIBCMT:ctype.obj
 0002:00001278       ??_C@_08JCCMCCIL@HH?3mm?3ss?$AA@ 1001f278     LIBCMT:strftime.obj
 0002:00001284       ??_C@_0BE@CKGJFCPC@dddd?0?5MMMM?5dd?0?5yyyy?$AA@ 1001f284     LIBCMT:strftime.obj
 0002:00001298       ??_C@_08BPBNCDIB@MM?1dd?1yy?$AA@ 1001f298     LIBCMT:strftime.obj
 0002:000012a4       ??_C@_02CJNFDJBF@PM?$AA@   1001f2a4     LIBCMT:strftime.obj
 0002:000012a8       ??_C@_02DEDBPAFC@AM?$AA@   1001f2a8     LIBCMT:strftime.obj
 0002:000012ac       ??_C@_08EDHMEBNP@December?$AA@ 1001f2ac     LIBCMT:strftime.obj
 0002:000012b8       ??_C@_08HCHEGEOA@November?$AA@ 1001f2b8     LIBCMT:strftime.obj
 0002:000012c4       ??_C@_07JJNFCEND@October?$AA@ 1001f2c4     LIBCMT:strftime.obj
 0002:000012cc       ??_C@_09BHHEALKD@September?$AA@ 1001f2cc     LIBCMT:strftime.obj
 0002:000012d8       ??_C@_06LBBHFDDG@August?$AA@ 1001f2d8     LIBCMT:strftime.obj
 0002:000012e0       ??_C@_04MIEPOIFP@July?$AA@ 1001f2e0     LIBCMT:strftime.obj
 0002:000012e8       ??_C@_04CNLMGBGM@June?$AA@ 1001f2e8     LIBCMT:strftime.obj
 0002:000012f0       ??_C@_05DMJDNLEJ@April?$AA@ 1001f2f0     LIBCMT:strftime.obj
 0002:000012f8       ??_C@_05HPCKOFNC@March?$AA@ 1001f2f8     LIBCMT:strftime.obj
 0002:00001300       ??_C@_08GNJGEPFN@February?$AA@ 1001f300     LIBCMT:strftime.obj
 0002:0000130c       ??_C@_07CGJPFGJA@January?$AA@ 1001f30c     LIBCMT:strftime.obj
 0002:00001314       ??_C@_03MKABNOCG@Dec?$AA@  1001f314     LIBCMT:strftime.obj
 0002:00001318       ??_C@_03JPJOFNIA@Nov?$AA@  1001f318     LIBCMT:strftime.obj
 0002:0000131c       ??_C@_03BMAOKBAD@Oct?$AA@  1001f31c     LIBCMT:strftime.obj
 0002:00001320       ??_C@_03GGCAPAJC@Sep?$AA@  1001f320     LIBCMT:strftime.obj
 0002:00001324       ??_C@_03IFJFEIGA@Aug?$AA@  1001f324     LIBCMT:strftime.obj
 0002:00001328       ??_C@_03LBGABGKK@Jul?$AA@  1001f328     LIBCMT:strftime.obj
 0002:0000132c       ??_C@_03IDFGHECI@Jun?$AA@  1001f32c     LIBCMT:strftime.obj
 0002:00001330       ??_C@_03CNMDKL@May?$AA@    1001f330     LIBCMT:strftime.obj
 0002:00001334       ??_C@_03LEOLGMJP@Apr?$AA@  1001f334     LIBCMT:strftime.obj
 0002:00001338       ??_C@_03ODNJBKGA@Mar?$AA@  1001f338     LIBCMT:strftime.obj
 0002:0000133c       ??_C@_03HJBDCHOM@Feb?$AA@  1001f33c     LIBCMT:strftime.obj
 0002:00001340       ??_C@_03JIHJHPIE@Jan?$AA@  1001f340     LIBCMT:strftime.obj
 0002:00001344       ??_C@_08INBOOONO@Saturday?$AA@ 1001f344     LIBCMT:strftime.obj
 0002:00001350       ??_C@_06JECMNKMI@Friday?$AA@ 1001f350     LIBCMT:strftime.obj
 0002:00001358       ??_C@_08HACCIKIA@Thursday?$AA@ 1001f358     LIBCMT:strftime.obj
 0002:00001364       ??_C@_09DLIGFAKA@Wednesday?$AA@ 1001f364     LIBCMT:strftime.obj
 0002:00001370       ??_C@_07BAAGCFCM@Tuesday?$AA@ 1001f370     LIBCMT:strftime.obj
 0002:00001378       ??_C@_06JLEDEDGH@Monday?$AA@ 1001f378     LIBCMT:strftime.obj
 0002:00001380       ??_C@_06OOPIFAJ@Sunday?$AA@ 1001f380     LIBCMT:strftime.obj
 0002:00001388       ??_C@_03FEFJNEK@Sat?$AA@   1001f388     LIBCMT:strftime.obj
 0002:0000138c       ??_C@_03IDIOELNC@Fri?$AA@  1001f38c     LIBCMT:strftime.obj
 0002:00001390       ??_C@_03IOFIKPDN@Thu?$AA@  1001f390     LIBCMT:strftime.obj
 0002:00001394       ??_C@_03MHOMLAJA@Wed?$AA@  1001f394     LIBCMT:strftime.obj
 0002:00001398       ??_C@_03NAGEINEP@Tue?$AA@  1001f398     LIBCMT:strftime.obj
 0002:0000139c       ??_C@_03PDAGKDH@Mon?$AA@   1001f39c     LIBCMT:strftime.obj
 0002:000013a0       ??_C@_03KOEHGMDN@Sun?$AA@  1001f3a0     LIBCMT:strftime.obj
 0002:000013a4       ??_C@_0BK@CFCOFLF@?5Complete?5Object?5Locator?8?$AA@ 1001f3a4     LIBCMT:undname.obj
 0002:000013c0       ??_C@_0BN@MECKDCOJ@?5Class?5Hierarchy?5Descriptor?8?$AA@ 1001f3c0     LIBCMT:undname.obj
 0002:000013e0       ??_C@_0BD@LGICGFMM@?5Base?5Class?5Array?8?$AA@ 1001f3e0     LIBCMT:undname.obj
 0002:000013f4       ??_C@_0BM@LDKODKLH@?5Base?5Class?5Descriptor?5at?5?$CI?$AA@ 1001f3f4     LIBCMT:undname.obj
 0002:00001410       ??_C@_0BC@DAFEJGAK@?5Type?5Descriptor?8?$AA@ 1001f410     LIBCMT:undname.obj
 0002:00001424       ??_C@_0BM@PMGGMLDN@?$GAlocal?5static?5thread?5guard?8?$AA@ 1001f424     LIBCMT:undname.obj
 0002:00001440       ??_C@_0CL@FGIJHLCE@?$GAmanaged?5vector?5copy?5constructor@ 1001f440     LIBCMT:undname.obj
 0002:0000146c       ??_C@_0CJ@GJELGAMM@?$GAvector?5vbase?5copy?5constructor?5i@ 1001f46c     LIBCMT:undname.obj
 0002:00001498       ??_C@_0CD@CGAJBKEJ@?$GAvector?5copy?5constructor?5iterato@ 1001f498     LIBCMT:undname.obj
 0002:000014bc       ??_C@_0CB@PDBIFEP@?$GAdynamic?5atexit?5destructor?5for?5?8@ 1001f4bc     LIBCMT:undname.obj
 0002:000014e0       ??_C@_0BL@CLIPGLGB@?$GAdynamic?5initializer?5for?5?8?$AA@ 1001f4e0     LIBCMT:undname.obj
 0002:000014fc       ??_C@_0CM@FCBBDIGB@?$GAeh?5vector?5vbase?5copy?5constructo@ 1001f4fc     LIBCMT:undname.obj
 0002:00001528       ??_C@_0CG@HLDDJMAG@?$GAeh?5vector?5copy?5constructor?5iter@ 1001f528     LIBCMT:undname.obj
 0002:00001550       ??_C@_0CF@IMGKMJNO@?$GAmanaged?5vector?5destructor?5itera@ 1001f550     LIBCMT:undname.obj
 0002:00001578       ??_C@_0CG@CFDHKGGD@?$GAmanaged?5vector?5constructor?5iter@ 1001f578     LIBCMT:undname.obj
 0002:000015a0       ??_C@_0BN@CKNJLHMB@?$GAplacement?5delete?$FL?$FN?5closure?8?$AA@ 1001f5a0     LIBCMT:undname.obj
 0002:000015c0       ??_C@_0BL@CNOONJFP@?$GAplacement?5delete?5closure?8?$AA@ 1001f5c0     LIBCMT:undname.obj
 0002:000015dc       ??_C@_0P@HJKNJFNN@?$GAomni?5callsig?8?$AA@ 1001f5dc     LIBCMT:undname.obj
 0002:000015ec       ??_C@_09LBNFPBCA@?5delete?$FL?$FN?$AA@ 1001f5ec     LIBCMT:undname.obj
 0002:000015f8       ??_C@_06FHBGPFGH@?5new?$FL?$FN?$AA@ 1001f5f8     LIBCMT:undname.obj
 0002:00001600       ??_C@_0CE@IIHCMGGL@?$GAlocal?5vftable?5constructor?5closu@ 1001f600     LIBCMT:undname.obj
 0002:00001624       ??_C@_0BA@KKLDJDLB@?$GAlocal?5vftable?8?$AA@ 1001f624     LIBCMT:undname.obj
 0002:00001634       ??_C@_05KHLCHHI@?$GARTTI?$AA@ 1001f634     LIBCMT:undname.obj
 0002:0000163c       ??_C@_03KLGMFNMG@?$GAEH?$AA@ 1001f63c     LIBCMT:undname.obj
 0002:00001640       ??_C@_0BA@KBCDOMBN@?$GAudt?5returning?8?$AA@ 1001f640     LIBCMT:undname.obj
 0002:00001650       ??_C@_0BL@LLKPOHJI@?$GAcopy?5constructor?5closure?8?$AA@ 1001f650     LIBCMT:undname.obj
 0002:0000166c       ??_C@_0CH@OOJPLCPH@?$GAeh?5vector?5vbase?5constructor?5ite@ 1001f66c     LIBCMT:undname.obj
 0002:00001694       ??_C@_0CA@GCEOPDGL@?$GAeh?5vector?5destructor?5iterator?8?$AA@ 1001f694     LIBCMT:undname.obj
 0002:000016b4       ??_C@_0CB@JONCMFFK@?$GAeh?5vector?5constructor?5iterator?8@ 1001f6b4     LIBCMT:undname.obj
 0002:000016d8       ??_C@_0BL@NILFHHPC@?$GAvirtual?5displacement?5map?8?$AA@ 1001f6d8     LIBCMT:undname.obj
 0002:000016f4       ??_C@_0CE@IKBNEHA@?$GAvector?5vbase?5constructor?5iterat@ 1001f6f4     LIBCMT:undname.obj
 0002:00001718       ??_C@_0BN@LFPFMEDL@?$GAvector?5destructor?5iterator?8?$AA@ 1001f718     LIBCMT:undname.obj
 0002:00001738       ??_C@_0BO@PFGOCPJJ@?$GAvector?5constructor?5iterator?8?$AA@ 1001f738     LIBCMT:undname.obj
 0002:00001758       ??_C@_0BN@IMDCHIKM@?$GAscalar?5deleting?5destructor?8?$AA@ 1001f758     LIBCMT:undname.obj
 0002:00001778       ??_C@_0BO@OBMKPJIG@?$GAdefault?5constructor?5closure?8?$AA@ 1001f778     LIBCMT:undname.obj
 0002:00001798       ??_C@_0BN@DEGPLNFK@?$GAvector?5deleting?5destructor?8?$AA@ 1001f798     LIBCMT:undname.obj
 0002:000017b8       ??_C@_0BD@JDLKDPAB@?$GAvbase?5destructor?8?$AA@ 1001f7b8     LIBCMT:undname.obj
 0002:000017cc       ??_C@_08OBABFOLI@?$GAstring?8?$AA@ 1001f7cc     LIBCMT:undname.obj
 0002:000017d8       ??_C@_0BF@KDPPACIK@?$GAlocal?5static?5guard?8?$AA@ 1001f7d8     LIBCMT:undname.obj
 0002:000017f0       ??_C@_08LLFFHHDJ@?$GAtypeof?8?$AA@ 1001f7f0     LIBCMT:undname.obj
 0002:000017fc       ??_C@_07FEEIOKP@?$GAvcall?8?$AA@ 1001f7fc     LIBCMT:undname.obj
 0002:00001804       ??_C@_09BLBHBJP@?$GAvbtable?8?$AA@ 1001f804     LIBCMT:undname.obj
 0002:00001810       ??_C@_09IFPLHPGF@?$GAvftable?8?$AA@ 1001f810     LIBCMT:undname.obj
 0002:0000181c       ??_C@_02MHEGNOJ@?$FO?$DN?$AA@ 1001f81c     LIBCMT:undname.obj
 0002:00001820       ??_C@_02DHLNPPGH@?$HM?$DN?$AA@ 1001f820     LIBCMT:undname.obj
 0002:00001824       ??_C@_02FGJGFEAB@?$CG?$DN?$AA@ 1001f824     LIBCMT:undname.obj
 0002:00001828       ??_C@_03CDNPDDLA@?$DM?$DM?$DN?$AA@ 1001f828     LIBCMT:undname.obj
 0002:0000182c       ??_C@_03IKFCCPFF@?$DO?$DO?$DN?$AA@ 1001f82c     LIBCMT:undname.obj
 0002:00001830       ??_C@_02FENAOKFI@?$CF?$DN?$AA@ 1001f830     LIBCMT:undname.obj
 0002:00001834       ??_C@_02FJEHGPIO@?1?$DN?$AA@ 1001f834     LIBCMT:undname.obj
 0002:00001838       ??_C@_02FKMDLLOA@?9?$DN?$AA@ 1001f838     LIBCMT:undname.obj
 0002:0000183c       ??_C@_02FOEOMHFC@?$CL?$DN?$AA@ 1001f83c     LIBCMT:undname.obj
 0002:00001840       ??_C@_02FPIMKNGF@?$CK?$DN?$AA@ 1001f840     LIBCMT:undname.obj
 0002:00001844       ??_C@_02NONPIBCD@?$HM?$HM?$AA@ 1001f844     LIBCMT:undname.obj
 0002:00001848       ??_C@_02PPKAJPJL@?$CG?$CG?$AA@ 1001f848     LIBCMT:undname.obj
 0002:0000184c       ??_C@_01DNKMNLPK@?$HM?$AA@ 1001f84c     LIBCMT:undname.obj
 0002:00001850       ??_C@_01JKBOJNNK@?$FO?$AA@ 1001f850     LIBCMT:undname.obj
 0002:00001854       ??_C@_01PJKLJHI@?$HO?$AA@  1001f854     LIBCMT:undname.obj
 0002:00001858       ??_C@_02HCKGKOFO@?$CI?$CJ?$AA@ 1001f858     LIBCMT:undname.obj
 0002:0000185c       ??_C@_01IHBHIGKO@?0?$AA@   1001f85c     LIBCMT:undname.obj
 0002:00001860       ??_C@_02EEKDKGMJ@?$DO?$DN?$AA@ 1001f860     LIBCMT:undname.obj
 0002:00001864       ??_C@_01PPODPGHN@?$DO?$AA@ 1001f864     LIBCMT:undname.obj
 0002:00001868       ??_C@_02EHCHHCKH@?$DM?$DN?$AA@ 1001f868     LIBCMT:undname.obj
 0002:0000186c       ??_C@_01MNNFJEPP@?$DM?$AA@ 1001f86c     LIBCMT:undname.obj
 0002:00001870       ??_C@_01FGNFDNOH@?$CF?$AA@ 1001f870     LIBCMT:undname.obj
 0002:00001874       ??_C@_01KMDKNFGN@?1?$AA@   1001f874     LIBCMT:undname.obj
 0002:00001878       ??_C@_03MNHNFDLC@?9?$DO?$CK?$AA@ 1001f878     LIBCMT:undname.obj
 0002:0000187c       ??_C@_01HNPIGOCE@?$CG?$AA@ 1001f87c     LIBCMT:undname.obj
 0002:00001880       ??_C@_01MIFGBAGJ@?$CL?$AA@ 1001f880     LIBCMT:undname.obj
 0002:00001884       ??_C@_01JOAMLHOP@?9?$AA@   1001f884     LIBCMT:undname.obj
 0002:00001888       ??_C@_02BAABKJLB@?9?9?$AA@ 1001f888     LIBCMT:undname.obj
 0002:0000188c       ??_C@_02ECNGHCIF@?$CL?$CL?$AA@ 1001f88c     LIBCMT:undname.obj
 0002:00001890       ??_C@_01NBENCBCI@?$CK?$AA@ 1001f890     LIBCMT:undname.obj
 0002:00001894       ??_C@_02HBOOOICD@?9?$DO?$AA@ 1001f894     LIBCMT:undname.obj
 0002:00001898       ??_C@_08LHJFAFGD@operator?$AA@ 1001f898     LIBCMT:undname.obj
 0002:000018a4       ??_C@_02GPECMEKF@?$FL?$FN?$AA@ 1001f8a4     LIBCMT:undname.obj
 0002:000018a8       ??_C@_02FDNJECIE@?$CB?$DN?$AA@ 1001f8a8     LIBCMT:undname.obj
 0002:000018ac       ??_C@_02EGOFBIJA@?$DN?$DN?$AA@ 1001f8ac     LIBCMT:undname.obj
 0002:000018b0       ??_C@_01DCLJPIOD@?$CB?$AA@ 1001f8b0     LIBCMT:undname.obj
 0002:000018b4       ??_C@_02FODMEDOG@?$DM?$DM?$AA@ 1001f8b4     LIBCMT:undname.obj
 0002:000018b8       ??_C@_02GPIOPFAK@?$DO?$DO?$AA@ 1001f8b8     LIBCMT:undname.obj
 0002:000018bc       ??_C@_07FPCDHGMM@?5delete?$AA@ 1001f8bc     LIBCMT:undname.obj
 0002:000018c4       ??_C@_04NIHEBCM@?5new?$AA@ 1001f8c4     LIBCMT:undname.obj
 0002:000018cc       ??_C@_0M@GFIIJFMG@__unaligned?$AA@ 1001f8cc     LIBCMT:undname.obj
 0002:000018d8       ??_C@_0L@PILCLIHE@__restrict?$AA@ 1001f8d8     LIBCMT:undname.obj
 0002:000018e4       ??_C@_07JOMMBBKO@__ptr64?$AA@ 1001f8e4     LIBCMT:undname.obj
 0002:000018ec       ??_C@_09HIJEGCPM@__clrcall?$AA@ 1001f8ec     LIBCMT:undname.obj
 0002:000018f8       ??_C@_0L@JMKHOMEK@__fastcall?$AA@ 1001f8f8     LIBCMT:undname.obj
 0002:00001904       ??_C@_0L@NPHFGOKO@__thiscall?$AA@ 1001f904     LIBCMT:undname.obj
 0002:00001910       ??_C@_09IFJBGAPI@__stdcall?$AA@ 1001f910     LIBCMT:undname.obj
 0002:0000191c       ??_C@_08GHMPAG@__pascal?$AA@ 1001f91c     LIBCMT:undname.obj
 0002:00001928       ??_C@_07KOLFKCDI@__cdecl?$AA@ 1001f928     LIBCMT:undname.obj
 0002:00001930       ??_C@_08EHJDFFNH@__based?$CI?$AA@ 1001f930     LIBCMT:undname.obj
 0002:00001ac0       ??_C@_0BI@DFKBFLJE@GetProcessWindowStation?$AA@ 1001fac0     LIBCMT:crtmbox.obj
 0002:00001ad8       ??_C@_0BK@CIDNPOGP@GetUserObjectInformationA?$AA@ 1001fad8     LIBCMT:crtmbox.obj
 0002:00001af4       ??_C@_0BD@HHGDFDBJ@GetLastActivePopup?$AA@ 1001faf4     LIBCMT:crtmbox.obj
 0002:00001b08       ??_C@_0BA@HNOPNCHB@GetActiveWindow?$AA@ 1001fb08     LIBCMT:crtmbox.obj
 0002:00001b18       ??_C@_0M@CHKKJDAI@MessageBoxA?$AA@ 1001fb18     LIBCMT:crtmbox.obj
 0002:00001b24       ??_C@_0L@NDEGIDAG@USER32?4DLL?$AA@ 1001fb24     LIBCMT:crtmbox.obj
 0002:00001b30       ___dnames                  1001fb30     LIBCMT:timeset.obj
 0002:00001b48       ___mnames                  1001fb48     LIBCMT:timeset.obj
 0002:00001b70       ??_C@_07GPDNMNG@CONOUT$?$AA@ 1001fb70     LIBCMT:initcon.obj
 0002:00001b78       ??_C@_0BD@GPFAHHIJ@wog?5native?5dialogs?$AA@ 1001fb78     wog native dialogs.obj
 0002:00001b8c       ??_C@_0BH@CCFOECBH@wog_options?4main?4intro?$AA@ 1001fb8c     wog native dialogs.obj
 0002:00001ba4       ??_C@_0BH@HMJALHLI@wog_options?4main?4popup?$AA@ 1001fba4     wog native dialogs.obj
 0002:00001bbc       ??_C@_0BG@GGAFECFG@wog_options?4main?4hint?$AA@ 1001fbbc     wog native dialogs.obj
 0002:00001bd4       ??_C@_0BG@HNGOACFA@wog_options?4main?4name?$AA@ 1001fbd4     wog native dialogs.obj
 0002:00001bec       ??_C@_05EIEHMANA@popup?$AA@ 1001fbec     wog native dialogs.obj
 0002:00001bf4       ??_C@_04NPKLNGDP@hint?$AA@ 1001fbf4     wog native dialogs.obj
 0002:00001bfc       ??_C@_04MEMAJGDJ@name?$AA@ 1001fbfc     wog native dialogs.obj
 0002:00001c04       ??_C@_0L@NFIDKKJM@group?$CFd?4?$CFs?$AA@ 1001fc04     wog native dialogs.obj
 0002:00001c10       ??_C@_0BG@DJKCIHGG@wog_options?4page?$CFd?4?$CFs?$AA@ 1001fc10     wog native dialogs.obj
 0002:00001c28       ??_C@_0O@EGGGBKCF@DlgExpMon?4def?$AA@ 1001fc28     wog native dialogs.obj
 0002:00001c38       ??_C@_0N@JCGCDINI@Dlg_NPC3?4def?$AA@ 1001fc38     wog native dialogs.obj
 0002:00001c48       ??_C@_0N@FJDOOLHN@Dlg_NPC2?4def?$AA@ 1001fc48     wog native dialogs.obj
 0002:00001c58       ??_C@_0N@NPKKJJND@Dlg_NPC1?4def?$AA@ 1001fc58     wog native dialogs.obj
 0002:00001c68       ??_C@_02DKCKIIND@?$CFs?$AA@ 1001fc68     wog native dialogs.obj
 0002:00001c6c       ??_C@_0N@BHMGKPNG@checkbox?4def?$AA@ 1001fc6c     wog native dialogs.obj
 0002:00001c7c       ??_C@_0O@BBFJMKLN@radiobttn?4def?$AA@ 1001fc7c     wog native dialogs.obj
 0002:00001c8c       ??_C@_0O@LKNNDHCJ@smalfont2?4fnt?$AA@ 1001fc8c     wog native dialogs.obj
 0002:00001c9c       ??_C@_0N@PAEBLKHN@bigfont2?4fnt?$AA@ 1001fc9c     wog native dialogs.obj
 0002:00001cac       ??_C@_0P@GHFPNOJB@bad?5allocation?$AA@ 1001fcac     wog native dialogs.obj
 0002:00001cbc       ??_C@_0BA@FDLNIKIG@patcher_x86?4dll?$AA@ 1001fcbc     wog native dialogs.obj
 0002:00001ccc       ??_C@_0BB@CKHJKIEB@_GetPatcherX86?$EA0?$AA@ 1001fccc     wog native dialogs.obj
 0002:00001ce0       ??_C@_02DPKJAMEF@?$CFd?$AA@ 1001fce0     wog native dialogs.obj
 0002:00001ce4       ??_C@_0N@NGJLFBMI@DiBoxBck?4pcx?$AA@ 1001fce4     wog native dialogs.obj
 0002:00001cf4       ??_C@_0N@FGPGDOPK@dialgbox?4def?$AA@ 1001fcf4     wog native dialogs.obj
 0002:00001d04       ??_C@_0N@ELNJEEMI@medfont2?4fnt?$AA@ 1001fd04     wog native dialogs.obj
 0002:00001d14       ??_C@_09IIFHEAOO@angel?4dll?$AA@ 1001fd14     wog native dialogs.obj
 0002:00001d20       ??_C@_0M@BFOAAPGP@EventParams?$AA@ 1001fd20     wog native dialogs.obj
 0002:00001d2c       ??_C@_0BD@KPOAIKLJ@RestoreEventParams?$AA@ 1001fd2c     wog native dialogs.obj
 0002:00001d40       ??_C@_0BA@JJKLPBHG@SaveEventParams?$AA@ 1001fd40     wog native dialogs.obj
 0002:00001d50       ??_C@_07PILJHEGK@era?4dll?$AA@ 1001fd50     wog native dialogs.obj
 0002:00001d58       ??_C@_02EOEPPNBF@tr?$AA@   1001fd58     wog native dialogs.obj
 0002:00001d5c       ??_C@_07HCDNKGPA@ApiHook?$AA@ 1001fd5c     wog native dialogs.obj
 0002:00001d64       ??_C@_0BB@NFICFMFA@ClearAllIniCache?$AA@ 1001fd64     wog native dialogs.obj
 0002:00001d78       ??_C@_0O@KHPPEFLJ@ClearIniCache?$AA@ 1001fd78     wog native dialogs.obj
 0002:00001d88       ??_C@_0L@GHCNBJIK@ExecErmCmd?$AA@ 1001fd88     wog native dialogs.obj
 0002:00001d94       ??_C@_0L@BBNMEHJH@ExtractErm?$AA@ 1001fd94     wog native dialogs.obj
 0002:00001da0       ??_C@_0L@CKILDBJC@FatalError?$AA@ 1001fda0     wog native dialogs.obj
 0002:00001dac       ??_C@_0N@HFGMKLEN@FireErmEvent?$AA@ 1001fdac     wog native dialogs.obj
 0002:00001dbc       ??_C@_09GEAPPBGH@FireEvent?$AA@ 1001fdbc     wog native dialogs.obj
 0002:00001dc8       ??_C@_0M@KJHFCLAP@GetButtonID?$AA@ 1001fdc8     wog native dialogs.obj
 0002:00001dd4       ??_C@_0L@LNAOMCPJ@GetVersion?$AA@ 1001fdd4     wog native dialogs.obj
 0002:00001de0       ??_C@_0O@FNMDEAHG@GetVersionNum?$AA@ 1001fde0     wog native dialogs.obj
 0002:00001df0       ??_C@_0N@CFMBLIKP@GetGameState?$AA@ 1001fdf0     wog native dialogs.obj
 0002:00001e00       ??_C@_0M@LKIFOAN@GetRealAddr?$AA@ 1001fe00     wog native dialogs.obj
 0002:00001e0c       ??_C@_0BD@DPCJBLFO@GlobalRedirectFile?$AA@ 1001fe0c     wog native dialogs.obj
 0002:00001e20       ??_C@_04PHJJMCEO@Hook?$AA@ 1001fe20     wog native dialogs.obj
 0002:00001e28       ??_C@_08EBPIACBO@HookCode?$AA@ 1001fe28     wog native dialogs.obj
 0002:00001e34       ??_C@_0BB@PHLEIINC@LoadImageAsPcx16?$AA@ 1001fe34     wog native dialogs.obj
 0002:00001e48       ??_C@_07GDNFNLKF@LoadTxt?$AA@ 1001fe48     wog native dialogs.obj
 0002:00001e50       ??_C@_07FLCNLLL@MemFree?$AA@ 1001fe50     wog native dialogs.obj
 0002:00001e58       ??_C@_09PIKCKENJ@NameColor?$AA@ 1001fe58     wog native dialogs.obj
 0002:00001e64       ??_C@_0M@LNHBMGFH@NotifyError?$AA@ 1001fe64     wog native dialogs.obj
 0002:00001e70       ??_C@_0M@PLEJCMGM@PatchExists?$AA@ 1001fe70     wog native dialogs.obj
 0002:00001e7c       ??_C@_0N@BGLGOOMO@PluginExists?$AA@ 1001fe7c     wog native dialogs.obj
 0002:00001e8c       ??_C@_0BE@CIDOCKGN@ReadSavegameSection?$AA@ 1001fe8c     wog native dialogs.obj
 0002:00001ea0       ??_C@_0P@CCLIEMKP@ReadStrFromIni?$AA@ 1001fea0     wog native dialogs.obj
 0002:00001eb0       ??_C@_09IJJOFFNH@RecallAPI?$AA@ 1001feb0     wog native dialogs.obj
 0002:00001ebc       ??_C@_0N@EADKAOLK@RedirectFile?$AA@ 1001febc     wog native dialogs.obj
 0002:00001ecc       ??_C@_0BE@OJOEEMJD@RedirectMemoryBlock?$AA@ 1001fecc     wog native dialogs.obj
 0002:00001ee0       ??_C@_0BA@BCNGHKCC@RegisterHandler?$AA@ 1001fee0     wog native dialogs.obj
 0002:00001ef0       ??_C@_09MJCMIAEG@ReloadErm?$AA@ 1001fef0     wog native dialogs.obj
 0002:00001efc       ??_C@_0BE@JBKGKCON@ReportPluginVersion?$AA@ 1001fefc     wog native dialogs.obj
 0002:00001f10       ??_C@_07PAHGKEHA@SaveIni?$AA@ 1001ff10     wog native dialogs.obj
 0002:00001f18       ??_C@_06DDHLBGDE@Splice?$AA@ 1001ff18     wog native dialogs.obj
 0002:00001f20       ??_C@_0M@OFFBOJCJ@ToStaticStr?$AA@ 1001ff20     wog native dialogs.obj
 0002:00001f2c       ??_C@_0M@CLLMHKFF@WriteAtCode?$AA@ 1001ff2c     wog native dialogs.obj
 0002:00001f38       ??_C@_0BF@HMHBLPO@WriteSavegameSection?$AA@ 1001ff38     wog native dialogs.obj
 0002:00001f50       ??_C@_0O@POMBDOKD@WriteStrToIni?$AA@ 1001ff50     wog native dialogs.obj
 0002:00001f60       ??_C@_0BN@DPBDBLAF@_GetPreselectedDialog8ItemId?$AA@ 1001ff60     wog native dialogs.obj
 0002:00001f80       ??_C@_0BO@NKNJIFPC@_GetDialog8SelectablePicsMask?$AA@ 1001ff80     wog native dialogs.obj
 0002:00001fa0       ??_C@_05JIKHPHGN@90?590?$AA@ 1001ffa0     wog native dialogs.obj
 0002:00001fa8       ??_C@_05DIALNFFA@?$CFs?5?$CFd?$AA@ 1001ffa8     wog native dialogs.obj
 0002:00001fb0       ??_C@_05DNIIFBMG@?$CFs?5?$CFs?$AA@ 1001ffb0     wog native dialogs.obj
 0002:00001fb8       ??_C@_0L@FIDKBHJC@?$CFs?5?$CFd?5?$CI?$CFd?$CJ?$AA@ 1001ffb8     wog native dialogs.obj
 0002:00001fc4       ??_C@_0L@JDILLOGP@?$CFs?5?$CFd?5?9?5?$CFd?$AA@ 1001ffc4     wog native dialogs.obj
 0002:00001fd0       ??_C@_07JKHHBHOI@?$CFs?5?$CFd?$CF?$CF?$AA@ 1001ffd0     wog native dialogs.obj
 0002:00001fd8       ??_C@_06GNDJBPCO@?$CFs?6?6?$CFs?$AA@ 1001ffd8     wog native dialogs.obj
 0002:00001fe0       ??_C@_0N@CNMFKAFE@Dlg_NPCn?4pcx?$AA@ 1001ffe0     wog native dialogs.obj
 0002:00001ff0       ??_C@_0N@EENEFCAM@Dlg_NPCu?4pcx?$AA@ 1001fff0     wog native dialogs.obj
 0002:00002000       ??_C@_0P@GMMOFIOD@Dlg_NPCdel?4def?$AA@ 10020000     wog native dialogs.obj
 0002:00002010       ??_C@_07DONLOGLK@?$CFd?5?$CI?$CFd?$CJ?$AA@ 10020010     wog native dialogs.obj
 0002:00002018       ??_C@_07PFGKEPEH@?$CFd?5?9?5?$CFd?$AA@ 10020018     wog native dialogs.obj
 0002:00002020       ??_C@_04FCMNJMCO@?$CFd?$CF?$CF?$AA@ 10020020     wog native dialogs.obj
 0002:00002028       ??_C@_0M@EELLOAND@bttnNPC?4def?$AA@ 10020028     wog native dialogs.obj
 0002:00002034       ??_C@_0BB@OPCILBBM@C742?53C?5FFFFFFFF?$AA@ 10020034     wog native dialogs.obj
 0002:00002048       ??_C@_07JMKCEEPK@?$CFs?5?$CI?$CFd?$CJ?$AA@ 10020048     wog native dialogs.obj
 0002:00002050       ??_C@_09PCPEDHFE@?$CFd?$CF?$CF?5?$CI?$CFd?$CJ?$AA@ 10020050     wog native dialogs.obj
 0002:0000205c       ??_C@_03DMDECJFG@?$CFhf?$AA@ 1002005c     wog native dialogs.obj
 0002:00002060       ??_C@_03OFAPEBGM@?$CFs?6?$AA@ 10020060     wog native dialogs.obj
 0002:00002064       ??_C@_08MNBIIGN@?$CFs?6?6?5?$CFs?6?$AA@ 10020064     wog native dialogs.obj
 0002:00002070       ??_C@_0N@ILHBCDMB@DlgExpUp?4def?$AA@ 10020070     wog native dialogs.obj
 0002:00002080       ??_C@_08OFBPMKML@tiny?4fnt?$AA@ 10020080     wog native dialogs.obj
 0002:0000208c       ??_C@_09KAONFINP@?$HL?$CFs?$HN?6?$CI?$CFs?$CJ?$AA@ 1002008c     wog native dialogs.obj
 0002:00002098       ??_C@_0N@DCLMLLBB@WoGCurse?4def?$AA@ 10020098     wog native dialogs.obj
 0002:000020a8       ??_C@_06DJHOIPC@?$CFs?3?5?$CFs?$AA@ 100200a8     wog native dialogs.obj
 0002:000020b0       ??_C@_0M@HFKPFJGG@artslot?4pcx?$AA@ 100200b0     wog native dialogs.obj
 0002:000020bc       ??_C@_0N@KAILJDHD@def?4SpScrArt?$AA@ 100200bc     wog native dialogs.obj
 0002:000020cc       ??_C@_0M@KBOHMMJH@default?4bmp?$AA@ 100200cc     wog native dialogs.obj
 0002:000020d8       ??_C@_03BFAIMLIE@PCX?$AA@  100200d8     wog native dialogs.obj
 0002:000020dc       ??_C@_01LFCBOECM@?4?$AA@   100200dc     wog native dialogs.obj
 0002:000020e0       ??_C@_05PPOMENKN@PCX16?$AA@ 100200e0     wog native dialogs.obj
 0002:000020e8       ??_C@_03CNFPPDJC@BMP?$AA@  100200e8     wog native dialogs.obj
 0002:000020ec       ??_C@_03PJJGGPMI@JPG?$AA@  100200ec     wog native dialogs.obj
 0002:000020f0       ??_C@_04CJPKNBEB@JPEG?$AA@ 100200f0     wog native dialogs.obj
 0002:000020f8       ??_C@_03NAIKFGEJ@PNG?$AA@  100200f8     wog native dialogs.obj
 0002:000020fc       ??_C@_03BBABOKL@GIF?$AA@   100200fc     wog native dialogs.obj
 0002:00002100       ??_C@_03LEJJLJPF@AVI?$AA@  10020100     wog native dialogs.obj
 0002:00002108       ??_C@_0ID@NHNAAHMJ@?$HLGitcha?$CB?$CB?$CB?$HN?6?6You?8re?5trying?5to?5up@ 10020108     wog native dialogs.obj
 0002:0000218c       ??_C@_0BA@CACHJGMJ@WoGTextEdit?4pcx?$AA@ 1002018c     wog native dialogs.obj
 0002:0000219c       ??_C@_09EIMBAPBP@?4?2Maps?2?$CFs?$AA@ 1002019c     wog native dialogs.obj
 0002:000021a8       ??_C@_02MFEGOEMP@?$CFn?$AA@ 100201a8     wog native dialogs.obj
 0002:000021ac       ??_C@_04OMBFFHIC@?$HL?$CFs?$HN?$AA@ 100201ac     wog native dialogs.obj
 0002:000021b8       ??_C@_0FB@LMJNIGPL@Error?5?$CIfor?5igrik?$CJ?$CB?$CB?$CB?6?6?5Debug?6Pag@ 100201b8     wog native dialogs.obj
 0002:0000220c       ??_C@_0P@HDPJJOMN@WoGOptions?4pcx?$AA@ 1002020c     wog native dialogs.obj
 0002:0000221c       ??_C@_0M@DGCKOOBG@WoGBttn?4def?$AA@ 1002021c     wog native dialogs.obj
 0002:00002228       ??_C@_0M@FBOGBOAE@GSPBUT2?4DEF?$AA@ 10020228     wog native dialogs.obj
 0002:00002234       ??_C@_0BI@DHELOEJM@dlg_datfile?4captionsave?$AA@ 10020234     wog native dialogs.obj
 0002:0000224c       ??_C@_0BG@KPGNCFF@dlg_datfile?4descrsave?$AA@ 1002024c     wog native dialogs.obj
 0002:00002264       ??_C@_0BF@NFMFBOP@dlg_datfile?4filemask?$AA@ 10020264     wog native dialogs.obj
 0002:0000227c       ??_C@_0BI@DFFGBHEI@dlg_datfile?4captionload?$AA@ 1002027c     wog native dialogs.obj
 0002:00002294       ??_C@_0BG@IOLCBIB@dlg_datfile?4descrload?$AA@ 10020294     wog native dialogs.obj
 0002:000022ac       ??_C@_0BB@GPEKGKKL@HD?4Version?4Dword?$AA@ 100202ac     wog native dialogs.obj
 0002:000022c0       ??_C@_0O@EHOKGOGC@BattleLog?4pcx?$AA@ 100202c0     wog native dialogs.obj
 0002:000022d0       ??_C@_04ILNEAJIO@?$CFs?5?6?$AA@ 100202d0     wog native dialogs.obj
 0002:000022d8       ??_C@_09JAKBHLCF@?$CFs?5?$HL?$CI?$CFd?$CJ?$HN?$AA@ 100202d8     wog native dialogs.obj
 0002:000022e4       ??_C@_0BL@MMODMCPC@HotA?4SwapMgrCalledFromTown?$AA@ 100202e4     wog native dialogs.obj
[...]
 0003:000016ec       __crtheap                  100236ec     LIBCMT:heapinit.obj
 0003:00001840       ___sbh_pHeaderDefer        10023840     LIBCMT:sbheap.obj
 0003:00001844       _gpFlsAlloc                10023844     LIBCMT:tidtable.obj
 0003:00001848       _gpFlsGetValue             10023848     LIBCMT:tidtable.obj
 0003:0000184c       _gpFlsSetValue             1002384c     LIBCMT:tidtable.obj
 0003:00001850       _gpFlsFree                 10023850     LIBCMT:tidtable.obj
 0003:00001858       ___mbulinfo                10023858     LIBCMT:mbctype.obj
 0003:00001864       ___mbcodepage              10023864     LIBCMT:mbctype.obj
 0003:00001868       ___ismbcodepage            10023868     LIBCMT:mbctype.obj
 0003:0000186c       ___mblcid                  1002386c     LIBCMT:mbctype.obj
 0003:00001870       ___locale_changed          10023870     LIBCMT:setlocal.obj
 0003:00001874       ___lc_handle               10023874     LIBCMT:nlsdata2.obj
 0003:0000188c       ___lc_codepage             1002388c     LIBCMT:nlsdata2.obj
 0003:00001890       ___lc_collate_cp           10023890     LIBCMT:nlsdata2.obj
 0003:000018a0       ?_pnhHeap@@3P6AHI@ZA       100238a0     LIBCMT:handler.obj
 0003:000018a4       __maxwait                  100238a4     LIBCMT:crtheap.obj
 0003:000018a8       __umaskval                 100238a8     LIBCMT:crt0dat.obj
 0003:000018ac       ___argc                    100238ac     LIBCMT:crt0dat.obj
 0003:000018b0       ___argv                    100238b0     LIBCMT:crt0dat.obj
 0003:000018b4       ___wargv                   100238b4     LIBCMT:crt0dat.obj
 0003:000018b8       __environ                  100238b8     LIBCMT:crt0dat.obj
 0003:000018bc       ___initenv                 100238bc     LIBCMT:crt0dat.obj
 0003:000018c0       __wenviron                 100238c0     LIBCMT:crt0dat.obj
 0003:000018c4       ___winitenv                100238c4     LIBCMT:crt0dat.obj
 0003:000018c8       __pgmptr                   100238c8     LIBCMT:crt0dat.obj
 0003:000018cc       __wpgmptr                  100238cc     LIBCMT:crt0dat.obj
 0003:000018d0       __exitflag                 100238d0     LIBCMT:crt0dat.obj
 0003:000018d4       __C_Termination_Done       100238d4     LIBCMT:crt0dat.obj
 0003:000018d8       __C_Exit_Done              100238d8     LIBCMT:crt0dat.obj
 0003:000019ec       ?__pInconsistency@@3P6AXXZA 100239ec     LIBCMT:hooks.obj
 0003:000019f0       __cflush                   100239f0     LIBCMT:_file.obj
 0003:00001d0c       __newmode                  10023d0c     LIBCMT:_newmode.obj
 0003:00001d18       ___lconv_static_null       10023d18     LIBCMT:lconv.obj
 0003:00001d30       ?pArgList@UnDecorator@@0PAVReplicator@@A 10023d30     LIBCMT:undname.obj
 0003:00001d34       ?pZNameList@UnDecorator@@0PAVReplicator@@A 10023d34     LIBCMT:undname.obj
 0003:00001d38       ?pTemplateArgList@UnDecorator@@0PAVReplicator@@A 10023d38     LIBCMT:undname.obj
 0003:00001d3c       ?gName@UnDecorator@@0PBDB  10023d3c     LIBCMT:undname.obj
 0003:00001d40       ?name@UnDecorator@@0PBDB   10023d40     LIBCMT:undname.obj
 0003:00001d44       ?outputString@UnDecorator@@0PADA 10023d44     LIBCMT:undname.obj
 0003:00001d48       ?maxStringLength@UnDecorator@@0HA 10023d48     LIBCMT:undname.obj
 0003:00001d4c       ?disableFlags@UnDecorator@@0KA 10023d4c     LIBCMT:undname.obj
 0003:00001d50       ?m_pGetParameter@UnDecorator@@0P6APADJ@ZA 10023d50     LIBCMT:undname.obj
 0003:00001d54       ?fExplicitTemplateParams@UnDecorator@@0_NA 10023d54     LIBCMT:undname.obj
 0003:00001d55       ?fGetTemplateArgumentList@UnDecorator@@0_NA 10023d55     LIBCMT:undname.obj
 0003:00001d78       ___pPurecall               10023d78     LIBCMT:inithelp.obj
 0003:00001d7c       __stdbuf                   10023d7c     LIBCMT:_sftbuf.obj
 0003:00001e50       ?json_Combat@@3PAPADA      10023e50     wog native dialogs.obj
 0003:00001e58       ?myString2@@3PADA          10023e58     wog native dialogs.obj
 0003:00002258       ?NPC_Def@@3PAU_DlgStaticDef_@@A 10024258     wog native dialogs.obj
 0003:0000225c       ?json_WoGOpt@@3PAPADA      1002425c     wog native dialogs.obj
 0003:00002264       ?smalfont2@@3PAU_Fnt_@@A   10024264     wog native dialogs.obj
 0003:00002268       ?saveManaHero@@3PAY01HA    10024268     wog native dialogs.obj
 0003:00002278       ?dlgHeroLvlUp_heroID@@3IA  10024278     wog native dialogs.obj
 0003:0000227c       ?_PI@@3PAVPatcherInstance@@A 1002427c     wog native dialogs.obj
 0003:00002280       ?myString1@@3PADA          10024280     wog native dialogs.obj
 0003:00002680       ?inTownDlg@@3_NA           10024680     wog native dialogs.obj
 0003:00002684       ?_P@@3PAVPatcher@@A        10024684     wog native dialogs.obj
 0003:00002688       ?isNeedRestore@@3HA        10024688     wog native dialogs.obj
 0003:0000268c       ?json_CrExpo@@3PAPADA      1002468c     wog native dialogs.obj
 0003:000026bc       ?json_Npc@@3PAPADA         100246bc     wog native dialogs.obj
 0003:000026cc       ?damLo@@3HA                100246cc     wog native dialogs.obj
 0003:000026d0       ?strPage@@3PADA            100246d0     wog native dialogs.obj
 0003:00002ad0       ?strList@@3PADA            10024ad0     wog native dialogs.obj
 0003:00002ed0       ?medfont2@@3PAU_Fnt_@@A    10024ed0     wog native dialogs.obj
 0003:00002ed4       ?QuickBattle_SAVE@@3HA     10024ed4     wog native dialogs.obj
 0003:00002ed8       ?timeClickAvtoSolo@@3HA    10024ed8     wog native dialogs.obj
 0003:00002edc       ?HD_Version@@3HA           10024edc     wog native dialogs.obj
 0003:00002ee0       ?saveCursor@@3PAHA         10024ee0     wog native dialogs.obj
 0003:00002eec       ?time_click@@3HA           10024eec     wog native dialogs.obj
 0003:00002ef0       ?hAngel@Era@@3PAUHINSTANCE__@@A 10024ef0     wog native dialogs.obj
 0003:00002ef4       ?hEra@Era@@3PAUHINSTANCE__@@A 10024ef4     wog native dialogs.obj
 0003:00002ef8       ?focusedItemID@@3HA        10024ef8     wog native dialogs.obj
 0003:00002efc       ?my_TimeClick_MsgBox@@3HA  10024efc     wog native dialogs.obj
 0003:00002f00       ?txtresWOG@@3PAU_TXT_@@A   10024f00     wog native dialogs.obj
 0003:00002f04       ?damHi@@3HA                10024f04     wog native dialogs.obj
 0003:00002f08       ?myString3@@3PADA          10024f08     wog native dialogs.obj
 0003:00003308       ?bigfont2@@3PAU_Fnt_@@A    10025308     wog native dialogs.obj
 0003:0000330c       ?EventParams@Era@@3PAY0BA@HA 1002530c     wog native dialogs.obj
 0003:00003310       ?ApiHook@Era@@3P6GPAXPAXH0@ZA 10025310     wog native dialogs.obj
 0003:00003314       ?ClearAllIniCache@Era@@3P6GXXZA 10025314     wog native dialogs.obj
 0003:00003318       ?ClearIniCache@Era@@3P6GXPBD@ZA 10025318     wog native dialogs.obj
 0003:0000331c       ?ExecErmCmd@Era@@3P6GXPBD@ZA 1002531c     wog native dialogs.obj
 0003:00003320       ?ExtractErm@Era@@3P6GXXZA  10025320     wog native dialogs.obj
 0003:00003324       ?FatalError@Era@@3P6GXPBD@ZA 10025324     wog native dialogs.obj
 0003:00003328       ?FireErmEvent@Era@@3P6GXH@ZA 10025328     wog native dialogs.obj
 0003:0000332c       ?FireEvent@Era@@3P6GXPBDPAXH@ZA 1002532c     wog native dialogs.obj
 0003:00003330       ?GetButtonID@Era@@3P6GHPBD@ZA 10025330     wog native dialogs.obj
 0003:00003334       ?GetEraVersion@Era@@3P6GPBDXZA 10025334     wog native dialogs.obj
 0003:00003338       ?GetVersionNum@Era@@3P6GHXZA 10025338     wog native dialogs.obj
 0003:0000333c       ?GetGameState@Era@@3P6GXPAUTGameState@1@@ZA 1002533c     wog native dialogs.obj
 0003:00003340       ?GetRealAddr@Era@@3P6GPAXPAX@ZA 10025340     wog native dialogs.obj
 0003:00003344       ?GlobalRedirectFile@Era@@3P6GXXZA 10025344     wog native dialogs.obj
 0003:00003348       ?Hook@Era@@3P6GPAXPAXHH0@ZA 10025348     wog native dialogs.obj
 0003:0000334c       ?HookCode@Era@@3P6GPAXPAXP6GHPAUTHookContext@1@@ZPAPAX@ZA 1002534c     wog native dialogs.obj
 0003:00003350       ?LoadImageAsPcx16@Era@@3P6GPAXPBD0HHHHH@ZA 10025350     wog native dialogs.obj
 0003:00003354       ?LoadTxt@Era@@3P6GPAXPBD@ZA 10025354     wog native dialogs.obj
 0003:00003358       ?MemFree@Era@@3P6GXPBX@ZA  10025358     wog native dialogs.obj
 0003:0000335c       ?NameColor@Era@@3P6GXHPBD@ZA 1002535c     wog native dialogs.obj
 0003:00003360       ?NotifyError@Era@@3P6GXPBD@ZA 10025360     wog native dialogs.obj
 0003:00003364       ?PatchExists@Era@@3P6G_NPBD@ZA 10025364     wog native dialogs.obj
 0003:00003368       ?PluginExists@Era@@3P6G_NPBD@ZA 10025368     wog native dialogs.obj
 0003:0000336c       ?ReadSavegameSection@Era@@3P6GHHPAXPBD@ZA 1002536c     wog native dialogs.obj
 0003:00003370       ?ReadStrFromIni@Era@@3P6G_NPBD00PAD@ZA 10025370     wog native dialogs.obj
 0003:00003374       ?RecallAPI@Era@@3P6GHPAUTHookContext@1@H@ZA 10025374     wog native dialogs.obj
 0003:00003378       ?RedirectFile@Era@@3P6GXXZA 10025378     wog native dialogs.obj
 0003:0000337c       ?RedirectMemoryBlock@Era@@3P6GXPAXH0@ZA 1002537c     wog native dialogs.obj
 0003:00003380       ?RegisterHandler@Era@@3P6GXP6GXPAUTEvent@1@@ZPBD@ZA 10025380     wog native dialogs.obj
 0003:00003384       ?ReloadErm@Era@@3P6GXXZA   10025384     wog native dialogs.obj
 0003:00003388       ?ReportPluginVersion@Era@@3P6GXPBD@ZA 10025388     wog native dialogs.obj
 0003:0000338c       ?RestoreEventParams@Era@@3P6GXXZA 1002538c     wog native dialogs.obj
 0003:00003390       ?SaveEventParams@Era@@3P6GXXZA 10025390     wog native dialogs.obj
 0003:00003394       ?SaveIni@Era@@3P6G_NPBD@ZA 10025394     wog native dialogs.obj
 0003:00003398       ?Splice@Era@@3P6GPAXPAX0HHPAHPAPAX@ZA 10025398     wog native dialogs.obj
 0003:0000339c       ?ToStaticStr@Era@@3P6GPADPBD@ZA 1002539c     wog native dialogs.obj
 0003:000033a0       ?_tr@Era@@3P6GPADPBDPAPBDH@ZA 100253a0     wog native dialogs.obj
 0003:000033a4       ?WriteAtCode@Era@@3P6GXHPAX0@ZA 100253a4     wog native dialogs.obj
 0003:000033a8       ?WriteSavegameSection@Era@@3P6GXHPAXPBD@ZA 100253a8     wog native dialogs.obj
 0003:000033ac       ?WriteStrToIni@Era@@3P6G_NPBD000@ZA 100253ac     wog native dialogs.obj
 0003:000033b0       ?GetDefaultMsgBoxItId@Era@@3P6GHXZA 100253b0     wog native dialogs.obj
 0003:000033b4       ?GetMaskMsgBoxItId@Era@@3P6GHXZA 100253b4     wog native dialogs.obj
 0003:000033b8       ?ERA_VERSION@@3HA          100253b8     wog native dialogs.obj
 0003:000033bc       ?NPC_StatBar@@3PAU_DlgStaticTextPcx8ed_@@A 100253bc     wog native dialogs.obj
 0003:000033c0       ?BanDlg_CustomReq_EnterText@@3HA 100253c0     wog native dialogs.obj
 0003:000033c4       ?o_Sphinx1@@3PAU_Sphinx1_@@A 100253c4     wog native dialogs.obj
 0003:000033c8       ?Dlg_CustomReq_Ban@@3HA    100253c8     wog native dialogs.obj
 0003:000033cc       ?statbarWoGOptions@@3PAU_DlgStaticTextPcx8ed_@@A 100253cc     wog native dialogs.obj
 0003:000033d0       ?apdFont@@3HA              100253d0     wog native dialogs.obj
 0003:000033d4       ?calls_count@?1??GetPatcher@@YAPAVPatcher@@XZ@4HA 100253d4     wog native dialogs.obj
 0003:000033dc       ___fastflag                100253dc     LIBCMT:_fpinit_.obj
 0003:000033e0       __adjust_fdiv              100253e0     LIBCMT:_fpinit_.obj
 0003:000033e4       __outputformat             100253e4     LIBCMT:outputformat.obj
 0003:000033e8       ___piob                    100253e8     <common>
 0003:00003400       __bufin                    10025400     <common>
 0003:00004400       __nstream                  10026400     <common>
 0003:00004404       ___sse2_available          10026404     <common>
 0003:00004408       __nhandle                  10026408     <common>
 0003:00004420       ___pioinfo                 10026420     <common>
 0003:00004520       ___env_initialized         10026520     <common>
 0003:00004524       ___onexitend               10026524     <common>
 0003:00004528       ___onexitbegin             10026528     <common>
 0003:0000452c       ___mbctype_initialized     1002652c     <common>
 0003:00004530       ___dyn_tls_init_callback   10026530     <common>
 0003:00004534       __debugger_hook_dummy      10026534     <common>
 0003:00004538       ___sbh_cntHeaderList       10026538     <common>
 0003:0000453c       ___sbh_pHeaderList         1002653c     <common>
 0003:00004540       ___sbh_threshold           10026540     <common>
 0003:00004544       ___sbh_pHeaderScan         10026544     <common>
 0003:00004548       ___sbh_sizeHeaderList      10026548     <common>
 0003:0000454c       ___sbh_indGroupDefer       1002654c     <common>
 0003:00004550       ___active_heap             10026550     <common>
 0003:00004554       __acmdln                   10026554     <common>

 entry point at        0001:0000f467

 Static symbols

 0001:0000e4ef       __catch$?_Copy@?$basic_string@DU?$char_traits@D@std@@V?$allocator@D@2@@std@@IAEXII@Z$0 1000f4ef f i  CIL library: CIL module
 0001:0000e57e       __catch$?_Copy@?$basic_string@DU?$char_traits@D@std@@V?$allocator@D@2@@std@@IAEXII@Z$1 1000f57e f i  CIL library: CIL module
 0001:0000f371       ___DllMainCRTStartup       10010371 f   LIBCMT:dllcrt0.obj
 0001:0000f62a       ?CatchGuardHandler@@YA?AW4_EXCEPTION_DISPOSITION@@PAUEHExceptionRecord@@PAUCatchGuardRN@@PAX2@Z 1001062a f   LIBCMT:_trnsctrl_.obj
 0001:0000f734       ?TranslatorGuardHandler@@YA?AW4_EXCEPTION_DISPOSITION@@PAUEHExceptionRecord@@PAUTranslatorGuardRN@@PAX2@Z 10010734 f   LIBCMT:_trnsctrl_.obj
 0001:00010024       _write_char                10011024 f   LIBCMT:output.obj
 0001:00010057       _write_multi_char          10011057 f   LIBCMT:output.obj
 0001:0001007d       _write_string              1001107d f   LIBCMT:output.obj
 0001:000126f5       ?CPtoLCID@@YAHH@Z          100136f5 f   LIBCMT:mbctype.obj
 0001:00012724       ?setSBCS@@YAXPAUthreadmbcinfostruct@@@Z 10013724 f   LIBCMT:mbctype.obj
 0001:00012788       ?setSBUpLow@@YAXPAUthreadmbcinfostruct@@@Z 10013788 f   LIBCMT:mbctype.obj
 0001:000129bf       ?getSystemCP@@YAHH@Z       100139bf f   LIBCMT:mbctype.obj
 0001:00013049       __updatetlocinfoEx_nolock  10014049 f   LIBCMT:setlocal.obj
 0001:0001311d       ?__crtLCMapStringA_stat@@YAHPAUlocaleinfo_struct@@KKPBDHPADHHH@Z 1001411d f   LIBCMT:a_map.obj
 0001:00013708       __onexit_nolock            10014708 f   LIBCMT:onexit.obj
 0001:00013a0a       __initterm                 10014a0a f   LIBCMT:crt0dat.obj
 0001:00013ad0       _doexit                    10014ad0 f   LIBCMT:crt0dat.obj
 0001:00013fef       _parse_cmdline             10014fef f   LIBCMT:stdargv.obj
 0001:000147b7       ?ExFilterRethrow@@YAHPAU_EXCEPTION_POINTERS@@@Z 100157b7 f   LIBCMT:frame.obj
 0001:0001487a       ?IsInExceptionSpec@@YAEPAUEHExceptionRecord@@PBU_s_ESTypeList@@@Z 1001587a f   LIBCMT:frame.obj
 0001:000148f5       ?CallUnexpected@@YAXPBU_s_ESTypeList@@@Z 100158f5 f   LIBCMT:frame.obj
 0001:00014926       __catch$?CallUnexpected@@YAXPBU_s_ESTypeList@@@Z$0 10015926 f   LIBCMT:frame.obj
 0001:0001493e       ?CallCatchBlock@@YAPAXPAUEHExceptionRecord@@PAUEHRegistrationNode@@PAU_CONTEXT@@PBU_s_FuncInfo@@PAXHK@Z 1001593e f   LIBCMT:frame.obj
 0001:00014ceb       ?CatchIt@@YAXPAUEHExceptionRecord@@PAUEHRegistrationNode@@PAU_CONTEXT@@PAXPBU_s_FuncInfo@@PBU_s_HandlerType@@PBU_s_CatchableType@@PBU_s_TryBlockMapEntry@@H1E@Z 10015ceb f   LIBCMT:frame.obj
 0001:00014d59       ?FindHandlerForForeignException@@YAXPAUEHExceptionRecord@@PAUEHRegistrationNode@@PAU_CONTEXT@@PAXPBU_s_FuncInfo@@HH1@Z 10015d59 f   LIBCMT:frame.obj
 0001:00014e4d       ?FindHandler@@YAXPAUEHExceptionRecord@@PAUEHRegistrationNode@@PAU_CONTEXT@@PAXPBU_s_FuncInfo@@EH1@Z 10015e4d f   LIBCMT:frame.obj
 0001:0001537c       _fastcopy_I                1001637c f   LIBCMT:p4_memcpy.obj
 0001:000154e6       _has_osfxsr_set            100164e6 f   LIBCMT:cpu_disp.obj
 0001:00016728       __unwind_handler4          10017728 f   LIBCMT:exsup4.obj
 0001:0001693d       _fastzero_I                1001793d f   LIBCMT:p4_memset.obj
 0001:00016a23       ?__crtGetStringTypeA_stat@@YAHPAUlocaleinfo_struct@@KPBDHPAGHHH@Z 10017a23 f   LIBCMT:a_str.obj
 0001:00017666       _siglookup                 10018666 f   LIBCMT:winsig.obj
 0001:00017878       ?x_ismbbtype_l@@YAHPAUlocaleinfo_struct@@IHH@Z 10018878 f   LIBCMT:ismbbyte.obj
 0001:00017a2c       __unwind_handler           10018a2c f   LIBCMT:exsup.obj
 0001:0001807a       _flsall                    1001907a f   LIBCMT:fflush.obj
 0001:00018166       ?strtoxl@@YAKPAUlocaleinfo_struct@@PBDPAPBDHH@Z 10019166 f   LIBCMT:strtol.obj
 0001:00018f28       __shift                    10019f28 f   LIBCMT:cvt.obj
 0001:00018f6d       __cftoe2_l                 10019f6d f   LIBCMT:cvt.obj
 0001:0001953f       __cftof2_l                 1001a53f f   LIBCMT:cvt.obj
 0001:0001b8cf       __hw_cw                    1001c8cf f   LIBCMT:_ieee87_.obj
 0001:0001b95d       ___hw_cw_sse2              1001c95d f   LIBCMT:_ieee87_.obj
 0001:0001bf50       __unwindfunclet$??0logic_error@std@@QAE@ABV?$basic_string@DU?$char_traits@D@std@@V?$allocator@D@2@@1@@Z$0 1001cf50 f   libcpmt:string.obj
 0001:0001bf50       __unwindfunclet$??0logic_error@std@@QAE@ABV01@@Z$0 1001cf50 f   libcpmt:string.obj
 0001:0001bf58       __ehhandler$??0logic_error@std@@QAE@ABV01@@Z 1001cf58 f   libcpmt:string.obj
 0001:0001bf58       __ehhandler$??0logic_error@std@@QAE@ABV?$basic_string@DU?$char_traits@D@std@@V?$allocator@D@2@@1@@Z 1001cf58 f   libcpmt:string.obj
 0001:0001bf73       __unwindfunclet$?_Xran@_String_base@std@@SAXXZ$0 1001cf73 f   libcpmt:string.obj
 0001:0001bf73       __unwindfunclet$?_Xlen@_String_base@std@@SAXXZ$0 1001cf73 f   libcpmt:string.obj
 0001:0001bf7b       __ehhandler$?_Xlen@_String_base@std@@SAXXZ 1001cf7b f   libcpmt:string.obj
 0001:0001bf7b       __ehhandler$?_Xran@_String_base@std@@SAXXZ 1001cf7b f   libcpmt:string.obj
 0001:0001bf96       __ehhandler$?CallUnexpected@@YAXPBU_s_ESTypeList@@@Z 1001cf96 f   LIBCMT:frame.obj
 0001:0001bfc0       __ehhandler$?_Copy@?$basic_string@DU?$char_traits@D@std@@V?$allocator@D@2@@std@@IAEXII@Z 1001cfc0 f    CIL library: CIL module
 0001:0001bfe0       __unwindfunclet$?CreateNewBattleLogDlg@@YAXPAU_BattleMgr_@@@Z$0 1001cfe0 f    CIL library: CIL module
 0001:0001bfe8       __ehhandler$?CreateNewBattleLogDlg@@YAXPAU_BattleMgr_@@@Z 1001cfe8 f    CIL library: CIL module
 0001:0001c010       __unwindfunclet$?IsSupportedFormatImage@@YAHPAD@Z$0 1001d010 f    CIL library: CIL module
 0001:0001c018       __unwindfunclet$?IsSupportedFormatImage@@YAHPAD@Z$1 1001d018 f    CIL library: CIL module
 0001:0001c020       __unwindfunclet$?IsSupportedFormatImage@@YAHPAD@Z$2 1001d020 f    CIL library: CIL module
 0001:0001c028       __unwindfunclet$?IsSupportedFormatImage@@YAHPAD@Z$3 1001d028 f    CIL library: CIL module
 0001:0001c030       __unwindfunclet$?IsSupportedFormatImage@@YAHPAD@Z$4 1001d030 f    CIL library: CIL module
 0001:0001c038       __unwindfunclet$?IsSupportedFormatImage@@YAHPAD@Z$5 1001d038 f    CIL library: CIL module
 0001:0001c040       __unwindfunclet$?IsSupportedFormatImage@@YAHPAD@Z$6 1001d040 f    CIL library: CIL module
 0001:0001c048       __unwindfunclet$?IsSupportedFormatImage@@YAHPAD@Z$7 1001d048 f    CIL library: CIL module
 0001:0001c050       __unwindfunclet$?IsSupportedFormatImage@@YAHPAD@Z$8 1001d050 f    CIL library: CIL module
 0001:0001c058       __ehhandler$?IsSupportedFormatImage@@YAHPAD@Z 1001d058 f    CIL library: CIL module
 0001:0001c080       __unwindfunclet$?New_Dlg_CustomReq@@YAHPAU_Sphinx1_@@@Z$0 1001d080 f    CIL library: CIL module
 0001:0001c088       __ehhandler$?New_Dlg_CustomReq@@YAHPAU_Sphinx1_@@@Z 1001d088 f    CIL library: CIL module
 0001:0001c0b0       ??__Fnomem@?5???2@YAPAXI@Z@YAXXZ 1001d0b0 f   LIBCMT:new.obj
