 fast upgrade stacks in town

 Timestamp is 5f6e2c4a (Fri Sep 25 20:43:38 2020)

 Preferred load address is 10000000

 Start         Length     Name                   Class
 0001:00000000 000073b4H .text                   CODE
 0002:00000000 000000f4H .idata$5                DATA
 0002:000000f4 00000004H .CRT$XCA                DATA
 0002:000000f8 00000004H .CRT$XCZ                DATA
 0002:000000fc 00000004H .CRT$XIA                DATA
 0002:00000100 0000000cH .CRT$XIC                DATA
 0002:0000010c 00000004H .CRT$XIZ                DATA
 0002:00000110 00000004H .CRT$XPA                DATA
 0002:00000114 00000004H .CRT$XPZ                DATA
 0002:00000118 00000004H .CRT$XTA                DATA
 0002:0000011c 00000004H .CRT$XTZ                DATA
 0002:00000120 000011f8H .rdata                  DATA
 0002:00001318 00000073H .rdata$debug            DATA
 0002:00001390 0000000cH .rdata$sxdata           DATA
 0002:0000139c 00000004H .rtc$IAA                DATA
 0002:000013a0 00000004H .rtc$IZZ                DATA
 0002:000013a4 00000004H .rtc$TAA                DATA
 0002:000013a8 00000004H .rtc$TZZ                DATA
 0002:000013b0 0000028cH .xdata$x                DATA
 0002:0000163c 00000028H .idata$2                DATA
 0002:00001664 00000014H .idata$3                DATA
 0002:00001678 000000f4H .idata$4                DATA
 0002:0000176c 00000456H .idata$6                DATA
 0002:00001bc2 00000000H .edata                  DATA
 0003:00000000 00000c54H .data                   DATA
 0003:00000c60 00000bdcH .bss                    DATA

  Address         Publics by Value              Rva+Base       Lib:Object

 0000:00000000       __except_list              00000000     <absolute>
 0000:00000003       ___safe_se_handler_count   00000003     <absolute>
 0000:00000000       ___ImageBase               10000000     <linker-defined>
 0001:00000000       ?n_CrExpoSet_Set@@YAXHIHHH@Z 10001000 f i fast upgrade stacks in town.obj
 0001:00000070       ?CrExpoSet_GetExp@@YAHPAU_Army_@@H@Z 10001070 f i fast upgrade stacks in town.obj
 0001:000000b0       ?CrExpoSet_SetExp@@YAXPAU_Army_@@HH@Z 100010b0 f i fast upgrade stacks in town.obj
 0001:000000f0       ?Y_AutoGradeMonInTownFunc@@YAHPAU_Town_@@D@Z 100010f0 f   fast upgrade stacks in town.obj
 0001:000007b0       ?Y_AutoGradeMonInTownOne_H@@YAHPAU_Town_@@HH@Z 100017b0 f   fast upgrade stacks in town.obj
 0001:00000b60       ?Y_AutoGradeMonInTownOne_T@@YAHPAU_Town_@@DD@Z 10001b60 f   fast upgrade stacks in town.obj
 0001:00000ef0       ?Y_AutoGradeMonInTown@@YGHPAVLoHook@@PAUHookContext@@@Z 10001ef0 f   fast upgrade stacks in town.obj
 0001:00000ff0       _DllMain@12                10001ff0 f   fast upgrade stacks in town.obj
 0001:0000106e       @__security_check_cookie@4 1000206e f   LIBCMT:secchk.obj
 0001:0000107d       __CRT_INIT@12              1000207d f   LIBCMT:dllcrt0.obj
 0001:000012a8       __DllMainCRTStartup@12     100022a8 f   LIBCMT:dllcrt0.obj
 0001:000012cb       ___report_gsfailure        100022cb f   LIBCMT:gs_report.obj
 0001:000013d1       __encode_pointer           100023d1 f   LIBCMT:tidtable.obj
 0001:00001443       __encoded_null             10002443 f   LIBCMT:tidtable.obj
 0001:0000144c       __decode_pointer           1000244c f   LIBCMT:tidtable.obj
 0001:000014be       ___crtTlsAlloc@4           100024be f   LIBCMT:tidtable.obj
 0001:000014c7       ___set_flsgetvalue         100024c7 f   LIBCMT:tidtable.obj
 0001:000014fb       __mtterm                   100024fb f   LIBCMT:tidtable.obj
 0001:00001538       __initptd                  10002538 f   LIBCMT:tidtable.obj
 0001:0000161f       __getptd_noexit            1000261f f   LIBCMT:tidtable.obj
 0001:00001698       __getptd                   10002698 f   LIBCMT:tidtable.obj
 0001:000016b2       __freefls@4                100026b2 f   LIBCMT:tidtable.obj
 0001:000017e1       __freeptd                  100027e1 f   LIBCMT:tidtable.obj
 0001:0000184f       __mtinit                   1000284f f   LIBCMT:tidtable.obj
 0001:000019dc       _free                      100029dc f   LIBCMT:free.obj
 0001:00001a6a       __malloc_crt               10002a6a f   LIBCMT:crtheap.obj
 0001:00001aaf       __calloc_crt               10002aaf f   LIBCMT:crtheap.obj
 0001:00001afb       __realloc_crt              10002afb f   LIBCMT:crtheap.obj
 0001:00001b49       __crt_waiting_on_module_handle 10002b49 f   LIBCMT:crt0dat.obj
 0001:00001b79       __amsg_exit                10002b79 f   LIBCMT:crt0dat.obj
 0001:00001ba2       ___crtCorExitProcess       10002ba2 f   LIBCMT:crt0dat.obj
 0001:00001bcd       ___crtExitProcess          10002bcd f   LIBCMT:crt0dat.obj
 0001:00001be5       __lockexit                 10002be5 f   LIBCMT:crt0dat.obj
 0001:00001bee       __unlockexit               10002bee f   LIBCMT:crt0dat.obj
 0001:00001c14       __initterm_e               10002c14 f   LIBCMT:crt0dat.obj
 0001:00001c38       __cinit                    10002c38 f   LIBCMT:crt0dat.obj
 0001:00001de9       __exit                     10002de9 f   LIBCMT:crt0dat.obj
 0001:00001dff       __cexit                    10002dff f   LIBCMT:crt0dat.obj
 0001:00001e0e       __init_pointers            10002e0e f   LIBCMT:crt0dat.obj
 0001:00001e5c       __ioinit                   10002e5c f   LIBCMT:ioinit.obj
 0001:000020b0       __ioterm                   100030b0 f   LIBCMT:ioinit.obj
 0001:000020fe       __setenvp                  100030fe f   LIBCMT:stdenvp.obj
 0001:00002376       __setargv                  10003376 f   LIBCMT:stdargv.obj
 0001:00002431       ___crtGetEnvironmentStringsA 10003431 f   LIBCMT:a_env.obj
 0001:00002568       __RTC_Initialize           10003568 f   LIBCMT:_initsect_.obj
 0001:0000258e       __RTC_Terminate            1000358e f   LIBCMT:_initsect_.obj
 0001:000025b4       __heap_init                100035b4 f   LIBCMT:heapinit.obj
 0001:000025e4       __heap_term                100035e4 f   LIBCMT:heapinit.obj
 0001:00002658       __initp_misc_winxfltr      10003658 f   LIBCMT:winxfltr.obj
 0001:00002659       __XcptFilter               10003659 f   LIBCMT:winxfltr.obj
 0001:000027b9       ___CppXcptFilter           100037b9 f   LIBCMT:winxfltr.obj
 0001:000027dc       __SEH_prolog4              100037dc f   LIBCMT:sehprolg4.obj
 0001:00002821       __SEH_epilog4              10003821 f   LIBCMT:sehprolg4.obj
 0001:00002840       __except_handler4          10003840 f   LIBCMT:chandler4.obj
 0001:000029cc       ___security_init_cookie    100039cc f   LIBCMT:gs_support.obj
 0001:00002a62       __crt_debugger_hook        10003a62 f   LIBCMT:dbghook.obj
 0001:00002a6a       __mtinitlocks              10003a6a f   LIBCMT:mlock.obj
 0001:00002ab5       __mtdeletelocks            10003ab5 f   LIBCMT:mlock.obj
 0001:00002b0c       __unlock                   10003b0c f   LIBCMT:mlock.obj
 0001:00002b23       __mtinitlocknum            10003b23 f   LIBCMT:mlock.obj
 0001:00002be6       __lock                     10003be6 f   LIBCMT:mlock.obj
 0001:00002c19       ___freetlocinfo            10003c19 f   LIBCMT:setlocal.obj
 0001:00002d62       ___addlocaleref            10003d62 f   LIBCMT:setlocal.obj
 0001:00002df1       ___removelocaleref         10003df1 f   LIBCMT:setlocal.obj
 0001:00002ec8       ___updatetlocinfo          10003ec8 f   LIBCMT:setlocal.obj
 0001:00003164       ___updatetmbcinfo          10004164 f   LIBCMT:mbctype.obj
 0001:00003208       ??0_LocaleUpdate@@QAE@PAUlocaleinfo_struct@@@Z 10004208 f i LIBCMT:mbctype.obj
 0001:0000330b       __setmbcp_nolock           1000430b f   LIBCMT:mbctype.obj
 0001:000034f0       __setmbcp                  100044f0 f   LIBCMT:mbctype.obj
 0001:0000368a       ___initmbctable            1000468a f   LIBCMT:mbctype.obj
 0001:000036a8       __get_errno_from_oserr     100046a8 f   LIBCMT:dosmap.obj
 0001:000036ea       __errno                    100046ea f   LIBCMT:dosmap.obj
 0001:000036fd       ___sbh_find_block          100046fd f   LIBCMT:sbheap.obj
 0001:0000372d       ___sbh_free_block          1000472d f   LIBCMT:sbheap.obj
 0001:00003a43       ___sbh_alloc_new_region    10004a43 f   LIBCMT:sbheap.obj
 0001:00003af3       ___sbh_alloc_new_group     10004af3 f   LIBCMT:sbheap.obj
 0001:00003bfb       ___sbh_resize_block        10004bfb f   LIBCMT:sbheap.obj
 0001:00003edc       ___sbh_alloc_block         10004edc f   LIBCMT:sbheap.obj
 0001:000041c1       _V6_HeapAlloc              100051c1 f   LIBCMT:malloc.obj
 0001:00004210       _malloc                    10005210 f   LIBCMT:malloc.obj
 0001:000042da       __calloc_impl              100052da f   LIBCMT:calloc_impl.obj
 0001:000043f8       _realloc                   100053f8 f   LIBCMT:realloc.obj
 0001:00004613       __NMSG_WRITE               10005613 f   LIBCMT:crt0msg.obj
 0001:000047be       __FF_MSGBANNER             100057be f   LIBCMT:crt0msg.obj
 0001:000047f7       __initp_misc_invarg        100057f7 f   LIBCMT:invarg.obj
 0001:00004806       __invoke_watson            10005806 f   LIBCMT:invarg.obj
 0001:0000492e       __invalid_parameter        1000592e f   LIBCMT:invarg.obj
 0001:00004a0e       ___onexitinit              10005a0e f   LIBCMT:onexit.obj
 0001:00004a3f       __onexit                   10005a3f f   LIBCMT:onexit.obj
 0001:00004a7b       _atexit                    10005a7b f   LIBCMT:onexit.obj
 0001:00004a92       __initp_misc_cfltcvt_tab   10005a92 f   LIBCMT:cmiscdat.obj
 0001:00004ac0       __ValidateImageBase        10005ac0 f   LIBCMT:pesect.obj
 0001:00004b00       __FindPESection            10005b00 f   LIBCMT:pesect.obj
 0001:00004b50       __IsNonwritableInCurrentImage 10005b50 f   LIBCMT:pesect.obj
 0001:00004c0d       ?terminate@@YAXXZ          10005c0d f   LIBCMT:hooks.obj
 0001:00004c46       __initp_eh_hooks           10005c46 f   LIBCMT:hooks.obj
 0001:00004c57       __initp_misc_winsig        10005c57 f   LIBCMT:winsig.obj
 0001:00004cac       ___get_sigabrt             10005cac f   LIBCMT:winsig.obj
 0001:00004cb9       _raise                     10005cb9 f   LIBCMT:winsig.obj
 0001:00004e69       __initp_misc_rand_s        10005e69 f   LIBCMT:rand_s.obj
 0001:00004e78       __initp_misc_purevirt      10005e78 f   LIBCMT:inithelp.obj
 0001:00004e87       __initp_misc_initcrit      10005e87 f   LIBCMT:initcrit.obj
 0001:00004e96       ___crtInitCritSecAndSpinCount 10005e96 f   LIBCMT:initcrit.obj
 0001:00004ef6       __initp_heap_handler       10005ef6 f   LIBCMT:handler.obj
 0001:00004f05       __callnewh                 10005f05 f   LIBCMT:handler.obj
 0001:00004f2d       _strcpy_s                  10005f2d f   LIBCMT:strcpy_s.obj
 0001:00004fa0       _strlen                    10005fa0 f   LIBCMT:strlen.obj
 0001:0000507e       __ismbblead                1000607e f   LIBCMT:ismbbyte.obj
 0001:000050a0       _memcpy                    100060a0 f   LIBCMT:memcpy.obj
 0001:00005408       __local_unwind4            10006408 f   LIBCMT:exsup4.obj
 0001:000054de       __seh_longjmp_unwind4@4    100064de f   LIBCMT:exsup4.obj
 0001:000054fa       @_EH4_CallFilterFunc@8     100064fa f   LIBCMT:exsup4.obj
 0001:00005511       @_EH4_TransferToHandler@8  10006511 f   LIBCMT:exsup4.obj
 0001:0000552a       @_EH4_GlobalUnwind@4       1000652a f   LIBCMT:exsup4.obj
 0001:00005544       @_EH4_LocalUnwind@16       10006544 f   LIBCMT:exsup4.obj
 0001:0000555b       ___free_lc_time            1000655b f   LIBCMT:inittime.obj
 0001:000056f0       ___free_lconv_num          100066f0 f   LIBCMT:initnum.obj
 0001:00005735       ___free_lconv_mon          10006735 f   LIBCMT:initmon.obj
 0001:000057c3       __freea                    100067c3 f i LIBCMT:strftime.obj
 0001:000057e3       _strcat_s                  100067e3 f   LIBCMT:strcat_s.obj
 0001:00005860       _strcspn                   10006860 f   LIBCMT:strcspn.obj
 0001:000058a6       _strncpy_s                 100068a6 f   LIBCMT:strncpy_s.obj
 0001:00005960       _memset                    10006960 f   LIBCMT:memset.obj
 0001:000059e0       _strcmp                    100069e0 f   LIBCMT:strcmp.obj
 0001:00005c22       ___crtGetStringTypeA       10006c22 f   LIBCMT:a_str.obj
 0001:00005c70       _strpbrk                   10006c70 f   LIBCMT:strpbrk.obj
 0001:00006055       ___crtLCMapStringA         10007055 f   LIBCMT:a_map.obj
 0001:000060a0       _memmove                   100070a0 f   LIBCMT:memmove.obj
 0001:00006405       __msize                    10007405 f   LIBCMT:msize.obj
 0001:000064a8       ___crtMessageBoxA          100074a8 f   LIBCMT:crtmbox.obj
 0001:00006611       __set_error_mode           10007611 f   LIBCMT:errmode.obj
 0001:0000665c       __fptrap                   1000765c f   LIBCMT:crt0fp.obj
 0001:00006665       _abort                     10007665 f   LIBCMT:abort.obj
 0001:00006803       __VEC_memcpy               10007803 f   LIBCMT:p4_memcpy.obj
 0001:00006936       __get_sse2_info            10007936 f   LIBCMT:cpu_disp.obj
 0001:00006998       ___sse2_available_init     10007998 f   LIBCMT:cpu_disp.obj
 0001:000069a8       __global_unwind2           100079a8 f   LIBCMT:exsup.obj
 0001:00006a0d       __local_unwind2            10007a0d f   LIBCMT:exsup.obj
 0001:00006a91       __abnormal_termination     10007a91 f   LIBCMT:exsup.obj
 0001:00006ab4       __NLG_Notify1              10007ab4 f   LIBCMT:exsup.obj
 0001:00006abd       __NLG_Notify               10007abd f   LIBCMT:exsup.obj
 0001:00006ad4       __NLG_Dispatch             10007ad4     LIBCMT:exsup.obj
 0001:00006ad4       __NLG_Dispatch2            10007ad4     LIBCMT:exsup.obj
 0001:00006adc       __NLG_Call                 10007adc f   LIBCMT:exsup.obj
 0001:00006ade       __NLG_Return2              10007ade     LIBCMT:exsup.obj
 0001:00006adf       __isleadbyte_l             10007adf f i LIBCMT:_wctype.obj
 0001:00006b20       __alloca_probe_16          10007b20 f   LIBCMT:alloca16.obj
 0001:00006b36       __alloca_probe_8           10007b36     LIBCMT:alloca16.obj
 0001:00006ba3       __VEC_memzero              10007ba3 f   LIBCMT:p4_memset.obj
 0001:00006c32       _atol                      10007c32 f   LIBCMT:atox.obj
 0001:00006c48       ___ansicp                  10007c48 f   LIBCMT:convrtcp.obj
 0001:00006c91       ___convertcp               10007c91 f   LIBCMT:convrtcp.obj
 0001:00006e45       __isctype_l                10007e45 f   LIBCMT:isctype.obj
 0001:00006f00       __alloca_probe             10007f00     LIBCMT:chkstk.obj
 0001:00006f00       __chkstk                   10007f00 f   LIBCMT:chkstk.obj
 0001:0000715a       _strtol                    1000815a f   LIBCMT:strtol.obj
 0001:00007190       ___ascii_strnicmp          10008190 f   LIBCMT:_strnicm.obj
 0001:00007200       __aulldvrm                 10008200 f   LIBCMT:ulldvrm.obj
 0001:000072a0       __allmul                   100082a0 f   LIBCMT:llmul.obj
 0001:000072f0       _strchr                    100082f0 f   LIBCMT:strchr.obj
 0001:000072f6       ___from_strstr_to_strchr   100082f6     LIBCMT:strchr.obj
 0001:000073ae       _RtlUnwind@16              100083ae f   kernel32:KERNEL32.dll
 0002:00000000       __imp__GetProcAddress@8    10009000     kernel32:KERNEL32.dll
 0002:00000004       __imp__LoadLibraryA@4      10009004     kernel32:KERNEL32.dll
 0002:00000008       __imp__GetCurrentThreadId@0 10009008     kernel32:KERNEL32.dll
 0002:0000000c       __imp__GetCommandLineA@0   1000900c     kernel32:KERNEL32.dll
 0002:00000010       __imp__TerminateProcess@8  10009010     kernel32:KERNEL32.dll
 0002:00000014       __imp__GetCurrentProcess@0 10009014     kernel32:KERNEL32.dll
 0002:00000018       __imp__UnhandledExceptionFilter@4 10009018     kernel32:KERNEL32.dll
 0002:0000001c       __imp__SetUnhandledExceptionFilter@4 1000901c     kernel32:KERNEL32.dll
 0002:00000020       __imp__IsDebuggerPresent@0 10009020     kernel32:KERNEL32.dll
 0002:00000024       __imp__GetModuleHandleW@4  10009024     kernel32:KERNEL32.dll
 0002:00000028       __imp__TlsGetValue@4       10009028     kernel32:KERNEL32.dll
 0002:0000002c       __imp__TlsAlloc@0          1000902c     kernel32:KERNEL32.dll
 0002:00000030       __imp__TlsSetValue@8       10009030     kernel32:KERNEL32.dll
 0002:00000034       __imp__TlsFree@4           10009034     kernel32:KERNEL32.dll
 0002:00000038       __imp__InterlockedIncrement@4 10009038     kernel32:KERNEL32.dll
 0002:0000003c       __imp__SetLastError@4      1000903c     kernel32:KERNEL32.dll
 0002:00000040       __imp__GetLastError@0      10009040     kernel32:KERNEL32.dll
 0002:00000044       __imp__InterlockedDecrement@4 10009044     kernel32:KERNEL32.dll
 0002:00000048       __imp__HeapFree@12         10009048     kernel32:KERNEL32.dll
 0002:0000004c       __imp__Sleep@4             1000904c     kernel32:KERNEL32.dll
 0002:00000050       __imp__ExitProcess@4       10009050     kernel32:KERNEL32.dll
 0002:00000054       __imp__SetHandleCount@4    10009054     kernel32:KERNEL32.dll
 0002:00000058       __imp__GetStdHandle@4      10009058     kernel32:KERNEL32.dll
 0002:0000005c       __imp__GetFileType@4       1000905c     kernel32:KERNEL32.dll
 0002:00000060       __imp__GetStartupInfoA@4   10009060     kernel32:KERNEL32.dll
 0002:00000064       __imp__DeleteCriticalSection@4 10009064     kernel32:KERNEL32.dll
 0002:00000068       __imp__GetModuleFileNameA@12 10009068     kernel32:KERNEL32.dll
 0002:0000006c       __imp__FreeEnvironmentStringsA@4 1000906c     kernel32:KERNEL32.dll
 0002:00000070       __imp__GetEnvironmentStrings@0 10009070     kernel32:KERNEL32.dll
 0002:00000074       __imp__FreeEnvironmentStringsW@4 10009074     kernel32:KERNEL32.dll
 0002:00000078       __imp__WideCharToMultiByte@32 10009078     kernel32:KERNEL32.dll
 0002:0000007c       __imp__GetEnvironmentStringsW@0 1000907c     kernel32:KERNEL32.dll
 0002:00000080       __imp__HeapCreate@12       10009080     kernel32:KERNEL32.dll
 0002:00000084       __imp__HeapDestroy@4       10009084     kernel32:KERNEL32.dll
 0002:00000088       __imp__VirtualFree@12      10009088     kernel32:KERNEL32.dll
 0002:0000008c       __imp__QueryPerformanceCounter@4 1000908c     kernel32:KERNEL32.dll
 0002:00000090       __imp__GetTickCount@0      10009090     kernel32:KERNEL32.dll
 0002:00000094       __imp__GetCurrentProcessId@0 10009094     kernel32:KERNEL32.dll
 0002:00000098       __imp__GetSystemTimeAsFileTime@4 10009098     kernel32:KERNEL32.dll
 0002:0000009c       __imp__LeaveCriticalSection@4 1000909c     kernel32:KERNEL32.dll
 0002:000000a0       __imp__EnterCriticalSection@4 100090a0     kernel32:KERNEL32.dll
 0002:000000a4       __imp__GetCPInfo@8         100090a4     kernel32:KERNEL32.dll
 0002:000000a8       __imp__GetACP@0            100090a8     kernel32:KERNEL32.dll
 0002:000000ac       __imp__GetOEMCP@0          100090ac     kernel32:KERNEL32.dll
 0002:000000b0       __imp__IsValidCodePage@4   100090b0     kernel32:KERNEL32.dll
 0002:000000b4       __imp__HeapAlloc@12        100090b4     kernel32:KERNEL32.dll
 0002:000000b8       __imp__VirtualAlloc@16     100090b8     kernel32:KERNEL32.dll
 0002:000000bc       __imp__HeapReAlloc@16      100090bc     kernel32:KERNEL32.dll
 0002:000000c0       __imp__WriteFile@20        100090c0     kernel32:KERNEL32.dll
 0002:000000c4       __imp__InitializeCriticalSectionAndSpinCount@8 100090c4     kernel32:KERNEL32.dll
 0002:000000c8       __imp__RtlUnwind@16        100090c8     kernel32:KERNEL32.dll
 0002:000000cc       __imp__GetLocaleInfoA@16   100090cc     kernel32:KERNEL32.dll
 0002:000000d0       __imp__GetStringTypeA@20   100090d0     kernel32:KERNEL32.dll
 0002:000000d4       __imp__MultiByteToWideChar@24 100090d4     kernel32:KERNEL32.dll
 0002:000000d8       __imp__GetStringTypeW@16   100090d8     kernel32:KERNEL32.dll
 0002:000000dc       __imp__LCMapStringA@24     100090dc     kernel32:KERNEL32.dll
 0002:000000e0       __imp__LCMapStringW@24     100090e0     kernel32:KERNEL32.dll
 0002:000000e4       __imp__HeapSize@12         100090e4     kernel32:KERNEL32.dll
 0002:000000e8       \177KERNEL32_NULL_THUNK_DATA 100090e8     kernel32:KERNEL32.dll
 0002:000000ec       __imp__GetKeyState@4       100090ec     user32:USER32.dll
 0002:000000f0       \177USER32_NULL_THUNK_DATA 100090f0     user32:USER32.dll
 0002:000000f4       ___xc_a                    100090f4     LIBCMT:crt0init.obj
 0002:000000f8       ___xc_z                    100090f8     LIBCMT:crt0init.obj
 0002:000000fc       ___xi_a                    100090fc     LIBCMT:crt0init.obj
 0002:0000010c       ___xi_z                    1000910c     LIBCMT:crt0init.obj
 0002:00000110       ___xp_a                    10009110     LIBCMT:crt0init.obj
 0002:00000114       ___xp_z                    10009114     LIBCMT:crt0init.obj
 0002:00000118       ___xt_a                    10009118     LIBCMT:crt0init.obj
 0002:0000011c       ___xt_z                    1000911c     LIBCMT:crt0init.obj
 0002:0000013c       __pDefaultRawDllMain       1000913c     LIBCMT:dllcrt0.obj
 0002:0000013c       __pRawDllMain              1000913c     LIBCMT:dllcrt0.obj
 0002:00000148       ??_C@_0O@NLDKAIKN@EncodePointer?$AA@ 10009148     LIBCMT:tidtable.obj
 0002:00000158       ??_C@_1BK@DBDEIDLH@?$AAK?$AAE?$AAR?$AAN?$AAE?$AAL?$AA3?$AA2?$AA?4?$AAD?$AAL?$AAL?$AA?$AA@ 10009158     LIBCMT:tidtable.obj
 0002:00000174       ??_C@_0O@KBPMFGHI@DecodePointer?$AA@ 10009174     LIBCMT:tidtable.obj
 0002:00000184       ??_C@_07PEJMOBNF@FlsFree?$AA@ 10009184     LIBCMT:tidtable.obj
 0002:0000018c       ??_C@_0M@JCPCPOEF@FlsSetValue?$AA@ 1000918c     LIBCMT:tidtable.obj
 0002:00000198       ??_C@_0M@GDNOONDI@FlsGetValue?$AA@ 10009198     LIBCMT:tidtable.obj
 0002:000001a4       ??_C@_08KNHFBNJ@FlsAlloc?$AA@ 100091a4     LIBCMT:tidtable.obj
 0002:000001b0       ??_C@_0P@MIGLKIOC@CorExitProcess?$AA@ 100091b0     LIBCMT:crt0dat.obj
 0002:000001c0       ??_C@_1BI@BGOHAHKC@?$AAm?$AAs?$AAc?$AAo?$AAr?$AAe?$AAe?$AA?4?$AAd?$AAl?$AAl?$AA?$AA@ 100091c0     LIBCMT:crt0dat.obj
 0002:000001d8       __XcptActTab               100091d8     LIBCMT:winxfltr.obj
 0002:000002d0       ??_C@_0P@GGKDKEEG@runtime?5error?5?$AA@ 100092d0     LIBCMT:crt0msg.obj
 0002:000002e0       ??_C@_02PCIJFNDE@?$AN?6?$AA@ 100092e0     LIBCMT:crt0msg.obj
 0002:000002e4       ??_C@_0O@MJNIPGOH@TLOSS?5error?$AN?6?$AA@ 100092e4     LIBCMT:crt0msg.obj
 0002:000002f4       ??_C@_0N@BONNPDHF@SING?5error?$AN?6?$AA@ 100092f4     LIBCMT:crt0msg.obj
 0002:00000304       ??_C@_0P@MBDAJNE@DOMAIN?5error?$AN?6?$AA@ 10009304     LIBCMT:crt0msg.obj
 0002:00000318       ??_C@_0JL@DFDOOABL@R6034?$AN?6An?5application?5has?5made?5a@ 10009318     LIBCMT:crt0msg.obj
 0002:000003b8       ??_C@_0PH@EPAFIJ@R6033?$AN?6?9?5Attempt?5to?5use?5MSIL?5cod@ 100093b8     LIBCMT:crt0msg.obj
 0002:000004b0       ??_C@_0DD@BKEEABMM@R6032?$AN?6?9?5not?5enough?5space?5for?5lo@ 100094b0     LIBCMT:crt0msg.obj
 0002:000004e8       ??_C@_0GD@OFKILIED@R6031?$AN?6?9?5Attempt?5to?5initialize?5t@ 100094e8     LIBCMT:crt0msg.obj
 0002:0000054c       ??_C@_0BP@LPMHJOKI@R6030?$AN?6?9?5CRT?5not?5initialized?$AN?6?$AA@ 1000954c     LIBCMT:crt0msg.obj
 0002:0000056c       ??_C@_0CF@KJDAIALP@R6028?$AN?6?9?5unable?5to?5initialize?5he@ 1000956c     LIBCMT:crt0msg.obj
 0002:00000594       ??_C@_0DF@GAKBPDFP@R6027?$AN?6?9?5not?5enough?5space?5for?5lo@ 10009594     LIBCMT:crt0msg.obj
 0002:000005cc       ??_C@_0DF@IBLNNAIG@R6026?$AN?6?9?5not?5enough?5space?5for?5st@ 100095cc     LIBCMT:crt0msg.obj
 0002:00000604       ??_C@_0CG@IOHKGFNJ@R6025?$AN?6?9?5pure?5virtual?5function?5c@ 10009604     LIBCMT:crt0msg.obj
 0002:0000062c       ??_C@_0DF@JIJJFJDC@R6024?$AN?6?9?5not?5enough?5space?5for?5_o@ 1000962c     LIBCMT:crt0msg.obj
 0002:00000664       ??_C@_0CJ@EGEJHFME@R6019?$AN?6?9?5unable?5to?5open?5console?5@ 10009664     LIBCMT:crt0msg.obj
 0002:00000690       ??_C@_0CB@GNHNIELH@R6018?$AN?6?9?5unexpected?5heap?5error?$AN?6@ 10009690     LIBCMT:crt0msg.obj
 0002:000006b4       ??_C@_0CN@FOLDKNG@R6017?$AN?6?9?5unexpected?5multithread?5@ 100096b4     LIBCMT:crt0msg.obj
 0002:000006e4       ??_C@_0CM@FAHFJNHO@R6016?$AN?6?9?5not?5enough?5space?5for?5th@ 100096e4     LIBCMT:crt0msg.obj
 0002:00000710       ??_C@_0JG@LBKMGKLD@?$AN?6This?5application?5has?5requested@ 10009710     LIBCMT:crt0msg.obj
 0002:000007a8       ??_C@_0CM@FLCNIPKK@R6009?$AN?6?9?5not?5enough?5space?5for?5en@ 100097a8     LIBCMT:crt0msg.obj
 0002:000007d4       ??_C@_0CK@KMMJOAPP@R6008?$AN?6?9?5not?5enough?5space?5for?5ar@ 100097d4     LIBCMT:crt0msg.obj
 0002:00000800       ??_C@_0CN@LEKKICBM@R6002?$AN?6?9?5floating?5point?5support?5@ 10009800     LIBCMT:crt0msg.obj
 0002:00000830       ??_C@_0CF@GOGNBNAK@Microsoft?5Visual?5C?$CL?$CL?5Runtime?5Lib@ 10009830     LIBCMT:crt0msg.obj
 0002:00000858       ??_C@_02PHMGELLB@?6?6?$AA@ 10009858     LIBCMT:crt0msg.obj
 0002:0000085c       ??_C@_03KHICJKCI@?4?4?4?$AA@ 1000985c     LIBCMT:crt0msg.obj
 0002:00000860       ??_C@_0BH@DNAGHKFM@?$DMprogram?5name?5unknown?$DO?$AA@ 10009860     LIBCMT:crt0msg.obj
 0002:00000878       ??_C@_0BK@OFGJDLJJ@Runtime?5Error?$CB?6?6Program?3?5?$AA@ 10009878     LIBCMT:crt0msg.obj
 0002:00000898       ___newctype                10009898     LIBCMT:ctype.obj
 0002:00000b98       __wctype                   10009b98     LIBCMT:ctype.obj
 0002:00000da0       ___newclmap                10009da0     LIBCMT:ctype.obj
 0002:00000f20       ___newcumap                10009f20     LIBCMT:ctype.obj
 0002:000010a0       ??_C@_08JCCMCCIL@HH?3mm?3ss?$AA@ 1000a0a0     LIBCMT:strftime.obj
 0002:000010ac       ??_C@_0BE@CKGJFCPC@dddd?0?5MMMM?5dd?0?5yyyy?$AA@ 1000a0ac     LIBCMT:strftime.obj
 0002:000010c0       ??_C@_08BPBNCDIB@MM?1dd?1yy?$AA@ 1000a0c0     LIBCMT:strftime.obj
 0002:000010cc       ??_C@_02CJNFDJBF@PM?$AA@   1000a0cc     LIBCMT:strftime.obj
 0002:000010d0       ??_C@_02DEDBPAFC@AM?$AA@   1000a0d0     LIBCMT:strftime.obj
 0002:000010d4       ??_C@_08EDHMEBNP@December?$AA@ 1000a0d4     LIBCMT:strftime.obj
 0002:000010e0       ??_C@_08HCHEGEOA@November?$AA@ 1000a0e0     LIBCMT:strftime.obj
 0002:000010ec       ??_C@_07JJNFCEND@October?$AA@ 1000a0ec     LIBCMT:strftime.obj
 0002:000010f4       ??_C@_09BHHEALKD@September?$AA@ 1000a0f4     LIBCMT:strftime.obj
 0002:00001100       ??_C@_06LBBHFDDG@August?$AA@ 1000a100     LIBCMT:strftime.obj
 0002:00001108       ??_C@_04MIEPOIFP@July?$AA@ 1000a108     LIBCMT:strftime.obj
 0002:00001110       ??_C@_04CNLMGBGM@June?$AA@ 1000a110     LIBCMT:strftime.obj
 0002:00001118       ??_C@_05DMJDNLEJ@April?$AA@ 1000a118     LIBCMT:strftime.obj
 0002:00001120       ??_C@_05HPCKOFNC@March?$AA@ 1000a120     LIBCMT:strftime.obj
 0002:00001128       ??_C@_08GNJGEPFN@February?$AA@ 1000a128     LIBCMT:strftime.obj
 0002:00001134       ??_C@_07CGJPFGJA@January?$AA@ 1000a134     LIBCMT:strftime.obj
 0002:0000113c       ??_C@_03MKABNOCG@Dec?$AA@  1000a13c     LIBCMT:strftime.obj
 0002:00001140       ??_C@_03JPJOFNIA@Nov?$AA@  1000a140     LIBCMT:strftime.obj
 0002:00001144       ??_C@_03BMAOKBAD@Oct?$AA@  1000a144     LIBCMT:strftime.obj
 0002:00001148       ??_C@_03GGCAPAJC@Sep?$AA@  1000a148     LIBCMT:strftime.obj
 0002:0000114c       ??_C@_03IFJFEIGA@Aug?$AA@  1000a14c     LIBCMT:strftime.obj
 0002:00001150       ??_C@_03LBGABGKK@Jul?$AA@  1000a150     LIBCMT:strftime.obj
 0002:00001154       ??_C@_03IDFGHECI@Jun?$AA@  1000a154     LIBCMT:strftime.obj
 0002:00001158       ??_C@_03CNMDKL@May?$AA@    1000a158     LIBCMT:strftime.obj
 0002:0000115c       ??_C@_03LEOLGMJP@Apr?$AA@  1000a15c     LIBCMT:strftime.obj
 0002:00001160       ??_C@_03ODNJBKGA@Mar?$AA@  1000a160     LIBCMT:strftime.obj
 0002:00001164       ??_C@_03HJBDCHOM@Feb?$AA@  1000a164     LIBCMT:strftime.obj
 0002:00001168       ??_C@_03JIHJHPIE@Jan?$AA@  1000a168     LIBCMT:strftime.obj
 0002:0000116c       ??_C@_08INBOOONO@Saturday?$AA@ 1000a16c     LIBCMT:strftime.obj
 0002:00001178       ??_C@_06JECMNKMI@Friday?$AA@ 1000a178     LIBCMT:strftime.obj
 0002:00001180       ??_C@_08HACCIKIA@Thursday?$AA@ 1000a180     LIBCMT:strftime.obj
 0002:0000118c       ??_C@_09DLIGFAKA@Wednesday?$AA@ 1000a18c     LIBCMT:strftime.obj
 0002:00001198       ??_C@_07BAAGCFCM@Tuesday?$AA@ 1000a198     LIBCMT:strftime.obj
 0002:000011a0       ??_C@_06JLEDEDGH@Monday?$AA@ 1000a1a0     LIBCMT:strftime.obj
 0002:000011a8       ??_C@_06OOPIFAJ@Sunday?$AA@ 1000a1a8     LIBCMT:strftime.obj
 0002:000011b0       ??_C@_03FEFJNEK@Sat?$AA@   1000a1b0     LIBCMT:strftime.obj
 0002:000011b4       ??_C@_03IDIOELNC@Fri?$AA@  1000a1b4     LIBCMT:strftime.obj
 0002:000011b8       ??_C@_03IOFIKPDN@Thu?$AA@  1000a1b8     LIBCMT:strftime.obj
 0002:000011bc       ??_C@_03MHOMLAJA@Wed?$AA@  1000a1bc     LIBCMT:strftime.obj
 0002:000011c0       ??_C@_03NAGEINEP@Tue?$AA@  1000a1c0     LIBCMT:strftime.obj
 0002:000011c4       ??_C@_03PDAGKDH@Mon?$AA@   1000a1c4     LIBCMT:strftime.obj
 0002:000011c8       ??_C@_03KOEHGMDN@Sun?$AA@  1000a1c8     LIBCMT:strftime.obj
 0002:000011cc       ??_C@_13NOLLCAOD@?$AA?$AA?$AA?$AA@ 1000a1cc     LIBCMT:a_str.obj
 0002:000011d0       ??_C@_0BI@DFKBFLJE@GetProcessWindowStation?$AA@ 1000a1d0     LIBCMT:crtmbox.obj
 0002:000011e8       ??_C@_0BK@CIDNPOGP@GetUserObjectInformationA?$AA@ 1000a1e8     LIBCMT:crtmbox.obj
 0002:00001204       ??_C@_0BD@HHGDFDBJ@GetLastActivePopup?$AA@ 1000a204     LIBCMT:crtmbox.obj
 0002:00001218       ??_C@_0BA@HNOPNCHB@GetActiveWindow?$AA@ 1000a218     LIBCMT:crtmbox.obj
 0002:00001228       ??_C@_0M@CHKKJDAI@MessageBoxA?$AA@ 1000a228     LIBCMT:crtmbox.obj
 0002:00001234       ??_C@_0L@NDEGIDAG@USER32?4DLL?$AA@ 1000a234     LIBCMT:crtmbox.obj
 0002:00001240       ___dnames                  1000a240     LIBCMT:timeset.obj
 0002:00001258       ___mnames                  1000a258     LIBCMT:timeset.obj
 0002:00001280       ??_C@_0P@GHFPNOJB@bad?5allocation?$AA@ 1000a280     fast upgrade stacks in town.obj
 0002:00001290       ??_C@_0BA@FDLNIKIG@patcher_x86?4dll?$AA@ 1000a290     fast upgrade stacks in town.obj
 0002:000012a0       ??_C@_0BB@CKHJKIEB@_GetPatcherX86?$EA0?$AA@ 1000a2a0     fast upgrade stacks in town.obj
 0002:000012b4       ??_C@_0BH@LBAKKNP@WoG_AutoGradeMonInTown?$AA@ 1000a2b4     fast upgrade stacks in town.obj
 0002:000012d0       __load_config_used         1000a2d0     LIBCMT:loadcfg.obj
 0002:00001390       ___safe_se_handler_table   1000a390     <linker-defined>
 0002:0000139c       ___rtc_iaa                 1000a39c     LIBCMT:_initsect_.obj
 0002:000013a0       ___rtc_izz                 1000a3a0     LIBCMT:_initsect_.obj
 0002:000013a4       ___rtc_taa                 1000a3a4     LIBCMT:_initsect_.obj
 0002:000013a8       ___rtc_tzz                 1000a3a8     LIBCMT:_initsect_.obj
 0002:0000163c       __IMPORT_DESCRIPTOR_KERNEL32 1000a63c     kernel32:KERNEL32.dll
 0002:00001650       __IMPORT_DESCRIPTOR_USER32 1000a650     user32:USER32.dll
 0002:00001664       __NULL_IMPORT_DESCRIPTOR   1000a664     kernel32:KERNEL32.dll
 0003:00000000       ___security_cookie         1000b000     LIBCMT:gs_cookie.obj
 0003:00000004       ___security_cookie_complement 1000b004     LIBCMT:gs_cookie.obj
 0003:00000008       ___flsindex                1000b008     LIBCMT:tidtable.obj
 0003:0000000c       ___getvalueindex           1000b00c     LIBCMT:tidtable.obj
 0003:00000010       __aexit_rtn                1000b010     LIBCMT:crt0dat.obj
 0003:00000018       ___badioinfo               1000b018     LIBCMT:ioinit.obj
 0003:00000058       __amblksiz                 1000b058     LIBCMT:heapinit.obj
 0003:0000005c       __First_FPE_Indx           1000b05c     LIBCMT:winxfltr.obj
 0003:00000060       __Num_FPE                  1000b060     LIBCMT:winxfltr.obj
 0003:00000064       __XcptActTabSize           1000b064     LIBCMT:winxfltr.obj
 0003:00000068       __XcptActTabCount          1000b068     LIBCMT:winxfltr.obj
 0003:00000198       ___clocalestr              1000b198     LIBCMT:nlsdata2.obj
 0003:000001a0       ___initiallocinfo          1000b1a0     LIBCMT:nlsdata2.obj
 0003:00000278       ___ptlocinfo               1000b278     LIBCMT:nlsdata2.obj
 0003:0000027c       ___lc_clike                1000b27c     LIBCMT:nlsdata2.obj
 0003:00000280       ___initiallocalestructinfo 1000b280     LIBCMT:nlsdata2.obj
 0003:00000288       ___initialmbcinfo          1000b288     LIBCMT:mbctype.obj
 0003:000004a8       __mbctype                  1000b4a8     LIBCMT:mbctype.obj
 0003:000005b0       __mbcasemap                1000b5b0     LIBCMT:mbctype.obj
 0003:000006b0       ___ptmbcinfo               1000b6b0     LIBCMT:mbctype.obj
 0003:000009d0       __cfltcvt_tab              1000b9d0     LIBCMT:cmiscdat.obj
 0003:00000a00       __pctype                   1000ba00     LIBCMT:ctype.obj
 0003:00000a04       __pwctype                  1000ba04     LIBCMT:ctype.obj
 0003:00000a08       ___lc_time_c               1000ba08     LIBCMT:strftime.obj
 0003:00000ac0       ___lc_time_curr            1000bac0     LIBCMT:strftime.obj
 0003:00000ac4       ___lconv_static_decimal    1000bac4     LIBCMT:lconv.obj
 0003:00000ac8       ___lconv_c                 1000bac8     LIBCMT:lconv.obj
 0003:00000af8       ___lconv                   1000baf8     LIBCMT:lconv.obj
 0003:00000afc       ___globallocalestatus      1000bafc     LIBCMT:glstatus.obj
 0003:00000b00       ___mb_cur_max              1000bb00     LIBCMT:nlsdata1.obj
 0003:00000b04       ___decimal_point           1000bb04     LIBCMT:nlsdata1.obj
 0003:00000b08       ___decimal_point_length    1000bb08     LIBCMT:nlsdata1.obj
 0003:00000b10       ___abort_behavior          1000bb10     LIBCMT:abort.obj
 0003:00000b14       __NLG_Destination          1000bb14     LIBCMT:exsup.obj
 0003:00000b28       __timezone                 1000bb28     LIBCMT:timeset.obj
 0003:00000b2c       __daylight                 1000bb2c     LIBCMT:timeset.obj
 0003:00000b30       __dstbias                  1000bb30     LIBCMT:timeset.obj
 0003:00000bb8       __tzname                   1000bbb8     LIBCMT:timeset.obj
 0003:00000be0       __lpdays                   1000bbe0     LIBCMT:days.obj
 0003:00000c14       __days                     1000bc14     LIBCMT:days.obj
 0003:00000c64       __aenvptr                  1000bc64     LIBCMT:dllcrt0.obj
 0003:00000c68       __wenvptr                  1000bc68     LIBCMT:dllcrt0.obj
 0003:00000c6c       ___error_mode              1000bc6c     LIBCMT:dllcrt0.obj
 0003:00000c70       ___app_type                1000bc70     LIBCMT:dllcrt0.obj
 0003:00000f9c       _gpFlsAlloc                1000bf9c     LIBCMT:tidtable.obj
 0003:00000fa0       _gpFlsGetValue             1000bfa0     LIBCMT:tidtable.obj
 0003:00000fa4       _gpFlsSetValue             1000bfa4     LIBCMT:tidtable.obj
 0003:00000fa8       _gpFlsFree                 1000bfa8     LIBCMT:tidtable.obj
 0003:00000fac       __maxwait                  1000bfac     LIBCMT:crtheap.obj
 0003:00000fb0       __umaskval                 1000bfb0     LIBCMT:crt0dat.obj
 0003:00000fb4       ___argc                    1000bfb4     LIBCMT:crt0dat.obj
 0003:00000fb8       ___argv                    1000bfb8     LIBCMT:crt0dat.obj
 0003:00000fbc       ___wargv                   1000bfbc     LIBCMT:crt0dat.obj
 0003:00000fc0       __environ                  1000bfc0     LIBCMT:crt0dat.obj
 0003:00000fc4       ___initenv                 1000bfc4     LIBCMT:crt0dat.obj
 0003:00000fc8       __wenviron                 1000bfc8     LIBCMT:crt0dat.obj
 0003:00000fcc       ___winitenv                1000bfcc     LIBCMT:crt0dat.obj
 0003:00000fd0       __pgmptr                   1000bfd0     LIBCMT:crt0dat.obj
 0003:00000fd4       __wpgmptr                  1000bfd4     LIBCMT:crt0dat.obj
 0003:00000fd8       __exitflag                 1000bfd8     LIBCMT:crt0dat.obj
 0003:00000fdc       __C_Termination_Done       1000bfdc     LIBCMT:crt0dat.obj
 0003:00000fe0       __C_Exit_Done              1000bfe0     LIBCMT:crt0dat.obj
 0003:000010f4       __crtheap                  1000c0f4     LIBCMT:heapinit.obj
 0003:00001248       ___locale_changed          1000c248     LIBCMT:setlocal.obj
 0003:0000124c       ___lc_handle               1000c24c     LIBCMT:nlsdata2.obj
 0003:00001264       ___lc_codepage             1000c264     LIBCMT:nlsdata2.obj
 0003:00001268       ___lc_collate_cp           1000c268     LIBCMT:nlsdata2.obj
 0003:00001270       ___mbulinfo                1000c270     LIBCMT:mbctype.obj
 0003:0000127c       ___mbcodepage              1000c27c     LIBCMT:mbctype.obj
 0003:00001280       ___ismbcodepage            1000c280     LIBCMT:mbctype.obj
 0003:00001284       ___mblcid                  1000c284     LIBCMT:mbctype.obj
 0003:00001288       ___sbh_pHeaderDefer        1000c288     LIBCMT:sbheap.obj
 0003:000015a4       ___pInvalidArgHandler      1000c5a4     LIBCMT:invarg.obj
 0003:000015a8       ?__pInconsistency@@3P6AXXZA 1000c5a8     LIBCMT:hooks.obj
 0003:000015cc       ___pPurecall               1000c5cc     LIBCMT:inithelp.obj
 0003:000015d4       ?_pnhHeap@@3P6AHI@ZA       1000c5d4     LIBCMT:handler.obj
 0003:000015d8       ___lconv_static_null       1000c5d8     LIBCMT:lconv.obj
 0003:000015e4       __newmode                  1000c5e4     LIBCMT:_newmode.obj
 0003:000016b8       ?_PI@@3PAVPatcherInstance@@A 1000c6b8     fast upgrade stacks in town.obj
 0003:000016bc       ?_P@@3PAVPatcher@@A        1000c6bc     fast upgrade stacks in town.obj
 0003:000016c0       ?cost_res@@3PAHA           1000c6c0     fast upgrade stacks in town.obj
 0003:000016dc       ?calls_count@?1??GetPatcher@@YAPAVPatcher@@XZ@4HA 1000c6dc     fast upgrade stacks in town.obj
 0003:000016e4       ___sse2_available          1000c6e4     <common>
 0003:000016e8       ___sbh_cntHeaderList       1000c6e8     <common>
 0003:000016ec       ___sbh_pHeaderList         1000c6ec     <common>
 0003:000016f0       ___sbh_threshold           1000c6f0     <common>
 0003:000016f4       ___sbh_pHeaderScan         1000c6f4     <common>
 0003:000016f8       ___sbh_sizeHeaderList      1000c6f8     <common>
 0003:000016fc       ___sbh_indGroupDefer       1000c6fc     <common>
 0003:00001700       __debugger_hook_dummy      1000c700     <common>
 0003:00001704       __pDestructExceptionObject 1000c704     <common>
 0003:00001708       ___active_heap             1000c708     <common>
 0003:0000170c       __nhandle                  1000c70c     <common>
 0003:00001720       ___pioinfo                 1000c720     <common>
 0003:00001820       ___env_initialized         1000c820     <common>
 0003:00001824       ___onexitend               1000c824     <common>
 0003:00001828       ___onexitbegin             1000c828     <common>
 0003:0000182c       ___mbctype_initialized     1000c82c     <common>
 0003:00001830       __FPinit                   1000c830     <common>
 0003:00001834       ___dyn_tls_init_callback   1000c834     <common>
 0003:00001838       __acmdln                   1000c838     <common>

 entry point at        0001:000012a8

 Static symbols

 0001:000011b2       ___DllMainCRTStartup       100021b2 f   LIBCMT:dllcrt0.obj
 0001:00001bf7       __initterm                 10002bf7 f   LIBCMT:crt0dat.obj
 0001:00001cbd       _doexit                    10002cbd f   LIBCMT:crt0dat.obj
 0001:000021dc       _parse_cmdline             100031dc f   LIBCMT:stdargv.obj
 0001:00002e8a       __updatetlocinfoEx_nolock  10003e8a f   LIBCMT:setlocal.obj
 0001:00002f3e       ?CPtoLCID@@YAHH@Z          10003f3e f   LIBCMT:mbctype.obj
 0001:00002f6d       ?setSBCS@@YAXPAUthreadmbcinfostruct@@@Z 10003f6d f   LIBCMT:mbctype.obj
 0001:00002fd1       ?setSBUpLow@@YAXPAUthreadmbcinfostruct@@@Z 10003fd1 f   LIBCMT:mbctype.obj
 0001:0000328f       ?getSystemCP@@YAHH@Z       1000428f f   LIBCMT:mbctype.obj
 0001:00004954       __onexit_nolock            10005954 f   LIBCMT:onexit.obj
 0001:00004c75       _siglookup                 10005c75 f   LIBCMT:winsig.obj
 0001:0000502b       ?x_ismbbtype_l@@YAHPAUlocaleinfo_struct@@IHH@Z 1000602b f   LIBCMT:ismbbyte.obj
 0001:00005498       __unwind_handler4          10006498 f   LIBCMT:exsup4.obj
 0001:00005a68       ?__crtGetStringTypeA_stat@@YAHPAUlocaleinfo_struct@@KPBDHPAGHHH@Z 10006a68 f   LIBCMT:a_str.obj
 0001:00005cb0       ?__crtLCMapStringA_stat@@YAHPAUlocaleinfo_struct@@KKPBDHPADHHH@Z 10006cb0 f   LIBCMT:a_map.obj
 0001:0000677c       _fastcopy_I                1000777c f   LIBCMT:p4_memcpy.obj
 0001:000068e6       _has_osfxsr_set            100078e6 f   LIBCMT:cpu_disp.obj
 0001:000069c8       __unwind_handler           100079c8 f   LIBCMT:exsup.obj
 0001:00006b4c       _fastzero_I                10007b4c f   LIBCMT:p4_memset.obj
 0001:00006f2b       ?strtoxl@@YAKPAUlocaleinfo_struct@@PBDPAPBDHH@Z 10007f2b f   LIBCMT:strtol.obj
