 game bug fixes

 Timestamp is 5e9f16ad (Tue Apr 21 18:52:13 2020)

 Preferred load address is 10000000

 Start         Length     Name                   Class
 0001:00000000 00007424H .text                   CODE
 0002:00000000 000000ecH .idata$5                DATA
 0002:000000ec 00000004H .CRT$XCA                DATA
 0002:000000f0 00000004H .CRT$XCZ                DATA
 0002:000000f4 00000004H .CRT$XIA                DATA
 0002:000000f8 0000000cH .CRT$XIC                DATA
 0002:00000104 00000004H .CRT$XIZ                DATA
 0002:00000108 00000004H .CRT$XPA                DATA
 0002:0000010c 00000004H .CRT$XPZ                DATA
 0002:00000110 00000004H .CRT$XTA                DATA
 0002:00000114 00000004H .CRT$XTZ                DATA
 0002:00000120 00001318H .rdata                  DATA
 0002:00001438 00000062H .rdata$debug            DATA
 0002:000014a0 0000000cH .rdata$sxdata           DATA
 0002:000014ac 00000004H .rtc$IAA                DATA
 0002:000014b0 00000004H .rtc$IZZ                DATA
 0002:000014b4 00000004H .rtc$TAA                DATA
 0002:000014b8 00000004H .rtc$TZZ                DATA
 0002:000014c0 0000028cH .xdata$x                DATA
 0002:0000174c 00000014H .idata$2                DATA
 0002:00001760 00000014H .idata$3                DATA
 0002:00001774 000000ecH .idata$4                DATA
 0002:00001860 0000043cH .idata$6                DATA
 0002:00001c9c 00000000H .edata                  DATA
 0003:00000000 00000c54H .data                   DATA
 0003:00000c60 00000bbcH .bss                    DATA

  Address         Publics by Value              Rva+Base       Lib:Object

 0000:00000000       __except_list              00000000     <absolute>
 0000:00000003       ___safe_se_handler_count   00000003     <absolute>
 0000:00000000       ___ImageBase               10000000     <linker-defined>
 0001:00000000       ?WriteCodePatch@PatcherInstance@@QAAPAVPatch@@IPADZZ 10001000 f i game bug fixes.obj
 0001:00000020       ?AI_split_div0@@YGHPAVLoHook@@PAUHookContext@@@Z 10001020 f   game bug fixes.obj
 0001:00000040       ?HH_Show_Hero_Info_Dlg@@YGXPAVHiHook@@HHH@Z 10001040 f   game bug fixes.obj
 0001:00000080       ?AI_waterwalk_fly@@YGHPAVLoHook@@PAUHookContext@@@Z 10001080 f   game bug fixes.obj
 0001:000000e0       ?AI_TP_cursed_check@@YGHPAVLoHook@@PAUHookContext@@@Z 100010e0 f   game bug fixes.obj
 0001:00000110       ?castleOwnerCheck@@YGHPAVLoHook@@PAUHookContext@@@Z 10001110 f   game bug fixes.obj
 0001:00000140       ?EarthquakeBug@@YGHPAVLoHook@@PAUHookContext@@@Z 10001140 f   game bug fixes.obj
 0001:00000160       ?faerie_button@@YGHPAVLoHook@@PAUHookContext@@@Z 10001160 f   game bug fixes.obj
 0001:00000180       ?faerie_button_RMB@@YGHPAVLoHook@@PAUHookContext@@@Z 10001180 f   game bug fixes.obj
 0001:000001a0       ?setActStack@@YGHPAVLoHook@@PAUHookContext@@@Z 100011a0 f   game bug fixes.obj
 0001:00000210       ?catapultaShoot@@YGHPAVLoHook@@PAUHookContext@@@Z 10001210 f   game bug fixes.obj
 0001:00000230       ?monstreShoot@@YGHPAVLoHook@@PAUHookContext@@@Z 10001230 f   game bug fixes.obj
 0001:00000260       ?Y_FixBagCreatureGredeOfNeutrals@@YGHPAVHiHook@@PAU_Army_@@H@Z 10001260 f   game bug fixes.obj
 0001:000002a0       ?fixHarpyBinds@@YGHPAVLoHook@@PAUHookContext@@@Z 100012a0 f   game bug fixes.obj
 0001:000002d0       ?ERM_Fix_EA_E@@YGHPAVHiHook@@PAU_BattleStack_@@@Z 100012d0 f   game bug fixes.obj
 0001:00000370       ?Y_AntiKavalierAndFly@@YGHPAVLoHook@@PAUHookContext@@@Z 10001370 f   game bug fixes.obj
 0001:000003a0       ?Y_SetCanselWitchHut@@YGHPAVHiHook@@PAU_Hero_@@HE@Z 100013a0 f   game bug fixes.obj
 0001:000003e0       ?Y_SetCanselScholarlySS@@YGHPAVLoHook@@PAUHookContext@@@Z 100013e0 f   game bug fixes.obj
 0001:00000470       ?Y_FixWoG_GetCreatureGrade@@YGHPAVLoHook@@PAUHookContext@@@Z 10001470 f   game bug fixes.obj
 0001:000004d0       ?Y_WoG_MixedPos_Fix@@YGIPAVHiHook@@HHH@Z 100014d0 f   game bug fixes.obj
 0001:00000500       ?Y_WoG_UnMixedPos_Fix@@YGXPAVHiHook@@IIII@Z 10001500 f   game bug fixes.obj
 0001:00000540       ?Y_SetWogHates@@YGHPAVLoHook@@PAUHookContext@@@Z 10001540 f   game bug fixes.obj
 0001:00000680       ?Y_DlgSpellBook_FixDecription_SpellPower@@YG_JPAVHiHook@@PAU_Hero_@@HHPAU_BattleStack_@@@Z 10001680 f   game bug fixes.obj
 0001:000006d0       ?Y_Fix_ViewEarthOrAirSpell_Add_Monoliths_Show@@YGHPAVLoHook@@PAUHookContext@@@Z 100016d0 f   game bug fixes.obj
 0001:00000770       ?Y_Fix_ViewEarthOrAirSpell_Add_Monoliths_Prepare@@YGHPAVLoHook@@PAUHookContext@@@Z 10001770 f   game bug fixes.obj
 0001:000007b0       ?Y_Fix_ReportStatusMsg_CastArmageddonSpell@@YGHPAVHiHook@@PAU_BattleMgr_@@HHPAU_Hero_@@2PAU_BattleStack_@@H@Z 100017b0 f   game bug fixes.obj
 0001:00000800       ?Fix_WoG_GetCreatureGrade_Expo@@YGHPAVLoHook@@PAUHookContext@@@Z 10001800 f   game bug fixes.obj
 0001:00000820       ?Fix_WoG_GetCreatureGrade_Town@@YGHPAVLoHook@@PAUHookContext@@@Z 10001820 f   game bug fixes.obj
 0001:00000840       ?Y_ArtGive_Spell@@YGHPAVHiHook@@HID@Z 10001840 f   game bug fixes.obj
 0001:00000880       ?Y_ArtGive_LoadSpells@@YGHPAVHiHook@@HD@Z 10001880 f   game bug fixes.obj
 0001:000008c0       ?Y_ArtGive_AllSpells@@YGHPAVHiHook@@HD@Z 100018c0 f   game bug fixes.obj
 0001:00000910       ?startPlugin@@YAXPAVPatcher@@PAVPatcherInstance@@@Z 10001910 f   game bug fixes.obj
 0001:00001070       _DllMain@12                10002070 f   game bug fixes.obj
 0001:000010e1       @__security_check_cookie@4 100020e1 f   LIBCMT:secchk.obj
 0001:000010f0       __CRT_INIT@12              100020f0 f   LIBCMT:dllcrt0.obj
 0001:0000131b       __DllMainCRTStartup@12     1000231b f   LIBCMT:dllcrt0.obj
 0001:0000133e       ___report_gsfailure        1000233e f   LIBCMT:gs_report.obj
 0001:00001444       __encode_pointer           10002444 f   LIBCMT:tidtable.obj
 0001:000014b6       __encoded_null             100024b6 f   LIBCMT:tidtable.obj
 0001:000014bf       __decode_pointer           100024bf f   LIBCMT:tidtable.obj
 0001:00001531       ___crtTlsAlloc@4           10002531 f   LIBCMT:tidtable.obj
 0001:0000153a       ___set_flsgetvalue         1000253a f   LIBCMT:tidtable.obj
 0001:0000156e       __mtterm                   1000256e f   LIBCMT:tidtable.obj
 0001:000015ab       __initptd                  100025ab f   LIBCMT:tidtable.obj
 0001:00001692       __getptd_noexit            10002692 f   LIBCMT:tidtable.obj
 0001:0000170b       __getptd                   1000270b f   LIBCMT:tidtable.obj
 0001:00001725       __freefls@4                10002725 f   LIBCMT:tidtable.obj
 0001:00001854       __freeptd                  10002854 f   LIBCMT:tidtable.obj
 0001:000018c2       __mtinit                   100028c2 f   LIBCMT:tidtable.obj
 0001:00001a4f       _free                      10002a4f f   LIBCMT:free.obj
 0001:00001add       __malloc_crt               10002add f   LIBCMT:crtheap.obj
 0001:00001b22       __calloc_crt               10002b22 f   LIBCMT:crtheap.obj
 0001:00001b6e       __realloc_crt              10002b6e f   LIBCMT:crtheap.obj
 0001:00001bbc       __crt_waiting_on_module_handle 10002bbc f   LIBCMT:crt0dat.obj
 0001:00001bec       __amsg_exit                10002bec f   LIBCMT:crt0dat.obj
 0001:00001c15       ___crtCorExitProcess       10002c15 f   LIBCMT:crt0dat.obj
 0001:00001c40       ___crtExitProcess          10002c40 f   LIBCMT:crt0dat.obj
 0001:00001c58       __lockexit                 10002c58 f   LIBCMT:crt0dat.obj
 0001:00001c61       __unlockexit               10002c61 f   LIBCMT:crt0dat.obj
 0001:00001c87       __initterm_e               10002c87 f   LIBCMT:crt0dat.obj
 0001:00001cab       __cinit                    10002cab f   LIBCMT:crt0dat.obj
 0001:00001e5c       __exit                     10002e5c f   LIBCMT:crt0dat.obj
 0001:00001e72       __cexit                    10002e72 f   LIBCMT:crt0dat.obj
 0001:00001e81       __init_pointers            10002e81 f   LIBCMT:crt0dat.obj
 0001:00001ecf       __ioinit                   10002ecf f   LIBCMT:ioinit.obj
 0001:00002123       __ioterm                   10003123 f   LIBCMT:ioinit.obj
 0001:00002171       __setenvp                  10003171 f   LIBCMT:stdenvp.obj
 0001:000023e9       __setargv                  100033e9 f   LIBCMT:stdargv.obj
 0001:000024a4       ___crtGetEnvironmentStringsA 100034a4 f   LIBCMT:a_env.obj
 0001:000025db       __RTC_Initialize           100035db f   LIBCMT:_initsect_.obj
 0001:00002601       __RTC_Terminate            10003601 f   LIBCMT:_initsect_.obj
 0001:00002627       __heap_init                10003627 f   LIBCMT:heapinit.obj
 0001:00002657       __heap_term                10003657 f   LIBCMT:heapinit.obj
 0001:000026cb       __initp_misc_winxfltr      100036cb f   LIBCMT:winxfltr.obj
 0001:000026cc       __XcptFilter               100036cc f   LIBCMT:winxfltr.obj
 0001:0000282c       ___CppXcptFilter           1000382c f   LIBCMT:winxfltr.obj
 0001:0000284c       __SEH_prolog4              1000384c f   LIBCMT:sehprolg4.obj
 0001:00002891       __SEH_epilog4              10003891 f   LIBCMT:sehprolg4.obj
 0001:000028b0       __except_handler4          100038b0 f   LIBCMT:chandler4.obj
 0001:00002a3c       ___security_init_cookie    10003a3c f   LIBCMT:gs_support.obj
 0001:00002ad2       __crt_debugger_hook        10003ad2 f   LIBCMT:dbghook.obj
 0001:00002ada       __mtinitlocks              10003ada f   LIBCMT:mlock.obj
 0001:00002b25       __mtdeletelocks            10003b25 f   LIBCMT:mlock.obj
 0001:00002b7c       __unlock                   10003b7c f   LIBCMT:mlock.obj
 0001:00002b93       __mtinitlocknum            10003b93 f   LIBCMT:mlock.obj
 0001:00002c56       __lock                     10003c56 f   LIBCMT:mlock.obj
 0001:00002c89       ___freetlocinfo            10003c89 f   LIBCMT:setlocal.obj
 0001:00002dd2       ___addlocaleref            10003dd2 f   LIBCMT:setlocal.obj
 0001:00002e61       ___removelocaleref         10003e61 f   LIBCMT:setlocal.obj
 0001:00002f38       ___updatetlocinfo          10003f38 f   LIBCMT:setlocal.obj
 0001:000031d4       ___updatetmbcinfo          100041d4 f   LIBCMT:mbctype.obj
 0001:00003278       ??0_LocaleUpdate@@QAE@PAUlocaleinfo_struct@@@Z 10004278 f i LIBCMT:mbctype.obj
 0001:0000337b       __setmbcp_nolock           1000437b f   LIBCMT:mbctype.obj
 0001:00003560       __setmbcp                  10004560 f   LIBCMT:mbctype.obj
 0001:000036fa       ___initmbctable            100046fa f   LIBCMT:mbctype.obj
 0001:00003718       __get_errno_from_oserr     10004718 f   LIBCMT:dosmap.obj
 0001:0000375a       __errno                    1000475a f   LIBCMT:dosmap.obj
 0001:0000376d       ___sbh_find_block          1000476d f   LIBCMT:sbheap.obj
 0001:0000379d       ___sbh_free_block          1000479d f   LIBCMT:sbheap.obj
 0001:00003ab3       ___sbh_alloc_new_region    10004ab3 f   LIBCMT:sbheap.obj
 0001:00003b63       ___sbh_alloc_new_group     10004b63 f   LIBCMT:sbheap.obj
 0001:00003c6b       ___sbh_resize_block        10004c6b f   LIBCMT:sbheap.obj
 0001:00003f4c       ___sbh_alloc_block         10004f4c f   LIBCMT:sbheap.obj
 0001:00004231       _V6_HeapAlloc              10005231 f   LIBCMT:malloc.obj
 0001:00004280       _malloc                    10005280 f   LIBCMT:malloc.obj
 0001:0000434a       __calloc_impl              1000534a f   LIBCMT:calloc_impl.obj
 0001:00004468       _realloc                   10005468 f   LIBCMT:realloc.obj
 0001:00004683       __NMSG_WRITE               10005683 f   LIBCMT:crt0msg.obj
 0001:0000482e       __FF_MSGBANNER             1000582e f   LIBCMT:crt0msg.obj
 0001:00004867       __initp_misc_invarg        10005867 f   LIBCMT:invarg.obj
 0001:00004876       __invoke_watson            10005876 f   LIBCMT:invarg.obj
 0001:0000499e       __invalid_parameter        1000599e f   LIBCMT:invarg.obj
 0001:00004a7e       ___onexitinit              10005a7e f   LIBCMT:onexit.obj
 0001:00004aaf       __onexit                   10005aaf f   LIBCMT:onexit.obj
 0001:00004aeb       _atexit                    10005aeb f   LIBCMT:onexit.obj
 0001:00004b02       __initp_misc_cfltcvt_tab   10005b02 f   LIBCMT:cmiscdat.obj
 0001:00004b30       __ValidateImageBase        10005b30 f   LIBCMT:pesect.obj
 0001:00004b70       __FindPESection            10005b70 f   LIBCMT:pesect.obj
 0001:00004bc0       __IsNonwritableInCurrentImage 10005bc0 f   LIBCMT:pesect.obj
 0001:00004c7d       ?terminate@@YAXXZ          10005c7d f   LIBCMT:hooks.obj
 0001:00004cb6       __initp_eh_hooks           10005cb6 f   LIBCMT:hooks.obj
 0001:00004cc7       __initp_misc_winsig        10005cc7 f   LIBCMT:winsig.obj
 0001:00004d1c       ___get_sigabrt             10005d1c f   LIBCMT:winsig.obj
 0001:00004d29       _raise                     10005d29 f   LIBCMT:winsig.obj
 0001:00004ed9       __initp_misc_rand_s        10005ed9 f   LIBCMT:rand_s.obj
 0001:00004ee8       __initp_misc_purevirt      10005ee8 f   LIBCMT:inithelp.obj
 0001:00004ef7       __initp_misc_initcrit      10005ef7 f   LIBCMT:initcrit.obj
 0001:00004f06       ___crtInitCritSecAndSpinCount 10005f06 f   LIBCMT:initcrit.obj
 0001:00004f66       __initp_heap_handler       10005f66 f   LIBCMT:handler.obj
 0001:00004f75       __callnewh                 10005f75 f   LIBCMT:handler.obj
 0001:00004f9d       _strcpy_s                  10005f9d f   LIBCMT:strcpy_s.obj
 0001:00005010       _strlen                    10006010 f   LIBCMT:strlen.obj
 0001:000050ee       __ismbblead                100060ee f   LIBCMT:ismbbyte.obj
 0001:00005110       _memcpy                    10006110 f   LIBCMT:memcpy.obj
 0001:00005478       __local_unwind4            10006478 f   LIBCMT:exsup4.obj
 0001:0000554e       __seh_longjmp_unwind4@4    1000654e f   LIBCMT:exsup4.obj
 0001:0000556a       @_EH4_CallFilterFunc@8     1000656a f   LIBCMT:exsup4.obj
 0001:00005581       @_EH4_TransferToHandler@8  10006581 f   LIBCMT:exsup4.obj
 0001:0000559a       @_EH4_GlobalUnwind@4       1000659a f   LIBCMT:exsup4.obj
 0001:000055b4       @_EH4_LocalUnwind@16       100065b4 f   LIBCMT:exsup4.obj
 0001:000055cb       ___free_lc_time            100065cb f   LIBCMT:inittime.obj
 0001:00005760       ___free_lconv_num          10006760 f   LIBCMT:initnum.obj
 0001:000057a5       ___free_lconv_mon          100067a5 f   LIBCMT:initmon.obj
 0001:00005833       __freea                    10006833 f i LIBCMT:strftime.obj
 0001:00005853       _strcat_s                  10006853 f   LIBCMT:strcat_s.obj
 0001:000058d0       _strcspn                   100068d0 f   LIBCMT:strcspn.obj
 0001:00005916       _strncpy_s                 10006916 f   LIBCMT:strncpy_s.obj
 0001:000059d0       _memset                    100069d0 f   LIBCMT:memset.obj
 0001:00005a50       _strcmp                    10006a50 f   LIBCMT:strcmp.obj
 0001:00005c92       ___crtGetStringTypeA       10006c92 f   LIBCMT:a_str.obj
 0001:00005ce0       _strpbrk                   10006ce0 f   LIBCMT:strpbrk.obj
 0001:000060c5       ___crtLCMapStringA         100070c5 f   LIBCMT:a_map.obj
 0001:00006110       _memmove                   10007110 f   LIBCMT:memmove.obj
 0001:00006475       __msize                    10007475 f   LIBCMT:msize.obj
 0001:00006518       ___crtMessageBoxA          10007518 f   LIBCMT:crtmbox.obj
 0001:00006681       __set_error_mode           10007681 f   LIBCMT:errmode.obj
 0001:000066cc       __fptrap                   100076cc f   LIBCMT:crt0fp.obj
 0001:000066d5       _abort                     100076d5 f   LIBCMT:abort.obj
 0001:00006873       __VEC_memcpy               10007873 f   LIBCMT:p4_memcpy.obj
 0001:000069a6       __get_sse2_info            100079a6 f   LIBCMT:cpu_disp.obj
 0001:00006a08       ___sse2_available_init     10007a08 f   LIBCMT:cpu_disp.obj
 0001:00006a18       __global_unwind2           10007a18 f   LIBCMT:exsup.obj
 0001:00006a7d       __local_unwind2            10007a7d f   LIBCMT:exsup.obj
 0001:00006b01       __abnormal_termination     10007b01 f   LIBCMT:exsup.obj
 0001:00006b24       __NLG_Notify1              10007b24 f   LIBCMT:exsup.obj
 0001:00006b2d       __NLG_Notify               10007b2d f   LIBCMT:exsup.obj
 0001:00006b44       __NLG_Dispatch             10007b44     LIBCMT:exsup.obj
 0001:00006b44       __NLG_Dispatch2            10007b44     LIBCMT:exsup.obj
 0001:00006b4c       __NLG_Call                 10007b4c f   LIBCMT:exsup.obj
 0001:00006b4e       __NLG_Return2              10007b4e     LIBCMT:exsup.obj
 0001:00006b4f       __isleadbyte_l             10007b4f f i LIBCMT:_wctype.obj
 0001:00006b90       __alloca_probe_16          10007b90 f   LIBCMT:alloca16.obj
 0001:00006ba6       __alloca_probe_8           10007ba6     LIBCMT:alloca16.obj
 0001:00006c13       __VEC_memzero              10007c13 f   LIBCMT:p4_memset.obj
 0001:00006ca2       _atol                      10007ca2 f   LIBCMT:atox.obj
 0001:00006cb8       ___ansicp                  10007cb8 f   LIBCMT:convrtcp.obj
 0001:00006d01       ___convertcp               10007d01 f   LIBCMT:convrtcp.obj
 0001:00006eb5       __isctype_l                10007eb5 f   LIBCMT:isctype.obj
 0001:00006f70       __alloca_probe             10007f70     LIBCMT:chkstk.obj
 0001:00006f70       __chkstk                   10007f70 f   LIBCMT:chkstk.obj
 0001:000071ca       _strtol                    100081ca f   LIBCMT:strtol.obj
 0001:00007200       ___ascii_strnicmp          10008200 f   LIBCMT:_strnicm.obj
 0001:00007270       __aulldvrm                 10008270 f   LIBCMT:ulldvrm.obj
 0001:00007310       __allmul                   10008310 f   LIBCMT:llmul.obj
 0001:00007360       _strchr                    10008360 f   LIBCMT:strchr.obj
 0001:00007366       ___from_strstr_to_strchr   10008366     LIBCMT:strchr.obj
 0001:0000741e       _RtlUnwind@16              1000841e f   kernel32:KERNEL32.dll
 0002:00000000       __imp__GetProcAddress@8    10009000     kernel32:KERNEL32.dll
 0002:00000004       __imp__LoadLibraryA@4      10009004     kernel32:KERNEL32.dll
 0002:00000008       __imp__GetCurrentThreadId@0 10009008     kernel32:KERNEL32.dll
 0002:0000000c       __imp__GetCommandLineA@0   1000900c     kernel32:KERNEL32.dll
 0002:00000010       __imp__TerminateProcess@8  10009010     kernel32:KERNEL32.dll
 0002:00000014       __imp__GetCurrentProcess@0 10009014     kernel32:KERNEL32.dll
 0002:00000018       __imp__UnhandledExceptionFilter@4 10009018     kernel32:KERNEL32.dll
 0002:0000001c       __imp__SetUnhandledExceptionFilter@4 1000901c     kernel32:KERNEL32.dll
 0002:00000020       __imp__IsDebuggerPresent@0 10009020     kernel32:KERNEL32.dll
 0002:00000024       __imp__GetModuleHandleW@4  10009024     kernel32:KERNEL32.dll
 0002:00000028       __imp__TlsGetValue@4       10009028     kernel32:KERNEL32.dll
 0002:0000002c       __imp__TlsAlloc@0          1000902c     kernel32:KERNEL32.dll
 0002:00000030       __imp__TlsSetValue@8       10009030     kernel32:KERNEL32.dll
 0002:00000034       __imp__TlsFree@4           10009034     kernel32:KERNEL32.dll
 0002:00000038       __imp__InterlockedIncrement@4 10009038     kernel32:KERNEL32.dll
 0002:0000003c       __imp__SetLastError@4      1000903c     kernel32:KERNEL32.dll
 0002:00000040       __imp__GetLastError@0      10009040     kernel32:KERNEL32.dll
 0002:00000044       __imp__InterlockedDecrement@4 10009044     kernel32:KERNEL32.dll
 0002:00000048       __imp__HeapFree@12         10009048     kernel32:KERNEL32.dll
 0002:0000004c       __imp__Sleep@4             1000904c     kernel32:KERNEL32.dll
 0002:00000050       __imp__ExitProcess@4       10009050     kernel32:KERNEL32.dll
 0002:00000054       __imp__SetHandleCount@4    10009054     kernel32:KERNEL32.dll
 0002:00000058       __imp__GetStdHandle@4      10009058     kernel32:KERNEL32.dll
 0002:0000005c       __imp__GetFileType@4       1000905c     kernel32:KERNEL32.dll
 0002:00000060       __imp__GetStartupInfoA@4   10009060     kernel32:KERNEL32.dll
 0002:00000064       __imp__DeleteCriticalSection@4 10009064     kernel32:KERNEL32.dll
 0002:00000068       __imp__GetModuleFileNameA@12 10009068     kernel32:KERNEL32.dll
 0002:0000006c       __imp__FreeEnvironmentStringsA@4 1000906c     kernel32:KERNEL32.dll
 0002:00000070       __imp__GetEnvironmentStrings@0 10009070     kernel32:KERNEL32.dll
 0002:00000074       __imp__FreeEnvironmentStringsW@4 10009074     kernel32:KERNEL32.dll
 0002:00000078       __imp__WideCharToMultiByte@32 10009078     kernel32:KERNEL32.dll
 0002:0000007c       __imp__GetEnvironmentStringsW@0 1000907c     kernel32:KERNEL32.dll
 0002:00000080       __imp__HeapCreate@12       10009080     kernel32:KERNEL32.dll
 0002:00000084       __imp__HeapDestroy@4       10009084     kernel32:KERNEL32.dll
 0002:00000088       __imp__VirtualFree@12      10009088     kernel32:KERNEL32.dll
 0002:0000008c       __imp__QueryPerformanceCounter@4 1000908c     kernel32:KERNEL32.dll
 0002:00000090       __imp__GetTickCount@0      10009090     kernel32:KERNEL32.dll
 0002:00000094       __imp__GetCurrentProcessId@0 10009094     kernel32:KERNEL32.dll
 0002:00000098       __imp__GetSystemTimeAsFileTime@4 10009098     kernel32:KERNEL32.dll
 0002:0000009c       __imp__LeaveCriticalSection@4 1000909c     kernel32:KERNEL32.dll
 0002:000000a0       __imp__EnterCriticalSection@4 100090a0     kernel32:KERNEL32.dll
 0002:000000a4       __imp__GetCPInfo@8         100090a4     kernel32:KERNEL32.dll
 0002:000000a8       __imp__GetACP@0            100090a8     kernel32:KERNEL32.dll
 0002:000000ac       __imp__GetOEMCP@0          100090ac     kernel32:KERNEL32.dll
 0002:000000b0       __imp__IsValidCodePage@4   100090b0     kernel32:KERNEL32.dll
 0002:000000b4       __imp__HeapAlloc@12        100090b4     kernel32:KERNEL32.dll
 0002:000000b8       __imp__VirtualAlloc@16     100090b8     kernel32:KERNEL32.dll
 0002:000000bc       __imp__HeapReAlloc@16      100090bc     kernel32:KERNEL32.dll
 0002:000000c0       __imp__WriteFile@20        100090c0     kernel32:KERNEL32.dll
 0002:000000c4       __imp__InitializeCriticalSectionAndSpinCount@8 100090c4     kernel32:KERNEL32.dll
 0002:000000c8       __imp__RtlUnwind@16        100090c8     kernel32:KERNEL32.dll
 0002:000000cc       __imp__GetLocaleInfoA@16   100090cc     kernel32:KERNEL32.dll
 0002:000000d0       __imp__GetStringTypeA@20   100090d0     kernel32:KERNEL32.dll
 0002:000000d4       __imp__MultiByteToWideChar@24 100090d4     kernel32:KERNEL32.dll
 0002:000000d8       __imp__GetStringTypeW@16   100090d8     kernel32:KERNEL32.dll
 0002:000000dc       __imp__LCMapStringA@24     100090dc     kernel32:KERNEL32.dll
 0002:000000e0       __imp__LCMapStringW@24     100090e0     kernel32:KERNEL32.dll
 0002:000000e4       __imp__HeapSize@12         100090e4     kernel32:KERNEL32.dll
 0002:000000e8       \177KERNEL32_NULL_THUNK_DATA 100090e8     kernel32:KERNEL32.dll
 0002:000000ec       ___xc_a                    100090ec     LIBCMT:crt0init.obj
 0002:000000f0       ___xc_z                    100090f0     LIBCMT:crt0init.obj
 0002:000000f4       ___xi_a                    100090f4     LIBCMT:crt0init.obj
 0002:00000104       ___xi_z                    10009104     LIBCMT:crt0init.obj
 0002:00000108       ___xp_a                    10009108     LIBCMT:crt0init.obj
 0002:0000010c       ___xp_z                    1000910c     LIBCMT:crt0init.obj
 0002:00000110       ___xt_a                    10009110     LIBCMT:crt0init.obj
 0002:00000114       ___xt_z                    10009114     LIBCMT:crt0init.obj
 0002:0000013c       __pRawDllMain              1000913c     LIBCMT:dllcrt0.obj
 0002:0000013c       __pDefaultRawDllMain       1000913c     LIBCMT:dllcrt0.obj
 0002:00000148       ??_C@_0O@NLDKAIKN@EncodePointer?$AA@ 10009148     LIBCMT:tidtable.obj
 0002:00000158       ??_C@_1BK@DBDEIDLH@?$AAK?$AAE?$AAR?$AAN?$AAE?$AAL?$AA3?$AA2?$AA?4?$AAD?$AAL?$AAL?$AA?$AA@ 10009158     LIBCMT:tidtable.obj
 0002:00000174       ??_C@_0O@KBPMFGHI@DecodePointer?$AA@ 10009174     LIBCMT:tidtable.obj
 0002:00000184       ??_C@_07PEJMOBNF@FlsFree?$AA@ 10009184     LIBCMT:tidtable.obj
 0002:0000018c       ??_C@_0M@JCPCPOEF@FlsSetValue?$AA@ 1000918c     LIBCMT:tidtable.obj
 0002:00000198       ??_C@_0M@GDNOONDI@FlsGetValue?$AA@ 10009198     LIBCMT:tidtable.obj
 0002:000001a4       ??_C@_08KNHFBNJ@FlsAlloc?$AA@ 100091a4     LIBCMT:tidtable.obj
 0002:000001b0       ??_C@_0P@MIGLKIOC@CorExitProcess?$AA@ 100091b0     LIBCMT:crt0dat.obj
 0002:000001c0       ??_C@_1BI@BGOHAHKC@?$AAm?$AAs?$AAc?$AAo?$AAr?$AAe?$AAe?$AA?4?$AAd?$AAl?$AAl?$AA?$AA@ 100091c0     LIBCMT:crt0dat.obj
 0002:000001d8       __XcptActTab               100091d8     LIBCMT:winxfltr.obj
 0002:000002d0       ??_C@_0P@GGKDKEEG@runtime?5error?5?$AA@ 100092d0     LIBCMT:crt0msg.obj
 0002:000002e0       ??_C@_02PCIJFNDE@?$AN?6?$AA@ 100092e0     LIBCMT:crt0msg.obj
 0002:000002e4       ??_C@_0O@MJNIPGOH@TLOSS?5error?$AN?6?$AA@ 100092e4     LIBCMT:crt0msg.obj
 0002:000002f4       ??_C@_0N@BONNPDHF@SING?5error?$AN?6?$AA@ 100092f4     LIBCMT:crt0msg.obj
 0002:00000304       ??_C@_0P@MBDAJNE@DOMAIN?5error?$AN?6?$AA@ 10009304     LIBCMT:crt0msg.obj
 0002:00000318       ??_C@_0JL@DFDOOABL@R6034?$AN?6An?5application?5has?5made?5a@ 10009318     LIBCMT:crt0msg.obj
 0002:000003b8       ??_C@_0PH@EPAFIJ@R6033?$AN?6?9?5Attempt?5to?5use?5MSIL?5cod@ 100093b8     LIBCMT:crt0msg.obj
 0002:000004b0       ??_C@_0DD@BKEEABMM@R6032?$AN?6?9?5not?5enough?5space?5for?5lo@ 100094b0     LIBCMT:crt0msg.obj
 0002:000004e8       ??_C@_0GD@OFKILIED@R6031?$AN?6?9?5Attempt?5to?5initialize?5t@ 100094e8     LIBCMT:crt0msg.obj
 0002:0000054c       ??_C@_0BP@LPMHJOKI@R6030?$AN?6?9?5CRT?5not?5initialized?$AN?6?$AA@ 1000954c     LIBCMT:crt0msg.obj
 0002:0000056c       ??_C@_0CF@KJDAIALP@R6028?$AN?6?9?5unable?5to?5initialize?5he@ 1000956c     LIBCMT:crt0msg.obj
 0002:00000594       ??_C@_0DF@GAKBPDFP@R6027?$AN?6?9?5not?5enough?5space?5for?5lo@ 10009594     LIBCMT:crt0msg.obj
 0002:000005cc       ??_C@_0DF@IBLNNAIG@R6026?$AN?6?9?5not?5enough?5space?5for?5st@ 100095cc     LIBCMT:crt0msg.obj
 0002:00000604       ??_C@_0CG@IOHKGFNJ@R6025?$AN?6?9?5pure?5virtual?5function?5c@ 10009604     LIBCMT:crt0msg.obj
 0002:0000062c       ??_C@_0DF@JIJJFJDC@R6024?$AN?6?9?5not?5enough?5space?5for?5_o@ 1000962c     LIBCMT:crt0msg.obj
 0002:00000664       ??_C@_0CJ@EGEJHFME@R6019?$AN?6?9?5unable?5to?5open?5console?5@ 10009664     LIBCMT:crt0msg.obj
 0002:00000690       ??_C@_0CB@GNHNIELH@R6018?$AN?6?9?5unexpected?5heap?5error?$AN?6@ 10009690     LIBCMT:crt0msg.obj
 0002:000006b4       ??_C@_0CN@FOLDKNG@R6017?$AN?6?9?5unexpected?5multithread?5@ 100096b4     LIBCMT:crt0msg.obj
 0002:000006e4       ??_C@_0CM@FAHFJNHO@R6016?$AN?6?9?5not?5enough?5space?5for?5th@ 100096e4     LIBCMT:crt0msg.obj
 0002:00000710       ??_C@_0JG@LBKMGKLD@?$AN?6This?5application?5has?5requested@ 10009710     LIBCMT:crt0msg.obj
 0002:000007a8       ??_C@_0CM@FLCNIPKK@R6009?$AN?6?9?5not?5enough?5space?5for?5en@ 100097a8     LIBCMT:crt0msg.obj
 0002:000007d4       ??_C@_0CK@KMMJOAPP@R6008?$AN?6?9?5not?5enough?5space?5for?5ar@ 100097d4     LIBCMT:crt0msg.obj
 0002:00000800       ??_C@_0CN@LEKKICBM@R6002?$AN?6?9?5floating?5point?5support?5@ 10009800     LIBCMT:crt0msg.obj
 0002:00000830       ??_C@_0CF@GOGNBNAK@Microsoft?5Visual?5C?$CL?$CL?5Runtime?5Lib@ 10009830     LIBCMT:crt0msg.obj
 0002:00000858       ??_C@_02PHMGELLB@?6?6?$AA@ 10009858     LIBCMT:crt0msg.obj
 0002:0000085c       ??_C@_03KHICJKCI@?4?4?4?$AA@ 1000985c     LIBCMT:crt0msg.obj
 0002:00000860       ??_C@_0BH@DNAGHKFM@?$DMprogram?5name?5unknown?$DO?$AA@ 10009860     LIBCMT:crt0msg.obj
 0002:00000878       ??_C@_0BK@OFGJDLJJ@Runtime?5Error?$CB?6?6Program?3?5?$AA@ 10009878     LIBCMT:crt0msg.obj
 0002:00000898       ___newctype                10009898     LIBCMT:ctype.obj
 0002:00000b98       __wctype                   10009b98     LIBCMT:ctype.obj
 0002:00000da0       ___newclmap                10009da0     LIBCMT:ctype.obj
 0002:00000f20       ___newcumap                10009f20     LIBCMT:ctype.obj
 0002:000010a0       ??_C@_08JCCMCCIL@HH?3mm?3ss?$AA@ 1000a0a0     LIBCMT:strftime.obj
 0002:000010ac       ??_C@_0BE@CKGJFCPC@dddd?0?5MMMM?5dd?0?5yyyy?$AA@ 1000a0ac     LIBCMT:strftime.obj
 0002:000010c0       ??_C@_08BPBNCDIB@MM?1dd?1yy?$AA@ 1000a0c0     LIBCMT:strftime.obj
 0002:000010cc       ??_C@_02CJNFDJBF@PM?$AA@   1000a0cc     LIBCMT:strftime.obj
 0002:000010d0       ??_C@_02DEDBPAFC@AM?$AA@   1000a0d0     LIBCMT:strftime.obj
 0002:000010d4       ??_C@_08EDHMEBNP@December?$AA@ 1000a0d4     LIBCMT:strftime.obj
 0002:000010e0       ??_C@_08HCHEGEOA@November?$AA@ 1000a0e0     LIBCMT:strftime.obj
 0002:000010ec       ??_C@_07JJNFCEND@October?$AA@ 1000a0ec     LIBCMT:strftime.obj
 0002:000010f4       ??_C@_09BHHEALKD@September?$AA@ 1000a0f4     LIBCMT:strftime.obj
 0002:00001100       ??_C@_06LBBHFDDG@August?$AA@ 1000a100     LIBCMT:strftime.obj
 0002:00001108       ??_C@_04MIEPOIFP@July?$AA@ 1000a108     LIBCMT:strftime.obj
 0002:00001110       ??_C@_04CNLMGBGM@June?$AA@ 1000a110     LIBCMT:strftime.obj
 0002:00001118       ??_C@_05DMJDNLEJ@April?$AA@ 1000a118     LIBCMT:strftime.obj
 0002:00001120       ??_C@_05HPCKOFNC@March?$AA@ 1000a120     LIBCMT:strftime.obj
 0002:00001128       ??_C@_08GNJGEPFN@February?$AA@ 1000a128     LIBCMT:strftime.obj
 0002:00001134       ??_C@_07CGJPFGJA@January?$AA@ 1000a134     LIBCMT:strftime.obj
 0002:0000113c       ??_C@_03MKABNOCG@Dec?$AA@  1000a13c     LIBCMT:strftime.obj
 0002:00001140       ??_C@_03JPJOFNIA@Nov?$AA@  1000a140     LIBCMT:strftime.obj
 0002:00001144       ??_C@_03BMAOKBAD@Oct?$AA@  1000a144     LIBCMT:strftime.obj
 0002:00001148       ??_C@_03GGCAPAJC@Sep?$AA@  1000a148     LIBCMT:strftime.obj
 0002:0000114c       ??_C@_03IFJFEIGA@Aug?$AA@  1000a14c     LIBCMT:strftime.obj
 0002:00001150       ??_C@_03LBGABGKK@Jul?$AA@  1000a150     LIBCMT:strftime.obj
 0002:00001154       ??_C@_03IDFGHECI@Jun?$AA@  1000a154     LIBCMT:strftime.obj
 0002:00001158       ??_C@_03CNMDKL@May?$AA@    1000a158     LIBCMT:strftime.obj
 0002:0000115c       ??_C@_03LEOLGMJP@Apr?$AA@  1000a15c     LIBCMT:strftime.obj
 0002:00001160       ??_C@_03ODNJBKGA@Mar?$AA@  1000a160     LIBCMT:strftime.obj
 0002:00001164       ??_C@_03HJBDCHOM@Feb?$AA@  1000a164     LIBCMT:strftime.obj
 0002:00001168       ??_C@_03JIHJHPIE@Jan?$AA@  1000a168     LIBCMT:strftime.obj
 0002:0000116c       ??_C@_08INBOOONO@Saturday?$AA@ 1000a16c     LIBCMT:strftime.obj
 0002:00001178       ??_C@_06JECMNKMI@Friday?$AA@ 1000a178     LIBCMT:strftime.obj
 0002:00001180       ??_C@_08HACCIKIA@Thursday?$AA@ 1000a180     LIBCMT:strftime.obj
 0002:0000118c       ??_C@_09DLIGFAKA@Wednesday?$AA@ 1000a18c     LIBCMT:strftime.obj
 0002:00001198       ??_C@_07BAAGCFCM@Tuesday?$AA@ 1000a198     LIBCMT:strftime.obj
 0002:000011a0       ??_C@_06JLEDEDGH@Monday?$AA@ 1000a1a0     LIBCMT:strftime.obj
 0002:000011a8       ??_C@_06OOPIFAJ@Sunday?$AA@ 1000a1a8     LIBCMT:strftime.obj
 0002:000011b0       ??_C@_03FEFJNEK@Sat?$AA@   1000a1b0     LIBCMT:strftime.obj
 0002:000011b4       ??_C@_03IDIOELNC@Fri?$AA@  1000a1b4     LIBCMT:strftime.obj
 0002:000011b8       ??_C@_03IOFIKPDN@Thu?$AA@  1000a1b8     LIBCMT:strftime.obj
 0002:000011bc       ??_C@_03MHOMLAJA@Wed?$AA@  1000a1bc     LIBCMT:strftime.obj
 0002:000011c0       ??_C@_03NAGEINEP@Tue?$AA@  1000a1c0     LIBCMT:strftime.obj
 0002:000011c4       ??_C@_03PDAGKDH@Mon?$AA@   1000a1c4     LIBCMT:strftime.obj
 0002:000011c8       ??_C@_03KOEHGMDN@Sun?$AA@  1000a1c8     LIBCMT:strftime.obj
 0002:000011cc       ??_C@_13NOLLCAOD@?$AA?$AA?$AA?$AA@ 1000a1cc     LIBCMT:a_str.obj
 0002:000011d0       ??_C@_0BI@DFKBFLJE@GetProcessWindowStation?$AA@ 1000a1d0     LIBCMT:crtmbox.obj
 0002:000011e8       ??_C@_0BK@CIDNPOGP@GetUserObjectInformationA?$AA@ 1000a1e8     LIBCMT:crtmbox.obj
 0002:00001204       ??_C@_0BD@HHGDFDBJ@GetLastActivePopup?$AA@ 1000a204     LIBCMT:crtmbox.obj
 0002:00001218       ??_C@_0BA@HNOPNCHB@GetActiveWindow?$AA@ 1000a218     LIBCMT:crtmbox.obj
 0002:00001228       ??_C@_0M@CHKKJDAI@MessageBoxA?$AA@ 1000a228     LIBCMT:crtmbox.obj
 0002:00001234       ??_C@_0L@NDEGIDAG@USER32?4DLL?$AA@ 1000a234     LIBCMT:crtmbox.obj
 0002:00001240       ___dnames                  1000a240     LIBCMT:timeset.obj
 0002:00001258       ___mnames                  1000a258     LIBCMT:timeset.obj
 0002:00001280       ??_C@_0P@GHFPNOJB@bad?5allocation?$AA@ 1000a280     game bug fixes.obj
 0002:00001290       ??_C@_0BA@FDLNIKIG@patcher_x86?4dll?$AA@ 1000a290     game bug fixes.obj
 0002:000012a0       ??_C@_0BB@CKHJKIEB@_GetPatcherX86?$EA0?$AA@ 1000a2a0     game bug fixes.obj
 0002:000012b4       ??_C@_0BL@KKGHLGMK@0F?5BF?578?524?583?5FF?5FF?50F?584?$AA@ 1000a2b4     game bug fixes.obj
 0002:000012d0       ??_C@_0BI@BIOBJCEG@0F?5BF?577?524?583?5FE?5FF?574?$AA@ 1000a2d0     game bug fixes.obj
 0002:000012e8       ??_C@_0BI@HFHMJAJF@0F?5BF?57F?524?583?5FF?5FF?574?$AA@ 1000a2e8     game bug fixes.obj
 0002:00001300       ??_C@_0P@FBFFNPMD@90?58B?57C?581?51C?$AA@ 1000a300     game bug fixes.obj
 0002:00001310       ??_C@_0BF@JIHIBFMB@90?589?5F8?589?544?5B2?51C?$AA@ 1000a310     game bug fixes.obj
 0002:00001328       ??_C@_0CB@FLNDGMKJ@90?58B?556?51C?589?545?5DC?589?555?5E4?590@ 1000a328     game bug fixes.obj
 0002:0000134c       ??_C@_0BC@HLBAJJMM@8B?54D?5E4?590?557?551?$AA@ 1000a34c     game bug fixes.obj
 0002:00001360       ??_C@_0CK@GHPHDNIN@0F?5BF?557?518?5?58B?54F?524?5B8?5?5FF?5FF?5@ 1000a360     game bug fixes.obj
 0002:0000138c       ??_C@_02MFEGOEMP@?$CFn?$AA@ 1000a38c     game bug fixes.obj
 0002:00001390       ??_C@_0BL@KDNLKMAG@8B4D?508?5C601?501?5C641?502?504?$AA@ 1000a390     game bug fixes.obj
 0002:000013ac       ??_C@_04CNHNGAPO@EB17?$AA@ 1000a3ac     game bug fixes.obj
 0002:000013b4       ??_C@_0BG@HLEFPKFH@81FF?5B7000000?590?57747?$AA@ 1000a3b4     game bug fixes.obj
 0002:000013cc       ??_C@_04CNNEPIP@EB74?$AA@  1000a3cc     game bug fixes.obj
 0002:000013d4       ??_C@_04CMIOOACJ@2800?$AA@ 1000a3d4     game bug fixes.obj
 0002:000013dc       ??_C@_0O@MJHHPDO@ERA_bug_fixes?$AA@ 1000a3dc     game bug fixes.obj
 0002:000013f0       __load_config_used         1000a3f0     LIBCMT:loadcfg.obj
 0002:000014a0       ___safe_se_handler_table   1000a4a0     <linker-defined>
 0002:000014ac       ___rtc_iaa                 1000a4ac     LIBCMT:_initsect_.obj
 0002:000014b0       ___rtc_izz                 1000a4b0     LIBCMT:_initsect_.obj
 0002:000014b4       ___rtc_taa                 1000a4b4     LIBCMT:_initsect_.obj
 0002:000014b8       ___rtc_tzz                 1000a4b8     LIBCMT:_initsect_.obj
 0002:0000174c       __IMPORT_DESCRIPTOR_KERNEL32 1000a74c     kernel32:KERNEL32.dll
 0002:00001760       __NULL_IMPORT_DESCRIPTOR   1000a760     kernel32:KERNEL32.dll
 0003:00000000       ___security_cookie         1000b000     LIBCMT:gs_cookie.obj
 0003:00000004       ___security_cookie_complement 1000b004     LIBCMT:gs_cookie.obj
 0003:00000008       ___flsindex                1000b008     LIBCMT:tidtable.obj
 0003:0000000c       ___getvalueindex           1000b00c     LIBCMT:tidtable.obj
 0003:00000010       __aexit_rtn                1000b010     LIBCMT:crt0dat.obj
 0003:00000018       ___badioinfo               1000b018     LIBCMT:ioinit.obj
 0003:00000058       __amblksiz                 1000b058     LIBCMT:heapinit.obj
 0003:0000005c       __First_FPE_Indx           1000b05c     LIBCMT:winxfltr.obj
 0003:00000060       __Num_FPE                  1000b060     LIBCMT:winxfltr.obj
 0003:00000064       __XcptActTabSize           1000b064     LIBCMT:winxfltr.obj
 0003:00000068       __XcptActTabCount          1000b068     LIBCMT:winxfltr.obj
 0003:00000198       ___clocalestr              1000b198     LIBCMT:nlsdata2.obj
 0003:000001a0       ___initiallocinfo          1000b1a0     LIBCMT:nlsdata2.obj
 0003:00000278       ___ptlocinfo               1000b278     LIBCMT:nlsdata2.obj
 0003:0000027c       ___lc_clike                1000b27c     LIBCMT:nlsdata2.obj
 0003:00000280       ___initiallocalestructinfo 1000b280     LIBCMT:nlsdata2.obj
 0003:00000288       ___initialmbcinfo          1000b288     LIBCMT:mbctype.obj
 0003:000004a8       __mbctype                  1000b4a8     LIBCMT:mbctype.obj
 0003:000005b0       __mbcasemap                1000b5b0     LIBCMT:mbctype.obj
 0003:000006b0       ___ptmbcinfo               1000b6b0     LIBCMT:mbctype.obj
 0003:000009d0       __cfltcvt_tab              1000b9d0     LIBCMT:cmiscdat.obj
 0003:00000a00       __pctype                   1000ba00     LIBCMT:ctype.obj
 0003:00000a04       __pwctype                  1000ba04     LIBCMT:ctype.obj
 0003:00000a08       ___lc_time_c               1000ba08     LIBCMT:strftime.obj
 0003:00000ac0       ___lc_time_curr            1000bac0     LIBCMT:strftime.obj
 0003:00000ac4       ___lconv_static_decimal    1000bac4     LIBCMT:lconv.obj
 0003:00000ac8       ___lconv_c                 1000bac8     LIBCMT:lconv.obj
 0003:00000af8       ___lconv                   1000baf8     LIBCMT:lconv.obj
 0003:00000afc       ___globallocalestatus      1000bafc     LIBCMT:glstatus.obj
 0003:00000b00       ___mb_cur_max              1000bb00     LIBCMT:nlsdata1.obj
 0003:00000b04       ___decimal_point           1000bb04     LIBCMT:nlsdata1.obj
 0003:00000b08       ___decimal_point_length    1000bb08     LIBCMT:nlsdata1.obj
 0003:00000b10       ___abort_behavior          1000bb10     LIBCMT:abort.obj
 0003:00000b14       __NLG_Destination          1000bb14     LIBCMT:exsup.obj
 0003:00000b28       __timezone                 1000bb28     LIBCMT:timeset.obj
 0003:00000b2c       __daylight                 1000bb2c     LIBCMT:timeset.obj
 0003:00000b30       __dstbias                  1000bb30     LIBCMT:timeset.obj
 0003:00000bb8       __tzname                   1000bbb8     LIBCMT:timeset.obj
 0003:00000be0       __lpdays                   1000bbe0     LIBCMT:days.obj
 0003:00000c14       __days                     1000bc14     LIBCMT:days.obj
 0003:00000c64       __aenvptr                  1000bc64     LIBCMT:dllcrt0.obj
 0003:00000c68       __wenvptr                  1000bc68     LIBCMT:dllcrt0.obj
 0003:00000c6c       ___error_mode              1000bc6c     LIBCMT:dllcrt0.obj
 0003:00000c70       ___app_type                1000bc70     LIBCMT:dllcrt0.obj
 0003:00000f9c       _gpFlsAlloc                1000bf9c     LIBCMT:tidtable.obj
 0003:00000fa0       _gpFlsGetValue             1000bfa0     LIBCMT:tidtable.obj
 0003:00000fa4       _gpFlsSetValue             1000bfa4     LIBCMT:tidtable.obj
 0003:00000fa8       _gpFlsFree                 1000bfa8     LIBCMT:tidtable.obj
 0003:00000fac       __maxwait                  1000bfac     LIBCMT:crtheap.obj
 0003:00000fb0       __umaskval                 1000bfb0     LIBCMT:crt0dat.obj
 0003:00000fb4       ___argc                    1000bfb4     LIBCMT:crt0dat.obj
 0003:00000fb8       ___argv                    1000bfb8     LIBCMT:crt0dat.obj
 0003:00000fbc       ___wargv                   1000bfbc     LIBCMT:crt0dat.obj
 0003:00000fc0       __environ                  1000bfc0     LIBCMT:crt0dat.obj
 0003:00000fc4       ___initenv                 1000bfc4     LIBCMT:crt0dat.obj
 0003:00000fc8       __wenviron                 1000bfc8     LIBCMT:crt0dat.obj
 0003:00000fcc       ___winitenv                1000bfcc     LIBCMT:crt0dat.obj
 0003:00000fd0       __pgmptr                   1000bfd0     LIBCMT:crt0dat.obj
 0003:00000fd4       __wpgmptr                  1000bfd4     LIBCMT:crt0dat.obj
 0003:00000fd8       __exitflag                 1000bfd8     LIBCMT:crt0dat.obj
 0003:00000fdc       __C_Termination_Done       1000bfdc     LIBCMT:crt0dat.obj
 0003:00000fe0       __C_Exit_Done              1000bfe0     LIBCMT:crt0dat.obj
 0003:000010f4       __crtheap                  1000c0f4     LIBCMT:heapinit.obj
 0003:00001248       ___locale_changed          1000c248     LIBCMT:setlocal.obj
 0003:0000124c       ___lc_handle               1000c24c     LIBCMT:nlsdata2.obj
 0003:00001264       ___lc_codepage             1000c264     LIBCMT:nlsdata2.obj
 0003:00001268       ___lc_collate_cp           1000c268     LIBCMT:nlsdata2.obj
 0003:00001270       ___mbulinfo                1000c270     LIBCMT:mbctype.obj
 0003:0000127c       ___mbcodepage              1000c27c     LIBCMT:mbctype.obj
 0003:00001280       ___ismbcodepage            1000c280     LIBCMT:mbctype.obj
 0003:00001284       ___mblcid                  1000c284     LIBCMT:mbctype.obj
 0003:00001288       ___sbh_pHeaderDefer        1000c288     LIBCMT:sbheap.obj
 0003:000015a4       ___pInvalidArgHandler      1000c5a4     LIBCMT:invarg.obj
 0003:000015a8       ?__pInconsistency@@3P6AXXZA 1000c5a8     LIBCMT:hooks.obj
 0003:000015cc       ___pPurecall               1000c5cc     LIBCMT:inithelp.obj
 0003:000015d4       ?_pnhHeap@@3P6AHI@ZA       1000c5d4     LIBCMT:handler.obj
 0003:000015d8       ___lconv_static_null       1000c5d8     LIBCMT:lconv.obj
 0003:000015e4       __newmode                  1000c5e4     LIBCMT:_newmode.obj
 0003:000016b8       ?_PI@@3PAVPatcherInstance@@A 1000c6b8     game bug fixes.obj
 0003:000016bc       ?_P@@3PAVPatcher@@A        1000c6bc     game bug fixes.obj
 0003:000016c0       ?isVisible_Gates@@3HA      1000c6c0     game bug fixes.obj
 0003:000016c4       ?isVisible_Monoliths@@3HA  1000c6c4     game bug fixes.obj
 0003:000016c8       ?calls_count@?1??GetPatcher@@YAPAVPatcher@@XZ@4HA 1000c6c8     game bug fixes.obj
 0003:000016d0       ___sse2_available          1000c6d0     <common>
 0003:000016d4       ___sbh_cntHeaderList       1000c6d4     <common>
 0003:000016d8       ___sbh_pHeaderList         1000c6d8     <common>
 0003:000016dc       ___sbh_threshold           1000c6dc     <common>
 0003:000016e0       ___sbh_pHeaderScan         1000c6e0     <common>
 0003:000016e4       ___sbh_sizeHeaderList      1000c6e4     <common>
 0003:000016e8       ___sbh_indGroupDefer       1000c6e8     <common>
 0003:000016ec       __debugger_hook_dummy      1000c6ec     <common>
 0003:000016f0       __pDestructExceptionObject 1000c6f0     <common>
 0003:000016f4       ___active_heap             1000c6f4     <common>
 0003:000016f8       __nhandle                  1000c6f8     <common>
 0003:00001700       ___pioinfo                 1000c700     <common>
 0003:00001800       ___env_initialized         1000c800     <common>
 0003:00001804       ___onexitend               1000c804     <common>
 0003:00001808       ___onexitbegin             1000c808     <common>
 0003:0000180c       ___mbctype_initialized     1000c80c     <common>
 0003:00001810       __FPinit                   1000c810     <common>
 0003:00001814       ___dyn_tls_init_callback   1000c814     <common>
 0003:00001818       __acmdln                   1000c818     <common>

 entry point at        0001:0000131b

 Static symbols

 0001:00001225       ___DllMainCRTStartup       10002225 f   LIBCMT:dllcrt0.obj
 0001:00001c6a       __initterm                 10002c6a f   LIBCMT:crt0dat.obj
 0001:00001d30       _doexit                    10002d30 f   LIBCMT:crt0dat.obj
 0001:0000224f       _parse_cmdline             1000324f f   LIBCMT:stdargv.obj
 0001:00002efa       __updatetlocinfoEx_nolock  10003efa f   LIBCMT:setlocal.obj
 0001:00002fae       ?CPtoLCID@@YAHH@Z          10003fae f   LIBCMT:mbctype.obj
 0001:00002fdd       ?setSBCS@@YAXPAUthreadmbcinfostruct@@@Z 10003fdd f   LIBCMT:mbctype.obj
 0001:00003041       ?setSBUpLow@@YAXPAUthreadmbcinfostruct@@@Z 10004041 f   LIBCMT:mbctype.obj
 0001:000032ff       ?getSystemCP@@YAHH@Z       100042ff f   LIBCMT:mbctype.obj
 0001:000049c4       __onexit_nolock            100059c4 f   LIBCMT:onexit.obj
 0001:00004ce5       _siglookup                 10005ce5 f   LIBCMT:winsig.obj
 0001:0000509b       ?x_ismbbtype_l@@YAHPAUlocaleinfo_struct@@IHH@Z 1000609b f   LIBCMT:ismbbyte.obj
 0001:00005508       __unwind_handler4          10006508 f   LIBCMT:exsup4.obj
 0001:00005ad8       ?__crtGetStringTypeA_stat@@YAHPAUlocaleinfo_struct@@KPBDHPAGHHH@Z 10006ad8 f   LIBCMT:a_str.obj
 0001:00005d20       ?__crtLCMapStringA_stat@@YAHPAUlocaleinfo_struct@@KKPBDHPADHHH@Z 10006d20 f   LIBCMT:a_map.obj
 0001:000067ec       _fastcopy_I                100077ec f   LIBCMT:p4_memcpy.obj
 0001:00006956       _has_osfxsr_set            10007956 f   LIBCMT:cpu_disp.obj
 0001:00006a38       __unwind_handler           10007a38 f   LIBCMT:exsup.obj
 0001:00006bbc       _fastzero_I                10007bbc f   LIBCMT:p4_memset.obj
 0001:00006f9b       ?strtoxl@@YAKPAUlocaleinfo_struct@@PBDPAPBDHH@Z 10007f9b f   LIBCMT:strtol.obj
