 Spells_Description

 Timestamp is 5d974efd (Fri Oct 04 16:54:05 2019)

 Preferred load address is 10000000

 Start         Length     Name                   Class
 0001:00000000 00009024H .text                   CODE
 0002:00000000 00000114H .idata$5                DATA
 0002:00000114 00000004H .CRT$XCA                DATA
 0002:00000118 00000004H .CRT$XCZ                DATA
 0002:0000011c 00000004H .CRT$XIA                DATA
 0002:00000120 00000010H .CRT$XIC                DATA
 0002:00000130 00000004H .CRT$XIZ                DATA
 0002:00000134 00000004H .CRT$XPA                DATA
 0002:00000138 00000004H .CRT$XPX                DATA
 0002:0000013c 00000004H .CRT$XPXA               DATA
 0002:00000140 00000004H .CRT$XPZ                DATA
 0002:00000144 00000004H .CRT$XTA                DATA
 0002:00000148 00000004H .CRT$XTZ                DATA
 0002:00000150 000012e0H .rdata                  DATA
 0002:00001430 00000069H .rdata$debug            DATA
 0002:000014a0 0000000cH .rdata$sxdata           DATA
 0002:000014ac 00000004H .rtc$IAA                DATA
 0002:000014b0 00000004H .rtc$IZZ                DATA
 0002:000014b4 00000004H .rtc$TAA                DATA
 0002:000014b8 00000004H .rtc$TZZ                DATA
 0002:000014c0 00000394H .xdata$x                DATA
 0002:00001854 00000014H .idata$2                DATA
 0002:00001868 00000014H .idata$3                DATA
 0002:0000187c 00000114H .idata$4                DATA
 0002:00001990 000004e6H .idata$6                DATA
 0002:00001e76 00000000H .edata                  DATA
 0003:00000000 00000ef4H .data                   DATA
 0003:00000f00 00001bdcH .bss                    DATA

  Address         Publics by Value              Rva+Base       Lib:Object

 0000:00000000       __except_list              00000000     <absolute>
 0000:00000003       ___safe_se_handler_count   00000003     <absolute>
 0000:00000000       ___ImageBase               10000000     <linker-defined>
 0001:00000000       ?WriteCodePatch@PatcherInstance@@QAAPAVPatch@@IPADZZ 10001000 f i Spells_Description.obj
 0001:00000020       ?WoG_GetResistGolem@@YAHHHPAU_BattleStack_@@@Z 10001020 f   Spells_Description.obj
 0001:00000070       ?BattleStack_Get_Killed_From_Damage@@YAHPAU_BattleStack_@@HH@Z 10001070 f   Spells_Description.obj
 0001:00000130       ?Y_Battle_Hint_SpellDescr_Prepare@@YGHPAVLoHook@@PAUHookContext@@@Z 10001130 f   Spells_Description.obj
 0001:000003e0       ?Y_DlgSpellBook_ModifSpell_Description@@YGHPAVLoHook@@PAUHookContext@@@Z 100013e0 f   Spells_Description.obj
 0001:00000590       ?Y_LoadAllTXTinGames@@YGHPAVLoHook@@PAUHookContext@@@Z 10001590 f   Spells_Description.obj
 0001:000005b0       ?StartPlugin@@YAXXZ        100015b0 f   Spells_Description.obj
 0001:00000650       _DllMain@12                10001650 f   Spells_Description.obj
 0001:000006e1       @__security_check_cookie@4 100016e1 f   LIBCMT:secchk.obj
 0001:000006f0       _sprintf                   100016f0 f   LIBCMT:sprintf.obj
 0001:0000076d       __CRT_INIT@12              1000176d f   LIBCMT:dllcrt0.obj
 0001:00000998       __DllMainCRTStartup@12     10001998 f   LIBCMT:dllcrt0.obj
 0001:000009bb       ___report_gsfailure        100019bb f   LIBCMT:gs_report.obj
 0001:00000ac1       __flsbuf                   10001ac1 f   LIBCMT:_flsbuf.obj
 0001:00000c25       ??0_LocaleUpdate@@QAE@PAUlocaleinfo_struct@@@Z 10001c25 f i LIBCMT:output.obj
 0001:00000d52       __output_l                 10001d52 f   LIBCMT:output.obj
 0001:000018ea       __initp_misc_invarg        100028ea f   LIBCMT:invarg.obj
 0001:000018f9       __invoke_watson            100028f9 f   LIBCMT:invarg.obj
 0001:00001a21       __invalid_parameter        10002a21 f   LIBCMT:invarg.obj
 0001:00001a47       __get_errno_from_oserr     10002a47 f   LIBCMT:dosmap.obj
 0001:00001a89       __errno                    10002a89 f   LIBCMT:dosmap.obj
 0001:00001a9c       ___doserrno                10002a9c f   LIBCMT:dosmap.obj
 0001:00001aaf       __dosmaperr                10002aaf f   LIBCMT:dosmap.obj
 0001:00001ad2       __encode_pointer           10002ad2 f   LIBCMT:tidtable.obj
 0001:00001b44       __encoded_null             10002b44 f   LIBCMT:tidtable.obj
 0001:00001b4d       __decode_pointer           10002b4d f   LIBCMT:tidtable.obj
 0001:00001bbf       ___crtTlsAlloc@4           10002bbf f   LIBCMT:tidtable.obj
 0001:00001bc8       ___set_flsgetvalue         10002bc8 f   LIBCMT:tidtable.obj
 0001:00001bfc       __mtterm                   10002bfc f   LIBCMT:tidtable.obj
 0001:00001c39       __initptd                  10002c39 f   LIBCMT:tidtable.obj
 0001:00001d20       __getptd_noexit            10002d20 f   LIBCMT:tidtable.obj
 0001:00001d99       __getptd                   10002d99 f   LIBCMT:tidtable.obj
 0001:00001db3       __freefls@4                10002db3 f   LIBCMT:tidtable.obj
 0001:00001ee2       __freeptd                  10002ee2 f   LIBCMT:tidtable.obj
 0001:00001f51       __mtinit                   10002f51 f   LIBCMT:tidtable.obj
 0001:000020de       _free                      100030de f   LIBCMT:free.obj
 0001:0000216c       __malloc_crt               1000316c f   LIBCMT:crtheap.obj
 0001:000021b1       __calloc_crt               100031b1 f   LIBCMT:crtheap.obj
 0001:000021fd       __realloc_crt              100031fd f   LIBCMT:crtheap.obj
 0001:0000224b       __crt_waiting_on_module_handle 1000324b f   LIBCMT:crt0dat.obj
 0001:0000227b       __amsg_exit                1000327b f   LIBCMT:crt0dat.obj
 0001:000022a4       ___crtCorExitProcess       100032a4 f   LIBCMT:crt0dat.obj
 0001:000022cf       ___crtExitProcess          100032cf f   LIBCMT:crt0dat.obj
 0001:000022e7       __lockexit                 100032e7 f   LIBCMT:crt0dat.obj
 0001:000022f0       __unlockexit               100032f0 f   LIBCMT:crt0dat.obj
 0001:00002316       __initterm_e               10003316 f   LIBCMT:crt0dat.obj
 0001:0000233a       __cinit                    1000333a f   LIBCMT:crt0dat.obj
 0001:000024eb       __exit                     100034eb f   LIBCMT:crt0dat.obj
 0001:00002501       __cexit                    10003501 f   LIBCMT:crt0dat.obj
 0001:00002510       __init_pointers            10003510 f   LIBCMT:crt0dat.obj
 0001:0000255e       __ioinit                   1000355e f   LIBCMT:ioinit.obj
 0001:000027b2       __ioterm                   100037b2 f   LIBCMT:ioinit.obj
 0001:00002800       __setenvp                  10003800 f   LIBCMT:stdenvp.obj
 0001:00002a78       __setargv                  10003a78 f   LIBCMT:stdargv.obj
 0001:00002b33       ___crtGetEnvironmentStringsA 10003b33 f   LIBCMT:a_env.obj
 0001:00002c6a       __RTC_Initialize           10003c6a f   LIBCMT:_initsect_.obj
 0001:00002c90       __RTC_Terminate            10003c90 f   LIBCMT:_initsect_.obj
 0001:00002cb6       __heap_init                10003cb6 f   LIBCMT:heapinit.obj
 0001:00002ce6       __heap_term                10003ce6 f   LIBCMT:heapinit.obj
 0001:00002d5a       __initp_misc_winxfltr      10003d5a f   LIBCMT:winxfltr.obj
 0001:00002d5b       __XcptFilter               10003d5b f   LIBCMT:winxfltr.obj
 0001:00002ebb       ___CppXcptFilter           10003ebb f   LIBCMT:winxfltr.obj
 0001:00002edc       __SEH_prolog4              10003edc f   LIBCMT:sehprolg4.obj
 0001:00002f21       __SEH_epilog4              10003f21 f   LIBCMT:sehprolg4.obj
 0001:00002f40       __except_handler4          10003f40 f   LIBCMT:chandler4.obj
 0001:000030cc       ___security_init_cookie    100040cc f   LIBCMT:gs_support.obj
 0001:00003162       __crt_debugger_hook        10004162 f   LIBCMT:dbghook.obj
 0001:0000316a       __lseeki64_nolock          1000416a f   LIBCMT:lseeki64.obj
 0001:000031ef       __lseeki64                 100041ef f   LIBCMT:lseeki64.obj
 0001:00003308       __write_nolock             10004308 f   LIBCMT:write.obj
 0001:00003a3b       __write                    10004a3b f   LIBCMT:write.obj
 0001:00003b17       __getbuf                   10004b17 f   LIBCMT:_getbuf.obj
 0001:00003b60       __isatty                   10004b60 f   LIBCMT:isatty.obj
 0001:00003bc4       ___iob_func                10004bc4 f   LIBCMT:_file.obj
 0001:00003bca       ___initstdio               10004bca f   LIBCMT:_file.obj
 0001:00003c7b       ___endstdio                10004c7b f   LIBCMT:_file.obj
 0001:00003c9b       __lock_file                10004c9b f   LIBCMT:_file.obj
 0001:00003cdc       __lock_file2               10004cdc f   LIBCMT:_file.obj
 0001:00003d0e       __unlock_file              10004d0e f   LIBCMT:_file.obj
 0001:00003d4a       __unlock_file2             10004d4a f   LIBCMT:_file.obj
 0001:00003d79       __fileno                   10004d79 f   LIBCMT:fileno.obj
 0001:00003fd1       ___updatetmbcinfo          10004fd1 f   LIBCMT:mbctype.obj
 0001:000040f1       __setmbcp_nolock           100050f1 f   LIBCMT:mbctype.obj
 0001:000042d6       __setmbcp                  100052d6 f   LIBCMT:mbctype.obj
 0001:00004470       ___initmbctable            10005470 f   LIBCMT:mbctype.obj
 0001:0000448e       ___freetlocinfo            1000548e f   LIBCMT:setlocal.obj
 0001:000045d7       ___addlocaleref            100055d7 f   LIBCMT:setlocal.obj
 0001:00004666       ___removelocaleref         10005666 f   LIBCMT:setlocal.obj
 0001:0000473d       ___updatetlocinfo          1000573d f   LIBCMT:setlocal.obj
 0001:000047b3       __initp_misc_cfltcvt_tab   100057b3 f   LIBCMT:cmiscdat.obj
 0001:000047d4       __get_printf_count_output  100057d4 f   LIBCMT:printf.obj
 0001:000047f0       _strlen                    100057f0 f   LIBCMT:strlen.obj
 0001:0000487b       __wctomb_s_l               1000587b f   LIBCMT:wctomb.obj
 0001:000049e7       _wctomb_s                  100059e7 f   LIBCMT:wctomb.obj
 0001:00004a04       __isleadbyte_l             10005a04 f i LIBCMT:_wctype.obj
 0001:00004a3c       _isleadbyte                10005a3c f i LIBCMT:_wctype.obj
 0001:00004a50       __aulldvrm                 10005a50 f   LIBCMT:ulldvrm.obj
 0001:00004af0       _memset                    10005af0 f   LIBCMT:memset.obj
 0001:00004b6a       __mtinitlocks              10005b6a f   LIBCMT:mlock.obj
 0001:00004bb5       __mtdeletelocks            10005bb5 f   LIBCMT:mlock.obj
 0001:00004c0c       __unlock                   10005c0c f   LIBCMT:mlock.obj
 0001:00004c23       __mtinitlocknum            10005c23 f   LIBCMT:mlock.obj
 0001:00004ce6       __lock                     10005ce6 f   LIBCMT:mlock.obj
 0001:00004d19       ___sbh_find_block          10005d19 f   LIBCMT:sbheap.obj
 0001:00004d49       ___sbh_free_block          10005d49 f   LIBCMT:sbheap.obj
 0001:0000505f       ___sbh_alloc_new_region    1000605f f   LIBCMT:sbheap.obj
 0001:0000510f       ___sbh_alloc_new_group     1000610f f   LIBCMT:sbheap.obj
 0001:00005217       ___sbh_resize_block        10006217 f   LIBCMT:sbheap.obj
 0001:000054f8       ___sbh_alloc_block         100064f8 f   LIBCMT:sbheap.obj
 0001:000057dd       _V6_HeapAlloc              100067dd f   LIBCMT:malloc.obj
 0001:0000582c       _malloc                    1000682c f   LIBCMT:malloc.obj
 0001:000058f6       __calloc_impl              100068f6 f   LIBCMT:calloc_impl.obj
 0001:00005a14       _realloc                   10006a14 f   LIBCMT:realloc.obj
 0001:00005c2f       __NMSG_WRITE               10006c2f f   LIBCMT:crt0msg.obj
 0001:00005dda       __FF_MSGBANNER             10006dda f   LIBCMT:crt0msg.obj
 0001:00005ecd       ___onexitinit              10006ecd f   LIBCMT:onexit.obj
 0001:00005efe       __onexit                   10006efe f   LIBCMT:onexit.obj
 0001:00005f3a       _atexit                    10006f3a f   LIBCMT:onexit.obj
 0001:00005f60       __ValidateImageBase        10006f60 f   LIBCMT:pesect.obj
 0001:00005fa0       __FindPESection            10006fa0 f   LIBCMT:pesect.obj
 0001:00006000       __IsNonwritableInCurrentImage 10007000 f   LIBCMT:pesect.obj
 0001:000060bd       ?terminate@@YAXXZ          100070bd f   LIBCMT:hooks.obj
 0001:000060f6       __initp_eh_hooks           100070f6 f   LIBCMT:hooks.obj
 0001:00006107       __initp_misc_winsig        10007107 f   LIBCMT:winsig.obj
 0001:0000615c       ___get_sigabrt             1000715c f   LIBCMT:winsig.obj
 0001:00006169       _raise                     10007169 f   LIBCMT:winsig.obj
 0001:00006319       __initp_misc_rand_s        10007319 f   LIBCMT:rand_s.obj
 0001:00006328       __initp_misc_purevirt      10007328 f   LIBCMT:inithelp.obj
 0001:00006337       __initp_misc_initcrit      10007337 f   LIBCMT:initcrit.obj
 0001:00006346       ___crtInitCritSecAndSpinCount 10007346 f   LIBCMT:initcrit.obj
 0001:000063a6       __initp_heap_handler       100073a6 f   LIBCMT:handler.obj
 0001:000063b5       __callnewh                 100073b5 f   LIBCMT:handler.obj
 0001:000063dd       _strcpy_s                  100073dd f   LIBCMT:strcpy_s.obj
 0001:00006498       __ismbblead                10007498 f   LIBCMT:ismbbyte.obj
 0001:000064b0       _memcpy                    100074b0 f   LIBCMT:memcpy.obj
 0001:00006818       __local_unwind4            10007818 f   LIBCMT:exsup4.obj
 0001:000068ee       __seh_longjmp_unwind4@4    100078ee f   LIBCMT:exsup4.obj
 0001:0000690a       @_EH4_CallFilterFunc@8     1000790a f   LIBCMT:exsup4.obj
 0001:00006921       @_EH4_TransferToHandler@8  10007921 f   LIBCMT:exsup4.obj
 0001:0000693a       @_EH4_GlobalUnwind@4       1000793a f   LIBCMT:exsup4.obj
 0001:00006954       @_EH4_LocalUnwind@16       10007954 f   LIBCMT:exsup4.obj
 0001:0000696b       __free_osfhnd              1000796b f   LIBCMT:osfinfo.obj
 0001:000069f1       __get_osfhandle            100079f1 f   LIBCMT:osfinfo.obj
 0001:00006a68       ___lock_fhandle            10007a68 f   LIBCMT:osfinfo.obj
 0001:00006b08       __unlock_fhandle           10007b08 f   LIBCMT:osfinfo.obj
 0001:00006b2f       __putwch_nolock            10007b2f f   LIBCMT:putwch.obj
 0001:00006bf4       __mbtowc_l                 10007bf4 f   LIBCMT:mbtowc.obj
 0001:00006d0b       _mbtowc                    10007d0b f   LIBCMT:mbtowc.obj
 0001:00006d30       __chkstk                   10007d30 f   LIBCMT:chkstk.obj
 0001:00006d30       __alloca_probe             10007d30     LIBCMT:chkstk.obj
 0001:00006d5b       __fcloseall                10007d5b f   LIBCMT:closeall.obj
 0001:00006dfa       __flush                    10007dfa f   LIBCMT:fflush.obj
 0001:00006e62       __fflush_nolock            10007e62 f   LIBCMT:fflush.obj
 0001:00006f84       __flushall                 10007f84 f   LIBCMT:fflush.obj
 0001:00006f8d       __freea                    10007f8d f i LIBCMT:a_map.obj
 0001:00007354       ___crtLCMapStringA         10008354 f   LIBCMT:a_map.obj
 0001:00007553       ___crtGetStringTypeA       10008553 f   LIBCMT:a_str.obj
 0001:00007595       ___free_lc_time            10008595 f   LIBCMT:inittime.obj
 0001:0000772a       ___free_lconv_num          1000872a f   LIBCMT:initnum.obj
 0001:0000776f       ___free_lconv_mon          1000876f f   LIBCMT:initmon.obj
 0001:000077fd       _strcat_s                  100087fd f   LIBCMT:strcat_s.obj
 0001:00007880       _strcspn                   10008880 f   LIBCMT:strcspn.obj
 0001:000078c6       _strncpy_s                 100088c6 f   LIBCMT:strncpy_s.obj
 0001:00007980       _strcmp                    10008980 f   LIBCMT:strcmp.obj
 0001:00007a10       _strpbrk                   10008a10 f   LIBCMT:strpbrk.obj
 0001:00007a50       __fptrap                   10008a50 f   LIBCMT:crt0fp.obj
 0001:00007ab0       __VEC_memzero              10008ab0 f   LIBCMT:p4_memset.obj
 0001:00007b8f       __get_sse2_info            10008b8f f   LIBCMT:cpu_disp.obj
 0001:00007bf1       ___sse2_available_init     10008bf1 f   LIBCMT:cpu_disp.obj
 0001:00007e2d       _strtol                    10008e2d f   LIBCMT:strtol.obj
 0001:00007e60       _memmove                   10008e60 f   LIBCMT:memmove.obj
 0001:000081c5       __msize                    100091c5 f   LIBCMT:msize.obj
 0001:00008268       ___crtMessageBoxA          10009268 f   LIBCMT:crtmbox.obj
 0001:000083d1       __set_error_mode           100093d1 f   LIBCMT:errmode.obj
 0001:0000841c       _abort                     1000941c f   LIBCMT:abort.obj
 0001:000085ba       __VEC_memcpy               100095ba f   LIBCMT:p4_memcpy.obj
 0001:000086a0       __global_unwind2           100096a0 f   LIBCMT:exsup.obj
 0001:00008705       __local_unwind2            10009705 f   LIBCMT:exsup.obj
 0001:00008789       __abnormal_termination     10009789 f   LIBCMT:exsup.obj
 0001:000087ac       __NLG_Notify1              100097ac f   LIBCMT:exsup.obj
 0001:000087b5       __NLG_Notify               100097b5 f   LIBCMT:exsup.obj
 0001:000087cc       __NLG_Dispatch             100097cc     LIBCMT:exsup.obj
 0001:000087cc       __NLG_Dispatch2            100097cc     LIBCMT:exsup.obj
 0001:000087d4       __NLG_Call                 100097d4 f   LIBCMT:exsup.obj
 0001:000087d6       __NLG_Return2              100097d6     LIBCMT:exsup.obj
 0001:000087d7       ___initconout              100097d7 f   LIBCMT:initcon.obj
 0001:000087f6       ___termcon                 100097f6 f   LIBCMT:initcon.obj
 0001:00008823       __fclose_nolock            10009823 f   LIBCMT:fclose.obj
 0001:0000889a       _fclose                    1000989a f   LIBCMT:fclose.obj
 0001:00008916       __commit                   10009916 f   LIBCMT:commit.obj
 0001:000089f7       ___ansicp                  100099f7 f   LIBCMT:convrtcp.obj
 0001:00008a40       ___convertcp               10009a40 f   LIBCMT:convrtcp.obj
 0001:00008c00       __alloca_probe_16          10009c00 f   LIBCMT:alloca16.obj
 0001:00008c16       __alloca_probe_8           10009c16     LIBCMT:alloca16.obj
 0001:00008c2c       _atol                      10009c2c f   LIBCMT:atox.obj
 0001:00008c42       __isctype_l                10009c42 f   LIBCMT:isctype.obj
 0001:00008cfa       __close_nolock             10009cfa f   LIBCMT:close.obj
 0001:00008d96       __close                    10009d96 f   LIBCMT:close.obj
 0001:00008e63       __freebuf                  10009e63 f   LIBCMT:_freebuf.obj
 0001:00008ea0       ___ascii_strnicmp          10009ea0 f   LIBCMT:_strnicm.obj
 0001:00008f10       __allmul                   10009f10 f   LIBCMT:llmul.obj
 0001:00008f60       _strchr                    10009f60 f   LIBCMT:strchr.obj
 0001:00008f66       ___from_strstr_to_strchr   10009f66     LIBCMT:strchr.obj
 0001:0000901e       _RtlUnwind@16              1000a01e f   kernel32:KERNEL32.dll
 0002:00000000       __imp__GetProcAddress@8    1000b000     kernel32:KERNEL32.dll
 0002:00000004       __imp__LoadLibraryA@4      1000b004     kernel32:KERNEL32.dll
 0002:00000008       __imp__GetCurrentThreadId@0 1000b008     kernel32:KERNEL32.dll
 0002:0000000c       __imp__GetCommandLineA@0   1000b00c     kernel32:KERNEL32.dll
 0002:00000010       __imp__TerminateProcess@8  1000b010     kernel32:KERNEL32.dll
 0002:00000014       __imp__GetCurrentProcess@0 1000b014     kernel32:KERNEL32.dll
 0002:00000018       __imp__UnhandledExceptionFilter@4 1000b018     kernel32:KERNEL32.dll
 0002:0000001c       __imp__SetUnhandledExceptionFilter@4 1000b01c     kernel32:KERNEL32.dll
 0002:00000020       __imp__IsDebuggerPresent@0 1000b020     kernel32:KERNEL32.dll
 0002:00000024       __imp__GetModuleHandleW@4  1000b024     kernel32:KERNEL32.dll
 0002:00000028       __imp__TlsGetValue@4       1000b028     kernel32:KERNEL32.dll
 0002:0000002c       __imp__TlsAlloc@0          1000b02c     kernel32:KERNEL32.dll
 0002:00000030       __imp__TlsSetValue@8       1000b030     kernel32:KERNEL32.dll
 0002:00000034       __imp__TlsFree@4           1000b034     kernel32:KERNEL32.dll
 0002:00000038       __imp__InterlockedIncrement@4 1000b038     kernel32:KERNEL32.dll
 0002:0000003c       __imp__SetLastError@4      1000b03c     kernel32:KERNEL32.dll
 0002:00000040       __imp__GetLastError@0      1000b040     kernel32:KERNEL32.dll
 0002:00000044       __imp__InterlockedDecrement@4 1000b044     kernel32:KERNEL32.dll
 0002:00000048       __imp__HeapFree@12         1000b048     kernel32:KERNEL32.dll
 0002:0000004c       __imp__Sleep@4             1000b04c     kernel32:KERNEL32.dll
 0002:00000050       __imp__ExitProcess@4       1000b050     kernel32:KERNEL32.dll
 0002:00000054       __imp__SetHandleCount@4    1000b054     kernel32:KERNEL32.dll
 0002:00000058       __imp__GetStdHandle@4      1000b058     kernel32:KERNEL32.dll
 0002:0000005c       __imp__GetFileType@4       1000b05c     kernel32:KERNEL32.dll
 0002:00000060       __imp__GetStartupInfoA@4   1000b060     kernel32:KERNEL32.dll
 0002:00000064       __imp__DeleteCriticalSection@4 1000b064     kernel32:KERNEL32.dll
 0002:00000068       __imp__GetModuleFileNameA@12 1000b068     kernel32:KERNEL32.dll
 0002:0000006c       __imp__FreeEnvironmentStringsA@4 1000b06c     kernel32:KERNEL32.dll
 0002:00000070       __imp__GetEnvironmentStrings@0 1000b070     kernel32:KERNEL32.dll
 0002:00000074       __imp__FreeEnvironmentStringsW@4 1000b074     kernel32:KERNEL32.dll
 0002:00000078       __imp__WideCharToMultiByte@32 1000b078     kernel32:KERNEL32.dll
 0002:0000007c       __imp__GetEnvironmentStringsW@0 1000b07c     kernel32:KERNEL32.dll
 0002:00000080       __imp__HeapCreate@12       1000b080     kernel32:KERNEL32.dll
 0002:00000084       __imp__HeapDestroy@4       1000b084     kernel32:KERNEL32.dll
 0002:00000088       __imp__VirtualFree@12      1000b088     kernel32:KERNEL32.dll
 0002:0000008c       __imp__QueryPerformanceCounter@4 1000b08c     kernel32:KERNEL32.dll
 0002:00000090       __imp__GetTickCount@0      1000b090     kernel32:KERNEL32.dll
 0002:00000094       __imp__GetCurrentProcessId@0 1000b094     kernel32:KERNEL32.dll
 0002:00000098       __imp__GetSystemTimeAsFileTime@4 1000b098     kernel32:KERNEL32.dll
 0002:0000009c       __imp__SetFilePointer@16   1000b09c     kernel32:KERNEL32.dll
 0002:000000a0       __imp__WriteFile@20        1000b0a0     kernel32:KERNEL32.dll
 0002:000000a4       __imp__GetConsoleCP@0      1000b0a4     kernel32:KERNEL32.dll
 0002:000000a8       __imp__GetConsoleMode@8    1000b0a8     kernel32:KERNEL32.dll
 0002:000000ac       __imp__EnterCriticalSection@4 1000b0ac     kernel32:KERNEL32.dll
 0002:000000b0       __imp__LeaveCriticalSection@4 1000b0b0     kernel32:KERNEL32.dll
 0002:000000b4       __imp__GetCPInfo@8         1000b0b4     kernel32:KERNEL32.dll
 0002:000000b8       __imp__GetACP@0            1000b0b8     kernel32:KERNEL32.dll
 0002:000000bc       __imp__GetOEMCP@0          1000b0bc     kernel32:KERNEL32.dll
 0002:000000c0       __imp__IsValidCodePage@4   1000b0c0     kernel32:KERNEL32.dll
 0002:000000c4       __imp__HeapAlloc@12        1000b0c4     kernel32:KERNEL32.dll
 0002:000000c8       __imp__VirtualAlloc@16     1000b0c8     kernel32:KERNEL32.dll
 0002:000000cc       __imp__HeapReAlloc@16      1000b0cc     kernel32:KERNEL32.dll
 0002:000000d0       __imp__InitializeCriticalSectionAndSpinCount@8 1000b0d0     kernel32:KERNEL32.dll
 0002:000000d4       __imp__RtlUnwind@16        1000b0d4     kernel32:KERNEL32.dll
 0002:000000d8       __imp__SetStdHandle@8      1000b0d8     kernel32:KERNEL32.dll
 0002:000000dc       __imp__WriteConsoleA@20    1000b0dc     kernel32:KERNEL32.dll
 0002:000000e0       __imp__GetConsoleOutputCP@0 1000b0e0     kernel32:KERNEL32.dll
 0002:000000e4       __imp__WriteConsoleW@20    1000b0e4     kernel32:KERNEL32.dll
 0002:000000e8       __imp__MultiByteToWideChar@24 1000b0e8     kernel32:KERNEL32.dll
 0002:000000ec       __imp__LCMapStringA@24     1000b0ec     kernel32:KERNEL32.dll
 0002:000000f0       __imp__LCMapStringW@24     1000b0f0     kernel32:KERNEL32.dll
 0002:000000f4       __imp__GetStringTypeA@20   1000b0f4     kernel32:KERNEL32.dll
 0002:000000f8       __imp__GetStringTypeW@16   1000b0f8     kernel32:KERNEL32.dll
 0002:000000fc       __imp__GetLocaleInfoA@16   1000b0fc     kernel32:KERNEL32.dll
 0002:00000100       __imp__HeapSize@12         1000b100     kernel32:KERNEL32.dll
 0002:00000104       __imp__CreateFileA@28      1000b104     kernel32:KERNEL32.dll
 0002:00000108       __imp__CloseHandle@4       1000b108     kernel32:KERNEL32.dll
 0002:0000010c       __imp__FlushFileBuffers@4  1000b10c     kernel32:KERNEL32.dll
 0002:00000110       \177KERNEL32_NULL_THUNK_DATA 1000b110     kernel32:KERNEL32.dll
 0002:00000114       ___xc_a                    1000b114     LIBCMT:crt0init.obj
 0002:00000118       ___xc_z                    1000b118     LIBCMT:crt0init.obj
 0002:0000011c       ___xi_a                    1000b11c     LIBCMT:crt0init.obj
 0002:00000130       ___xi_z                    1000b130     LIBCMT:crt0init.obj
 0002:00000134       ___xp_a                    1000b134     LIBCMT:crt0init.obj
 0002:00000140       ___xp_z                    1000b140     LIBCMT:crt0init.obj
 0002:00000144       ___xt_a                    1000b144     LIBCMT:crt0init.obj
 0002:00000148       ___xt_z                    1000b148     LIBCMT:crt0init.obj
 0002:0000016c       __pDefaultRawDllMain       1000b16c     LIBCMT:dllcrt0.obj
 0002:0000016c       __pRawDllMain              1000b16c     LIBCMT:dllcrt0.obj
 0002:00000178       ??_C@_1O@CEDCILHN@?$AA?$CI?$AAn?$AAu?$AAl?$AAl?$AA?$CJ?$AA?$AA@ 1000b178     LIBCMT:output.obj
 0002:00000188       ??_C@_06OJHGLDPL@?$CInull?$CJ?$AA@ 1000b188     LIBCMT:output.obj
 0002:00000190       ___lookuptable             1000b190     LIBCMT:output.obj
 0002:000001ec       ??_C@_0O@NLDKAIKN@EncodePointer?$AA@ 1000b1ec     LIBCMT:tidtable.obj
 0002:000001fc       ??_C@_1BK@DBDEIDLH@?$AAK?$AAE?$AAR?$AAN?$AAE?$AAL?$AA3?$AA2?$AA?4?$AAD?$AAL?$AAL?$AA?$AA@ 1000b1fc     LIBCMT:tidtable.obj
 0002:00000218       ??_C@_0O@KBPMFGHI@DecodePointer?$AA@ 1000b218     LIBCMT:tidtable.obj
 0002:00000228       ??_C@_07PEJMOBNF@FlsFree?$AA@ 1000b228     LIBCMT:tidtable.obj
 0002:00000230       ??_C@_0M@JCPCPOEF@FlsSetValue?$AA@ 1000b230     LIBCMT:tidtable.obj
 0002:0000023c       ??_C@_0M@GDNOONDI@FlsGetValue?$AA@ 1000b23c     LIBCMT:tidtable.obj
 0002:00000248       ??_C@_08KNHFBNJ@FlsAlloc?$AA@ 1000b248     LIBCMT:tidtable.obj
 0002:00000254       ??_C@_0P@MIGLKIOC@CorExitProcess?$AA@ 1000b254     LIBCMT:crt0dat.obj
 0002:00000264       ??_C@_1BI@BGOHAHKC@?$AAm?$AAs?$AAc?$AAo?$AAr?$AAe?$AAe?$AA?4?$AAd?$AAl?$AAl?$AA?$AA@ 1000b264     LIBCMT:crt0dat.obj
 0002:00000280       __XcptActTab               1000b280     LIBCMT:winxfltr.obj
 0002:00000378       ___lookuptable_s           1000b378     LIBCMT:outputs.obj
 0002:000003d4       ??_C@_0P@GGKDKEEG@runtime?5error?5?$AA@ 1000b3d4     LIBCMT:crt0msg.obj
 0002:000003e4       ??_C@_02PCIJFNDE@?$AN?6?$AA@ 1000b3e4     LIBCMT:crt0msg.obj
 0002:000003e8       ??_C@_0O@MJNIPGOH@TLOSS?5error?$AN?6?$AA@ 1000b3e8     LIBCMT:crt0msg.obj
 0002:000003f8       ??_C@_0N@BONNPDHF@SING?5error?$AN?6?$AA@ 1000b3f8     LIBCMT:crt0msg.obj
 0002:00000408       ??_C@_0P@MBDAJNE@DOMAIN?5error?$AN?6?$AA@ 1000b408     LIBCMT:crt0msg.obj
 0002:00000418       ??_C@_0JL@DFDOOABL@R6034?$AN?6An?5application?5has?5made?5a@ 1000b418     LIBCMT:crt0msg.obj
 0002:000004b8       ??_C@_0PH@EPAFIJ@R6033?$AN?6?9?5Attempt?5to?5use?5MSIL?5cod@ 1000b4b8     LIBCMT:crt0msg.obj
 0002:000005b0       ??_C@_0DD@BKEEABMM@R6032?$AN?6?9?5not?5enough?5space?5for?5lo@ 1000b5b0     LIBCMT:crt0msg.obj
 0002:000005e8       ??_C@_0GD@OFKILIED@R6031?$AN?6?9?5Attempt?5to?5initialize?5t@ 1000b5e8     LIBCMT:crt0msg.obj
 0002:0000064c       ??_C@_0BP@LPMHJOKI@R6030?$AN?6?9?5CRT?5not?5initialized?$AN?6?$AA@ 1000b64c     LIBCMT:crt0msg.obj
 0002:0000066c       ??_C@_0CF@KJDAIALP@R6028?$AN?6?9?5unable?5to?5initialize?5he@ 1000b66c     LIBCMT:crt0msg.obj
 0002:00000694       ??_C@_0DF@GAKBPDFP@R6027?$AN?6?9?5not?5enough?5space?5for?5lo@ 1000b694     LIBCMT:crt0msg.obj
 0002:000006cc       ??_C@_0DF@IBLNNAIG@R6026?$AN?6?9?5not?5enough?5space?5for?5st@ 1000b6cc     LIBCMT:crt0msg.obj
 0002:00000704       ??_C@_0CG@IOHKGFNJ@R6025?$AN?6?9?5pure?5virtual?5function?5c@ 1000b704     LIBCMT:crt0msg.obj
 0002:0000072c       ??_C@_0DF@JIJJFJDC@R6024?$AN?6?9?5not?5enough?5space?5for?5_o@ 1000b72c     LIBCMT:crt0msg.obj
 0002:00000764       ??_C@_0CJ@EGEJHFME@R6019?$AN?6?9?5unable?5to?5open?5console?5@ 1000b764     LIBCMT:crt0msg.obj
 0002:00000790       ??_C@_0CB@GNHNIELH@R6018?$AN?6?9?5unexpected?5heap?5error?$AN?6@ 1000b790     LIBCMT:crt0msg.obj
 0002:000007b4       ??_C@_0CN@FOLDKNG@R6017?$AN?6?9?5unexpected?5multithread?5@ 1000b7b4     LIBCMT:crt0msg.obj
 0002:000007e4       ??_C@_0CM@FAHFJNHO@R6016?$AN?6?9?5not?5enough?5space?5for?5th@ 1000b7e4     LIBCMT:crt0msg.obj
 0002:00000810       ??_C@_0JG@LBKMGKLD@?$AN?6This?5application?5has?5requested@ 1000b810     LIBCMT:crt0msg.obj
 0002:000008a8       ??_C@_0CM@FLCNIPKK@R6009?$AN?6?9?5not?5enough?5space?5for?5en@ 1000b8a8     LIBCMT:crt0msg.obj
 0002:000008d4       ??_C@_0CK@KMMJOAPP@R6008?$AN?6?9?5not?5enough?5space?5for?5ar@ 1000b8d4     LIBCMT:crt0msg.obj
 0002:00000900       ??_C@_0CN@LEKKICBM@R6002?$AN?6?9?5floating?5point?5support?5@ 1000b900     LIBCMT:crt0msg.obj
 0002:00000930       ??_C@_0CF@GOGNBNAK@Microsoft?5Visual?5C?$CL?$CL?5Runtime?5Lib@ 1000b930     LIBCMT:crt0msg.obj
 0002:00000958       ??_C@_02PHMGELLB@?6?6?$AA@ 1000b958     LIBCMT:crt0msg.obj
 0002:0000095c       ??_C@_03KHICJKCI@?4?4?4?$AA@ 1000b95c     LIBCMT:crt0msg.obj
 0002:00000960       ??_C@_0BH@DNAGHKFM@?$DMprogram?5name?5unknown?$DO?$AA@ 1000b960     LIBCMT:crt0msg.obj
 0002:00000978       ??_C@_0BK@OFGJDLJJ@Runtime?5Error?$CB?6?6Program?3?5?$AA@ 1000b978     LIBCMT:crt0msg.obj
 0002:00000994       ??_C@_13NOLLCAOD@?$AA?$AA?$AA?$AA@ 1000b994     LIBCMT:a_map.obj
 0002:00000998       ___newctype                1000b998     LIBCMT:ctype.obj
 0002:00000c98       __wctype                   1000bc98     LIBCMT:ctype.obj
 0002:00000ea0       ___newclmap                1000bea0     LIBCMT:ctype.obj
 0002:00001020       ___newcumap                1000c020     LIBCMT:ctype.obj
 0002:000011a0       ??_C@_08JCCMCCIL@HH?3mm?3ss?$AA@ 1000c1a0     LIBCMT:strftime.obj
 0002:000011ac       ??_C@_0BE@CKGJFCPC@dddd?0?5MMMM?5dd?0?5yyyy?$AA@ 1000c1ac     LIBCMT:strftime.obj
 0002:000011c0       ??_C@_08BPBNCDIB@MM?1dd?1yy?$AA@ 1000c1c0     LIBCMT:strftime.obj
 0002:000011cc       ??_C@_02CJNFDJBF@PM?$AA@   1000c1cc     LIBCMT:strftime.obj
 0002:000011d0       ??_C@_02DEDBPAFC@AM?$AA@   1000c1d0     LIBCMT:strftime.obj
 0002:000011d4       ??_C@_08EDHMEBNP@December?$AA@ 1000c1d4     LIBCMT:strftime.obj
 0002:000011e0       ??_C@_08HCHEGEOA@November?$AA@ 1000c1e0     LIBCMT:strftime.obj
 0002:000011ec       ??_C@_07JJNFCEND@October?$AA@ 1000c1ec     LIBCMT:strftime.obj
 0002:000011f4       ??_C@_09BHHEALKD@September?$AA@ 1000c1f4     LIBCMT:strftime.obj
 0002:00001200       ??_C@_06LBBHFDDG@August?$AA@ 1000c200     LIBCMT:strftime.obj
 0002:00001208       ??_C@_04MIEPOIFP@July?$AA@ 1000c208     LIBCMT:strftime.obj
 0002:00001210       ??_C@_04CNLMGBGM@June?$AA@ 1000c210     LIBCMT:strftime.obj
 0002:00001218       ??_C@_05DMJDNLEJ@April?$AA@ 1000c218     LIBCMT:strftime.obj
 0002:00001220       ??_C@_05HPCKOFNC@March?$AA@ 1000c220     LIBCMT:strftime.obj
 0002:00001228       ??_C@_08GNJGEPFN@February?$AA@ 1000c228     LIBCMT:strftime.obj
 0002:00001234       ??_C@_07CGJPFGJA@January?$AA@ 1000c234     LIBCMT:strftime.obj
 0002:0000123c       ??_C@_03MKABNOCG@Dec?$AA@  1000c23c     LIBCMT:strftime.obj
 0002:00001240       ??_C@_03JPJOFNIA@Nov?$AA@  1000c240     LIBCMT:strftime.obj
 0002:00001244       ??_C@_03BMAOKBAD@Oct?$AA@  1000c244     LIBCMT:strftime.obj
 0002:00001248       ??_C@_03GGCAPAJC@Sep?$AA@  1000c248     LIBCMT:strftime.obj
 0002:0000124c       ??_C@_03IFJFEIGA@Aug?$AA@  1000c24c     LIBCMT:strftime.obj
 0002:00001250       ??_C@_03LBGABGKK@Jul?$AA@  1000c250     LIBCMT:strftime.obj
 0002:00001254       ??_C@_03IDFGHECI@Jun?$AA@  1000c254     LIBCMT:strftime.obj
 0002:00001258       ??_C@_03CNMDKL@May?$AA@    1000c258     LIBCMT:strftime.obj
 0002:0000125c       ??_C@_03LEOLGMJP@Apr?$AA@  1000c25c     LIBCMT:strftime.obj
 0002:00001260       ??_C@_03ODNJBKGA@Mar?$AA@  1000c260     LIBCMT:strftime.obj
 0002:00001264       ??_C@_03HJBDCHOM@Feb?$AA@  1000c264     LIBCMT:strftime.obj
 0002:00001268       ??_C@_03JIHJHPIE@Jan?$AA@  1000c268     LIBCMT:strftime.obj
 0002:0000126c       ??_C@_08INBOOONO@Saturday?$AA@ 1000c26c     LIBCMT:strftime.obj
 0002:00001278       ??_C@_06JECMNKMI@Friday?$AA@ 1000c278     LIBCMT:strftime.obj
 0002:00001280       ??_C@_08HACCIKIA@Thursday?$AA@ 1000c280     LIBCMT:strftime.obj
 0002:0000128c       ??_C@_09DLIGFAKA@Wednesday?$AA@ 1000c28c     LIBCMT:strftime.obj
 0002:00001298       ??_C@_07BAAGCFCM@Tuesday?$AA@ 1000c298     LIBCMT:strftime.obj
 0002:000012a0       ??_C@_06JLEDEDGH@Monday?$AA@ 1000c2a0     LIBCMT:strftime.obj
 0002:000012a8       ??_C@_06OOPIFAJ@Sunday?$AA@ 1000c2a8     LIBCMT:strftime.obj
 0002:000012b0       ??_C@_03FEFJNEK@Sat?$AA@   1000c2b0     LIBCMT:strftime.obj
 0002:000012b4       ??_C@_03IDIOELNC@Fri?$AA@  1000c2b4     LIBCMT:strftime.obj
 0002:000012b8       ??_C@_03IOFIKPDN@Thu?$AA@  1000c2b8     LIBCMT:strftime.obj
 0002:000012bc       ??_C@_03MHOMLAJA@Wed?$AA@  1000c2bc     LIBCMT:strftime.obj
 0002:000012c0       ??_C@_03NAGEINEP@Tue?$AA@  1000c2c0     LIBCMT:strftime.obj
 0002:000012c4       ??_C@_03PDAGKDH@Mon?$AA@   1000c2c4     LIBCMT:strftime.obj
 0002:000012c8       ??_C@_03KOEHGMDN@Sun?$AA@  1000c2c8     LIBCMT:strftime.obj
 0002:000012cc       ??_C@_0BI@DFKBFLJE@GetProcessWindowStation?$AA@ 1000c2cc     LIBCMT:crtmbox.obj
 0002:000012e4       ??_C@_0BK@CIDNPOGP@GetUserObjectInformationA?$AA@ 1000c2e4     LIBCMT:crtmbox.obj
 0002:00001300       ??_C@_0BD@HHGDFDBJ@GetLastActivePopup?$AA@ 1000c300     LIBCMT:crtmbox.obj
 0002:00001314       ??_C@_0BA@HNOPNCHB@GetActiveWindow?$AA@ 1000c314     LIBCMT:crtmbox.obj
 0002:00001324       ??_C@_0M@CHKKJDAI@MessageBoxA?$AA@ 1000c324     LIBCMT:crtmbox.obj
 0002:00001330       ??_C@_0L@NDEGIDAG@USER32?4DLL?$AA@ 1000c330     LIBCMT:crtmbox.obj
 0002:0000133c       ??_C@_07GPDNMNG@CONOUT$?$AA@ 1000c33c     LIBCMT:initcon.obj
 0002:00001344       ___dnames                  1000c344     LIBCMT:timeset.obj
 0002:0000135c       ___mnames                  1000c35c     LIBCMT:timeset.obj
 0002:00001384       ??_C@_0P@GHFPNOJB@bad?5allocation?$AA@ 1000c384     Spells_Description.obj
 0002:00001394       ??_C@_0BA@FDLNIKIG@patcher_x86?4dll?$AA@ 1000c394     Spells_Description.obj
 0002:000013a4       ??_C@_0BB@CKHJKIEB@_GetPatcherX86?$EA0?$AA@ 1000c3a4     Spells_Description.obj
 0002:000013b8       ??_C@_0BH@DPLEKDOG@Spells_Description?4txt?$AA@ 1000c3b8     Spells_Description.obj
 0002:000013d0       ??_C@_02MFEGOEMP@?$CFn?$AA@ 1000c3d0     Spells_Description.obj
 0002:000013d4       ??_C@_0BD@NEBCBNOE@Spells_Description?$AA@ 1000c3d4     Spells_Description.obj
 0002:000013e8       __load_config_used         1000c3e8     LIBCMT:loadcfg.obj
 0002:000014a0       ___safe_se_handler_table   1000c4a0     <linker-defined>
 0002:000014ac       ___rtc_iaa                 1000c4ac     LIBCMT:_initsect_.obj
 0002:000014b0       ___rtc_izz                 1000c4b0     LIBCMT:_initsect_.obj
 0002:000014b4       ___rtc_taa                 1000c4b4     LIBCMT:_initsect_.obj
 0002:000014b8       ___rtc_tzz                 1000c4b8     LIBCMT:_initsect_.obj
 0002:00001854       __IMPORT_DESCRIPTOR_KERNEL32 1000c854     kernel32:KERNEL32.dll
 0002:00001868       __NULL_IMPORT_DESCRIPTOR   1000c868     kernel32:KERNEL32.dll
 0003:00000000       ___security_cookie         1000d000     LIBCMT:gs_cookie.obj
 0003:00000004       ___security_cookie_complement 1000d004     LIBCMT:gs_cookie.obj
 0003:00000008       ___nullstring              1000d008     LIBCMT:output.obj
 0003:0000000c       ___wnullstring             1000d00c     LIBCMT:output.obj
 0003:00000180       ___flsindex                1000d180     LIBCMT:tidtable.obj
 0003:00000184       ___getvalueindex           1000d184     LIBCMT:tidtable.obj
 0003:00000188       __aexit_rtn                1000d188     LIBCMT:crt0dat.obj
 0003:00000190       ___badioinfo               1000d190     LIBCMT:ioinit.obj
 0003:000001d0       __amblksiz                 1000d1d0     LIBCMT:heapinit.obj
 0003:000001d4       __First_FPE_Indx           1000d1d4     LIBCMT:winxfltr.obj
 0003:000001d8       __Num_FPE                  1000d1d8     LIBCMT:winxfltr.obj
 0003:000001dc       __XcptActTabSize           1000d1dc     LIBCMT:winxfltr.obj
 0003:000001e0       __XcptActTabCount          1000d1e0     LIBCMT:winxfltr.obj
 0003:000001e8       __iob                      1000d1e8     LIBCMT:_file.obj
 0003:00000468       ___initialmbcinfo          1000d468     LIBCMT:mbctype.obj
 0003:00000688       __mbctype                  1000d688     LIBCMT:mbctype.obj
 0003:00000790       __mbcasemap                1000d790     LIBCMT:mbctype.obj
 0003:00000890       ___ptmbcinfo               1000d890     LIBCMT:mbctype.obj
 0003:0000098c       ___globallocalestatus      1000d98c     LIBCMT:glstatus.obj
 0003:00000990       ___clocalestr              1000d990     LIBCMT:nlsdata2.obj
 0003:00000998       ___initiallocinfo          1000d998     LIBCMT:nlsdata2.obj
 0003:00000a70       ___ptlocinfo               1000da70     LIBCMT:nlsdata2.obj
 0003:00000a74       ___lc_clike                1000da74     LIBCMT:nlsdata2.obj
 0003:00000a78       ___initiallocalestructinfo 1000da78     LIBCMT:nlsdata2.obj
 0003:00000a80       __cfltcvt_tab              1000da80     LIBCMT:cmiscdat.obj
 0003:00000ca0       __pctype                   1000dca0     LIBCMT:ctype.obj
 0003:00000ca4       __pwctype                  1000dca4     LIBCMT:ctype.obj
 0003:00000ca8       ___lc_time_c               1000dca8     LIBCMT:strftime.obj
 0003:00000d60       ___lc_time_curr            1000dd60     LIBCMT:strftime.obj
 0003:00000d64       ___lconv_static_decimal    1000dd64     LIBCMT:lconv.obj
 0003:00000d68       ___lconv_c                 1000dd68     LIBCMT:lconv.obj
 0003:00000d98       ___lconv                   1000dd98     LIBCMT:lconv.obj
 0003:00000d9c       ___mb_cur_max              1000dd9c     LIBCMT:nlsdata1.obj
 0003:00000da0       ___decimal_point           1000dda0     LIBCMT:nlsdata1.obj
 0003:00000da4       ___decimal_point_length    1000dda4     LIBCMT:nlsdata1.obj
 0003:00000db0       ___abort_behavior          1000ddb0     LIBCMT:abort.obj
 0003:00000db4       __NLG_Destination          1000ddb4     LIBCMT:exsup.obj
 0003:00000dc4       __coninpfh                 1000ddc4     LIBCMT:initcon.obj
 0003:00000dc8       __confh                    1000ddc8     LIBCMT:initcon.obj
 0003:00000dd0       __timezone                 1000ddd0     LIBCMT:timeset.obj
 0003:00000dd4       __daylight                 1000ddd4     LIBCMT:timeset.obj
 0003:00000dd8       __dstbias                  1000ddd8     LIBCMT:timeset.obj
 0003:00000e60       __tzname                   1000de60     LIBCMT:timeset.obj
 0003:00000e80       __lpdays                   1000de80     LIBCMT:days.obj
 0003:00000eb4       __days                     1000deb4     LIBCMT:days.obj
 0003:00000f04       __aenvptr                  1000df04     LIBCMT:dllcrt0.obj
 0003:00000f08       __wenvptr                  1000df08     LIBCMT:dllcrt0.obj
 0003:00000f0c       ___error_mode              1000df0c     LIBCMT:dllcrt0.obj
 0003:00000f10       ___app_type                1000df10     LIBCMT:dllcrt0.obj
 0003:0000123c       ___pInvalidArgHandler      1000e23c     LIBCMT:invarg.obj
 0003:00001240       _gpFlsAlloc                1000e240     LIBCMT:tidtable.obj
 0003:00001244       _gpFlsGetValue             1000e244     LIBCMT:tidtable.obj
 0003:00001248       _gpFlsSetValue             1000e248     LIBCMT:tidtable.obj
 0003:0000124c       _gpFlsFree                 1000e24c     LIBCMT:tidtable.obj
 0003:00001250       __maxwait                  1000e250     LIBCMT:crtheap.obj
 0003:00001254       __umaskval                 1000e254     LIBCMT:crt0dat.obj
 0003:00001258       ___argc                    1000e258     LIBCMT:crt0dat.obj
 0003:0000125c       ___argv                    1000e25c     LIBCMT:crt0dat.obj
 0003:00001260       ___wargv                   1000e260     LIBCMT:crt0dat.obj
 0003:00001264       __environ                  1000e264     LIBCMT:crt0dat.obj
 0003:00001268       ___initenv                 1000e268     LIBCMT:crt0dat.obj
 0003:0000126c       __wenviron                 1000e26c     LIBCMT:crt0dat.obj
 0003:00001270       ___winitenv                1000e270     LIBCMT:crt0dat.obj
 0003:00001274       __pgmptr                   1000e274     LIBCMT:crt0dat.obj
 0003:00001278       __wpgmptr                  1000e278     LIBCMT:crt0dat.obj
 0003:0000127c       __exitflag                 1000e27c     LIBCMT:crt0dat.obj
 0003:00001280       __C_Termination_Done       1000e280     LIBCMT:crt0dat.obj
 0003:00001284       __C_Exit_Done              1000e284     LIBCMT:crt0dat.obj
 0003:00001394       __crtheap                  1000e394     LIBCMT:heapinit.obj
 0003:00001398       __cflush                   1000e398     LIBCMT:_file.obj
 0003:000013a0       ___mbulinfo                1000e3a0     LIBCMT:mbctype.obj
 0003:000013ac       ___mbcodepage              1000e3ac     LIBCMT:mbctype.obj
 0003:000013b0       ___ismbcodepage            1000e3b0     LIBCMT:mbctype.obj
 0003:000013b4       ___mblcid                  1000e3b4     LIBCMT:mbctype.obj
 0003:000013b8       ___locale_changed          1000e3b8     LIBCMT:setlocal.obj
 0003:000013bc       ___lc_handle               1000e3bc     LIBCMT:nlsdata2.obj
 0003:000013d4       ___lc_codepage             1000e3d4     LIBCMT:nlsdata2.obj
 0003:000013d8       ___lc_collate_cp           1000e3d8     LIBCMT:nlsdata2.obj
 0003:00001530       ___sbh_pHeaderDefer        1000e530     LIBCMT:sbheap.obj
 0003:0000184c       ?__pInconsistency@@3P6AXXZA 1000e84c     LIBCMT:hooks.obj
 0003:00001870       ___pPurecall               1000e870     LIBCMT:inithelp.obj
 0003:00001878       ?_pnhHeap@@3P6AHI@ZA       1000e878     LIBCMT:handler.obj
 0003:00001884       ___lconv_static_null       1000e884     LIBCMT:lconv.obj
 0003:00001888       __stdbuf                   1000e888     LIBCMT:_sftbuf.obj
 0003:00001890       __newmode                  1000e890     LIBCMT:_newmode.obj
 0003:00001960       ?_PI@@3PAVPatcherInstance@@A 1000e960     Spells_Description.obj
 0003:00001964       ?_P@@3PAVPatcher@@A        1000e964     Spells_Description.obj
 0003:00001968       ?Spells_Description_TXT@@3PAU_TXT_@@A 1000e968     Spells_Description.obj
 0003:0000196c       ?calls_count@?1??GetPatcher@@YAPAVPatcher@@XZ@4HA 1000e96c     Spells_Description.obj
 0003:00001974       ___sse2_available          1000e974     <common>
 0003:00001978       ___sbh_cntHeaderList       1000e978     <common>
 0003:0000197c       ___sbh_pHeaderList         1000e97c     <common>
 0003:00001980       ___sbh_threshold           1000e980     <common>
 0003:00001984       ___sbh_pHeaderScan         1000e984     <common>
 0003:00001988       ___sbh_sizeHeaderList      1000e988     <common>
 0003:0000198c       ___sbh_indGroupDefer       1000e98c     <common>
 0003:00001990       ___piob                    1000e990     <common>
 0003:000019a0       __bufin                    1000e9a0     <common>
 0003:000029a0       __nstream                  1000f9a0     <common>
 0003:000029a4       __debugger_hook_dummy      1000f9a4     <common>
 0003:000029a8       __pDestructExceptionObject 1000f9a8     <common>
 0003:000029ac       ___active_heap             1000f9ac     <common>
 0003:000029b0       __nhandle                  1000f9b0     <common>
 0003:000029c0       ___pioinfo                 1000f9c0     <common>
 0003:00002ac0       ___env_initialized         1000fac0     <common>
 0003:00002ac4       ___onexitend               1000fac4     <common>
 0003:00002ac8       ___onexitbegin             1000fac8     <common>
 0003:00002acc       ___mbctype_initialized     1000facc     <common>
 0003:00002ad0       __FPinit                   1000fad0     <common>
 0003:00002ad4       ___dyn_tls_init_callback   1000fad4     <common>
 0003:00002ad8       __acmdln                   1000fad8     <common>

 entry point at        0001:00000998

 Static symbols

 0001:000008a2       ___DllMainCRTStartup       100018a2 f   LIBCMT:dllcrt0.obj
 0001:00000cac       _write_char                10001cac f   LIBCMT:output.obj
 0001:00000cdf       _write_multi_char          10001cdf f   LIBCMT:output.obj
 0001:00000d05       _write_string              10001d05 f   LIBCMT:output.obj
 0001:000022f9       __initterm                 100032f9 f   LIBCMT:crt0dat.obj
 0001:000023bf       _doexit                    100033bf f   LIBCMT:crt0dat.obj
 0001:000028de       _parse_cmdline             100038de f   LIBCMT:stdargv.obj
 0001:00003dab       ?CPtoLCID@@YAHH@Z          10004dab f   LIBCMT:mbctype.obj
 0001:00003dda       ?setSBCS@@YAXPAUthreadmbcinfostruct@@@Z 10004dda f   LIBCMT:mbctype.obj
 0001:00003e3e       ?setSBUpLow@@YAXPAUthreadmbcinfostruct@@@Z 10004e3e f   LIBCMT:mbctype.obj
 0001:00004075       ?getSystemCP@@YAHH@Z       10005075 f   LIBCMT:mbctype.obj
 0001:000046ff       __updatetlocinfoEx_nolock  100056ff f   LIBCMT:setlocal.obj
 0001:00005e13       __onexit_nolock            10006e13 f   LIBCMT:onexit.obj
 0001:00006125       _siglookup                 10007125 f   LIBCMT:winsig.obj
 0001:00006445       ?x_ismbbtype_l@@YAHPAUlocaleinfo_struct@@IHH@Z 10007445 f   LIBCMT:ismbbyte.obj
 0001:000068a8       __unwind_handler4          100078a8 f   LIBCMT:exsup4.obj
 0001:00006eaa       _flsall                    10007eaa f   LIBCMT:fflush.obj
 0001:00006faf       ?__crtLCMapStringA_stat@@YAHPAUlocaleinfo_struct@@KKPBDHPADHHH@Z 10007faf f   LIBCMT:a_map.obj
 0001:00007399       ?__crtGetStringTypeA_stat@@YAHPAUlocaleinfo_struct@@KPBDHPAGHHH@Z 10008399 f   LIBCMT:a_str.obj
 0001:00007a59       _fastzero_I                10008a59 f   LIBCMT:p4_memset.obj
 0001:00007b3f       _has_osfxsr_set            10008b3f f   LIBCMT:cpu_disp.obj
 0001:00007bfe       ?strtoxl@@YAKPAUlocaleinfo_struct@@PBDPAPBDHH@Z 10008bfe f   LIBCMT:strtol.obj
 0001:00008533       _fastcopy_I                10009533 f   LIBCMT:p4_memcpy.obj
 0001:000086c0       __unwind_handler           100096c0 f   LIBCMT:exsup.obj
