 spells desctiptions

 Timestamp is 65a8393f (Wed Jan 17 23:31:59 2024)

 Preferred load address is 10000000

 Start         Length     Name                   Class
 0001:00000000 000094d4H .text                   CODE
 0002:00000000 00000114H .idata$5                DATA
 0002:00000114 00000004H .CRT$XCA                DATA
 0002:00000118 00000004H .CRT$XCZ                DATA
 0002:0000011c 00000004H .CRT$XIA                DATA
 0002:00000120 00000010H .CRT$XIC                DATA
 0002:00000130 00000004H .CRT$XIZ                DATA
 0002:00000134 00000004H .CRT$XPA                DATA
 0002:00000138 00000004H .CRT$XPX                DATA
 0002:0000013c 00000004H .CRT$XPXA               DATA
 0002:00000140 00000004H .CRT$XPZ                DATA
 0002:00000144 00000004H .CRT$XTA                DATA
 0002:00000148 00000004H .CRT$XTZ                DATA
 0002:00000150 000012d8H .rdata                  DATA
 0002:00001428 00000068H .rdata$debug            DATA
 0002:00001490 0000000cH .rdata$sxdata           DATA
 0002:0000149c 00000004H .rtc$IAA                DATA
 0002:000014a0 00000004H .rtc$IZZ                DATA
 0002:000014a4 00000004H .rtc$TAA                DATA
 0002:000014a8 00000004H .rtc$TZZ                DATA
 0002:000014b0 00000394H .xdata$x                DATA
 0002:00001844 00000014H .idata$2                DATA
 0002:00001858 00000014H .idata$3                DATA
 0002:0000186c 00000114H .idata$4                DATA
 0002:00001980 000004e6H .idata$6                DATA
 0002:00001e66 00000000H .edata                  DATA
 0003:00000000 00000ef4H .data                   DATA
 0003:00000f00 00001fdcH .bss                    DATA

  Address         Publics by Value              Rva+Base       Lib:Object

 0000:00000000       __except_list              00000000     <absolute>
 0000:00000003       ___safe_se_handler_count   00000003     <absolute>
 0000:00000000       ___ImageBase               10000000     <linker-defined>
 0001:00000000       ?WriteCodePatch@PatcherInstance@@QAAPAVPatch@@IPADZZ 10001000 f i Spells_Description.obj
 0001:00000020       ?AddHintMessage@_BattleMgr_@@QAEXPBD@Z 10001020 f i Spells_Description.obj
 0001:00000040       ?GetSpellType@@YAHH@Z      10001040 f   Spells_Description.obj
 0001:000000d0       ?WoG_GetResistGolem@@YAHHHPAU_BattleStack_@@@Z 100010d0 f   Spells_Description.obj
 0001:00000120       ?BattleStack_Get_Killed_From_Damage@@YAHPAU_BattleStack_@@HH@Z 10001120 f   Spells_Description.obj
 0001:000001e0       ?GetWoGCreatureSpellPower@@YAHPAU_BattleStack_@@@Z 100011e0 f   Spells_Description.obj
 0001:00000210       ?SetModifiedHintTo_TextBuffer@@YADPAU_BattleMgr_@@PAU_BattleStack_@@HHH@Z 10001210 f   Spells_Description.obj
 0001:000004a0       ?Y_BattleMgr_BattleLog_PrepareSpellMessage@@YGXPAVHiHook@@PAU_BattleMgr_@@HHD@Z 100014a0 f   Spells_Description.obj
 0001:000006f0       ?Y_DlgSpellBook_ModifSpell_Description@@YGHPAVLoHook@@PAUHookContext@@@Z 100016f0 f   Spells_Description.obj
 0001:000008a0       ?Y_Battle_Hint_Prepare_ResurrectArchangel@@YGHPAVLoHook@@PAUHookContext@@@Z 100018a0 f   Spells_Description.obj
 0001:00000950       ?Y_Fix_Funk_Get_Resurrect_Count@@YGHPAVLoHook@@PAUHookContext@@@Z 10001950 f   Spells_Description.obj
 0001:00000980       ?Y_Battle_Hint_Prepare_WoG_Creatures@@YGHPAVLoHook@@PAUHookContext@@@Z 10001980 f   Spells_Description.obj
 0001:00000a30       ?Y_LoadAllTXTinGames@@YGHPAVLoHook@@PAUHookContext@@@Z 10001a30 f   Spells_Description.obj
 0001:00000a50       ?StartPlugin@@YAXXZ        10001a50 f   Spells_Description.obj
 0001:00000b20       _DllMain@12                10001b20 f   Spells_Description.obj
 0001:00000bb1       @__security_check_cookie@4 10001bb1 f   LIBCMT:secchk.obj
 0001:00000bc0       _sprintf                   10001bc0 f   LIBCMT:sprintf.obj
 0001:00000c3d       __CRT_INIT@12              10001c3d f   LIBCMT:dllcrt0.obj
 0001:00000e68       __DllMainCRTStartup@12     10001e68 f   LIBCMT:dllcrt0.obj
 0001:00000e8b       ___report_gsfailure        10001e8b f   LIBCMT:gs_report.obj
 0001:00000f91       __flsbuf                   10001f91 f   LIBCMT:_flsbuf.obj
 0001:000010f5       ??0_LocaleUpdate@@QAE@PAUlocaleinfo_struct@@@Z 100020f5 f i LIBCMT:output.obj
 0001:00001222       __output_l                 10002222 f   LIBCMT:output.obj
 0001:00001dba       __initp_misc_invarg        10002dba f   LIBCMT:invarg.obj
 0001:00001dc9       __invoke_watson            10002dc9 f   LIBCMT:invarg.obj
 0001:00001ef1       __invalid_parameter        10002ef1 f   LIBCMT:invarg.obj
 0001:00001f17       __get_errno_from_oserr     10002f17 f   LIBCMT:dosmap.obj
 0001:00001f59       __errno                    10002f59 f   LIBCMT:dosmap.obj
 0001:00001f6c       ___doserrno                10002f6c f   LIBCMT:dosmap.obj
 0001:00001f7f       __dosmaperr                10002f7f f   LIBCMT:dosmap.obj
 0001:00001fa4       __encode_pointer           10002fa4 f   LIBCMT:tidtable.obj
 0001:00002016       __encoded_null             10003016 f   LIBCMT:tidtable.obj
 0001:0000201f       __decode_pointer           1000301f f   LIBCMT:tidtable.obj
 0001:00002091       ___crtTlsAlloc@4           10003091 f   LIBCMT:tidtable.obj
 0001:0000209a       ___set_flsgetvalue         1000309a f   LIBCMT:tidtable.obj
 0001:000020ce       __mtterm                   100030ce f   LIBCMT:tidtable.obj
 0001:0000210b       __initptd                  1000310b f   LIBCMT:tidtable.obj
 0001:000021f2       __getptd_noexit            100031f2 f   LIBCMT:tidtable.obj
 0001:0000226b       __getptd                   1000326b f   LIBCMT:tidtable.obj
 0001:00002285       __freefls@4                10003285 f   LIBCMT:tidtable.obj
 0001:000023b4       __freeptd                  100033b4 f   LIBCMT:tidtable.obj
 0001:00002422       __mtinit                   10003422 f   LIBCMT:tidtable.obj
 0001:000025af       _free                      100035af f   LIBCMT:free.obj
 0001:0000263d       __malloc_crt               1000363d f   LIBCMT:crtheap.obj
 0001:00002682       __calloc_crt               10003682 f   LIBCMT:crtheap.obj
 0001:000026ce       __realloc_crt              100036ce f   LIBCMT:crtheap.obj
 0001:0000271c       __crt_waiting_on_module_handle 1000371c f   LIBCMT:crt0dat.obj
 0001:0000274c       __amsg_exit                1000374c f   LIBCMT:crt0dat.obj
 0001:00002775       ___crtCorExitProcess       10003775 f   LIBCMT:crt0dat.obj
 0001:000027a0       ___crtExitProcess          100037a0 f   LIBCMT:crt0dat.obj
 0001:000027b8       __lockexit                 100037b8 f   LIBCMT:crt0dat.obj
 0001:000027c1       __unlockexit               100037c1 f   LIBCMT:crt0dat.obj
 0001:000027e7       __initterm_e               100037e7 f   LIBCMT:crt0dat.obj
 0001:0000280b       __cinit                    1000380b f   LIBCMT:crt0dat.obj
 0001:000029bc       __exit                     100039bc f   LIBCMT:crt0dat.obj
 0001:000029d2       __cexit                    100039d2 f   LIBCMT:crt0dat.obj
 0001:000029e1       __init_pointers            100039e1 f   LIBCMT:crt0dat.obj
 0001:00002a2f       __ioinit                   10003a2f f   LIBCMT:ioinit.obj
 0001:00002c83       __ioterm                   10003c83 f   LIBCMT:ioinit.obj
 0001:00002cd1       __setenvp                  10003cd1 f   LIBCMT:stdenvp.obj
 0001:00002f49       __setargv                  10003f49 f   LIBCMT:stdargv.obj
 0001:00003004       ___crtGetEnvironmentStringsA 10004004 f   LIBCMT:a_env.obj
 0001:0000313b       __RTC_Initialize           1000413b f   LIBCMT:_initsect_.obj
 0001:00003161       __RTC_Terminate            10004161 f   LIBCMT:_initsect_.obj
 0001:00003187       __heap_init                10004187 f   LIBCMT:heapinit.obj
 0001:000031b7       __heap_term                100041b7 f   LIBCMT:heapinit.obj
 0001:0000322b       __initp_misc_winxfltr      1000422b f   LIBCMT:winxfltr.obj
 0001:0000322c       __XcptFilter               1000422c f   LIBCMT:winxfltr.obj
 0001:0000338c       ___CppXcptFilter           1000438c f   LIBCMT:winxfltr.obj
 0001:000033ac       __SEH_prolog4              100043ac f   LIBCMT:sehprolg4.obj
 0001:000033f1       __SEH_epilog4              100043f1 f   LIBCMT:sehprolg4.obj
 0001:00003410       __except_handler4          10004410 f   LIBCMT:chandler4.obj
 0001:0000359c       ___security_init_cookie    1000459c f   LIBCMT:gs_support.obj
 0001:00003632       __crt_debugger_hook        10004632 f   LIBCMT:dbghook.obj
 0001:0000363a       __lseeki64_nolock          1000463a f   LIBCMT:lseeki64.obj
 0001:000036bf       __lseeki64                 100046bf f   LIBCMT:lseeki64.obj
 0001:000037d8       __write_nolock             100047d8 f   LIBCMT:write.obj
 0001:00003f0b       __write                    10004f0b f   LIBCMT:write.obj
 0001:00003fe7       __getbuf                   10004fe7 f   LIBCMT:_getbuf.obj
 0001:00004030       __isatty                   10005030 f   LIBCMT:isatty.obj
 0001:00004094       ___iob_func                10005094 f   LIBCMT:_file.obj
 0001:0000409a       ___initstdio               1000509a f   LIBCMT:_file.obj
 0001:0000414b       ___endstdio                1000514b f   LIBCMT:_file.obj
 0001:0000416b       __lock_file                1000516b f   LIBCMT:_file.obj
 0001:000041ac       __lock_file2               100051ac f   LIBCMT:_file.obj
 0001:000041de       __unlock_file              100051de f   LIBCMT:_file.obj
 0001:0000421a       __unlock_file2             1000521a f   LIBCMT:_file.obj
 0001:00004249       __fileno                   10005249 f   LIBCMT:fileno.obj
 0001:000044a1       ___updatetmbcinfo          100054a1 f   LIBCMT:mbctype.obj
 0001:000045c1       __setmbcp_nolock           100055c1 f   LIBCMT:mbctype.obj
 0001:000047a6       __setmbcp                  100057a6 f   LIBCMT:mbctype.obj
 0001:00004940       ___initmbctable            10005940 f   LIBCMT:mbctype.obj
 0001:0000495e       ___freetlocinfo            1000595e f   LIBCMT:setlocal.obj
 0001:00004aa7       ___addlocaleref            10005aa7 f   LIBCMT:setlocal.obj
 0001:00004b36       ___removelocaleref         10005b36 f   LIBCMT:setlocal.obj
 0001:00004c0d       ___updatetlocinfo          10005c0d f   LIBCMT:setlocal.obj
 0001:00004c83       __initp_misc_cfltcvt_tab   10005c83 f   LIBCMT:cmiscdat.obj
 0001:00004ca4       __get_printf_count_output  10005ca4 f   LIBCMT:printf.obj
 0001:00004cc0       _strlen                    10005cc0 f   LIBCMT:strlen.obj
 0001:00004d4b       __wctomb_s_l               10005d4b f   LIBCMT:wctomb.obj
 0001:00004eb7       _wctomb_s                  10005eb7 f   LIBCMT:wctomb.obj
 0001:00004ed4       __isleadbyte_l             10005ed4 f i LIBCMT:_wctype.obj
 0001:00004f0c       _isleadbyte                10005f0c f i LIBCMT:_wctype.obj
 0001:00004f20       __aulldvrm                 10005f20 f   LIBCMT:ulldvrm.obj
 0001:00004fc0       _memset                    10005fc0 f   LIBCMT:memset.obj
 0001:0000503a       __mtinitlocks              1000603a f   LIBCMT:mlock.obj
 0001:00005085       __mtdeletelocks            10006085 f   LIBCMT:mlock.obj
 0001:000050dc       __unlock                   100060dc f   LIBCMT:mlock.obj
 0001:000050f3       __mtinitlocknum            100060f3 f   LIBCMT:mlock.obj
 0001:000051b6       __lock                     100061b6 f   LIBCMT:mlock.obj
 0001:000051e9       ___sbh_find_block          100061e9 f   LIBCMT:sbheap.obj
 0001:00005219       ___sbh_free_block          10006219 f   LIBCMT:sbheap.obj
 0001:0000552f       ___sbh_alloc_new_region    1000652f f   LIBCMT:sbheap.obj
 0001:000055df       ___sbh_alloc_new_group     100065df f   LIBCMT:sbheap.obj
 0001:000056e7       ___sbh_resize_block        100066e7 f   LIBCMT:sbheap.obj
 0001:000059c8       ___sbh_alloc_block         100069c8 f   LIBCMT:sbheap.obj
 0001:00005cad       _V6_HeapAlloc              10006cad f   LIBCMT:malloc.obj
 0001:00005cfc       _malloc                    10006cfc f   LIBCMT:malloc.obj
 0001:00005dc6       __calloc_impl              10006dc6 f   LIBCMT:calloc_impl.obj
 0001:00005ee4       _realloc                   10006ee4 f   LIBCMT:realloc.obj
 0001:000060ff       __NMSG_WRITE               100070ff f   LIBCMT:crt0msg.obj
 0001:000062aa       __FF_MSGBANNER             100072aa f   LIBCMT:crt0msg.obj
 0001:0000639d       ___onexitinit              1000739d f   LIBCMT:onexit.obj
 0001:000063ce       __onexit                   100073ce f   LIBCMT:onexit.obj
 0001:0000640a       _atexit                    1000740a f   LIBCMT:onexit.obj
 0001:00006430       __ValidateImageBase        10007430 f   LIBCMT:pesect.obj
 0001:00006470       __FindPESection            10007470 f   LIBCMT:pesect.obj
 0001:000064c0       __IsNonwritableInCurrentImage 100074c0 f   LIBCMT:pesect.obj
 0001:0000657d       ?terminate@@YAXXZ          1000757d f   LIBCMT:hooks.obj
 0001:000065b6       __initp_eh_hooks           100075b6 f   LIBCMT:hooks.obj
 0001:000065c7       __initp_misc_winsig        100075c7 f   LIBCMT:winsig.obj
 0001:0000661c       ___get_sigabrt             1000761c f   LIBCMT:winsig.obj
 0001:00006629       _raise                     10007629 f   LIBCMT:winsig.obj
 0001:000067d9       __initp_misc_rand_s        100077d9 f   LIBCMT:rand_s.obj
 0001:000067e8       __initp_misc_purevirt      100077e8 f   LIBCMT:inithelp.obj
 0001:000067f7       __initp_misc_initcrit      100077f7 f   LIBCMT:initcrit.obj
 0001:00006806       ___crtInitCritSecAndSpinCount 10007806 f   LIBCMT:initcrit.obj
 0001:00006866       __initp_heap_handler       10007866 f   LIBCMT:handler.obj
 0001:00006875       __callnewh                 10007875 f   LIBCMT:handler.obj
 0001:0000689d       _strcpy_s                  1000789d f   LIBCMT:strcpy_s.obj
 0001:00006958       __ismbblead                10007958 f   LIBCMT:ismbbyte.obj
 0001:00006970       _memcpy                    10007970 f   LIBCMT:memcpy.obj
 0001:00006cd8       __local_unwind4            10007cd8 f   LIBCMT:exsup4.obj
 0001:00006dae       __seh_longjmp_unwind4@4    10007dae f   LIBCMT:exsup4.obj
 0001:00006dca       @_EH4_CallFilterFunc@8     10007dca f   LIBCMT:exsup4.obj
 0001:00006de1       @_EH4_TransferToHandler@8  10007de1 f   LIBCMT:exsup4.obj
 0001:00006dfa       @_EH4_GlobalUnwind@4       10007dfa f   LIBCMT:exsup4.obj
 0001:00006e14       @_EH4_LocalUnwind@16       10007e14 f   LIBCMT:exsup4.obj
 0001:00006e2b       __free_osfhnd              10007e2b f   LIBCMT:osfinfo.obj
 0001:00006eb1       __get_osfhandle            10007eb1 f   LIBCMT:osfinfo.obj
 0001:00006f28       ___lock_fhandle            10007f28 f   LIBCMT:osfinfo.obj
 0001:00006fc8       __unlock_fhandle           10007fc8 f   LIBCMT:osfinfo.obj
 0001:00006fef       __putwch_nolock            10007fef f   LIBCMT:putwch.obj
 0001:000070b4       __mbtowc_l                 100080b4 f   LIBCMT:mbtowc.obj
 0001:000071cb       _mbtowc                    100081cb f   LIBCMT:mbtowc.obj
 0001:000071f0       __chkstk                   100081f0 f   LIBCMT:chkstk.obj
 0001:000071f0       __alloca_probe             100081f0     LIBCMT:chkstk.obj
 0001:0000721b       __fcloseall                1000821b f   LIBCMT:closeall.obj
 0001:000072ba       __flush                    100082ba f   LIBCMT:fflush.obj
 0001:00007322       __fflush_nolock            10008322 f   LIBCMT:fflush.obj
 0001:00007444       __flushall                 10008444 f   LIBCMT:fflush.obj
 0001:0000744d       __freea                    1000844d f i LIBCMT:a_map.obj
 0001:00007812       ___crtLCMapStringA         10008812 f   LIBCMT:a_map.obj
 0001:00007a11       ___crtGetStringTypeA       10008a11 f   LIBCMT:a_str.obj
 0001:00007a53       ___free_lc_time            10008a53 f   LIBCMT:inittime.obj
 0001:00007be8       ___free_lconv_num          10008be8 f   LIBCMT:initnum.obj
 0001:00007c2d       ___free_lconv_mon          10008c2d f   LIBCMT:initmon.obj
 0001:00007cbb       _strcat_s                  10008cbb f   LIBCMT:strcat_s.obj
 0001:00007d30       _strcspn                   10008d30 f   LIBCMT:strcspn.obj
 0001:00007d76       _strncpy_s                 10008d76 f   LIBCMT:strncpy_s.obj
 0001:00007e30       _strcmp                    10008e30 f   LIBCMT:strcmp.obj
 0001:00007ec0       _strpbrk                   10008ec0 f   LIBCMT:strpbrk.obj
 0001:00007f00       __fptrap                   10008f00 f   LIBCMT:crt0fp.obj
 0001:00007f60       __VEC_memzero              10008f60 f   LIBCMT:p4_memset.obj
 0001:0000803f       __get_sse2_info            1000903f f   LIBCMT:cpu_disp.obj
 0001:000080a1       ___sse2_available_init     100090a1 f   LIBCMT:cpu_disp.obj
 0001:000082dd       _strtol                    100092dd f   LIBCMT:strtol.obj
 0001:00008310       _memmove                   10009310 f   LIBCMT:memmove.obj
 0001:00008675       __msize                    10009675 f   LIBCMT:msize.obj
 0001:00008718       ___crtMessageBoxA          10009718 f   LIBCMT:crtmbox.obj
 0001:00008881       __set_error_mode           10009881 f   LIBCMT:errmode.obj
 0001:000088cc       _abort                     100098cc f   LIBCMT:abort.obj
 0001:00008a6a       __VEC_memcpy               10009a6a f   LIBCMT:p4_memcpy.obj
 0001:00008b50       __global_unwind2           10009b50 f   LIBCMT:exsup.obj
 0001:00008bb5       __local_unwind2            10009bb5 f   LIBCMT:exsup.obj
 0001:00008c39       __abnormal_termination     10009c39 f   LIBCMT:exsup.obj
 0001:00008c5c       __NLG_Notify1              10009c5c f   LIBCMT:exsup.obj
 0001:00008c65       __NLG_Notify               10009c65 f   LIBCMT:exsup.obj
 0001:00008c7c       __NLG_Dispatch2            10009c7c     LIBCMT:exsup.obj
 0001:00008c7c       __NLG_Dispatch             10009c7c     LIBCMT:exsup.obj
 0001:00008c84       __NLG_Call                 10009c84 f   LIBCMT:exsup.obj
 0001:00008c86       __NLG_Return2              10009c86     LIBCMT:exsup.obj
 0001:00008c87       ___initconout              10009c87 f   LIBCMT:initcon.obj
 0001:00008ca6       ___termcon                 10009ca6 f   LIBCMT:initcon.obj
 0001:00008cd3       __fclose_nolock            10009cd3 f   LIBCMT:fclose.obj
 0001:00008d4a       _fclose                    10009d4a f   LIBCMT:fclose.obj
 0001:00008dc6       __commit                   10009dc6 f   LIBCMT:commit.obj
 0001:00008ea7       ___ansicp                  10009ea7 f   LIBCMT:convrtcp.obj
 0001:00008ef0       ___convertcp               10009ef0 f   LIBCMT:convrtcp.obj
 0001:000090b0       __alloca_probe_16          1000a0b0 f   LIBCMT:alloca16.obj
 0001:000090c6       __alloca_probe_8           1000a0c6     LIBCMT:alloca16.obj
 0001:000090dc       _atol                      1000a0dc f   LIBCMT:atox.obj
 0001:000090f2       __isctype_l                1000a0f2 f   LIBCMT:isctype.obj
 0001:000091aa       __close_nolock             1000a1aa f   LIBCMT:close.obj
 0001:00009246       __close                    1000a246 f   LIBCMT:close.obj
 0001:00009313       __freebuf                  1000a313 f   LIBCMT:_freebuf.obj
 0001:00009350       ___ascii_strnicmp          1000a350 f   LIBCMT:_strnicm.obj
 0001:000093c0       __allmul                   1000a3c0 f   LIBCMT:llmul.obj
 0001:00009410       _strchr                    1000a410 f   LIBCMT:strchr.obj
 0001:00009416       ___from_strstr_to_strchr   1000a416     LIBCMT:strchr.obj
 0001:000094ce       _RtlUnwind@16              1000a4ce f   kernel32:KERNEL32.dll
 0002:00000000       __imp__GetProcAddress@8    1000b000     kernel32:KERNEL32.dll
 0002:00000004       __imp__LoadLibraryA@4      1000b004     kernel32:KERNEL32.dll
 0002:00000008       __imp__GetCurrentThreadId@0 1000b008     kernel32:KERNEL32.dll
 0002:0000000c       __imp__GetCommandLineA@0   1000b00c     kernel32:KERNEL32.dll
 0002:00000010       __imp__TerminateProcess@8  1000b010     kernel32:KERNEL32.dll
 0002:00000014       __imp__GetCurrentProcess@0 1000b014     kernel32:KERNEL32.dll
 0002:00000018       __imp__UnhandledExceptionFilter@4 1000b018     kernel32:KERNEL32.dll
 0002:0000001c       __imp__SetUnhandledExceptionFilter@4 1000b01c     kernel32:KERNEL32.dll
 0002:00000020       __imp__IsDebuggerPresent@0 1000b020     kernel32:KERNEL32.dll
 0002:00000024       __imp__GetModuleHandleW@4  1000b024     kernel32:KERNEL32.dll
 0002:00000028       __imp__TlsGetValue@4       1000b028     kernel32:KERNEL32.dll
 0002:0000002c       __imp__TlsAlloc@0          1000b02c     kernel32:KERNEL32.dll
 0002:00000030       __imp__TlsSetValue@8       1000b030     kernel32:KERNEL32.dll
 0002:00000034       __imp__TlsFree@4           1000b034     kernel32:KERNEL32.dll
 0002:00000038       __imp__InterlockedIncrement@4 1000b038     kernel32:KERNEL32.dll
 0002:0000003c       __imp__SetLastError@4      1000b03c     kernel32:KERNEL32.dll
 0002:00000040       __imp__GetLastError@0      1000b040     kernel32:KERNEL32.dll
 0002:00000044       __imp__InterlockedDecrement@4 1000b044     kernel32:KERNEL32.dll
 0002:00000048       __imp__HeapFree@12         1000b048     kernel32:KERNEL32.dll
 0002:0000004c       __imp__Sleep@4             1000b04c     kernel32:KERNEL32.dll
 0002:00000050       __imp__ExitProcess@4       1000b050     kernel32:KERNEL32.dll
 0002:00000054       __imp__SetHandleCount@4    1000b054     kernel32:KERNEL32.dll
 0002:00000058       __imp__GetStdHandle@4      1000b058     kernel32:KERNEL32.dll
 0002:0000005c       __imp__GetFileType@4       1000b05c     kernel32:KERNEL32.dll
 0002:00000060       __imp__GetStartupInfoA@4   1000b060     kernel32:KERNEL32.dll
 0002:00000064       __imp__DeleteCriticalSection@4 1000b064     kernel32:KERNEL32.dll
 0002:00000068       __imp__GetModuleFileNameA@12 1000b068     kernel32:KERNEL32.dll
 0002:0000006c       __imp__FreeEnvironmentStringsA@4 1000b06c     kernel32:KERNEL32.dll
 0002:00000070       __imp__GetEnvironmentStrings@0 1000b070     kernel32:KERNEL32.dll
 0002:00000074       __imp__FreeEnvironmentStringsW@4 1000b074     kernel32:KERNEL32.dll
 0002:00000078       __imp__WideCharToMultiByte@32 1000b078     kernel32:KERNEL32.dll
 0002:0000007c       __imp__GetEnvironmentStringsW@0 1000b07c     kernel32:KERNEL32.dll
 0002:00000080       __imp__HeapCreate@12       1000b080     kernel32:KERNEL32.dll
 0002:00000084       __imp__HeapDestroy@4       1000b084     kernel32:KERNEL32.dll
 0002:00000088       __imp__VirtualFree@12      1000b088     kernel32:KERNEL32.dll
 0002:0000008c       __imp__QueryPerformanceCounter@4 1000b08c     kernel32:KERNEL32.dll
 0002:00000090       __imp__GetTickCount@0      1000b090     kernel32:KERNEL32.dll
 0002:00000094       __imp__GetCurrentProcessId@0 1000b094     kernel32:KERNEL32.dll
 0002:00000098       __imp__GetSystemTimeAsFileTime@4 1000b098     kernel32:KERNEL32.dll
 0002:0000009c       __imp__SetFilePointer@16   1000b09c     kernel32:KERNEL32.dll
 0002:000000a0       __imp__WriteFile@20        1000b0a0     kernel32:KERNEL32.dll
 0002:000000a4       __imp__GetConsoleCP@0      1000b0a4     kernel32:KERNEL32.dll
 0002:000000a8       __imp__GetConsoleMode@8    1000b0a8     kernel32:KERNEL32.dll
 0002:000000ac       __imp__EnterCriticalSection@4 1000b0ac     kernel32:KERNEL32.dll
 0002:000000b0       __imp__LeaveCriticalSection@4 1000b0b0     kernel32:KERNEL32.dll
 0002:000000b4       __imp__GetCPInfo@8         1000b0b4     kernel32:KERNEL32.dll
 0002:000000b8       __imp__GetACP@0            1000b0b8     kernel32:KERNEL32.dll
 0002:000000bc       __imp__GetOEMCP@0          1000b0bc     kernel32:KERNEL32.dll
 0002:000000c0       __imp__IsValidCodePage@4   1000b0c0     kernel32:KERNEL32.dll
 0002:000000c4       __imp__HeapAlloc@12        1000b0c4     kernel32:KERNEL32.dll
 0002:000000c8       __imp__VirtualAlloc@16     1000b0c8     kernel32:KERNEL32.dll
 0002:000000cc       __imp__HeapReAlloc@16      1000b0cc     kernel32:KERNEL32.dll
 0002:000000d0       __imp__InitializeCriticalSectionAndSpinCount@8 1000b0d0     kernel32:KERNEL32.dll
 0002:000000d4       __imp__RtlUnwind@16        1000b0d4     kernel32:KERNEL32.dll
 0002:000000d8       __imp__SetStdHandle@8      1000b0d8     kernel32:KERNEL32.dll
 0002:000000dc       __imp__WriteConsoleA@20    1000b0dc     kernel32:KERNEL32.dll
 0002:000000e0       __imp__GetConsoleOutputCP@0 1000b0e0     kernel32:KERNEL32.dll
 0002:000000e4       __imp__WriteConsoleW@20    1000b0e4     kernel32:KERNEL32.dll
 0002:000000e8       __imp__MultiByteToWideChar@24 1000b0e8     kernel32:KERNEL32.dll
 0002:000000ec       __imp__LCMapStringA@24     1000b0ec     kernel32:KERNEL32.dll
 0002:000000f0       __imp__LCMapStringW@24     1000b0f0     kernel32:KERNEL32.dll
 0002:000000f4       __imp__GetStringTypeA@20   1000b0f4     kernel32:KERNEL32.dll
 0002:000000f8       __imp__GetStringTypeW@16   1000b0f8     kernel32:KERNEL32.dll
 0002:000000fc       __imp__GetLocaleInfoA@16   1000b0fc     kernel32:KERNEL32.dll
 0002:00000100       __imp__HeapSize@12         1000b100     kernel32:KERNEL32.dll
 0002:00000104       __imp__CreateFileA@28      1000b104     kernel32:KERNEL32.dll
 0002:00000108       __imp__CloseHandle@4       1000b108     kernel32:KERNEL32.dll
 0002:0000010c       __imp__FlushFileBuffers@4  1000b10c     kernel32:KERNEL32.dll
 0002:00000110       \177KERNEL32_NULL_THUNK_DATA 1000b110     kernel32:KERNEL32.dll
 0002:00000114       ___xc_a                    1000b114     LIBCMT:crt0init.obj
 0002:00000118       ___xc_z                    1000b118     LIBCMT:crt0init.obj
 0002:0000011c       ___xi_a                    1000b11c     LIBCMT:crt0init.obj
 0002:00000130       ___xi_z                    1000b130     LIBCMT:crt0init.obj
 0002:00000134       ___xp_a                    1000b134     LIBCMT:crt0init.obj
 0002:00000140       ___xp_z                    1000b140     LIBCMT:crt0init.obj
 0002:00000144       ___xt_a                    1000b144     LIBCMT:crt0init.obj
 0002:00000148       ___xt_z                    1000b148     LIBCMT:crt0init.obj
 0002:0000016c       __pRawDllMain              1000b16c     LIBCMT:dllcrt0.obj
 0002:0000016c       __pDefaultRawDllMain       1000b16c     LIBCMT:dllcrt0.obj
 0002:00000178       ??_C@_1O@CEDCILHN@?$AA?$CI?$AAn?$AAu?$AAl?$AAl?$AA?$CJ?$AA?$AA@ 1000b178     LIBCMT:output.obj
 0002:00000188       ??_C@_06OJHGLDPL@?$CInull?$CJ?$AA@ 1000b188     LIBCMT:output.obj
 0002:00000190       ___lookuptable             1000b190     LIBCMT:output.obj
 0002:000001ec       ??_C@_0O@NLDKAIKN@EncodePointer?$AA@ 1000b1ec     LIBCMT:tidtable.obj
 0002:000001fc       ??_C@_1BK@DBDEIDLH@?$AAK?$AAE?$AAR?$AAN?$AAE?$AAL?$AA3?$AA2?$AA?4?$AAD?$AAL?$AAL?$AA?$AA@ 1000b1fc     LIBCMT:tidtable.obj
 0002:00000218       ??_C@_0O@KBPMFGHI@DecodePointer?$AA@ 1000b218     LIBCMT:tidtable.obj
 0002:00000228       ??_C@_07PEJMOBNF@FlsFree?$AA@ 1000b228     LIBCMT:tidtable.obj
 0002:00000230       ??_C@_0M@JCPCPOEF@FlsSetValue?$AA@ 1000b230     LIBCMT:tidtable.obj
 0002:0000023c       ??_C@_0M@GDNOONDI@FlsGetValue?$AA@ 1000b23c     LIBCMT:tidtable.obj
 0002:00000248       ??_C@_08KNHFBNJ@FlsAlloc?$AA@ 1000b248     LIBCMT:tidtable.obj
 0002:00000254       ??_C@_0P@MIGLKIOC@CorExitProcess?$AA@ 1000b254     LIBCMT:crt0dat.obj
 0002:00000264       ??_C@_1BI@BGOHAHKC@?$AAm?$AAs?$AAc?$AAo?$AAr?$AAe?$AAe?$AA?4?$AAd?$AAl?$AAl?$AA?$AA@ 1000b264     LIBCMT:crt0dat.obj
 0002:00000280       __XcptActTab               1000b280     LIBCMT:winxfltr.obj
 0002:00000378       ___lookuptable_s           1000b378     LIBCMT:outputs.obj
 0002:000003d4       ??_C@_0P@GGKDKEEG@runtime?5error?5?$AA@ 1000b3d4     LIBCMT:crt0msg.obj
 0002:000003e4       ??_C@_02PCIJFNDE@?$AN?6?$AA@ 1000b3e4     LIBCMT:crt0msg.obj
 0002:000003e8       ??_C@_0O@MJNIPGOH@TLOSS?5error?$AN?6?$AA@ 1000b3e8     LIBCMT:crt0msg.obj
 0002:000003f8       ??_C@_0N@BONNPDHF@SING?5error?$AN?6?$AA@ 1000b3f8     LIBCMT:crt0msg.obj
 0002:00000408       ??_C@_0P@MBDAJNE@DOMAIN?5error?$AN?6?$AA@ 1000b408     LIBCMT:crt0msg.obj
 0002:00000418       ??_C@_0JL@DFDOOABL@R6034?$AN?6An?5application?5has?5made?5a@ 1000b418     LIBCMT:crt0msg.obj
 0002:000004b8       ??_C@_0PH@EPAFIJ@R6033?$AN?6?9?5Attempt?5to?5use?5MSIL?5cod@ 1000b4b8     LIBCMT:crt0msg.obj
 0002:000005b0       ??_C@_0DD@BKEEABMM@R6032?$AN?6?9?5not?5enough?5space?5for?5lo@ 1000b5b0     LIBCMT:crt0msg.obj
 0002:000005e8       ??_C@_0GD@OFKILIED@R6031?$AN?6?9?5Attempt?5to?5initialize?5t@ 1000b5e8     LIBCMT:crt0msg.obj
 0002:0000064c       ??_C@_0BP@LPMHJOKI@R6030?$AN?6?9?5CRT?5not?5initialized?$AN?6?$AA@ 1000b64c     LIBCMT:crt0msg.obj
 0002:0000066c       ??_C@_0CF@KJDAIALP@R6028?$AN?6?9?5unable?5to?5initialize?5he@ 1000b66c     LIBCMT:crt0msg.obj
 0002:00000694       ??_C@_0DF@GAKBPDFP@R6027?$AN?6?9?5not?5enough?5space?5for?5lo@ 1000b694     LIBCMT:crt0msg.obj
 0002:000006cc       ??_C@_0DF@IBLNNAIG@R6026?$AN?6?9?5not?5enough?5space?5for?5st@ 1000b6cc     LIBCMT:crt0msg.obj
 0002:00000704       ??_C@_0CG@IOHKGFNJ@R6025?$AN?6?9?5pure?5virtual?5function?5c@ 1000b704     LIBCMT:crt0msg.obj
 0002:0000072c       ??_C@_0DF@JIJJFJDC@R6024?$AN?6?9?5not?5enough?5space?5for?5_o@ 1000b72c     LIBCMT:crt0msg.obj
 0002:00000764       ??_C@_0CJ@EGEJHFME@R6019?$AN?6?9?5unable?5to?5open?5console?5@ 1000b764     LIBCMT:crt0msg.obj
 0002:00000790       ??_C@_0CB@GNHNIELH@R6018?$AN?6?9?5unexpected?5heap?5error?$AN?6@ 1000b790     LIBCMT:crt0msg.obj
 0002:000007b4       ??_C@_0CN@FOLDKNG@R6017?$AN?6?9?5unexpected?5multithread?5@ 1000b7b4     LIBCMT:crt0msg.obj
 0002:000007e4       ??_C@_0CM@FAHFJNHO@R6016?$AN?6?9?5not?5enough?5space?5for?5th@ 1000b7e4     LIBCMT:crt0msg.obj
 0002:00000810       ??_C@_0JG@LBKMGKLD@?$AN?6This?5application?5has?5requested@ 1000b810     LIBCMT:crt0msg.obj
 0002:000008a8       ??_C@_0CM@FLCNIPKK@R6009?$AN?6?9?5not?5enough?5space?5for?5en@ 1000b8a8     LIBCMT:crt0msg.obj
 0002:000008d4       ??_C@_0CK@KMMJOAPP@R6008?$AN?6?9?5not?5enough?5space?5for?5ar@ 1000b8d4     LIBCMT:crt0msg.obj
 0002:00000900       ??_C@_0CN@LEKKICBM@R6002?$AN?6?9?5floating?5point?5support?5@ 1000b900     LIBCMT:crt0msg.obj
 0002:00000930       ??_C@_0CF@GOGNBNAK@Microsoft?5Visual?5C?$CL?$CL?5Runtime?5Lib@ 1000b930     LIBCMT:crt0msg.obj
 0002:00000958       ??_C@_02PHMGELLB@?6?6?$AA@ 1000b958     LIBCMT:crt0msg.obj
 0002:0000095c       ??_C@_03KHICJKCI@?4?4?4?$AA@ 1000b95c     LIBCMT:crt0msg.obj
 0002:00000960       ??_C@_0BH@DNAGHKFM@?$DMprogram?5name?5unknown?$DO?$AA@ 1000b960     LIBCMT:crt0msg.obj
 0002:00000978       ??_C@_0BK@OFGJDLJJ@Runtime?5Error?$CB?6?6Program?3?5?$AA@ 1000b978     LIBCMT:crt0msg.obj
 0002:00000994       ??_C@_13NOLLCAOD@?$AA?$AA?$AA?$AA@ 1000b994     LIBCMT:a_map.obj
 0002:00000998       ___newctype                1000b998     LIBCMT:ctype.obj
 0002:00000c98       __wctype                   1000bc98     LIBCMT:ctype.obj
 0002:00000ea0       ___newclmap                1000bea0     LIBCMT:ctype.obj
 0002:00001020       ___newcumap                1000c020     LIBCMT:ctype.obj
 0002:000011a0       ??_C@_08JCCMCCIL@HH?3mm?3ss?$AA@ 1000c1a0     LIBCMT:strftime.obj
 0002:000011ac       ??_C@_0BE@CKGJFCPC@dddd?0?5MMMM?5dd?0?5yyyy?$AA@ 1000c1ac     LIBCMT:strftime.obj
 0002:000011c0       ??_C@_08BPBNCDIB@MM?1dd?1yy?$AA@ 1000c1c0     LIBCMT:strftime.obj
 0002:000011cc       ??_C@_02CJNFDJBF@PM?$AA@   1000c1cc     LIBCMT:strftime.obj
 0002:000011d0       ??_C@_02DEDBPAFC@AM?$AA@   1000c1d0     LIBCMT:strftime.obj
 0002:000011d4       ??_C@_08EDHMEBNP@December?$AA@ 1000c1d4     LIBCMT:strftime.obj
 0002:000011e0       ??_C@_08HCHEGEOA@November?$AA@ 1000c1e0     LIBCMT:strftime.obj
 0002:000011ec       ??_C@_07JJNFCEND@October?$AA@ 1000c1ec     LIBCMT:strftime.obj
 0002:000011f4       ??_C@_09BHHEALKD@September?$AA@ 1000c1f4     LIBCMT:strftime.obj
 0002:00001200       ??_C@_06LBBHFDDG@August?$AA@ 1000c200     LIBCMT:strftime.obj
 0002:00001208       ??_C@_04MIEPOIFP@July?$AA@ 1000c208     LIBCMT:strftime.obj
 0002:00001210       ??_C@_04CNLMGBGM@June?$AA@ 1000c210     LIBCMT:strftime.obj
 0002:00001218       ??_C@_05DMJDNLEJ@April?$AA@ 1000c218     LIBCMT:strftime.obj
 0002:00001220       ??_C@_05HPCKOFNC@March?$AA@ 1000c220     LIBCMT:strftime.obj
 0002:00001228       ??_C@_08GNJGEPFN@February?$AA@ 1000c228     LIBCMT:strftime.obj
 0002:00001234       ??_C@_07CGJPFGJA@January?$AA@ 1000c234     LIBCMT:strftime.obj
 0002:0000123c       ??_C@_03MKABNOCG@Dec?$AA@  1000c23c     LIBCMT:strftime.obj
 0002:00001240       ??_C@_03JPJOFNIA@Nov?$AA@  1000c240     LIBCMT:strftime.obj
 0002:00001244       ??_C@_03BMAOKBAD@Oct?$AA@  1000c244     LIBCMT:strftime.obj
 0002:00001248       ??_C@_03GGCAPAJC@Sep?$AA@  1000c248     LIBCMT:strftime.obj
 0002:0000124c       ??_C@_03IFJFEIGA@Aug?$AA@  1000c24c     LIBCMT:strftime.obj
 0002:00001250       ??_C@_03LBGABGKK@Jul?$AA@  1000c250     LIBCMT:strftime.obj
 0002:00001254       ??_C@_03IDFGHECI@Jun?$AA@  1000c254     LIBCMT:strftime.obj
 0002:00001258       ??_C@_03CNMDKL@May?$AA@    1000c258     LIBCMT:strftime.obj
 0002:0000125c       ??_C@_03LEOLGMJP@Apr?$AA@  1000c25c     LIBCMT:strftime.obj
 0002:00001260       ??_C@_03ODNJBKGA@Mar?$AA@  1000c260     LIBCMT:strftime.obj
 0002:00001264       ??_C@_03HJBDCHOM@Feb?$AA@  1000c264     LIBCMT:strftime.obj
 0002:00001268       ??_C@_03JIHJHPIE@Jan?$AA@  1000c268     LIBCMT:strftime.obj
 0002:0000126c       ??_C@_08INBOOONO@Saturday?$AA@ 1000c26c     LIBCMT:strftime.obj
 0002:00001278       ??_C@_06JECMNKMI@Friday?$AA@ 1000c278     LIBCMT:strftime.obj
 0002:00001280       ??_C@_08HACCIKIA@Thursday?$AA@ 1000c280     LIBCMT:strftime.obj
 0002:0000128c       ??_C@_09DLIGFAKA@Wednesday?$AA@ 1000c28c     LIBCMT:strftime.obj
 0002:00001298       ??_C@_07BAAGCFCM@Tuesday?$AA@ 1000c298     LIBCMT:strftime.obj
 0002:000012a0       ??_C@_06JLEDEDGH@Monday?$AA@ 1000c2a0     LIBCMT:strftime.obj
 0002:000012a8       ??_C@_06OOPIFAJ@Sunday?$AA@ 1000c2a8     LIBCMT:strftime.obj
 0002:000012b0       ??_C@_03FEFJNEK@Sat?$AA@   1000c2b0     LIBCMT:strftime.obj
 0002:000012b4       ??_C@_03IDIOELNC@Fri?$AA@  1000c2b4     LIBCMT:strftime.obj
 0002:000012b8       ??_C@_03IOFIKPDN@Thu?$AA@  1000c2b8     LIBCMT:strftime.obj
 0002:000012bc       ??_C@_03MHOMLAJA@Wed?$AA@  1000c2bc     LIBCMT:strftime.obj
 0002:000012c0       ??_C@_03NAGEINEP@Tue?$AA@  1000c2c0     LIBCMT:strftime.obj
 0002:000012c4       ??_C@_03PDAGKDH@Mon?$AA@   1000c2c4     LIBCMT:strftime.obj
 0002:000012c8       ??_C@_03KOEHGMDN@Sun?$AA@  1000c2c8     LIBCMT:strftime.obj
 0002:000012cc       ??_C@_0BI@DFKBFLJE@GetProcessWindowStation?$AA@ 1000c2cc     LIBCMT:crtmbox.obj
 0002:000012e4       ??_C@_0BK@CIDNPOGP@GetUserObjectInformationA?$AA@ 1000c2e4     LIBCMT:crtmbox.obj
 0002:00001300       ??_C@_0BD@HHGDFDBJ@GetLastActivePopup?$AA@ 1000c300     LIBCMT:crtmbox.obj
 0002:00001314       ??_C@_0BA@HNOPNCHB@GetActiveWindow?$AA@ 1000c314     LIBCMT:crtmbox.obj
 0002:00001324       ??_C@_0M@CHKKJDAI@MessageBoxA?$AA@ 1000c324     LIBCMT:crtmbox.obj
 0002:00001330       ??_C@_0L@NDEGIDAG@USER32?4DLL?$AA@ 1000c330     LIBCMT:crtmbox.obj
 0002:0000133c       ??_C@_07GPDNMNG@CONOUT$?$AA@ 1000c33c     LIBCMT:initcon.obj
 0002:00001344       ___dnames                  1000c344     LIBCMT:timeset.obj
 0002:0000135c       ___mnames                  1000c35c     LIBCMT:timeset.obj
 0002:00001384       ??_C@_0P@GHFPNOJB@bad?5allocation?$AA@ 1000c384     Spells_Description.obj
 0002:00001394       ??_C@_0BA@FDLNIKIG@patcher_x86?4dll?$AA@ 1000c394     Spells_Description.obj
 0002:000013a4       ??_C@_0BB@CKHJKIEB@_GetPatcherX86?$EA0?$AA@ 1000c3a4     Spells_Description.obj
 0002:000013b8       ??_C@_0M@OFDOMPNL@SpDescr?4txt?$AA@ 1000c3b8     Spells_Description.obj
 0002:000013c4       ??_C@_02MFEGOEMP@?$CFn?$AA@ 1000c3c4     Spells_Description.obj
 0002:000013c8       ??_C@_0BH@EDPFDFGL@ERA?5Spells?5Description?$AA@ 1000c3c8     Spells_Description.obj
 0002:000013e0       __load_config_used         1000c3e0     LIBCMT:loadcfg.obj
 0002:00001490       ___safe_se_handler_table   1000c490     <linker-defined>
 0002:0000149c       ___rtc_iaa                 1000c49c     LIBCMT:_initsect_.obj
 0002:000014a0       ___rtc_izz                 1000c4a0     LIBCMT:_initsect_.obj
 0002:000014a4       ___rtc_taa                 1000c4a4     LIBCMT:_initsect_.obj
 0002:000014a8       ___rtc_tzz                 1000c4a8     LIBCMT:_initsect_.obj
 0002:00001844       __IMPORT_DESCRIPTOR_KERNEL32 1000c844     kernel32:KERNEL32.dll
 0002:00001858       __NULL_IMPORT_DESCRIPTOR   1000c858     kernel32:KERNEL32.dll
 0003:00000000       ___security_cookie         1000d000     LIBCMT:gs_cookie.obj
 0003:00000004       ___security_cookie_complement 1000d004     LIBCMT:gs_cookie.obj
 0003:00000008       ___nullstring              1000d008     LIBCMT:output.obj
 0003:0000000c       ___wnullstring             1000d00c     LIBCMT:output.obj
 0003:00000180       ___flsindex                1000d180     LIBCMT:tidtable.obj
 0003:00000184       ___getvalueindex           1000d184     LIBCMT:tidtable.obj
 0003:00000188       __aexit_rtn                1000d188     LIBCMT:crt0dat.obj
 0003:00000190       ___badioinfo               1000d190     LIBCMT:ioinit.obj
 0003:000001d0       __amblksiz                 1000d1d0     LIBCMT:heapinit.obj
 0003:000001d4       __First_FPE_Indx           1000d1d4     LIBCMT:winxfltr.obj
 0003:000001d8       __Num_FPE                  1000d1d8     LIBCMT:winxfltr.obj
 0003:000001dc       __XcptActTabSize           1000d1dc     LIBCMT:winxfltr.obj
 0003:000001e0       __XcptActTabCount          1000d1e0     LIBCMT:winxfltr.obj
 0003:000001e8       __iob                      1000d1e8     LIBCMT:_file.obj
 0003:00000468       ___initialmbcinfo          1000d468     LIBCMT:mbctype.obj
 0003:00000688       __mbctype                  1000d688     LIBCMT:mbctype.obj
 0003:00000790       __mbcasemap                1000d790     LIBCMT:mbctype.obj
 0003:00000890       ___ptmbcinfo               1000d890     LIBCMT:mbctype.obj
 0003:0000098c       ___globallocalestatus      1000d98c     LIBCMT:glstatus.obj
 0003:00000990       ___clocalestr              1000d990     LIBCMT:nlsdata2.obj
 0003:00000998       ___initiallocinfo          1000d998     LIBCMT:nlsdata2.obj
 0003:00000a70       ___ptlocinfo               1000da70     LIBCMT:nlsdata2.obj
 0003:00000a74       ___lc_clike                1000da74     LIBCMT:nlsdata2.obj
 0003:00000a78       ___initiallocalestructinfo 1000da78     LIBCMT:nlsdata2.obj
 0003:00000a80       __cfltcvt_tab              1000da80     LIBCMT:cmiscdat.obj
 0003:00000ca0       __pctype                   1000dca0     LIBCMT:ctype.obj
 0003:00000ca4       __pwctype                  1000dca4     LIBCMT:ctype.obj
 0003:00000ca8       ___lc_time_c               1000dca8     LIBCMT:strftime.obj
 0003:00000d60       ___lc_time_curr            1000dd60     LIBCMT:strftime.obj
 0003:00000d64       ___lconv_static_decimal    1000dd64     LIBCMT:lconv.obj
 0003:00000d68       ___lconv_c                 1000dd68     LIBCMT:lconv.obj
 0003:00000d98       ___lconv                   1000dd98     LIBCMT:lconv.obj
 0003:00000d9c       ___mb_cur_max              1000dd9c     LIBCMT:nlsdata1.obj
 0003:00000da0       ___decimal_point           1000dda0     LIBCMT:nlsdata1.obj
 0003:00000da4       ___decimal_point_length    1000dda4     LIBCMT:nlsdata1.obj
 0003:00000db0       ___abort_behavior          1000ddb0     LIBCMT:abort.obj
 0003:00000db4       __NLG_Destination          1000ddb4     LIBCMT:exsup.obj
 0003:00000dc4       __coninpfh                 1000ddc4     LIBCMT:initcon.obj
 0003:00000dc8       __confh                    1000ddc8     LIBCMT:initcon.obj
 0003:00000dd0       __timezone                 1000ddd0     LIBCMT:timeset.obj
 0003:00000dd4       __daylight                 1000ddd4     LIBCMT:timeset.obj
 0003:00000dd8       __dstbias                  1000ddd8     LIBCMT:timeset.obj
 0003:00000e60       __tzname                   1000de60     LIBCMT:timeset.obj
 0003:00000e80       __lpdays                   1000de80     LIBCMT:days.obj
 0003:00000eb4       __days                     1000deb4     LIBCMT:days.obj
 0003:00000f04       __aenvptr                  1000df04     LIBCMT:dllcrt0.obj
 0003:00000f08       __wenvptr                  1000df08     LIBCMT:dllcrt0.obj
 0003:00000f0c       ___error_mode              1000df0c     LIBCMT:dllcrt0.obj
 0003:00000f10       ___app_type                1000df10     LIBCMT:dllcrt0.obj
 0003:0000123c       ___pInvalidArgHandler      1000e23c     LIBCMT:invarg.obj
 0003:00001240       _gpFlsAlloc                1000e240     LIBCMT:tidtable.obj
 0003:00001244       _gpFlsGetValue             1000e244     LIBCMT:tidtable.obj
 0003:00001248       _gpFlsSetValue             1000e248     LIBCMT:tidtable.obj
 0003:0000124c       _gpFlsFree                 1000e24c     LIBCMT:tidtable.obj
 0003:00001250       __maxwait                  1000e250     LIBCMT:crtheap.obj
 0003:00001254       __umaskval                 1000e254     LIBCMT:crt0dat.obj
 0003:00001258       ___argc                    1000e258     LIBCMT:crt0dat.obj
 0003:0000125c       ___argv                    1000e25c     LIBCMT:crt0dat.obj
 0003:00001260       ___wargv                   1000e260     LIBCMT:crt0dat.obj
 0003:00001264       __environ                  1000e264     LIBCMT:crt0dat.obj
 0003:00001268       ___initenv                 1000e268     LIBCMT:crt0dat.obj
 0003:0000126c       __wenviron                 1000e26c     LIBCMT:crt0dat.obj
 0003:00001270       ___winitenv                1000e270     LIBCMT:crt0dat.obj
 0003:00001274       __pgmptr                   1000e274     LIBCMT:crt0dat.obj
 0003:00001278       __wpgmptr                  1000e278     LIBCMT:crt0dat.obj
 0003:0000127c       __exitflag                 1000e27c     LIBCMT:crt0dat.obj
 0003:00001280       __C_Termination_Done       1000e280     LIBCMT:crt0dat.obj
 0003:00001284       __C_Exit_Done              1000e284     LIBCMT:crt0dat.obj
 0003:00001394       __crtheap                  1000e394     LIBCMT:heapinit.obj
 0003:00001398       __cflush                   1000e398     LIBCMT:_file.obj
 0003:000013a0       ___mbulinfo                1000e3a0     LIBCMT:mbctype.obj
 0003:000013ac       ___mbcodepage              1000e3ac     LIBCMT:mbctype.obj
 0003:000013b0       ___ismbcodepage            1000e3b0     LIBCMT:mbctype.obj
 0003:000013b4       ___mblcid                  1000e3b4     LIBCMT:mbctype.obj
 0003:000013b8       ___locale_changed          1000e3b8     LIBCMT:setlocal.obj
 0003:000013bc       ___lc_handle               1000e3bc     LIBCMT:nlsdata2.obj
 0003:000013d4       ___lc_codepage             1000e3d4     LIBCMT:nlsdata2.obj
 0003:000013d8       ___lc_collate_cp           1000e3d8     LIBCMT:nlsdata2.obj
 0003:00001530       ___sbh_pHeaderDefer        1000e530     LIBCMT:sbheap.obj
 0003:0000184c       ?__pInconsistency@@3P6AXXZA 1000e84c     LIBCMT:hooks.obj
 0003:00001870       ___pPurecall               1000e870     LIBCMT:inithelp.obj
 0003:00001878       ?_pnhHeap@@3P6AHI@ZA       1000e878     LIBCMT:handler.obj
 0003:00001884       ___lconv_static_null       1000e884     LIBCMT:lconv.obj
 0003:00001888       __stdbuf                   1000e888     LIBCMT:_sftbuf.obj
 0003:00001890       __newmode                  1000e890     LIBCMT:_newmode.obj
 0003:00001960       ?SacrificeType@@3DA        1000e960     Spells_Description.obj
 0003:00001964       ?SpDescr_TXT@@3PAU_TXT_@@A 1000e964     Spells_Description.obj
 0003:00001968       ?_PI@@3PAVPatcherInstance@@A 1000e968     Spells_Description.obj
 0003:0000196c       ?_P@@3PAVPatcher@@A        1000e96c     Spells_Description.obj
 0003:00001970       ?myString@@3PADA           1000e970     Spells_Description.obj
 0003:00001d70       ?SacrificeStack@@3PAU_BattleStack_@@A 1000ed70     Spells_Description.obj
 0003:00001d74       ?calls_count@?1??GetPatcher@@YAPAVPatcher@@XZ@4HA 1000ed74     Spells_Description.obj
 0003:00001d7c       ___sse2_available          1000ed7c     <common>
 0003:00001d80       ___sbh_cntHeaderList       1000ed80     <common>
 0003:00001d84       ___sbh_pHeaderList         1000ed84     <common>
 0003:00001d88       ___sbh_threshold           1000ed88     <common>
 0003:00001d8c       ___sbh_pHeaderScan         1000ed8c     <common>
 0003:00001d90       ___sbh_sizeHeaderList      1000ed90     <common>
 0003:00001d94       ___sbh_indGroupDefer       1000ed94     <common>
 0003:00001d98       ___piob                    1000ed98     <common>
 0003:00001da0       __bufin                    1000eda0     <common>
 0003:00002da0       __nstream                  1000fda0     <common>
 0003:00002da4       __debugger_hook_dummy      1000fda4     <common>
 0003:00002da8       __pDestructExceptionObject 1000fda8     <common>
 0003:00002dac       ___active_heap             1000fdac     <common>
 0003:00002db0       __nhandle                  1000fdb0     <common>
 0003:00002dc0       ___pioinfo                 1000fdc0     <common>
 0003:00002ec0       ___env_initialized         1000fec0     <common>
 0003:00002ec4       ___onexitend               1000fec4     <common>
 0003:00002ec8       ___onexitbegin             1000fec8     <common>
 0003:00002ecc       ___mbctype_initialized     1000fecc     <common>
 0003:00002ed0       __FPinit                   1000fed0     <common>
 0003:00002ed4       ___dyn_tls_init_callback   1000fed4     <common>
 0003:00002ed8       __acmdln                   1000fed8     <common>

 entry point at        0001:00000e68

 Static symbols

 0001:00000d72       ___DllMainCRTStartup       10001d72 f   LIBCMT:dllcrt0.obj
 0001:0000117c       _write_char                1000217c f   LIBCMT:output.obj
 0001:000011af       _write_multi_char          100021af f   LIBCMT:output.obj
 0001:000011d5       _write_string              100021d5 f   LIBCMT:output.obj
 0001:000027ca       __initterm                 100037ca f   LIBCMT:crt0dat.obj
 0001:00002890       _doexit                    10003890 f   LIBCMT:crt0dat.obj
 0001:00002daf       _parse_cmdline             10003daf f   LIBCMT:stdargv.obj
 0001:0000427b       ?CPtoLCID@@YAHH@Z          1000527b f   LIBCMT:mbctype.obj
 0001:000042aa       ?setSBCS@@YAXPAUthreadmbcinfostruct@@@Z 100052aa f   LIBCMT:mbctype.obj
 0001:0000430e       ?setSBUpLow@@YAXPAUthreadmbcinfostruct@@@Z 1000530e f   LIBCMT:mbctype.obj
 0001:00004545       ?getSystemCP@@YAHH@Z       10005545 f   LIBCMT:mbctype.obj
 0001:00004bcf       __updatetlocinfoEx_nolock  10005bcf f   LIBCMT:setlocal.obj
 0001:000062e3       __onexit_nolock            100072e3 f   LIBCMT:onexit.obj
 0001:000065e5       _siglookup                 100075e5 f   LIBCMT:winsig.obj
 0001:00006905       ?x_ismbbtype_l@@YAHPAUlocaleinfo_struct@@IHH@Z 10007905 f   LIBCMT:ismbbyte.obj
 0001:00006d68       __unwind_handler4          10007d68 f   LIBCMT:exsup4.obj
 0001:0000736a       _flsall                    1000836a f   LIBCMT:fflush.obj
 0001:0000746d       ?__crtLCMapStringA_stat@@YAHPAUlocaleinfo_struct@@KKPBDHPADHHH@Z 1000846d f   LIBCMT:a_map.obj
 0001:00007857       ?__crtGetStringTypeA_stat@@YAHPAUlocaleinfo_struct@@KPBDHPAGHHH@Z 10008857 f   LIBCMT:a_str.obj
 0001:00007f09       _fastzero_I                10008f09 f   LIBCMT:p4_memset.obj
 0001:00007fef       _has_osfxsr_set            10008fef f   LIBCMT:cpu_disp.obj
 0001:000080ae       ?strtoxl@@YAKPAUlocaleinfo_struct@@PBDPAPBDHH@Z 100090ae f   LIBCMT:strtol.obj
 0001:000089e3       _fastcopy_I                100099e3 f   LIBCMT:p4_memcpy.obj
 0001:00008b70       __unwind_handler           10009b70 f   LIBCMT:exsup.obj
