 BattleReplay

 Timestamp is 5f91a0ef (Thu Oct 22 18:10:39 2020)

 Preferred load address is 10000000

 Start         Length     Name                   Class
 0001:00000000 00006b04H .text                   CODE
 0002:00000000 000000ecH .idata$5                DATA
 0002:000000ec 00000004H .CRT$XCA                DATA
 0002:000000f0 00000004H .CRT$XCZ                DATA
 0002:000000f4 00000004H .CRT$XIA                DATA
 0002:000000f8 0000000cH .CRT$XIC                DATA
 0002:00000104 00000004H .CRT$XIZ                DATA
 0002:00000108 00000004H .CRT$XPA                DATA
 0002:0000010c 00000004H .CRT$XPZ                DATA
 0002:00000110 00000004H .CRT$XTA                DATA
 0002:00000114 00000004H .CRT$XTZ                DATA
 0002:00000120 00001238H .rdata                  DATA
 0002:00001358 00000055H .rdata$debug            DATA
 0002:000013b0 0000000cH .rdata$sxdata           DATA
 0002:000013bc 00000004H .rtc$IAA                DATA
 0002:000013c0 00000004H .rtc$IZZ                DATA
 0002:000013c4 00000004H .rtc$TAA                DATA
 0002:000013c8 00000004H .rtc$TZZ                DATA
 0002:000013d0 0000028cH .xdata$x                DATA
 0002:0000165c 00000014H .idata$2                DATA
 0002:00001670 00000014H .idata$3                DATA
 0002:00001684 000000ecH .idata$4                DATA
 0002:00001770 0000043cH .idata$6                DATA
 0002:00001bac 00000000H .edata                  DATA
 0003:00000000 00000c54H .data                   DATA
 0003:00000c60 00000bbcH .bss                    DATA

  Address         Publics by Value              Rva+Base       Lib:Object

 0000:00000000       __except_list              00000000     <absolute>
 0000:00000003       ___safe_se_handler_count   00000003     <absolute>
 0000:00000000       ___ImageBase               10000000     <linker-defined>
 0001:00000000       ?Y_SkipRedrawAdvMap@@YGHPAVLoHook@@PAUHookContext@@@Z 10001000 f   BattleReplay.obj
 0001:00000030       ?Y_SkipALL@@YGHPAVLoHook@@PAUHookContext@@@Z 10001030 f   BattleReplay.obj
 0001:00000070       ?Y_SkipAddExp@@YGHPAVLoHook@@PAUHookContext@@@Z 10001070 f   BattleReplay.obj
 0001:000000a0       ?Y_Dlg_BattleResults_Create@@YGPAU_Dlg_@@PAVHiHook@@PAU1@PAU_Hero_@@2HHHH@Z 100010a0 f   BattleReplay.obj
 0001:000001c0       ?Y_Dlg_BattleResults_Proc@@YGHPAVHiHook@@PAU_DlgMsg_@@@Z 100011c0 f   BattleReplay.obj
 0001:00000220       ?Y_SetBattleSave@@YGHPAVLoHook@@PAUHookContext@@@Z 10001220 f   BattleReplay.obj
 0001:00000260       ?Y_ReplayBattle@@YGHPAVHiHook@@PAU_AdvMgr_@@IPAU_Hero_@@PAU_Army_@@HI23HII@Z 10001260 f   BattleReplay.obj
 0001:00000680       _DllMain@12                10001680 f   BattleReplay.obj
 0001:000007b9       @__security_check_cookie@4 100017b9 f   LIBCMT:secchk.obj
 0001:000007c8       __CRT_INIT@12              100017c8 f   LIBCMT:dllcrt0.obj
 0001:000009f3       __DllMainCRTStartup@12     100019f3 f   LIBCMT:dllcrt0.obj
 0001:00000a16       ___report_gsfailure        10001a16 f   LIBCMT:gs_report.obj
 0001:00000b1c       __encode_pointer           10001b1c f   LIBCMT:tidtable.obj
 0001:00000b8e       __encoded_null             10001b8e f   LIBCMT:tidtable.obj
 0001:00000b97       __decode_pointer           10001b97 f   LIBCMT:tidtable.obj
 0001:00000c09       ___crtTlsAlloc@4           10001c09 f   LIBCMT:tidtable.obj
 0001:00000c12       ___set_flsgetvalue         10001c12 f   LIBCMT:tidtable.obj
 0001:00000c46       __mtterm                   10001c46 f   LIBCMT:tidtable.obj
 0001:00000c83       __initptd                  10001c83 f   LIBCMT:tidtable.obj
 0001:00000d6a       __getptd_noexit            10001d6a f   LIBCMT:tidtable.obj
 0001:00000de3       __getptd                   10001de3 f   LIBCMT:tidtable.obj
 0001:00000dfd       __freefls@4                10001dfd f   LIBCMT:tidtable.obj
 0001:00000f2c       __freeptd                  10001f2c f   LIBCMT:tidtable.obj
 0001:00000f9d       __mtinit                   10001f9d f   LIBCMT:tidtable.obj
 0001:0000112a       _free                      1000212a f   LIBCMT:free.obj
 0001:000011b8       __malloc_crt               100021b8 f   LIBCMT:crtheap.obj
 0001:000011fd       __calloc_crt               100021fd f   LIBCMT:crtheap.obj
 0001:00001249       __realloc_crt              10002249 f   LIBCMT:crtheap.obj
 0001:00001297       __crt_waiting_on_module_handle 10002297 f   LIBCMT:crt0dat.obj
 0001:000012c7       __amsg_exit                100022c7 f   LIBCMT:crt0dat.obj
 0001:000012f0       ___crtCorExitProcess       100022f0 f   LIBCMT:crt0dat.obj
 0001:0000131b       ___crtExitProcess          1000231b f   LIBCMT:crt0dat.obj
 0001:00001333       __lockexit                 10002333 f   LIBCMT:crt0dat.obj
 0001:0000133c       __unlockexit               1000233c f   LIBCMT:crt0dat.obj
 0001:00001362       __initterm_e               10002362 f   LIBCMT:crt0dat.obj
 0001:00001386       __cinit                    10002386 f   LIBCMT:crt0dat.obj
 0001:00001537       __exit                     10002537 f   LIBCMT:crt0dat.obj
 0001:0000154d       __cexit                    1000254d f   LIBCMT:crt0dat.obj
 0001:0000155c       __init_pointers            1000255c f   LIBCMT:crt0dat.obj
 0001:000015aa       __ioinit                   100025aa f   LIBCMT:ioinit.obj
 0001:000017fe       __ioterm                   100027fe f   LIBCMT:ioinit.obj
 0001:0000184c       __setenvp                  1000284c f   LIBCMT:stdenvp.obj
 0001:00001ac4       __setargv                  10002ac4 f   LIBCMT:stdargv.obj
 0001:00001b7f       ___crtGetEnvironmentStringsA 10002b7f f   LIBCMT:a_env.obj
 0001:00001cb6       __RTC_Initialize           10002cb6 f   LIBCMT:_initsect_.obj
 0001:00001cdc       __RTC_Terminate            10002cdc f   LIBCMT:_initsect_.obj
 0001:00001d02       __heap_init                10002d02 f   LIBCMT:heapinit.obj
 0001:00001d32       __heap_term                10002d32 f   LIBCMT:heapinit.obj
 0001:00001da6       __initp_misc_winxfltr      10002da6 f   LIBCMT:winxfltr.obj
 0001:00001da7       __XcptFilter               10002da7 f   LIBCMT:winxfltr.obj
 0001:00001f07       ___CppXcptFilter           10002f07 f   LIBCMT:winxfltr.obj
 0001:00001f28       __SEH_prolog4              10002f28 f   LIBCMT:sehprolg4.obj
 0001:00001f6d       __SEH_epilog4              10002f6d f   LIBCMT:sehprolg4.obj
 0001:00001f90       __except_handler4          10002f90 f   LIBCMT:chandler4.obj
 0001:0000211c       ___security_init_cookie    1000311c f   LIBCMT:gs_support.obj
 0001:000021b2       __crt_debugger_hook        100031b2 f   LIBCMT:dbghook.obj
 0001:000021ba       __mtinitlocks              100031ba f   LIBCMT:mlock.obj
 0001:00002205       __mtdeletelocks            10003205 f   LIBCMT:mlock.obj
 0001:0000225c       __unlock                   1000325c f   LIBCMT:mlock.obj
 0001:00002273       __mtinitlocknum            10003273 f   LIBCMT:mlock.obj
 0001:00002336       __lock                     10003336 f   LIBCMT:mlock.obj
 0001:00002369       ___freetlocinfo            10003369 f   LIBCMT:setlocal.obj
 0001:000024b2       ___addlocaleref            100034b2 f   LIBCMT:setlocal.obj
 0001:00002541       ___removelocaleref         10003541 f   LIBCMT:setlocal.obj
 0001:00002618       ___updatetlocinfo          10003618 f   LIBCMT:setlocal.obj
 0001:000028b4       ___updatetmbcinfo          100038b4 f   LIBCMT:mbctype.obj
 0001:00002958       ??0_LocaleUpdate@@QAE@PAUlocaleinfo_struct@@@Z 10003958 f i LIBCMT:mbctype.obj
 0001:00002a5b       __setmbcp_nolock           10003a5b f   LIBCMT:mbctype.obj
 0001:00002c40       __setmbcp                  10003c40 f   LIBCMT:mbctype.obj
 0001:00002dda       ___initmbctable            10003dda f   LIBCMT:mbctype.obj
 0001:00002df8       __get_errno_from_oserr     10003df8 f   LIBCMT:dosmap.obj
 0001:00002e3a       __errno                    10003e3a f   LIBCMT:dosmap.obj
 0001:00002e4d       ___sbh_find_block          10003e4d f   LIBCMT:sbheap.obj
 0001:00002e7d       ___sbh_free_block          10003e7d f   LIBCMT:sbheap.obj
 0001:00003193       ___sbh_alloc_new_region    10004193 f   LIBCMT:sbheap.obj
 0001:00003243       ___sbh_alloc_new_group     10004243 f   LIBCMT:sbheap.obj
 0001:0000334b       ___sbh_resize_block        1000434b f   LIBCMT:sbheap.obj
 0001:0000362c       ___sbh_alloc_block         1000462c f   LIBCMT:sbheap.obj
 0001:00003911       _V6_HeapAlloc              10004911 f   LIBCMT:malloc.obj
 0001:00003960       _malloc                    10004960 f   LIBCMT:malloc.obj
 0001:00003a2a       __calloc_impl              10004a2a f   LIBCMT:calloc_impl.obj
 0001:00003b48       _realloc                   10004b48 f   LIBCMT:realloc.obj
 0001:00003d63       __NMSG_WRITE               10004d63 f   LIBCMT:crt0msg.obj
 0001:00003f0e       __FF_MSGBANNER             10004f0e f   LIBCMT:crt0msg.obj
 0001:00003f47       __initp_misc_invarg        10004f47 f   LIBCMT:invarg.obj
 0001:00003f56       __invoke_watson            10004f56 f   LIBCMT:invarg.obj
 0001:0000407e       __invalid_parameter        1000507e f   LIBCMT:invarg.obj
 0001:0000415e       ___onexitinit              1000515e f   LIBCMT:onexit.obj
 0001:0000418f       __onexit                   1000518f f   LIBCMT:onexit.obj
 0001:000041cb       _atexit                    100051cb f   LIBCMT:onexit.obj
 0001:000041e2       __initp_misc_cfltcvt_tab   100051e2 f   LIBCMT:cmiscdat.obj
 0001:00004210       __ValidateImageBase        10005210 f   LIBCMT:pesect.obj
 0001:00004250       __FindPESection            10005250 f   LIBCMT:pesect.obj
 0001:000042a0       __IsNonwritableInCurrentImage 100052a0 f   LIBCMT:pesect.obj
 0001:0000435d       ?terminate@@YAXXZ          1000535d f   LIBCMT:hooks.obj
 0001:00004396       __initp_eh_hooks           10005396 f   LIBCMT:hooks.obj
 0001:000043a7       __initp_misc_winsig        100053a7 f   LIBCMT:winsig.obj
 0001:000043fc       ___get_sigabrt             100053fc f   LIBCMT:winsig.obj
 0001:00004409       _raise                     10005409 f   LIBCMT:winsig.obj
 0001:000045b9       __initp_misc_rand_s        100055b9 f   LIBCMT:rand_s.obj
 0001:000045c8       __initp_misc_purevirt      100055c8 f   LIBCMT:inithelp.obj
 0001:000045d7       __initp_misc_initcrit      100055d7 f   LIBCMT:initcrit.obj
 0001:000045e6       ___crtInitCritSecAndSpinCount 100055e6 f   LIBCMT:initcrit.obj
 0001:00004646       __initp_heap_handler       10005646 f   LIBCMT:handler.obj
 0001:00004655       __callnewh                 10005655 f   LIBCMT:handler.obj
 0001:0000467d       _strcpy_s                  1000567d f   LIBCMT:strcpy_s.obj
 0001:000046f0       _strlen                    100056f0 f   LIBCMT:strlen.obj
 0001:000047ce       __ismbblead                100057ce f   LIBCMT:ismbbyte.obj
 0001:000047f0       _memcpy                    100057f0 f   LIBCMT:memcpy.obj
 0001:00004b58       __local_unwind4            10005b58 f   LIBCMT:exsup4.obj
 0001:00004c2e       __seh_longjmp_unwind4@4    10005c2e f   LIBCMT:exsup4.obj
 0001:00004c4a       @_EH4_CallFilterFunc@8     10005c4a f   LIBCMT:exsup4.obj
 0001:00004c61       @_EH4_TransferToHandler@8  10005c61 f   LIBCMT:exsup4.obj
 0001:00004c7a       @_EH4_GlobalUnwind@4       10005c7a f   LIBCMT:exsup4.obj
 0001:00004c94       @_EH4_LocalUnwind@16       10005c94 f   LIBCMT:exsup4.obj
 0001:00004cab       ___free_lc_time            10005cab f   LIBCMT:inittime.obj
 0001:00004e40       ___free_lconv_num          10005e40 f   LIBCMT:initnum.obj
 0001:00004e85       ___free_lconv_mon          10005e85 f   LIBCMT:initmon.obj
 0001:00004f13       __freea                    10005f13 f i LIBCMT:strftime.obj
 0001:00004f33       _strcat_s                  10005f33 f   LIBCMT:strcat_s.obj
 0001:00004fb0       _strcspn                   10005fb0 f   LIBCMT:strcspn.obj
 0001:00004ff6       _strncpy_s                 10005ff6 f   LIBCMT:strncpy_s.obj
 0001:000050b0       _memset                    100060b0 f   LIBCMT:memset.obj
 0001:00005130       _strcmp                    10006130 f   LIBCMT:strcmp.obj
 0001:00005372       ___crtGetStringTypeA       10006372 f   LIBCMT:a_str.obj
 0001:000053c0       _strpbrk                   100063c0 f   LIBCMT:strpbrk.obj
 0001:000057a5       ___crtLCMapStringA         100067a5 f   LIBCMT:a_map.obj
 0001:000057f0       _memmove                   100067f0 f   LIBCMT:memmove.obj
 0001:00005b55       __msize                    10006b55 f   LIBCMT:msize.obj
 0001:00005bf8       ___crtMessageBoxA          10006bf8 f   LIBCMT:crtmbox.obj
 0001:00005d61       __set_error_mode           10006d61 f   LIBCMT:errmode.obj
 0001:00005dac       __fptrap                   10006dac f   LIBCMT:crt0fp.obj
 0001:00005db5       _abort                     10006db5 f   LIBCMT:abort.obj
 0001:00005f53       __VEC_memcpy               10006f53 f   LIBCMT:p4_memcpy.obj
 0001:00006086       __get_sse2_info            10007086 f   LIBCMT:cpu_disp.obj
 0001:000060e8       ___sse2_available_init     100070e8 f   LIBCMT:cpu_disp.obj
 0001:000060f8       __global_unwind2           100070f8 f   LIBCMT:exsup.obj
 0001:0000615d       __local_unwind2            1000715d f   LIBCMT:exsup.obj
 0001:000061e1       __abnormal_termination     100071e1 f   LIBCMT:exsup.obj
 0001:00006204       __NLG_Notify1              10007204 f   LIBCMT:exsup.obj
 0001:0000620d       __NLG_Notify               1000720d f   LIBCMT:exsup.obj
 0001:00006224       __NLG_Dispatch2            10007224     LIBCMT:exsup.obj
 0001:00006224       __NLG_Dispatch             10007224     LIBCMT:exsup.obj
 0001:0000622c       __NLG_Call                 1000722c f   LIBCMT:exsup.obj
 0001:0000622e       __NLG_Return2              1000722e     LIBCMT:exsup.obj
 0001:0000622f       __isleadbyte_l             1000722f f i LIBCMT:_wctype.obj
 0001:00006270       __alloca_probe_16          10007270 f   LIBCMT:alloca16.obj
 0001:00006286       __alloca_probe_8           10007286     LIBCMT:alloca16.obj
 0001:000062f3       __VEC_memzero              100072f3 f   LIBCMT:p4_memset.obj
 0001:00006382       _atol                      10007382 f   LIBCMT:atox.obj
 0001:00006398       ___ansicp                  10007398 f   LIBCMT:convrtcp.obj
 0001:000063e1       ___convertcp               100073e1 f   LIBCMT:convrtcp.obj
 0001:00006595       __isctype_l                10007595 f   LIBCMT:isctype.obj
 0001:00006650       __alloca_probe             10007650     LIBCMT:chkstk.obj
 0001:00006650       __chkstk                   10007650 f   LIBCMT:chkstk.obj
 0001:000068aa       _strtol                    100078aa f   LIBCMT:strtol.obj
 0001:000068e0       ___ascii_strnicmp          100078e0 f   LIBCMT:_strnicm.obj
 0001:00006950       __aulldvrm                 10007950 f   LIBCMT:ulldvrm.obj
 0001:000069f0       __allmul                   100079f0 f   LIBCMT:llmul.obj
 0001:00006a40       _strchr                    10007a40 f   LIBCMT:strchr.obj
 0001:00006a46       ___from_strstr_to_strchr   10007a46     LIBCMT:strchr.obj
 0001:00006afe       _RtlUnwind@16              10007afe f   kernel32:KERNEL32.dll
 0002:00000000       __imp__GetProcAddress@8    10008000     kernel32:KERNEL32.dll
 0002:00000004       __imp__LoadLibraryA@4      10008004     kernel32:KERNEL32.dll
 0002:00000008       __imp__GetCurrentThreadId@0 10008008     kernel32:KERNEL32.dll
 0002:0000000c       __imp__GetCommandLineA@0   1000800c     kernel32:KERNEL32.dll
 0002:00000010       __imp__TerminateProcess@8  10008010     kernel32:KERNEL32.dll
 0002:00000014       __imp__GetCurrentProcess@0 10008014     kernel32:KERNEL32.dll
 0002:00000018       __imp__UnhandledExceptionFilter@4 10008018     kernel32:KERNEL32.dll
 0002:0000001c       __imp__SetUnhandledExceptionFilter@4 1000801c     kernel32:KERNEL32.dll
 0002:00000020       __imp__IsDebuggerPresent@0 10008020     kernel32:KERNEL32.dll
 0002:00000024       __imp__GetModuleHandleW@4  10008024     kernel32:KERNEL32.dll
 0002:00000028       __imp__TlsGetValue@4       10008028     kernel32:KERNEL32.dll
 0002:0000002c       __imp__TlsAlloc@0          1000802c     kernel32:KERNEL32.dll
 0002:00000030       __imp__TlsSetValue@8       10008030     kernel32:KERNEL32.dll
 0002:00000034       __imp__TlsFree@4           10008034     kernel32:KERNEL32.dll
 0002:00000038       __imp__InterlockedIncrement@4 10008038     kernel32:KERNEL32.dll
 0002:0000003c       __imp__SetLastError@4      1000803c     kernel32:KERNEL32.dll
 0002:00000040       __imp__GetLastError@0      10008040     kernel32:KERNEL32.dll
 0002:00000044       __imp__InterlockedDecrement@4 10008044     kernel32:KERNEL32.dll
 0002:00000048       __imp__HeapFree@12         10008048     kernel32:KERNEL32.dll
 0002:0000004c       __imp__Sleep@4             1000804c     kernel32:KERNEL32.dll
 0002:00000050       __imp__ExitProcess@4       10008050     kernel32:KERNEL32.dll
 0002:00000054       __imp__SetHandleCount@4    10008054     kernel32:KERNEL32.dll
 0002:00000058       __imp__GetStdHandle@4      10008058     kernel32:KERNEL32.dll
 0002:0000005c       __imp__GetFileType@4       1000805c     kernel32:KERNEL32.dll
 0002:00000060       __imp__GetStartupInfoA@4   10008060     kernel32:KERNEL32.dll
 0002:00000064       __imp__DeleteCriticalSection@4 10008064     kernel32:KERNEL32.dll
 0002:00000068       __imp__GetModuleFileNameA@12 10008068     kernel32:KERNEL32.dll
 0002:0000006c       __imp__FreeEnvironmentStringsA@4 1000806c     kernel32:KERNEL32.dll
 0002:00000070       __imp__GetEnvironmentStrings@0 10008070     kernel32:KERNEL32.dll
 0002:00000074       __imp__FreeEnvironmentStringsW@4 10008074     kernel32:KERNEL32.dll
 0002:00000078       __imp__WideCharToMultiByte@32 10008078     kernel32:KERNEL32.dll
 0002:0000007c       __imp__GetEnvironmentStringsW@0 1000807c     kernel32:KERNEL32.dll
 0002:00000080       __imp__HeapCreate@12       10008080     kernel32:KERNEL32.dll
 0002:00000084       __imp__HeapDestroy@4       10008084     kernel32:KERNEL32.dll
 0002:00000088       __imp__VirtualFree@12      10008088     kernel32:KERNEL32.dll
 0002:0000008c       __imp__QueryPerformanceCounter@4 1000808c     kernel32:KERNEL32.dll
 0002:00000090       __imp__GetTickCount@0      10008090     kernel32:KERNEL32.dll
 0002:00000094       __imp__GetCurrentProcessId@0 10008094     kernel32:KERNEL32.dll
 0002:00000098       __imp__GetSystemTimeAsFileTime@4 10008098     kernel32:KERNEL32.dll
 0002:0000009c       __imp__LeaveCriticalSection@4 1000809c     kernel32:KERNEL32.dll
 0002:000000a0       __imp__EnterCriticalSection@4 100080a0     kernel32:KERNEL32.dll
 0002:000000a4       __imp__GetCPInfo@8         100080a4     kernel32:KERNEL32.dll
 0002:000000a8       __imp__GetACP@0            100080a8     kernel32:KERNEL32.dll
 0002:000000ac       __imp__GetOEMCP@0          100080ac     kernel32:KERNEL32.dll
 0002:000000b0       __imp__IsValidCodePage@4   100080b0     kernel32:KERNEL32.dll
 0002:000000b4       __imp__HeapAlloc@12        100080b4     kernel32:KERNEL32.dll
 0002:000000b8       __imp__VirtualAlloc@16     100080b8     kernel32:KERNEL32.dll
 0002:000000bc       __imp__HeapReAlloc@16      100080bc     kernel32:KERNEL32.dll
 0002:000000c0       __imp__WriteFile@20        100080c0     kernel32:KERNEL32.dll
 0002:000000c4       __imp__InitializeCriticalSectionAndSpinCount@8 100080c4     kernel32:KERNEL32.dll
 0002:000000c8       __imp__RtlUnwind@16        100080c8     kernel32:KERNEL32.dll
 0002:000000cc       __imp__GetLocaleInfoA@16   100080cc     kernel32:KERNEL32.dll
 0002:000000d0       __imp__GetStringTypeA@20   100080d0     kernel32:KERNEL32.dll
 0002:000000d4       __imp__MultiByteToWideChar@24 100080d4     kernel32:KERNEL32.dll
 0002:000000d8       __imp__GetStringTypeW@16   100080d8     kernel32:KERNEL32.dll
 0002:000000dc       __imp__LCMapStringA@24     100080dc     kernel32:KERNEL32.dll
 0002:000000e0       __imp__LCMapStringW@24     100080e0     kernel32:KERNEL32.dll
 0002:000000e4       __imp__HeapSize@12         100080e4     kernel32:KERNEL32.dll
 0002:000000e8       \177KERNEL32_NULL_THUNK_DATA 100080e8     kernel32:KERNEL32.dll
 0002:000000ec       ___xc_a                    100080ec     LIBCMT:crt0init.obj
 0002:000000f0       ___xc_z                    100080f0     LIBCMT:crt0init.obj
 0002:000000f4       ___xi_a                    100080f4     LIBCMT:crt0init.obj
 0002:00000104       ___xi_z                    10008104     LIBCMT:crt0init.obj
 0002:00000108       ___xp_a                    10008108     LIBCMT:crt0init.obj
 0002:0000010c       ___xp_z                    1000810c     LIBCMT:crt0init.obj
 0002:00000110       ___xt_a                    10008110     LIBCMT:crt0init.obj
 0002:00000114       ___xt_z                    10008114     LIBCMT:crt0init.obj
 0002:0000013c       __pRawDllMain              1000813c     LIBCMT:dllcrt0.obj
 0002:0000013c       __pDefaultRawDllMain       1000813c     LIBCMT:dllcrt0.obj
 0002:00000148       ??_C@_0O@NLDKAIKN@EncodePointer?$AA@ 10008148     LIBCMT:tidtable.obj
 0002:00000158       ??_C@_1BK@DBDEIDLH@?$AAK?$AAE?$AAR?$AAN?$AAE?$AAL?$AA3?$AA2?$AA?4?$AAD?$AAL?$AAL?$AA?$AA@ 10008158     LIBCMT:tidtable.obj
 0002:00000174       ??_C@_0O@KBPMFGHI@DecodePointer?$AA@ 10008174     LIBCMT:tidtable.obj
 0002:00000184       ??_C@_07PEJMOBNF@FlsFree?$AA@ 10008184     LIBCMT:tidtable.obj
 0002:0000018c       ??_C@_0M@JCPCPOEF@FlsSetValue?$AA@ 1000818c     LIBCMT:tidtable.obj
 0002:00000198       ??_C@_0M@GDNOONDI@FlsGetValue?$AA@ 10008198     LIBCMT:tidtable.obj
 0002:000001a4       ??_C@_08KNHFBNJ@FlsAlloc?$AA@ 100081a4     LIBCMT:tidtable.obj
 0002:000001b0       ??_C@_0P@MIGLKIOC@CorExitProcess?$AA@ 100081b0     LIBCMT:crt0dat.obj
 0002:000001c0       ??_C@_1BI@BGOHAHKC@?$AAm?$AAs?$AAc?$AAo?$AAr?$AAe?$AAe?$AA?4?$AAd?$AAl?$AAl?$AA?$AA@ 100081c0     LIBCMT:crt0dat.obj
 0002:000001d8       __XcptActTab               100081d8     LIBCMT:winxfltr.obj
 0002:000002d0       ??_C@_0P@GGKDKEEG@runtime?5error?5?$AA@ 100082d0     LIBCMT:crt0msg.obj
 0002:000002e0       ??_C@_02PCIJFNDE@?$AN?6?$AA@ 100082e0     LIBCMT:crt0msg.obj
 0002:000002e4       ??_C@_0O@MJNIPGOH@TLOSS?5error?$AN?6?$AA@ 100082e4     LIBCMT:crt0msg.obj
 0002:000002f4       ??_C@_0N@BONNPDHF@SING?5error?$AN?6?$AA@ 100082f4     LIBCMT:crt0msg.obj
 0002:00000304       ??_C@_0P@MBDAJNE@DOMAIN?5error?$AN?6?$AA@ 10008304     LIBCMT:crt0msg.obj
 0002:00000318       ??_C@_0JL@DFDOOABL@R6034?$AN?6An?5application?5has?5made?5a@ 10008318     LIBCMT:crt0msg.obj
 0002:000003b8       ??_C@_0PH@EPAFIJ@R6033?$AN?6?9?5Attempt?5to?5use?5MSIL?5cod@ 100083b8     LIBCMT:crt0msg.obj
 0002:000004b0       ??_C@_0DD@BKEEABMM@R6032?$AN?6?9?5not?5enough?5space?5for?5lo@ 100084b0     LIBCMT:crt0msg.obj
 0002:000004e8       ??_C@_0GD@OFKILIED@R6031?$AN?6?9?5Attempt?5to?5initialize?5t@ 100084e8     LIBCMT:crt0msg.obj
 0002:0000054c       ??_C@_0BP@LPMHJOKI@R6030?$AN?6?9?5CRT?5not?5initialized?$AN?6?$AA@ 1000854c     LIBCMT:crt0msg.obj
 0002:0000056c       ??_C@_0CF@KJDAIALP@R6028?$AN?6?9?5unable?5to?5initialize?5he@ 1000856c     LIBCMT:crt0msg.obj
 0002:00000594       ??_C@_0DF@GAKBPDFP@R6027?$AN?6?9?5not?5enough?5space?5for?5lo@ 10008594     LIBCMT:crt0msg.obj
 0002:000005cc       ??_C@_0DF@IBLNNAIG@R6026?$AN?6?9?5not?5enough?5space?5for?5st@ 100085cc     LIBCMT:crt0msg.obj
 0002:00000604       ??_C@_0CG@IOHKGFNJ@R6025?$AN?6?9?5pure?5virtual?5function?5c@ 10008604     LIBCMT:crt0msg.obj
 0002:0000062c       ??_C@_0DF@JIJJFJDC@R6024?$AN?6?9?5not?5enough?5space?5for?5_o@ 1000862c     LIBCMT:crt0msg.obj
 0002:00000664       ??_C@_0CJ@EGEJHFME@R6019?$AN?6?9?5unable?5to?5open?5console?5@ 10008664     LIBCMT:crt0msg.obj
 0002:00000690       ??_C@_0CB@GNHNIELH@R6018?$AN?6?9?5unexpected?5heap?5error?$AN?6@ 10008690     LIBCMT:crt0msg.obj
 0002:000006b4       ??_C@_0CN@FOLDKNG@R6017?$AN?6?9?5unexpected?5multithread?5@ 100086b4     LIBCMT:crt0msg.obj
 0002:000006e4       ??_C@_0CM@FAHFJNHO@R6016?$AN?6?9?5not?5enough?5space?5for?5th@ 100086e4     LIBCMT:crt0msg.obj
 0002:00000710       ??_C@_0JG@LBKMGKLD@?$AN?6This?5application?5has?5requested@ 10008710     LIBCMT:crt0msg.obj
 0002:000007a8       ??_C@_0CM@FLCNIPKK@R6009?$AN?6?9?5not?5enough?5space?5for?5en@ 100087a8     LIBCMT:crt0msg.obj
 0002:000007d4       ??_C@_0CK@KMMJOAPP@R6008?$AN?6?9?5not?5enough?5space?5for?5ar@ 100087d4     LIBCMT:crt0msg.obj
 0002:00000800       ??_C@_0CN@LEKKICBM@R6002?$AN?6?9?5floating?5point?5support?5@ 10008800     LIBCMT:crt0msg.obj
 0002:00000830       ??_C@_0CF@GOGNBNAK@Microsoft?5Visual?5C?$CL?$CL?5Runtime?5Lib@ 10008830     LIBCMT:crt0msg.obj
 0002:00000858       ??_C@_02PHMGELLB@?6?6?$AA@ 10008858     LIBCMT:crt0msg.obj
 0002:0000085c       ??_C@_03KHICJKCI@?4?4?4?$AA@ 1000885c     LIBCMT:crt0msg.obj
 0002:00000860       ??_C@_0BH@DNAGHKFM@?$DMprogram?5name?5unknown?$DO?$AA@ 10008860     LIBCMT:crt0msg.obj
 0002:00000878       ??_C@_0BK@OFGJDLJJ@Runtime?5Error?$CB?6?6Program?3?5?$AA@ 10008878     LIBCMT:crt0msg.obj
 0002:00000898       ___newctype                10008898     LIBCMT:ctype.obj
 0002:00000b98       __wctype                   10008b98     LIBCMT:ctype.obj
 0002:00000da0       ___newclmap                10008da0     LIBCMT:ctype.obj
 0002:00000f20       ___newcumap                10008f20     LIBCMT:ctype.obj
 0002:000010a0       ??_C@_08JCCMCCIL@HH?3mm?3ss?$AA@ 100090a0     LIBCMT:strftime.obj
 0002:000010ac       ??_C@_0BE@CKGJFCPC@dddd?0?5MMMM?5dd?0?5yyyy?$AA@ 100090ac     LIBCMT:strftime.obj
 0002:000010c0       ??_C@_08BPBNCDIB@MM?1dd?1yy?$AA@ 100090c0     LIBCMT:strftime.obj
 0002:000010cc       ??_C@_02CJNFDJBF@PM?$AA@   100090cc     LIBCMT:strftime.obj
 0002:000010d0       ??_C@_02DEDBPAFC@AM?$AA@   100090d0     LIBCMT:strftime.obj
 0002:000010d4       ??_C@_08EDHMEBNP@December?$AA@ 100090d4     LIBCMT:strftime.obj
 0002:000010e0       ??_C@_08HCHEGEOA@November?$AA@ 100090e0     LIBCMT:strftime.obj
 0002:000010ec       ??_C@_07JJNFCEND@October?$AA@ 100090ec     LIBCMT:strftime.obj
 0002:000010f4       ??_C@_09BHHEALKD@September?$AA@ 100090f4     LIBCMT:strftime.obj
 0002:00001100       ??_C@_06LBBHFDDG@August?$AA@ 10009100     LIBCMT:strftime.obj
 0002:00001108       ??_C@_04MIEPOIFP@July?$AA@ 10009108     LIBCMT:strftime.obj
 0002:00001110       ??_C@_04CNLMGBGM@June?$AA@ 10009110     LIBCMT:strftime.obj
 0002:00001118       ??_C@_05DMJDNLEJ@April?$AA@ 10009118     LIBCMT:strftime.obj
 0002:00001120       ??_C@_05HPCKOFNC@March?$AA@ 10009120     LIBCMT:strftime.obj
 0002:00001128       ??_C@_08GNJGEPFN@February?$AA@ 10009128     LIBCMT:strftime.obj
 0002:00001134       ??_C@_07CGJPFGJA@January?$AA@ 10009134     LIBCMT:strftime.obj
 0002:0000113c       ??_C@_03MKABNOCG@Dec?$AA@  1000913c     LIBCMT:strftime.obj
 0002:00001140       ??_C@_03JPJOFNIA@Nov?$AA@  10009140     LIBCMT:strftime.obj
 0002:00001144       ??_C@_03BMAOKBAD@Oct?$AA@  10009144     LIBCMT:strftime.obj
 0002:00001148       ??_C@_03GGCAPAJC@Sep?$AA@  10009148     LIBCMT:strftime.obj
 0002:0000114c       ??_C@_03IFJFEIGA@Aug?$AA@  1000914c     LIBCMT:strftime.obj
 0002:00001150       ??_C@_03LBGABGKK@Jul?$AA@  10009150     LIBCMT:strftime.obj
 0002:00001154       ??_C@_03IDFGHECI@Jun?$AA@  10009154     LIBCMT:strftime.obj
 0002:00001158       ??_C@_03CNMDKL@May?$AA@    10009158     LIBCMT:strftime.obj
 0002:0000115c       ??_C@_03LEOLGMJP@Apr?$AA@  1000915c     LIBCMT:strftime.obj
 0002:00001160       ??_C@_03ODNJBKGA@Mar?$AA@  10009160     LIBCMT:strftime.obj
 0002:00001164       ??_C@_03HJBDCHOM@Feb?$AA@  10009164     LIBCMT:strftime.obj
 0002:00001168       ??_C@_03JIHJHPIE@Jan?$AA@  10009168     LIBCMT:strftime.obj
 0002:0000116c       ??_C@_08INBOOONO@Saturday?$AA@ 1000916c     LIBCMT:strftime.obj
 0002:00001178       ??_C@_06JECMNKMI@Friday?$AA@ 10009178     LIBCMT:strftime.obj
 0002:00001180       ??_C@_08HACCIKIA@Thursday?$AA@ 10009180     LIBCMT:strftime.obj
 0002:0000118c       ??_C@_09DLIGFAKA@Wednesday?$AA@ 1000918c     LIBCMT:strftime.obj
 0002:00001198       ??_C@_07BAAGCFCM@Tuesday?$AA@ 10009198     LIBCMT:strftime.obj
 0002:000011a0       ??_C@_06JLEDEDGH@Monday?$AA@ 100091a0     LIBCMT:strftime.obj
 0002:000011a8       ??_C@_06OOPIFAJ@Sunday?$AA@ 100091a8     LIBCMT:strftime.obj
 0002:000011b0       ??_C@_03FEFJNEK@Sat?$AA@   100091b0     LIBCMT:strftime.obj
 0002:000011b4       ??_C@_03IDIOELNC@Fri?$AA@  100091b4     LIBCMT:strftime.obj
 0002:000011b8       ??_C@_03IOFIKPDN@Thu?$AA@  100091b8     LIBCMT:strftime.obj
 0002:000011bc       ??_C@_03MHOMLAJA@Wed?$AA@  100091bc     LIBCMT:strftime.obj
 0002:000011c0       ??_C@_03NAGEINEP@Tue?$AA@  100091c0     LIBCMT:strftime.obj
 0002:000011c4       ??_C@_03PDAGKDH@Mon?$AA@   100091c4     LIBCMT:strftime.obj
 0002:000011c8       ??_C@_03KOEHGMDN@Sun?$AA@  100091c8     LIBCMT:strftime.obj
 0002:000011cc       ??_C@_13NOLLCAOD@?$AA?$AA?$AA?$AA@ 100091cc     LIBCMT:a_str.obj
 0002:000011d0       ??_C@_0BI@DFKBFLJE@GetProcessWindowStation?$AA@ 100091d0     LIBCMT:crtmbox.obj
 0002:000011e8       ??_C@_0BK@CIDNPOGP@GetUserObjectInformationA?$AA@ 100091e8     LIBCMT:crtmbox.obj
 0002:00001204       ??_C@_0BD@HHGDFDBJ@GetLastActivePopup?$AA@ 10009204     LIBCMT:crtmbox.obj
 0002:00001218       ??_C@_0BA@HNOPNCHB@GetActiveWindow?$AA@ 10009218     LIBCMT:crtmbox.obj
 0002:00001228       ??_C@_0M@CHKKJDAI@MessageBoxA?$AA@ 10009228     LIBCMT:crtmbox.obj
 0002:00001234       ??_C@_0L@NDEGIDAG@USER32?4DLL?$AA@ 10009234     LIBCMT:crtmbox.obj
 0002:00001240       ___dnames                  10009240     LIBCMT:timeset.obj
 0002:00001258       ___mnames                  10009258     LIBCMT:timeset.obj
 0002:00001280       ??_C@_0P@GHFPNOJB@bad?5allocation?$AA@ 10009280     BattleReplay.obj
 0002:00001290       ??_C@_0BA@FDLNIKIG@patcher_x86?4dll?$AA@ 10009290     BattleReplay.obj
 0002:000012a0       ??_C@_0BB@CKHJKIEB@_GetPatcherX86?$EA0?$AA@ 100092a0     BattleReplay.obj
 0002:000012b4       ??_C@_0N@HPLADLMK@Box64x30?4pcx?$AA@ 100092b4     BattleReplay.obj
 0002:000012c4       ??_C@_0M@JLCNBKHP@iCancel?4def?$AA@ 100092c4     BattleReplay.obj
 0002:000012d0       ??_C@_07GCJJAFGM@BATTLE?$CB?$AA@ 100092d0     BattleReplay.obj
 0002:000012d8       ??_C@_0P@KPGPPBFD@HD?4QuickCombat?$AA@ 100092d8     BattleReplay.obj
 0002:000012e8       ??_C@_0BC@JKCKMKBG@ERA_Battle_Replay?$AA@ 100092e8     BattleReplay.obj
 0002:000012fc       ??_C@_0BC@PBLINPDM@E8?5AB22D5FF?590?590?$AA@ 100092fc     BattleReplay.obj
 0002:00001310       __load_config_used         10009310     LIBCMT:loadcfg.obj
 0002:000013b0       ___safe_se_handler_table   100093b0     <linker-defined>
 0002:000013bc       ___rtc_iaa                 100093bc     LIBCMT:_initsect_.obj
 0002:000013c0       ___rtc_izz                 100093c0     LIBCMT:_initsect_.obj
 0002:000013c4       ___rtc_taa                 100093c4     LIBCMT:_initsect_.obj
 0002:000013c8       ___rtc_tzz                 100093c8     LIBCMT:_initsect_.obj
 0002:0000165c       __IMPORT_DESCRIPTOR_KERNEL32 1000965c     kernel32:KERNEL32.dll
 0002:00001670       __NULL_IMPORT_DESCRIPTOR   10009670     kernel32:KERNEL32.dll
 0003:00000000       ___security_cookie         1000a000     LIBCMT:gs_cookie.obj
 0003:00000004       ___security_cookie_complement 1000a004     LIBCMT:gs_cookie.obj
 0003:00000008       ___flsindex                1000a008     LIBCMT:tidtable.obj
 0003:0000000c       ___getvalueindex           1000a00c     LIBCMT:tidtable.obj
 0003:00000010       __aexit_rtn                1000a010     LIBCMT:crt0dat.obj
 0003:00000018       ___badioinfo               1000a018     LIBCMT:ioinit.obj
 0003:00000058       __amblksiz                 1000a058     LIBCMT:heapinit.obj
 0003:0000005c       __First_FPE_Indx           1000a05c     LIBCMT:winxfltr.obj
 0003:00000060       __Num_FPE                  1000a060     LIBCMT:winxfltr.obj
 0003:00000064       __XcptActTabSize           1000a064     LIBCMT:winxfltr.obj
 0003:00000068       __XcptActTabCount          1000a068     LIBCMT:winxfltr.obj
 0003:00000198       ___clocalestr              1000a198     LIBCMT:nlsdata2.obj
 0003:000001a0       ___initiallocinfo          1000a1a0     LIBCMT:nlsdata2.obj
 0003:00000278       ___ptlocinfo               1000a278     LIBCMT:nlsdata2.obj
 0003:0000027c       ___lc_clike                1000a27c     LIBCMT:nlsdata2.obj
 0003:00000280       ___initiallocalestructinfo 1000a280     LIBCMT:nlsdata2.obj
 0003:00000288       ___initialmbcinfo          1000a288     LIBCMT:mbctype.obj
 0003:000004a8       __mbctype                  1000a4a8     LIBCMT:mbctype.obj
 0003:000005b0       __mbcasemap                1000a5b0     LIBCMT:mbctype.obj
 0003:000006b0       ___ptmbcinfo               1000a6b0     LIBCMT:mbctype.obj
 0003:000009d0       __cfltcvt_tab              1000a9d0     LIBCMT:cmiscdat.obj
 0003:00000a00       __pctype                   1000aa00     LIBCMT:ctype.obj
 0003:00000a04       __pwctype                  1000aa04     LIBCMT:ctype.obj
 0003:00000a08       ___lc_time_c               1000aa08     LIBCMT:strftime.obj
 0003:00000ac0       ___lc_time_curr            1000aac0     LIBCMT:strftime.obj
 0003:00000ac4       ___lconv_static_decimal    1000aac4     LIBCMT:lconv.obj
 0003:00000ac8       ___lconv_c                 1000aac8     LIBCMT:lconv.obj
 0003:00000af8       ___lconv                   1000aaf8     LIBCMT:lconv.obj
 0003:00000afc       ___globallocalestatus      1000aafc     LIBCMT:glstatus.obj
 0003:00000b00       ___mb_cur_max              1000ab00     LIBCMT:nlsdata1.obj
 0003:00000b04       ___decimal_point           1000ab04     LIBCMT:nlsdata1.obj
 0003:00000b08       ___decimal_point_length    1000ab08     LIBCMT:nlsdata1.obj
 0003:00000b10       ___abort_behavior          1000ab10     LIBCMT:abort.obj
 0003:00000b14       __NLG_Destination          1000ab14     LIBCMT:exsup.obj
 0003:00000b28       __timezone                 1000ab28     LIBCMT:timeset.obj
 0003:00000b2c       __daylight                 1000ab2c     LIBCMT:timeset.obj
 0003:00000b30       __dstbias                  1000ab30     LIBCMT:timeset.obj
 0003:00000bb8       __tzname                   1000abb8     LIBCMT:timeset.obj
 0003:00000be0       __lpdays                   1000abe0     LIBCMT:days.obj
 0003:00000c14       __days                     1000ac14     LIBCMT:days.obj
 0003:00000c64       __aenvptr                  1000ac64     LIBCMT:dllcrt0.obj
 0003:00000c68       __wenvptr                  1000ac68     LIBCMT:dllcrt0.obj
 0003:00000c6c       ___error_mode              1000ac6c     LIBCMT:dllcrt0.obj
 0003:00000c70       ___app_type                1000ac70     LIBCMT:dllcrt0.obj
 0003:00000f9c       _gpFlsAlloc                1000af9c     LIBCMT:tidtable.obj
 0003:00000fa0       _gpFlsGetValue             1000afa0     LIBCMT:tidtable.obj
 0003:00000fa4       _gpFlsSetValue             1000afa4     LIBCMT:tidtable.obj
 0003:00000fa8       _gpFlsFree                 1000afa8     LIBCMT:tidtable.obj
 0003:00000fac       __maxwait                  1000afac     LIBCMT:crtheap.obj
 0003:00000fb0       __umaskval                 1000afb0     LIBCMT:crt0dat.obj
 0003:00000fb4       ___argc                    1000afb4     LIBCMT:crt0dat.obj
 0003:00000fb8       ___argv                    1000afb8     LIBCMT:crt0dat.obj
 0003:00000fbc       ___wargv                   1000afbc     LIBCMT:crt0dat.obj
 0003:00000fc0       __environ                  1000afc0     LIBCMT:crt0dat.obj
 0003:00000fc4       ___initenv                 1000afc4     LIBCMT:crt0dat.obj
 0003:00000fc8       __wenviron                 1000afc8     LIBCMT:crt0dat.obj
 0003:00000fcc       ___winitenv                1000afcc     LIBCMT:crt0dat.obj
 0003:00000fd0       __pgmptr                   1000afd0     LIBCMT:crt0dat.obj
 0003:00000fd4       __wpgmptr                  1000afd4     LIBCMT:crt0dat.obj
 0003:00000fd8       __exitflag                 1000afd8     LIBCMT:crt0dat.obj
 0003:00000fdc       __C_Termination_Done       1000afdc     LIBCMT:crt0dat.obj
 0003:00000fe0       __C_Exit_Done              1000afe0     LIBCMT:crt0dat.obj
 0003:000010f4       __crtheap                  1000b0f4     LIBCMT:heapinit.obj
 0003:00001248       ___locale_changed          1000b248     LIBCMT:setlocal.obj
 0003:0000124c       ___lc_handle               1000b24c     LIBCMT:nlsdata2.obj
 0003:00001264       ___lc_codepage             1000b264     LIBCMT:nlsdata2.obj
 0003:00001268       ___lc_collate_cp           1000b268     LIBCMT:nlsdata2.obj
 0003:00001270       ___mbulinfo                1000b270     LIBCMT:mbctype.obj
 0003:0000127c       ___mbcodepage              1000b27c     LIBCMT:mbctype.obj
 0003:00001280       ___ismbcodepage            1000b280     LIBCMT:mbctype.obj
 0003:00001284       ___mblcid                  1000b284     LIBCMT:mbctype.obj
 0003:00001288       ___sbh_pHeaderDefer        1000b288     LIBCMT:sbheap.obj
 0003:000015a4       ___pInvalidArgHandler      1000b5a4     LIBCMT:invarg.obj
 0003:000015a8       ?__pInconsistency@@3P6AXXZA 1000b5a8     LIBCMT:hooks.obj
 0003:000015cc       ___pPurecall               1000b5cc     LIBCMT:inithelp.obj
 0003:000015d4       ?_pnhHeap@@3P6AHI@ZA       1000b5d4     LIBCMT:handler.obj
 0003:000015d8       ___lconv_static_null       1000b5d8     LIBCMT:lconv.obj
 0003:000015e4       __newmode                  1000b5e4     LIBCMT:_newmode.obj
 0003:000016b8       ?isNeedReplay@@3HA         1000b6b8     BattleReplay.obj
 0003:000016bc       ?_PI@@3PAVPatcherInstance@@A 1000b6bc     BattleReplay.obj
 0003:000016c0       ?_P@@3PAVPatcher@@A        1000b6c0     BattleReplay.obj
 0003:000016c4       ?ifCanReplay@@3HA          1000b6c4     BattleReplay.obj
 0003:000016c8       ?calls_count@?1??GetPatcher@@YAPAVPatcher@@XZ@4HA 1000b6c8     BattleReplay.obj
 0003:000016d0       ___sse2_available          1000b6d0     <common>
 0003:000016d4       ___sbh_cntHeaderList       1000b6d4     <common>
 0003:000016d8       ___sbh_pHeaderList         1000b6d8     <common>
 0003:000016dc       ___sbh_threshold           1000b6dc     <common>
 0003:000016e0       ___sbh_pHeaderScan         1000b6e0     <common>
 0003:000016e4       ___sbh_sizeHeaderList      1000b6e4     <common>
 0003:000016e8       ___sbh_indGroupDefer       1000b6e8     <common>
 0003:000016ec       __debugger_hook_dummy      1000b6ec     <common>
 0003:000016f0       __pDestructExceptionObject 1000b6f0     <common>
 0003:000016f4       ___active_heap             1000b6f4     <common>
 0003:000016f8       __nhandle                  1000b6f8     <common>
 0003:00001700       ___pioinfo                 1000b700     <common>
 0003:00001800       ___env_initialized         1000b800     <common>
 0003:00001804       ___onexitend               1000b804     <common>
 0003:00001808       ___onexitbegin             1000b808     <common>
 0003:0000180c       ___mbctype_initialized     1000b80c     <common>
 0003:00001810       __FPinit                   1000b810     <common>
 0003:00001814       ___dyn_tls_init_callback   1000b814     <common>
 0003:00001818       __acmdln                   1000b818     <common>

 entry point at        0001:000009f3

 Static symbols

 0001:000008fd       ___DllMainCRTStartup       100018fd f   LIBCMT:dllcrt0.obj
 0001:00001345       __initterm                 10002345 f   LIBCMT:crt0dat.obj
 0001:0000140b       _doexit                    1000240b f   LIBCMT:crt0dat.obj
 0001:0000192a       _parse_cmdline             1000292a f   LIBCMT:stdargv.obj
 0001:000025da       __updatetlocinfoEx_nolock  100035da f   LIBCMT:setlocal.obj
 0001:0000268e       ?CPtoLCID@@YAHH@Z          1000368e f   LIBCMT:mbctype.obj
 0001:000026bd       ?setSBCS@@YAXPAUthreadmbcinfostruct@@@Z 100036bd f   LIBCMT:mbctype.obj
 0001:00002721       ?setSBUpLow@@YAXPAUthreadmbcinfostruct@@@Z 10003721 f   LIBCMT:mbctype.obj
 0001:000029df       ?getSystemCP@@YAHH@Z       100039df f   LIBCMT:mbctype.obj
 0001:000040a4       __onexit_nolock            100050a4 f   LIBCMT:onexit.obj
 0001:000043c5       _siglookup                 100053c5 f   LIBCMT:winsig.obj
 0001:0000477b       ?x_ismbbtype_l@@YAHPAUlocaleinfo_struct@@IHH@Z 1000577b f   LIBCMT:ismbbyte.obj
 0001:00004be8       __unwind_handler4          10005be8 f   LIBCMT:exsup4.obj
 0001:000051b8       ?__crtGetStringTypeA_stat@@YAHPAUlocaleinfo_struct@@KPBDHPAGHHH@Z 100061b8 f   LIBCMT:a_str.obj
 0001:00005400       ?__crtLCMapStringA_stat@@YAHPAUlocaleinfo_struct@@KKPBDHPADHHH@Z 10006400 f   LIBCMT:a_map.obj
 0001:00005ecc       _fastcopy_I                10006ecc f   LIBCMT:p4_memcpy.obj
 0001:00006036       _has_osfxsr_set            10007036 f   LIBCMT:cpu_disp.obj
 0001:00006118       __unwind_handler           10007118 f   LIBCMT:exsup.obj
 0001:0000629c       _fastzero_I                1000729c f   LIBCMT:p4_memset.obj
 0001:0000667b       ?strtoxl@@YAKPAUlocaleinfo_struct@@PBDPAPBDHH@Z 1000767b f   LIBCMT:strtol.obj
