 BattleReplay

 Timestamp is 5d7a1828 (Thu Sep 12 13:04:24 2019)

 Preferred load address is 10000000

 Start         Length     Name                   Class
 0001:00000000 00006ab4H .text                   CODE
 0002:00000000 000000ecH .idata$5                DATA
 0002:000000ec 00000004H .CRT$XCA                DATA
 0002:000000f0 00000004H .CRT$XCZ                DATA
 0002:000000f4 00000004H .CRT$XIA                DATA
 0002:000000f8 0000000cH .CRT$XIC                DATA
 0002:00000104 00000004H .CRT$XIZ                DATA
 0002:00000108 00000004H .CRT$XPA                DATA
 0002:0000010c 00000004H .CRT$XPZ                DATA
 0002:00000110 00000004H .CRT$XTA                DATA
 0002:00000114 00000004H .CRT$XTZ                DATA
 0002:00000120 00001230H .rdata                  DATA
 0002:00001350 0000005dH .rdata$debug            DATA
 0002:000013b0 0000000cH .rdata$sxdata           DATA
 0002:000013bc 00000004H .rtc$IAA                DATA
 0002:000013c0 00000004H .rtc$IZZ                DATA
 0002:000013c4 00000004H .rtc$TAA                DATA
 0002:000013c8 00000004H .rtc$TZZ                DATA
 0002:000013d0 0000028cH .xdata$x                DATA
 0002:0000165c 00000014H .idata$2                DATA
 0002:00001670 00000014H .idata$3                DATA
 0002:00001684 000000ecH .idata$4                DATA
 0002:00001770 0000043cH .idata$6                DATA
 0002:00001bac 00000000H .edata                  DATA
 0003:00000000 00000c54H .data                   DATA
 0003:00000c60 00000bbcH .bss                    DATA

  Address         Publics by Value              Rva+Base       Lib:Object

 0000:00000000       __except_list              00000000     <absolute>
 0000:00000003       ___safe_se_handler_count   00000003     <absolute>
 0000:00000000       ___ImageBase               10000000     <linker-defined>
 0001:00000000       ?Y_SkipRedrawAdvMap@@YGHPAVLoHook@@PAUHookContext@@@Z 10001000 f   BattleReplay.obj
 0001:00000030       ?Y_SkipALL@@YGHPAVLoHook@@PAUHookContext@@@Z 10001030 f   BattleReplay.obj
 0001:00000070       ?Y_SkipAddExp@@YGHPAVLoHook@@PAUHookContext@@@Z 10001070 f   BattleReplay.obj
 0001:000000a0       ?Y_Dlg_BattleResults_Create@@YGPAU_Dlg_@@PAVHiHook@@PAU1@PAU_Hero_@@2HHHH@Z 100010a0 f   BattleReplay.obj
 0001:000001c0       ?Y_Dlg_BattleResults_Proc@@YGHPAVHiHook@@PAU_DlgMsg_@@@Z 100011c0 f   BattleReplay.obj
 0001:00000220       ?Y_ReplayBattle@@YGHPAVHiHook@@PAU_AdvMgr_@@IPAU_Hero_@@PAU_Army_@@HI23HII@Z 10001220 f   BattleReplay.obj
 0001:00000610       _DllMain@12                10001610 f   BattleReplay.obj
 0001:00000740       ??$VarValue@H@Patcher@@QAEAAHPAD@Z 10001740 f i BattleReplay.obj
 0001:00000775       @__security_check_cookie@4 10001775 f   LIBCMT:secchk.obj
 0001:00000784       __CRT_INIT@12              10001784 f   LIBCMT:dllcrt0.obj
 0001:000009af       __DllMainCRTStartup@12     100019af f   LIBCMT:dllcrt0.obj
 0001:000009d2       ___report_gsfailure        100019d2 f   LIBCMT:gs_report.obj
 0001:00000ad8       __encode_pointer           10001ad8 f   LIBCMT:tidtable.obj
 0001:00000b4a       __encoded_null             10001b4a f   LIBCMT:tidtable.obj
 0001:00000b53       __decode_pointer           10001b53 f   LIBCMT:tidtable.obj
 0001:00000bc5       ___crtTlsAlloc@4           10001bc5 f   LIBCMT:tidtable.obj
 0001:00000bce       ___set_flsgetvalue         10001bce f   LIBCMT:tidtable.obj
 0001:00000c02       __mtterm                   10001c02 f   LIBCMT:tidtable.obj
 0001:00000c3f       __initptd                  10001c3f f   LIBCMT:tidtable.obj
 0001:00000d26       __getptd_noexit            10001d26 f   LIBCMT:tidtable.obj
 0001:00000d9f       __getptd                   10001d9f f   LIBCMT:tidtable.obj
 0001:00000db9       __freefls@4                10001db9 f   LIBCMT:tidtable.obj
 0001:00000ee8       __freeptd                  10001ee8 f   LIBCMT:tidtable.obj
 0001:00000f56       __mtinit                   10001f56 f   LIBCMT:tidtable.obj
 0001:000010e3       _free                      100020e3 f   LIBCMT:free.obj
 0001:00001171       __malloc_crt               10002171 f   LIBCMT:crtheap.obj
 0001:000011b6       __calloc_crt               100021b6 f   LIBCMT:crtheap.obj
 0001:00001202       __realloc_crt              10002202 f   LIBCMT:crtheap.obj
 0001:00001250       __crt_waiting_on_module_handle 10002250 f   LIBCMT:crt0dat.obj
 0001:00001280       __amsg_exit                10002280 f   LIBCMT:crt0dat.obj
 0001:000012a9       ___crtCorExitProcess       100022a9 f   LIBCMT:crt0dat.obj
 0001:000012d4       ___crtExitProcess          100022d4 f   LIBCMT:crt0dat.obj
 0001:000012ec       __lockexit                 100022ec f   LIBCMT:crt0dat.obj
 0001:000012f5       __unlockexit               100022f5 f   LIBCMT:crt0dat.obj
 0001:0000131b       __initterm_e               1000231b f   LIBCMT:crt0dat.obj
 0001:0000133f       __cinit                    1000233f f   LIBCMT:crt0dat.obj
 0001:000014f0       __exit                     100024f0 f   LIBCMT:crt0dat.obj
 0001:00001506       __cexit                    10002506 f   LIBCMT:crt0dat.obj
 0001:00001515       __init_pointers            10002515 f   LIBCMT:crt0dat.obj
 0001:00001563       __ioinit                   10002563 f   LIBCMT:ioinit.obj
 0001:000017b7       __ioterm                   100027b7 f   LIBCMT:ioinit.obj
 0001:00001805       __setenvp                  10002805 f   LIBCMT:stdenvp.obj
 0001:00001a7d       __setargv                  10002a7d f   LIBCMT:stdargv.obj
 0001:00001b38       ___crtGetEnvironmentStringsA 10002b38 f   LIBCMT:a_env.obj
 0001:00001c6f       __RTC_Initialize           10002c6f f   LIBCMT:_initsect_.obj
 0001:00001c95       __RTC_Terminate            10002c95 f   LIBCMT:_initsect_.obj
 0001:00001cbb       __heap_init                10002cbb f   LIBCMT:heapinit.obj
 0001:00001ceb       __heap_term                10002ceb f   LIBCMT:heapinit.obj
 0001:00001d5f       __initp_misc_winxfltr      10002d5f f   LIBCMT:winxfltr.obj
 0001:00001d60       __XcptFilter               10002d60 f   LIBCMT:winxfltr.obj
 0001:00001ec0       ___CppXcptFilter           10002ec0 f   LIBCMT:winxfltr.obj
 0001:00001ee0       __SEH_prolog4              10002ee0 f   LIBCMT:sehprolg4.obj
 0001:00001f25       __SEH_epilog4              10002f25 f   LIBCMT:sehprolg4.obj
 0001:00001f40       __except_handler4          10002f40 f   LIBCMT:chandler4.obj
 0001:000020cc       ___security_init_cookie    100030cc f   LIBCMT:gs_support.obj
 0001:00002162       __crt_debugger_hook        10003162 f   LIBCMT:dbghook.obj
 0001:0000216a       __mtinitlocks              1000316a f   LIBCMT:mlock.obj
 0001:000021b5       __mtdeletelocks            100031b5 f   LIBCMT:mlock.obj
 0001:0000220c       __unlock                   1000320c f   LIBCMT:mlock.obj
 0001:00002223       __mtinitlocknum            10003223 f   LIBCMT:mlock.obj
 0001:000022e6       __lock                     100032e6 f   LIBCMT:mlock.obj
 0001:00002319       ___freetlocinfo            10003319 f   LIBCMT:setlocal.obj
 0001:00002462       ___addlocaleref            10003462 f   LIBCMT:setlocal.obj
 0001:000024f1       ___removelocaleref         100034f1 f   LIBCMT:setlocal.obj
 0001:000025c8       ___updatetlocinfo          100035c8 f   LIBCMT:setlocal.obj
 0001:00002864       ___updatetmbcinfo          10003864 f   LIBCMT:mbctype.obj
 0001:00002908       ??0_LocaleUpdate@@QAE@PAUlocaleinfo_struct@@@Z 10003908 f i LIBCMT:mbctype.obj
 0001:00002a0b       __setmbcp_nolock           10003a0b f   LIBCMT:mbctype.obj
 0001:00002bf0       __setmbcp                  10003bf0 f   LIBCMT:mbctype.obj
 0001:00002d8a       ___initmbctable            10003d8a f   LIBCMT:mbctype.obj
 0001:00002da8       __get_errno_from_oserr     10003da8 f   LIBCMT:dosmap.obj
 0001:00002dea       __errno                    10003dea f   LIBCMT:dosmap.obj
 0001:00002dfd       ___sbh_find_block          10003dfd f   LIBCMT:sbheap.obj
 0001:00002e2d       ___sbh_free_block          10003e2d f   LIBCMT:sbheap.obj
 0001:00003143       ___sbh_alloc_new_region    10004143 f   LIBCMT:sbheap.obj
 0001:000031f3       ___sbh_alloc_new_group     100041f3 f   LIBCMT:sbheap.obj
 0001:000032fb       ___sbh_resize_block        100042fb f   LIBCMT:sbheap.obj
 0001:000035dc       ___sbh_alloc_block         100045dc f   LIBCMT:sbheap.obj
 0001:000038c1       _V6_HeapAlloc              100048c1 f   LIBCMT:malloc.obj
 0001:00003910       _malloc                    10004910 f   LIBCMT:malloc.obj
 0001:000039da       __calloc_impl              100049da f   LIBCMT:calloc_impl.obj
 0001:00003af8       _realloc                   10004af8 f   LIBCMT:realloc.obj
 0001:00003d13       __NMSG_WRITE               10004d13 f   LIBCMT:crt0msg.obj
 0001:00003ebe       __FF_MSGBANNER             10004ebe f   LIBCMT:crt0msg.obj
 0001:00003ef7       __initp_misc_invarg        10004ef7 f   LIBCMT:invarg.obj
 0001:00003f06       __invoke_watson            10004f06 f   LIBCMT:invarg.obj
 0001:0000402e       __invalid_parameter        1000502e f   LIBCMT:invarg.obj
 0001:0000410e       ___onexitinit              1000510e f   LIBCMT:onexit.obj
 0001:0000413f       __onexit                   1000513f f   LIBCMT:onexit.obj
 0001:0000417b       _atexit                    1000517b f   LIBCMT:onexit.obj
 0001:00004192       __initp_misc_cfltcvt_tab   10005192 f   LIBCMT:cmiscdat.obj
 0001:000041c0       __ValidateImageBase        100051c0 f   LIBCMT:pesect.obj
 0001:00004200       __FindPESection            10005200 f   LIBCMT:pesect.obj
 0001:00004250       __IsNonwritableInCurrentImage 10005250 f   LIBCMT:pesect.obj
 0001:0000430d       ?terminate@@YAXXZ          1000530d f   LIBCMT:hooks.obj
 0001:00004346       __initp_eh_hooks           10005346 f   LIBCMT:hooks.obj
 0001:00004357       __initp_misc_winsig        10005357 f   LIBCMT:winsig.obj
 0001:000043ac       ___get_sigabrt             100053ac f   LIBCMT:winsig.obj
 0001:000043b9       _raise                     100053b9 f   LIBCMT:winsig.obj
 0001:00004569       __initp_misc_rand_s        10005569 f   LIBCMT:rand_s.obj
 0001:00004578       __initp_misc_purevirt      10005578 f   LIBCMT:inithelp.obj
 0001:00004587       __initp_misc_initcrit      10005587 f   LIBCMT:initcrit.obj
 0001:00004596       ___crtInitCritSecAndSpinCount 10005596 f   LIBCMT:initcrit.obj
 0001:000045f6       __initp_heap_handler       100055f6 f   LIBCMT:handler.obj
 0001:00004605       __callnewh                 10005605 f   LIBCMT:handler.obj
 0001:0000462d       _strcpy_s                  1000562d f   LIBCMT:strcpy_s.obj
 0001:000046a0       _strlen                    100056a0 f   LIBCMT:strlen.obj
 0001:0000477e       __ismbblead                1000577e f   LIBCMT:ismbbyte.obj
 0001:000047a0       _memcpy                    100057a0 f   LIBCMT:memcpy.obj
 0001:00004b08       __local_unwind4            10005b08 f   LIBCMT:exsup4.obj
 0001:00004bde       __seh_longjmp_unwind4@4    10005bde f   LIBCMT:exsup4.obj
 0001:00004bfa       @_EH4_CallFilterFunc@8     10005bfa f   LIBCMT:exsup4.obj
 0001:00004c11       @_EH4_TransferToHandler@8  10005c11 f   LIBCMT:exsup4.obj
 0001:00004c2a       @_EH4_GlobalUnwind@4       10005c2a f   LIBCMT:exsup4.obj
 0001:00004c44       @_EH4_LocalUnwind@16       10005c44 f   LIBCMT:exsup4.obj
 0001:00004c5b       ___free_lc_time            10005c5b f   LIBCMT:inittime.obj
 0001:00004df0       ___free_lconv_num          10005df0 f   LIBCMT:initnum.obj
 0001:00004e35       ___free_lconv_mon          10005e35 f   LIBCMT:initmon.obj
 0001:00004ec3       __freea                    10005ec3 f i LIBCMT:strftime.obj
 0001:00004ee3       _strcat_s                  10005ee3 f   LIBCMT:strcat_s.obj
 0001:00004f60       _strcspn                   10005f60 f   LIBCMT:strcspn.obj
 0001:00004fa6       _strncpy_s                 10005fa6 f   LIBCMT:strncpy_s.obj
 0001:00005060       _memset                    10006060 f   LIBCMT:memset.obj
 0001:000050e0       _strcmp                    100060e0 f   LIBCMT:strcmp.obj
 0001:00005322       ___crtGetStringTypeA       10006322 f   LIBCMT:a_str.obj
 0001:00005370       _strpbrk                   10006370 f   LIBCMT:strpbrk.obj
 0001:00005755       ___crtLCMapStringA         10006755 f   LIBCMT:a_map.obj
 0001:000057a0       _memmove                   100067a0 f   LIBCMT:memmove.obj
 0001:00005b05       __msize                    10006b05 f   LIBCMT:msize.obj
 0001:00005ba8       ___crtMessageBoxA          10006ba8 f   LIBCMT:crtmbox.obj
 0001:00005d11       __set_error_mode           10006d11 f   LIBCMT:errmode.obj
 0001:00005d5c       __fptrap                   10006d5c f   LIBCMT:crt0fp.obj
 0001:00005d65       _abort                     10006d65 f   LIBCMT:abort.obj
 0001:00005f03       __VEC_memcpy               10006f03 f   LIBCMT:p4_memcpy.obj
 0001:00006036       __get_sse2_info            10007036 f   LIBCMT:cpu_disp.obj
 0001:00006098       ___sse2_available_init     10007098 f   LIBCMT:cpu_disp.obj
 0001:000060a8       __global_unwind2           100070a8 f   LIBCMT:exsup.obj
 0001:0000610d       __local_unwind2            1000710d f   LIBCMT:exsup.obj
 0001:00006191       __abnormal_termination     10007191 f   LIBCMT:exsup.obj
 0001:000061b4       __NLG_Notify1              100071b4 f   LIBCMT:exsup.obj
 0001:000061bd       __NLG_Notify               100071bd f   LIBCMT:exsup.obj
 0001:000061d4       __NLG_Dispatch             100071d4     LIBCMT:exsup.obj
 0001:000061d4       __NLG_Dispatch2            100071d4     LIBCMT:exsup.obj
 0001:000061dc       __NLG_Call                 100071dc f   LIBCMT:exsup.obj
 0001:000061de       __NLG_Return2              100071de     LIBCMT:exsup.obj
 0001:000061df       __isleadbyte_l             100071df f i LIBCMT:_wctype.obj
 0001:00006220       __alloca_probe_16          10007220 f   LIBCMT:alloca16.obj
 0001:00006236       __alloca_probe_8           10007236     LIBCMT:alloca16.obj
 0001:000062a3       __VEC_memzero              100072a3 f   LIBCMT:p4_memset.obj
 0001:00006332       _atol                      10007332 f   LIBCMT:atox.obj
 0001:00006348       ___ansicp                  10007348 f   LIBCMT:convrtcp.obj
 0001:00006391       ___convertcp               10007391 f   LIBCMT:convrtcp.obj
 0001:00006545       __isctype_l                10007545 f   LIBCMT:isctype.obj
 0001:00006600       __chkstk                   10007600 f   LIBCMT:chkstk.obj
 0001:00006600       __alloca_probe             10007600     LIBCMT:chkstk.obj
 0001:0000685a       _strtol                    1000785a f   LIBCMT:strtol.obj
 0001:00006890       ___ascii_strnicmp          10007890 f   LIBCMT:_strnicm.obj
 0001:00006900       __aulldvrm                 10007900 f   LIBCMT:ulldvrm.obj
 0001:000069a0       __allmul                   100079a0 f   LIBCMT:llmul.obj
 0001:000069f0       _strchr                    100079f0 f   LIBCMT:strchr.obj
 0001:000069f6       ___from_strstr_to_strchr   100079f6     LIBCMT:strchr.obj
 0001:00006aae       _RtlUnwind@16              10007aae f   kernel32:KERNEL32.dll
 0002:00000000       __imp__GetProcAddress@8    10008000     kernel32:KERNEL32.dll
 0002:00000004       __imp__LoadLibraryA@4      10008004     kernel32:KERNEL32.dll
 0002:00000008       __imp__GetCurrentThreadId@0 10008008     kernel32:KERNEL32.dll
 0002:0000000c       __imp__GetCommandLineA@0   1000800c     kernel32:KERNEL32.dll
 0002:00000010       __imp__TerminateProcess@8  10008010     kernel32:KERNEL32.dll
 0002:00000014       __imp__GetCurrentProcess@0 10008014     kernel32:KERNEL32.dll
 0002:00000018       __imp__UnhandledExceptionFilter@4 10008018     kernel32:KERNEL32.dll
 0002:0000001c       __imp__SetUnhandledExceptionFilter@4 1000801c     kernel32:KERNEL32.dll
 0002:00000020       __imp__IsDebuggerPresent@0 10008020     kernel32:KERNEL32.dll
 0002:00000024       __imp__GetModuleHandleW@4  10008024     kernel32:KERNEL32.dll
 0002:00000028       __imp__TlsGetValue@4       10008028     kernel32:KERNEL32.dll
 0002:0000002c       __imp__TlsAlloc@0          1000802c     kernel32:KERNEL32.dll
 0002:00000030       __imp__TlsSetValue@8       10008030     kernel32:KERNEL32.dll
 0002:00000034       __imp__TlsFree@4           10008034     kernel32:KERNEL32.dll
 0002:00000038       __imp__InterlockedIncrement@4 10008038     kernel32:KERNEL32.dll
 0002:0000003c       __imp__SetLastError@4      1000803c     kernel32:KERNEL32.dll
 0002:00000040       __imp__GetLastError@0      10008040     kernel32:KERNEL32.dll
 0002:00000044       __imp__InterlockedDecrement@4 10008044     kernel32:KERNEL32.dll
 0002:00000048       __imp__HeapFree@12         10008048     kernel32:KERNEL32.dll
 0002:0000004c       __imp__Sleep@4             1000804c     kernel32:KERNEL32.dll
 0002:00000050       __imp__ExitProcess@4       10008050     kernel32:KERNEL32.dll
 0002:00000054       __imp__SetHandleCount@4    10008054     kernel32:KERNEL32.dll
 0002:00000058       __imp__GetStdHandle@4      10008058     kernel32:KERNEL32.dll
 0002:0000005c       __imp__GetFileType@4       1000805c     kernel32:KERNEL32.dll
 0002:00000060       __imp__GetStartupInfoA@4   10008060     kernel32:KERNEL32.dll
 0002:00000064       __imp__DeleteCriticalSection@4 10008064     kernel32:KERNEL32.dll
 0002:00000068       __imp__GetModuleFileNameA@12 10008068     kernel32:KERNEL32.dll
 0002:0000006c       __imp__FreeEnvironmentStringsA@4 1000806c     kernel32:KERNEL32.dll
 0002:00000070       __imp__GetEnvironmentStrings@0 10008070     kernel32:KERNEL32.dll
 0002:00000074       __imp__FreeEnvironmentStringsW@4 10008074     kernel32:KERNEL32.dll
 0002:00000078       __imp__WideCharToMultiByte@32 10008078     kernel32:KERNEL32.dll
 0002:0000007c       __imp__GetEnvironmentStringsW@0 1000807c     kernel32:KERNEL32.dll
 0002:00000080       __imp__HeapCreate@12       10008080     kernel32:KERNEL32.dll
 0002:00000084       __imp__HeapDestroy@4       10008084     kernel32:KERNEL32.dll
 0002:00000088       __imp__VirtualFree@12      10008088     kernel32:KERNEL32.dll
 0002:0000008c       __imp__QueryPerformanceCounter@4 1000808c     kernel32:KERNEL32.dll
 0002:00000090       __imp__GetTickCount@0      10008090     kernel32:KERNEL32.dll
 0002:00000094       __imp__GetCurrentProcessId@0 10008094     kernel32:KERNEL32.dll
 0002:00000098       __imp__GetSystemTimeAsFileTime@4 10008098     kernel32:KERNEL32.dll
 0002:0000009c       __imp__LeaveCriticalSection@4 1000809c     kernel32:KERNEL32.dll
 0002:000000a0       __imp__EnterCriticalSection@4 100080a0     kernel32:KERNEL32.dll
 0002:000000a4       __imp__GetCPInfo@8         100080a4     kernel32:KERNEL32.dll
 0002:000000a8       __imp__GetACP@0            100080a8     kernel32:KERNEL32.dll
 0002:000000ac       __imp__GetOEMCP@0          100080ac     kernel32:KERNEL32.dll
 0002:000000b0       __imp__IsValidCodePage@4   100080b0     kernel32:KERNEL32.dll
 0002:000000b4       __imp__HeapAlloc@12        100080b4     kernel32:KERNEL32.dll
 0002:000000b8       __imp__VirtualAlloc@16     100080b8     kernel32:KERNEL32.dll
 0002:000000bc       __imp__HeapReAlloc@16      100080bc     kernel32:KERNEL32.dll
 0002:000000c0       __imp__WriteFile@20        100080c0     kernel32:KERNEL32.dll
 0002:000000c4       __imp__InitializeCriticalSectionAndSpinCount@8 100080c4     kernel32:KERNEL32.dll
 0002:000000c8       __imp__RtlUnwind@16        100080c8     kernel32:KERNEL32.dll
 0002:000000cc       __imp__GetLocaleInfoA@16   100080cc     kernel32:KERNEL32.dll
 0002:000000d0       __imp__GetStringTypeA@20   100080d0     kernel32:KERNEL32.dll
 0002:000000d4       __imp__MultiByteToWideChar@24 100080d4     kernel32:KERNEL32.dll
 0002:000000d8       __imp__GetStringTypeW@16   100080d8     kernel32:KERNEL32.dll
 0002:000000dc       __imp__LCMapStringA@24     100080dc     kernel32:KERNEL32.dll
 0002:000000e0       __imp__LCMapStringW@24     100080e0     kernel32:KERNEL32.dll
 0002:000000e4       __imp__HeapSize@12         100080e4     kernel32:KERNEL32.dll
 0002:000000e8       \177KERNEL32_NULL_THUNK_DATA 100080e8     kernel32:KERNEL32.dll
 0002:000000ec       ___xc_a                    100080ec     LIBCMT:crt0init.obj
 0002:000000f0       ___xc_z                    100080f0     LIBCMT:crt0init.obj
 0002:000000f4       ___xi_a                    100080f4     LIBCMT:crt0init.obj
 0002:00000104       ___xi_z                    10008104     LIBCMT:crt0init.obj
 0002:00000108       ___xp_a                    10008108     LIBCMT:crt0init.obj
 0002:0000010c       ___xp_z                    1000810c     LIBCMT:crt0init.obj
 0002:00000110       ___xt_a                    10008110     LIBCMT:crt0init.obj
 0002:00000114       ___xt_z                    10008114     LIBCMT:crt0init.obj
 0002:0000013c       __pRawDllMain              1000813c     LIBCMT:dllcrt0.obj
 0002:0000013c       __pDefaultRawDllMain       1000813c     LIBCMT:dllcrt0.obj
 0002:00000148       ??_C@_0O@NLDKAIKN@EncodePointer?$AA@ 10008148     LIBCMT:tidtable.obj
 0002:00000158       ??_C@_1BK@DBDEIDLH@?$AAK?$AAE?$AAR?$AAN?$AAE?$AAL?$AA3?$AA2?$AA?4?$AAD?$AAL?$AAL?$AA?$AA@ 10008158     LIBCMT:tidtable.obj
 0002:00000174       ??_C@_0O@KBPMFGHI@DecodePointer?$AA@ 10008174     LIBCMT:tidtable.obj
 0002:00000184       ??_C@_07PEJMOBNF@FlsFree?$AA@ 10008184     LIBCMT:tidtable.obj
 0002:0000018c       ??_C@_0M@JCPCPOEF@FlsSetValue?$AA@ 1000818c     LIBCMT:tidtable.obj
 0002:00000198       ??_C@_0M@GDNOONDI@FlsGetValue?$AA@ 10008198     LIBCMT:tidtable.obj
 0002:000001a4       ??_C@_08KNHFBNJ@FlsAlloc?$AA@ 100081a4     LIBCMT:tidtable.obj
 0002:000001b0       ??_C@_0P@MIGLKIOC@CorExitProcess?$AA@ 100081b0     LIBCMT:crt0dat.obj
 0002:000001c0       ??_C@_1BI@BGOHAHKC@?$AAm?$AAs?$AAc?$AAo?$AAr?$AAe?$AAe?$AA?4?$AAd?$AAl?$AAl?$AA?$AA@ 100081c0     LIBCMT:crt0dat.obj
 0002:000001d8       __XcptActTab               100081d8     LIBCMT:winxfltr.obj
 0002:000002d0       ??_C@_0P@GGKDKEEG@runtime?5error?5?$AA@ 100082d0     LIBCMT:crt0msg.obj
 0002:000002e0       ??_C@_02PCIJFNDE@?$AN?6?$AA@ 100082e0     LIBCMT:crt0msg.obj
 0002:000002e4       ??_C@_0O@MJNIPGOH@TLOSS?5error?$AN?6?$AA@ 100082e4     LIBCMT:crt0msg.obj
 0002:000002f4       ??_C@_0N@BONNPDHF@SING?5error?$AN?6?$AA@ 100082f4     LIBCMT:crt0msg.obj
 0002:00000304       ??_C@_0P@MBDAJNE@DOMAIN?5error?$AN?6?$AA@ 10008304     LIBCMT:crt0msg.obj
 0002:00000318       ??_C@_0JL@DFDOOABL@R6034?$AN?6An?5application?5has?5made?5a@ 10008318     LIBCMT:crt0msg.obj
 0002:000003b8       ??_C@_0PH@EPAFIJ@R6033?$AN?6?9?5Attempt?5to?5use?5MSIL?5cod@ 100083b8     LIBCMT:crt0msg.obj
 0002:000004b0       ??_C@_0DD@BKEEABMM@R6032?$AN?6?9?5not?5enough?5space?5for?5lo@ 100084b0     LIBCMT:crt0msg.obj
 0002:000004e8       ??_C@_0GD@OFKILIED@R6031?$AN?6?9?5Attempt?5to?5initialize?5t@ 100084e8     LIBCMT:crt0msg.obj
 0002:0000054c       ??_C@_0BP@LPMHJOKI@R6030?$AN?6?9?5CRT?5not?5initialized?$AN?6?$AA@ 1000854c     LIBCMT:crt0msg.obj
 0002:0000056c       ??_C@_0CF@KJDAIALP@R6028?$AN?6?9?5unable?5to?5initialize?5he@ 1000856c     LIBCMT:crt0msg.obj
 0002:00000594       ??_C@_0DF@GAKBPDFP@R6027?$AN?6?9?5not?5enough?5space?5for?5lo@ 10008594     LIBCMT:crt0msg.obj
 0002:000005cc       ??_C@_0DF@IBLNNAIG@R6026?$AN?6?9?5not?5enough?5space?5for?5st@ 100085cc     LIBCMT:crt0msg.obj
 0002:00000604       ??_C@_0CG@IOHKGFNJ@R6025?$AN?6?9?5pure?5virtual?5function?5c@ 10008604     LIBCMT:crt0msg.obj
 0002:0000062c       ??_C@_0DF@JIJJFJDC@R6024?$AN?6?9?5not?5enough?5space?5for?5_o@ 1000862c     LIBCMT:crt0msg.obj
 0002:00000664       ??_C@_0CJ@EGEJHFME@R6019?$AN?6?9?5unable?5to?5open?5console?5@ 10008664     LIBCMT:crt0msg.obj
 0002:00000690       ??_C@_0CB@GNHNIELH@R6018?$AN?6?9?5unexpected?5heap?5error?$AN?6@ 10008690     LIBCMT:crt0msg.obj
 0002:000006b4       ??_C@_0CN@FOLDKNG@R6017?$AN?6?9?5unexpected?5multithread?5@ 100086b4     LIBCMT:crt0msg.obj
 0002:000006e4       ??_C@_0CM@FAHFJNHO@R6016?$AN?6?9?5not?5enough?5space?5for?5th@ 100086e4     LIBCMT:crt0msg.obj
 0002:00000710       ??_C@_0JG@LBKMGKLD@?$AN?6This?5application?5has?5requested@ 10008710     LIBCMT:crt0msg.obj
 0002:000007a8       ??_C@_0CM@FLCNIPKK@R6009?$AN?6?9?5not?5enough?5space?5for?5en@ 100087a8     LIBCMT:crt0msg.obj
 0002:000007d4       ??_C@_0CK@KMMJOAPP@R6008?$AN?6?9?5not?5enough?5space?5for?5ar@ 100087d4     LIBCMT:crt0msg.obj
 0002:00000800       ??_C@_0CN@LEKKICBM@R6002?$AN?6?9?5floating?5point?5support?5@ 10008800     LIBCMT:crt0msg.obj
 0002:00000830       ??_C@_0CF@GOGNBNAK@Microsoft?5Visual?5C?$CL?$CL?5Runtime?5Lib@ 10008830     LIBCMT:crt0msg.obj
 0002:00000858       ??_C@_02PHMGELLB@?6?6?$AA@ 10008858     LIBCMT:crt0msg.obj
 0002:0000085c       ??_C@_03KHICJKCI@?4?4?4?$AA@ 1000885c     LIBCMT:crt0msg.obj
 0002:00000860       ??_C@_0BH@DNAGHKFM@?$DMprogram?5name?5unknown?$DO?$AA@ 10008860     LIBCMT:crt0msg.obj
 0002:00000878       ??_C@_0BK@OFGJDLJJ@Runtime?5Error?$CB?6?6Program?3?5?$AA@ 10008878     LIBCMT:crt0msg.obj
 0002:00000898       ___newctype                10008898     LIBCMT:ctype.obj
 0002:00000b98       __wctype                   10008b98     LIBCMT:ctype.obj
 0002:00000da0       ___newclmap                10008da0     LIBCMT:ctype.obj
 0002:00000f20       ___newcumap                10008f20     LIBCMT:ctype.obj
 0002:000010a0       ??_C@_08JCCMCCIL@HH?3mm?3ss?$AA@ 100090a0     LIBCMT:strftime.obj
 0002:000010ac       ??_C@_0BE@CKGJFCPC@dddd?0?5MMMM?5dd?0?5yyyy?$AA@ 100090ac     LIBCMT:strftime.obj
 0002:000010c0       ??_C@_08BPBNCDIB@MM?1dd?1yy?$AA@ 100090c0     LIBCMT:strftime.obj
 0002:000010cc       ??_C@_02CJNFDJBF@PM?$AA@   100090cc     LIBCMT:strftime.obj
 0002:000010d0       ??_C@_02DEDBPAFC@AM?$AA@   100090d0     LIBCMT:strftime.obj
 0002:000010d4       ??_C@_08EDHMEBNP@December?$AA@ 100090d4     LIBCMT:strftime.obj
 0002:000010e0       ??_C@_08HCHEGEOA@November?$AA@ 100090e0     LIBCMT:strftime.obj
 0002:000010ec       ??_C@_07JJNFCEND@October?$AA@ 100090ec     LIBCMT:strftime.obj
 0002:000010f4       ??_C@_09BHHEALKD@September?$AA@ 100090f4     LIBCMT:strftime.obj
 0002:00001100       ??_C@_06LBBHFDDG@August?$AA@ 10009100     LIBCMT:strftime.obj
 0002:00001108       ??_C@_04MIEPOIFP@July?$AA@ 10009108     LIBCMT:strftime.obj
 0002:00001110       ??_C@_04CNLMGBGM@June?$AA@ 10009110     LIBCMT:strftime.obj
 0002:00001118       ??_C@_05DMJDNLEJ@April?$AA@ 10009118     LIBCMT:strftime.obj
 0002:00001120       ??_C@_05HPCKOFNC@March?$AA@ 10009120     LIBCMT:strftime.obj
 0002:00001128       ??_C@_08GNJGEPFN@February?$AA@ 10009128     LIBCMT:strftime.obj
 0002:00001134       ??_C@_07CGJPFGJA@January?$AA@ 10009134     LIBCMT:strftime.obj
 0002:0000113c       ??_C@_03MKABNOCG@Dec?$AA@  1000913c     LIBCMT:strftime.obj
 0002:00001140       ??_C@_03JPJOFNIA@Nov?$AA@  10009140     LIBCMT:strftime.obj
 0002:00001144       ??_C@_03BMAOKBAD@Oct?$AA@  10009144     LIBCMT:strftime.obj
 0002:00001148       ??_C@_03GGCAPAJC@Sep?$AA@  10009148     LIBCMT:strftime.obj
 0002:0000114c       ??_C@_03IFJFEIGA@Aug?$AA@  1000914c     LIBCMT:strftime.obj
 0002:00001150       ??_C@_03LBGABGKK@Jul?$AA@  10009150     LIBCMT:strftime.obj
 0002:00001154       ??_C@_03IDFGHECI@Jun?$AA@  10009154     LIBCMT:strftime.obj
 0002:00001158       ??_C@_03CNMDKL@May?$AA@    10009158     LIBCMT:strftime.obj
 0002:0000115c       ??_C@_03LEOLGMJP@Apr?$AA@  1000915c     LIBCMT:strftime.obj
 0002:00001160       ??_C@_03ODNJBKGA@Mar?$AA@  10009160     LIBCMT:strftime.obj
 0002:00001164       ??_C@_03HJBDCHOM@Feb?$AA@  10009164     LIBCMT:strftime.obj
 0002:00001168       ??_C@_03JIHJHPIE@Jan?$AA@  10009168     LIBCMT:strftime.obj
 0002:0000116c       ??_C@_08INBOOONO@Saturday?$AA@ 1000916c     LIBCMT:strftime.obj
 0002:00001178       ??_C@_06JECMNKMI@Friday?$AA@ 10009178     LIBCMT:strftime.obj
 0002:00001180       ??_C@_08HACCIKIA@Thursday?$AA@ 10009180     LIBCMT:strftime.obj
 0002:0000118c       ??_C@_09DLIGFAKA@Wednesday?$AA@ 1000918c     LIBCMT:strftime.obj
 0002:00001198       ??_C@_07BAAGCFCM@Tuesday?$AA@ 10009198     LIBCMT:strftime.obj
 0002:000011a0       ??_C@_06JLEDEDGH@Monday?$AA@ 100091a0     LIBCMT:strftime.obj
 0002:000011a8       ??_C@_06OOPIFAJ@Sunday?$AA@ 100091a8     LIBCMT:strftime.obj
 0002:000011b0       ??_C@_03FEFJNEK@Sat?$AA@   100091b0     LIBCMT:strftime.obj
 0002:000011b4       ??_C@_03IDIOELNC@Fri?$AA@  100091b4     LIBCMT:strftime.obj
 0002:000011b8       ??_C@_03IOFIKPDN@Thu?$AA@  100091b8     LIBCMT:strftime.obj
 0002:000011bc       ??_C@_03MHOMLAJA@Wed?$AA@  100091bc     LIBCMT:strftime.obj
 0002:000011c0       ??_C@_03NAGEINEP@Tue?$AA@  100091c0     LIBCMT:strftime.obj
 0002:000011c4       ??_C@_03PDAGKDH@Mon?$AA@   100091c4     LIBCMT:strftime.obj
 0002:000011c8       ??_C@_03KOEHGMDN@Sun?$AA@  100091c8     LIBCMT:strftime.obj
 0002:000011cc       ??_C@_13NOLLCAOD@?$AA?$AA?$AA?$AA@ 100091cc     LIBCMT:a_str.obj
 0002:000011d0       ??_C@_0BI@DFKBFLJE@GetProcessWindowStation?$AA@ 100091d0     LIBCMT:crtmbox.obj
 0002:000011e8       ??_C@_0BK@CIDNPOGP@GetUserObjectInformationA?$AA@ 100091e8     LIBCMT:crtmbox.obj
 0002:00001204       ??_C@_0BD@HHGDFDBJ@GetLastActivePopup?$AA@ 10009204     LIBCMT:crtmbox.obj
 0002:00001218       ??_C@_0BA@HNOPNCHB@GetActiveWindow?$AA@ 10009218     LIBCMT:crtmbox.obj
 0002:00001228       ??_C@_0M@CHKKJDAI@MessageBoxA?$AA@ 10009228     LIBCMT:crtmbox.obj
 0002:00001234       ??_C@_0L@NDEGIDAG@USER32?4DLL?$AA@ 10009234     LIBCMT:crtmbox.obj
 0002:00001240       ___dnames                  10009240     LIBCMT:timeset.obj
 0002:00001258       ___mnames                  10009258     LIBCMT:timeset.obj
 0002:00001280       ??_C@_0P@GHFPNOJB@bad?5allocation?$AA@ 10009280     BattleReplay.obj
 0002:00001290       ??_C@_0BA@FDLNIKIG@patcher_x86?4dll?$AA@ 10009290     BattleReplay.obj
 0002:000012a0       ??_C@_0BB@CKHJKIEB@_GetPatcherX86?$EA0?$AA@ 100092a0     BattleReplay.obj
 0002:000012b4       ??_C@_0N@HPLADLMK@Box64x30?4pcx?$AA@ 100092b4     BattleReplay.obj
 0002:000012c4       ??_C@_0M@JLCNBKHP@iCancel?4def?$AA@ 100092c4     BattleReplay.obj
 0002:000012d0       ??_C@_0P@KPGPPBFD@HD?4QuickCombat?$AA@ 100092d0     BattleReplay.obj
 0002:000012e0       ??_C@_0BC@JKCKMKBG@ERA_Battle_Replay?$AA@ 100092e0     BattleReplay.obj
 0002:000012f4       ??_C@_0BC@PBLINPDM@E8?5AB22D5FF?590?590?$AA@ 100092f4     BattleReplay.obj
 0002:00001308       __load_config_used         10009308     LIBCMT:loadcfg.obj
 0002:000013b0       ___safe_se_handler_table   100093b0     <linker-defined>
 0002:000013bc       ___rtc_iaa                 100093bc     LIBCMT:_initsect_.obj
 0002:000013c0       ___rtc_izz                 100093c0     LIBCMT:_initsect_.obj
 0002:000013c4       ___rtc_taa                 100093c4     LIBCMT:_initsect_.obj
 0002:000013c8       ___rtc_tzz                 100093c8     LIBCMT:_initsect_.obj
 0002:0000165c       __IMPORT_DESCRIPTOR_KERNEL32 1000965c     kernel32:KERNEL32.dll
 0002:00001670       __NULL_IMPORT_DESCRIPTOR   10009670     kernel32:KERNEL32.dll
 0003:00000000       ___security_cookie         1000a000     LIBCMT:gs_cookie.obj
 0003:00000004       ___security_cookie_complement 1000a004     LIBCMT:gs_cookie.obj
 0003:00000008       ___flsindex                1000a008     LIBCMT:tidtable.obj
 0003:0000000c       ___getvalueindex           1000a00c     LIBCMT:tidtable.obj
 0003:00000010       __aexit_rtn                1000a010     LIBCMT:crt0dat.obj
 0003:00000018       ___badioinfo               1000a018     LIBCMT:ioinit.obj
 0003:00000058       __amblksiz                 1000a058     LIBCMT:heapinit.obj
 0003:0000005c       __First_FPE_Indx           1000a05c     LIBCMT:winxfltr.obj
 0003:00000060       __Num_FPE                  1000a060     LIBCMT:winxfltr.obj
 0003:00000064       __XcptActTabSize           1000a064     LIBCMT:winxfltr.obj
 0003:00000068       __XcptActTabCount          1000a068     LIBCMT:winxfltr.obj
 0003:00000198       ___clocalestr              1000a198     LIBCMT:nlsdata2.obj
 0003:000001a0       ___initiallocinfo          1000a1a0     LIBCMT:nlsdata2.obj
 0003:00000278       ___ptlocinfo               1000a278     LIBCMT:nlsdata2.obj
 0003:0000027c       ___lc_clike                1000a27c     LIBCMT:nlsdata2.obj
 0003:00000280       ___initiallocalestructinfo 1000a280     LIBCMT:nlsdata2.obj
 0003:00000288       ___initialmbcinfo          1000a288     LIBCMT:mbctype.obj
 0003:000004a8       __mbctype                  1000a4a8     LIBCMT:mbctype.obj
 0003:000005b0       __mbcasemap                1000a5b0     LIBCMT:mbctype.obj
 0003:000006b0       ___ptmbcinfo               1000a6b0     LIBCMT:mbctype.obj
 0003:000009d0       __cfltcvt_tab              1000a9d0     LIBCMT:cmiscdat.obj
 0003:00000a00       __pctype                   1000aa00     LIBCMT:ctype.obj
 0003:00000a04       __pwctype                  1000aa04     LIBCMT:ctype.obj
 0003:00000a08       ___lc_time_c               1000aa08     LIBCMT:strftime.obj
 0003:00000ac0       ___lc_time_curr            1000aac0     LIBCMT:strftime.obj
 0003:00000ac4       ___lconv_static_decimal    1000aac4     LIBCMT:lconv.obj
 0003:00000ac8       ___lconv_c                 1000aac8     LIBCMT:lconv.obj
 0003:00000af8       ___lconv                   1000aaf8     LIBCMT:lconv.obj
 0003:00000afc       ___globallocalestatus      1000aafc     LIBCMT:glstatus.obj
 0003:00000b00       ___mb_cur_max              1000ab00     LIBCMT:nlsdata1.obj
 0003:00000b04       ___decimal_point           1000ab04     LIBCMT:nlsdata1.obj
 0003:00000b08       ___decimal_point_length    1000ab08     LIBCMT:nlsdata1.obj
 0003:00000b10       ___abort_behavior          1000ab10     LIBCMT:abort.obj
 0003:00000b14       __NLG_Destination          1000ab14     LIBCMT:exsup.obj
 0003:00000b28       __timezone                 1000ab28     LIBCMT:timeset.obj
 0003:00000b2c       __daylight                 1000ab2c     LIBCMT:timeset.obj
 0003:00000b30       __dstbias                  1000ab30     LIBCMT:timeset.obj
 0003:00000bb8       __tzname                   1000abb8     LIBCMT:timeset.obj
 0003:00000be0       __lpdays                   1000abe0     LIBCMT:days.obj
 0003:00000c14       __days                     1000ac14     LIBCMT:days.obj
 0003:00000c64       __aenvptr                  1000ac64     LIBCMT:dllcrt0.obj
 0003:00000c68       __wenvptr                  1000ac68     LIBCMT:dllcrt0.obj
 0003:00000c6c       ___error_mode              1000ac6c     LIBCMT:dllcrt0.obj
 0003:00000c70       ___app_type                1000ac70     LIBCMT:dllcrt0.obj
 0003:00000f9c       _gpFlsAlloc                1000af9c     LIBCMT:tidtable.obj
 0003:00000fa0       _gpFlsGetValue             1000afa0     LIBCMT:tidtable.obj
 0003:00000fa4       _gpFlsSetValue             1000afa4     LIBCMT:tidtable.obj
 0003:00000fa8       _gpFlsFree                 1000afa8     LIBCMT:tidtable.obj
 0003:00000fac       __maxwait                  1000afac     LIBCMT:crtheap.obj
 0003:00000fb0       __umaskval                 1000afb0     LIBCMT:crt0dat.obj
 0003:00000fb4       ___argc                    1000afb4     LIBCMT:crt0dat.obj
 0003:00000fb8       ___argv                    1000afb8     LIBCMT:crt0dat.obj
 0003:00000fbc       ___wargv                   1000afbc     LIBCMT:crt0dat.obj
 0003:00000fc0       __environ                  1000afc0     LIBCMT:crt0dat.obj
 0003:00000fc4       ___initenv                 1000afc4     LIBCMT:crt0dat.obj
 0003:00000fc8       __wenviron                 1000afc8     LIBCMT:crt0dat.obj
 0003:00000fcc       ___winitenv                1000afcc     LIBCMT:crt0dat.obj
 0003:00000fd0       __pgmptr                   1000afd0     LIBCMT:crt0dat.obj
 0003:00000fd4       __wpgmptr                  1000afd4     LIBCMT:crt0dat.obj
 0003:00000fd8       __exitflag                 1000afd8     LIBCMT:crt0dat.obj
 0003:00000fdc       __C_Termination_Done       1000afdc     LIBCMT:crt0dat.obj
 0003:00000fe0       __C_Exit_Done              1000afe0     LIBCMT:crt0dat.obj
 0003:000010f4       __crtheap                  1000b0f4     LIBCMT:heapinit.obj
 0003:00001248       ___locale_changed          1000b248     LIBCMT:setlocal.obj
 0003:0000124c       ___lc_handle               1000b24c     LIBCMT:nlsdata2.obj
 0003:00001264       ___lc_codepage             1000b264     LIBCMT:nlsdata2.obj
 0003:00001268       ___lc_collate_cp           1000b268     LIBCMT:nlsdata2.obj
 0003:00001270       ___mbulinfo                1000b270     LIBCMT:mbctype.obj
 0003:0000127c       ___mbcodepage              1000b27c     LIBCMT:mbctype.obj
 0003:00001280       ___ismbcodepage            1000b280     LIBCMT:mbctype.obj
 0003:00001284       ___mblcid                  1000b284     LIBCMT:mbctype.obj
 0003:00001288       ___sbh_pHeaderDefer        1000b288     LIBCMT:sbheap.obj
 0003:000015a4       ___pInvalidArgHandler      1000b5a4     LIBCMT:invarg.obj
 0003:000015a8       ?__pInconsistency@@3P6AXXZA 1000b5a8     LIBCMT:hooks.obj
 0003:000015cc       ___pPurecall               1000b5cc     LIBCMT:inithelp.obj
 0003:000015d4       ?_pnhHeap@@3P6AHI@ZA       1000b5d4     LIBCMT:handler.obj
 0003:000015d8       ___lconv_static_null       1000b5d8     LIBCMT:lconv.obj
 0003:000015e4       __newmode                  1000b5e4     LIBCMT:_newmode.obj
 0003:000016b8       ?isNeedReplay@@3HA         1000b6b8     BattleReplay.obj
 0003:000016bc       ?_PI@@3PAVPatcherInstance@@A 1000b6bc     BattleReplay.obj
 0003:000016c0       ?_P@@3PAVPatcher@@A        1000b6c0     BattleReplay.obj
 0003:000016c4       ?ifCanReplay@@3HA          1000b6c4     BattleReplay.obj
 0003:000016c8       ?calls_count@?1??GetPatcher@@YAPAVPatcher@@XZ@4HA 1000b6c8     BattleReplay.obj
 0003:000016d0       ___sse2_available          1000b6d0     <common>
 0003:000016d4       ___sbh_cntHeaderList       1000b6d4     <common>
 0003:000016d8       ___sbh_pHeaderList         1000b6d8     <common>
 0003:000016dc       ___sbh_threshold           1000b6dc     <common>
 0003:000016e0       ___sbh_pHeaderScan         1000b6e0     <common>
 0003:000016e4       ___sbh_sizeHeaderList      1000b6e4     <common>
 0003:000016e8       ___sbh_indGroupDefer       1000b6e8     <common>
 0003:000016ec       __debugger_hook_dummy      1000b6ec     <common>
 0003:000016f0       __pDestructExceptionObject 1000b6f0     <common>
 0003:000016f4       ___active_heap             1000b6f4     <common>
 0003:000016f8       __nhandle                  1000b6f8     <common>
 0003:00001700       ___pioinfo                 1000b700     <common>
 0003:00001800       ___env_initialized         1000b800     <common>
 0003:00001804       ___onexitend               1000b804     <common>
 0003:00001808       ___onexitbegin             1000b808     <common>
 0003:0000180c       ___mbctype_initialized     1000b80c     <common>
 0003:00001810       __FPinit                   1000b810     <common>
 0003:00001814       ___dyn_tls_init_callback   1000b814     <common>
 0003:00001818       __acmdln                   1000b818     <common>

 entry point at        0001:000009af

 Static symbols

 0001:000008b9       ___DllMainCRTStartup       100018b9 f   LIBCMT:dllcrt0.obj
 0001:000012fe       __initterm                 100022fe f   LIBCMT:crt0dat.obj
 0001:000013c4       _doexit                    100023c4 f   LIBCMT:crt0dat.obj
 0001:000018e3       _parse_cmdline             100028e3 f   LIBCMT:stdargv.obj
 0001:0000258a       __updatetlocinfoEx_nolock  1000358a f   LIBCMT:setlocal.obj
 0001:0000263e       ?CPtoLCID@@YAHH@Z          1000363e f   LIBCMT:mbctype.obj
 0001:0000266d       ?setSBCS@@YAXPAUthreadmbcinfostruct@@@Z 1000366d f   LIBCMT:mbctype.obj
 0001:000026d1       ?setSBUpLow@@YAXPAUthreadmbcinfostruct@@@Z 100036d1 f   LIBCMT:mbctype.obj
 0001:0000298f       ?getSystemCP@@YAHH@Z       1000398f f   LIBCMT:mbctype.obj
 0001:00004054       __onexit_nolock            10005054 f   LIBCMT:onexit.obj
 0001:00004375       _siglookup                 10005375 f   LIBCMT:winsig.obj
 0001:0000472b       ?x_ismbbtype_l@@YAHPAUlocaleinfo_struct@@IHH@Z 1000572b f   LIBCMT:ismbbyte.obj
 0001:00004b98       __unwind_handler4          10005b98 f   LIBCMT:exsup4.obj
 0001:00005168       ?__crtGetStringTypeA_stat@@YAHPAUlocaleinfo_struct@@KPBDHPAGHHH@Z 10006168 f   LIBCMT:a_str.obj
 0001:000053b0       ?__crtLCMapStringA_stat@@YAHPAUlocaleinfo_struct@@KKPBDHPADHHH@Z 100063b0 f   LIBCMT:a_map.obj
 0001:00005e7c       _fastcopy_I                10006e7c f   LIBCMT:p4_memcpy.obj
 0001:00005fe6       _has_osfxsr_set            10006fe6 f   LIBCMT:cpu_disp.obj
 0001:000060c8       __unwind_handler           100070c8 f   LIBCMT:exsup.obj
 0001:0000624c       _fastzero_I                1000724c f   LIBCMT:p4_memset.obj
 0001:0000662b       ?strtoxl@@YAKPAUlocaleinfo_struct@@PBDPAPBDHH@Z 1000762b f   LIBCMT:strtol.obj
