 BattleReplay

 Timestamp is 5fb842e7 (Sat Nov 21 01:27:51 2020)

 Preferred load address is 10000000

 Start         Length     Name                   Class
 0001:00000000 00009924H .text                   CODE
 0001:00009930 00000050H .text$x                 CODE
 0001:00009980 00000000H .text$yd                CODE
 0002:00000000 00000118H .idata$5                DATA
 0002:00000118 00000004H .CRT$XCA                DATA
 0002:0000011c 00000004H .CRT$XCZ                DATA
 0002:00000120 00000004H .CRT$XIA                DATA
 0002:00000124 00000010H .CRT$XIC                DATA
 0002:00000134 00000004H .CRT$XIZ                DATA
 0002:00000138 00000004H .CRT$XPA                DATA
 0002:0000013c 00000004H .CRT$XPX                DATA
 0002:00000140 00000004H .CRT$XPXA               DATA
 0002:00000144 00000004H .CRT$XPZ                DATA
 0002:00000148 00000004H .CRT$XTA                DATA
 0002:0000014c 00000004H .CRT$XTZ                DATA
 0002:00000150 00001d50H .rdata                  DATA
 0002:00001ea0 00000055H .rdata$debug            DATA
 0002:00001ef8 000000d9H .rdata$r                DATA
 0002:00001fe0 0000001cH .rdata$sxdata           DATA
 0002:00001ffc 00000004H .rtc$IAA                DATA
 0002:00002000 00000004H .rtc$IZZ                DATA
 0002:00002004 00000004H .rtc$TAA                DATA
 0002:00002008 00000004H .rtc$TZZ                DATA
 0002:00002010 0000053cH .xdata$x                DATA
 0002:0000254c 00000014H .idata$2                DATA
 0002:00002560 00000014H .idata$3                DATA
 0002:00002574 00000118H .idata$4                DATA
 0002:0000268c 000004f8H .idata$6                DATA
 0002:00002b84 00000000H .edata                  DATA
 0003:00000000 00000f70H .data                   DATA
 0003:00000f80 00001cd8H .bss                    DATA

  Address         Publics by Value              Rva+Base       Lib:Object

 0000:00000000       __except_list              00000000     <absolute>
 0000:00000007       ___safe_se_handler_count   00000007     <absolute>
 0000:00000000       ___ImageBase               10000000     <linker-defined>
 0001:00000000       ?ConnectEra@Era@@YAXXZ     10001000 f   BattleReplay.obj
 0001:00000340       ?Y_ReplayBattle@@YGHPAVHiHook@@PAU_AdvMgr_@@IPAU_Hero_@@PAU_Army_@@HI23HII@Z 10001340 f   BattleReplay.obj
 0001:00000780       ?Y_Dlg_BattleResults_Create@@YGPAU_Dlg_@@PAVHiHook@@PAU1@PAU_Hero_@@2HHHH@Z 10001780 f   BattleReplay.obj
 0001:000008a0       ?Y_Dlg_BattleResults_Proc@@YGHPAVHiHook@@PAU_DlgMsg_@@@Z 100018a0 f   BattleReplay.obj
 0001:00000900       ?Y_SkipRedrawAdvMap@@YGHPAVLoHook@@PAUHookContext@@@Z 10001900 f   BattleReplay.obj
 0001:00000930       ?Y_AfterBattle_SkipAll@@YGHPAVLoHook@@PAUHookContext@@@Z 10001930 f   BattleReplay.obj
 0001:00000960       ?My_Dlg_BattleResults@@YAXPAU_BattleMgr_@@HHH@Z 10001960 f   BattleReplay.obj
 0001:00000b00       ?Y_BattleMgr_SetWinner@@YGXPAVHiHook@@PAU_BattleMgr_@@H@Z 10001b00 f   BattleReplay.obj
 0001:00000c20       ?HooksInit@@YAXXZ          10001c20 f   BattleReplay.obj
 0001:00000d00       _DllMain@12                10001d00 f   BattleReplay.obj
 0001:00000d80       ??1?$_List_@H@@QAE@XZ      10001d80 f i BattleReplay.obj
 0001:00000d9a       @__security_check_cookie@4 10001d9a f   LIBCMT:secchk.obj
 0001:00000da9       ??0exception@std@@QAE@ABQBD@Z 10001da9 f   LIBCMT:stdexcpt.obj
 0001:00000dfc       ??0exception@std@@QAE@ABV01@@Z 10001dfc f   LIBCMT:stdexcpt.obj
 0001:00000e59       ??1exception@std@@UAE@XZ   10001e59 f   LIBCMT:stdexcpt.obj
 0001:00000e6f       ?what@exception@std@@UBEPBDXZ 10001e6f f   LIBCMT:stdexcpt.obj
 0001:00000e7c       ??_Eexception@std@@UAEPAXI@Z 10001e7c f i LIBCMT:stdexcpt.obj
 0001:00000e7c       ??_Gexception@std@@UAEPAXI@Z 10001e7c f i LIBCMT:stdexcpt.obj
 0001:00000e9d       _free                      10001e9d f   LIBCMT:free.obj
 0001:00000f2b       ??3@YAXPAX@Z               10001f2b f   LIBCMT:delete.obj
 0001:00000f36       ??1type_info@@UAE@XZ       10001f36 f   LIBCMT:typinfo.obj
 0001:00000f46       ??_Etype_info@@UAEPAXI@Z   10001f46 f i LIBCMT:typinfo.obj
 0001:00000f46       ??_Gtype_info@@UAEPAXI@Z   10001f46 f i LIBCMT:typinfo.obj
 0001:00000f67       ??8type_info@@QBE_NABV0@@Z 10001f67 f   LIBCMT:typinfo.obj
 0001:00000f87       __CRT_INIT@12              10001f87 f   LIBCMT:dllcrt0.obj
 0001:000011b2       __DllMainCRTStartup@12     100021b2 f   LIBCMT:dllcrt0.obj
 0001:000011e0       _strlen                    100021e0 f   LIBCMT:strlen.obj
 0001:0000126b       __CxxThrowException@8      1000226b f   LIBCMT:throw.obj
 0001:000012b7       ?_JumpToContinuation@@YGXPAXPAUEHRegistrationNode@@@Z 100022b7 f   LIBCMT:_trnsctrl_.obj
 0001:000012e9       ?_CallMemberFunction2@@YGXPAX00H@Z 100022e9 f   LIBCMT:_trnsctrl_.obj
 0001:000012e9       ?_CallMemberFunction1@@YGXPAX00@Z 100022e9 f   LIBCMT:_trnsctrl_.obj
 0001:000012e9       ?_CallMemberFunction0@@YGXPAX0@Z 100022e9 f   LIBCMT:_trnsctrl_.obj
 0001:000012f0       ?_UnwindNestedFrames@@YGXPAUEHRegistrationNode@@PAUEHExceptionRecord@@@Z 100022f0 f   LIBCMT:_trnsctrl_.obj
 0001:00001344       ___CxxFrameHandler3        10002344 f   LIBCMT:_trnsctrl_.obj
 0001:000013ad       ?_CallSETranslator@@YAHPAUEHExceptionRecord@@PAUEHRegistrationNode@@PAX2PBU_s_FuncInfo@@H1@Z 100023ad f   LIBCMT:_trnsctrl_.obj
 0001:00001523       ?_GetRangeOfTrysToCheck@@YAPBU_s_TryBlockMapEntry@@PBU_s_FuncInfo@@HHPAI1@Z 10002523 f   LIBCMT:_trnsctrl_.obj
 0001:00001598       __CreateFrameInfo          10002598 f   LIBCMT:_trnsctrl_.obj
 0001:000015c4       __IsExceptionObjectToBeDestroyed 100025c4 f   LIBCMT:_trnsctrl_.obj
 0001:000015eb       __FindAndUnlinkFrame       100025eb f   LIBCMT:_trnsctrl_.obj
 0001:0000163d       ?_CallCatchBlock2@@YAPAXPAUEHRegistrationNode@@PBU_s_FuncInfo@@PAXHK@Z 1000263d f   LIBCMT:_trnsctrl_.obj
 0001:0000169d       __EH_prolog3_catch         1000269d f   LIBCMT:ehprolg3.obj
 0001:000016d3       ___report_gsfailure        100026d3 f   LIBCMT:gs_report.obj
 0001:000017e0       _memmove                   100027e0 f   LIBCMT:memmove.obj
 0001:00001b45       __initp_misc_invarg        10002b45 f   LIBCMT:invarg.obj
 0001:00001b54       __invoke_watson            10002b54 f   LIBCMT:invarg.obj
 0001:00001c7c       __invalid_parameter        10002c7c f   LIBCMT:invarg.obj
 0001:00001ca2       __get_errno_from_oserr     10002ca2 f   LIBCMT:dosmap.obj
 0001:00001ce4       __errno                    10002ce4 f   LIBCMT:dosmap.obj
 0001:00001cf7       ___doserrno                10002cf7 f   LIBCMT:dosmap.obj
 0001:00001d0a       __dosmaperr                10002d0a f   LIBCMT:dosmap.obj
 0001:00001d2d       ??0_LocaleUpdate@@QAE@PAUlocaleinfo_struct@@@Z 10002d2d f i LIBCMT:output.obj
 0001:00001db4       _strcpy_s                  10002db4 f   LIBCMT:strcpy_s.obj
 0001:00001e1c       _V6_HeapAlloc              10002e1c f   LIBCMT:malloc.obj
 0001:00001e6b       _malloc                    10002e6b f   LIBCMT:malloc.obj
 0001:00001f35       __heap_init                10002f35 f   LIBCMT:heapinit.obj
 0001:00001f65       __heap_term                10002f65 f   LIBCMT:heapinit.obj
 0001:00001fd9       __mtinitlocks              10002fd9 f   LIBCMT:mlock.obj
 0001:00002024       __mtdeletelocks            10003024 f   LIBCMT:mlock.obj
 0001:0000207b       __unlock                   1000307b f   LIBCMT:mlock.obj
 0001:00002092       __mtinitlocknum            10003092 f   LIBCMT:mlock.obj
 0001:00002155       __lock                     10003155 f   LIBCMT:mlock.obj
 0001:00002188       ___sbh_find_block          10003188 f   LIBCMT:sbheap.obj
 0001:000021b8       ___sbh_free_block          100031b8 f   LIBCMT:sbheap.obj
 0001:000024ce       ___sbh_alloc_new_region    100034ce f   LIBCMT:sbheap.obj
 0001:0000257e       ___sbh_alloc_new_group     1000357e f   LIBCMT:sbheap.obj
 0001:00002686       ___sbh_resize_block        10003686 f   LIBCMT:sbheap.obj
 0001:00002967       ___sbh_alloc_block         10003967 f   LIBCMT:sbheap.obj
 0001:00002c4c       __SEH_prolog4              10003c4c f   LIBCMT:sehprolg4.obj
 0001:00002c91       __SEH_epilog4              10003c91 f   LIBCMT:sehprolg4.obj
 0001:00002cb0       __except_handler4          10003cb0 f   LIBCMT:chandler4.obj
 0001:00002e40       _memset                    10003e40 f   LIBCMT:memset.obj
 0001:00002ec0       _memcpy                    10003ec0 f   LIBCMT:memcpy.obj
 0001:00003225       ?_Type_info_dtor@type_info@@CAXPAV1@@Z 10004225 f   LIBCMT:typname.obj
 0001:000032a0       _strcmp                    100042a0 f   LIBCMT:strcmp.obj
 0001:000033e2       ___onexitinit              100043e2 f   LIBCMT:onexit.obj
 0001:00003413       __onexit                   10004413 f   LIBCMT:onexit.obj
 0001:0000344f       _atexit                    1000444f f   LIBCMT:onexit.obj
 0001:00003466       __initp_heap_handler       10004466 f   LIBCMT:handler.obj
 0001:00003475       __callnewh                 10004475 f   LIBCMT:handler.obj
 0001:0000349d       __encode_pointer           1000449d f   LIBCMT:tidtable.obj
 0001:0000350f       __encoded_null             1000450f f   LIBCMT:tidtable.obj
 0001:00003518       __decode_pointer           10004518 f   LIBCMT:tidtable.obj
 0001:0000358a       ___crtTlsAlloc@4           1000458a f   LIBCMT:tidtable.obj
 0001:00003593       ___set_flsgetvalue         10004593 f   LIBCMT:tidtable.obj
 0001:000035c7       __mtterm                   100045c7 f   LIBCMT:tidtable.obj
 0001:00003604       __initptd                  10004604 f   LIBCMT:tidtable.obj
 0001:000036eb       __getptd_noexit            100046eb f   LIBCMT:tidtable.obj
 0001:00003764       __getptd                   10004764 f   LIBCMT:tidtable.obj
 0001:0000377e       __freefls@4                1000477e f   LIBCMT:tidtable.obj
 0001:000038ad       __freeptd                  100048ad f   LIBCMT:tidtable.obj
 0001:0000391b       __mtinit                   1000491b f   LIBCMT:tidtable.obj
 0001:00003aa8       __malloc_crt               10004aa8 f   LIBCMT:crtheap.obj
 0001:00003aed       __calloc_crt               10004aed f   LIBCMT:crtheap.obj
 0001:00003b39       __realloc_crt              10004b39 f   LIBCMT:crtheap.obj
 0001:00003b87       __crt_waiting_on_module_handle 10004b87 f   LIBCMT:crt0dat.obj
 0001:00003bb7       __amsg_exit                10004bb7 f   LIBCMT:crt0dat.obj
 0001:00003be0       ___crtCorExitProcess       10004be0 f   LIBCMT:crt0dat.obj
 0001:00003c0b       ___crtExitProcess          10004c0b f   LIBCMT:crt0dat.obj
 0001:00003c23       __lockexit                 10004c23 f   LIBCMT:crt0dat.obj
 0001:00003c2c       __unlockexit               10004c2c f   LIBCMT:crt0dat.obj
 0001:00003c52       __initterm_e               10004c52 f   LIBCMT:crt0dat.obj
 0001:00003c76       __cinit                    10004c76 f   LIBCMT:crt0dat.obj
 0001:00003e27       __exit                     10004e27 f   LIBCMT:crt0dat.obj
 0001:00003e3d       __cexit                    10004e3d f   LIBCMT:crt0dat.obj
 0001:00003e4c       __init_pointers            10004e4c f   LIBCMT:crt0dat.obj
 0001:00003e9a       __ioinit                   10004e9a f   LIBCMT:ioinit.obj
 0001:000040ee       __ioterm                   100050ee f   LIBCMT:ioinit.obj
 0001:0000413c       __setenvp                  1000513c f   LIBCMT:stdenvp.obj
 0001:000043b4       __setargv                  100053b4 f   LIBCMT:stdargv.obj
 0001:0000446f       ___crtGetEnvironmentStringsA 1000546f f   LIBCMT:a_env.obj
 0001:000045a6       __RTC_Initialize           100055a6 f   LIBCMT:_initsect_.obj
 0001:000045cc       __RTC_Terminate            100055cc f   LIBCMT:_initsect_.obj
 0001:000045f2       __initp_misc_winxfltr      100055f2 f   LIBCMT:winxfltr.obj
 0001:000045f3       __XcptFilter               100055f3 f   LIBCMT:winxfltr.obj
 0001:00004753       ___CppXcptFilter           10005753 f   LIBCMT:winxfltr.obj
 0001:00004773       ___security_init_cookie    10005773 f   LIBCMT:gs_support.obj
 0001:00004809       ??0bad_exception@std@@QAE@PBD@Z 10005809 f i LIBCMT:frame.obj
 0001:00004827       ??1bad_exception@std@@UAE@XZ 10005827 f i LIBCMT:frame.obj
 0001:00004832       ??_Ebad_exception@std@@UAEPAXI@Z 10005832 f i LIBCMT:frame.obj
 0001:00004832       ??_Gbad_exception@std@@UAEPAXI@Z 10005832 f i LIBCMT:frame.obj
 0001:00004859       ___TypeMatch               10005859 f   LIBCMT:frame.obj
 0001:000048b8       ___FrameUnwindFilter       100058b8 f   LIBCMT:frame.obj
 0001:00004901       ___FrameUnwindToState      10005901 f   LIBCMT:frame.obj
 0001:00004a27       ___DestructExceptionObject 10005a27 f   LIBCMT:frame.obj
 0001:00004a7c       ___AdjustPointer           10005a7c f   LIBCMT:frame.obj
 0001:00004d05       ___BuildCatchObjectHelper  10005d05 f   LIBCMT:frame.obj
 0001:00004e84       ___BuildCatchObject        10005e84 f   LIBCMT:frame.obj
 0001:000053bf       ??0bad_exception@std@@QAE@ABV01@@Z 100063bf f i LIBCMT:frame.obj
 0001:000053dc       ___InternalCxxFrameHandler 100063dc f   LIBCMT:frame.obj
 0001:000054c2       ?terminate@@YAXXZ          100064c2 f   LIBCMT:hooks.obj
 0001:000054fb       ?unexpected@@YAXXZ         100064fb f   LIBCMT:hooks.obj
 0001:0000550e       ?_inconsistency@@YAXXZ     1000650e f   LIBCMT:hooks.obj
 0001:00005546       __initp_eh_hooks           10006546 f   LIBCMT:hooks.obj
 0001:00005560       __CallSettingFrame@12      10006560 f   LIBCMT:lowhelpr.obj
 0001:00005587       __NLG_Return               10006587     LIBCMT:lowhelpr.obj
 0001:000055ac       __crt_debugger_hook        100065ac f   LIBCMT:dbghook.obj
 0001:0000563b       __VEC_memcpy               1000663b f   LIBCMT:p4_memcpy.obj
 0001:0000576e       __get_sse2_info            1000676e f   LIBCMT:cpu_disp.obj
 0001:000057d0       ___sse2_available_init     100067d0 f   LIBCMT:cpu_disp.obj
 0001:000057dd       __lseeki64_nolock          100067dd f   LIBCMT:lseeki64.obj
 0001:00005862       __write_nolock             10006862 f   LIBCMT:write.obj
 0001:00005f95       __write                    10006f95 f   LIBCMT:write.obj
 0001:00006071       __isatty                   10007071 f   LIBCMT:isatty.obj
 0001:000060d5       ___initstdio               100070d5 f   LIBCMT:_file.obj
 0001:00006186       ___endstdio                10007186 f   LIBCMT:_file.obj
 0001:000061a6       __lock_file                100071a6 f   LIBCMT:_file.obj
 0001:000061e7       __lock_file2               100071e7 f   LIBCMT:_file.obj
 0001:00006219       __unlock_file              10007219 f   LIBCMT:_file.obj
 0001:00006255       __unlock_file2             10007255 f   LIBCMT:_file.obj
 0001:00006284       __fileno                   10007284 f   LIBCMT:fileno.obj
 0001:000064dc       ___updatetmbcinfo          100074dc f   LIBCMT:mbctype.obj
 0001:000065fc       __setmbcp_nolock           100075fc f   LIBCMT:mbctype.obj
 0001:000067e1       __setmbcp                  100077e1 f   LIBCMT:mbctype.obj
 0001:0000697b       ___initmbctable            1000797b f   LIBCMT:mbctype.obj
 0001:00006999       ___freetlocinfo            10007999 f   LIBCMT:setlocal.obj
 0001:00006ae2       ___addlocaleref            10007ae2 f   LIBCMT:setlocal.obj
 0001:00006b71       ___removelocaleref         10007b71 f   LIBCMT:setlocal.obj
 0001:00006c48       ___updatetlocinfo          10007c48 f   LIBCMT:setlocal.obj
 0001:00006cbe       __initp_misc_cfltcvt_tab   10007cbe f   LIBCMT:cmiscdat.obj
 0001:00006cdf       __isleadbyte_l             10007cdf f i LIBCMT:_wctype.obj
 0001:00006d17       _isleadbyte                10007d17 f i LIBCMT:_wctype.obj
 0001:00006d30       __aulldvrm                 10007d30 f   LIBCMT:ulldvrm.obj
 0001:00006ff4       _strtol                    10007ff4 f   LIBCMT:strtol.obj
 0001:0000701f       __NMSG_WRITE               1000801f f   LIBCMT:crt0msg.obj
 0001:000071ca       __FF_MSGBANNER             100081ca f   LIBCMT:crt0msg.obj
 0001:00007203       __initp_misc_initcrit      10008203 f   LIBCMT:initcrit.obj
 0001:00007212       ___crtInitCritSecAndSpinCount 10008212 f   LIBCMT:initcrit.obj
 0001:00007274       __local_unwind4            10008274 f   LIBCMT:exsup4.obj
 0001:0000734a       __seh_longjmp_unwind4@4    1000834a f   LIBCMT:exsup4.obj
 0001:00007366       @_EH4_CallFilterFunc@8     10008366 f   LIBCMT:exsup4.obj
 0001:0000737d       @_EH4_TransferToHandler@8  1000837d f   LIBCMT:exsup4.obj
 0001:00007396       @_EH4_GlobalUnwind@4       10008396 f   LIBCMT:exsup4.obj
 0001:000073b0       @_EH4_LocalUnwind@16       100083b0 f   LIBCMT:exsup4.obj
 0001:000073d0       __ValidateImageBase        100083d0 f   LIBCMT:pesect.obj
 0001:00007410       __FindPESection            10008410 f   LIBCMT:pesect.obj
 0001:00007460       __IsNonwritableInCurrentImage 10008460 f   LIBCMT:pesect.obj
 0001:00007574       __VEC_memzero              10008574 f   LIBCMT:p4_memset.obj
 0001:00007603       __msize                    10008603 f   LIBCMT:msize.obj
 0001:000076a6       __calloc_impl              100086a6 f   LIBCMT:calloc_impl.obj
 0001:000077c4       _realloc                   100087c4 f   LIBCMT:realloc.obj
 0001:000079df       __initp_misc_winsig        100089df f   LIBCMT:winsig.obj
 0001:00007a34       ___get_sigabrt             10008a34 f   LIBCMT:winsig.obj
 0001:00007a41       _raise                     10008a41 f   LIBCMT:winsig.obj
 0001:00007bf1       __initp_misc_rand_s        10008bf1 f   LIBCMT:rand_s.obj
 0001:00007c00       __initp_misc_purevirt      10008c00 f   LIBCMT:inithelp.obj
 0001:00007c62       __ismbblead                10008c62 f   LIBCMT:ismbbyte.obj
 0001:00007c7a       ?_ValidateRead@@YAHPBXI@Z  10008c7a f   LIBCMT:validate.obj
 0001:00007c7a       ?_ValidateWrite@@YAHPAXI@Z 10008c7a f   LIBCMT:validate.obj
 0001:00007c7a       ?_ValidateExecute@@YAHP6GHXZ@Z 10008c7a f   LIBCMT:validate.obj
 0001:00007c8c       _abort                     10008c8c f   LIBCMT:abort.obj
 0001:00007da4       __global_unwind2           10008da4 f   LIBCMT:exsup.obj
 0001:00007e09       __local_unwind2            10008e09 f   LIBCMT:exsup.obj
 0001:00007e8d       __abnormal_termination     10008e8d f   LIBCMT:exsup.obj
 0001:00007eb0       __NLG_Notify1              10008eb0 f   LIBCMT:exsup.obj
 0001:00007eb9       __NLG_Notify               10008eb9 f   LIBCMT:exsup.obj
 0001:00007ed0       __NLG_Dispatch2            10008ed0     LIBCMT:exsup.obj
 0001:00007ed0       __NLG_Dispatch             10008ed0     LIBCMT:exsup.obj
 0001:00007ed8       __NLG_Call                 10008ed8 f   LIBCMT:exsup.obj
 0001:00007eda       __NLG_Return2              10008eda     LIBCMT:exsup.obj
 0001:00007edb       __free_osfhnd              10008edb f   LIBCMT:osfinfo.obj
 0001:00007f61       __get_osfhandle            10008f61 f   LIBCMT:osfinfo.obj
 0001:00007fd8       ___lock_fhandle            10008fd8 f   LIBCMT:osfinfo.obj
 0001:00008078       __unlock_fhandle           10009078 f   LIBCMT:osfinfo.obj
 0001:0000809f       __putwch_nolock            1000909f f   LIBCMT:putwch.obj
 0001:00008164       __mbtowc_l                 10009164 f   LIBCMT:mbtowc.obj
 0001:0000827b       _mbtowc                    1000927b f   LIBCMT:mbtowc.obj
 0001:000082a0       __chkstk                   100092a0 f   LIBCMT:chkstk.obj
 0001:000082a0       __alloca_probe             100092a0     LIBCMT:chkstk.obj
 0001:000082cb       __fcloseall                100092cb f   LIBCMT:closeall.obj
 0001:0000836a       __flush                    1000936a f   LIBCMT:fflush.obj
 0001:000083d2       __fflush_nolock            100093d2 f   LIBCMT:fflush.obj
 0001:000084f4       __flushall                 100094f4 f   LIBCMT:fflush.obj
 0001:000084fd       __freea                    100094fd f i LIBCMT:a_map.obj
 0001:000088c2       ___crtLCMapStringA         100098c2 f   LIBCMT:a_map.obj
 0001:00008ac1       ___crtGetStringTypeA       10009ac1 f   LIBCMT:a_str.obj
 0001:00008b03       ___free_lc_time            10009b03 f   LIBCMT:inittime.obj
 0001:00008c98       ___free_lconv_num          10009c98 f   LIBCMT:initnum.obj
 0001:00008cdd       ___free_lconv_mon          10009cdd f   LIBCMT:initmon.obj
 0001:00008d6b       _strcat_s                  10009d6b f   LIBCMT:strcat_s.obj
 0001:00008de0       _strcspn                   10009de0 f   LIBCMT:strcspn.obj
 0001:00008e26       _strncpy_s                 10009e26 f   LIBCMT:strncpy_s.obj
 0001:00008ee0       _strpbrk                   10009ee0 f   LIBCMT:strpbrk.obj
 0001:00008f20       __fptrap                   10009f20 f   LIBCMT:crt0fp.obj
 0001:00008f29       __isctype_l                10009f29 f   LIBCMT:isctype.obj
 0001:00008fe1       ___crtMessageBoxA          10009fe1 f   LIBCMT:crtmbox.obj
 0001:0000914a       __set_error_mode           1000a14a f   LIBCMT:errmode.obj
 0001:000091a0       __allmul                   1000a1a0 f   LIBCMT:llmul.obj
 0001:000091d4       _atol                      1000a1d4 f   LIBCMT:atox.obj
 0001:000091ea       ___initconout              1000a1ea f   LIBCMT:initcon.obj
 0001:00009209       ___termcon                 1000a209 f   LIBCMT:initcon.obj
 0001:00009236       __fclose_nolock            1000a236 f   LIBCMT:fclose.obj
 0001:000092ad       _fclose                    1000a2ad f   LIBCMT:fclose.obj
 0001:00009329       __commit                   1000a329 f   LIBCMT:commit.obj
 0001:0000940a       ___ansicp                  1000a40a f   LIBCMT:convrtcp.obj
 0001:00009453       ___convertcp               1000a453 f   LIBCMT:convrtcp.obj
 0001:00009610       __alloca_probe_16          1000a610 f   LIBCMT:alloca16.obj
 0001:00009626       __alloca_probe_8           1000a626     LIBCMT:alloca16.obj
 0001:0000963c       __close_nolock             1000a63c f   LIBCMT:close.obj
 0001:000096d8       __close                    1000a6d8 f   LIBCMT:close.obj
 0001:000097a5       __freebuf                  1000a7a5 f   LIBCMT:_freebuf.obj
 0001:000097e0       ___ascii_strnicmp          1000a7e0 f   LIBCMT:_strnicm.obj
 0001:00009860       _strchr                    1000a860 f   LIBCMT:strchr.obj
 0001:00009866       ___from_strstr_to_strchr   1000a866     LIBCMT:strchr.obj
 0001:0000991e       _RtlUnwind@16              1000a91e f   kernel32:KERNEL32.dll
 0002:00000000       __imp__GetProcAddress@8    1000b000     kernel32:KERNEL32.dll
 0002:00000004       __imp__LoadLibraryA@4      1000b004     kernel32:KERNEL32.dll
 0002:00000008       __imp__GetLastError@0      1000b008     kernel32:KERNEL32.dll
 0002:0000000c       __imp__HeapFree@12         1000b00c     kernel32:KERNEL32.dll
 0002:00000010       __imp__GetCurrentThreadId@0 1000b010     kernel32:KERNEL32.dll
 0002:00000014       __imp__GetCommandLineA@0   1000b014     kernel32:KERNEL32.dll
 0002:00000018       __imp__RaiseException@16   1000b018     kernel32:KERNEL32.dll
 0002:0000001c       __imp__RtlUnwind@16        1000b01c     kernel32:KERNEL32.dll
 0002:00000020       __imp__TerminateProcess@8  1000b020     kernel32:KERNEL32.dll
 0002:00000024       __imp__GetCurrentProcess@0 1000b024     kernel32:KERNEL32.dll
 0002:00000028       __imp__UnhandledExceptionFilter@4 1000b028     kernel32:KERNEL32.dll
 0002:0000002c       __imp__SetUnhandledExceptionFilter@4 1000b02c     kernel32:KERNEL32.dll
 0002:00000030       __imp__IsDebuggerPresent@0 1000b030     kernel32:KERNEL32.dll
 0002:00000034       __imp__HeapAlloc@12        1000b034     kernel32:KERNEL32.dll
 0002:00000038       __imp__HeapCreate@12       1000b038     kernel32:KERNEL32.dll
 0002:0000003c       __imp__HeapDestroy@4       1000b03c     kernel32:KERNEL32.dll
 0002:00000040       __imp__VirtualFree@12      1000b040     kernel32:KERNEL32.dll
 0002:00000044       __imp__DeleteCriticalSection@4 1000b044     kernel32:KERNEL32.dll
 0002:00000048       __imp__LeaveCriticalSection@4 1000b048     kernel32:KERNEL32.dll
 0002:0000004c       __imp__EnterCriticalSection@4 1000b04c     kernel32:KERNEL32.dll
 0002:00000050       __imp__VirtualAlloc@16     1000b050     kernel32:KERNEL32.dll
 0002:00000054       __imp__HeapReAlloc@16      1000b054     kernel32:KERNEL32.dll
 0002:00000058       __imp__GetModuleHandleW@4  1000b058     kernel32:KERNEL32.dll
 0002:0000005c       __imp__TlsGetValue@4       1000b05c     kernel32:KERNEL32.dll
 0002:00000060       __imp__TlsAlloc@0          1000b060     kernel32:KERNEL32.dll
 0002:00000064       __imp__TlsSetValue@8       1000b064     kernel32:KERNEL32.dll
 0002:00000068       __imp__TlsFree@4           1000b068     kernel32:KERNEL32.dll
 0002:0000006c       __imp__InterlockedIncrement@4 1000b06c     kernel32:KERNEL32.dll
 0002:00000070       __imp__SetLastError@4      1000b070     kernel32:KERNEL32.dll
 0002:00000074       __imp__InterlockedDecrement@4 1000b074     kernel32:KERNEL32.dll
 0002:00000078       __imp__Sleep@4             1000b078     kernel32:KERNEL32.dll
 0002:0000007c       __imp__ExitProcess@4       1000b07c     kernel32:KERNEL32.dll
 0002:00000080       __imp__SetHandleCount@4    1000b080     kernel32:KERNEL32.dll
 0002:00000084       __imp__GetStdHandle@4      1000b084     kernel32:KERNEL32.dll
 0002:00000088       __imp__GetFileType@4       1000b088     kernel32:KERNEL32.dll
 0002:0000008c       __imp__GetStartupInfoA@4   1000b08c     kernel32:KERNEL32.dll
 0002:00000090       __imp__GetModuleFileNameA@12 1000b090     kernel32:KERNEL32.dll
 0002:00000094       __imp__FreeEnvironmentStringsA@4 1000b094     kernel32:KERNEL32.dll
 0002:00000098       __imp__GetEnvironmentStrings@0 1000b098     kernel32:KERNEL32.dll
 0002:0000009c       __imp__FreeEnvironmentStringsW@4 1000b09c     kernel32:KERNEL32.dll
 0002:000000a0       __imp__WideCharToMultiByte@32 1000b0a0     kernel32:KERNEL32.dll
 0002:000000a4       __imp__GetEnvironmentStringsW@0 1000b0a4     kernel32:KERNEL32.dll
 0002:000000a8       __imp__QueryPerformanceCounter@4 1000b0a8     kernel32:KERNEL32.dll
 0002:000000ac       __imp__GetTickCount@0      1000b0ac     kernel32:KERNEL32.dll
 0002:000000b0       __imp__GetCurrentProcessId@0 1000b0b0     kernel32:KERNEL32.dll
 0002:000000b4       __imp__GetSystemTimeAsFileTime@4 1000b0b4     kernel32:KERNEL32.dll
 0002:000000b8       __imp__SetFilePointer@16   1000b0b8     kernel32:KERNEL32.dll
 0002:000000bc       __imp__WriteFile@20        1000b0bc     kernel32:KERNEL32.dll
 0002:000000c0       __imp__GetConsoleCP@0      1000b0c0     kernel32:KERNEL32.dll
 0002:000000c4       __imp__GetConsoleMode@8    1000b0c4     kernel32:KERNEL32.dll
 0002:000000c8       __imp__GetCPInfo@8         1000b0c8     kernel32:KERNEL32.dll
 0002:000000cc       __imp__GetACP@0            1000b0cc     kernel32:KERNEL32.dll
 0002:000000d0       __imp__GetOEMCP@0          1000b0d0     kernel32:KERNEL32.dll
 0002:000000d4       __imp__IsValidCodePage@4   1000b0d4     kernel32:KERNEL32.dll
 0002:000000d8       __imp__InitializeCriticalSectionAndSpinCount@8 1000b0d8     kernel32:KERNEL32.dll
 0002:000000dc       __imp__HeapSize@12         1000b0dc     kernel32:KERNEL32.dll
 0002:000000e0       __imp__SetStdHandle@8      1000b0e0     kernel32:KERNEL32.dll
 0002:000000e4       __imp__WriteConsoleA@20    1000b0e4     kernel32:KERNEL32.dll
 0002:000000e8       __imp__GetConsoleOutputCP@0 1000b0e8     kernel32:KERNEL32.dll
 0002:000000ec       __imp__WriteConsoleW@20    1000b0ec     kernel32:KERNEL32.dll
 0002:000000f0       __imp__MultiByteToWideChar@24 1000b0f0     kernel32:KERNEL32.dll
 0002:000000f4       __imp__LCMapStringA@24     1000b0f4     kernel32:KERNEL32.dll
 0002:000000f8       __imp__LCMapStringW@24     1000b0f8     kernel32:KERNEL32.dll
 0002:000000fc       __imp__GetStringTypeA@20   1000b0fc     kernel32:KERNEL32.dll
 0002:00000100       __imp__GetStringTypeW@16   1000b100     kernel32:KERNEL32.dll
 0002:00000104       __imp__GetLocaleInfoA@16   1000b104     kernel32:KERNEL32.dll
 0002:00000108       __imp__CreateFileA@28      1000b108     kernel32:KERNEL32.dll
 0002:0000010c       __imp__CloseHandle@4       1000b10c     kernel32:KERNEL32.dll
 0002:00000110       __imp__FlushFileBuffers@4  1000b110     kernel32:KERNEL32.dll
 0002:00000114       \177KERNEL32_NULL_THUNK_DATA 1000b114     kernel32:KERNEL32.dll
 0002:00000118       ___xc_a                    1000b118     LIBCMT:crt0init.obj
 0002:0000011c       ___xc_z                    1000b11c     LIBCMT:crt0init.obj
 0002:00000120       ___xi_a                    1000b120     LIBCMT:crt0init.obj
 0002:00000134       ___xi_z                    1000b134     LIBCMT:crt0init.obj
 0002:00000138       ___xp_a                    1000b138     LIBCMT:crt0init.obj
 0002:00000144       ___xp_z                    1000b144     LIBCMT:crt0init.obj
 0002:00000148       ___xt_a                    1000b148     LIBCMT:crt0init.obj
 0002:0000014c       ___xt_z                    1000b14c     LIBCMT:crt0init.obj
 0002:00000170       ??_7exception@std@@6B@     1000b170     LIBCMT:stdexcpt.obj
 0002:00000178       ??_C@_0BC@EOODALEL@Unknown?5exception?$AA@ 1000b178     LIBCMT:stdexcpt.obj
 0002:00000190       ??_7type_info@@6B@         1000b190     LIBCMT:typinfo.obj
 0002:00000194       __pRawDllMain              1000b194     LIBCMT:dllcrt0.obj
 0002:00000194       __pDefaultRawDllMain       1000b194     LIBCMT:dllcrt0.obj
 0002:000001c0       ??_C@_1O@CEDCILHN@?$AA?$CI?$AAn?$AAu?$AAl?$AAl?$AA?$CJ?$AA?$AA@ 1000b1c0     LIBCMT:output.obj
 0002:000001d0       ??_C@_06OJHGLDPL@?$CInull?$CJ?$AA@ 1000b1d0     LIBCMT:output.obj
 0002:000001d8       ___lookuptable             1000b1d8     LIBCMT:output.obj
 0002:00000234       ??_C@_0O@NLDKAIKN@EncodePointer?$AA@ 1000b234     LIBCMT:tidtable.obj
 0002:00000244       ??_C@_1BK@DBDEIDLH@?$AAK?$AAE?$AAR?$AAN?$AAE?$AAL?$AA3?$AA2?$AA?4?$AAD?$AAL?$AAL?$AA?$AA@ 1000b244     LIBCMT:tidtable.obj
 0002:00000260       ??_C@_0O@KBPMFGHI@DecodePointer?$AA@ 1000b260     LIBCMT:tidtable.obj
 0002:00000270       ??_C@_07PEJMOBNF@FlsFree?$AA@ 1000b270     LIBCMT:tidtable.obj
 0002:00000278       ??_C@_0M@JCPCPOEF@FlsSetValue?$AA@ 1000b278     LIBCMT:tidtable.obj
 0002:00000284       ??_C@_0M@GDNOONDI@FlsGetValue?$AA@ 1000b284     LIBCMT:tidtable.obj
 0002:00000290       ??_C@_08KNHFBNJ@FlsAlloc?$AA@ 1000b290     LIBCMT:tidtable.obj
 0002:0000029c       ??_C@_0P@MIGLKIOC@CorExitProcess?$AA@ 1000b29c     LIBCMT:crt0dat.obj
 0002:000002ac       ??_C@_1BI@BGOHAHKC@?$AAm?$AAs?$AAc?$AAo?$AAr?$AAe?$AAe?$AA?4?$AAd?$AAl?$AAl?$AA?$AA@ 1000b2ac     LIBCMT:crt0dat.obj
 0002:000002c8       __XcptActTab               1000b2c8     LIBCMT:winxfltr.obj
 0002:00000340       __pDestructExceptionObject 1000b340     LIBCMT:frame.obj
 0002:00000348       ??_7bad_exception@std@@6B@ 1000b348     LIBCMT:frame.obj
 0002:00000350       ??_C@_0O@DPKOEFFH@bad?5exception?$AA@ 1000b350     LIBCMT:frame.obj
 0002:000003e0       ??_C@_01NEMOKFLO@?$DN?$AA@ 1000b3e0     LIBCMT:setlocal.obj
 0002:000003e8       ___lookuptable_s           1000b3e8     LIBCMT:outputs.obj
 0002:00000444       ??_C@_0P@GGKDKEEG@runtime?5error?5?$AA@ 1000b444     LIBCMT:crt0msg.obj
 0002:00000454       ??_C@_02PCIJFNDE@?$AN?6?$AA@ 1000b454     LIBCMT:crt0msg.obj
 0002:00000458       ??_C@_0O@MJNIPGOH@TLOSS?5error?$AN?6?$AA@ 1000b458     LIBCMT:crt0msg.obj
 0002:00000468       ??_C@_0N@BONNPDHF@SING?5error?$AN?6?$AA@ 1000b468     LIBCMT:crt0msg.obj
 0002:00000478       ??_C@_0P@MBDAJNE@DOMAIN?5error?$AN?6?$AA@ 1000b478     LIBCMT:crt0msg.obj
 0002:00000488       ??_C@_0JL@DFDOOABL@R6034?$AN?6An?5application?5has?5made?5a@ 1000b488     LIBCMT:crt0msg.obj
 0002:00000528       ??_C@_0PH@EPAFIJ@R6033?$AN?6?9?5Attempt?5to?5use?5MSIL?5cod@ 1000b528     LIBCMT:crt0msg.obj
 0002:00000620       ??_C@_0DD@BKEEABMM@R6032?$AN?6?9?5not?5enough?5space?5for?5lo@ 1000b620     LIBCMT:crt0msg.obj
 0002:00000658       ??_C@_0GD@OFKILIED@R6031?$AN?6?9?5Attempt?5to?5initialize?5t@ 1000b658     LIBCMT:crt0msg.obj
 0002:000006bc       ??_C@_0BP@LPMHJOKI@R6030?$AN?6?9?5CRT?5not?5initialized?$AN?6?$AA@ 1000b6bc     LIBCMT:crt0msg.obj
 0002:000006dc       ??_C@_0CF@KJDAIALP@R6028?$AN?6?9?5unable?5to?5initialize?5he@ 1000b6dc     LIBCMT:crt0msg.obj
 0002:00000704       ??_C@_0DF@GAKBPDFP@R6027?$AN?6?9?5not?5enough?5space?5for?5lo@ 1000b704     LIBCMT:crt0msg.obj
 0002:0000073c       ??_C@_0DF@IBLNNAIG@R6026?$AN?6?9?5not?5enough?5space?5for?5st@ 1000b73c     LIBCMT:crt0msg.obj
 0002:00000774       ??_C@_0CG@IOHKGFNJ@R6025?$AN?6?9?5pure?5virtual?5function?5c@ 1000b774     LIBCMT:crt0msg.obj
 0002:0000079c       ??_C@_0DF@JIJJFJDC@R6024?$AN?6?9?5not?5enough?5space?5for?5_o@ 1000b79c     LIBCMT:crt0msg.obj
 0002:000007d4       ??_C@_0CJ@EGEJHFME@R6019?$AN?6?9?5unable?5to?5open?5console?5@ 1000b7d4     LIBCMT:crt0msg.obj
 0002:00000800       ??_C@_0CB@GNHNIELH@R6018?$AN?6?9?5unexpected?5heap?5error?$AN?6@ 1000b800     LIBCMT:crt0msg.obj
 0002:00000824       ??_C@_0CN@FOLDKNG@R6017?$AN?6?9?5unexpected?5multithread?5@ 1000b824     LIBCMT:crt0msg.obj
 0002:00000854       ??_C@_0CM@FAHFJNHO@R6016?$AN?6?9?5not?5enough?5space?5for?5th@ 1000b854     LIBCMT:crt0msg.obj
 0002:00000880       ??_C@_0JG@LBKMGKLD@?$AN?6This?5application?5has?5requested@ 1000b880     LIBCMT:crt0msg.obj
 0002:00000918       ??_C@_0CM@FLCNIPKK@R6009?$AN?6?9?5not?5enough?5space?5for?5en@ 1000b918     LIBCMT:crt0msg.obj
 0002:00000944       ??_C@_0CK@KMMJOAPP@R6008?$AN?6?9?5not?5enough?5space?5for?5ar@ 1000b944     LIBCMT:crt0msg.obj
 0002:00000970       ??_C@_0CN@LEKKICBM@R6002?$AN?6?9?5floating?5point?5support?5@ 1000b970     LIBCMT:crt0msg.obj
 0002:000009a0       ??_C@_0CF@GOGNBNAK@Microsoft?5Visual?5C?$CL?$CL?5Runtime?5Lib@ 1000b9a0     LIBCMT:crt0msg.obj
 0002:000009c8       ??_C@_02PHMGELLB@?6?6?$AA@ 1000b9c8     LIBCMT:crt0msg.obj
 0002:000009cc       ??_C@_03KHICJKCI@?4?4?4?$AA@ 1000b9cc     LIBCMT:crt0msg.obj
 0002:000009d0       ??_C@_0BH@DNAGHKFM@?$DMprogram?5name?5unknown?$DO?$AA@ 1000b9d0     LIBCMT:crt0msg.obj
 0002:000009e8       ??_C@_0BK@OFGJDLJJ@Runtime?5Error?$CB?6?6Program?3?5?$AA@ 1000b9e8     LIBCMT:crt0msg.obj
 0002:00000a04       ??_C@_0BK@CFCOFLF@?5Complete?5Object?5Locator?8?$AA@ 1000ba04     LIBCMT:undname.obj
 0002:00000a20       ??_C@_0BN@MECKDCOJ@?5Class?5Hierarchy?5Descriptor?8?$AA@ 1000ba20     LIBCMT:undname.obj
 0002:00000a40       ??_C@_0BD@LGICGFMM@?5Base?5Class?5Array?8?$AA@ 1000ba40     LIBCMT:undname.obj
 0002:00000a54       ??_C@_0BM@LDKODKLH@?5Base?5Class?5Descriptor?5at?5?$CI?$AA@ 1000ba54     LIBCMT:undname.obj
 0002:00000a70       ??_C@_0BC@DAFEJGAK@?5Type?5Descriptor?8?$AA@ 1000ba70     LIBCMT:undname.obj
 0002:00000a84       ??_C@_0BM@PMGGMLDN@?$GAlocal?5static?5thread?5guard?8?$AA@ 1000ba84     LIBCMT:undname.obj
 0002:00000aa0       ??_C@_0CL@FGIJHLCE@?$GAmanaged?5vector?5copy?5constructor@ 1000baa0     LIBCMT:undname.obj
 0002:00000acc       ??_C@_0CJ@GJELGAMM@?$GAvector?5vbase?5copy?5constructor?5i@ 1000bacc     LIBCMT:undname.obj
 0002:00000af8       ??_C@_0CD@CGAJBKEJ@?$GAvector?5copy?5constructor?5iterato@ 1000baf8     LIBCMT:undname.obj
 0002:00000b1c       ??_C@_0CB@PDBIFEP@?$GAdynamic?5atexit?5destructor?5for?5?8@ 1000bb1c     LIBCMT:undname.obj
 0002:00000b40       ??_C@_0BL@CLIPGLGB@?$GAdynamic?5initializer?5for?5?8?$AA@ 1000bb40     LIBCMT:undname.obj
 0002:00000b5c       ??_C@_0CM@FCBBDIGB@?$GAeh?5vector?5vbase?5copy?5constructo@ 1000bb5c     LIBCMT:undname.obj
 0002:00000b88       ??_C@_0CG@HLDDJMAG@?$GAeh?5vector?5copy?5constructor?5iter@ 1000bb88     LIBCMT:undname.obj
 0002:00000bb0       ??_C@_0CF@IMGKMJNO@?$GAmanaged?5vector?5destructor?5itera@ 1000bbb0     LIBCMT:undname.obj
 0002:00000bd8       ??_C@_0CG@CFDHKGGD@?$GAmanaged?5vector?5constructor?5iter@ 1000bbd8     LIBCMT:undname.obj
 0002:00000c00       ??_C@_0BN@CKNJLHMB@?$GAplacement?5delete?$FL?$FN?5closure?8?$AA@ 1000bc00     LIBCMT:undname.obj
 0002:00000c20       ??_C@_0BL@CNOONJFP@?$GAplacement?5delete?5closure?8?$AA@ 1000bc20     LIBCMT:undname.obj
 0002:00000c3c       ??_C@_0P@HJKNJFNN@?$GAomni?5callsig?8?$AA@ 1000bc3c     LIBCMT:undname.obj
 0002:00000c4c       ??_C@_09LBNFPBCA@?5delete?$FL?$FN?$AA@ 1000bc4c     LIBCMT:undname.obj
 0002:00000c58       ??_C@_06FHBGPFGH@?5new?$FL?$FN?$AA@ 1000bc58     LIBCMT:undname.obj
 0002:00000c60       ??_C@_0CE@IIHCMGGL@?$GAlocal?5vftable?5constructor?5closu@ 1000bc60     LIBCMT:undname.obj
 0002:00000c84       ??_C@_0BA@KKLDJDLB@?$GAlocal?5vftable?8?$AA@ 1000bc84     LIBCMT:undname.obj
 0002:00000c94       ??_C@_05KHLCHHI@?$GARTTI?$AA@ 1000bc94     LIBCMT:undname.obj
 0002:00000c9c       ??_C@_03KLGMFNMG@?$GAEH?$AA@ 1000bc9c     LIBCMT:undname.obj
 0002:00000ca0       ??_C@_0BA@KBCDOMBN@?$GAudt?5returning?8?$AA@ 1000bca0     LIBCMT:undname.obj
 0002:00000cb0       ??_C@_0BL@LLKPOHJI@?$GAcopy?5constructor?5closure?8?$AA@ 1000bcb0     LIBCMT:undname.obj
 0002:00000ccc       ??_C@_0CH@OOJPLCPH@?$GAeh?5vector?5vbase?5constructor?5ite@ 1000bccc     LIBCMT:undname.obj
 0002:00000cf4       ??_C@_0CA@GCEOPDGL@?$GAeh?5vector?5destructor?5iterator?8?$AA@ 1000bcf4     LIBCMT:undname.obj
 0002:00000d14       ??_C@_0CB@JONCMFFK@?$GAeh?5vector?5constructor?5iterator?8@ 1000bd14     LIBCMT:undname.obj
 0002:00000d38       ??_C@_0BL@NILFHHPC@?$GAvirtual?5displacement?5map?8?$AA@ 1000bd38     LIBCMT:undname.obj
 0002:00000d54       ??_C@_0CE@IKBNEHA@?$GAvector?5vbase?5constructor?5iterat@ 1000bd54     LIBCMT:undname.obj
 0002:00000d78       ??_C@_0BN@LFPFMEDL@?$GAvector?5destructor?5iterator?8?$AA@ 1000bd78     LIBCMT:undname.obj
 0002:00000d98       ??_C@_0BO@PFGOCPJJ@?$GAvector?5constructor?5iterator?8?$AA@ 1000bd98     LIBCMT:undname.obj
 0002:00000db8       ??_C@_0BN@IMDCHIKM@?$GAscalar?5deleting?5destructor?8?$AA@ 1000bdb8     LIBCMT:undname.obj
 0002:00000dd8       ??_C@_0BO@OBMKPJIG@?$GAdefault?5constructor?5closure?8?$AA@ 1000bdd8     LIBCMT:undname.obj
 0002:00000df8       ??_C@_0BN@DEGPLNFK@?$GAvector?5deleting?5destructor?8?$AA@ 1000bdf8     LIBCMT:undname.obj
 0002:00000e18       ??_C@_0BD@JDLKDPAB@?$GAvbase?5destructor?8?$AA@ 1000be18     LIBCMT:undname.obj
 0002:00000e2c       ??_C@_08OBABFOLI@?$GAstring?8?$AA@ 1000be2c     LIBCMT:undname.obj
 0002:00000e38       ??_C@_0BF@KDPPACIK@?$GAlocal?5static?5guard?8?$AA@ 1000be38     LIBCMT:undname.obj
 0002:00000e50       ??_C@_08LLFFHHDJ@?$GAtypeof?8?$AA@ 1000be50     LIBCMT:undname.obj
 0002:00000e5c       ??_C@_07FEEIOKP@?$GAvcall?8?$AA@ 1000be5c     LIBCMT:undname.obj
 0002:00000e64       ??_C@_09BLBHBJP@?$GAvbtable?8?$AA@ 1000be64     LIBCMT:undname.obj
 0002:00000e70       ??_C@_09IFPLHPGF@?$GAvftable?8?$AA@ 1000be70     LIBCMT:undname.obj
 0002:00000e7c       ??_C@_02MHEGNOJ@?$FO?$DN?$AA@ 1000be7c     LIBCMT:undname.obj
 0002:00000e80       ??_C@_02DHLNPPGH@?$HM?$DN?$AA@ 1000be80     LIBCMT:undname.obj
 0002:00000e84       ??_C@_02FGJGFEAB@?$CG?$DN?$AA@ 1000be84     LIBCMT:undname.obj
 0002:00000e88       ??_C@_03CDNPDDLA@?$DM?$DM?$DN?$AA@ 1000be88     LIBCMT:undname.obj
 0002:00000e8c       ??_C@_03IKFCCPFF@?$DO?$DO?$DN?$AA@ 1000be8c     LIBCMT:undname.obj
 0002:00000e90       ??_C@_02FENAOKFI@?$CF?$DN?$AA@ 1000be90     LIBCMT:undname.obj
 0002:00000e94       ??_C@_02FJEHGPIO@?1?$DN?$AA@ 1000be94     LIBCMT:undname.obj
 0002:00000e98       ??_C@_02FKMDLLOA@?9?$DN?$AA@ 1000be98     LIBCMT:undname.obj
 0002:00000e9c       ??_C@_02FOEOMHFC@?$CL?$DN?$AA@ 1000be9c     LIBCMT:undname.obj
 0002:00000ea0       ??_C@_02FPIMKNGF@?$CK?$DN?$AA@ 1000bea0     LIBCMT:undname.obj
 0002:00000ea4       ??_C@_02NONPIBCD@?$HM?$HM?$AA@ 1000bea4     LIBCMT:undname.obj
 0002:00000ea8       ??_C@_02PPKAJPJL@?$CG?$CG?$AA@ 1000bea8     LIBCMT:undname.obj
 0002:00000eac       ??_C@_01DNKMNLPK@?$HM?$AA@ 1000beac     LIBCMT:undname.obj
 0002:00000eb0       ??_C@_01JKBOJNNK@?$FO?$AA@ 1000beb0     LIBCMT:undname.obj
 0002:00000eb4       ??_C@_01PJKLJHI@?$HO?$AA@  1000beb4     LIBCMT:undname.obj
 0002:00000eb8       ??_C@_02HCKGKOFO@?$CI?$CJ?$AA@ 1000beb8     LIBCMT:undname.obj
 0002:00000ebc       ??_C@_01IHBHIGKO@?0?$AA@   1000bebc     LIBCMT:undname.obj
 0002:00000ec0       ??_C@_02EEKDKGMJ@?$DO?$DN?$AA@ 1000bec0     LIBCMT:undname.obj
 0002:00000ec4       ??_C@_01PPODPGHN@?$DO?$AA@ 1000bec4     LIBCMT:undname.obj
 0002:00000ec8       ??_C@_02EHCHHCKH@?$DM?$DN?$AA@ 1000bec8     LIBCMT:undname.obj
 0002:00000ecc       ??_C@_01MNNFJEPP@?$DM?$AA@ 1000becc     LIBCMT:undname.obj
 0002:00000ed0       ??_C@_01FGNFDNOH@?$CF?$AA@ 1000bed0     LIBCMT:undname.obj
 0002:00000ed4       ??_C@_01KMDKNFGN@?1?$AA@   1000bed4     LIBCMT:undname.obj
 0002:00000ed8       ??_C@_03MNHNFDLC@?9?$DO?$CK?$AA@ 1000bed8     LIBCMT:undname.obj
 0002:00000edc       ??_C@_01HNPIGOCE@?$CG?$AA@ 1000bedc     LIBCMT:undname.obj
 0002:00000ee0       ??_C@_01MIFGBAGJ@?$CL?$AA@ 1000bee0     LIBCMT:undname.obj
 0002:00000ee4       ??_C@_01JOAMLHOP@?9?$AA@   1000bee4     LIBCMT:undname.obj
 0002:00000ee8       ??_C@_02BAABKJLB@?9?9?$AA@ 1000bee8     LIBCMT:undname.obj
 0002:00000eec       ??_C@_02ECNGHCIF@?$CL?$CL?$AA@ 1000beec     LIBCMT:undname.obj
 0002:00000ef0       ??_C@_01NBENCBCI@?$CK?$AA@ 1000bef0     LIBCMT:undname.obj
 0002:00000ef4       ??_C@_02HBOOOICD@?9?$DO?$AA@ 1000bef4     LIBCMT:undname.obj
 0002:00000ef8       ??_C@_08LHJFAFGD@operator?$AA@ 1000bef8     LIBCMT:undname.obj
 0002:00000f04       ??_C@_02GPECMEKF@?$FL?$FN?$AA@ 1000bf04     LIBCMT:undname.obj
 0002:00000f08       ??_C@_02FDNJECIE@?$CB?$DN?$AA@ 1000bf08     LIBCMT:undname.obj
 0002:00000f0c       ??_C@_02EGOFBIJA@?$DN?$DN?$AA@ 1000bf0c     LIBCMT:undname.obj
 0002:00000f10       ??_C@_01DCLJPIOD@?$CB?$AA@ 1000bf10     LIBCMT:undname.obj
 0002:00000f14       ??_C@_02FODMEDOG@?$DM?$DM?$AA@ 1000bf14     LIBCMT:undname.obj
 0002:00000f18       ??_C@_02GPIOPFAK@?$DO?$DO?$AA@ 1000bf18     LIBCMT:undname.obj
 0002:00000f1c       ??_C@_07FPCDHGMM@?5delete?$AA@ 1000bf1c     LIBCMT:undname.obj
 0002:00000f24       ??_C@_04NIHEBCM@?5new?$AA@ 1000bf24     LIBCMT:undname.obj
 0002:00000f2c       ??_C@_0M@GFIIJFMG@__unaligned?$AA@ 1000bf2c     LIBCMT:undname.obj
 0002:00000f38       ??_C@_0L@PILCLIHE@__restrict?$AA@ 1000bf38     LIBCMT:undname.obj
 0002:00000f44       ??_C@_07JOMMBBKO@__ptr64?$AA@ 1000bf44     LIBCMT:undname.obj
 0002:00000f4c       ??_C@_09HIJEGCPM@__clrcall?$AA@ 1000bf4c     LIBCMT:undname.obj
 0002:00000f58       ??_C@_0L@JMKHOMEK@__fastcall?$AA@ 1000bf58     LIBCMT:undname.obj
 0002:00000f64       ??_C@_0L@NPHFGOKO@__thiscall?$AA@ 1000bf64     LIBCMT:undname.obj
 0002:00000f70       ??_C@_09IFJBGAPI@__stdcall?$AA@ 1000bf70     LIBCMT:undname.obj
 0002:00000f7c       ??_C@_08GHMPAG@__pascal?$AA@ 1000bf7c     LIBCMT:undname.obj
 0002:00000f88       ??_C@_07KOLFKCDI@__cdecl?$AA@ 1000bf88     LIBCMT:undname.obj
 0002:00000f90       ??_C@_08EHJDFFNH@__based?$CI?$AA@ 1000bf90     LIBCMT:undname.obj
 0002:00001120       ??_C@_13NOLLCAOD@?$AA?$AA?$AA?$AA@ 1000c120     LIBCMT:a_map.obj
 0002:00001128       ___newctype                1000c128     LIBCMT:ctype.obj
 0002:00001428       __wctype                   1000c428     LIBCMT:ctype.obj
 0002:00001630       ___newclmap                1000c630     LIBCMT:ctype.obj
 0002:000017b0       ___newcumap                1000c7b0     LIBCMT:ctype.obj
 0002:00001930       ??_C@_08JCCMCCIL@HH?3mm?3ss?$AA@ 1000c930     LIBCMT:strftime.obj
 0002:0000193c       ??_C@_0BE@CKGJFCPC@dddd?0?5MMMM?5dd?0?5yyyy?$AA@ 1000c93c     LIBCMT:strftime.obj
 0002:00001950       ??_C@_08BPBNCDIB@MM?1dd?1yy?$AA@ 1000c950     LIBCMT:strftime.obj
 0002:0000195c       ??_C@_02CJNFDJBF@PM?$AA@   1000c95c     LIBCMT:strftime.obj
 0002:00001960       ??_C@_02DEDBPAFC@AM?$AA@   1000c960     LIBCMT:strftime.obj
 0002:00001964       ??_C@_08EDHMEBNP@December?$AA@ 1000c964     LIBCMT:strftime.obj
 0002:00001970       ??_C@_08HCHEGEOA@November?$AA@ 1000c970     LIBCMT:strftime.obj
 0002:0000197c       ??_C@_07JJNFCEND@October?$AA@ 1000c97c     LIBCMT:strftime.obj
 0002:00001984       ??_C@_09BHHEALKD@September?$AA@ 1000c984     LIBCMT:strftime.obj
 0002:00001990       ??_C@_06LBBHFDDG@August?$AA@ 1000c990     LIBCMT:strftime.obj
 0002:00001998       ??_C@_04MIEPOIFP@July?$AA@ 1000c998     LIBCMT:strftime.obj
 0002:000019a0       ??_C@_04CNLMGBGM@June?$AA@ 1000c9a0     LIBCMT:strftime.obj
 0002:000019a8       ??_C@_05DMJDNLEJ@April?$AA@ 1000c9a8     LIBCMT:strftime.obj
 0002:000019b0       ??_C@_05HPCKOFNC@March?$AA@ 1000c9b0     LIBCMT:strftime.obj
 0002:000019b8       ??_C@_08GNJGEPFN@February?$AA@ 1000c9b8     LIBCMT:strftime.obj
 0002:000019c4       ??_C@_07CGJPFGJA@January?$AA@ 1000c9c4     LIBCMT:strftime.obj
 0002:000019cc       ??_C@_03MKABNOCG@Dec?$AA@  1000c9cc     LIBCMT:strftime.obj
 0002:000019d0       ??_C@_03JPJOFNIA@Nov?$AA@  1000c9d0     LIBCMT:strftime.obj
 0002:000019d4       ??_C@_03BMAOKBAD@Oct?$AA@  1000c9d4     LIBCMT:strftime.obj
 0002:000019d8       ??_C@_03GGCAPAJC@Sep?$AA@  1000c9d8     LIBCMT:strftime.obj
 0002:000019dc       ??_C@_03IFJFEIGA@Aug?$AA@  1000c9dc     LIBCMT:strftime.obj
 0002:000019e0       ??_C@_03LBGABGKK@Jul?$AA@  1000c9e0     LIBCMT:strftime.obj
 0002:000019e4       ??_C@_03IDFGHECI@Jun?$AA@  1000c9e4     LIBCMT:strftime.obj
 0002:000019e8       ??_C@_03CNMDKL@May?$AA@    1000c9e8     LIBCMT:strftime.obj
 0002:000019ec       ??_C@_03LEOLGMJP@Apr?$AA@  1000c9ec     LIBCMT:strftime.obj
 0002:000019f0       ??_C@_03ODNJBKGA@Mar?$AA@  1000c9f0     LIBCMT:strftime.obj
 0002:000019f4       ??_C@_03HJBDCHOM@Feb?$AA@  1000c9f4     LIBCMT:strftime.obj
 0002:000019f8       ??_C@_03JIHJHPIE@Jan?$AA@  1000c9f8     LIBCMT:strftime.obj
 0002:000019fc       ??_C@_08INBOOONO@Saturday?$AA@ 1000c9fc     LIBCMT:strftime.obj
 0002:00001a08       ??_C@_06JECMNKMI@Friday?$AA@ 1000ca08     LIBCMT:strftime.obj
 0002:00001a10       ??_C@_08HACCIKIA@Thursday?$AA@ 1000ca10     LIBCMT:strftime.obj
 0002:00001a1c       ??_C@_09DLIGFAKA@Wednesday?$AA@ 1000ca1c     LIBCMT:strftime.obj
 0002:00001a28       ??_C@_07BAAGCFCM@Tuesday?$AA@ 1000ca28     LIBCMT:strftime.obj
 0002:00001a30       ??_C@_06JLEDEDGH@Monday?$AA@ 1000ca30     LIBCMT:strftime.obj
 0002:00001a38       ??_C@_06OOPIFAJ@Sunday?$AA@ 1000ca38     LIBCMT:strftime.obj
 0002:00001a40       ??_C@_03FEFJNEK@Sat?$AA@   1000ca40     LIBCMT:strftime.obj
 0002:00001a44       ??_C@_03IDIOELNC@Fri?$AA@  1000ca44     LIBCMT:strftime.obj
 0002:00001a48       ??_C@_03IOFIKPDN@Thu?$AA@  1000ca48     LIBCMT:strftime.obj
 0002:00001a4c       ??_C@_03MHOMLAJA@Wed?$AA@  1000ca4c     LIBCMT:strftime.obj
 0002:00001a50       ??_C@_03NAGEINEP@Tue?$AA@  1000ca50     LIBCMT:strftime.obj
 0002:00001a54       ??_C@_03PDAGKDH@Mon?$AA@   1000ca54     LIBCMT:strftime.obj
 0002:00001a58       ??_C@_03KOEHGMDN@Sun?$AA@  1000ca58     LIBCMT:strftime.obj
 0002:00001a5c       ??_C@_0BI@DFKBFLJE@GetProcessWindowStation?$AA@ 1000ca5c     LIBCMT:crtmbox.obj
 0002:00001a74       ??_C@_0BK@CIDNPOGP@GetUserObjectInformationA?$AA@ 1000ca74     LIBCMT:crtmbox.obj
 0002:00001a90       ??_C@_0BD@HHGDFDBJ@GetLastActivePopup?$AA@ 1000ca90     LIBCMT:crtmbox.obj
 0002:00001aa4       ??_C@_0BA@HNOPNCHB@GetActiveWindow?$AA@ 1000caa4     LIBCMT:crtmbox.obj
 0002:00001ab4       ??_C@_0M@CHKKJDAI@MessageBoxA?$AA@ 1000cab4     LIBCMT:crtmbox.obj
 0002:00001ac0       ??_C@_0L@NDEGIDAG@USER32?4DLL?$AA@ 1000cac0     LIBCMT:crtmbox.obj
 0002:00001acc       ??_C@_07GPDNMNG@CONOUT$?$AA@ 1000cacc     LIBCMT:initcon.obj
 0002:00001ad4       ___dnames                  1000cad4     LIBCMT:timeset.obj
 0002:00001aec       ___mnames                  1000caec     LIBCMT:timeset.obj
 0002:00001b14       ??_C@_0P@GHFPNOJB@bad?5allocation?$AA@ 1000cb14     BattleReplay.obj
 0002:00001b24       ??_C@_0BA@FDLNIKIG@patcher_x86?4dll?$AA@ 1000cb24     BattleReplay.obj
 0002:00001b34       ??_C@_0BB@CKHJKIEB@_GetPatcherX86?$EA0?$AA@ 1000cb34     BattleReplay.obj
 0002:00001b45       ??_C@_00CNPNBAHC@?$AA@     1000cb45     BattleReplay.obj
 0002:00001b48       ??_C@_09IIFHEAOO@angel?4dll?$AA@ 1000cb48     BattleReplay.obj
 0002:00001b54       ??_C@_0M@BFOAAPGP@EventParams?$AA@ 1000cb54     BattleReplay.obj
 0002:00001b60       ??_C@_0BD@KPOAIKLJ@RestoreEventParams?$AA@ 1000cb60     BattleReplay.obj
 0002:00001b74       ??_C@_0BA@JJKLPBHG@SaveEventParams?$AA@ 1000cb74     BattleReplay.obj
 0002:00001b84       ??_C@_07PILJHEGK@era?4dll?$AA@ 1000cb84     BattleReplay.obj
 0002:00001b8c       ??_C@_02EOEPPNBF@tr?$AA@   1000cb8c     BattleReplay.obj
 0002:00001b90       ??_C@_07HCDNKGPA@ApiHook?$AA@ 1000cb90     BattleReplay.obj
 0002:00001b98       ??_C@_0BB@NFICFMFA@ClearAllIniCache?$AA@ 1000cb98     BattleReplay.obj
 0002:00001bac       ??_C@_0O@KHPPEFLJ@ClearIniCache?$AA@ 1000cbac     BattleReplay.obj
 0002:00001bbc       ??_C@_0L@GHCNBJIK@ExecErmCmd?$AA@ 1000cbbc     BattleReplay.obj
 0002:00001bc8       ??_C@_0L@BBNMEHJH@ExtractErm?$AA@ 1000cbc8     BattleReplay.obj
 0002:00001bd4       ??_C@_0L@CKILDBJC@FatalError?$AA@ 1000cbd4     BattleReplay.obj
 0002:00001be0       ??_C@_0N@HFGMKLEN@FireErmEvent?$AA@ 1000cbe0     BattleReplay.obj
 0002:00001bf0       ??_C@_09GEAPPBGH@FireEvent?$AA@ 1000cbf0     BattleReplay.obj
 0002:00001bfc       ??_C@_0M@KJHFCLAP@GetButtonID?$AA@ 1000cbfc     BattleReplay.obj
 0002:00001c08       ??_C@_0L@LNAOMCPJ@GetVersion?$AA@ 1000cc08     BattleReplay.obj
 0002:00001c14       ??_C@_0O@FNMDEAHG@GetVersionNum?$AA@ 1000cc14     BattleReplay.obj
 0002:00001c24       ??_C@_0N@CFMBLIKP@GetGameState?$AA@ 1000cc24     BattleReplay.obj
 0002:00001c34       ??_C@_0M@LKIFOAN@GetRealAddr?$AA@ 1000cc34     BattleReplay.obj
 0002:00001c40       ??_C@_0BD@DPCJBLFO@GlobalRedirectFile?$AA@ 1000cc40     BattleReplay.obj
 0002:00001c54       ??_C@_04PHJJMCEO@Hook?$AA@ 1000cc54     BattleReplay.obj
 0002:00001c5c       ??_C@_08EBPIACBO@HookCode?$AA@ 1000cc5c     BattleReplay.obj
 0002:00001c68       ??_C@_0BB@PHLEIINC@LoadImageAsPcx16?$AA@ 1000cc68     BattleReplay.obj
 0002:00001c7c       ??_C@_07GDNFNLKF@LoadTxt?$AA@ 1000cc7c     BattleReplay.obj
 0002:00001c84       ??_C@_07FLCNLLL@MemFree?$AA@ 1000cc84     BattleReplay.obj
 0002:00001c8c       ??_C@_09PIKCKENJ@NameColor?$AA@ 1000cc8c     BattleReplay.obj
 0002:00001c98       ??_C@_0M@LNHBMGFH@NotifyError?$AA@ 1000cc98     BattleReplay.obj
 0002:00001ca4       ??_C@_0M@PLEJCMGM@PatchExists?$AA@ 1000cca4     BattleReplay.obj
 0002:00001cb0       ??_C@_0N@BGLGOOMO@PluginExists?$AA@ 1000ccb0     BattleReplay.obj
 0002:00001cc0       ??_C@_0BE@CIDOCKGN@ReadSavegameSection?$AA@ 1000ccc0     BattleReplay.obj
 0002:00001cd4       ??_C@_0P@CCLIEMKP@ReadStrFromIni?$AA@ 1000ccd4     BattleReplay.obj
 0002:00001ce4       ??_C@_09IJJOFFNH@RecallAPI?$AA@ 1000cce4     BattleReplay.obj
 0002:00001cf0       ??_C@_0N@EADKAOLK@RedirectFile?$AA@ 1000ccf0     BattleReplay.obj
 0002:00001d00       ??_C@_0BE@OJOEEMJD@RedirectMemoryBlock?$AA@ 1000cd00     BattleReplay.obj
 0002:00001d14       ??_C@_0BA@BCNGHKCC@RegisterHandler?$AA@ 1000cd14     BattleReplay.obj
 0002:00001d24       ??_C@_09MJCMIAEG@ReloadErm?$AA@ 1000cd24     BattleReplay.obj
 0002:00001d30       ??_C@_0BE@JBKGKCON@ReportPluginVersion?$AA@ 1000cd30     BattleReplay.obj
 0002:00001d44       ??_C@_07PAHGKEHA@SaveIni?$AA@ 1000cd44     BattleReplay.obj
 0002:00001d4c       ??_C@_06DDHLBGDE@Splice?$AA@ 1000cd4c     BattleReplay.obj
 0002:00001d54       ??_C@_0M@OFFBOJCJ@ToStaticStr?$AA@ 1000cd54     BattleReplay.obj
 0002:00001d60       ??_C@_0M@CLLMHKFF@WriteAtCode?$AA@ 1000cd60     BattleReplay.obj
 0002:00001d6c       ??_C@_0BF@HMHBLPO@WriteSavegameSection?$AA@ 1000cd6c     BattleReplay.obj
 0002:00001d84       ??_C@_0O@POMBDOKD@WriteStrToIni?$AA@ 1000cd84     BattleReplay.obj
 0002:00001d94       ??_C@_0BN@DPBDBLAF@_GetPreselectedDialog8ItemId?$AA@ 1000cd94     BattleReplay.obj
 0002:00001db4       ??_C@_0BO@NKNJIFPC@_GetDialog8SelectablePicsMask?$AA@ 1000cdb4     BattleReplay.obj
 0002:00001dd4       ??_C@_0P@KPGPPBFD@HD?4QuickCombat?$AA@ 1000cdd4     BattleReplay.obj
 0002:00001de4       ??_C@_0BF@OBDKPBKN@OnBeforeBattleReplay?$AA@ 1000cde4     BattleReplay.obj
 0002:00001dfc       ??_C@_0BE@JIMHBMKG@OnAfterBattleReplay?$AA@ 1000cdfc     BattleReplay.obj
 0002:00001e10       ??_C@_0N@HPLADLMK@Box64x30?4pcx?$AA@ 1000ce10     BattleReplay.obj
 0002:00001e20       ??_C@_0M@JLCNBKHP@iCancel?4def?$AA@ 1000ce20     BattleReplay.obj
 0002:00001e2c       ??_C@_0BC@PBLINPDM@E8?5AB22D5FF?590?590?$AA@ 1000ce2c     BattleReplay.obj
 0002:00001e40       ??_C@_0BD@HGMAJBDN@igrik?4BattleReplay?$AA@ 1000ce40     BattleReplay.obj
 0002:00001e58       __load_config_used         1000ce58     LIBCMT:loadcfg.obj
 0002:00001ef8       ??_R4exception@std@@6B@    1000cef8     LIBCMT:stdexcpt.obj
 0002:00001f0c       ??_R4type_info@@6B@        1000cf0c     LIBCMT:typinfo.obj
 0002:00001f20       ??_R3type_info@@8          1000cf20     LIBCMT:typinfo.obj
 0002:00001f30       ??_R2type_info@@8          1000cf30     LIBCMT:typinfo.obj
 0002:00001f38       ??_R1A@?0A@EA@type_info@@8 1000cf38     LIBCMT:typinfo.obj
 0002:00001f54       ??_R4bad_exception@std@@6B@ 1000cf54     LIBCMT:frame.obj
 0002:00001f68       ??_R3bad_exception@std@@8  1000cf68     LIBCMT:frame.obj
 0002:00001f78       ??_R2bad_exception@std@@8  1000cf78     LIBCMT:frame.obj
 0002:00001f84       ??_R1A@?0A@EA@bad_exception@std@@8 1000cf84     LIBCMT:frame.obj
 0002:00001fa0       ??_R1A@?0A@EA@exception@std@@8 1000cfa0     BattleReplay.obj
 0002:00001fbc       ??_R3exception@std@@8      1000cfbc     BattleReplay.obj
 0002:00001fcc       ??_R2exception@std@@8      1000cfcc     BattleReplay.obj
 0002:00001fe0       ___safe_se_handler_table   1000cfe0     <linker-defined>
 0002:00001ffc       ___rtc_iaa                 1000cffc     LIBCMT:_initsect_.obj
 0002:00002000       ___rtc_izz                 1000d000     LIBCMT:_initsect_.obj
 0002:00002004       ___rtc_taa                 1000d004     LIBCMT:_initsect_.obj
 0002:00002008       ___rtc_tzz                 1000d008     LIBCMT:_initsect_.obj
 0002:00002264       __TI2?AVbad_exception@std@@ 1000d264     LIBCMT:frame.obj
 0002:00002274       __CTA2?AVbad_exception@std@@ 1000d274     LIBCMT:frame.obj
 0002:00002280       __CT??_R0?AVbad_exception@std@@@8??0bad_exception@std@@QAE@ABV01@@Z12 1000d280     LIBCMT:frame.obj
 0002:00002504       __CT??_R0?AVexception@std@@@8??0exception@std@@QAE@ABV01@@Z12 1000d504     BattleReplay.obj
 0002:0000254c       __IMPORT_DESCRIPTOR_KERNEL32 1000d54c     kernel32:KERNEL32.dll
 0002:00002560       __NULL_IMPORT_DESCRIPTOR   1000d560     kernel32:KERNEL32.dll
 0003:0000000c       ??_R0?AVtype_info@@@8      1000e00c     LIBCMT:typinfo.obj
 0003:00000030       ___security_cookie         1000e030     LIBCMT:gs_cookie.obj
 0003:00000034       ___security_cookie_complement 1000e034     LIBCMT:gs_cookie.obj
 0003:000001b0       ___nullstring              1000e1b0     LIBCMT:output.obj
 0003:000001b4       ___wnullstring             1000e1b4     LIBCMT:output.obj
 0003:000001b8       __amblksiz                 1000e1b8     LIBCMT:heapinit.obj
 0003:000002f0       ___flsindex                1000e2f0     LIBCMT:tidtable.obj
 0003:000002f4       ___getvalueindex           1000e2f4     LIBCMT:tidtable.obj
 0003:000002f8       __aexit_rtn                1000e2f8     LIBCMT:crt0dat.obj
 0003:00000300       ___badioinfo               1000e300     LIBCMT:ioinit.obj
 0003:00000340       __First_FPE_Indx           1000e340     LIBCMT:winxfltr.obj
 0003:00000344       __Num_FPE                  1000e344     LIBCMT:winxfltr.obj
 0003:00000348       __XcptActTabSize           1000e348     LIBCMT:winxfltr.obj
 0003:0000034c       __XcptActTabCount          1000e34c     LIBCMT:winxfltr.obj
 0003:00000354       ??_R0?AVbad_exception@std@@@8 1000e354     LIBCMT:frame.obj
 0003:00000380       __iob                      1000e380     LIBCMT:_file.obj
 0003:00000600       ___initialmbcinfo          1000e600     LIBCMT:mbctype.obj
 0003:00000820       __mbctype                  1000e820     LIBCMT:mbctype.obj
 0003:00000928       __mbcasemap                1000e928     LIBCMT:mbctype.obj
 0003:00000a28       ___ptmbcinfo               1000ea28     LIBCMT:mbctype.obj
 0003:00000b24       ___globallocalestatus      1000eb24     LIBCMT:glstatus.obj
 0003:00000b28       ___clocalestr              1000eb28     LIBCMT:nlsdata2.obj
 0003:00000b30       ___initiallocinfo          1000eb30     LIBCMT:nlsdata2.obj
 0003:00000c08       ___ptlocinfo               1000ec08     LIBCMT:nlsdata2.obj
 0003:00000c0c       ___lc_clike                1000ec0c     LIBCMT:nlsdata2.obj
 0003:00000c10       ___initiallocalestructinfo 1000ec10     LIBCMT:nlsdata2.obj
 0003:00000c18       __cfltcvt_tab              1000ec18     LIBCMT:cmiscdat.obj
 0003:00000cf8       ___abort_behavior          1000ecf8     LIBCMT:abort.obj
 0003:00000cfc       __NLG_Destination          1000ecfc     LIBCMT:exsup.obj
 0003:00000d10       __pctype                   1000ed10     LIBCMT:ctype.obj
 0003:00000d14       __pwctype                  1000ed14     LIBCMT:ctype.obj
 0003:00000d18       ___lc_time_c               1000ed18     LIBCMT:strftime.obj
 0003:00000dd0       ___lc_time_curr            1000edd0     LIBCMT:strftime.obj
 0003:00000dd4       ___lconv_static_decimal    1000edd4     LIBCMT:lconv.obj
 0003:00000dd8       ___lconv_c                 1000edd8     LIBCMT:lconv.obj
 0003:00000e08       ___lconv                   1000ee08     LIBCMT:lconv.obj
 0003:00000e0c       ___mb_cur_max              1000ee0c     LIBCMT:nlsdata1.obj
 0003:00000e10       ___decimal_point           1000ee10     LIBCMT:nlsdata1.obj
 0003:00000e14       ___decimal_point_length    1000ee14     LIBCMT:nlsdata1.obj
 0003:00000e20       __coninpfh                 1000ee20     LIBCMT:initcon.obj
 0003:00000e24       __confh                    1000ee24     LIBCMT:initcon.obj
 0003:00000e30       __timezone                 1000ee30     LIBCMT:timeset.obj
 0003:00000e34       __daylight                 1000ee34     LIBCMT:timeset.obj
 0003:00000e38       __dstbias                  1000ee38     LIBCMT:timeset.obj
 0003:00000ec0       __tzname                   1000eec0     LIBCMT:timeset.obj
 0003:00000ee0       __lpdays                   1000eee0     LIBCMT:days.obj
 0003:00000f14       __days                     1000ef14     LIBCMT:days.obj
 0003:00000f54       ??_R0?AVexception@std@@@8  1000ef54     BattleReplay.obj
 0003:00000f84       __aenvptr                  1000ef84     LIBCMT:dllcrt0.obj
 0003:00000f88       __wenvptr                  1000ef88     LIBCMT:dllcrt0.obj
 0003:00000f8c       ___error_mode              1000ef8c     LIBCMT:dllcrt0.obj
 0003:00000f90       ___app_type                1000ef90     LIBCMT:dllcrt0.obj
 0003:000012bc       ___pInvalidArgHandler      1000f2bc     LIBCMT:invarg.obj
 0003:000012c0       __crtheap                  1000f2c0     LIBCMT:heapinit.obj
 0003:00001418       ___sbh_pHeaderDefer        1000f418     LIBCMT:sbheap.obj
 0003:00001424       ?_pnhHeap@@3P6AHI@ZA       1000f424     LIBCMT:handler.obj
 0003:00001428       _gpFlsAlloc                1000f428     LIBCMT:tidtable.obj
 0003:0000142c       _gpFlsGetValue             1000f42c     LIBCMT:tidtable.obj
 0003:00001430       _gpFlsSetValue             1000f430     LIBCMT:tidtable.obj
 0003:00001434       _gpFlsFree                 1000f434     LIBCMT:tidtable.obj
 0003:00001438       __maxwait                  1000f438     LIBCMT:crtheap.obj
 0003:0000143c       __umaskval                 1000f43c     LIBCMT:crt0dat.obj
 0003:00001440       ___argc                    1000f440     LIBCMT:crt0dat.obj
 0003:00001444       ___argv                    1000f444     LIBCMT:crt0dat.obj
 0003:00001448       ___wargv                   1000f448     LIBCMT:crt0dat.obj
 0003:0000144c       __environ                  1000f44c     LIBCMT:crt0dat.obj
 0003:00001450       ___initenv                 1000f450     LIBCMT:crt0dat.obj
 0003:00001454       __wenviron                 1000f454     LIBCMT:crt0dat.obj
 0003:00001458       ___winitenv                1000f458     LIBCMT:crt0dat.obj
 0003:0000145c       __pgmptr                   1000f45c     LIBCMT:crt0dat.obj
 0003:00001460       __wpgmptr                  1000f460     LIBCMT:crt0dat.obj
 0003:00001464       __exitflag                 1000f464     LIBCMT:crt0dat.obj
 0003:00001468       __C_Termination_Done       1000f468     LIBCMT:crt0dat.obj
 0003:0000146c       __C_Exit_Done              1000f46c     LIBCMT:crt0dat.obj
 0003:0000157c       ?__pInconsistency@@3P6AXXZA 1000f57c     LIBCMT:hooks.obj
 0003:00001580       __cflush                   1000f580     LIBCMT:_file.obj
 0003:00001588       ___mbulinfo                1000f588     LIBCMT:mbctype.obj
 0003:00001594       ___mbcodepage              1000f594     LIBCMT:mbctype.obj
 0003:00001598       ___ismbcodepage            1000f598     LIBCMT:mbctype.obj
 0003:0000159c       ___mblcid                  1000f59c     LIBCMT:mbctype.obj
 0003:000015a0       ___locale_changed          1000f5a0     LIBCMT:setlocal.obj
 0003:000015a4       ___lc_handle               1000f5a4     LIBCMT:nlsdata2.obj
 0003:000015bc       ___lc_codepage             1000f5bc     LIBCMT:nlsdata2.obj
 0003:000015c0       ___lc_collate_cp           1000f5c0     LIBCMT:nlsdata2.obj
 0003:000018dc       __newmode                  1000f8dc     LIBCMT:_newmode.obj
 0003:000018f8       ?pArgList@UnDecorator@@0PAVReplicator@@A 1000f8f8     LIBCMT:undname.obj
 0003:000018fc       ?pZNameList@UnDecorator@@0PAVReplicator@@A 1000f8fc     LIBCMT:undname.obj
 0003:00001900       ?pTemplateArgList@UnDecorator@@0PAVReplicator@@A 1000f900     LIBCMT:undname.obj
 0003:00001904       ?gName@UnDecorator@@0PBDB  1000f904     LIBCMT:undname.obj
 0003:00001908       ?name@UnDecorator@@0PBDB   1000f908     LIBCMT:undname.obj
 0003:0000190c       ?outputString@UnDecorator@@0PADA 1000f90c     LIBCMT:undname.obj
 0003:00001910       ?maxStringLength@UnDecorator@@0HA 1000f910     LIBCMT:undname.obj
 0003:00001914       ?disableFlags@UnDecorator@@0KA 1000f914     LIBCMT:undname.obj
 0003:00001918       ?m_pGetParameter@UnDecorator@@0P6APADJ@ZA 1000f918     LIBCMT:undname.obj
 0003:0000191c       ?fExplicitTemplateParams@UnDecorator@@0_NA 1000f91c     LIBCMT:undname.obj
 0003:0000191d       ?fGetTemplateArgumentList@UnDecorator@@0_NA 1000f91d     LIBCMT:undname.obj
 0003:00001940       ___pPurecall               1000f940     LIBCMT:inithelp.obj
 0003:0000194c       ___lconv_static_null       1000f94c     LIBCMT:lconv.obj
 0003:00001950       __stdbuf                   1000f950     LIBCMT:_sftbuf.obj
 0003:00001a28       ?isNeedReplay@@3HA         1000fa28     BattleReplay.obj
 0003:00001a2c       ?_PI@@3PAVPatcherInstance@@A 1000fa2c     BattleReplay.obj
 0003:00001a30       ?_P@@3PAVPatcher@@A        1000fa30     BattleReplay.obj
 0003:00001a34       ?ifCanReplay@@3HA          1000fa34     BattleReplay.obj
 0003:00001a38       ?hAngel@Era@@3PAUHINSTANCE__@@A 1000fa38     BattleReplay.obj
 0003:00001a3c       ?hEra@Era@@3PAUHINSTANCE__@@A 1000fa3c     BattleReplay.obj
 0003:00001a40       ?EventParams@Era@@3PAY0BA@HA 1000fa40     BattleReplay.obj
 0003:00001a44       ?ApiHook@Era@@3P6GPAXPAXH0@ZA 1000fa44     BattleReplay.obj
 0003:00001a48       ?ClearAllIniCache@Era@@3P6GXXZA 1000fa48     BattleReplay.obj
 0003:00001a4c       ?ClearIniCache@Era@@3P6GXPBD@ZA 1000fa4c     BattleReplay.obj
 0003:00001a50       ?ExecErmCmd@Era@@3P6GXPBD@ZA 1000fa50     BattleReplay.obj
 0003:00001a54       ?ExtractErm@Era@@3P6GXXZA  1000fa54     BattleReplay.obj
 0003:00001a58       ?FatalError@Era@@3P6GXPBD@ZA 1000fa58     BattleReplay.obj
 0003:00001a5c       ?FireErmEvent@Era@@3P6GXH@ZA 1000fa5c     BattleReplay.obj
 0003:00001a60       ?FireEvent@Era@@3P6GXPBDPAXH@ZA 1000fa60     BattleReplay.obj
 0003:00001a64       ?GetButtonID@Era@@3P6GHPBD@ZA 1000fa64     BattleReplay.obj
 0003:00001a68       ?GetEraVersion@Era@@3P6GPBDXZA 1000fa68     BattleReplay.obj
 0003:00001a6c       ?GetVersionNum@Era@@3P6GHXZA 1000fa6c     BattleReplay.obj
 0003:00001a70       ?GetGameState@Era@@3P6GXPAUTGameState@1@@ZA 1000fa70     BattleReplay.obj
 0003:00001a74       ?GetRealAddr@Era@@3P6GPAXPAX@ZA 1000fa74     BattleReplay.obj
 0003:00001a78       ?GlobalRedirectFile@Era@@3P6GXXZA 1000fa78     BattleReplay.obj
 0003:00001a7c       ?Hook@Era@@3P6GPAXPAXHH0@ZA 1000fa7c     BattleReplay.obj
 0003:00001a80       ?HookCode@Era@@3P6GPAXPAXP6GHPAUTHookContext@1@@ZPAPAX@ZA 1000fa80     BattleReplay.obj
 0003:00001a84       ?LoadImageAsPcx16@Era@@3P6GPAXPBD0HHHHH@ZA 1000fa84     BattleReplay.obj
 0003:00001a88       ?LoadTxt@Era@@3P6GPAXPBD@ZA 1000fa88     BattleReplay.obj
 0003:00001a8c       ?MemFree@Era@@3P6GXPBX@ZA  1000fa8c     BattleReplay.obj
 0003:00001a90       ?NameColor@Era@@3P6GXHPBD@ZA 1000fa90     BattleReplay.obj
 0003:00001a94       ?NotifyError@Era@@3P6GXPBD@ZA 1000fa94     BattleReplay.obj
 0003:00001a98       ?PatchExists@Era@@3P6G_NPBD@ZA 1000fa98     BattleReplay.obj
 0003:00001a9c       ?PluginExists@Era@@3P6G_NPBD@ZA 1000fa9c     BattleReplay.obj
 0003:00001aa0       ?ReadSavegameSection@Era@@3P6GHHPAXPBD@ZA 1000faa0     BattleReplay.obj
 0003:00001aa4       ?ReadStrFromIni@Era@@3P6G_NPBD00PAD@ZA 1000faa4     BattleReplay.obj
 0003:00001aa8       ?RecallAPI@Era@@3P6GHPAUTHookContext@1@H@ZA 1000faa8     BattleReplay.obj
 0003:00001aac       ?RedirectFile@Era@@3P6GXXZA 1000faac     BattleReplay.obj
 0003:00001ab0       ?RedirectMemoryBlock@Era@@3P6GXPAXH0@ZA 1000fab0     BattleReplay.obj
 0003:00001ab4       ?RegisterHandler@Era@@3P6GXP6GXPAUTEvent@1@@ZPBD@ZA 1000fab4     BattleReplay.obj
 0003:00001ab8       ?ReloadErm@Era@@3P6GXXZA   1000fab8     BattleReplay.obj
 0003:00001abc       ?ReportPluginVersion@Era@@3P6GXPBD@ZA 1000fabc     BattleReplay.obj
 0003:00001ac0       ?RestoreEventParams@Era@@3P6GXXZA 1000fac0     BattleReplay.obj
 0003:00001ac4       ?SaveEventParams@Era@@3P6GXXZA 1000fac4     BattleReplay.obj
 0003:00001ac8       ?SaveIni@Era@@3P6G_NPBD@ZA 1000fac8     BattleReplay.obj
 0003:00001acc       ?Splice@Era@@3P6GPAXPAX0HHPAHPAPAX@ZA 1000facc     BattleReplay.obj
 0003:00001ad0       ?ToStaticStr@Era@@3P6GPADPBD@ZA 1000fad0     BattleReplay.obj
 0003:00001ad4       ?_tr@Era@@3P6GPADPBDPAPBDH@ZA 1000fad4     BattleReplay.obj
 0003:00001ad8       ?WriteAtCode@Era@@3P6GXHPAX0@ZA 1000fad8     BattleReplay.obj
 0003:00001adc       ?WriteSavegameSection@Era@@3P6GXHPAXPBD@ZA 1000fadc     BattleReplay.obj
 0003:00001ae0       ?WriteStrToIni@Era@@3P6G_NPBD000@ZA 1000fae0     BattleReplay.obj
 0003:00001ae4       ?GetDefaultMsgBoxItId@Era@@3P6GHXZA 1000fae4     BattleReplay.obj
 0003:00001ae8       ?GetMaskMsgBoxItId@Era@@3P6GHXZA 1000fae8     BattleReplay.obj
 0003:00001aec       ?calls_count@?1??GetPatcher@@YAPAVPatcher@@XZ@4HA 1000faec     BattleReplay.obj
 0003:00001af4       ___piob                    1000faf4     <common>
 0003:00001b00       __bufin                    1000fb00     <common>
 0003:00002b00       __nstream                  10010b00     <common>
 0003:00002b04       ___sse2_available          10010b04     <common>
 0003:00002b08       __debugger_hook_dummy      10010b08     <common>
 0003:00002b0c       __nhandle                  10010b0c     <common>
 0003:00002b20       ___pioinfo                 10010b20     <common>
 0003:00002c20       ___env_initialized         10010c20     <common>
 0003:00002c24       ___onexitend               10010c24     <common>
 0003:00002c28       ___onexitbegin             10010c28     <common>
 0003:00002c2c       ___mbctype_initialized     10010c2c     <common>
 0003:00002c30       __FPinit                   10010c30     <common>
 0003:00002c34       ___dyn_tls_init_callback   10010c34     <common>
 0003:00002c38       ___sbh_cntHeaderList       10010c38     <common>
 0003:00002c3c       ___sbh_pHeaderList         10010c3c     <common>
 0003:00002c40       ___sbh_threshold           10010c40     <common>
 0003:00002c44       ___sbh_pHeaderScan         10010c44     <common>
 0003:00002c48       ___sbh_sizeHeaderList      10010c48     <common>
 0003:00002c4c       ___sbh_indGroupDefer       10010c4c     <common>
 0003:00002c50       ___active_heap             10010c50     <common>
 0003:00002c54       __acmdln                   10010c54     <common>

 entry point at        0001:000011b2

 Static symbols

 0001:000010bc       ___DllMainCRTStartup       100020bc f   LIBCMT:dllcrt0.obj
 0001:0000137a       ?CatchGuardHandler@@YA?AW4_EXCEPTION_DISPOSITION@@PAUEHExceptionRecord@@PAUCatchGuardRN@@PAX2@Z 1000237a f   LIBCMT:_trnsctrl_.obj
 0001:00001484       ?TranslatorGuardHandler@@YA?AW4_EXCEPTION_DISPOSITION@@PAUEHExceptionRecord@@PAUTranslatorGuardRN@@PAX2@Z 10002484 f   LIBCMT:_trnsctrl_.obj
 0001:00003328       __onexit_nolock            10004328 f   LIBCMT:onexit.obj
 0001:00003c35       __initterm                 10004c35 f   LIBCMT:crt0dat.obj
 0001:00003cfb       _doexit                    10004cfb f   LIBCMT:crt0dat.obj
 0001:0000421a       _parse_cmdline             1000521a f   LIBCMT:stdargv.obj
 0001:000049e2       ?ExFilterRethrow@@YAHPAU_EXCEPTION_POINTERS@@@Z 100059e2 f   LIBCMT:frame.obj
 0001:00004aa5       ?IsInExceptionSpec@@YAEPAUEHExceptionRecord@@PBU_s_ESTypeList@@@Z 10005aa5 f   LIBCMT:frame.obj
 0001:00004b20       ?CallUnexpected@@YAXPBU_s_ESTypeList@@@Z 10005b20 f   LIBCMT:frame.obj
 0001:00004b51       __catch$?CallUnexpected@@YAXPBU_s_ESTypeList@@@Z$0 10005b51 f   LIBCMT:frame.obj
 0001:00004b69       ?CallCatchBlock@@YAPAXPAUEHExceptionRecord@@PAUEHRegistrationNode@@PAU_CONTEXT@@PBU_s_FuncInfo@@PAXHK@Z 10005b69 f   LIBCMT:frame.obj
 0001:00004f16       ?CatchIt@@YAXPAUEHExceptionRecord@@PAUEHRegistrationNode@@PAU_CONTEXT@@PAXPBU_s_FuncInfo@@PBU_s_HandlerType@@PBU_s_CatchableType@@PBU_s_TryBlockMapEntry@@H1E@Z 10005f16 f   LIBCMT:frame.obj
 0001:00004f84       ?FindHandlerForForeignException@@YAXPAUEHExceptionRecord@@PAUEHRegistrationNode@@PAU_CONTEXT@@PAXPBU_s_FuncInfo@@HH1@Z 10005f84 f   LIBCMT:frame.obj
 0001:00005078       ?FindHandler@@YAXPAUEHExceptionRecord@@PAUEHRegistrationNode@@PAU_CONTEXT@@PAXPBU_s_FuncInfo@@EH1@Z 10006078 f   LIBCMT:frame.obj
 0001:000055b4       _fastcopy_I                100065b4 f   LIBCMT:p4_memcpy.obj
 0001:0000571e       _has_osfxsr_set            1000671e f   LIBCMT:cpu_disp.obj
 0001:000062b6       ?CPtoLCID@@YAHH@Z          100072b6 f   LIBCMT:mbctype.obj
 0001:000062e5       ?setSBCS@@YAXPAUthreadmbcinfostruct@@@Z 100072e5 f   LIBCMT:mbctype.obj
 0001:00006349       ?setSBUpLow@@YAXPAUthreadmbcinfostruct@@@Z 10007349 f   LIBCMT:mbctype.obj
 0001:00006580       ?getSystemCP@@YAHH@Z       10007580 f   LIBCMT:mbctype.obj
 0001:00006c0a       __updatetlocinfoEx_nolock  10007c0a f   LIBCMT:setlocal.obj
 0001:00006dc5       ?strtoxl@@YAKPAUlocaleinfo_struct@@PBDPAPBDHH@Z 10007dc5 f   LIBCMT:strtol.obj
 0001:00007304       __unwind_handler4          10008304 f   LIBCMT:exsup4.obj
 0001:0000751d       _fastzero_I                1000851d f   LIBCMT:p4_memset.obj
 0001:000079fd       _siglookup                 100089fd f   LIBCMT:winsig.obj
 0001:00007c0f       ?x_ismbbtype_l@@YAHPAUlocaleinfo_struct@@IHH@Z 10008c0f f   LIBCMT:ismbbyte.obj
 0001:00007dc4       __unwind_handler           10008dc4 f   LIBCMT:exsup.obj
 0001:0000841a       _flsall                    1000941a f   LIBCMT:fflush.obj
 0001:0000851d       ?__crtLCMapStringA_stat@@YAHPAUlocaleinfo_struct@@KKPBDHPADHHH@Z 1000951d f   LIBCMT:a_map.obj
 0001:00008907       ?__crtGetStringTypeA_stat@@YAHPAUlocaleinfo_struct@@KPBDHPAGHHH@Z 10009907 f   LIBCMT:a_str.obj
 0001:00009930       __ehhandler$?CallUnexpected@@YAXPBU_s_ESTypeList@@@Z 1000a930 f   LIBCMT:frame.obj
 0001:00009950       __unwindfunclet$?My_Dlg_BattleResults@@YAXPAU_BattleMgr_@@HHH@Z$0 1000a950 f    CIL library: CIL module
 0001:00009958       __ehhandler$?My_Dlg_BattleResults@@YAXPAU_BattleMgr_@@HHH@Z 1000a958 f    CIL library: CIL module
