 BattleReplay

 Timestamp is 65c1149f (Mon Feb 05 20:02:23 2024)

 Preferred load address is 10000000

 Start         Length     Name                   Class
 0001:00000000 00008434H .text                   CODE
 0001:00008440 00000000H .text$x                 CODE
 0001:00008440 00000000H .text$yd                CODE
 0002:00000000 00000114H .idata$5                DATA
 0002:00000114 00000004H .CRT$XCA                DATA
 0002:00000118 00000004H .CRT$XCZ                DATA
 0002:0000011c 00000004H .CRT$XIA                DATA
 0002:00000120 00000010H .CRT$XIC                DATA
 0002:00000130 00000004H .CRT$XIZ                DATA
 0002:00000134 00000004H .CRT$XPA                DATA
 0002:00000138 00000004H .CRT$XPX                DATA
 0002:0000013c 00000004H .CRT$XPXA               DATA
 0002:00000140 00000004H .CRT$XPZ                DATA
 0002:00000144 00000004H .CRT$XTA                DATA
 0002:00000148 00000004H .CRT$XTZ                DATA
 0002:00000150 00001ce8H .rdata                  DATA
 0002:00001e38 0000005bH .rdata$debug            DATA
 0002:00001e94 00000000H .rdata$r                DATA
 0002:00001ea0 0000000cH .rdata$sxdata           DATA
 0002:00001eac 00000004H .rtc$IAA                DATA
 0002:00001eb0 00000004H .rtc$IZZ                DATA
 0002:00001eb4 00000004H .rtc$TAA                DATA
 0002:00001eb8 00000004H .rtc$TZZ                DATA
 0002:00001ec0 00000394H .xdata$x                DATA
 0002:00002254 00000014H .idata$2                DATA
 0002:00002268 00000014H .idata$3                DATA
 0002:0000227c 00000114H .idata$4                DATA
 0002:00002390 000004e6H .idata$6                DATA
 0002:00002876 00000000H .edata                  DATA
 0003:00000000 00000f18H .data                   DATA
 0003:00000f20 000020d8H .bss                    DATA

  Address         Publics by Value              Rva+Base       Lib:Object

 0000:00000000       __except_list              00000000     <absolute>
 0000:00000003       ___safe_se_handler_count   00000003     <absolute>
 0000:00000000       ___ImageBase               10000000     <linker-defined>
 0001:00000000       ?ConnectEra@Era@@YAXXZ     10001000 f   BattleReplay.obj
 0001:00000340       ?Y_SkipAddExp@@YGHPAVLoHook@@PAUHookContext@@@Z 10001340 f   BattleReplay.obj
 0001:00000370       ?Y_SkipRedrawAdvMap@@YGHPAVLoHook@@PAUHookContext@@@Z 10001370 f   BattleReplay.obj
 0001:000003a0       ?Y_AfterBattle_SkipAll@@YGHPAVLoHook@@PAUHookContext@@@Z 100013a0 f   BattleReplay.obj
 0001:000003d0       ?Y_Dlg_BattleResults_Create@@YGPAU_Dlg_@@PAVHiHook@@PAU1@PAU_Hero_@@2HHHH@Z 100013d0 f   BattleReplay.obj
 0001:000004f0       ?Y_Dlg_BattleResults_Proc@@YGHPAVHiHook@@PAU_DlgMsg_@@@Z 100014f0 f   BattleReplay.obj
 0001:00000560       ?Y_ReplayBattle@@YGHPAVHiHook@@PAU_AdvMgr_@@IPAU_Hero_@@PAU_Army_@@HI23HII@Z 10001560 f   BattleReplay.obj
 0001:00000a20       ?Y_NPC_Astral_AfterBattle@@YGXPAVHiHook@@@Z 10001a20 f   BattleReplay.obj
 0001:00000a40       ?HooksInit@@YAXXZ          10001a40 f   BattleReplay.obj
 0001:00000b20       _DllMain@12                10001b20 f   BattleReplay.obj
 0001:00000b96       @__security_check_cookie@4 10001b96 f   LIBCMT:secchk.obj
 0001:00000ba5       _free                      10001ba5 f   LIBCMT:free.obj
 0001:00000c33       __CRT_INIT@12              10001c33 f   LIBCMT:dllcrt0.obj
 0001:00000e5e       __DllMainCRTStartup@12     10001e5e f   LIBCMT:dllcrt0.obj
 0001:00000e90       _strlen                    10001e90 f   LIBCMT:strlen.obj
 0001:00000f1b       ?_CallMemberFunction0@@YGXPAX0@Z 10001f1b f   LIBCMT:_trnsctrl_.obj
 0001:00000f23       ___report_gsfailure        10001f23 f   LIBCMT:gs_report.obj
 0001:00001030       _memmove                   10002030 f   LIBCMT:memmove.obj
 0001:00001395       __initp_misc_invarg        10002395 f   LIBCMT:invarg.obj
 0001:000013a4       __invoke_watson            100023a4 f   LIBCMT:invarg.obj
 0001:000014cc       __invalid_parameter        100024cc f   LIBCMT:invarg.obj
 0001:000014f2       __get_errno_from_oserr     100024f2 f   LIBCMT:dosmap.obj
 0001:00001534       __errno                    10002534 f   LIBCMT:dosmap.obj
 0001:00001547       ___doserrno                10002547 f   LIBCMT:dosmap.obj
 0001:0000155a       __dosmaperr                1000255a f   LIBCMT:dosmap.obj
 0001:0000157d       ??0_LocaleUpdate@@QAE@PAUlocaleinfo_struct@@@Z 1000257d f i LIBCMT:output.obj
 0001:00001604       _strcpy_s                  10002604 f   LIBCMT:strcpy_s.obj
 0001:0000166c       _V6_HeapAlloc              1000266c f   LIBCMT:malloc.obj
 0001:000016bb       _malloc                    100026bb f   LIBCMT:malloc.obj
 0001:00001785       __heap_init                10002785 f   LIBCMT:heapinit.obj
 0001:000017b5       __heap_term                100027b5 f   LIBCMT:heapinit.obj
 0001:00001829       __mtinitlocks              10002829 f   LIBCMT:mlock.obj
 0001:00001874       __mtdeletelocks            10002874 f   LIBCMT:mlock.obj
 0001:000018cb       __unlock                   100028cb f   LIBCMT:mlock.obj
 0001:000018e2       __mtinitlocknum            100028e2 f   LIBCMT:mlock.obj
 0001:000019a5       __lock                     100029a5 f   LIBCMT:mlock.obj
 0001:000019d8       ___sbh_find_block          100029d8 f   LIBCMT:sbheap.obj
 0001:00001a08       ___sbh_free_block          10002a08 f   LIBCMT:sbheap.obj
 0001:00001d1e       ___sbh_alloc_new_region    10002d1e f   LIBCMT:sbheap.obj
 0001:00001dce       ___sbh_alloc_new_group     10002dce f   LIBCMT:sbheap.obj
 0001:00001ed6       ___sbh_resize_block        10002ed6 f   LIBCMT:sbheap.obj
 0001:000021b7       ___sbh_alloc_block         100031b7 f   LIBCMT:sbheap.obj
 0001:0000249c       __SEH_prolog4              1000349c f   LIBCMT:sehprolg4.obj
 0001:000024e1       __SEH_epilog4              100034e1 f   LIBCMT:sehprolg4.obj
 0001:00002500       __except_handler4          10003500 f   LIBCMT:chandler4.obj
 0001:00002690       _memset                    10003690 f   LIBCMT:memset.obj
 0001:00002710       _memcpy                    10003710 f   LIBCMT:memcpy.obj
 0001:00002a80       _strcmp                    10003a80 f   LIBCMT:strcmp.obj
 0001:00002bc2       ___onexitinit              10003bc2 f   LIBCMT:onexit.obj
 0001:00002bf3       __onexit                   10003bf3 f   LIBCMT:onexit.obj
 0001:00002c2f       _atexit                    10003c2f f   LIBCMT:onexit.obj
 0001:00002c46       __initp_heap_handler       10003c46 f   LIBCMT:handler.obj
 0001:00002c55       __callnewh                 10003c55 f   LIBCMT:handler.obj
 0001:00002c7d       __encode_pointer           10003c7d f   LIBCMT:tidtable.obj
 0001:00002cef       __encoded_null             10003cef f   LIBCMT:tidtable.obj
 0001:00002cf8       __decode_pointer           10003cf8 f   LIBCMT:tidtable.obj
 0001:00002d6a       ___crtTlsAlloc@4           10003d6a f   LIBCMT:tidtable.obj
 0001:00002d73       ___set_flsgetvalue         10003d73 f   LIBCMT:tidtable.obj
 0001:00002da7       __mtterm                   10003da7 f   LIBCMT:tidtable.obj
 0001:00002de4       __initptd                  10003de4 f   LIBCMT:tidtable.obj
 0001:00002ecb       __getptd_noexit            10003ecb f   LIBCMT:tidtable.obj
 0001:00002f44       __getptd                   10003f44 f   LIBCMT:tidtable.obj
 0001:00002f60       __freefls@4                10003f60 f   LIBCMT:tidtable.obj
 0001:0000308f       __freeptd                  1000408f f   LIBCMT:tidtable.obj
 0001:000030fd       __mtinit                   100040fd f   LIBCMT:tidtable.obj
 0001:0000328a       __malloc_crt               1000428a f   LIBCMT:crtheap.obj
 0001:000032cf       __calloc_crt               100042cf f   LIBCMT:crtheap.obj
 0001:0000331b       __realloc_crt              1000431b f   LIBCMT:crtheap.obj
 0001:00003369       __crt_waiting_on_module_handle 10004369 f   LIBCMT:crt0dat.obj
 0001:00003399       __amsg_exit                10004399 f   LIBCMT:crt0dat.obj
 0001:000033c2       ___crtCorExitProcess       100043c2 f   LIBCMT:crt0dat.obj
 0001:000033ed       ___crtExitProcess          100043ed f   LIBCMT:crt0dat.obj
 0001:00003405       __lockexit                 10004405 f   LIBCMT:crt0dat.obj
 0001:0000340e       __unlockexit               1000440e f   LIBCMT:crt0dat.obj
 0001:00003434       __initterm_e               10004434 f   LIBCMT:crt0dat.obj
 0001:00003458       __cinit                    10004458 f   LIBCMT:crt0dat.obj
 0001:00003609       __exit                     10004609 f   LIBCMT:crt0dat.obj
 0001:0000361f       __cexit                    1000461f f   LIBCMT:crt0dat.obj
 0001:0000362e       __init_pointers            1000462e f   LIBCMT:crt0dat.obj
 0001:0000367c       __ioinit                   1000467c f   LIBCMT:ioinit.obj
 0001:000038d0       __ioterm                   100048d0 f   LIBCMT:ioinit.obj
 0001:0000391e       __setenvp                  1000491e f   LIBCMT:stdenvp.obj
 0001:00003b96       __setargv                  10004b96 f   LIBCMT:stdargv.obj
 0001:00003c51       ___crtGetEnvironmentStringsA 10004c51 f   LIBCMT:a_env.obj
 0001:00003d88       __RTC_Initialize           10004d88 f   LIBCMT:_initsect_.obj
 0001:00003dae       __RTC_Terminate            10004dae f   LIBCMT:_initsect_.obj
 0001:00003dd4       __initp_misc_winxfltr      10004dd4 f   LIBCMT:winxfltr.obj
 0001:00003dd5       __XcptFilter               10004dd5 f   LIBCMT:winxfltr.obj
 0001:00003f35       ___CppXcptFilter           10004f35 f   LIBCMT:winxfltr.obj
 0001:00003f55       ___security_init_cookie    10004f55 f   LIBCMT:gs_support.obj
 0001:00003feb       ___DestructExceptionObject 10004feb f   LIBCMT:frame.obj
 0001:00004040       ?terminate@@YAXXZ          10005040 f   LIBCMT:hooks.obj
 0001:00004079       __initp_eh_hooks           10005079 f   LIBCMT:hooks.obj
 0001:00004090       __CallSettingFrame@12      10005090 f   LIBCMT:lowhelpr.obj
 0001:000040b7       __NLG_Return               100050b7     LIBCMT:lowhelpr.obj
 0001:000040dc       __crt_debugger_hook        100050dc f   LIBCMT:dbghook.obj
 0001:0000416b       __VEC_memcpy               1000516b f   LIBCMT:p4_memcpy.obj
 0001:0000429e       __get_sse2_info            1000529e f   LIBCMT:cpu_disp.obj
 0001:00004300       ___sse2_available_init     10005300 f   LIBCMT:cpu_disp.obj
 0001:0000430d       __lseeki64_nolock          1000530d f   LIBCMT:lseeki64.obj
 0001:00004392       __write_nolock             10005392 f   LIBCMT:write.obj
 0001:00004ac5       __write                    10005ac5 f   LIBCMT:write.obj
 0001:00004ba1       __isatty                   10005ba1 f   LIBCMT:isatty.obj
 0001:00004c05       ___initstdio               10005c05 f   LIBCMT:_file.obj
 0001:00004cb6       ___endstdio                10005cb6 f   LIBCMT:_file.obj
 0001:00004cd6       __lock_file                10005cd6 f   LIBCMT:_file.obj
 0001:00004d17       __lock_file2               10005d17 f   LIBCMT:_file.obj
 0001:00004d49       __unlock_file              10005d49 f   LIBCMT:_file.obj
 0001:00004d85       __unlock_file2             10005d85 f   LIBCMT:_file.obj
 0001:00004db4       __fileno                   10005db4 f   LIBCMT:fileno.obj
 0001:0000500c       ___updatetmbcinfo          1000600c f   LIBCMT:mbctype.obj
 0001:0000512c       __setmbcp_nolock           1000612c f   LIBCMT:mbctype.obj
 0001:00005311       __setmbcp                  10006311 f   LIBCMT:mbctype.obj
 0001:000054ab       ___initmbctable            100064ab f   LIBCMT:mbctype.obj
 0001:000054c9       ___freetlocinfo            100064c9 f   LIBCMT:setlocal.obj
 0001:00005612       ___addlocaleref            10006612 f   LIBCMT:setlocal.obj
 0001:000056a1       ___removelocaleref         100066a1 f   LIBCMT:setlocal.obj
 0001:00005778       ___updatetlocinfo          10006778 f   LIBCMT:setlocal.obj
 0001:000057ee       __initp_misc_cfltcvt_tab   100067ee f   LIBCMT:cmiscdat.obj
 0001:0000580f       __isleadbyte_l             1000680f f i LIBCMT:_wctype.obj
 0001:00005847       _isleadbyte                10006847 f i LIBCMT:_wctype.obj
 0001:00005860       __aulldvrm                 10006860 f   LIBCMT:ulldvrm.obj
 0001:000058f5       __NMSG_WRITE               100068f5 f   LIBCMT:crt0msg.obj
 0001:00005aa0       __FF_MSGBANNER             10006aa0 f   LIBCMT:crt0msg.obj
 0001:00005ad9       __initp_misc_initcrit      10006ad9 f   LIBCMT:initcrit.obj
 0001:00005ae8       ___crtInitCritSecAndSpinCount 10006ae8 f   LIBCMT:initcrit.obj
 0001:00005b48       __local_unwind4            10006b48 f   LIBCMT:exsup4.obj
 0001:00005c1e       __seh_longjmp_unwind4@4    10006c1e f   LIBCMT:exsup4.obj
 0001:00005c3a       @_EH4_CallFilterFunc@8     10006c3a f   LIBCMT:exsup4.obj
 0001:00005c51       @_EH4_TransferToHandler@8  10006c51 f   LIBCMT:exsup4.obj
 0001:00005c6a       @_EH4_GlobalUnwind@4       10006c6a f   LIBCMT:exsup4.obj
 0001:00005c84       @_EH4_LocalUnwind@16       10006c84 f   LIBCMT:exsup4.obj
 0001:00005ca0       __ValidateImageBase        10006ca0 f   LIBCMT:pesect.obj
 0001:00005ce0       __FindPESection            10006ce0 f   LIBCMT:pesect.obj
 0001:00005d30       __IsNonwritableInCurrentImage 10006d30 f   LIBCMT:pesect.obj
 0001:00005e44       __VEC_memzero              10006e44 f   LIBCMT:p4_memset.obj
 0001:00005ed3       __msize                    10006ed3 f   LIBCMT:msize.obj
 0001:00005f76       __calloc_impl              10006f76 f   LIBCMT:calloc_impl.obj
 0001:00006094       _realloc                   10007094 f   LIBCMT:realloc.obj
 0001:000062af       __initp_misc_winsig        100072af f   LIBCMT:winsig.obj
 0001:00006304       ___get_sigabrt             10007304 f   LIBCMT:winsig.obj
 0001:00006311       _raise                     10007311 f   LIBCMT:winsig.obj
 0001:000064c1       __initp_misc_rand_s        100074c1 f   LIBCMT:rand_s.obj
 0001:000064d0       __initp_misc_purevirt      100074d0 f   LIBCMT:inithelp.obj
 0001:00006532       __ismbblead                10007532 f   LIBCMT:ismbbyte.obj
 0001:0000654a       _abort                     1000754a f   LIBCMT:abort.obj
 0001:00006664       __global_unwind2           10007664 f   LIBCMT:exsup.obj
 0001:000066c9       __local_unwind2            100076c9 f   LIBCMT:exsup.obj
 0001:0000674d       __abnormal_termination     1000774d f   LIBCMT:exsup.obj
 0001:00006770       __NLG_Notify1              10007770 f   LIBCMT:exsup.obj
 0001:00006779       __NLG_Notify               10007779 f   LIBCMT:exsup.obj
 0001:00006790       __NLG_Dispatch             10007790     LIBCMT:exsup.obj
 0001:00006790       __NLG_Dispatch2            10007790     LIBCMT:exsup.obj
 0001:00006798       __NLG_Call                 10007798 f   LIBCMT:exsup.obj
 0001:0000679a       __NLG_Return2              1000779a     LIBCMT:exsup.obj
 0001:0000679b       __free_osfhnd              1000779b f   LIBCMT:osfinfo.obj
 0001:00006821       __get_osfhandle            10007821 f   LIBCMT:osfinfo.obj
 0001:00006898       ___lock_fhandle            10007898 f   LIBCMT:osfinfo.obj
 0001:00006938       __unlock_fhandle           10007938 f   LIBCMT:osfinfo.obj
 0001:0000695f       __putwch_nolock            1000795f f   LIBCMT:putwch.obj
 0001:00006a24       __mbtowc_l                 10007a24 f   LIBCMT:mbtowc.obj
 0001:00006b3b       _mbtowc                    10007b3b f   LIBCMT:mbtowc.obj
 0001:00006b60       __chkstk                   10007b60 f   LIBCMT:chkstk.obj
 0001:00006b60       __alloca_probe             10007b60     LIBCMT:chkstk.obj
 0001:00006b8b       __fcloseall                10007b8b f   LIBCMT:closeall.obj
 0001:00006c2a       __flush                    10007c2a f   LIBCMT:fflush.obj
 0001:00006c92       __fflush_nolock            10007c92 f   LIBCMT:fflush.obj
 0001:00006db4       __flushall                 10007db4 f   LIBCMT:fflush.obj
 0001:00006dbd       __freea                    10007dbd f i LIBCMT:a_map.obj
 0001:00007182       ___crtLCMapStringA         10008182 f   LIBCMT:a_map.obj
 0001:00007381       ___crtGetStringTypeA       10008381 f   LIBCMT:a_str.obj
 0001:000073c3       ___free_lc_time            100083c3 f   LIBCMT:inittime.obj
 0001:00007558       ___free_lconv_num          10008558 f   LIBCMT:initnum.obj
 0001:0000759d       ___free_lconv_mon          1000859d f   LIBCMT:initmon.obj
 0001:0000762b       _strcat_s                  1000862b f   LIBCMT:strcat_s.obj
 0001:000076a0       _strcspn                   100086a0 f   LIBCMT:strcspn.obj
 0001:000076e6       _strncpy_s                 100086e6 f   LIBCMT:strncpy_s.obj
 0001:000077a0       _strpbrk                   100087a0 f   LIBCMT:strpbrk.obj
 0001:000077e0       __fptrap                   100087e0 f   LIBCMT:crt0fp.obj
 0001:00007a18       _strtol                    10008a18 f   LIBCMT:strtol.obj
 0001:00007a43       ___crtMessageBoxA          10008a43 f   LIBCMT:crtmbox.obj
 0001:00007bac       __set_error_mode           10008bac f   LIBCMT:errmode.obj
 0001:00007c00       __allmul                   10008c00 f   LIBCMT:llmul.obj
 0001:00007c34       _atol                      10008c34 f   LIBCMT:atox.obj
 0001:00007c4a       ___initconout              10008c4a f   LIBCMT:initcon.obj
 0001:00007c69       ___termcon                 10008c69 f   LIBCMT:initcon.obj
 0001:00007c96       __fclose_nolock            10008c96 f   LIBCMT:fclose.obj
 0001:00007d0d       _fclose                    10008d0d f   LIBCMT:fclose.obj
 0001:00007d89       __commit                   10008d89 f   LIBCMT:commit.obj
 0001:00007e6a       ___ansicp                  10008e6a f   LIBCMT:convrtcp.obj
 0001:00007eb3       ___convertcp               10008eb3 f   LIBCMT:convrtcp.obj
 0001:00008070       __alloca_probe_16          10009070 f   LIBCMT:alloca16.obj
 0001:00008086       __alloca_probe_8           10009086     LIBCMT:alloca16.obj
 0001:0000809c       __isctype_l                1000909c f   LIBCMT:isctype.obj
 0001:00008154       __close_nolock             10009154 f   LIBCMT:close.obj
 0001:000081f0       __close                    100091f0 f   LIBCMT:close.obj
 0001:000082bd       __freebuf                  100092bd f   LIBCMT:_freebuf.obj
 0001:000082f0       ___ascii_strnicmp          100092f0 f   LIBCMT:_strnicm.obj
 0001:00008370       _strchr                    10009370 f   LIBCMT:strchr.obj
 0001:00008376       ___from_strstr_to_strchr   10009376     LIBCMT:strchr.obj
 0001:0000842e       _RtlUnwind@16              1000942e f   kernel32:KERNEL32.dll
 0002:00000000       __imp__GetProcAddress@8    1000a000     kernel32:KERNEL32.dll
 0002:00000004       __imp__LoadLibraryA@4      1000a004     kernel32:KERNEL32.dll
 0002:00000008       __imp__GetLastError@0      1000a008     kernel32:KERNEL32.dll
 0002:0000000c       __imp__HeapFree@12         1000a00c     kernel32:KERNEL32.dll
 0002:00000010       __imp__GetCurrentThreadId@0 1000a010     kernel32:KERNEL32.dll
 0002:00000014       __imp__GetCommandLineA@0   1000a014     kernel32:KERNEL32.dll
 0002:00000018       __imp__RtlUnwind@16        1000a018     kernel32:KERNEL32.dll
 0002:0000001c       __imp__TerminateProcess@8  1000a01c     kernel32:KERNEL32.dll
 0002:00000020       __imp__GetCurrentProcess@0 1000a020     kernel32:KERNEL32.dll
 0002:00000024       __imp__UnhandledExceptionFilter@4 1000a024     kernel32:KERNEL32.dll
 0002:00000028       __imp__SetUnhandledExceptionFilter@4 1000a028     kernel32:KERNEL32.dll
 0002:0000002c       __imp__IsDebuggerPresent@0 1000a02c     kernel32:KERNEL32.dll
 0002:00000030       __imp__HeapAlloc@12        1000a030     kernel32:KERNEL32.dll
 0002:00000034       __imp__HeapCreate@12       1000a034     kernel32:KERNEL32.dll
 0002:00000038       __imp__HeapDestroy@4       1000a038     kernel32:KERNEL32.dll
 0002:0000003c       __imp__VirtualFree@12      1000a03c     kernel32:KERNEL32.dll
 0002:00000040       __imp__DeleteCriticalSection@4 1000a040     kernel32:KERNEL32.dll
 0002:00000044       __imp__LeaveCriticalSection@4 1000a044     kernel32:KERNEL32.dll
 0002:00000048       __imp__EnterCriticalSection@4 1000a048     kernel32:KERNEL32.dll
 0002:0000004c       __imp__VirtualAlloc@16     1000a04c     kernel32:KERNEL32.dll
 0002:00000050       __imp__HeapReAlloc@16      1000a050     kernel32:KERNEL32.dll
 0002:00000054       __imp__GetModuleHandleW@4  1000a054     kernel32:KERNEL32.dll
 0002:00000058       __imp__TlsGetValue@4       1000a058     kernel32:KERNEL32.dll
 0002:0000005c       __imp__TlsAlloc@0          1000a05c     kernel32:KERNEL32.dll
 0002:00000060       __imp__TlsSetValue@8       1000a060     kernel32:KERNEL32.dll
 0002:00000064       __imp__TlsFree@4           1000a064     kernel32:KERNEL32.dll
 0002:00000068       __imp__InterlockedIncrement@4 1000a068     kernel32:KERNEL32.dll
 0002:0000006c       __imp__SetLastError@4      1000a06c     kernel32:KERNEL32.dll
 0002:00000070       __imp__InterlockedDecrement@4 1000a070     kernel32:KERNEL32.dll
 0002:00000074       __imp__Sleep@4             1000a074     kernel32:KERNEL32.dll
 0002:00000078       __imp__ExitProcess@4       1000a078     kernel32:KERNEL32.dll
 0002:0000007c       __imp__SetHandleCount@4    1000a07c     kernel32:KERNEL32.dll
 0002:00000080       __imp__GetStdHandle@4      1000a080     kernel32:KERNEL32.dll
 0002:00000084       __imp__GetFileType@4       1000a084     kernel32:KERNEL32.dll
 0002:00000088       __imp__GetStartupInfoA@4   1000a088     kernel32:KERNEL32.dll
 0002:0000008c       __imp__GetModuleFileNameA@12 1000a08c     kernel32:KERNEL32.dll
 0002:00000090       __imp__FreeEnvironmentStringsA@4 1000a090     kernel32:KERNEL32.dll
 0002:00000094       __imp__GetEnvironmentStrings@0 1000a094     kernel32:KERNEL32.dll
 0002:00000098       __imp__FreeEnvironmentStringsW@4 1000a098     kernel32:KERNEL32.dll
 0002:0000009c       __imp__WideCharToMultiByte@32 1000a09c     kernel32:KERNEL32.dll
 0002:000000a0       __imp__GetEnvironmentStringsW@0 1000a0a0     kernel32:KERNEL32.dll
 0002:000000a4       __imp__QueryPerformanceCounter@4 1000a0a4     kernel32:KERNEL32.dll
 0002:000000a8       __imp__GetTickCount@0      1000a0a8     kernel32:KERNEL32.dll
 0002:000000ac       __imp__GetCurrentProcessId@0 1000a0ac     kernel32:KERNEL32.dll
 0002:000000b0       __imp__GetSystemTimeAsFileTime@4 1000a0b0     kernel32:KERNEL32.dll
 0002:000000b4       __imp__SetFilePointer@16   1000a0b4     kernel32:KERNEL32.dll
 0002:000000b8       __imp__WriteFile@20        1000a0b8     kernel32:KERNEL32.dll
 0002:000000bc       __imp__GetConsoleCP@0      1000a0bc     kernel32:KERNEL32.dll
 0002:000000c0       __imp__GetConsoleMode@8    1000a0c0     kernel32:KERNEL32.dll
 0002:000000c4       __imp__GetCPInfo@8         1000a0c4     kernel32:KERNEL32.dll
 0002:000000c8       __imp__GetACP@0            1000a0c8     kernel32:KERNEL32.dll
 0002:000000cc       __imp__GetOEMCP@0          1000a0cc     kernel32:KERNEL32.dll
 0002:000000d0       __imp__IsValidCodePage@4   1000a0d0     kernel32:KERNEL32.dll
 0002:000000d4       __imp__InitializeCriticalSectionAndSpinCount@8 1000a0d4     kernel32:KERNEL32.dll
 0002:000000d8       __imp__HeapSize@12         1000a0d8     kernel32:KERNEL32.dll
 0002:000000dc       __imp__SetStdHandle@8      1000a0dc     kernel32:KERNEL32.dll
 0002:000000e0       __imp__WriteConsoleA@20    1000a0e0     kernel32:KERNEL32.dll
 0002:000000e4       __imp__GetConsoleOutputCP@0 1000a0e4     kernel32:KERNEL32.dll
 0002:000000e8       __imp__WriteConsoleW@20    1000a0e8     kernel32:KERNEL32.dll
 0002:000000ec       __imp__MultiByteToWideChar@24 1000a0ec     kernel32:KERNEL32.dll
 0002:000000f0       __imp__LCMapStringA@24     1000a0f0     kernel32:KERNEL32.dll
 0002:000000f4       __imp__LCMapStringW@24     1000a0f4     kernel32:KERNEL32.dll
 0002:000000f8       __imp__GetStringTypeA@20   1000a0f8     kernel32:KERNEL32.dll
 0002:000000fc       __imp__GetStringTypeW@16   1000a0fc     kernel32:KERNEL32.dll
 0002:00000100       __imp__GetLocaleInfoA@16   1000a100     kernel32:KERNEL32.dll
 0002:00000104       __imp__CreateFileA@28      1000a104     kernel32:KERNEL32.dll
 0002:00000108       __imp__CloseHandle@4       1000a108     kernel32:KERNEL32.dll
 0002:0000010c       __imp__FlushFileBuffers@4  1000a10c     kernel32:KERNEL32.dll
 0002:00000110       \177KERNEL32_NULL_THUNK_DATA 1000a110     kernel32:KERNEL32.dll
 0002:00000114       ___xc_a                    1000a114     LIBCMT:crt0init.obj
 0002:00000118       ___xc_z                    1000a118     LIBCMT:crt0init.obj
 0002:0000011c       ___xi_a                    1000a11c     LIBCMT:crt0init.obj
 0002:00000130       ___xi_z                    1000a130     LIBCMT:crt0init.obj
 0002:00000134       ___xp_a                    1000a134     LIBCMT:crt0init.obj
 0002:00000140       ___xp_z                    1000a140     LIBCMT:crt0init.obj
 0002:00000144       ___xt_a                    1000a144     LIBCMT:crt0init.obj
 0002:00000148       ___xt_z                    1000a148     LIBCMT:crt0init.obj
 0002:0000016c       __pDefaultRawDllMain       1000a16c     LIBCMT:dllcrt0.obj
 0002:0000016c       __pRawDllMain              1000a16c     LIBCMT:dllcrt0.obj
 0002:00000178       ??_C@_1O@CEDCILHN@?$AA?$CI?$AAn?$AAu?$AAl?$AAl?$AA?$CJ?$AA?$AA@ 1000a178     LIBCMT:output.obj
 0002:00000188       ??_C@_06OJHGLDPL@?$CInull?$CJ?$AA@ 1000a188     LIBCMT:output.obj
 0002:00000190       ___lookuptable             1000a190     LIBCMT:output.obj
 0002:000001ec       ??_C@_0O@NLDKAIKN@EncodePointer?$AA@ 1000a1ec     LIBCMT:tidtable.obj
 0002:000001fc       ??_C@_1BK@DBDEIDLH@?$AAK?$AAE?$AAR?$AAN?$AAE?$AAL?$AA3?$AA2?$AA?4?$AAD?$AAL?$AAL?$AA?$AA@ 1000a1fc     LIBCMT:tidtable.obj
 0002:00000218       ??_C@_0O@KBPMFGHI@DecodePointer?$AA@ 1000a218     LIBCMT:tidtable.obj
 0002:00000228       ??_C@_07PEJMOBNF@FlsFree?$AA@ 1000a228     LIBCMT:tidtable.obj
 0002:00000230       ??_C@_0M@JCPCPOEF@FlsSetValue?$AA@ 1000a230     LIBCMT:tidtable.obj
 0002:0000023c       ??_C@_0M@GDNOONDI@FlsGetValue?$AA@ 1000a23c     LIBCMT:tidtable.obj
 0002:00000248       ??_C@_08KNHFBNJ@FlsAlloc?$AA@ 1000a248     LIBCMT:tidtable.obj
 0002:00000254       ??_C@_0P@MIGLKIOC@CorExitProcess?$AA@ 1000a254     LIBCMT:crt0dat.obj
 0002:00000264       ??_C@_1BI@BGOHAHKC@?$AAm?$AAs?$AAc?$AAo?$AAr?$AAe?$AAe?$AA?4?$AAd?$AAl?$AAl?$AA?$AA@ 1000a264     LIBCMT:crt0dat.obj
 0002:00000280       __XcptActTab               1000a280     LIBCMT:winxfltr.obj
 0002:000002f8       __pDestructExceptionObject 1000a2f8     LIBCMT:frame.obj
 0002:00000380       ??_C@_01NEMOKFLO@?$DN?$AA@ 1000a380     LIBCMT:setlocal.obj
 0002:00000382       ??_C@_00CNPNBAHC@?$AA@     1000a382     LIBCMT:setlocal.obj
 0002:00000388       ___lookuptable_s           1000a388     LIBCMT:outputs.obj
 0002:000003e4       ??_C@_0P@GGKDKEEG@runtime?5error?5?$AA@ 1000a3e4     LIBCMT:crt0msg.obj
 0002:000003f4       ??_C@_02PCIJFNDE@?$AN?6?$AA@ 1000a3f4     LIBCMT:crt0msg.obj
 0002:000003f8       ??_C@_0O@MJNIPGOH@TLOSS?5error?$AN?6?$AA@ 1000a3f8     LIBCMT:crt0msg.obj
 0002:00000408       ??_C@_0N@BONNPDHF@SING?5error?$AN?6?$AA@ 1000a408     LIBCMT:crt0msg.obj
 0002:00000418       ??_C@_0P@MBDAJNE@DOMAIN?5error?$AN?6?$AA@ 1000a418     LIBCMT:crt0msg.obj
 0002:00000428       ??_C@_0JL@DFDOOABL@R6034?$AN?6An?5application?5has?5made?5a@ 1000a428     LIBCMT:crt0msg.obj
 0002:000004c8       ??_C@_0PH@EPAFIJ@R6033?$AN?6?9?5Attempt?5to?5use?5MSIL?5cod@ 1000a4c8     LIBCMT:crt0msg.obj
 0002:000005c0       ??_C@_0DD@BKEEABMM@R6032?$AN?6?9?5not?5enough?5space?5for?5lo@ 1000a5c0     LIBCMT:crt0msg.obj
 0002:000005f8       ??_C@_0GD@OFKILIED@R6031?$AN?6?9?5Attempt?5to?5initialize?5t@ 1000a5f8     LIBCMT:crt0msg.obj
 0002:0000065c       ??_C@_0BP@LPMHJOKI@R6030?$AN?6?9?5CRT?5not?5initialized?$AN?6?$AA@ 1000a65c     LIBCMT:crt0msg.obj
 0002:0000067c       ??_C@_0CF@KJDAIALP@R6028?$AN?6?9?5unable?5to?5initialize?5he@ 1000a67c     LIBCMT:crt0msg.obj
 0002:000006a4       ??_C@_0DF@GAKBPDFP@R6027?$AN?6?9?5not?5enough?5space?5for?5lo@ 1000a6a4     LIBCMT:crt0msg.obj
 0002:000006dc       ??_C@_0DF@IBLNNAIG@R6026?$AN?6?9?5not?5enough?5space?5for?5st@ 1000a6dc     LIBCMT:crt0msg.obj
 0002:00000714       ??_C@_0CG@IOHKGFNJ@R6025?$AN?6?9?5pure?5virtual?5function?5c@ 1000a714     LIBCMT:crt0msg.obj
 0002:0000073c       ??_C@_0DF@JIJJFJDC@R6024?$AN?6?9?5not?5enough?5space?5for?5_o@ 1000a73c     LIBCMT:crt0msg.obj
 0002:00000774       ??_C@_0CJ@EGEJHFME@R6019?$AN?6?9?5unable?5to?5open?5console?5@ 1000a774     LIBCMT:crt0msg.obj
 0002:000007a0       ??_C@_0CB@GNHNIELH@R6018?$AN?6?9?5unexpected?5heap?5error?$AN?6@ 1000a7a0     LIBCMT:crt0msg.obj
 0002:000007c4       ??_C@_0CN@FOLDKNG@R6017?$AN?6?9?5unexpected?5multithread?5@ 1000a7c4     LIBCMT:crt0msg.obj
 0002:000007f4       ??_C@_0CM@FAHFJNHO@R6016?$AN?6?9?5not?5enough?5space?5for?5th@ 1000a7f4     LIBCMT:crt0msg.obj
 0002:00000820       ??_C@_0JG@LBKMGKLD@?$AN?6This?5application?5has?5requested@ 1000a820     LIBCMT:crt0msg.obj
 0002:000008b8       ??_C@_0CM@FLCNIPKK@R6009?$AN?6?9?5not?5enough?5space?5for?5en@ 1000a8b8     LIBCMT:crt0msg.obj
 0002:000008e4       ??_C@_0CK@KMMJOAPP@R6008?$AN?6?9?5not?5enough?5space?5for?5ar@ 1000a8e4     LIBCMT:crt0msg.obj
 0002:00000910       ??_C@_0CN@LEKKICBM@R6002?$AN?6?9?5floating?5point?5support?5@ 1000a910     LIBCMT:crt0msg.obj
 0002:00000940       ??_C@_0CF@GOGNBNAK@Microsoft?5Visual?5C?$CL?$CL?5Runtime?5Lib@ 1000a940     LIBCMT:crt0msg.obj
 0002:00000968       ??_C@_02PHMGELLB@?6?6?$AA@ 1000a968     LIBCMT:crt0msg.obj
 0002:0000096c       ??_C@_03KHICJKCI@?4?4?4?$AA@ 1000a96c     LIBCMT:crt0msg.obj
 0002:00000970       ??_C@_0BH@DNAGHKFM@?$DMprogram?5name?5unknown?$DO?$AA@ 1000a970     LIBCMT:crt0msg.obj
 0002:00000988       ??_C@_0BK@OFGJDLJJ@Runtime?5Error?$CB?6?6Program?3?5?$AA@ 1000a988     LIBCMT:crt0msg.obj
 0002:000009a4       ??_C@_0BK@CFCOFLF@?5Complete?5Object?5Locator?8?$AA@ 1000a9a4     LIBCMT:undname.obj
 0002:000009c0       ??_C@_0BN@MECKDCOJ@?5Class?5Hierarchy?5Descriptor?8?$AA@ 1000a9c0     LIBCMT:undname.obj
 0002:000009e0       ??_C@_0BD@LGICGFMM@?5Base?5Class?5Array?8?$AA@ 1000a9e0     LIBCMT:undname.obj
 0002:000009f4       ??_C@_0BM@LDKODKLH@?5Base?5Class?5Descriptor?5at?5?$CI?$AA@ 1000a9f4     LIBCMT:undname.obj
 0002:00000a10       ??_C@_0BC@DAFEJGAK@?5Type?5Descriptor?8?$AA@ 1000aa10     LIBCMT:undname.obj
 0002:00000a24       ??_C@_0BM@PMGGMLDN@?$GAlocal?5static?5thread?5guard?8?$AA@ 1000aa24     LIBCMT:undname.obj
 0002:00000a40       ??_C@_0CL@FGIJHLCE@?$GAmanaged?5vector?5copy?5constructor@ 1000aa40     LIBCMT:undname.obj
 0002:00000a6c       ??_C@_0CJ@GJELGAMM@?$GAvector?5vbase?5copy?5constructor?5i@ 1000aa6c     LIBCMT:undname.obj
 0002:00000a98       ??_C@_0CD@CGAJBKEJ@?$GAvector?5copy?5constructor?5iterato@ 1000aa98     LIBCMT:undname.obj
 0002:00000abc       ??_C@_0CB@PDBIFEP@?$GAdynamic?5atexit?5destructor?5for?5?8@ 1000aabc     LIBCMT:undname.obj
 0002:00000ae0       ??_C@_0BL@CLIPGLGB@?$GAdynamic?5initializer?5for?5?8?$AA@ 1000aae0     LIBCMT:undname.obj
 0002:00000afc       ??_C@_0CM@FCBBDIGB@?$GAeh?5vector?5vbase?5copy?5constructo@ 1000aafc     LIBCMT:undname.obj
 0002:00000b28       ??_C@_0CG@HLDDJMAG@?$GAeh?5vector?5copy?5constructor?5iter@ 1000ab28     LIBCMT:undname.obj
 0002:00000b50       ??_C@_0CF@IMGKMJNO@?$GAmanaged?5vector?5destructor?5itera@ 1000ab50     LIBCMT:undname.obj
 0002:00000b78       ??_C@_0CG@CFDHKGGD@?$GAmanaged?5vector?5constructor?5iter@ 1000ab78     LIBCMT:undname.obj
 0002:00000ba0       ??_C@_0BN@CKNJLHMB@?$GAplacement?5delete?$FL?$FN?5closure?8?$AA@ 1000aba0     LIBCMT:undname.obj
 0002:00000bc0       ??_C@_0BL@CNOONJFP@?$GAplacement?5delete?5closure?8?$AA@ 1000abc0     LIBCMT:undname.obj
 0002:00000bdc       ??_C@_0P@HJKNJFNN@?$GAomni?5callsig?8?$AA@ 1000abdc     LIBCMT:undname.obj
 0002:00000bec       ??_C@_09LBNFPBCA@?5delete?$FL?$FN?$AA@ 1000abec     LIBCMT:undname.obj
 0002:00000bf8       ??_C@_06FHBGPFGH@?5new?$FL?$FN?$AA@ 1000abf8     LIBCMT:undname.obj
 0002:00000c00       ??_C@_0CE@IIHCMGGL@?$GAlocal?5vftable?5constructor?5closu@ 1000ac00     LIBCMT:undname.obj
 0002:00000c24       ??_C@_0BA@KKLDJDLB@?$GAlocal?5vftable?8?$AA@ 1000ac24     LIBCMT:undname.obj
 0002:00000c34       ??_C@_05KHLCHHI@?$GARTTI?$AA@ 1000ac34     LIBCMT:undname.obj
 0002:00000c3c       ??_C@_03KLGMFNMG@?$GAEH?$AA@ 1000ac3c     LIBCMT:undname.obj
 0002:00000c40       ??_C@_0BA@KBCDOMBN@?$GAudt?5returning?8?$AA@ 1000ac40     LIBCMT:undname.obj
 0002:00000c50       ??_C@_0BL@LLKPOHJI@?$GAcopy?5constructor?5closure?8?$AA@ 1000ac50     LIBCMT:undname.obj
 0002:00000c6c       ??_C@_0CH@OOJPLCPH@?$GAeh?5vector?5vbase?5constructor?5ite@ 1000ac6c     LIBCMT:undname.obj
 0002:00000c94       ??_C@_0CA@GCEOPDGL@?$GAeh?5vector?5destructor?5iterator?8?$AA@ 1000ac94     LIBCMT:undname.obj
 0002:00000cb4       ??_C@_0CB@JONCMFFK@?$GAeh?5vector?5constructor?5iterator?8@ 1000acb4     LIBCMT:undname.obj
 0002:00000cd8       ??_C@_0BL@NILFHHPC@?$GAvirtual?5displacement?5map?8?$AA@ 1000acd8     LIBCMT:undname.obj
 0002:00000cf4       ??_C@_0CE@IKBNEHA@?$GAvector?5vbase?5constructor?5iterat@ 1000acf4     LIBCMT:undname.obj
 0002:00000d18       ??_C@_0BN@LFPFMEDL@?$GAvector?5destructor?5iterator?8?$AA@ 1000ad18     LIBCMT:undname.obj
 0002:00000d38       ??_C@_0BO@PFGOCPJJ@?$GAvector?5constructor?5iterator?8?$AA@ 1000ad38     LIBCMT:undname.obj
 0002:00000d58       ??_C@_0BN@IMDCHIKM@?$GAscalar?5deleting?5destructor?8?$AA@ 1000ad58     LIBCMT:undname.obj
 0002:00000d78       ??_C@_0BO@OBMKPJIG@?$GAdefault?5constructor?5closure?8?$AA@ 1000ad78     LIBCMT:undname.obj
 0002:00000d98       ??_C@_0BN@DEGPLNFK@?$GAvector?5deleting?5destructor?8?$AA@ 1000ad98     LIBCMT:undname.obj
 0002:00000db8       ??_C@_0BD@JDLKDPAB@?$GAvbase?5destructor?8?$AA@ 1000adb8     LIBCMT:undname.obj
 0002:00000dcc       ??_C@_08OBABFOLI@?$GAstring?8?$AA@ 1000adcc     LIBCMT:undname.obj
 0002:00000dd8       ??_C@_0BF@KDPPACIK@?$GAlocal?5static?5guard?8?$AA@ 1000add8     LIBCMT:undname.obj
 0002:00000df0       ??_C@_08LLFFHHDJ@?$GAtypeof?8?$AA@ 1000adf0     LIBCMT:undname.obj
 0002:00000dfc       ??_C@_07FEEIOKP@?$GAvcall?8?$AA@ 1000adfc     LIBCMT:undname.obj
 0002:00000e04       ??_C@_09BLBHBJP@?$GAvbtable?8?$AA@ 1000ae04     LIBCMT:undname.obj
 0002:00000e10       ??_C@_09IFPLHPGF@?$GAvftable?8?$AA@ 1000ae10     LIBCMT:undname.obj
 0002:00000e1c       ??_C@_02MHEGNOJ@?$FO?$DN?$AA@ 1000ae1c     LIBCMT:undname.obj
 0002:00000e20       ??_C@_02DHLNPPGH@?$HM?$DN?$AA@ 1000ae20     LIBCMT:undname.obj
 0002:00000e24       ??_C@_02FGJGFEAB@?$CG?$DN?$AA@ 1000ae24     LIBCMT:undname.obj
 0002:00000e28       ??_C@_03CDNPDDLA@?$DM?$DM?$DN?$AA@ 1000ae28     LIBCMT:undname.obj
 0002:00000e2c       ??_C@_03IKFCCPFF@?$DO?$DO?$DN?$AA@ 1000ae2c     LIBCMT:undname.obj
 0002:00000e30       ??_C@_02FENAOKFI@?$CF?$DN?$AA@ 1000ae30     LIBCMT:undname.obj
 0002:00000e34       ??_C@_02FJEHGPIO@?1?$DN?$AA@ 1000ae34     LIBCMT:undname.obj
 0002:00000e38       ??_C@_02FKMDLLOA@?9?$DN?$AA@ 1000ae38     LIBCMT:undname.obj
 0002:00000e3c       ??_C@_02FOEOMHFC@?$CL?$DN?$AA@ 1000ae3c     LIBCMT:undname.obj
 0002:00000e40       ??_C@_02FPIMKNGF@?$CK?$DN?$AA@ 1000ae40     LIBCMT:undname.obj
 0002:00000e44       ??_C@_02NONPIBCD@?$HM?$HM?$AA@ 1000ae44     LIBCMT:undname.obj
 0002:00000e48       ??_C@_02PPKAJPJL@?$CG?$CG?$AA@ 1000ae48     LIBCMT:undname.obj
 0002:00000e4c       ??_C@_01DNKMNLPK@?$HM?$AA@ 1000ae4c     LIBCMT:undname.obj
 0002:00000e50       ??_C@_01JKBOJNNK@?$FO?$AA@ 1000ae50     LIBCMT:undname.obj
 0002:00000e54       ??_C@_01PJKLJHI@?$HO?$AA@  1000ae54     LIBCMT:undname.obj
 0002:00000e58       ??_C@_02HCKGKOFO@?$CI?$CJ?$AA@ 1000ae58     LIBCMT:undname.obj
 0002:00000e5c       ??_C@_01IHBHIGKO@?0?$AA@   1000ae5c     LIBCMT:undname.obj
 0002:00000e60       ??_C@_02EEKDKGMJ@?$DO?$DN?$AA@ 1000ae60     LIBCMT:undname.obj
 0002:00000e64       ??_C@_01PPODPGHN@?$DO?$AA@ 1000ae64     LIBCMT:undname.obj
 0002:00000e68       ??_C@_02EHCHHCKH@?$DM?$DN?$AA@ 1000ae68     LIBCMT:undname.obj
 0002:00000e6c       ??_C@_01MNNFJEPP@?$DM?$AA@ 1000ae6c     LIBCMT:undname.obj
 0002:00000e70       ??_C@_01FGNFDNOH@?$CF?$AA@ 1000ae70     LIBCMT:undname.obj
 0002:00000e74       ??_C@_01KMDKNFGN@?1?$AA@   1000ae74     LIBCMT:undname.obj
 0002:00000e78       ??_C@_03MNHNFDLC@?9?$DO?$CK?$AA@ 1000ae78     LIBCMT:undname.obj
 0002:00000e7c       ??_C@_01HNPIGOCE@?$CG?$AA@ 1000ae7c     LIBCMT:undname.obj
 0002:00000e80       ??_C@_01MIFGBAGJ@?$CL?$AA@ 1000ae80     LIBCMT:undname.obj
 0002:00000e84       ??_C@_01JOAMLHOP@?9?$AA@   1000ae84     LIBCMT:undname.obj
 0002:00000e88       ??_C@_02BAABKJLB@?9?9?$AA@ 1000ae88     LIBCMT:undname.obj
 0002:00000e8c       ??_C@_02ECNGHCIF@?$CL?$CL?$AA@ 1000ae8c     LIBCMT:undname.obj
 0002:00000e90       ??_C@_01NBENCBCI@?$CK?$AA@ 1000ae90     LIBCMT:undname.obj
 0002:00000e94       ??_C@_02HBOOOICD@?9?$DO?$AA@ 1000ae94     LIBCMT:undname.obj
 0002:00000e98       ??_C@_08LHJFAFGD@operator?$AA@ 1000ae98     LIBCMT:undname.obj
 0002:00000ea4       ??_C@_02GPECMEKF@?$FL?$FN?$AA@ 1000aea4     LIBCMT:undname.obj
 0002:00000ea8       ??_C@_02FDNJECIE@?$CB?$DN?$AA@ 1000aea8     LIBCMT:undname.obj
 0002:00000eac       ??_C@_02EGOFBIJA@?$DN?$DN?$AA@ 1000aeac     LIBCMT:undname.obj
 0002:00000eb0       ??_C@_01DCLJPIOD@?$CB?$AA@ 1000aeb0     LIBCMT:undname.obj
 0002:00000eb4       ??_C@_02FODMEDOG@?$DM?$DM?$AA@ 1000aeb4     LIBCMT:undname.obj
 0002:00000eb8       ??_C@_02GPIOPFAK@?$DO?$DO?$AA@ 1000aeb8     LIBCMT:undname.obj
 0002:00000ebc       ??_C@_07FPCDHGMM@?5delete?$AA@ 1000aebc     LIBCMT:undname.obj
 0002:00000ec4       ??_C@_04NIHEBCM@?5new?$AA@ 1000aec4     LIBCMT:undname.obj
 0002:00000ecc       ??_C@_0M@GFIIJFMG@__unaligned?$AA@ 1000aecc     LIBCMT:undname.obj
 0002:00000ed8       ??_C@_0L@PILCLIHE@__restrict?$AA@ 1000aed8     LIBCMT:undname.obj
 0002:00000ee4       ??_C@_07JOMMBBKO@__ptr64?$AA@ 1000aee4     LIBCMT:undname.obj
 0002:00000eec       ??_C@_09HIJEGCPM@__clrcall?$AA@ 1000aeec     LIBCMT:undname.obj
 0002:00000ef8       ??_C@_0L@JMKHOMEK@__fastcall?$AA@ 1000aef8     LIBCMT:undname.obj
 0002:00000f04       ??_C@_0L@NPHFGOKO@__thiscall?$AA@ 1000af04     LIBCMT:undname.obj
 0002:00000f10       ??_C@_09IFJBGAPI@__stdcall?$AA@ 1000af10     LIBCMT:undname.obj
 0002:00000f1c       ??_C@_08GHMPAG@__pascal?$AA@ 1000af1c     LIBCMT:undname.obj
 0002:00000f28       ??_C@_07KOLFKCDI@__cdecl?$AA@ 1000af28     LIBCMT:undname.obj
 0002:00000f30       ??_C@_08EHJDFFNH@__based?$CI?$AA@ 1000af30     LIBCMT:undname.obj
 0002:000010c0       ??_C@_13NOLLCAOD@?$AA?$AA?$AA?$AA@ 1000b0c0     LIBCMT:a_map.obj
 0002:000010c8       ___newctype                1000b0c8     LIBCMT:ctype.obj
 0002:000013c8       __wctype                   1000b3c8     LIBCMT:ctype.obj
 0002:000015d0       ___newclmap                1000b5d0     LIBCMT:ctype.obj
 0002:00001750       ___newcumap                1000b750     LIBCMT:ctype.obj
 0002:000018d0       ??_C@_08JCCMCCIL@HH?3mm?3ss?$AA@ 1000b8d0     LIBCMT:strftime.obj
 0002:000018dc       ??_C@_0BE@CKGJFCPC@dddd?0?5MMMM?5dd?0?5yyyy?$AA@ 1000b8dc     LIBCMT:strftime.obj
 0002:000018f0       ??_C@_08BPBNCDIB@MM?1dd?1yy?$AA@ 1000b8f0     LIBCMT:strftime.obj
 0002:000018fc       ??_C@_02CJNFDJBF@PM?$AA@   1000b8fc     LIBCMT:strftime.obj
 0002:00001900       ??_C@_02DEDBPAFC@AM?$AA@   1000b900     LIBCMT:strftime.obj
 0002:00001904       ??_C@_08EDHMEBNP@December?$AA@ 1000b904     LIBCMT:strftime.obj
 0002:00001910       ??_C@_08HCHEGEOA@November?$AA@ 1000b910     LIBCMT:strftime.obj
 0002:0000191c       ??_C@_07JJNFCEND@October?$AA@ 1000b91c     LIBCMT:strftime.obj
 0002:00001924       ??_C@_09BHHEALKD@September?$AA@ 1000b924     LIBCMT:strftime.obj
 0002:00001930       ??_C@_06LBBHFDDG@August?$AA@ 1000b930     LIBCMT:strftime.obj
 0002:00001938       ??_C@_04MIEPOIFP@July?$AA@ 1000b938     LIBCMT:strftime.obj
 0002:00001940       ??_C@_04CNLMGBGM@June?$AA@ 1000b940     LIBCMT:strftime.obj
 0002:00001948       ??_C@_05DMJDNLEJ@April?$AA@ 1000b948     LIBCMT:strftime.obj
 0002:00001950       ??_C@_05HPCKOFNC@March?$AA@ 1000b950     LIBCMT:strftime.obj
 0002:00001958       ??_C@_08GNJGEPFN@February?$AA@ 1000b958     LIBCMT:strftime.obj
 0002:00001964       ??_C@_07CGJPFGJA@January?$AA@ 1000b964     LIBCMT:strftime.obj
 0002:0000196c       ??_C@_03MKABNOCG@Dec?$AA@  1000b96c     LIBCMT:strftime.obj
 0002:00001970       ??_C@_03JPJOFNIA@Nov?$AA@  1000b970     LIBCMT:strftime.obj
 0002:00001974       ??_C@_03BMAOKBAD@Oct?$AA@  1000b974     LIBCMT:strftime.obj
 0002:00001978       ??_C@_03GGCAPAJC@Sep?$AA@  1000b978     LIBCMT:strftime.obj
 0002:0000197c       ??_C@_03IFJFEIGA@Aug?$AA@  1000b97c     LIBCMT:strftime.obj
 0002:00001980       ??_C@_03LBGABGKK@Jul?$AA@  1000b980     LIBCMT:strftime.obj
 0002:00001984       ??_C@_03IDFGHECI@Jun?$AA@  1000b984     LIBCMT:strftime.obj
 0002:00001988       ??_C@_03CNMDKL@May?$AA@    1000b988     LIBCMT:strftime.obj
 0002:0000198c       ??_C@_03LEOLGMJP@Apr?$AA@  1000b98c     LIBCMT:strftime.obj
 0002:00001990       ??_C@_03ODNJBKGA@Mar?$AA@  1000b990     LIBCMT:strftime.obj
 0002:00001994       ??_C@_03HJBDCHOM@Feb?$AA@  1000b994     LIBCMT:strftime.obj
 0002:00001998       ??_C@_03JIHJHPIE@Jan?$AA@  1000b998     LIBCMT:strftime.obj
 0002:0000199c       ??_C@_08INBOOONO@Saturday?$AA@ 1000b99c     LIBCMT:strftime.obj
 0002:000019a8       ??_C@_06JECMNKMI@Friday?$AA@ 1000b9a8     LIBCMT:strftime.obj
 0002:000019b0       ??_C@_08HACCIKIA@Thursday?$AA@ 1000b9b0     LIBCMT:strftime.obj
 0002:000019bc       ??_C@_09DLIGFAKA@Wednesday?$AA@ 1000b9bc     LIBCMT:strftime.obj
 0002:000019c8       ??_C@_07BAAGCFCM@Tuesday?$AA@ 1000b9c8     LIBCMT:strftime.obj
 0002:000019d0       ??_C@_06JLEDEDGH@Monday?$AA@ 1000b9d0     LIBCMT:strftime.obj
 0002:000019d8       ??_C@_06OOPIFAJ@Sunday?$AA@ 1000b9d8     LIBCMT:strftime.obj
 0002:000019e0       ??_C@_03FEFJNEK@Sat?$AA@   1000b9e0     LIBCMT:strftime.obj
 0002:000019e4       ??_C@_03IDIOELNC@Fri?$AA@  1000b9e4     LIBCMT:strftime.obj
 0002:000019e8       ??_C@_03IOFIKPDN@Thu?$AA@  1000b9e8     LIBCMT:strftime.obj
 0002:000019ec       ??_C@_03MHOMLAJA@Wed?$AA@  1000b9ec     LIBCMT:strftime.obj
 0002:000019f0       ??_C@_03NAGEINEP@Tue?$AA@  1000b9f0     LIBCMT:strftime.obj
 0002:000019f4       ??_C@_03PDAGKDH@Mon?$AA@   1000b9f4     LIBCMT:strftime.obj
 0002:000019f8       ??_C@_03KOEHGMDN@Sun?$AA@  1000b9f8     LIBCMT:strftime.obj
 0002:000019fc       ??_C@_0BI@DFKBFLJE@GetProcessWindowStation?$AA@ 1000b9fc     LIBCMT:crtmbox.obj
 0002:00001a14       ??_C@_0BK@CIDNPOGP@GetUserObjectInformationA?$AA@ 1000ba14     LIBCMT:crtmbox.obj
 0002:00001a30       ??_C@_0BD@HHGDFDBJ@GetLastActivePopup?$AA@ 1000ba30     LIBCMT:crtmbox.obj
 0002:00001a44       ??_C@_0BA@HNOPNCHB@GetActiveWindow?$AA@ 1000ba44     LIBCMT:crtmbox.obj
 0002:00001a54       ??_C@_0M@CHKKJDAI@MessageBoxA?$AA@ 1000ba54     LIBCMT:crtmbox.obj
 0002:00001a60       ??_C@_0L@NDEGIDAG@USER32?4DLL?$AA@ 1000ba60     LIBCMT:crtmbox.obj
 0002:00001a6c       ??_C@_07GPDNMNG@CONOUT$?$AA@ 1000ba6c     LIBCMT:initcon.obj
 0002:00001a74       ___dnames                  1000ba74     LIBCMT:timeset.obj
 0002:00001a8c       ___mnames                  1000ba8c     LIBCMT:timeset.obj
 0002:00001ab4       ??_C@_0BD@HGMAJBDN@igrik?4BattleReplay?$AA@ 1000bab4     BattleReplay.obj
 0002:00001ac8       ??_C@_0P@GHFPNOJB@bad?5allocation?$AA@ 1000bac8     BattleReplay.obj
 0002:00001ad8       ??_C@_0BA@FDLNIKIG@patcher_x86?4dll?$AA@ 1000bad8     BattleReplay.obj
 0002:00001ae8       ??_C@_0BB@CKHJKIEB@_GetPatcherX86?$EA0?$AA@ 1000bae8     BattleReplay.obj
 0002:00001afc       ??_C@_09IIFHEAOO@angel?4dll?$AA@ 1000bafc     BattleReplay.obj
 0002:00001b08       ??_C@_0M@BFOAAPGP@EventParams?$AA@ 1000bb08     BattleReplay.obj
 0002:00001b14       ??_C@_0BD@KPOAIKLJ@RestoreEventParams?$AA@ 1000bb14     BattleReplay.obj
 0002:00001b28       ??_C@_0BA@JJKLPBHG@SaveEventParams?$AA@ 1000bb28     BattleReplay.obj
 0002:00001b38       ??_C@_07PILJHEGK@era?4dll?$AA@ 1000bb38     BattleReplay.obj
 0002:00001b40       ??_C@_02EOEPPNBF@tr?$AA@   1000bb40     BattleReplay.obj
 0002:00001b44       ??_C@_07HCDNKGPA@ApiHook?$AA@ 1000bb44     BattleReplay.obj
 0002:00001b4c       ??_C@_0BB@NFICFMFA@ClearAllIniCache?$AA@ 1000bb4c     BattleReplay.obj
 0002:00001b60       ??_C@_0O@KHPPEFLJ@ClearIniCache?$AA@ 1000bb60     BattleReplay.obj
 0002:00001b70       ??_C@_0L@GHCNBJIK@ExecErmCmd?$AA@ 1000bb70     BattleReplay.obj
 0002:00001b7c       ??_C@_0L@BBNMEHJH@ExtractErm?$AA@ 1000bb7c     BattleReplay.obj
 0002:00001b88       ??_C@_0L@CKILDBJC@FatalError?$AA@ 1000bb88     BattleReplay.obj
 0002:00001b94       ??_C@_0N@HFGMKLEN@FireErmEvent?$AA@ 1000bb94     BattleReplay.obj
 0002:00001ba4       ??_C@_09GEAPPBGH@FireEvent?$AA@ 1000bba4     BattleReplay.obj
 0002:00001bb0       ??_C@_0M@KJHFCLAP@GetButtonID?$AA@ 1000bbb0     BattleReplay.obj
 0002:00001bbc       ??_C@_0L@LNAOMCPJ@GetVersion?$AA@ 1000bbbc     BattleReplay.obj
 0002:00001bc8       ??_C@_0O@FNMDEAHG@GetVersionNum?$AA@ 1000bbc8     BattleReplay.obj
 0002:00001bd8       ??_C@_0N@CFMBLIKP@GetGameState?$AA@ 1000bbd8     BattleReplay.obj
 0002:00001be8       ??_C@_0M@LKIFOAN@GetRealAddr?$AA@ 1000bbe8     BattleReplay.obj
 0002:00001bf4       ??_C@_0BD@DPCJBLFO@GlobalRedirectFile?$AA@ 1000bbf4     BattleReplay.obj
 0002:00001c08       ??_C@_04PHJJMCEO@Hook?$AA@ 1000bc08     BattleReplay.obj
 0002:00001c10       ??_C@_08EBPIACBO@HookCode?$AA@ 1000bc10     BattleReplay.obj
 0002:00001c1c       ??_C@_0BB@PHLEIINC@LoadImageAsPcx16?$AA@ 1000bc1c     BattleReplay.obj
 0002:00001c30       ??_C@_07GDNFNLKF@LoadTxt?$AA@ 1000bc30     BattleReplay.obj
 0002:00001c38       ??_C@_07FLCNLLL@MemFree?$AA@ 1000bc38     BattleReplay.obj
 0002:00001c40       ??_C@_09PIKCKENJ@NameColor?$AA@ 1000bc40     BattleReplay.obj
 0002:00001c4c       ??_C@_0M@LNHBMGFH@NotifyError?$AA@ 1000bc4c     BattleReplay.obj
 0002:00001c58       ??_C@_0M@PLEJCMGM@PatchExists?$AA@ 1000bc58     BattleReplay.obj
 0002:00001c64       ??_C@_0N@BGLGOOMO@PluginExists?$AA@ 1000bc64     BattleReplay.obj
 0002:00001c74       ??_C@_0BE@CIDOCKGN@ReadSavegameSection?$AA@ 1000bc74     BattleReplay.obj
 0002:00001c88       ??_C@_0P@CCLIEMKP@ReadStrFromIni?$AA@ 1000bc88     BattleReplay.obj
 0002:00001c98       ??_C@_09IJJOFFNH@RecallAPI?$AA@ 1000bc98     BattleReplay.obj
 0002:00001ca4       ??_C@_0N@EADKAOLK@RedirectFile?$AA@ 1000bca4     BattleReplay.obj
 0002:00001cb4       ??_C@_0BE@OJOEEMJD@RedirectMemoryBlock?$AA@ 1000bcb4     BattleReplay.obj
 0002:00001cc8       ??_C@_0BA@BCNGHKCC@RegisterHandler?$AA@ 1000bcc8     BattleReplay.obj
 0002:00001cd8       ??_C@_09MJCMIAEG@ReloadErm?$AA@ 1000bcd8     BattleReplay.obj
 0002:00001ce4       ??_C@_0BE@JBKGKCON@ReportPluginVersion?$AA@ 1000bce4     BattleReplay.obj
 0002:00001cf8       ??_C@_07PAHGKEHA@SaveIni?$AA@ 1000bcf8     BattleReplay.obj
 0002:00001d00       ??_C@_06DDHLBGDE@Splice?$AA@ 1000bd00     BattleReplay.obj
 0002:00001d08       ??_C@_0M@OFFBOJCJ@ToStaticStr?$AA@ 1000bd08     BattleReplay.obj
 0002:00001d14       ??_C@_0M@CLLMHKFF@WriteAtCode?$AA@ 1000bd14     BattleReplay.obj
 0002:00001d20       ??_C@_0BF@HMHBLPO@WriteSavegameSection?$AA@ 1000bd20     BattleReplay.obj
 0002:00001d38       ??_C@_0O@POMBDOKD@WriteStrToIni?$AA@ 1000bd38     BattleReplay.obj
 0002:00001d48       ??_C@_0BN@DPBDBLAF@_GetPreselectedDialog8ItemId?$AA@ 1000bd48     BattleReplay.obj
 0002:00001d68       ??_C@_0BO@NKNJIFPC@_GetDialog8SelectablePicsMask?$AA@ 1000bd68     BattleReplay.obj
 0002:00001d88       ??_C@_0N@HPLADLMK@Box64x30?4pcx?$AA@ 1000bd88     BattleReplay.obj
 0002:00001d98       ??_C@_0M@JLCNBKHP@iCancel?4def?$AA@ 1000bd98     BattleReplay.obj
 0002:00001da4       ??_C@_0P@KPGPPBFD@HD?4QuickCombat?$AA@ 1000bda4     BattleReplay.obj
 0002:00001db4       ??_C@_0P@NPIDOPIB@OnBattleReplay?$AA@ 1000bdb4     BattleReplay.obj
 0002:00001dc4       ??_C@_0BF@OBDKPBKN@OnBeforeBattleReplay?$AA@ 1000bdc4     BattleReplay.obj
 0002:00001ddc       ??_C@_0BC@PBLINPDM@E8?5AB22D5FF?590?590?$AA@ 1000bddc     BattleReplay.obj
 0002:00001df0       __load_config_used         1000bdf0     LIBCMT:loadcfg.obj
 0002:00001ea0       ___safe_se_handler_table   1000bea0     <linker-defined>
 0002:00001eac       ___rtc_iaa                 1000beac     LIBCMT:_initsect_.obj
 0002:00001eb0       ___rtc_izz                 1000beb0     LIBCMT:_initsect_.obj
 0002:00001eb4       ___rtc_taa                 1000beb4     LIBCMT:_initsect_.obj
 0002:00001eb8       ___rtc_tzz                 1000beb8     LIBCMT:_initsect_.obj
 0002:00002254       __IMPORT_DESCRIPTOR_KERNEL32 1000c254     kernel32:KERNEL32.dll
 0002:00002268       __NULL_IMPORT_DESCRIPTOR   1000c268     kernel32:KERNEL32.dll
 0003:00000010       ___security_cookie         1000d010     LIBCMT:gs_cookie.obj
 0003:00000014       ___security_cookie_complement 1000d014     LIBCMT:gs_cookie.obj
 0003:00000190       ___nullstring              1000d190     LIBCMT:output.obj
 0003:00000194       ___wnullstring             1000d194     LIBCMT:output.obj
 0003:00000198       __amblksiz                 1000d198     LIBCMT:heapinit.obj
 0003:000002d0       ___flsindex                1000d2d0     LIBCMT:tidtable.obj
 0003:000002d4       ___getvalueindex           1000d2d4     LIBCMT:tidtable.obj
 0003:000002d8       __aexit_rtn                1000d2d8     LIBCMT:crt0dat.obj
 0003:000002e0       ___badioinfo               1000d2e0     LIBCMT:ioinit.obj
 0003:00000320       __First_FPE_Indx           1000d320     LIBCMT:winxfltr.obj
 0003:00000324       __Num_FPE                  1000d324     LIBCMT:winxfltr.obj
 0003:00000328       __XcptActTabSize           1000d328     LIBCMT:winxfltr.obj
 0003:0000032c       __XcptActTabCount          1000d32c     LIBCMT:winxfltr.obj
 0003:00000340       __iob                      1000d340     LIBCMT:_file.obj
 0003:000005c0       ___initialmbcinfo          1000d5c0     LIBCMT:mbctype.obj
 0003:000007e0       __mbctype                  1000d7e0     LIBCMT:mbctype.obj
 0003:000008e8       __mbcasemap                1000d8e8     LIBCMT:mbctype.obj
 0003:000009e8       ___ptmbcinfo               1000d9e8     LIBCMT:mbctype.obj
 0003:00000ae4       ___globallocalestatus      1000dae4     LIBCMT:glstatus.obj
 0003:00000ae8       ___clocalestr              1000dae8     LIBCMT:nlsdata2.obj
 0003:00000af0       ___initiallocinfo          1000daf0     LIBCMT:nlsdata2.obj
 0003:00000bc8       ___ptlocinfo               1000dbc8     LIBCMT:nlsdata2.obj
 0003:00000bcc       ___lc_clike                1000dbcc     LIBCMT:nlsdata2.obj
 0003:00000bd0       ___initiallocalestructinfo 1000dbd0     LIBCMT:nlsdata2.obj
 0003:00000bd8       __cfltcvt_tab              1000dbd8     LIBCMT:cmiscdat.obj
 0003:00000cb8       ___abort_behavior          1000dcb8     LIBCMT:abort.obj
 0003:00000cbc       __NLG_Destination          1000dcbc     LIBCMT:exsup.obj
 0003:00000cd0       __pctype                   1000dcd0     LIBCMT:ctype.obj
 0003:00000cd4       __pwctype                  1000dcd4     LIBCMT:ctype.obj
 0003:00000cd8       ___lc_time_c               1000dcd8     LIBCMT:strftime.obj
 0003:00000d90       ___lc_time_curr            1000dd90     LIBCMT:strftime.obj
 0003:00000d94       ___lconv_static_decimal    1000dd94     LIBCMT:lconv.obj
 0003:00000d98       ___lconv_c                 1000dd98     LIBCMT:lconv.obj
 0003:00000dc8       ___lconv                   1000ddc8     LIBCMT:lconv.obj
 0003:00000dcc       ___mb_cur_max              1000ddcc     LIBCMT:nlsdata1.obj
 0003:00000dd0       ___decimal_point           1000ddd0     LIBCMT:nlsdata1.obj
 0003:00000dd4       ___decimal_point_length    1000ddd4     LIBCMT:nlsdata1.obj
 0003:00000de0       __coninpfh                 1000dde0     LIBCMT:initcon.obj
 0003:00000de4       __confh                    1000dde4     LIBCMT:initcon.obj
 0003:00000df0       __timezone                 1000ddf0     LIBCMT:timeset.obj
 0003:00000df4       __daylight                 1000ddf4     LIBCMT:timeset.obj
 0003:00000df8       __dstbias                  1000ddf8     LIBCMT:timeset.obj
 0003:00000e80       __tzname                   1000de80     LIBCMT:timeset.obj
 0003:00000ea0       __lpdays                   1000dea0     LIBCMT:days.obj
 0003:00000ed4       __days                     1000ded4     LIBCMT:days.obj
 0003:00000f14       ?PLUGIN_NAME@@3PADA        1000df14     BattleReplay.obj
 0003:00000f24       __aenvptr                  1000df24     LIBCMT:dllcrt0.obj
 0003:00000f28       __wenvptr                  1000df28     LIBCMT:dllcrt0.obj
 0003:00000f2c       ___error_mode              1000df2c     LIBCMT:dllcrt0.obj
 0003:00000f30       ___app_type                1000df30     LIBCMT:dllcrt0.obj
 0003:0000125c       ___pInvalidArgHandler      1000e25c     LIBCMT:invarg.obj
 0003:00001260       __crtheap                  1000e260     LIBCMT:heapinit.obj
 0003:000013b8       ___sbh_pHeaderDefer        1000e3b8     LIBCMT:sbheap.obj
 0003:000013c4       ?_pnhHeap@@3P6AHI@ZA       1000e3c4     LIBCMT:handler.obj
 0003:000013c8       _gpFlsAlloc                1000e3c8     LIBCMT:tidtable.obj
 0003:000013cc       _gpFlsGetValue             1000e3cc     LIBCMT:tidtable.obj
 0003:000013d0       _gpFlsSetValue             1000e3d0     LIBCMT:tidtable.obj
 0003:000013d4       _gpFlsFree                 1000e3d4     LIBCMT:tidtable.obj
 0003:000013d8       __maxwait                  1000e3d8     LIBCMT:crtheap.obj
 0003:000013dc       __umaskval                 1000e3dc     LIBCMT:crt0dat.obj
 0003:000013e0       ___argc                    1000e3e0     LIBCMT:crt0dat.obj
 0003:000013e4       ___argv                    1000e3e4     LIBCMT:crt0dat.obj
 0003:000013e8       ___wargv                   1000e3e8     LIBCMT:crt0dat.obj
 0003:000013ec       __environ                  1000e3ec     LIBCMT:crt0dat.obj
 0003:000013f0       ___initenv                 1000e3f0     LIBCMT:crt0dat.obj
 0003:000013f4       __wenviron                 1000e3f4     LIBCMT:crt0dat.obj
 0003:000013f8       ___winitenv                1000e3f8     LIBCMT:crt0dat.obj
 0003:000013fc       __pgmptr                   1000e3fc     LIBCMT:crt0dat.obj
 0003:00001400       __wpgmptr                  1000e400     LIBCMT:crt0dat.obj
 0003:00001404       __exitflag                 1000e404     LIBCMT:crt0dat.obj
 0003:00001408       __C_Termination_Done       1000e408     LIBCMT:crt0dat.obj
 0003:0000140c       __C_Exit_Done              1000e40c     LIBCMT:crt0dat.obj
 0003:0000151c       ?__pInconsistency@@3P6AXXZA 1000e51c     LIBCMT:hooks.obj
 0003:00001520       __cflush                   1000e520     LIBCMT:_file.obj
 0003:00001528       ___mbulinfo                1000e528     LIBCMT:mbctype.obj
 0003:00001534       ___mbcodepage              1000e534     LIBCMT:mbctype.obj
 0003:00001538       ___ismbcodepage            1000e538     LIBCMT:mbctype.obj
 0003:0000153c       ___mblcid                  1000e53c     LIBCMT:mbctype.obj
 0003:00001540       ___locale_changed          1000e540     LIBCMT:setlocal.obj
 0003:00001544       ___lc_handle               1000e544     LIBCMT:nlsdata2.obj
 0003:0000155c       ___lc_codepage             1000e55c     LIBCMT:nlsdata2.obj
 0003:00001560       ___lc_collate_cp           1000e560     LIBCMT:nlsdata2.obj
 0003:0000187c       __newmode                  1000e87c     LIBCMT:_newmode.obj
 0003:00001898       ?pArgList@UnDecorator@@0PAVReplicator@@A 1000e898     LIBCMT:undname.obj
 0003:0000189c       ?pZNameList@UnDecorator@@0PAVReplicator@@A 1000e89c     LIBCMT:undname.obj
 0003:000018a0       ?pTemplateArgList@UnDecorator@@0PAVReplicator@@A 1000e8a0     LIBCMT:undname.obj
 0003:000018a4       ?gName@UnDecorator@@0PBDB  1000e8a4     LIBCMT:undname.obj
 0003:000018a8       ?name@UnDecorator@@0PBDB   1000e8a8     LIBCMT:undname.obj
 0003:000018ac       ?outputString@UnDecorator@@0PADA 1000e8ac     LIBCMT:undname.obj
 0003:000018b0       ?maxStringLength@UnDecorator@@0HA 1000e8b0     LIBCMT:undname.obj
 0003:000018b4       ?disableFlags@UnDecorator@@0KA 1000e8b4     LIBCMT:undname.obj
 0003:000018b8       ?m_pGetParameter@UnDecorator@@0P6APADJ@ZA 1000e8b8     LIBCMT:undname.obj
 0003:000018bc       ?fExplicitTemplateParams@UnDecorator@@0_NA 1000e8bc     LIBCMT:undname.obj
 0003:000018bd       ?fGetTemplateArgumentList@UnDecorator@@0_NA 1000e8bd     LIBCMT:undname.obj
 0003:000018e0       ___pPurecall               1000e8e0     LIBCMT:inithelp.obj
 0003:000018ec       ___lconv_static_null       1000e8ec     LIBCMT:lconv.obj
 0003:000018f0       __stdbuf                   1000e8f0     LIBCMT:_sftbuf.obj
 0003:000019c8       ?isNeedReplay@@3HA         1000e9c8     BattleReplay.obj
 0003:000019cc       ?_PI@@3PAVPatcherInstance@@A 1000e9cc     BattleReplay.obj
 0003:000019d0       ?_P@@3PAVPatcher@@A        1000e9d0     BattleReplay.obj
 0003:000019d4       ?ifCanReplay@@3HA          1000e9d4     BattleReplay.obj
 0003:000019d8       ?hAngel@Era@@3PAUHINSTANCE__@@A 1000e9d8     BattleReplay.obj
 0003:000019dc       ?hEra@Era@@3PAUHINSTANCE__@@A 1000e9dc     BattleReplay.obj
 0003:000019e0       ?myString@@3PADA           1000e9e0     BattleReplay.obj
 0003:00001de0       ?EventParams@Era@@3PAY0BA@HA 1000ede0     BattleReplay.obj
 0003:00001de4       ?ApiHook@Era@@3P6GPAXPAXH0@ZA 1000ede4     BattleReplay.obj
 0003:00001de8       ?ClearAllIniCache@Era@@3P6GXXZA 1000ede8     BattleReplay.obj
 0003:00001dec       ?ClearIniCache@Era@@3P6GXPBD@ZA 1000edec     BattleReplay.obj
 0003:00001df0       ?ExecErmCmd@Era@@3P6GXPBD@ZA 1000edf0     BattleReplay.obj
 0003:00001df4       ?ExtractErm@Era@@3P6GXXZA  1000edf4     BattleReplay.obj
 0003:00001df8       ?FatalError@Era@@3P6GXPBD@ZA 1000edf8     BattleReplay.obj
 0003:00001dfc       ?FireErmEvent@Era@@3P6GXH@ZA 1000edfc     BattleReplay.obj
 0003:00001e00       ?FireEvent@Era@@3P6GXPBDPAXH@ZA 1000ee00     BattleReplay.obj
 0003:00001e04       ?GetButtonID@Era@@3P6GHPBD@ZA 1000ee04     BattleReplay.obj
 0003:00001e08       ?GetEraVersion@Era@@3P6GPBDXZA 1000ee08     BattleReplay.obj
 0003:00001e0c       ?GetVersionNum@Era@@3P6GHXZA 1000ee0c     BattleReplay.obj
 0003:00001e10       ?GetGameState@Era@@3P6GXPAUTGameState@1@@ZA 1000ee10     BattleReplay.obj
 0003:00001e14       ?GetRealAddr@Era@@3P6GPAXPAX@ZA 1000ee14     BattleReplay.obj
 0003:00001e18       ?GlobalRedirectFile@Era@@3P6GXXZA 1000ee18     BattleReplay.obj
 0003:00001e1c       ?Hook@Era@@3P6GPAXPAXHH0@ZA 1000ee1c     BattleReplay.obj
 0003:00001e20       ?HookCode@Era@@3P6GPAXPAXP6GHPAUTHookContext@1@@ZPAPAX@ZA 1000ee20     BattleReplay.obj
 0003:00001e24       ?LoadImageAsPcx16@Era@@3P6GPAXPBD0HHHHH@ZA 1000ee24     BattleReplay.obj
 0003:00001e28       ?LoadTxt@Era@@3P6GPAXPBD@ZA 1000ee28     BattleReplay.obj
 0003:00001e2c       ?MemFree@Era@@3P6GXPBX@ZA  1000ee2c     BattleReplay.obj
 0003:00001e30       ?NameColor@Era@@3P6GXHPBD@ZA 1000ee30     BattleReplay.obj
 0003:00001e34       ?NotifyError@Era@@3P6GXPBD@ZA 1000ee34     BattleReplay.obj
 0003:00001e38       ?PatchExists@Era@@3P6G_NPBD@ZA 1000ee38     BattleReplay.obj
 0003:00001e3c       ?PluginExists@Era@@3P6G_NPBD@ZA 1000ee3c     BattleReplay.obj
 0003:00001e40       ?ReadSavegameSection@Era@@3P6GHHPAXPBD@ZA 1000ee40     BattleReplay.obj
 0003:00001e44       ?ReadStrFromIni@Era@@3P6G_NPBD00PAD@ZA 1000ee44     BattleReplay.obj
 0003:00001e48       ?RecallAPI@Era@@3P6GHPAUTHookContext@1@H@ZA 1000ee48     BattleReplay.obj
 0003:00001e4c       ?RedirectFile@Era@@3P6GXXZA 1000ee4c     BattleReplay.obj
 0003:00001e50       ?RedirectMemoryBlock@Era@@3P6GXPAXH0@ZA 1000ee50     BattleReplay.obj
 0003:00001e54       ?RegisterHandler@Era@@3P6GXP6GXPAUTEvent@1@@ZPBD@ZA 1000ee54     BattleReplay.obj
 0003:00001e58       ?ReloadErm@Era@@3P6GXXZA   1000ee58     BattleReplay.obj
 0003:00001e5c       ?ReportPluginVersion@Era@@3P6GXPBD@ZA 1000ee5c     BattleReplay.obj
 0003:00001e60       ?RestoreEventParams@Era@@3P6GXXZA 1000ee60     BattleReplay.obj
 0003:00001e64       ?SaveEventParams@Era@@3P6GXXZA 1000ee64     BattleReplay.obj
 0003:00001e68       ?SaveIni@Era@@3P6G_NPBD@ZA 1000ee68     BattleReplay.obj
 0003:00001e6c       ?Splice@Era@@3P6GPAXPAX0HHPAHPAPAX@ZA 1000ee6c     BattleReplay.obj
 0003:00001e70       ?ToStaticStr@Era@@3P6GPADPBD@ZA 1000ee70     BattleReplay.obj
 0003:00001e74       ?_tr@Era@@3P6GPADPBDPAPBDH@ZA 1000ee74     BattleReplay.obj
 0003:00001e78       ?WriteAtCode@Era@@3P6GXHPAX0@ZA 1000ee78     BattleReplay.obj
 0003:00001e7c       ?WriteSavegameSection@Era@@3P6GXHPAXPBD@ZA 1000ee7c     BattleReplay.obj
 0003:00001e80       ?WriteStrToIni@Era@@3P6G_NPBD000@ZA 1000ee80     BattleReplay.obj
 0003:00001e84       ?GetDefaultMsgBoxItId@Era@@3P6GHXZA 1000ee84     BattleReplay.obj
 0003:00001e88       ?GetMaskMsgBoxItId@Era@@3P6GHXZA 1000ee88     BattleReplay.obj
 0003:00001e8c       ?calls_count@?1??GetPatcher@@YAPAVPatcher@@XZ@4HA 1000ee8c     BattleReplay.obj
 0003:00001e94       ___piob                    1000ee94     <common>
 0003:00001ea0       __bufin                    1000eea0     <common>
 0003:00002ea0       __nstream                  1000fea0     <common>
 0003:00002ea4       ___sse2_available          1000fea4     <common>
 0003:00002ea8       __debugger_hook_dummy      1000fea8     <common>
 0003:00002eac       __nhandle                  1000feac     <common>
 0003:00002ec0       ___pioinfo                 1000fec0     <common>
 0003:00002fc0       ___env_initialized         1000ffc0     <common>
 0003:00002fc4       ___onexitend               1000ffc4     <common>
 0003:00002fc8       ___onexitbegin             1000ffc8     <common>
 0003:00002fcc       ___mbctype_initialized     1000ffcc     <common>
 0003:00002fd0       __FPinit                   1000ffd0     <common>
 0003:00002fd4       ___dyn_tls_init_callback   1000ffd4     <common>
 0003:00002fd8       ___sbh_cntHeaderList       1000ffd8     <common>
 0003:00002fdc       ___sbh_pHeaderList         1000ffdc     <common>
 0003:00002fe0       ___sbh_threshold           1000ffe0     <common>
 0003:00002fe4       ___sbh_pHeaderScan         1000ffe4     <common>
 0003:00002fe8       ___sbh_sizeHeaderList      1000ffe8     <common>
 0003:00002fec       ___sbh_indGroupDefer       1000ffec     <common>
 0003:00002ff0       ___active_heap             1000fff0     <common>
 0003:00002ff4       __acmdln                   1000fff4     <common>

 entry point at        0001:00000e5e

 Static symbols

 0001:00000d68       ___DllMainCRTStartup       10001d68 f   LIBCMT:dllcrt0.obj
 0001:00002b08       __onexit_nolock            10003b08 f   LIBCMT:onexit.obj
 0001:00003417       __initterm                 10004417 f   LIBCMT:crt0dat.obj
 0001:000034dd       _doexit                    100044dd f   LIBCMT:crt0dat.obj
 0001:000039fc       _parse_cmdline             100049fc f   LIBCMT:stdargv.obj
 0001:000040e4       _fastcopy_I                100050e4 f   LIBCMT:p4_memcpy.obj
 0001:0000424e       _has_osfxsr_set            1000524e f   LIBCMT:cpu_disp.obj
 0001:00004de6       ?CPtoLCID@@YAHH@Z          10005de6 f   LIBCMT:mbctype.obj
 0001:00004e15       ?setSBCS@@YAXPAUthreadmbcinfostruct@@@Z 10005e15 f   LIBCMT:mbctype.obj
 0001:00004e79       ?setSBUpLow@@YAXPAUthreadmbcinfostruct@@@Z 10005e79 f   LIBCMT:mbctype.obj
 0001:000050b0       ?getSystemCP@@YAHH@Z       100060b0 f   LIBCMT:mbctype.obj
 0001:0000573a       __updatetlocinfoEx_nolock  1000673a f   LIBCMT:setlocal.obj
 0001:00005bd8       __unwind_handler4          10006bd8 f   LIBCMT:exsup4.obj
 0001:00005ded       _fastzero_I                10006ded f   LIBCMT:p4_memset.obj
 0001:000062cd       _siglookup                 100072cd f   LIBCMT:winsig.obj
 0001:000064df       ?x_ismbbtype_l@@YAHPAUlocaleinfo_struct@@IHH@Z 100074df f   LIBCMT:ismbbyte.obj
 0001:00006684       __unwind_handler           10007684 f   LIBCMT:exsup.obj
 0001:00006cda       _flsall                    10007cda f   LIBCMT:fflush.obj
 0001:00006ddd       ?__crtLCMapStringA_stat@@YAHPAUlocaleinfo_struct@@KKPBDHPADHHH@Z 10007ddd f   LIBCMT:a_map.obj
 0001:000071c7       ?__crtGetStringTypeA_stat@@YAHPAUlocaleinfo_struct@@KPBDHPAGHHH@Z 100081c7 f   LIBCMT:a_str.obj
 0001:000077e9       ?strtoxl@@YAKPAUlocaleinfo_struct@@PBDPAPBDHH@Z 100087e9 f   LIBCMT:strtol.obj
